/* -*- Mode: c -*- */
####################################################################################################
Core 0
####################################################################################################
Cumulative:        Cycles: 14210808              Instructions: 30000000              IPC: 2.11107

Periodic:          Cycles: 4580279               Instructions: 9999995               IPC: 2.18327

MISS_WAIT_TIME                            243142644004                   445971360493              

ICACHE_STAGE_MISS                                20574                          62517              

ICACHE_CYCLE                                   4580279                       14210808              

TCACHE_CYCLE                                         0                              0              

ICACHE_SERVING_CYCLE_ON_PATH                   1668310                        4834007              

ICACHE_SERVING_CYCLE_OFF_PATH                   396961                        1153223              

UCACHE_SERVING_CYCLE_ON_PATH                   1496214                        5001018              

UCACHE_SERVING_CYCLE_OFF_PATH                   725419                        2232416              

ICACHE_CYCLE_ONPATH                            3415230       74.564%         10661525       75.024%
ICACHE_CYCLE_OFFPATH                           1165049       25.436%          3549283       24.976%
                                               4580279      100.000%         14210808      100.000%
                                                  0.25         0.40              0.25         0.40

FETCH_ON_PATH                                  3444820       75.210%         10773415       75.811%
FETCH_OFF_PATH                                 1135459       24.790%          3437393       24.189%
                                               4580279      100.000%         14210808      100.000%
                                                  0.25         0.39              0.24         0.39

FETCHED_OPS_ON_PATH                                  0         -nan%                0         -nan%
FETCHED_OPS_OFF_PATH                                 0         -nan%                0         -nan%
                                                     0         -nan%                0         -nan%
                                                  -nan         -nan              -nan         -nan

INST_LOST_FETCH                               11376573       37.784%         34131282       36.296%
INST_LOST_OFF_PATH                             4607783       15.304%         13442892       14.296%
INST_LOST_FULL_WINDOW                           844612        2.805%          2636154        2.803%
INST_LOST_ROB_STALL_OTHER                      7639860       25.374%         24147552       25.679%
INST_LOST_ROB_STALL_WAIT_FOR_RECOVERY                0        0.000%                0        0.000%
INST_LOST_ROB_STALL_WAIT_FOR_REDIRECT                0        0.000%                0        0.000%
INST_LOST_ROB_STALL_WAIT_FOR_GAP_FILL                0        0.000%                0        0.000%
INST_LOST_ROB_STALL_WAIT_FOR_L1_MISS                 0        0.000%                0        0.000%
INST_LOST_ROB_STALL_WAIT_FOR_MEMORY                  0        0.000%            15272        0.016%
INST_LOST_ROB_STALL_WAIT_FOR_DC_MISS            214328        0.712%          2220330        2.361%
INST_LOST_ROB_BLOCK_ISSUE_FULL                       0        0.000%                0        0.000%
INST_LOST_ROB_BLOCK_ISSUE_GAP_TOO_LARGE              0        0.000%                0        0.000%
INST_LOST_BREAK_DONT                                 0        0.000%                0        0.000%
INST_LOST_BREAK_FT_UNAVAILABLE                  741063        2.461%          2319916        2.467%
INST_LOST_BREAK_ICACHE_STAGE_RESTEER             28711        0.095%            93693        0.100%
INST_LOST_BREAK_ICACHE_MISS_REQ_SUCCESS          94035        0.312%           278480        0.296%
INST_LOST_BREAK_ICACHE_MISS_REQ_FAILURE            706        0.002%             4935        0.005%
INST_LOST_BREAK_ICACHE_WAIT_FOR_MISS            935967        3.109%          3372088        3.586%
INST_LOST_BREAK_ICACHE_STALLED                  483148        1.605%          1289872        1.372%
INST_LOST_BREAK_ICACHE_TO_UOP_CACHE_SWITCH        415300        1.379%          1182224        1.257%
INST_LOST_BREAK_ICACHE_READ_LIMIT               360000        1.196%          1137056        1.209%
INST_LOST_BREAK_ICACHE_ISSUE_WIDTH                   0        0.000%                0        0.000%
INST_LOST_BREAK_UOP_CACHE_STALLED               799328        2.655%          2831568        3.011%
INST_LOST_BREAK_UOP_CACHE_TO_ICACHE_SWITCH        553476        1.838%          1582099        1.682%
INST_LOST_BREAK_UOP_CACHE_READ_LIMIT           1014284        3.369%          3349693        3.562%
INST_LOST_BREAK_UOP_CACHE_ISSUE_WIDTH                0        0.000%                0        0.000%
                                              30109174      100.000%         94035106      100.000%
                                                  4.55         6.75              4.80         6.80

INST_LOST_TOTAL                               31927854                       99804928              

INST_LOST_WAIT_FOR_ICACHE_MISS_NOT_PREFETCHED           306        0.035%           140574        4.571%
INST_LOST_WAIT_FOR_ICACHE_MISS_PREFETCHED_AND_EVICTED_BY_IFETCH             0        0.000%                0        0.000%
INST_LOST_WAIT_FOR_ICACHE_MISS_PREFETCHED_AND_EVICTED_BY_FDIP             0        0.000%                0        0.000%
INST_LOST_WAIT_FOR_ICACHE_MISS_MSHR_HIT_PREF_OFFPATH          3918        0.454%            33468        1.088%
INST_LOST_WAIT_FOR_ICACHE_MISS_MSHR_HIT_PREF_ONPATH        857868       99.510%          2901156       94.340%
                                                862092      100.000%          3075198      100.000%
                                                  3.99         3.98              3.81         3.70

FETCH_0_OPS                                     287971        6.287%           971953        6.840%
FETCH_1_OPS                                     169079        3.691%           466266        3.281%
FETCH_2_OPS                                     122361        2.671%           382549        2.692%
FETCH_3_OPS                                     186051        4.062%           596665        4.199%
FETCH_4_OPS                                     228771        4.995%           713365        5.020%
FETCH_5_OPS                                     186720        4.077%           630106        4.434%
FETCH_6_OPS                                    1687722       36.848%          4883679       34.366%
FETCH_7_OPS                                     137966        3.012%           493919        3.476%
FETCH_8_OPS                                    1573638       34.357%          5072306       35.693%
FETCH_9_OPS                                          0        0.000%                0        0.000%
FETCH_10_OPS                                         0        0.000%                0        0.000%
FETCH_11_OPS                                         0        0.000%                0        0.000%
FETCH_12_OPS                                         0        0.000%                0        0.000%
FETCH_13_OPS                                         0        0.000%                0        0.000%
FETCH_14_OPS                                         0        0.000%                0        0.000%
FETCH_15_OPS                                         0        0.000%                0        0.000%
FETCH_16_OPS                                         0        0.000%                0        0.000%
                                               4580279      100.000%         14210808      100.000%
                                                  5.79         1.86              5.80         1.86

ST_BREAK_DONT                                        0        0.000%                0        0.000%
ST_BREAK_FT_UNAVAILABLE                         126892        2.770%           398044        2.801%
ST_BREAK_ICACHE_STAGE_RESTEER                     7629        0.167%            24257        0.171%
ST_BREAK_ICACHE_MISS_REQ_SUCCESS                 20574        0.449%            62517        0.440%
ST_BREAK_ICACHE_MISS_REQ_FAILURE                   119        0.003%              848        0.006%
ST_BREAK_ICACHE_WAIT_FOR_MISS                   156016        3.406%           562084        3.955%
ST_BREAK_ICACHE_STALLED                         770733       16.827%          2239421       15.759%
ST_BREAK_ICACHE_TO_UOP_CACHE_SWITCH             138523        3.024%           393415        2.768%
ST_BREAK_ICACHE_READ_LIMIT                      143293        3.128%           439262        3.091%
ST_BREAK_ICACHE_ISSUE_WIDTH                    1000027       21.833%          2843926       20.012%
ST_BREAK_UOP_CACHE_STALLED                      893550       19.509%          3173004       22.328%
ST_BREAK_UOP_CACHE_TO_ICACHE_SWITCH             127205        2.777%           361072        2.541%
ST_BREAK_UOP_CACHE_READ_LIMIT                   293458        6.407%           966781        6.803%
ST_BREAK_UOP_CACHE_ISSUE_WIDTH                  902260       19.699%          2746177       19.325%
                                               4580279      100.000%         14210808      100.000%
                                                  9.24         5.00              9.27         4.98

ORACLE_ON_PATH_INST                           11376573       71.173%         34131282       71.743%
ORACLE_OFF_PATH_INST                           4607783       28.827%         13442892       28.257%
                                              15984356      100.000%         47574174      100.000%
                                                  0.29         0.41              0.28         0.41

ORACLE_ON_PATH_INST_MEM                        4487580       28.075%         13373604       28.111%
ORACLE_ON_PATH_INST_NOTMEM                     6888993       43.098%         20757678       43.632%
ORACLE_OFF_PATH_INST_MEM                       1771753       11.084%          5048394       10.612%
ORACLE_OFF_PATH_INST_NOTMEM                    2836030       17.743%          8394498       17.645%
                                              15984356      100.000%         47574174      100.000%
                                                  1.18         0.96              1.18         0.96

ICACHE_CYCLE_NONRA_ONPATH                            0         -nan%                0         -nan%
ICACHE_CYCLE_NONRA_OFFPATH                           0         -nan%                0         -nan%
ICACHE_CYCLE_RA_ONPATH                               0         -nan%                0         -nan%
ICACHE_CYCLE_RA_OFFPATH                              0         -nan%                0         -nan%
                                                     0         -nan%                0         -nan%
                                                  -nan         -nan              -nan         -nan

ICACHE_CYCLE_ONPATH_NONRA                            0         -nan%                0         -nan%
ICACHE_CYCLE_OFFPATH_NONRA                           0         -nan%                0         -nan%
                                                     0         -nan%                0         -nan%
                                                  -nan         -nan              -nan         -nan

ICACHE_CYCLE_ONPATH_RA                               0         -nan%                0         -nan%
ICACHE_CYCLE_OFFPATH_RA                              0         -nan%                0         -nan%
                                                     0         -nan%                0         -nan%
                                                  -nan         -nan              -nan         -nan

INACCURATE_OFFPATH_CYCLES                            0        0.0000                0        0.0000

FETCH_ALL_INST                                15984356                       47574174              

EXEC_ALL_INST                                 12352991                       36836569              

RET_ALL_INST                                  11376997                       34131282              

EXEC_ON_PATH_INST                             11376856       92.098%         34131282       92.656%
EXEC_OFF_PATH_INST                              976135        7.902%          2705287        7.344%
                                              12352991      100.000%         36836569      100.000%
                                                  0.08         0.26              0.07         0.25

EXEC_ON_PATH_INST_MEM                          4487715       36.329%         13373604       36.305%
EXEC_ON_PATH_INST_NOTMEM                       6889141       55.769%         20757678       56.351%
EXEC_OFF_PATH_INST_MEM                          315524        2.554%           860607        2.336%
EXEC_OFF_PATH_INST_NOTMEM                       660611        5.348%          1844680        5.008%
                                              12352991      100.000%         36836569      100.000%
                                                  0.77         0.61              0.76         0.59

EXEC_RA_INST                                         0         -nan%                0         -nan%
EXEC_NONRA_INST                                      0         -nan%                0         -nan%
                                                     0         -nan%                0         -nan%
                                                  -nan         -nan              -nan         -nan

EXEC_ON_PATH_INST_RA                                 0         -nan%                0         -nan%
EXEC_OFF_PATH_INST_RA                                0         -nan%                0         -nan%
                                                     0         -nan%                0         -nan%
                                                  -nan         -nan              -nan         -nan

EXEC_ON_PATH_INST_NONRA                              0         -nan%                0         -nan%
EXEC_OFF_PATH_INST_NONRA                             0         -nan%                0         -nan%
                                                     0         -nan%                0         -nan%
                                                  -nan         -nan              -nan         -nan

EXEC_RA_ON_PATH_INST                                 0         -nan%                0         -nan%
EXEC_RA_OFF_PATH_INST                                0         -nan%                0         -nan%
EXEC_NONRA_ON_PATH_INST                              0         -nan%                0         -nan%
EXEC_NONRA_OFF_PATH_INST                             0         -nan%                0         -nan%
                                                     0         -nan%                0         -nan%
                                                  -nan         -nan              -nan         -nan

ICACHE_THROTTLE_CYCLE                                0                              0              

FETCH_ENABLE_THROTTLE_OFF_PATH                       0         -nan%                0         -nan%
FETCH_ENABLE_THROTTLE_ON_PATH                        0         -nan%                0         -nan%
                                                     0         -nan%                0         -nan%
                                                  -nan         -nan              -nan         -nan

FETCH_DISABLE_THROTTLE_OFF_PATH                      0         -nan%                0         -nan%
FETCH_DISABLE_THROTTLE_ON_PATH                       0         -nan%                0         -nan%
                                                     0         -nan%                0         -nan%
                                                  -nan         -nan              -nan         -nan

FETCH_TH_ADJUST__0                                   0         -nan%                0         -nan%
FETCH_TH_ADJUST__1                                   0         -nan%                0         -nan%
FETCH_TH_ADJUST__2                                   0         -nan%                0         -nan%
FETCH_TH_ADJUST__3                                   0         -nan%                0         -nan%
FETCH_TH_ADJUST__4                                   0         -nan%                0         -nan%
FETCH_TH_ADJUST__5                                   0         -nan%                0         -nan%
FETCH_TH_ADJUST__6                                   0         -nan%                0         -nan%
FETCH_TH_ADJUST__7                                   0         -nan%                0         -nan%
FETCH_TH_ADJUST__8                                   0         -nan%                0         -nan%
FETCH_TH_ADJUST__9                                   0         -nan%                0         -nan%
FETCH_TH_ADJUST__MAX                                 0         -nan%                0         -nan%
                                                     0         -nan%                0         -nan%
                                                  -nan         -nan              -nan         -nan

FETCH_TH_ADJUST_UP                                   0         -nan%                0         -nan%
FETCH_TH_ADJUST_DOWN                                 0         -nan%                0         -nan%
FETCH_TH_ADJUST_SAME                                 0         -nan%                0         -nan%
                                                     0         -nan%                0         -nan%
                                                  -nan         -nan              -nan         -nan

THROTTLE_ADJUST_CACHE_MISS_INFO                      0                              0              

LOW_CONF_COUNT_BP_MIS_0                              0         -nan%                0         -nan%
LOW_CONF_COUNT_BP_MIS_1                              0         -nan%                0         -nan%
LOW_CONF_COUNT_BP_MIS_2                              0         -nan%                0         -nan%
LOW_CONF_COUNT_BP_MIS_3                              0         -nan%                0         -nan%
LOW_CONF_COUNT_BP_MIS_4                              0         -nan%                0         -nan%
LOW_CONF_COUNT_BP_MIS_5                              0         -nan%                0         -nan%
LOW_CONF_COUNT_BP_MIS_6                              0         -nan%                0         -nan%
LOW_CONF_COUNT_BP_MIS_7                              0         -nan%                0         -nan%
LOW_CONF_COUNT_BP_MIS_8                              0         -nan%                0         -nan%
LOW_CONF_COUNT_BP_MIS_9                              0         -nan%                0         -nan%
LOW_CONF_COUNT_BP_MIS_10                             0         -nan%                0         -nan%
LOW_CONF_COUNT_BP_MIS_11                             0         -nan%                0         -nan%
LOW_CONF_COUNT_BP_MIS_12                             0         -nan%                0         -nan%
LOW_CONF_COUNT_BP_MIS_13                             0         -nan%                0         -nan%
LOW_CONF_COUNT_BP_MIS_14                             0         -nan%                0         -nan%
LOW_CONF_COUNT_BP_MIS_15                             0         -nan%                0         -nan%
LOW_CONF_COUNT_BP_MIS_16                             0         -nan%                0         -nan%
LOW_CONF_COUNT_BP_MIS_17                             0         -nan%                0         -nan%
LOW_CONF_COUNT_BP_MIS_18                             0         -nan%                0         -nan%
LOW_CONF_COUNT_BP_MIS_19                             0         -nan%                0         -nan%
LOW_CONF_COUNT_BP_MIS_20                             0         -nan%                0         -nan%
                                                     0         -nan%                0         -nan%
                                                  -nan         -nan              -nan         -nan

LOW_CONF_COUNT_RET_0                                 0         -nan%                0         -nan%
LOW_CONF_COUNT_RET_1                                 0         -nan%                0         -nan%
LOW_CONF_COUNT_RET_2                                 0         -nan%                0         -nan%
LOW_CONF_COUNT_RET_3                                 0         -nan%                0         -nan%
LOW_CONF_COUNT_RET_4                                 0         -nan%                0         -nan%
LOW_CONF_COUNT_RET_5                                 0         -nan%                0         -nan%
LOW_CONF_COUNT_RET_6                                 0         -nan%                0         -nan%
LOW_CONF_COUNT_RET_7                                 0         -nan%                0         -nan%
LOW_CONF_COUNT_RET_8                                 0         -nan%                0         -nan%
LOW_CONF_COUNT_RET_9                                 0         -nan%                0         -nan%
LOW_CONF_COUNT_RET_10                                0         -nan%                0         -nan%
LOW_CONF_COUNT_RET_11                                0         -nan%                0         -nan%
LOW_CONF_COUNT_RET_12                                0         -nan%                0         -nan%
LOW_CONF_COUNT_RET_13                                0         -nan%                0         -nan%
LOW_CONF_COUNT_RET_14                                0         -nan%                0         -nan%
LOW_CONF_COUNT_RET_15                                0         -nan%                0         -nan%
LOW_CONF_COUNT_RET_16                                0         -nan%                0         -nan%
LOW_CONF_COUNT_RET_17                                0         -nan%                0         -nan%
LOW_CONF_COUNT_RET_18                                0         -nan%                0         -nan%
LOW_CONF_COUNT_RET_19                                0         -nan%                0         -nan%
LOW_CONF_COUNT_RET_20                                0         -nan%                0         -nan%
                                                     0         -nan%                0         -nan%
                                                  -nan         -nan              -nan         -nan

CYCLES_RESTEER_RECOVER_AT_EXEC                       0         -nan%                0         -nan%
CYCLES_RESTEER_RECOVER_AT_DECODE                     0         -nan%                0         -nan%
CYCLES_RESTEER_BTB_MISS                              0         -nan%                0         -nan%
                                                     0         -nan%                0         -nan%
                                                  -nan         -nan              -nan         -nan

CYCLES_RESTEER_RECOVER_AT_EXEC_SAVED_UC_FETCH             0         -nan%                0         -nan%
CYCLES_RESTEER_RECOVER_AT_EXEC_COULD_BE_SAVED_UC_FETCH             0         -nan%                0         -nan%
CYCLES_RESTEER_RECOVER_AT_DECODE_SAVED_UC_FETCH             0         -nan%                0         -nan%
CYCLES_RESTEER_RECOVER_AT_DECODE_COULD_BE_SAVED_UC_FETCH             0         -nan%                0         -nan%
CYCLES_RESTEER_BTB_MISS_SAVED_UC_FETCH               0         -nan%                0         -nan%
CYCLES_RESTEER_BTB_MISS_COULD_BE_SAVED_UC_FETCH             0         -nan%                0         -nan%
                                                     0         -nan%                0         -nan%
                                                  -nan         -nan              -nan         -nan

CYCLES_UOC_IC_SWITCH                                 0                              0              



