               ramulator.active_cycles_0             4633136                                      # Total active cycles for level _0
                 ramulator.busy_cycles_0             4633136                                      # (All-bank refresh only. busy cycles only include refresh time in rank level) The sum of cycles that the DRAM part is active or under refresh for level _0
            ramulator.serving_requests_0            11785488                                      # The sum of read and write requests that are served in this DRAM element per memory cycle for level _0
    ramulator.average_serving_requests_0            1.354992                                      # The average of read and write requests that are served in this DRAM element per memory cycle for level _0
             ramulator.active_cycles_0_0             4633136                                      # Total active cycles for level _0_0
               ramulator.busy_cycles_0_0             4946456                                      # (All-bank refresh only. busy cycles only include refresh time in rank level) The sum of cycles that the DRAM part is active or under refresh for level _0_0
          ramulator.serving_requests_0_0            11785488                                      # The sum of read and write requests that are served in this DRAM element per memory cycle for level _0_0
  ramulator.average_serving_requests_0_0            1.354992                                      # The average of read and write requests that are served in this DRAM element per memory cycle for level _0_0
           ramulator.active_cycles_0_0_0             1543252                                      # Total active cycles for level _0_0_0
             ramulator.busy_cycles_0_0_0             1543252                                      # (All-bank refresh only. busy cycles only include refresh time in rank level) The sum of cycles that the DRAM part is active or under refresh for level _0_0_0
        ramulator.serving_requests_0_0_0             2958046                                      # The sum of read and write requests that are served in this DRAM element per memory cycle for level _0_0_0
ramulator.average_serving_requests_0_0_0            0.340090                                      # The average of read and write requests that are served in this DRAM element per memory cycle for level _0_0_0
         ramulator.active_cycles_0_0_0_0              434231                                      # Total active cycles for level _0_0_0_0
           ramulator.busy_cycles_0_0_0_0              434231                                      # (All-bank refresh only. busy cycles only include refresh time in rank level) The sum of cycles that the DRAM part is active or under refresh for level _0_0_0_0
      ramulator.serving_requests_0_0_0_0              745640                                      # The sum of read and write requests that are served in this DRAM element per memory cycle for level _0_0_0_0
ramulator.average_serving_requests_0_0_0_0            0.085727                                      # The average of read and write requests that are served in this DRAM element per memory cycle for level _0_0_0_0
         ramulator.active_cycles_0_0_0_1              444922                                      # Total active cycles for level _0_0_0_1
           ramulator.busy_cycles_0_0_0_1              444922                                      # (All-bank refresh only. busy cycles only include refresh time in rank level) The sum of cycles that the DRAM part is active or under refresh for level _0_0_0_1
      ramulator.serving_requests_0_0_0_1              761845                                      # The sum of read and write requests that are served in this DRAM element per memory cycle for level _0_0_0_1
ramulator.average_serving_requests_0_0_0_1            0.087590                                      # The average of read and write requests that are served in this DRAM element per memory cycle for level _0_0_0_1
         ramulator.active_cycles_0_0_0_2              405377                                      # Total active cycles for level _0_0_0_2
           ramulator.busy_cycles_0_0_0_2              405377                                      # (All-bank refresh only. busy cycles only include refresh time in rank level) The sum of cycles that the DRAM part is active or under refresh for level _0_0_0_2
      ramulator.serving_requests_0_0_0_2              725245                                      # The sum of read and write requests that are served in this DRAM element per memory cycle for level _0_0_0_2
ramulator.average_serving_requests_0_0_0_2            0.083382                                      # The average of read and write requests that are served in this DRAM element per memory cycle for level _0_0_0_2
         ramulator.active_cycles_0_0_0_3              409492                                      # Total active cycles for level _0_0_0_3
           ramulator.busy_cycles_0_0_0_3              409492                                      # (All-bank refresh only. busy cycles only include refresh time in rank level) The sum of cycles that the DRAM part is active or under refresh for level _0_0_0_3
      ramulator.serving_requests_0_0_0_3              725316                                      # The sum of read and write requests that are served in this DRAM element per memory cycle for level _0_0_0_3
ramulator.average_serving_requests_0_0_0_3            0.083390                                      # The average of read and write requests that are served in this DRAM element per memory cycle for level _0_0_0_3
           ramulator.active_cycles_0_0_1             1552352                                      # Total active cycles for level _0_0_1
             ramulator.busy_cycles_0_0_1             1552352                                      # (All-bank refresh only. busy cycles only include refresh time in rank level) The sum of cycles that the DRAM part is active or under refresh for level _0_0_1
        ramulator.serving_requests_0_0_1             2886706                                      # The sum of read and write requests that are served in this DRAM element per memory cycle for level _0_0_1
ramulator.average_serving_requests_0_0_1            0.331888                                      # The average of read and write requests that are served in this DRAM element per memory cycle for level _0_0_1
         ramulator.active_cycles_0_0_1_0              401347                                      # Total active cycles for level _0_0_1_0
           ramulator.busy_cycles_0_0_1_0              401347                                      # (All-bank refresh only. busy cycles only include refresh time in rank level) The sum of cycles that the DRAM part is active or under refresh for level _0_0_1_0
      ramulator.serving_requests_0_0_1_0              712739                                      # The sum of read and write requests that are served in this DRAM element per memory cycle for level _0_0_1_0
ramulator.average_serving_requests_0_0_1_0            0.081944                                      # The average of read and write requests that are served in this DRAM element per memory cycle for level _0_0_1_0
         ramulator.active_cycles_0_0_1_1              455636                                      # Total active cycles for level _0_0_1_1
           ramulator.busy_cycles_0_0_1_1              455636                                      # (All-bank refresh only. busy cycles only include refresh time in rank level) The sum of cycles that the DRAM part is active or under refresh for level _0_0_1_1
      ramulator.serving_requests_0_0_1_1              775623                                      # The sum of read and write requests that are served in this DRAM element per memory cycle for level _0_0_1_1
ramulator.average_serving_requests_0_0_1_1            0.089174                                      # The average of read and write requests that are served in this DRAM element per memory cycle for level _0_0_1_1
         ramulator.active_cycles_0_0_1_2              388002                                      # Total active cycles for level _0_0_1_2
           ramulator.busy_cycles_0_0_1_2              388002                                      # (All-bank refresh only. busy cycles only include refresh time in rank level) The sum of cycles that the DRAM part is active or under refresh for level _0_0_1_2
      ramulator.serving_requests_0_0_1_2              668390                                      # The sum of read and write requests that are served in this DRAM element per memory cycle for level _0_0_1_2
ramulator.average_serving_requests_0_0_1_2            0.076846                                      # The average of read and write requests that are served in this DRAM element per memory cycle for level _0_0_1_2
         ramulator.active_cycles_0_0_1_3              418071                                      # Total active cycles for level _0_0_1_3
           ramulator.busy_cycles_0_0_1_3              418071                                      # (All-bank refresh only. busy cycles only include refresh time in rank level) The sum of cycles that the DRAM part is active or under refresh for level _0_0_1_3
      ramulator.serving_requests_0_0_1_3              729789                                      # The sum of read and write requests that are served in this DRAM element per memory cycle for level _0_0_1_3
ramulator.average_serving_requests_0_0_1_3            0.083905                                      # The average of read and write requests that are served in this DRAM element per memory cycle for level _0_0_1_3
           ramulator.active_cycles_0_0_2             1617270                                      # Total active cycles for level _0_0_2
             ramulator.busy_cycles_0_0_2             1617270                                      # (All-bank refresh only. busy cycles only include refresh time in rank level) The sum of cycles that the DRAM part is active or under refresh for level _0_0_2
        ramulator.serving_requests_0_0_2             3042234                                      # The sum of read and write requests that are served in this DRAM element per memory cycle for level _0_0_2
ramulator.average_serving_requests_0_0_2            0.349769                                      # The average of read and write requests that are served in this DRAM element per memory cycle for level _0_0_2
         ramulator.active_cycles_0_0_2_0              458519                                      # Total active cycles for level _0_0_2_0
           ramulator.busy_cycles_0_0_2_0              458519                                      # (All-bank refresh only. busy cycles only include refresh time in rank level) The sum of cycles that the DRAM part is active or under refresh for level _0_0_2_0
      ramulator.serving_requests_0_0_2_0              791316                                      # The sum of read and write requests that are served in this DRAM element per memory cycle for level _0_0_2_0
ramulator.average_serving_requests_0_0_2_0            0.090979                                      # The average of read and write requests that are served in this DRAM element per memory cycle for level _0_0_2_0
         ramulator.active_cycles_0_0_2_1              372395                                      # Total active cycles for level _0_0_2_1
           ramulator.busy_cycles_0_0_2_1              372395                                      # (All-bank refresh only. busy cycles only include refresh time in rank level) The sum of cycles that the DRAM part is active or under refresh for level _0_0_2_1
      ramulator.serving_requests_0_0_2_1              673720                                      # The sum of read and write requests that are served in this DRAM element per memory cycle for level _0_0_2_1
ramulator.average_serving_requests_0_0_2_1            0.077458                                      # The average of read and write requests that are served in this DRAM element per memory cycle for level _0_0_2_1
         ramulator.active_cycles_0_0_2_2              424397                                      # Total active cycles for level _0_0_2_2
           ramulator.busy_cycles_0_0_2_2              424397                                      # (All-bank refresh only. busy cycles only include refresh time in rank level) The sum of cycles that the DRAM part is active or under refresh for level _0_0_2_2
      ramulator.serving_requests_0_0_2_2              741272                                      # The sum of read and write requests that are served in this DRAM element per memory cycle for level _0_0_2_2
ramulator.average_serving_requests_0_0_2_2            0.085225                                      # The average of read and write requests that are served in this DRAM element per memory cycle for level _0_0_2_2
         ramulator.active_cycles_0_0_2_3              513112                                      # Total active cycles for level _0_0_2_3
           ramulator.busy_cycles_0_0_2_3              513112                                      # (All-bank refresh only. busy cycles only include refresh time in rank level) The sum of cycles that the DRAM part is active or under refresh for level _0_0_2_3
      ramulator.serving_requests_0_0_2_3              835926                                      # The sum of read and write requests that are served in this DRAM element per memory cycle for level _0_0_2_3
ramulator.average_serving_requests_0_0_2_3            0.096107                                      # The average of read and write requests that are served in this DRAM element per memory cycle for level _0_0_2_3
           ramulator.active_cycles_0_0_3             1531758                                      # Total active cycles for level _0_0_3
             ramulator.busy_cycles_0_0_3             1531758                                      # (All-bank refresh only. busy cycles only include refresh time in rank level) The sum of cycles that the DRAM part is active or under refresh for level _0_0_3
        ramulator.serving_requests_0_0_3             2898502                                      # The sum of read and write requests that are served in this DRAM element per memory cycle for level _0_0_3
ramulator.average_serving_requests_0_0_3            0.333244                                      # The average of read and write requests that are served in this DRAM element per memory cycle for level _0_0_3
         ramulator.active_cycles_0_0_3_0              440619                                      # Total active cycles for level _0_0_3_0
           ramulator.busy_cycles_0_0_3_0              440619                                      # (All-bank refresh only. busy cycles only include refresh time in rank level) The sum of cycles that the DRAM part is active or under refresh for level _0_0_3_0
      ramulator.serving_requests_0_0_3_0              762926                                      # The sum of read and write requests that are served in this DRAM element per memory cycle for level _0_0_3_0
ramulator.average_serving_requests_0_0_3_0            0.087715                                      # The average of read and write requests that are served in this DRAM element per memory cycle for level _0_0_3_0
         ramulator.active_cycles_0_0_3_1              393234                                      # Total active cycles for level _0_0_3_1
           ramulator.busy_cycles_0_0_3_1              393234                                      # (All-bank refresh only. busy cycles only include refresh time in rank level) The sum of cycles that the DRAM part is active or under refresh for level _0_0_3_1
      ramulator.serving_requests_0_0_3_1              701870                                      # The sum of read and write requests that are served in this DRAM element per memory cycle for level _0_0_3_1
ramulator.average_serving_requests_0_0_3_1            0.080695                                      # The average of read and write requests that are served in this DRAM element per memory cycle for level _0_0_3_1
         ramulator.active_cycles_0_0_3_2              425111                                      # Total active cycles for level _0_0_3_2
           ramulator.busy_cycles_0_0_3_2              425111                                      # (All-bank refresh only. busy cycles only include refresh time in rank level) The sum of cycles that the DRAM part is active or under refresh for level _0_0_3_2
      ramulator.serving_requests_0_0_3_2              730501                                      # The sum of read and write requests that are served in this DRAM element per memory cycle for level _0_0_3_2
ramulator.average_serving_requests_0_0_3_2            0.083987                                      # The average of read and write requests that are served in this DRAM element per memory cycle for level _0_0_3_2
         ramulator.active_cycles_0_0_3_3              399461                                      # Total active cycles for level _0_0_3_3
           ramulator.busy_cycles_0_0_3_3              399461                                      # (All-bank refresh only. busy cycles only include refresh time in rank level) The sum of cycles that the DRAM part is active or under refresh for level _0_0_3_3
      ramulator.serving_requests_0_0_3_3              703205                                      # The sum of read and write requests that are served in this DRAM element per memory cycle for level _0_0_3_3
ramulator.average_serving_requests_0_0_3_3            0.080848                                      # The average of read and write requests that are served in this DRAM element per memory cycle for level _0_0_3_3
      ramulator.read_transaction_bytes_0            27421056                                      # The total byte of read transaction per channel
     ramulator.write_transaction_bytes_0            16749376                                      # The total byte of write transaction per channel
       ramulator.row_hits_channel_0_core              635481                                      # Number of row hits per channel per core
     ramulator.row_misses_channel_0_core               14169                                      # Number of row misses per channel per core
  ramulator.row_conflicts_channel_0_core               40513                                      # Number of row conflicts per channel per core
  ramulator.read_row_hits_channel_0_core              408540                                      # Number of row hits for read requests per channel per core
                                     [0]            408540.0                                      # 
ramulator.read_row_misses_channel_0_core                4452                                      # Number of row misses for read requests per channel per core
                                     [0]              4452.0                                      # 
ramulator.read_row_conflicts_channel_0_core               15462                                      # Number of row conflicts for read requests per channel per core
                                     [0]             15462.0                                      # 
 ramulator.write_row_hits_channel_0_core              226941                                      # Number of row hits for write requests per channel per core
                                     [0]            226941.0                                      # 
ramulator.write_row_misses_channel_0_core                9717                                      # Number of row misses for write requests per channel per core
                                     [0]              9717.0                                      # 
ramulator.write_row_conflicts_channel_0_core               25051                                      # Number of row conflicts for write requests per channel per core
                                     [0]             25051.0                                      # 
      ramulator.useless_activates_0_core                 302                                      # Number of useless activations. E.g, ACT -> PRE w/o RD or WR
            ramulator.read_latency_avg_0          145.424001                                      # The average memory latency cycles (in memory time domain) per request for all read requests in this channel
            ramulator.read_latency_sum_0            62307495                                      # The memory latency cycles (in memory time domain) sum for all read requests in this channel
        ramulator.req_queue_length_avg_0           20.804740                                      # Average of read and write queue length per memory cycle per channel.
        ramulator.req_queue_length_sum_0           180956095                                      # Sum of read and write queue length per memory cycle per channel.
   ramulator.read_req_queue_length_avg_0            7.120493                                      # Read queue length average per memory cycle per channel.
   ramulator.read_req_queue_length_sum_0            61932838                                      # Read queue length sum per memory cycle per channel.
  ramulator.write_req_queue_length_avg_0           13.684247                                      # Write queue length average per memory cycle per channel.
  ramulator.write_req_queue_length_sum_0           119023257                                      # Write queue length sum per memory cycle per channel.
              ramulator.record_read_hits                 0.0                                      # record read hit count for this core when it reaches request limit or to the end
                                     [0]                 0.0                                      # 
            ramulator.record_read_misses                 0.0                                      # record_read_miss count for this core when it reaches request limit or to the end
                                     [0]                 0.0                                      # 
         ramulator.record_read_conflicts                 0.0                                      # record read conflict count for this core when it reaches request limit or to the end
                                     [0]                 0.0                                      # 
             ramulator.record_write_hits                 0.0                                      # record write hit count for this core when it reaches request limit or to the end
                                     [0]                 0.0                                      # 
           ramulator.record_write_misses                 0.0                                      # record write miss count for this core when it reaches request limit or to the end
                                     [0]                 0.0                                      # 
        ramulator.record_write_conflicts                 0.0                                      # record write conflict for this core when it reaches request limit or to the end
                                     [0]                 0.0                                      # 
                 ramulator.dram_capacity          8589934592                                      # Number of bytes in simulated DRAM
                   ramulator.dram_cycles             8697830                                      # Number of DRAM cycles simulated
             ramulator.incoming_requests              690178                                      # Number of incoming requests to DRAM
                 ramulator.read_requests              428454                                      # Number of incoming read requests to DRAM per core
                                     [0]            428454.0                                      # 
                ramulator.write_requests              261724                                      # Number of incoming write requests to DRAM per core
                                     [0]            261724.0                                      # 
       ramulator.ramulator_active_cycles             4647906                                      # The total number of cycles that the DRAM part is active (serving R/W)
 ramulator.incoming_requests_per_channel            690178.0                                      # Number of incoming requests to each DRAM channel
                                     [0]            690178.0                                      # 
ramulator.incoming_read_reqs_per_channel            428454.0                                      # Number of incoming read requests to each DRAM channel
                                     [0]            428454.0                                      # 
     ramulator.physical_page_replacement                   0                                      # The number of times that physical page replacement happens.
             ramulator.maximum_bandwidth         19200000000                                      # The theoretical maximum bandwidth (Bps)
          ramulator.in_queue_req_num_sum           180956095                                      # Sum of read/write queue length
     ramulator.in_queue_read_req_num_sum            61932838                                      # Sum of read queue length
    ramulator.in_queue_write_req_num_sum           119023257                                      # Sum of write queue length
          ramulator.in_queue_req_num_avg           20.804740                                      # Average of read/write queue length per memory cycle
     ramulator.in_queue_read_req_num_avg            7.120493                                      # Average of read queue length per memory cycle
    ramulator.in_queue_write_req_num_avg           13.684247                                      # Average of write queue length per memory cycle
          ramulator.record_read_requests                 0.0                                      # record read requests for this core when it reaches request limit or to the end
                                     [0]                 0.0                                      # 
         ramulator.record_write_requests                 0.0                                      # record write requests for this core when it reaches request limit or to the end
                                     [0]                 0.0                                      # 
