               ramulator.active_cycles_0            35694870                                      # Total active cycles for level _0
                 ramulator.busy_cycles_0            35694870                                      # (All-bank refresh only. busy cycles only include refresh time in rank level) The sum of cycles that the DRAM part is active or under refresh for level _0
            ramulator.serving_requests_0            83284115                                      # The sum of read and write requests that are served in this DRAM element per memory cycle for level _0
    ramulator.average_serving_requests_0            1.944637                                      # The average of read and write requests that are served in this DRAM element per memory cycle for level _0
             ramulator.active_cycles_0_0            35694870                                      # Total active cycles for level _0_0
               ramulator.busy_cycles_0_0            36225330                                      # (All-bank refresh only. busy cycles only include refresh time in rank level) The sum of cycles that the DRAM part is active or under refresh for level _0_0
          ramulator.serving_requests_0_0            83284115                                      # The sum of read and write requests that are served in this DRAM element per memory cycle for level _0_0
  ramulator.average_serving_requests_0_0            1.944637                                      # The average of read and write requests that are served in this DRAM element per memory cycle for level _0_0
           ramulator.active_cycles_0_0_0            15745924                                      # Total active cycles for level _0_0_0
             ramulator.busy_cycles_0_0_0            15745924                                      # (All-bank refresh only. busy cycles only include refresh time in rank level) The sum of cycles that the DRAM part is active or under refresh for level _0_0_0
        ramulator.serving_requests_0_0_0            20925404                                      # The sum of read and write requests that are served in this DRAM element per memory cycle for level _0_0_0
ramulator.average_serving_requests_0_0_0            0.488596                                      # The average of read and write requests that are served in this DRAM element per memory cycle for level _0_0_0
         ramulator.active_cycles_0_0_0_0             4810669                                      # Total active cycles for level _0_0_0_0
           ramulator.busy_cycles_0_0_0_0             4810669                                      # (All-bank refresh only. busy cycles only include refresh time in rank level) The sum of cycles that the DRAM part is active or under refresh for level _0_0_0_0
      ramulator.serving_requests_0_0_0_0             5149704                                      # The sum of read and write requests that are served in this DRAM element per memory cycle for level _0_0_0_0
ramulator.average_serving_requests_0_0_0_0            0.120243                                      # The average of read and write requests that are served in this DRAM element per memory cycle for level _0_0_0_0
         ramulator.active_cycles_0_0_0_1             4888507                                      # Total active cycles for level _0_0_0_1
           ramulator.busy_cycles_0_0_0_1             4888507                                      # (All-bank refresh only. busy cycles only include refresh time in rank level) The sum of cycles that the DRAM part is active or under refresh for level _0_0_0_1
      ramulator.serving_requests_0_0_0_1             5222800                                      # The sum of read and write requests that are served in this DRAM element per memory cycle for level _0_0_0_1
ramulator.average_serving_requests_0_0_0_1            0.121949                                      # The average of read and write requests that are served in this DRAM element per memory cycle for level _0_0_0_1
         ramulator.active_cycles_0_0_0_2             4970639                                      # Total active cycles for level _0_0_0_2
           ramulator.busy_cycles_0_0_0_2             4970639                                      # (All-bank refresh only. busy cycles only include refresh time in rank level) The sum of cycles that the DRAM part is active or under refresh for level _0_0_0_2
      ramulator.serving_requests_0_0_0_2             5311761                                      # The sum of read and write requests that are served in this DRAM element per memory cycle for level _0_0_0_2
ramulator.average_serving_requests_0_0_0_2            0.124027                                      # The average of read and write requests that are served in this DRAM element per memory cycle for level _0_0_0_2
         ramulator.active_cycles_0_0_0_3             4906023                                      # Total active cycles for level _0_0_0_3
           ramulator.busy_cycles_0_0_0_3             4906023                                      # (All-bank refresh only. busy cycles only include refresh time in rank level) The sum of cycles that the DRAM part is active or under refresh for level _0_0_0_3
      ramulator.serving_requests_0_0_0_3             5241139                                      # The sum of read and write requests that are served in this DRAM element per memory cycle for level _0_0_0_3
ramulator.average_serving_requests_0_0_0_3            0.122378                                      # The average of read and write requests that are served in this DRAM element per memory cycle for level _0_0_0_3
           ramulator.active_cycles_0_0_1            15897065                                      # Total active cycles for level _0_0_1
             ramulator.busy_cycles_0_0_1            15897065                                      # (All-bank refresh only. busy cycles only include refresh time in rank level) The sum of cycles that the DRAM part is active or under refresh for level _0_0_1
        ramulator.serving_requests_0_0_1            21095367                                      # The sum of read and write requests that are served in this DRAM element per memory cycle for level _0_0_1
ramulator.average_serving_requests_0_0_1            0.492565                                      # The average of read and write requests that are served in this DRAM element per memory cycle for level _0_0_1
         ramulator.active_cycles_0_0_1_0             4986474                                      # Total active cycles for level _0_0_1_0
           ramulator.busy_cycles_0_0_1_0             4986474                                      # (All-bank refresh only. busy cycles only include refresh time in rank level) The sum of cycles that the DRAM part is active or under refresh for level _0_0_1_0
      ramulator.serving_requests_0_0_1_0             5336605                                      # The sum of read and write requests that are served in this DRAM element per memory cycle for level _0_0_1_0
ramulator.average_serving_requests_0_0_1_0            0.124607                                      # The average of read and write requests that are served in this DRAM element per memory cycle for level _0_0_1_0
         ramulator.active_cycles_0_0_1_1             4773305                                      # Total active cycles for level _0_0_1_1
           ramulator.busy_cycles_0_0_1_1             4773305                                      # (All-bank refresh only. busy cycles only include refresh time in rank level) The sum of cycles that the DRAM part is active or under refresh for level _0_0_1_1
      ramulator.serving_requests_0_0_1_1             5096668                                      # The sum of read and write requests that are served in this DRAM element per memory cycle for level _0_0_1_1
ramulator.average_serving_requests_0_0_1_1            0.119004                                      # The average of read and write requests that are served in this DRAM element per memory cycle for level _0_0_1_1
         ramulator.active_cycles_0_0_1_2             4923566                                      # Total active cycles for level _0_0_1_2
           ramulator.busy_cycles_0_0_1_2             4923566                                      # (All-bank refresh only. busy cycles only include refresh time in rank level) The sum of cycles that the DRAM part is active or under refresh for level _0_0_1_2
      ramulator.serving_requests_0_0_1_2             5260915                                      # The sum of read and write requests that are served in this DRAM element per memory cycle for level _0_0_1_2
ramulator.average_serving_requests_0_0_1_2            0.122839                                      # The average of read and write requests that are served in this DRAM element per memory cycle for level _0_0_1_2
         ramulator.active_cycles_0_0_1_3             5044703                                      # Total active cycles for level _0_0_1_3
           ramulator.busy_cycles_0_0_1_3             5044703                                      # (All-bank refresh only. busy cycles only include refresh time in rank level) The sum of cycles that the DRAM part is active or under refresh for level _0_0_1_3
      ramulator.serving_requests_0_0_1_3             5401179                                      # The sum of read and write requests that are served in this DRAM element per memory cycle for level _0_0_1_3
ramulator.average_serving_requests_0_0_1_3            0.126114                                      # The average of read and write requests that are served in this DRAM element per memory cycle for level _0_0_1_3
           ramulator.active_cycles_0_0_2            15661174                                      # Total active cycles for level _0_0_2
             ramulator.busy_cycles_0_0_2            15661174                                      # (All-bank refresh only. busy cycles only include refresh time in rank level) The sum of cycles that the DRAM part is active or under refresh for level _0_0_2
        ramulator.serving_requests_0_0_2            20827656                                      # The sum of read and write requests that are served in this DRAM element per memory cycle for level _0_0_2
ramulator.average_serving_requests_0_0_2            0.486314                                      # The average of read and write requests that are served in this DRAM element per memory cycle for level _0_0_2
         ramulator.active_cycles_0_0_2_0             5035076                                      # Total active cycles for level _0_0_2_0
           ramulator.busy_cycles_0_0_2_0             5035076                                      # (All-bank refresh only. busy cycles only include refresh time in rank level) The sum of cycles that the DRAM part is active or under refresh for level _0_0_2_0
      ramulator.serving_requests_0_0_2_0             5383512                                      # The sum of read and write requests that are served in this DRAM element per memory cycle for level _0_0_2_0
ramulator.average_serving_requests_0_0_2_0            0.125702                                      # The average of read and write requests that are served in this DRAM element per memory cycle for level _0_0_2_0
         ramulator.active_cycles_0_0_2_1             4581792                                      # Total active cycles for level _0_0_2_1
           ramulator.busy_cycles_0_0_2_1             4581792                                      # (All-bank refresh only. busy cycles only include refresh time in rank level) The sum of cycles that the DRAM part is active or under refresh for level _0_0_2_1
      ramulator.serving_requests_0_0_2_1             4901104                                      # The sum of read and write requests that are served in this DRAM element per memory cycle for level _0_0_2_1
ramulator.average_serving_requests_0_0_2_1            0.114438                                      # The average of read and write requests that are served in this DRAM element per memory cycle for level _0_0_2_1
         ramulator.active_cycles_0_0_2_2             5000277                                      # Total active cycles for level _0_0_2_2
           ramulator.busy_cycles_0_0_2_2             5000277                                      # (All-bank refresh only. busy cycles only include refresh time in rank level) The sum of cycles that the DRAM part is active or under refresh for level _0_0_2_2
      ramulator.serving_requests_0_0_2_2             5352041                                      # The sum of read and write requests that are served in this DRAM element per memory cycle for level _0_0_2_2
ramulator.average_serving_requests_0_0_2_2            0.124967                                      # The average of read and write requests that are served in this DRAM element per memory cycle for level _0_0_2_2
         ramulator.active_cycles_0_0_2_3             4838749                                      # Total active cycles for level _0_0_2_3
           ramulator.busy_cycles_0_0_2_3             4838749                                      # (All-bank refresh only. busy cycles only include refresh time in rank level) The sum of cycles that the DRAM part is active or under refresh for level _0_0_2_3
      ramulator.serving_requests_0_0_2_3             5190999                                      # The sum of read and write requests that are served in this DRAM element per memory cycle for level _0_0_2_3
ramulator.average_serving_requests_0_0_2_3            0.121207                                      # The average of read and write requests that are served in this DRAM element per memory cycle for level _0_0_2_3
           ramulator.active_cycles_0_0_3            15394777                                      # Total active cycles for level _0_0_3
             ramulator.busy_cycles_0_0_3            15394777                                      # (All-bank refresh only. busy cycles only include refresh time in rank level) The sum of cycles that the DRAM part is active or under refresh for level _0_0_3
        ramulator.serving_requests_0_0_3            20435688                                      # The sum of read and write requests that are served in this DRAM element per memory cycle for level _0_0_3
ramulator.average_serving_requests_0_0_3            0.477162                                      # The average of read and write requests that are served in this DRAM element per memory cycle for level _0_0_3
         ramulator.active_cycles_0_0_3_0             4719517                                      # Total active cycles for level _0_0_3_0
           ramulator.busy_cycles_0_0_3_0             4719517                                      # (All-bank refresh only. busy cycles only include refresh time in rank level) The sum of cycles that the DRAM part is active or under refresh for level _0_0_3_0
      ramulator.serving_requests_0_0_3_0             5047968                                      # The sum of read and write requests that are served in this DRAM element per memory cycle for level _0_0_3_0
ramulator.average_serving_requests_0_0_3_0            0.117867                                      # The average of read and write requests that are served in this DRAM element per memory cycle for level _0_0_3_0
         ramulator.active_cycles_0_0_3_1             4786123                                      # Total active cycles for level _0_0_3_1
           ramulator.busy_cycles_0_0_3_1             4786123                                      # (All-bank refresh only. busy cycles only include refresh time in rank level) The sum of cycles that the DRAM part is active or under refresh for level _0_0_3_1
      ramulator.serving_requests_0_0_3_1             5122888                                      # The sum of read and write requests that are served in this DRAM element per memory cycle for level _0_0_3_1
ramulator.average_serving_requests_0_0_3_1            0.119617                                      # The average of read and write requests that are served in this DRAM element per memory cycle for level _0_0_3_1
         ramulator.active_cycles_0_0_3_2             4791566                                      # Total active cycles for level _0_0_3_2
           ramulator.busy_cycles_0_0_3_2             4791566                                      # (All-bank refresh only. busy cycles only include refresh time in rank level) The sum of cycles that the DRAM part is active or under refresh for level _0_0_3_2
      ramulator.serving_requests_0_0_3_2             5124603                                      # The sum of read and write requests that are served in this DRAM element per memory cycle for level _0_0_3_2
ramulator.average_serving_requests_0_0_3_2            0.119657                                      # The average of read and write requests that are served in this DRAM element per memory cycle for level _0_0_3_2
         ramulator.active_cycles_0_0_3_3             4803525                                      # Total active cycles for level _0_0_3_3
           ramulator.busy_cycles_0_0_3_3             4803525                                      # (All-bank refresh only. busy cycles only include refresh time in rank level) The sum of cycles that the DRAM part is active or under refresh for level _0_0_3_3
      ramulator.serving_requests_0_0_3_3             5140229                                      # The sum of read and write requests that are served in this DRAM element per memory cycle for level _0_0_3_3
ramulator.average_serving_requests_0_0_3_3            0.120021                                      # The average of read and write requests that are served in this DRAM element per memory cycle for level _0_0_3_3
      ramulator.read_transaction_bytes_0            56895616                                      # The total byte of read transaction per channel
     ramulator.write_transaction_bytes_0            22451264                                      # The total byte of write transaction per channel
       ramulator.row_hits_channel_0_core              521003                                      # Number of row hits per channel per core
     ramulator.row_misses_channel_0_core               80573                                      # Number of row misses per channel per core
  ramulator.row_conflicts_channel_0_core              638219                                      # Number of row conflicts per channel per core
  ramulator.read_row_hits_channel_0_core              501638                                      # Number of row hits for read requests per channel per core
                                     [0]            501638.0                                      # 
ramulator.read_row_misses_channel_0_core               53143                                      # Number of row misses for read requests per channel per core
                                     [0]             53143.0                                      # 
ramulator.read_row_conflicts_channel_0_core              334213                                      # Number of row conflicts for read requests per channel per core
                                     [0]            334213.0                                      # 
 ramulator.write_row_hits_channel_0_core               19365                                      # Number of row hits for write requests per channel per core
                                     [0]             19365.0                                      # 
ramulator.write_row_misses_channel_0_core               27430                                      # Number of row misses for write requests per channel per core
                                     [0]             27430.0                                      # 
ramulator.write_row_conflicts_channel_0_core              304006                                      # Number of row conflicts for write requests per channel per core
                                     [0]            304006.0                                      # 
      ramulator.useless_activates_0_core                 102                                      # Number of useless activations. E.g, ACT -> PRE w/o RD or WR
            ramulator.read_latency_avg_0           52.195300                                      # The average memory latency cycles (in memory time domain) per request for all read requests in this channel
            ramulator.read_latency_sum_0            46403240                                      # The memory latency cycles (in memory time domain) sum for all read requests in this channel
        ramulator.req_queue_length_avg_0           15.248905                                      # Average of read and write queue length per memory cycle per channel.
        ramulator.req_queue_length_sum_0           653073968                                      # Sum of read and write queue length per memory cycle per channel.
   ramulator.read_req_queue_length_avg_0            0.936395                                      # Read queue length average per memory cycle per channel.
   ramulator.read_req_queue_length_sum_0            40103543                                      # Read queue length sum per memory cycle per channel.
  ramulator.write_req_queue_length_avg_0           14.312510                                      # Write queue length average per memory cycle per channel.
  ramulator.write_req_queue_length_sum_0           612970425                                      # Write queue length sum per memory cycle per channel.
              ramulator.record_read_hits                 0.0                                      # record read hit count for this core when it reaches request limit or to the end
                                     [0]                 0.0                                      # 
            ramulator.record_read_misses                 0.0                                      # record_read_miss count for this core when it reaches request limit or to the end
                                     [0]                 0.0                                      # 
         ramulator.record_read_conflicts                 0.0                                      # record read conflict count for this core when it reaches request limit or to the end
                                     [0]                 0.0                                      # 
             ramulator.record_write_hits                 0.0                                      # record write hit count for this core when it reaches request limit or to the end
                                     [0]                 0.0                                      # 
           ramulator.record_write_misses                 0.0                                      # record write miss count for this core when it reaches request limit or to the end
                                     [0]                 0.0                                      # 
        ramulator.record_write_conflicts                 0.0                                      # record write conflict for this core when it reaches request limit or to the end
                                     [0]                 0.0                                      # 
                 ramulator.dram_capacity          8589934592                                      # Number of bytes in simulated DRAM
                   ramulator.dram_cycles            42827599                                      # Number of DRAM cycles simulated
             ramulator.incoming_requests             1239846                                      # Number of incoming requests to DRAM
                 ramulator.read_requests              889031                                      # Number of incoming read requests to DRAM per core
                                     [0]            889031.0                                      # 
                ramulator.write_requests              350815                                      # Number of incoming write requests to DRAM per core
                                     [0]            350815.0                                      # 
       ramulator.ramulator_active_cycles            35694870                                      # The total number of cycles that the DRAM part is active (serving R/W)
 ramulator.incoming_requests_per_channel           1239846.0                                      # Number of incoming requests to each DRAM channel
                                     [0]           1239846.0                                      # 
ramulator.incoming_read_reqs_per_channel            889031.0                                      # Number of incoming read requests to each DRAM channel
                                     [0]            889031.0                                      # 
     ramulator.physical_page_replacement                   0                                      # The number of times that physical page replacement happens.
             ramulator.maximum_bandwidth         19200000000                                      # The theoretical maximum bandwidth (Bps)
          ramulator.in_queue_req_num_sum           653073968                                      # Sum of read/write queue length
     ramulator.in_queue_read_req_num_sum            40103543                                      # Sum of read queue length
    ramulator.in_queue_write_req_num_sum           612970425                                      # Sum of write queue length
          ramulator.in_queue_req_num_avg           15.248905                                      # Average of read/write queue length per memory cycle
     ramulator.in_queue_read_req_num_avg            0.936395                                      # Average of read queue length per memory cycle
    ramulator.in_queue_write_req_num_avg           14.312510                                      # Average of write queue length per memory cycle
          ramulator.record_read_requests                 0.0                                      # record read requests for this core when it reaches request limit or to the end
                                     [0]                 0.0                                      # 
         ramulator.record_write_requests                 0.0                                      # record write requests for this core when it reaches request limit or to the end
                                     [0]                 0.0                                      # 
