Scarab gitrev: 9d16f20b4
Warning: Scarab expects the trace file type to include OFFLINE_FILE_TYPE_ARCH_REGDEPS (0x20000), but got type: 0xe40
Scarab started at Tue Jul 21 04:15:11 2026

Initialized Ramulator. 
Expected data2 but found type 'instr'
Stray memory record detected at seq. 181733: PC: 0x7f53b4bf5ce1, PID: 397553, TID: 397553, Addr: 0x7ffcb2283f40. Suppressing further messages.
Patching gap in trace by injecting a Jmp, prior PC: 7f53b4bf5cd4 next PC: 7f53b4bf5ce5
Expected data2 but found type 'instr'
Patching gap in trace by injecting a Jmp, prior PC: 7f53b4bf5cd4 next PC: 7f53b4bf5ce5
** Heartbeat:   3% -- { 1000000 } -- 0.00 KIPS (23.26 KIPS)
** Heartbeat:   6% -- { 2000000 } -- 25.00 KIPS (24.10 KIPS)
** Heartbeat:  10% -- { 3000000 } -- 25.64 KIPS (24.59 KIPS)
** Heartbeat:  13% -- { 4000003 } -- 34.48 KIPS (26.49 KIPS)
** Heartbeat:  16% -- { 5000005 } -- 26.32 KIPS (26.46 KIPS)
** Heartbeat:  20% -- { 6000007 } -- 24.39 KIPS (26.09 KIPS)
** Heartbeat:  23% -- { 7000008 } -- 27.78 KIPS (26.32 KIPS)
** Heartbeat:  26% -- { 8000012 } -- 28.57 KIPS (26.58 KIPS)
** Heartbeat:  30% -- { 9000012 } -- 28.57 KIPS (26.79 KIPS)
Patching gap in trace by injecting a Jmp, prior PC: 7f53b41ba749 next PC: 7f53abc00ee0
** Heartbeat:  33% -- { 10000012 } -- 28.57 KIPS (26.95 KIPS)
** Heartbeat:  36% -- { 11000017 } -- 37.04 KIPS (27.64 KIPS)
** Heartbeat:  40% -- { 12000017 } -- 34.48 KIPS (28.10 KIPS)
** Heartbeat:  43% -- { 13000017 } -- 35.71 KIPS (28.57 KIPS)
** Heartbeat:  46% -- { 14000017 } -- 32.26 KIPS (28.81 KIPS)
** Heartbeat:  50% -- { 15000017 } -- 34.48 KIPS (29.13 KIPS)
** Heartbeat:  53% -- { 16000017 } -- 34.48 KIPS (29.41 KIPS)
** Heartbeat:  56% -- { 17000017 } -- 32.26 KIPS (29.57 KIPS)
** Heartbeat:  60% -- { 18000017 } -- 26.32 KIPS (29.36 KIPS)
** Heartbeat:  63% -- { 19000017 } -- 26.32 KIPS (29.19 KIPS)
** Heartbeat:  66% -- { 20000017 } -- 28.57 KIPS (29.15 KIPS)
** Heartbeat:  70% -- { 21000017 } -- 27.03 KIPS (29.05 KIPS)
** Heartbeat:  73% -- { 22000017 } -- 30.30 KIPS (29.10 KIPS)
** Heartbeat:  76% -- { 23000022 } -- 32.26 KIPS (29.22 KIPS)
** Heartbeat:  80% -- { 24000022 } -- 27.03 KIPS (29.13 KIPS)
** Heartbeat:  83% -- { 25000022 } -- 40.00 KIPS (29.45 KIPS)
** Heartbeat:  86% -- { 26000022 } -- 38.46 KIPS (29.71 KIPS)
** Heartbeat:  90% -- { 27000022 } -- 43.48 KIPS (30.07 KIPS)
** Heartbeat:  93% -- { 28000022 } -- 45.45 KIPS (30.43 KIPS)
** Heartbeat:  96% -- { 29000022 } -- 40.00 KIPS (30.69 KIPS)
Reached end of trace (last_inst) pc=0x7f53abc00ed9
** Core 0 Finished:    insts:29999995    cycles:8677532     time:2711728750000       -- 3.46 IPC (3.46 IPC) --  N/A  KIPS (30.86 KIPS)
Scarab finished at Tue Jul 21 04:31:23 2026

