/* -*- Mode: c -*- */
####################################################################################################
Core 0
####################################################################################################
Cumulative:        Cycles: 15531274              Instructions: 30000000              IPC: 1.93159

Periodic:          Cycles: 5089276               Instructions: 10000000              IPC: 1.96492

EXECUTION_TIME                           1590398750000                  4853523125000              

SIM_HOST_WALL_SECONDS                       487.770647                     487.770647              

NODE_CYCLE                                     5089276                       15531274              

NODE_INST_COUNT                               10007326                       30034952              

NODE_INST_COUNT_FETCHED                       10000000                       30000000              

NODE_UOP_COUNT                                11403611                       34139792              

EXEC_STAGE_NO_ISSUE_STALL_CYCLE                3627219                       10899643              

EXEC_STAGE_NO_ISSUE_STALL_CYCLE_ONPATH         3245870                        9950825              

FULL_WINDOW_STALL                              2536963       49.849%          8046126       51.806%

FULL_WINDOW_MEM_OP                             1943270       99.996%          6181538       99.991%
FULL_WINDOW_FP_OP                                   81        0.004%              563        0.009%
FULL_WINDOW_OTHER_OP                                 0        0.000%                0        0.000%
                                               1943351      100.000%          6182101      100.000%
                                                  0.00         0.01              0.00         0.01

RET_BLOCKED_DC_MISS                             180150        3.540%           631852        4.068%

RET_BLOCKED_L1_MISS                              39964        0.785%           260680        1.678%

RET_BLOCKED_L1_MISS_BW_PREF                       3851        0.076%             9738        0.063%

RET_BLOCKED_L1_ACCESS                           140192        2.755%           371408        2.391%

RET_BLOCKED_MEM_STALL                            39964        0.785%           264631        1.704%

RET_BLOCKED_OFFCHIP_DEMAND                           0        0.000%                0        0.000%

OP_ISSUED                                     12293688                       36408616              

OP_RETIRED                                    11403611                       34139792              

OP_MACRO_FUSION_ONPATH                               0                              0              

OP_MACRO_FUSION_OFFPATH                              0                              0              

REPLAY_SIGNALED                                      0                              0              

REPLAY_COUNTED                                       0                              0              

OFF_CRITICAL_PATH                                    0         -nan%                0         -nan%
ON_CRITICAL_PATH                                     0         -nan%                0         -nan%
                                                     0         -nan%                0         -nan%
                                                  -nan         -nan              -nan         -nan

LD_NO_DEPENDENTS                                311570       11.085%           926867       11.036%
LD_DEPENDENTS                                  2499137       88.915%          7471769       88.964%
                                               2810707      100.000%          8398636      100.000%
                                                  0.89         0.84              0.89         0.85

LD_EXEC_CYCLES_0                                     0        0.000%                0        0.000%
LD_EXEC_CYCLES_1                                     0        0.000%                0        0.000%
LD_EXEC_CYCLES_2                                     0        0.000%                0        0.000%
LD_EXEC_CYCLES_3                                    60       31.579%              110       28.424%
LD_EXEC_CYCLES_4                                   130       68.421%              277       71.576%
                                                   190      100.000%              387      100.000%
                                                  3.68         3.09              3.72         3.18

LD_RETIRED_ONPATH                              2810707                        8398636              

LD_EXEC_MINUS_FETCH_LATENCY                  309238958                      993063860              

LD_RETIRE_MINUS_FETCH_LATENCY                394140579                     1248396157              

LD_EXEC_TO_DONE_LATENCY                       15384222                       46065440              

ICACHE_STAGE_STARVED                            285725        7.598%           897176        7.478%
ICACHE_STAGE_NOT_STARVED                       3474788       92.402%         11099766       92.522%
                                               3760513      100.000%         11996942      100.000%
                                                  0.92         0.89              0.93         0.89

ICACHE_STAGE_STALLED                           1583641       31.117%          5418626       34.888%
ICACHE_STAGE_NOT_STALLED                       2176872       42.774%          6578316       42.355%
ICACHE_STAGE_OFF_PATH                          1328763       26.109%          3534332       22.756%
                                               5089276      100.000%         15531274      100.000%
                                                  0.95         0.72              0.88         0.68

DECODE_STAGE_STARVED                           2324612       56.020%          7408438       56.864%
DECODE_STAGE_NOT_STARVED                       1824993       43.980%          5619830       43.136%
                                               4149605      100.000%         13028268      100.000%
                                                  0.44         0.47              0.43         0.47

DECODE_STAGE_STALLED                           1342573       26.380%          4448716       28.644%
DECODE_STAGE_NOT_STALLED                       2807032       55.156%          8579552       55.240%
DECODE_STAGE_OFF_PATH                           939671       18.464%          2503006       16.116%
                                               5089276      100.000%         15531274      100.000%
                                                  0.92         0.61              0.87         0.58

UOPQ_STAGE_STARVED                             2241956       72.479%          6802181       72.516%
UOPQ_STAGE_NOT_STARVED                          851286       27.521%          2578012       27.484%
                                               3093242      100.000%          9380193      100.000%
                                                  0.28         0.41              0.27         0.41

UOPQ_STAGE_STALLED                              870267       17.100%          3168071       20.398%
UOPQ_STAGE_NOT_STALLED                         3093242       60.780%          9380193       60.396%
UOPQ_STAGE_OFF_PATH                            1125767       22.120%          2983010       19.206%
                                               5089276      100.000%         15531274      100.000%
                                                  1.05         0.67              0.99         0.62

RS_OP_READY_NOT_ISSUED_TOTAL                   3224422                        9582837              

RS_0_OP_READY_NOT_ISSUED                       1915450                        5750794              

RS_1_OP_READY_NOT_ISSUED                        416781                        1129630              

RS_2_OP_READY_NOT_ISSUED                        892191                        2702413              

RS_3_OP_READY_NOT_ISSUED                             0                              0              

RS_4_OP_READY_NOT_ISSUED                             0                              0              

RS_5_OP_READY_NOT_ISSUED                             0                              0              

RS_6_OP_READY_NOT_ISSUED                             0                              0              

RS_7_OP_READY_NOT_ISSUED                             0                              0              

RS_7_PLUS_OP_READY_NOT_ISSUED                        0                              0              

FU_IDLE_NO_READY_OPS_TOTAL                    24871083                       77614407              

FU_0_IDLE_NO_READY_OPS                         1764490                        5578186              

FU_1_IDLE_NO_READY_OPS                         2292374                        7163120              

FU_2_IDLE_NO_READY_OPS                         2600245                        8101893              

FU_3_IDLE_NO_READY_OPS                         2599555                        8099126              

FU_4_IDLE_NO_READY_OPS                         2319386                        7245660              

FU_5_IDLE_NO_READY_OPS                         1719541                        5442982              

FU_6_IDLE_NO_READY_OPS                         3340210                       10354074              

FU_7_IDLE_NO_READY_OPS                         3341177                       10358080              

FU_8_IDLE_NO_READY_OPS                         2294872                        7170794              

FU_9_IDLE_NO_READY_OPS                         2599233                        8100492              

FU_10_IDLE_NO_READY_OPS                              0                              0              

FU_11_IDLE_NO_READY_OPS                              0                              0              

FU_12_IDLE_NO_READY_OPS                              0                              0              

FU_13_IDLE_NO_READY_OPS                              0                              0              

FU_14_IDLE_NO_READY_OPS                              0                              0              

FU_15_IDLE_NO_READY_OPS                              0                              0              

FU_16_IDLE_NO_READY_OPS                              0                              0              

FU_17_IDLE_NO_READY_OPS                              0                              0              

FU_18_IDLE_NO_READY_OPS                              0                              0              

FU_19_IDLE_NO_READY_OPS                              0                              0              

FU_20_IDLE_NO_READY_OPS                              0                              0              

FU_21_IDLE_NO_READY_OPS                              0                              0              

FU_22_IDLE_NO_READY_OPS                              0                              0              

FU_23_IDLE_NO_READY_OPS                              0                              0              

FU_24_IDLE_NO_READY_OPS                              0                              0              

FU_25_IDLE_NO_READY_OPS                              0                              0              

FU_26_IDLE_NO_READY_OPS                              0                              0              

FU_27_IDLE_NO_READY_OPS                              0                              0              

FU_28_IDLE_NO_READY_OPS                              0                              0              

FU_29_IDLE_NO_READY_OPS                              0                              0              

FU_30_IDLE_NO_READY_OPS                              0                              0              

FU_31_IDLE_NO_READY_OPS                              0                              0              

FU_31_PLUS_IDLE_NO_READY_OPS                         0                              0              

MAP_STAGE_STARVED                               300095        6.744%           898557        6.488%
MAP_STAGE_NOT_STARVED                          4149766       93.256%         12950650       93.512%
                                               4449861      100.000%         13849207      100.000%
                                                  0.93         0.90              0.94         0.91

MAP_STAGE_STALLED                              2196899       43.168%          7130829       45.913%
MAP_STAGE_NOT_STALLED                          2252962       44.270%          6718378       43.257%
MAP_STAGE_OFF_PATH                              639334       12.563%          1681986       10.830%
                                               5089195      100.000%         15531193      100.000%
                                                  0.69         0.56              0.65         0.54

MAP_STAGE_STALL_ITSELF                              81        0.002%               81        0.001%
MAP_STAGE_NOT_STALL_ITSELF                     5089195       99.998%         15531193       99.999%
                                               5089276      100.000%         15531274      100.000%
                                                  1.00         1.00              1.00         1.00

MAP_STAGE_LATE_ALLOCATE_SEND_BACK                    0                              0              

MAP_STAGE_RENAME_OP_ONPATH                    11403418                       34139792              

MAP_STAGE_RENAME_OP_OFFPATH                    1575123                        3965660              

MAP_STAGE_RENAME_INT_REG_ONPATH                6954856                       20865133              

MAP_STAGE_RENAME_INT_REG_OFFPATH                960295                        2389795              

MAP_STAGE_RENAME_VEC_REG_ONPATH                  45888                         139039              

MAP_STAGE_RENAME_VEC_REG_OFFPATH                  4877                          11986              

MAP_STAGE_RENAME_MOVE_ELIM_ONPATH                    0                              0              

MAP_STAGE_RENAME_MOVE_ELIM_OFFPATH                   0                              0              

REG_FILE_UTIL_SAMPLES                          5089276                       15531274              

REG_FILE_INT_PHYS_REGS_SUM                  1424997280                     4348756720              

REG_FILE_VEC_PHYS_REGS_SUM                  1689639632                     5156382968              

REG_FILE_INT_OCCUPIED_SUM                    653597506                     2015865954              

REG_FILE_VEC_OCCUPIED_SUM                    165576809                      505124893              

MAP_STAGE_ONPATH_INT_REG_NUM_ALLOC             6954985                       20865115              

MAP_STAGE_ONPATH_VEC_REG_NUM_ALLOC               45888                         139029              

MAP_STAGE_ONPATH_INT_REG_NUM_SHORTLIVE         1901699                        5766886              

MAP_STAGE_ONPATH_VEC_REG_NUM_SHORTLIVE           25983                          77389              

MAP_STAGE_ONPATH_INT_REG_USE_COUNT_0            940032                        2845984              

MAP_STAGE_ONPATH_VEC_REG_USE_COUNT_0              2434                           6865              

MAP_STAGE_ONPATH_INT_REG_USE_COUNT_1           3761430                       11254957              

MAP_STAGE_ONPATH_VEC_REG_USE_COUNT_1             31024                          96946              

MAP_STAGE_ONPATH_INT_REG_USE_COUNT_2           1380378                        4152291              

MAP_STAGE_ONPATH_VEC_REG_USE_COUNT_2              9348                          26903              

MAP_STAGE_ONPATH_INT_REG_USE_COUNT_3            405069                        1219525              

MAP_STAGE_ONPATH_VEC_REG_USE_COUNT_3               858                           1967              

MAP_STAGE_ONPATH_INT_REG_USE_COUNT_4            173499                         515159              

MAP_STAGE_ONPATH_VEC_REG_USE_COUNT_4               802                           2031              

MAP_STAGE_ONPATH_INT_REG_USE_COUNT_5            108769                         325630              

MAP_STAGE_ONPATH_VEC_REG_USE_COUNT_5              1268                           3954              

MAP_STAGE_ONPATH_INT_REG_USE_COUNT_6             51190                         152322              

MAP_STAGE_ONPATH_VEC_REG_USE_COUNT_6                 0                              1              

MAP_STAGE_ONPATH_INT_REG_USE_COUNT_7_PLUS        134618                         399247              

MAP_STAGE_ONPATH_VEC_REG_USE_COUNT_7_PLUS           154                            362              

MAP_STAGE_ONPATH_INT_REG_CONSUME_DIST_0              0        0.0000                0        0.0000

MAP_STAGE_ONPATH_VEC_REG_CONSUME_DIST_0              0        0.0000                0        0.0000

MAP_STAGE_ONPATH_INT_REG_CONSUME_DIST_1              0        0.0000                0        0.0000

MAP_STAGE_ONPATH_VEC_REG_CONSUME_DIST_1              0        0.0000                0        0.0000

MAP_STAGE_ONPATH_INT_REG_CONSUME_DIST_2        6184445        4.4803         19304658        4.6492

MAP_STAGE_ONPATH_VEC_REG_CONSUME_DIST_2        3724085      398.3831         12508973      464.9657

MAP_STAGE_ONPATH_INT_REG_CONSUME_DIST_3        3275316        8.0858          9996019        8.1966

MAP_STAGE_ONPATH_VEC_REG_CONSUME_DIST_3          90377      105.3345           214576      109.0880

MAP_STAGE_ONPATH_INT_REG_CONSUME_DIST_4        2777505       16.0088          8872193       17.2222

MAP_STAGE_ONPATH_VEC_REG_CONSUME_DIST_4          84406      105.2444           533084      262.4737

MAP_STAGE_ONPATH_INT_REG_CONSUME_DIST_5        1844029       16.9536          5514657       16.9353

MAP_STAGE_ONPATH_VEC_REG_CONSUME_DIST_5         172307      135.8888           833012      210.6758

MAP_STAGE_ONPATH_INT_REG_CONSUME_DIST_6         858785       16.7764          2650387       17.3999

MAP_STAGE_ONPATH_VEC_REG_CONSUME_DIST_6              0          -nan               41       41.0000

MAP_STAGE_ONPATH_INT_REG_CONSUME_DIST_7_PLUS       4051696       30.0977         13099701       32.8110

MAP_STAGE_ONPATH_VEC_REG_CONSUME_DIST_7_PLUS         23955      155.5519            73152      202.0773

MAP_STAGE_INT_REG_ISSUE_READ_TOTAL_CONSUMED      11259268        3.1041         33406018        3.0649

MAP_STAGE_VEC_REG_ISSUE_READ_TOTAL_CONSUMED         68680        0.0189           202388        0.0186

MAP_STAGE_INT_REG_ISSUE_READ_MULTI_CONSUMED       4900083        1.3509         14517041        1.3319

MAP_STAGE_VEC_REG_ISSUE_READ_MULTI_CONSUMED         23085        0.0064            65736        0.0060

MAP_STAGE_INT_REG_ISSUE_READ_SAME_CYCLE_CONSUMED       2805818        0.7735          8366195        0.7676

MAP_STAGE_VEC_REG_ISSUE_READ_SAME_CYCLE_CONSUMED          9013        0.0025            23089        0.0021

MAP_STAGE_INT_REG_ISSUE_READ_TOTAL_CONSUMED_ONPATH      10572441        3.2572         31659933        3.1816

MAP_STAGE_VEC_REG_ISSUE_READ_TOTAL_CONSUMED_ONPATH         64357        0.0198           192750        0.0194

MAP_STAGE_INT_REG_ISSUE_READ_MULTI_CONSUMED_ONPATH       4557530        1.4041         13640782        1.3708

MAP_STAGE_VEC_REG_ISSUE_READ_MULTI_CONSUMED_ONPATH         20905        0.0064            60575        0.0061

MAP_STAGE_INT_REG_ISSUE_READ_SAME_CYCLE_CONSUMED_ONPATH       2633926        0.8115          7924384        0.7964

MAP_STAGE_VEC_REG_ISSUE_READ_SAME_CYCLE_CONSUMED_ONPATH          8570        0.0026            21971        0.0022

MAP_STAGE_ONPATH_INT_REG_LIFECYCLE_EMPTY     272836145                      870252424              

MAP_STAGE_ONPATH_VEC_REG_LIFECYCLE_EMPTY       1008869                        2787587              

MAP_STAGE_ONPATH_INT_REG_LIFECYCLE_IN_USE     372157467                     1176320743              

MAP_STAGE_ONPATH_VEC_REG_LIFECYCLE_IN_USE      11963851                       41174342              

MAP_STAGE_ONPATH_INT_REG_LIFECYCLE_SPEC_RELEASE     594252836                     1850933202              

MAP_STAGE_ONPATH_VEC_REG_LIFECYCLE_SPEC_RELEASE      49006736                      158308906              

MAP_STAGE_ONPATH_INT_REG_LIFECYCLE_NONSPEC_RELEASE     594252836                     1850933202              

MAP_STAGE_ONPATH_VEC_REG_LIFECYCLE_NONSPEC_RELEASE      49006736                      158308906              

MAP_STAGE_ONPATH_INT_REG_LIFECYCLE_TOTAL     594252836                     1850933202              

MAP_STAGE_ONPATH_VEC_REG_LIFECYCLE_TOTAL      49006736                      158308906              

MAP_STAGE_ONPATH_INT_REG_NUM_NONBRANCH         6954985                       20865115              

MAP_STAGE_ONPATH_VEC_REG_NUM_NONBRANCH           45888                         139029              

MAP_STAGE_ONPATH_INT_REG_NUM_NONEXCEPT         6954985                       20865115              

MAP_STAGE_ONPATH_VEC_REG_NUM_NONEXCEPT           45888                         139029              

MAP_STAGE_ONPATH_INT_REG_NUM_ATOMIC            6954985                       20865115              

MAP_STAGE_ONPATH_VEC_REG_NUM_ATOMIC              45888                         139029              

MAP_STAGE_ONPATH_INT_REG_ATOMIC_REDEFINED_DIST_TOTAL     594252836       85.4427       1850933202       88.7095

MAP_STAGE_ONPATH_VEC_REG_ATOMIC_REDEFINED_DIST_TOTAL      49006736     1067.9641        158308906     1138.6754

MAP_STAGE_ONPATH_INT_REG_ATOMIC_CONSUMED_DIST_TOTAL     372157467       53.5095       1176320743       56.3774

MAP_STAGE_ONPATH_VEC_REG_ATOMIC_CONSUMED_DIST_TOTAL      11963851      260.7185         41174342      296.1565

MAP_STAGE_ONPATH_INT_REG_ATOMIC_RELEASE_DIST_TOTAL     594252836       85.4427       1850933202       88.7095

MAP_STAGE_ONPATH_VEC_REG_ATOMIC_RELEASE_DIST_TOTAL      49006736     1067.9641        158308906     1138.6754

EXEC_STAGE_STARVED                             4422573       86.900%         13749492       88.528%
EXEC_STAGE_NOT_STARVED                          189823        3.730%           570617        3.674%
EXEC_STAGE_OFF_PATH                             476880        9.370%          1211165        7.798%
                                               5089276      100.000%         15531274      100.000%
                                                  0.22         0.57              0.19         0.53

FU_BUSY_0                                      1958254                        5804017              

FU_BUSY_1                                      1167631                        3468807              

FU_BUSY_2                                      1049195                        3111823              

FU_BUSY_3                                      1050105                        3116498              

FU_BUSY_4                                      1068026                        3175821              

FU_BUSY_5                                      2143084                        6351737              

FU_BUSY_6                                       936682                        2752045              

FU_BUSY_7                                       935399                        2747231              

FU_BUSY_8                                      1156196                        3438932              

FU_BUSY_9                                      1051023                        3114135              

FU_BUSY_10                                           0                              0              

FU_BUSY_11                                           0                              0              

FU_BUSY_12                                           0                              0              

FU_BUSY_13                                           0                              0              

FU_BUSY_14                                           0                              0              

FU_BUSY_15                                           0                              0              

FU_BUSY_16                                           0                              0              

FU_BUSY_17                                           0                              0              

FU_BUSY_18                                           0                              0              

FU_BUSY_19                                           0                              0              

FU_BUSY_20                                           0                              0              

FU_BUSY_21                                           0                              0              

FU_BUSY_22                                           0                              0              

FU_BUSY_23                                           0                              0              

FU_BUSY_24                                           0                              0              

FU_BUSY_25                                           0                              0              

FU_BUSY_26                                           0                              0              

FU_BUSY_27                                           0                              0              

FU_BUSY_28                                           0                              0              

FU_BUSY_29                                           0                              0              

FU_BUSY_30                                           0                              0              

FU_BUSY_31                                           0                              0              

FU_REJECTED_OP_INV_NOT_SIMD                          0        0.000%                0        0.000%
FU_REJECTED_OP_NOP_NOT_SIMD                          0        0.000%                0        0.000%
FU_REJECTED_OP_CF_NOT_SIMD                         223        0.250%              555        0.200%
FU_REJECTED_OP_MOV_NOT_SIMD                        149        0.167%              461        0.166%
FU_REJECTED_OP_CMOV_NOT_SIMD                         0        0.000%                0        0.000%
FU_REJECTED_OP_LDA_NOT_SIMD                          0        0.000%                0        0.000%
FU_REJECTED_OP_IMEM_NOT_SIMD                     59211       66.298%           168147       60.578%
FU_REJECTED_OP_IADD_NOT_SIMD                     24481       27.411%            67714       24.395%
FU_REJECTED_OP_IMUL_NOT_SIMD                      2485        2.782%             6840        2.464%
FU_REJECTED_OP_IDIV_NOT_SIMD                         0        0.000%                0        0.000%
FU_REJECTED_OP_ICMP_NOT_SIMD                         0        0.000%                0        0.000%
FU_REJECTED_OP_LOGIC_NOT_SIMD                        0        0.000%                0        0.000%
FU_REJECTED_OP_SHIFT_NOT_SIMD                        0        0.000%                0        0.000%
FU_REJECTED_OP_FMEM_NOT_SIMD                         0        0.000%                0        0.000%
FU_REJECTED_OP_FCVT_NOT_SIMD                        22        0.025%               31        0.011%
FU_REJECTED_OP_FADD_NOT_SIMD                        96        0.107%               96        0.035%
FU_REJECTED_OP_FMUL_NOT_SIMD                         0        0.000%                0        0.000%
FU_REJECTED_OP_FMA_NOT_SIMD                          0        0.000%                0        0.000%
FU_REJECTED_OP_FDIV_NOT_SIMD                         0        0.000%                0        0.000%
FU_REJECTED_OP_FCMP_NOT_SIMD                         0        0.000%                0        0.000%
FU_REJECTED_OP_FCMOV_NOT_SIMD                        0        0.000%                0        0.000%
FU_REJECTED_OP_GATHER_NOT_SIMD                       0        0.000%                0        0.000%
FU_REJECTED_OP_SCATTER_NOT_SIMD                      0        0.000%                0        0.000%
FU_REJECTED_OP_PIPELINED_FAST_NOT_SIMD               0        0.000%                0        0.000%
FU_REJECTED_OP_PIPELINED_MEDIUM_NOT_SIMD             0        0.000%                0        0.000%
FU_REJECTED_OP_PIPELINED_SLOW_NOT_SIMD               0        0.000%                0        0.000%
FU_REJECTED_OP_NOTPIPELINED_MEDIUM_NOT_SIMD             0        0.000%                0        0.000%
FU_REJECTED_OP_NOTPIPELINED_SLOW_NOT_SIMD             0        0.000%                0        0.000%
FU_REJECTED_OP_NOTPIPELINED_VERY_SLOW_NOT_SIMD             0        0.000%                0        0.000%
FU_REJECTED_OP_INV_SIMD                              0        0.000%                0        0.000%
FU_REJECTED_OP_NOP_SIMD                              0        0.000%                0        0.000%
FU_REJECTED_OP_CF_SIMD                               0        0.000%                0        0.000%
FU_REJECTED_OP_MOV_SIMD                             41        0.046%              143        0.052%
FU_REJECTED_OP_CMOV_SIMD                             0        0.000%                0        0.000%
FU_REJECTED_OP_LDA_SIMD                              0        0.000%                0        0.000%
FU_REJECTED_OP_IMEM_SIMD                             0        0.000%                0        0.000%
FU_REJECTED_OP_IADD_SIMD                             0        0.000%                0        0.000%
FU_REJECTED_OP_IMUL_SIMD                             0        0.000%                0        0.000%
FU_REJECTED_OP_IDIV_SIMD                             0        0.000%                0        0.000%
FU_REJECTED_OP_ICMP_SIMD                             0        0.000%                0        0.000%
FU_REJECTED_OP_LOGIC_SIMD                            0        0.000%                0        0.000%
FU_REJECTED_OP_SHIFT_SIMD                            0        0.000%                0        0.000%
FU_REJECTED_OP_FMEM_SIMD                             0        0.000%                0        0.000%
FU_REJECTED_OP_FCVT_SIMD                           977        1.094%             2247        0.810%
FU_REJECTED_OP_FADD_SIMD                          1626        1.821%            31339       11.290%
FU_REJECTED_OP_FMUL_SIMD                             0        0.000%                0        0.000%
FU_REJECTED_OP_FMA_SIMD                              0        0.000%                0        0.000%
FU_REJECTED_OP_FDIV_SIMD                             0        0.000%                0        0.000%
FU_REJECTED_OP_FCMP_SIMD                             0        0.000%                0        0.000%
FU_REJECTED_OP_FCMOV_SIMD                            0        0.000%                0        0.000%
FU_REJECTED_OP_GATHER_SIMD                           0        0.000%                0        0.000%
FU_REJECTED_OP_SCATTER_SIMD                          0        0.000%                0        0.000%
FU_REJECTED_OP_PIPELINED_FAST_SIMD                   0        0.000%                0        0.000%
FU_REJECTED_OP_PIPELINED_MEDIUM_SIMD                 0        0.000%                0        0.000%
FU_REJECTED_OP_PIPELINED_SLOW_SIMD                   0        0.000%                0        0.000%
FU_REJECTED_OP_NOTPIPELINED_MEDIUM_SIMD              0        0.000%                0        0.000%
FU_REJECTED_OP_NOTPIPELINED_SLOW_SIMD                0        0.000%                0        0.000%
FU_REJECTED_OP_NOTPIPELINED_VERY_SLOW_SIMD             0        0.000%                0        0.000%
                                                 89311      100.000%           277573      100.000%
                                                  7.43         6.33             10.89        12.29

LSQ_FULL_TOTAL                                     364                          13922              

LSQ_FULL_LOAD_QUEUE                                  0                              0              

LSQ_FULL_STORE_QUEUE                               364                          13922              

OP_WAIT_0                                      7185364                       21675146              

OP_WAIT_1                                      2946429                        8750506              

OP_WAIT_2                                       539054                        1575753              

OP_WAIT_3                                       209019                         601083              

OP_WAIT_4                                       104321                         309753              

OP_WAIT_5                                        63879                         193308              

OP_WAIT_6                                        56779                         167117              

OP_WAIT_7                                        42731                         124226              

OP_WAIT_8                                        41117                         121724              

OP_WAIT_9                                        26076                          76478              

OP_WAIT_10                                       17882                          52201              

OP_WAIT_11                                       11398                          33519              

OP_WAIT_12                                       10114                          28177              

OP_WAIT_13                                       12394                          30232              

OP_WAIT_14                                        8424                          22021              

OP_WAIT_15                                        5596                          14022              

OP_WAIT_16                                        6565                          17648              

OP_WAIT_17                                        5577                          20192              

OP_WAIT_18                                        4273                          14161              

OP_WAIT_19                                        3757                          10076              

OP_WAIT_20                                        4164                          13050              

OP_WAIT_21                                        3043                           8115              

OP_WAIT_22                                        3110                           7859              

OP_WAIT_23                                        2717                           9859              

OP_WAIT_24                                        3642                          11297              

OP_WAIT_25                                        3049                           7434              

OP_WAIT_26                                        2441                           8399              

OP_WAIT_27                                        2636                           6850              

OP_WAIT_28                                        3190                           7670              

OP_WAIT_29                                        3292                          11861              

OP_WAIT_30                                        1974                           5593              

OP_WAIT_31                                       69604                         204462              

ROW_SIZE_0                                     2897715                        8920569              

ROW_SIZE_1                                      547571                        1671188              

ROW_SIZE_2                                      111263                         337741              

ROW_SIZE_3                                       57921                         170609              

ROW_SIZE_4                                       68109                         208232              

ROW_SIZE_5                                       65189                         199094              

ROW_SIZE_6                                       45500                         130974              

ROW_SIZE_7                                       43926                         129235              

ROW_SIZE_8                                     1160111                        3470301              

ROW_SIZE_9                                           0                              0              

ROW_SIZE_10                                          0                              0              

ROW_SIZE_11                                          0                              0              

ROW_SIZE_12                                          0                              0              

ROW_SIZE_13                                          0                              0              

ROW_SIZE_14                                          0                              0              

ROW_SIZE_15                                          0                              0              

ROW_SIZE_16                                          0                              0              

ROW_SIZE_17                                          0                              0              

ROW_SIZE_18                                          0                              0              

ROW_SIZE_19                                          0                              0              

ROW_SIZE_20                                          0                              0              

ROW_SIZE_21                                          0                              0              

ROW_SIZE_22                                          0                              0              

ROW_SIZE_23                                          0                              0              

ROW_SIZE_24                                          0                              0              

ROW_SIZE_25                                          0                              0              

ROW_SIZE_26                                          0                              0              

ROW_SIZE_27                                          0                              0              

ROW_SIZE_28                                          0                              0              

ROW_SIZE_29                                          0                              0              

ROW_SIZE_30                                          0                              0              

ROW_SIZE_31                                          0                              0              

RET_OP_EXEC_COUNT_0                                  0        0.000%                0        0.000%
RET_OP_EXEC_COUNT_1                           11403611      100.000%         34139792      100.000%
RET_OP_EXEC_COUNT_2                                  0        0.000%                0        0.000%
RET_OP_EXEC_COUNT_3                                  0        0.000%                0        0.000%
RET_OP_EXEC_COUNT_4                                  0        0.000%                0        0.000%
RET_OP_EXEC_COUNT_5                                  0        0.000%                0        0.000%
RET_OP_EXEC_COUNT_6                                  0        0.000%                0        0.000%
RET_OP_EXEC_COUNT_7                                  0        0.000%                0        0.000%
RET_OP_EXEC_COUNT_8                                  0        0.000%                0        0.000%
RET_OP_EXEC_COUNT_9                                  0        0.000%                0        0.000%
RET_OP_EXEC_COUNT_10                                 0        0.000%                0        0.000%
RET_OP_EXEC_COUNT_11                                 0        0.000%                0        0.000%
RET_OP_EXEC_COUNT_12                                 0        0.000%                0        0.000%
RET_OP_EXEC_COUNT_13                                 0        0.000%                0        0.000%
RET_OP_EXEC_COUNT_14                                 0        0.000%                0        0.000%
RET_OP_EXEC_COUNT_15                                 0        0.000%                0        0.000%
RET_OP_EXEC_COUNT_16                                 0        0.000%                0        0.000%
RET_OP_EXEC_COUNT_17                                 0        0.000%                0        0.000%
RET_OP_EXEC_COUNT_18                                 0        0.000%                0        0.000%
RET_OP_EXEC_COUNT_19                                 0        0.000%                0        0.000%
RET_OP_EXEC_COUNT_20                                 0        0.000%                0        0.000%
RET_OP_EXEC_COUNT_21                                 0        0.000%                0        0.000%
RET_OP_EXEC_COUNT_22                                 0        0.000%                0        0.000%
RET_OP_EXEC_COUNT_23                                 0        0.000%                0        0.000%
RET_OP_EXEC_COUNT_24                                 0        0.000%                0        0.000%
RET_OP_EXEC_COUNT_25                                 0        0.000%                0        0.000%
RET_OP_EXEC_COUNT_26                                 0        0.000%                0        0.000%
RET_OP_EXEC_COUNT_27                                 0        0.000%                0        0.000%
RET_OP_EXEC_COUNT_28                                 0        0.000%                0        0.000%
RET_OP_EXEC_COUNT_29                                 0        0.000%                0        0.000%
RET_OP_EXEC_COUNT_30                                 0        0.000%                0        0.000%
RET_OP_EXEC_COUNT_31                                 0        0.000%                0        0.000%
RET_OP_EXEC_COUNT_32                                 0        0.000%                0        0.000%
                                              11403611      100.000%         34139792      100.000%
                                                  1.00         0.00              1.00         0.00

RET_STALL_LENGTH_0                            11403361       99.998%         34138093       99.995%
RET_STALL_LENGTH_100                               235        0.002%             1363        0.004%
RET_STALL_LENGTH_200                                 6        0.000%              268        0.001%
RET_STALL_LENGTH_300                                 0        0.000%               18        0.000%
RET_STALL_LENGTH_400                                 0        0.000%                8        0.000%
RET_STALL_LENGTH_500                                 0        0.000%                5        0.000%
RET_STALL_LENGTH_600                                 0        0.000%                5        0.000%
RET_STALL_LENGTH_700                                 2        0.000%                5        0.000%
RET_STALL_LENGTH_800                                 1        0.000%                3        0.000%
RET_STALL_LENGTH_900                                 1        0.000%                2        0.000%
RET_STALL_LENGTH_1000                                0        0.000%                2        0.000%
RET_STALL_LENGTH_1100                                1        0.000%                3        0.000%
RET_STALL_LENGTH_1200                                2        0.000%               11        0.000%
RET_STALL_LENGTH_1300                                2        0.000%                5        0.000%
RET_STALL_LENGTH_1400                                0        0.000%                0        0.000%
RET_STALL_LENGTH_1500                                0        0.000%                1        0.000%
RET_STALL_LENGTH_1600                                0        0.000%                0        0.000%
RET_STALL_LENGTH_1700                                0        0.000%                0        0.000%
RET_STALL_LENGTH_1800                                0        0.000%                0        0.000%
RET_STALL_LENGTH_1900                                0        0.000%                0        0.000%
RET_STALL_LENGTH_2000                                0        0.000%                0        0.000%
RET_STALL_LENGTH_2100                                0        0.000%                0        0.000%
RET_STALL_LENGTH_2200                                0        0.000%                0        0.000%
RET_STALL_LENGTH_2300                                0        0.000%                0        0.000%
RET_STALL_LENGTH_2400                                0        0.000%                0        0.000%
RET_STALL_LENGTH_2500                                0        0.000%                0        0.000%
RET_STALL_LENGTH_2600                                0        0.000%                0        0.000%
RET_STALL_LENGTH_2700                                0        0.000%                0        0.000%
RET_STALL_LENGTH_2800                                0        0.000%                0        0.000%
RET_STALL_LENGTH_2900                                0        0.000%                0        0.000%
RET_STALL_LENGTH_3000                                0        0.000%                0        0.000%
RET_STALL_LENGTH_3100                                0        0.000%                0        0.000%
RET_STALL_LENGTH_3200                                0        0.000%                0        0.000%
RET_STALL_LENGTH_3300                                0        0.000%                0        0.000%
RET_STALL_LENGTH_3400                                0        0.000%                0        0.000%
RET_STALL_LENGTH_3500                                0        0.000%                0        0.000%
RET_STALL_LENGTH_3600                                0        0.000%                0        0.000%
RET_STALL_LENGTH_3700                                0        0.000%                0        0.000%
RET_STALL_LENGTH_3800                                0        0.000%                0        0.000%
RET_STALL_LENGTH_3900                                0        0.000%                0        0.000%
RET_STALL_LENGTH_4000                                0        0.000%                0        0.000%
RET_STALL_LENGTH_4100                                0        0.000%                0        0.000%
RET_STALL_LENGTH_4200                                0        0.000%                0        0.000%
RET_STALL_LENGTH_4300                                0        0.000%                0        0.000%
RET_STALL_LENGTH_4400                                0        0.000%                0        0.000%
RET_STALL_LENGTH_4500                                0        0.000%                0        0.000%
RET_STALL_LENGTH_4600                                0        0.000%                0        0.000%
RET_STALL_LENGTH_4700                                0        0.000%                0        0.000%
RET_STALL_LENGTH_4800                                0        0.000%                0        0.000%
RET_STALL_LENGTH_4900                                0        0.000%                0        0.000%
RET_STALL_LENGTH_5000                                0        0.000%                0        0.000%
                                              11403611      100.000%         34139792      100.000%
                                                  0.00         0.01              0.00         0.01

MEM_BLOCK_LENGTH_0                                   6      100.000%              401       93.692%
MEM_BLOCK_LENGTH_100                                 0        0.000%               24        5.607%
MEM_BLOCK_LENGTH_200                                 0        0.000%                0        0.000%
MEM_BLOCK_LENGTH_300                                 0        0.000%                3        0.701%
MEM_BLOCK_LENGTH_400                                 0        0.000%                0        0.000%
MEM_BLOCK_LENGTH_500                                 0        0.000%                0        0.000%
MEM_BLOCK_LENGTH_600                                 0        0.000%                0        0.000%
MEM_BLOCK_LENGTH_700                                 0        0.000%                0        0.000%
MEM_BLOCK_LENGTH_800                                 0        0.000%                0        0.000%
MEM_BLOCK_LENGTH_900                                 0        0.000%                0        0.000%
MEM_BLOCK_LENGTH_1000                                0        0.000%                0        0.000%
MEM_BLOCK_LENGTH_1100                                0        0.000%                0        0.000%
MEM_BLOCK_LENGTH_1200                                0        0.000%                0        0.000%
MEM_BLOCK_LENGTH_1300                                0        0.000%                0        0.000%
MEM_BLOCK_LENGTH_1400                                0        0.000%                0        0.000%
MEM_BLOCK_LENGTH_1500                                0        0.000%                0        0.000%
MEM_BLOCK_LENGTH_1600                                0        0.000%                0        0.000%
MEM_BLOCK_LENGTH_1700                                0        0.000%                0        0.000%
MEM_BLOCK_LENGTH_1800                                0        0.000%                0        0.000%
MEM_BLOCK_LENGTH_1900                                0        0.000%                0        0.000%
MEM_BLOCK_LENGTH_2000                                0        0.000%                0        0.000%
MEM_BLOCK_LENGTH_2100                                0        0.000%                0        0.000%
MEM_BLOCK_LENGTH_2200                                0        0.000%                0        0.000%
MEM_BLOCK_LENGTH_2300                                0        0.000%                0        0.000%
MEM_BLOCK_LENGTH_2400                                0        0.000%                0        0.000%
MEM_BLOCK_LENGTH_2500                                0        0.000%                0        0.000%
MEM_BLOCK_LENGTH_2600                                0        0.000%                0        0.000%
MEM_BLOCK_LENGTH_2700                                0        0.000%                0        0.000%
MEM_BLOCK_LENGTH_2800                                0        0.000%                0        0.000%
MEM_BLOCK_LENGTH_2900                                0        0.000%                0        0.000%
MEM_BLOCK_LENGTH_3000                                0        0.000%                0        0.000%
MEM_BLOCK_LENGTH_3100                                0        0.000%                0        0.000%
MEM_BLOCK_LENGTH_3200                                0        0.000%                0        0.000%
MEM_BLOCK_LENGTH_3300                                0        0.000%                0        0.000%
MEM_BLOCK_LENGTH_3400                                0        0.000%                0        0.000%
MEM_BLOCK_LENGTH_3500                                0        0.000%                0        0.000%
MEM_BLOCK_LENGTH_3600                                0        0.000%                0        0.000%
MEM_BLOCK_LENGTH_3700                                0        0.000%                0        0.000%
MEM_BLOCK_LENGTH_3800                                0        0.000%                0        0.000%
MEM_BLOCK_LENGTH_3900                                0        0.000%                0        0.000%
MEM_BLOCK_LENGTH_4000                                0        0.000%                0        0.000%
MEM_BLOCK_LENGTH_4100                                0        0.000%                0        0.000%
MEM_BLOCK_LENGTH_4200                                0        0.000%                0        0.000%
MEM_BLOCK_LENGTH_4300                                0        0.000%                0        0.000%
MEM_BLOCK_LENGTH_4400                                0        0.000%                0        0.000%
MEM_BLOCK_LENGTH_4500                                0        0.000%                0        0.000%
MEM_BLOCK_LENGTH_4600                                0        0.000%                0        0.000%
MEM_BLOCK_LENGTH_4700                                0        0.000%                0        0.000%
MEM_BLOCK_LENGTH_4800                                0        0.000%                0        0.000%
MEM_BLOCK_LENGTH_4900                                0        0.000%                0        0.000%
MEM_BLOCK_LENGTH_5000                                0        0.000%                0        0.000%
                                                     6      100.000%              428      100.000%
                                                  0.00         0.00              0.08         0.33

FUS_BUSY_ON_PATH                              11613025        2.2819         34777101        2.2392

FUS_BUSY_OFF_PATH                               902570        0.1773          2303945        0.1483

FU_BUSY_MEM_STALL                               221907        0.0436           672430        0.0433

FUS_EMPTY                                     38377165        7.5408        118231694        7.6125

FU_UNAVAILABLE                                    3124        0.0006             8456        0.0005

FU_MEM_UNAVAILABLE                               86187        0.0169           269117        0.0173

FU_OTHER_UNAVAILABLE                                 0        0.0000                0        0.0000

FU_REPLAY                                            0        0.0000                0        0.0000

FU_STARVED                                    38333089        7.5321        118112414        7.6048

CHIP_UTILIZATION                                     0        0.0000                0        0.0000

CYCLES_UNDER_MEM_REQ                                 0                              0              

CYCLES_UNDER_NO_MEM_REQ                              0                              0              

CYCLES_UNDER_CRITICAL_MEM_REQ                        0                              0              

CYCLES_UNDER_NONCRITICAL_MEM_REQ                     0                              0              

CHIP_UTILIZATION_UNDER_MEM_REQ                       0          -nan                0          -nan

CHIP_UTILIZATION_UNDER_NO_MEM_REQ                    0          -nan                0          -nan

CHIP_UTILIZATION_UNDER_CRITICAL_MEM_REQ              0          -nan                0          -nan

CHIP_UTILIZATION_UNDER_NONCRITICAL_MEM_REQ             0          -nan                0          -nan

CYCLES_NOT_WAITING_FOR_OFF_CHIP                      0        0.0000                0        0.0000

FUS_BUSY_NOT_WAITING_FOR_OFF_CHIP                    0          -nan                0          -nan

CYCLES_WAITING_FOR_OFF_CHIP                          0        0.0000                0        0.0000

FUS_BUSY_WAITING_FOR_OFF_CHIP                        0          -nan                0          -nan

TOTAL_OFF_CHIP_DELAYS_LEFT                           0                              0              

WRONG_IO_SCHED                                       0                              0              

DVFS_CONFIG_SWITCH                                   0                              0              

MAP_STAGE_RECEIVED_OPS_0                             0        0.000%                0        0.000%
MAP_STAGE_RECEIVED_OPS_1                         15213        0.784%            41846        0.722%
MAP_STAGE_RECEIVED_OPS_2                         18067        0.931%            44541        0.768%
MAP_STAGE_RECEIVED_OPS_3                         21118        1.088%            58521        1.009%
MAP_STAGE_RECEIVED_OPS_4                         21006        1.082%            57175        0.986%
MAP_STAGE_RECEIVED_OPS_5                         22821        1.175%            59832        1.032%
MAP_STAGE_RECEIVED_OPS_6                       1843375       94.941%          5536866       95.483%
MAP_STAGE_RECEIVED_OPS_7                             0        0.000%                0        0.000%
MAP_STAGE_RECEIVED_OPS_8                             0        0.000%                0        0.000%
MAP_STAGE_RECEIVED_OPS_MAX                           0        0.000%                0        0.000%
                                               1941600      100.000%          5798781      100.000%
                                                  5.86         0.69              5.87         0.65

MAP_STAGE_WAIT_FOR_DECODE                            0         -nan%                0         -nan%
MAP_STAGE_CONSUME_DECODE                             0         -nan%                0         -nan%
                                                     0         -nan%                0         -nan%
                                                  -nan         -nan              -nan         -nan

MAP_STAGE_WAIT_FOR_DECODE2                           0         -nan%                0         -nan%
MAP_STAGE_CONSUME_DECODE2                            0         -nan%                0         -nan%
                                                     0         -nan%                0         -nan%
                                                  -nan         -nan              -nan         -nan

FTQ_RECOVER_EXEC                                 15915                          43225              

FTQ_RECOVER_DECODE                                  40                            960              

FTQ_OFFPATH_CYCLES                             3063675                        8720535              

FTQ_CYCLES_OFFPATH                             3063675                        8720535              

FTQ_CYCLES_ONPATH                              2025601                        6810739              

FTQ_FETCHED_INS_ONPATH                        11402993                       34139792              

FTQ_FETCHED_INS_OFFPATH                       16169919                       46148655              

FTQ_BREAK_FULL_FT_ONPATH                       1347482                        4903295              

FTQ_BREAK_FULL_FT_OFFPATH                      1660464                        4903989              

FTQ_BREAK_PRED_BR_ONPATH                             0                              0              

FTQ_BREAK_PRED_BR_OFFPATH                            0                              0              

FTQ_BREAK_BAR_FETCH_ONPATH                           0                              0              

FTQ_BREAK_BAR_FETCH_OFFPATH                          0                              0              

FTQ_BREAK_MAX_CFS_TAKEN_ONPATH                       0                              0              

FTQ_BREAK_MAX_CFS_TAKEN_OFFPATH                      0                              0              

FTQ_BREAK_MAX_FT_ONPATH                         677845                        1907170              

FTQ_BREAK_MAX_FT_OFFPATH                       1403211                        3816546              

DFE_GEN_ON_PATH_FT                             1387582                        4154310              

DFE_GEN_OFF_PATH_FT                            1487655                        4114838              

DFE_L0_ENABLED_PREDICTIONS                    11402993                       34139792              

DFE_L0_WRONG_MAIN_CORRECT                       470357                        1418346              

DFE_L0_WRONG_MAIN_WRONG                          14622                          40074              

DFE_L0_CORRECT_MAIN_WRONG                         1333                           4111              

DFE_L0_CORRECT_MAIN_CORRECT                   10916681                       32677261              

DFE_L0_WRONG_MAIN_CORRECT_RECOVERY_SCHEDULED             0                              0              

FTQ_SAW_BAR_FETCH_OFFPATH                            0                              0              

FTQ_SAW_BAR_FETCH_ONPATH                             0                              0              

DFE_CONF_0_RECOVER_AT_EXEC                           0         -nan%                0         -nan%
DFE_CONF_1_RECOVER_AT_EXEC                           0         -nan%                0         -nan%
DFE_CONF_2_RECOVER_AT_EXEC                           0         -nan%                0         -nan%
DFE_CONF_3_RECOVER_AT_EXEC                           0         -nan%                0         -nan%
DFE_CONF_0_CORRECT                                   0         -nan%                0         -nan%
DFE_CONF_1_CORRECT                                   0         -nan%                0         -nan%
DFE_CONF_2_CORRECT                                   0         -nan%                0         -nan%
DFE_CONF_3_CORRECT                                   0         -nan%                0         -nan%
                                                     0         -nan%                0         -nan%
                                                  -nan         -nan              -nan         -nan

DFE_ON_CONF_ON_OPS                                   0         -nan%                0         -nan%
DFE_ON_CONF_OFF_OPS                                  0         -nan%                0         -nan%
DFE_OFF_CONF_ON_OPS                                  0         -nan%                0         -nan%
DFE_OFF_CONF_OFF_REALISTIC_OPS                       0         -nan%                0         -nan%
DFE_OFF_CONF_OFF_PERFECT_OPS                         0         -nan%                0         -nan%
                                                     0         -nan%                0         -nan%
                                                  -nan         -nan              -nan         -nan

DFE_ON_CONF_ON_FETCH_TARGETS                         0         -nan%                0         -nan%
DFE_ON_CONF_OFF_FETCH_TARGETS                        0         -nan%                0         -nan%
DFE_OFF_CONF_ON_FETCH_TARGETS                        0         -nan%                0         -nan%
DFE_OFF_CONF_OFF_REALISTIC_FETCH_TARGETS             0         -nan%                0         -nan%
DFE_OFF_CONF_OFF_PERFECT_FETCH_TARGETS               0         -nan%                0         -nan%
                                                     0         -nan%                0         -nan%
                                                  -nan         -nan              -nan         -nan

DFE_ON_CONF_ON_CYCLES                                0         -nan%                0         -nan%
DFE_ON_CONF_OFF_CYCLES                               0         -nan%                0         -nan%
DFE_OFF_CONF_ON_CYCLES                               0         -nan%                0         -nan%
DFE_OFF_CONF_OFF_REALISTIC_CYCLES                    0         -nan%                0         -nan%
DFE_OFF_CONF_OFF_PERFECT_CYCLES                      0         -nan%                0         -nan%
                                                     0         -nan%                0         -nan%
                                                  -nan         -nan              -nan         -nan

DFE_OFF_CONF_ON_NUM_EVENTS                           0                              0              

DFE_OFF_CONF_ON_NOT_IDENTIFIED_EVENTS                0         -nan%                0         -nan%
DFE_OFF_CONF_ON_IBTB_MISS_EVENTS                     0         -nan%                0         -nan%
DFE_OFF_CONF_ON_BTB_MISS_EVENTS                      0         -nan%                0         -nan%
DFE_OFF_CONF_ON_BTB_MISS_RECOVER_AT_EXEC_EVENTS             0         -nan%                0         -nan%
DFE_OFF_CONF_ON_RECOVER_AT_EXEC_EVENTS               0         -nan%                0         -nan%
DFE_OFF_CONF_ON_RECOVER_AT_DECODE_EVENTS             0         -nan%                0         -nan%
                                                     0         -nan%                0         -nan%
                                                  -nan         -nan              -nan         -nan

DFE_OFF_CONF_ON_LATE_BTB_HIT_EVENTS                  0                              0              

DFE_OFF_CONF_ON_NOT_IDENTIFIED_CYCLES                0         -nan%                0         -nan%
DFE_OFF_CONF_ON_IBTB_MISS_CYCLES                     0         -nan%                0         -nan%
DFE_OFF_CONF_ON_BTB_MISS_CYCLES                      0         -nan%                0         -nan%
DFE_OFF_CONF_ON_BTB_MISS_RECOVER_AT_EXEC_CYCLES             0         -nan%                0         -nan%
DFE_OFF_CONF_ON_RECOVER_AT_EXEC_CYCLES               0         -nan%                0         -nan%
DFE_OFF_CONF_ON_RECOVER_AT_DECODE_CYCLES             0         -nan%                0         -nan%
                                                     0         -nan%                0         -nan%
                                                  -nan         -nan              -nan         -nan

DFE_OFF_CONF_ON_LATE_BTB_HIT_CYCLES                  0                              0              

DFE_OFF_CONF_ON_NOT_IDENTIFIED_FETCH_TARGETS             0         -nan%                0         -nan%
DFE_OFF_CONF_ON_IBTB_MISS_FETCH_TARGETS              0         -nan%                0         -nan%
DFE_OFF_CONF_ON_BTB_MISS_FETCH_TARGETS               0         -nan%                0         -nan%
DFE_OFF_CONF_ON_BTB_MISS_RECOVER_AT_EXEC_FETCH_TARGETS             0         -nan%                0         -nan%
DFE_OFF_CONF_ON_RECOVER_AT_EXEC_FETCH_TARGETS             0         -nan%                0         -nan%
DFE_OFF_CONF_ON_RECOVER_AT_DECODE_FETCH_TARGETS             0         -nan%                0         -nan%
                                                     0         -nan%                0         -nan%
                                                  -nan         -nan              -nan         -nan

DFE_OFF_CONF_ON_LATE_BTB_HIT_FETCH_TARGETS             0                              0              

DFE_OFF_CONF_ON_BP_INCORRECT_0_CONF                  0         -nan%                0         -nan%
DFE_OFF_CONF_ON_BP_INCORRECT_1_CONF                  0         -nan%                0         -nan%
DFE_OFF_CONF_ON_BP_INCORRECT_2_CONF                  0         -nan%                0         -nan%
DFE_OFF_CONF_ON_BP_INCORRECT_3_CONF                  0         -nan%                0         -nan%
                                                     0         -nan%                0         -nan%
                                                  -nan         -nan              -nan         -nan

DFE_OFF_CONF_ON_BTB_MISS_CBR_0_CONF                  0         -nan%                0         -nan%
DFE_OFF_CONF_ON_BTB_MISS_CBR_1_CONF                  0         -nan%                0         -nan%
DFE_OFF_CONF_ON_BTB_MISS_CBR_2_CONF                  0         -nan%                0         -nan%
DFE_OFF_CONF_ON_BTB_MISS_CBR_3_CONF                  0         -nan%                0         -nan%
                                                     0         -nan%                0         -nan%
                                                  -nan         -nan              -nan         -nan

DFE_OFF_CONF_ON_BTB_MISS_NOT_CF                      0         -nan%                0         -nan%
DFE_OFF_CONF_ON_BTB_MISS_CF_BR                       0         -nan%                0         -nan%
DFE_OFF_CONF_ON_BTB_MISS_CF_CBR                      0         -nan%                0         -nan%
DFE_OFF_CONF_ON_BTB_MISS_CF_CALL                     0         -nan%                0         -nan%
DFE_OFF_CONF_ON_BTB_MISS_CF_IBR                      0         -nan%                0         -nan%
DFE_OFF_CONF_ON_BTB_MISS_CF_ICALL                    0         -nan%                0         -nan%
DFE_OFF_CONF_ON_BTB_MISS_CF_ICO                      0         -nan%                0         -nan%
DFE_OFF_CONF_ON_BTB_MISS_CF_RET                      0         -nan%                0         -nan%
DFE_OFF_CONF_ON_BTB_MISS_CF_SYS                      0         -nan%                0         -nan%
                                                     0         -nan%                0         -nan%
                                                  -nan         -nan              -nan         -nan

DFE_ON_CONF_OFF_NUM_EVENTS                           0                              0              

CONF_BTB_NUM_CYCLES_OFF_PATH_EVENT                   0                              0              

DFE_ON_CONF_OFF_IBTB_MISS_BP_TAKEN                   0         -nan%                0         -nan%
DFE_ON_CONF_OFF_BTB_MISS_BP_TAKEN_CONF_0             0         -nan%                0         -nan%
DFE_ON_CONF_OFF_BTB_MISS_BP_TAKEN_CONF_1             0         -nan%                0         -nan%
DFE_ON_CONF_OFF_BTB_MISS_BP_TAKEN_CONF_2             0         -nan%                0         -nan%
DFE_ON_CONF_OFF_BTB_MISS_BP_TAKEN_CONF_3             0         -nan%                0         -nan%
DFE_ON_CONF_OFF_BTB_MISS_RATE                        0         -nan%                0         -nan%
DFE_ON_CONF_OFF_IBTB_MISS_RATE                       0         -nan%                0         -nan%
DFE_ON_CONF_OFF_RECOVER_AT_DECODE_RATE               0         -nan%                0         -nan%
DFE_ON_CONF_OFF_RECOVER_AT_EXEC_RATE                 0         -nan%                0         -nan%
DFE_ON_CONF_OFF_INV_CONF_INC                         0         -nan%                0         -nan%
DFE_ON_CONF_OFF_PERFECT_CONF                         0         -nan%                0         -nan%
                                                     0         -nan%                0         -nan%
                                                  -nan         -nan              -nan         -nan

DFE_ON_CONF_OFF_IBTB_MISS_BP_TAKEN_CYCLES             0         -nan%                0         -nan%
DFE_ON_CONF_OFF_BTB_MISS_BP_TAKEN_CONF_0_CYCLES             0         -nan%                0         -nan%
DFE_ON_CONF_OFF_BTB_MISS_BP_TAKEN_CONF_1_CYCLES             0         -nan%                0         -nan%
DFE_ON_CONF_OFF_BTB_MISS_BP_TAKEN_CONF_2_CYCLES             0         -nan%                0         -nan%
DFE_ON_CONF_OFF_BTB_MISS_BP_TAKEN_CONF_3_CYCLES             0         -nan%                0         -nan%
DFE_ON_CONF_OFF_BTB_MISS_RATE_CYCLES                 0         -nan%                0         -nan%
DFE_ON_CONF_OFF_IBTB_MISS_RATE_CYCLES                0         -nan%                0         -nan%
DFE_ON_CONF_OFF_RECOVER_AT_DECODE_RATE_CYCLES             0         -nan%                0         -nan%
DFE_ON_CONF_OFF_RECOVER_AT_EXEC_RATE_CYCLES             0         -nan%                0         -nan%
DFE_ON_CONF_OFF_INV_CONF_INC_CYCLES                  0         -nan%                0         -nan%
DFE_ON_CONF_OFF_PERFECT_CONF_CYCLES                  0         -nan%                0         -nan%
                                                     0         -nan%                0         -nan%
                                                  -nan         -nan              -nan         -nan

DFE_ON_CONF_OFF_IBTB_MISS_BP_TAKEN_FETCH_TARGETS             0         -nan%                0         -nan%
DFE_ON_CONF_OFF_BTB_MISS_BP_TAKEN_CONF_0_FETCH_TARGETS             0         -nan%                0         -nan%
DFE_ON_CONF_OFF_BTB_MISS_BP_TAKEN_CONF_1_FETCH_TARGETS             0         -nan%                0         -nan%
DFE_ON_CONF_OFF_BTB_MISS_BP_TAKEN_CONF_2_FETCH_TARGETS             0         -nan%                0         -nan%
DFE_ON_CONF_OFF_BTB_MISS_BP_TAKEN_CONF_3_FETCH_TARGETS             0         -nan%                0         -nan%
DFE_ON_CONF_OFF_BTB_MISS_RATE_FETCH_TARGETS             0         -nan%                0         -nan%
DFE_ON_CONF_OFF_IBTB_MISS_RATE_FETCH_TARGETS             0         -nan%                0         -nan%
DFE_ON_CONF_OFF_RECOVER_AT_DECODE_RATE_FETCH_TARGETS             0         -nan%                0         -nan%
DFE_ON_CONF_OFF_RECOVER_AT_EXEC_RATE_FETCH_TARGETS             0         -nan%                0         -nan%
DFE_ON_CONF_OFF_INV_CONF_INC_FETCH_TARGETS             0         -nan%                0         -nan%
DFE_ON_CONF_OFF_PERFECT_CONF_FETCH_TARGETS             0         -nan%                0         -nan%
                                                     0         -nan%                0         -nan%
                                                  -nan         -nan              -nan         -nan

CONF_OFF_IBTB_MISS_BP_TAKEN                          0         -nan%                0         -nan%
CONF_OFF_BTB_MISS_BP_TAKEN_CONF_0                    0         -nan%                0         -nan%
CONF_OFF_BTB_MISS_BP_TAKEN_CONF_1                    0         -nan%                0         -nan%
CONF_OFF_BTB_MISS_BP_TAKEN_CONF_2                    0         -nan%                0         -nan%
CONF_OFF_BTB_MISS_BP_TAKEN_CONF_3                    0         -nan%                0         -nan%
CONF_OFF_BTB_MISS_RATE                               0         -nan%                0         -nan%
CONF_OFF_IBTB_MISS_RATE                              0         -nan%                0         -nan%
CONF_OFF_RECOVER_AT_DECODE_RATE                      0         -nan%                0         -nan%
CONF_OFF_RECOVER_AT_EXEC_RATE                        0         -nan%                0         -nan%
CONF_OFF_INV_CONF_INC                                0         -nan%                0         -nan%
CONF_OFF_PERFECT_CONF                                0         -nan%                0         -nan%
                                                     0         -nan%                0         -nan%
                                                  -nan         -nan              -nan         -nan

TOPDOWN_TOTAL_SLOTS                           30535656                       93187644              

TOPDOWN_ISSUED_SLOTS                          13435002                       39340011              

TOPDOWN_RETIRED_SLOTS                         11403388                       34139792              

TOPDOWN_FETCH_BUBBLES_SLOTS                    1174192                        3758440              

TOPDOWN_RECOVERY_BUBBLES_SLOTS                  884111                        2345197              

TOPDOWN_MEM_LOAD_STALLS_CYCLES                 2198970                        6941138              

TOPDOWN_MEM_STORE_STALLS_CYCLES                    175                          12271              

TOPDOWN_EXEC_STALLS_CYCLES                     1350918                        4287769              

TOPDOWN_BACKEND_STALLS_CYCLES                  2199230                        6954741              

TOPDOWN_FETCH_BUBBLES_GT_MIW_CYCLES             163261                         539700              

TOPDOWN_BR_RECOVER_AT_EXEC_RETIRED_CYCLES         15915                          43225              

TOPDOWN_MACHINE_CLEAR_CYCLES                    486312                        1462531              

TOPDOWN_FRONTEND_BOUND                             384                            384              

TOPDOWN_BACKEND_BOUND                             4928                           4928              

TOPDOWN_BAD_SPEC_BOUND                             954                            954              

TOPDOWN_RETIRING_BOUND                            3734                           3734              

TOPDOWN_FETCH_LATENCY_BOUND                        320                            320              

TOPDOWN_FETCH_BANDWIDTH_BOUND                       64                             64              

TOPDOWN_MEM_BOUND                                 4927                           4927              

TOPDOWN_CORE_BOUND                                   1                              1              

TOPDOWN_BR_RECOVER_AT_EXEC_BOUND                    30                             30              

TOPDOWN_MACHINE_CLEARS_BOUND                       924                            924              

H2P_SEEN_MAIN                                        0                           2141              



