/* -*- Mode: c -*- */
####################################################################################################
Core 0
####################################################################################################
Cumulative:        Cycles: 11984026              Instructions: 30000000              IPC: 2.50333

Periodic:          Cycles: 3908592               Instructions: 9999996               IPC: 2.55847

MISS_WAIT_TIME                            216412813405                   400129745107              

ICACHE_STAGE_MISS                                21825                          66288              

ICACHE_CYCLE                                   3908592                       11984026              

TCACHE_CYCLE                                         0                              0              

ICACHE_SERVING_CYCLE_ON_PATH                   1336252                        4126072              

ICACHE_SERVING_CYCLE_OFF_PATH                   328738                         954259              

UCACHE_SERVING_CYCLE_ON_PATH                   1307921                        4009651              

UCACHE_SERVING_CYCLE_OFF_PATH                   616875                        1860161              

ICACHE_CYCLE_ONPATH                            2912004       74.503%          9011753       75.198%
ICACHE_CYCLE_OFFPATH                            996588       25.497%          2972273       24.802%
                                               3908592      100.000%         11984026      100.000%
                                                  0.25         0.40              0.25         0.39

FETCH_ON_PATH                                  2950913       75.498%          9122597       76.123%
FETCH_OFF_PATH                                  957679       24.502%          2861429       23.877%
                                               3908592      100.000%         11984026      100.000%
                                                  0.25         0.39              0.24         0.39

FETCHED_OPS_ON_PATH                                  0         -nan%                0         -nan%
FETCHED_OPS_OFF_PATH                                 0         -nan%                0         -nan%
                                                     0         -nan%                0         -nan%
                                                  -nan         -nan              -nan         -nan

INST_LOST_FETCH                               11389403       43.865%         34137991       42.869%
INST_LOST_OFF_PATH                             4246678       16.356%         12513000       15.713%
INST_LOST_FULL_WINDOW                           648052        2.496%          2075180        2.606%
INST_LOST_ROB_STALL_OTHER                      4242452       16.339%         13981388       17.557%
INST_LOST_ROB_STALL_WAIT_FOR_RECOVERY                0        0.000%                0        0.000%
INST_LOST_ROB_STALL_WAIT_FOR_REDIRECT                0        0.000%                0        0.000%
INST_LOST_ROB_STALL_WAIT_FOR_GAP_FILL                0        0.000%                0        0.000%
INST_LOST_ROB_STALL_WAIT_FOR_L1_MISS                 0        0.000%                0        0.000%
INST_LOST_ROB_STALL_WAIT_FOR_MEMORY                  0        0.000%            30024        0.038%
INST_LOST_ROB_STALL_WAIT_FOR_DC_MISS            262502        1.011%           813808        1.022%
INST_LOST_ROB_BLOCK_ISSUE_FULL                       0        0.000%                0        0.000%
INST_LOST_ROB_BLOCK_ISSUE_GAP_TOO_LARGE              0        0.000%                0        0.000%
INST_LOST_BREAK_DONT                                 0        0.000%                0        0.000%
INST_LOST_BREAK_FT_UNAVAILABLE                  830806        3.200%          2437385        3.061%
INST_LOST_BREAK_ICACHE_STAGE_RESTEER             36158        0.139%           102825        0.129%
INST_LOST_BREAK_ICACHE_MISS_REQ_SUCCESS          99808        0.384%           299414        0.376%
INST_LOST_BREAK_ICACHE_MISS_REQ_FAILURE             84        0.000%             5974        0.008%
INST_LOST_BREAK_ICACHE_WAIT_FOR_MISS            998501        3.846%          3511415        4.409%
INST_LOST_BREAK_ICACHE_STALLED                  237777        0.916%           766185        0.962%
INST_LOST_BREAK_ICACHE_TO_UOP_CACHE_SWITCH        385894        1.486%          1168223        1.467%
INST_LOST_BREAK_ICACHE_READ_LIMIT               423312        1.630%          1241357        1.559%
INST_LOST_BREAK_ICACHE_ISSUE_WIDTH                   0        0.000%                0        0.000%
INST_LOST_BREAK_UOP_CACHE_STALLED               525589        2.024%          1667822        2.094%
INST_LOST_BREAK_UOP_CACHE_TO_ICACHE_SWITCH        523488        2.016%          1584554        1.990%
INST_LOST_BREAK_UOP_CACHE_READ_LIMIT           1113895        4.290%          3296560        4.140%
INST_LOST_BREAK_UOP_CACHE_ISSUE_WIDTH                0        0.000%                0        0.000%
                                              25964399      100.000%         79633105      100.000%
                                                  4.65         7.01              4.73         6.99

INST_LOST_TOTAL                               27332930                       83724670              

INST_LOST_WAIT_FOR_ICACHE_MISS_NOT_PREFETCHED          1254        0.135%           143046        4.412%
INST_LOST_WAIT_FOR_ICACHE_MISS_PREFETCHED_AND_EVICTED_BY_IFETCH             0        0.000%                0        0.000%
INST_LOST_WAIT_FOR_ICACHE_MISS_PREFETCHED_AND_EVICTED_BY_FDIP             0        0.000%                0        0.000%
INST_LOST_WAIT_FOR_ICACHE_MISS_MSHR_HIT_PREF_OFFPATH          5376        0.579%            22560        0.696%
INST_LOST_WAIT_FOR_ICACHE_MISS_MSHR_HIT_PREF_ONPATH        922308       99.286%          3076776       94.892%
                                                928938      100.000%          3242382      100.000%
                                                  3.99         3.98              3.82         3.72

FETCH_0_OPS                                     314354        8.043%          1019562        8.508%
FETCH_1_OPS                                     129089        3.303%           388338        3.240%
FETCH_2_OPS                                     111294        2.847%           346322        2.890%
FETCH_3_OPS                                     184324        4.716%           557217        4.650%
FETCH_4_OPS                                     208074        5.324%           632057        5.274%
FETCH_5_OPS                                     158712        4.061%           467371        3.900%
FETCH_6_OPS                                    1334556       34.144%          4083361       34.073%
FETCH_7_OPS                                     125735        3.217%           393310        3.282%
FETCH_8_OPS                                    1342454       34.346%          4096488       34.183%
FETCH_9_OPS                                          0        0.000%                0        0.000%
FETCH_10_OPS                                         0        0.000%                0        0.000%
FETCH_11_OPS                                         0        0.000%                0        0.000%
FETCH_12_OPS                                         0        0.000%                0        0.000%
FETCH_13_OPS                                         0        0.000%                0        0.000%
FETCH_14_OPS                                         0        0.000%                0        0.000%
FETCH_15_OPS                                         0        0.000%                0        0.000%
FETCH_16_OPS                                         0        0.000%                0        0.000%
                                               3908592      100.000%         11984026      100.000%
                                                  5.67         1.89              5.64         1.89

ST_BREAK_DONT                                        0        0.000%                0        0.000%
ST_BREAK_FT_UNAVAILABLE                         141233        3.613%           415078        3.464%
ST_BREAK_ICACHE_STAGE_RESTEER                     9132        0.234%            25806        0.215%
ST_BREAK_ICACHE_MISS_REQ_SUCCESS                 21825        0.558%            66288        0.553%
ST_BREAK_ICACHE_MISS_REQ_FAILURE                    14        0.000%             1060        0.009%
ST_BREAK_ICACHE_WAIT_FOR_MISS                   166443        4.258%           585368        4.885%
ST_BREAK_ICACHE_STALLED                         400652       10.251%          1312101       10.949%
ST_BREAK_ICACHE_TO_UOP_CACHE_SWITCH             129214        3.306%           388625        3.243%
ST_BREAK_ICACHE_READ_LIMIT                      161905        4.142%           472882        3.946%
ST_BREAK_ICACHE_ISSUE_WIDTH                     945370       24.187%          2830141       23.616%
ST_BREAK_UOP_CACHE_STALLED                      607372       15.539%          1935226       16.148%
ST_BREAK_UOP_CACHE_TO_ICACHE_SWITCH             119464        3.056%           359979        3.004%
ST_BREAK_UOP_CACHE_READ_LIMIT                   317063        8.112%           939342        7.838%
ST_BREAK_UOP_CACHE_ISSUE_WIDTH                  888905       22.742%          2652130       22.131%
                                               3908592      100.000%         11984026      100.000%
                                                  9.45         5.40              9.39         5.32

ORACLE_ON_PATH_INST                           11389403       72.841%         34137991       73.177%
ORACLE_OFF_PATH_INST                           4246678       27.159%         12513000       26.823%
                                              15636081      100.000%         46650991      100.000%
                                                  0.27         0.41              0.27         0.40

ORACLE_ON_PATH_INST_MEM                        4470150       28.589%         13411963       28.750%
ORACLE_ON_PATH_INST_NOTMEM                     6919253       44.252%         20726028       44.428%
ORACLE_OFF_PATH_INST_MEM                       1639897       10.488%          4803831       10.297%
ORACLE_OFF_PATH_INST_NOTMEM                    2606781       16.672%          7709169       16.525%
                                              15636081      100.000%         46650991      100.000%
                                                  1.15         0.94              1.15         0.93

ICACHE_CYCLE_NONRA_ONPATH                            0         -nan%                0         -nan%
ICACHE_CYCLE_NONRA_OFFPATH                           0         -nan%                0         -nan%
ICACHE_CYCLE_RA_ONPATH                               0         -nan%                0         -nan%
ICACHE_CYCLE_RA_OFFPATH                              0         -nan%                0         -nan%
                                                     0         -nan%                0         -nan%
                                                  -nan         -nan              -nan         -nan

ICACHE_CYCLE_ONPATH_NONRA                            0         -nan%                0         -nan%
ICACHE_CYCLE_OFFPATH_NONRA                           0         -nan%                0         -nan%
                                                     0         -nan%                0         -nan%
                                                  -nan         -nan              -nan         -nan

ICACHE_CYCLE_ONPATH_RA                               0         -nan%                0         -nan%
ICACHE_CYCLE_OFFPATH_RA                              0         -nan%                0         -nan%
                                                     0         -nan%                0         -nan%
                                                  -nan         -nan              -nan         -nan

INACCURATE_OFFPATH_CYCLES                            0        0.0000                0        0.0000

FETCH_ALL_INST                                15636081                       46650991              

EXEC_ALL_INST                                 11626085                       34926145              

RET_ALL_INST                                  11389573                       34137991              

EXEC_ON_PATH_INST                             10815473       93.028%         32507867       93.076%
EXEC_OFF_PATH_INST                              810612        6.972%          2418278        6.924%
                                              11626085      100.000%         34926145      100.000%
                                                  0.07         0.25              0.07         0.25

EXEC_ON_PATH_INST_MEM                          3896164       33.512%         11781839       33.734%
EXEC_ON_PATH_INST_NOTMEM                       6919309       59.515%         20726028       59.342%
EXEC_OFF_PATH_INST_MEM                          262310        2.256%           774571        2.218%
EXEC_OFF_PATH_INST_NOTMEM                       548302        4.716%          1643707        4.706%
                                              11626085      100.000%         34926145      100.000%
                                                  0.78         0.57              0.78         0.57

EXEC_RA_INST                                         0         -nan%                0         -nan%
EXEC_NONRA_INST                                      0         -nan%                0         -nan%
                                                     0         -nan%                0         -nan%
                                                  -nan         -nan              -nan         -nan

EXEC_ON_PATH_INST_RA                                 0         -nan%                0         -nan%
EXEC_OFF_PATH_INST_RA                                0         -nan%                0         -nan%
                                                     0         -nan%                0         -nan%
                                                  -nan         -nan              -nan         -nan

EXEC_ON_PATH_INST_NONRA                              0         -nan%                0         -nan%
EXEC_OFF_PATH_INST_NONRA                             0         -nan%                0         -nan%
                                                     0         -nan%                0         -nan%
                                                  -nan         -nan              -nan         -nan

EXEC_RA_ON_PATH_INST                                 0         -nan%                0         -nan%
EXEC_RA_OFF_PATH_INST                                0         -nan%                0         -nan%
EXEC_NONRA_ON_PATH_INST                              0         -nan%                0         -nan%
EXEC_NONRA_OFF_PATH_INST                             0         -nan%                0         -nan%
                                                     0         -nan%                0         -nan%
                                                  -nan         -nan              -nan         -nan

ICACHE_THROTTLE_CYCLE                                0                              0              

FETCH_ENABLE_THROTTLE_OFF_PATH                       0         -nan%                0         -nan%
FETCH_ENABLE_THROTTLE_ON_PATH                        0         -nan%                0         -nan%
                                                     0         -nan%                0         -nan%
                                                  -nan         -nan              -nan         -nan

FETCH_DISABLE_THROTTLE_OFF_PATH                      0         -nan%                0         -nan%
FETCH_DISABLE_THROTTLE_ON_PATH                       0         -nan%                0         -nan%
                                                     0         -nan%                0         -nan%
                                                  -nan         -nan              -nan         -nan

FETCH_TH_ADJUST__0                                   0         -nan%                0         -nan%
FETCH_TH_ADJUST__1                                   0         -nan%                0         -nan%
FETCH_TH_ADJUST__2                                   0         -nan%                0         -nan%
FETCH_TH_ADJUST__3                                   0         -nan%                0         -nan%
FETCH_TH_ADJUST__4                                   0         -nan%                0         -nan%
FETCH_TH_ADJUST__5                                   0         -nan%                0         -nan%
FETCH_TH_ADJUST__6                                   0         -nan%                0         -nan%
FETCH_TH_ADJUST__7                                   0         -nan%                0         -nan%
FETCH_TH_ADJUST__8                                   0         -nan%                0         -nan%
FETCH_TH_ADJUST__9                                   0         -nan%                0         -nan%
FETCH_TH_ADJUST__MAX                                 0         -nan%                0         -nan%
                                                     0         -nan%                0         -nan%
                                                  -nan         -nan              -nan         -nan

FETCH_TH_ADJUST_UP                                   0         -nan%                0         -nan%
FETCH_TH_ADJUST_DOWN                                 0         -nan%                0         -nan%
FETCH_TH_ADJUST_SAME                                 0         -nan%                0         -nan%
                                                     0         -nan%                0         -nan%
                                                  -nan         -nan              -nan         -nan

THROTTLE_ADJUST_CACHE_MISS_INFO                      0                              0              

LOW_CONF_COUNT_BP_MIS_0                              0         -nan%                0         -nan%
LOW_CONF_COUNT_BP_MIS_1                              0         -nan%                0         -nan%
LOW_CONF_COUNT_BP_MIS_2                              0         -nan%                0         -nan%
LOW_CONF_COUNT_BP_MIS_3                              0         -nan%                0         -nan%
LOW_CONF_COUNT_BP_MIS_4                              0         -nan%                0         -nan%
LOW_CONF_COUNT_BP_MIS_5                              0         -nan%                0         -nan%
LOW_CONF_COUNT_BP_MIS_6                              0         -nan%                0         -nan%
LOW_CONF_COUNT_BP_MIS_7                              0         -nan%                0         -nan%
LOW_CONF_COUNT_BP_MIS_8                              0         -nan%                0         -nan%
LOW_CONF_COUNT_BP_MIS_9                              0         -nan%                0         -nan%
LOW_CONF_COUNT_BP_MIS_10                             0         -nan%                0         -nan%
LOW_CONF_COUNT_BP_MIS_11                             0         -nan%                0         -nan%
LOW_CONF_COUNT_BP_MIS_12                             0         -nan%                0         -nan%
LOW_CONF_COUNT_BP_MIS_13                             0         -nan%                0         -nan%
LOW_CONF_COUNT_BP_MIS_14                             0         -nan%                0         -nan%
LOW_CONF_COUNT_BP_MIS_15                             0         -nan%                0         -nan%
LOW_CONF_COUNT_BP_MIS_16                             0         -nan%                0         -nan%
LOW_CONF_COUNT_BP_MIS_17                             0         -nan%                0         -nan%
LOW_CONF_COUNT_BP_MIS_18                             0         -nan%                0         -nan%
LOW_CONF_COUNT_BP_MIS_19                             0         -nan%                0         -nan%
LOW_CONF_COUNT_BP_MIS_20                             0         -nan%                0         -nan%
                                                     0         -nan%                0         -nan%
                                                  -nan         -nan              -nan         -nan

LOW_CONF_COUNT_RET_0                                 0         -nan%                0         -nan%
LOW_CONF_COUNT_RET_1                                 0         -nan%                0         -nan%
LOW_CONF_COUNT_RET_2                                 0         -nan%                0         -nan%
LOW_CONF_COUNT_RET_3                                 0         -nan%                0         -nan%
LOW_CONF_COUNT_RET_4                                 0         -nan%                0         -nan%
LOW_CONF_COUNT_RET_5                                 0         -nan%                0         -nan%
LOW_CONF_COUNT_RET_6                                 0         -nan%                0         -nan%
LOW_CONF_COUNT_RET_7                                 0         -nan%                0         -nan%
LOW_CONF_COUNT_RET_8                                 0         -nan%                0         -nan%
LOW_CONF_COUNT_RET_9                                 0         -nan%                0         -nan%
LOW_CONF_COUNT_RET_10                                0         -nan%                0         -nan%
LOW_CONF_COUNT_RET_11                                0         -nan%                0         -nan%
LOW_CONF_COUNT_RET_12                                0         -nan%                0         -nan%
LOW_CONF_COUNT_RET_13                                0         -nan%                0         -nan%
LOW_CONF_COUNT_RET_14                                0         -nan%                0         -nan%
LOW_CONF_COUNT_RET_15                                0         -nan%                0         -nan%
LOW_CONF_COUNT_RET_16                                0         -nan%                0         -nan%
LOW_CONF_COUNT_RET_17                                0         -nan%                0         -nan%
LOW_CONF_COUNT_RET_18                                0         -nan%                0         -nan%
LOW_CONF_COUNT_RET_19                                0         -nan%                0         -nan%
LOW_CONF_COUNT_RET_20                                0         -nan%                0         -nan%
                                                     0         -nan%                0         -nan%
                                                  -nan         -nan              -nan         -nan

CYCLES_RESTEER_RECOVER_AT_EXEC                       0         -nan%                0         -nan%
CYCLES_RESTEER_RECOVER_AT_DECODE                     0         -nan%                0         -nan%
CYCLES_RESTEER_BTB_MISS                              0         -nan%                0         -nan%
                                                     0         -nan%                0         -nan%
                                                  -nan         -nan              -nan         -nan

CYCLES_RESTEER_RECOVER_AT_EXEC_SAVED_UC_FETCH             0         -nan%                0         -nan%
CYCLES_RESTEER_RECOVER_AT_EXEC_COULD_BE_SAVED_UC_FETCH             0         -nan%                0         -nan%
CYCLES_RESTEER_RECOVER_AT_DECODE_SAVED_UC_FETCH             0         -nan%                0         -nan%
CYCLES_RESTEER_RECOVER_AT_DECODE_COULD_BE_SAVED_UC_FETCH             0         -nan%                0         -nan%
CYCLES_RESTEER_BTB_MISS_SAVED_UC_FETCH               0         -nan%                0         -nan%
CYCLES_RESTEER_BTB_MISS_COULD_BE_SAVED_UC_FETCH             0         -nan%                0         -nan%
                                                     0         -nan%                0         -nan%
                                                  -nan         -nan              -nan         -nan

CYCLES_UOC_IC_SWITCH                                 0                              0              



