Scarab gitrev: cb2ec6957
Warning: Scarab expects the trace file type to include OFFLINE_FILE_TYPE_ARCH_REGDEPS (0x20000), but got type: 0xe40
Scarab started at Sun Jul 26 12:42:57 2026

Initialized Ramulator. 
** Heartbeat:   1% -- { 1000005 } -- 0.00 KIPS (41.67 KIPS)
** Heartbeat:   2% -- { 2000007 } -- 47.62 KIPS (44.44 KIPS)
** Heartbeat:   4% -- { 3000008 } -- 55.56 KIPS (47.62 KIPS)
** Heartbeat:   5% -- { 4000010 } -- 52.63 KIPS (48.78 KIPS)
** Heartbeat:   7% -- { 5000013 } -- 50.00 KIPS (49.02 KIPS)
** Heartbeat:   8% -- { 6000020 } -- 45.45 KIPS (48.39 KIPS)
** Heartbeat:  10% -- { 7000023 } -- 47.62 KIPS (48.28 KIPS)
** Heartbeat:  11% -- { 8000023 } -- 52.63 KIPS (48.78 KIPS)
** Heartbeat:  12% -- { 9000024 } -- 47.62 KIPS (48.65 KIPS)
** Heartbeat:  14% -- { 10000027 } -- 52.63 KIPS (49.02 KIPS)
** Heartbeat:  15% -- { 11000029 } -- 52.63 KIPS (49.33 KIPS)
** Heartbeat:  17% -- { 12000029 } -- 34.48 KIPS (47.62 KIPS)
** Heartbeat:  18% -- { 13000030 } -- 37.04 KIPS (46.60 KIPS)
** Heartbeat:  20% -- { 14000034 } -- 33.33 KIPS (45.31 KIPS)
** Heartbeat:  21% -- { 15000034 } -- 29.41 KIPS (43.73 KIPS)
** Heartbeat:  22% -- { 16000035 } -- 31.25 KIPS (42.67 KIPS)
** Heartbeat:  24% -- { 17000041 } -- 27.78 KIPS (41.36 KIPS)
** Heartbeat:  25% -- { 18000042 } -- 31.25 KIPS (40.63 KIPS)
** Heartbeat:  27% -- { 19000042 } -- 31.25 KIPS (40.00 KIPS)
** Heartbeat:  28% -- { 20000047 } -- 28.57 KIPS (39.22 KIPS)
** Heartbeat:  30% -- { 21000047 } -- 34.48 KIPS (38.96 KIPS)
** Heartbeat:  31% -- { 22000047 } -- 38.46 KIPS (38.94 KIPS)
** Heartbeat:  32% -- { 23000047 } -- 37.04 KIPS (38.85 KIPS)
** Heartbeat:  34% -- { 24000050 } -- 41.67 KIPS (38.96 KIPS)
** Heartbeat:  35% -- { 25000050 } -- 37.04 KIPS (38.88 KIPS)
** Heartbeat:  37% -- { 26000054 } -- 38.46 KIPS (38.86 KIPS)
** Heartbeat:  38% -- { 27000059 } -- 62.50 KIPS (39.42 KIPS)
** Heartbeat:  40% -- { 28000059 } -- 58.82 KIPS (39.89 KIPS)
** Heartbeat:  41% -- { 29000063 } -- 37.04 KIPS (39.78 KIPS)
** Heartbeat:  42% -- { 30000067 } -- 37.04 KIPS (39.68 KIPS)
** Heartbeat:  44% -- { 31000068 } -- 33.33 KIPS (39.44 KIPS)
** Heartbeat:  45% -- { 32000071 } -- 37.04 KIPS (39.36 KIPS)
** Heartbeat:  47% -- { 33000072 } -- 34.48 KIPS (39.19 KIPS)
** Heartbeat:  48% -- { 34000072 } -- 37.04 KIPS (39.13 KIPS)
** Heartbeat:  50% -- { 35000075 } -- 35.71 KIPS (39.02 KIPS)
** Heartbeat:  51% -- { 36000075 } -- 35.71 KIPS (38.92 KIPS)
** Heartbeat:  52% -- { 37000075 } -- 30.30 KIPS (38.62 KIPS)
** Heartbeat:  54% -- { 38000077 } -- 43.48 KIPS (38.74 KIPS)
** Heartbeat:  55% -- { 39000080 } -- 32.26 KIPS (38.54 KIPS)
** Heartbeat:  57% -- { 40000081 } -- 38.46 KIPS (38.54 KIPS)
** Heartbeat:  58% -- { 41000087 } -- 43.48 KIPS (38.64 KIPS)
** Heartbeat:  60% -- { 42000090 } -- 33.33 KIPS (38.50 KIPS)
** Heartbeat:  61% -- { 43000090 } -- 38.46 KIPS (38.50 KIPS)
** Heartbeat:  62% -- { 44000093 } -- 33.33 KIPS (38.36 KIPS)
** Heartbeat:  64% -- { 45000098 } -- 40.00 KIPS (38.40 KIPS)
** Heartbeat:  65% -- { 46000100 } -- 35.71 KIPS (38.33 KIPS)
** Heartbeat:  67% -- { 47000102 } -- 33.33 KIPS (38.21 KIPS)
** Heartbeat:  68% -- { 48000103 } -- 29.41 KIPS (37.97 KIPS)
** Heartbeat:  70% -- { 49000104 } -- 34.48 KIPS (37.90 KIPS)
** Heartbeat:  71% -- { 50000107 } -- 31.25 KIPS (37.74 KIPS)
** Heartbeat:  72% -- { 51000114 } -- 37.04 KIPS (37.72 KIPS)
** Heartbeat:  74% -- { 52000118 } -- 35.71 KIPS (37.68 KIPS)
** Heartbeat:  75% -- { 53000125 } -- 35.71 KIPS (37.64 KIPS)
** Heartbeat:  77% -- { 54000126 } -- 37.04 KIPS (37.63 KIPS)
** Heartbeat:  78% -- { 55000132 } -- 50.00 KIPS (37.80 KIPS)
** Heartbeat:  80% -- { 56000134 } -- 58.82 KIPS (38.04 KIPS)
** Heartbeat:  81% -- { 57000140 } -- 58.82 KIPS (38.28 KIPS)
** Heartbeat:  82% -- { 58000146 } -- 52.63 KIPS (38.46 KIPS)
** Heartbeat:  84% -- { 59000153 } -- 55.56 KIPS (38.66 KIPS)
** Heartbeat:  85% -- { 60000156 } -- 58.82 KIPS (38.89 KIPS)
** Heartbeat:  87% -- { 61000159 } -- 62.50 KIPS (39.13 KIPS)
** Heartbeat:  88% -- { 62000160 } -- 55.56 KIPS (39.32 KIPS)
** Heartbeat:  90% -- { 63000165 } -- 71.43 KIPS (39.60 KIPS)
** Heartbeat:  91% -- { 64000168 } -- 100.00 KIPS (39.98 KIPS)
** Heartbeat:  92% -- { 65000173 } -- 125.00 KIPS (40.40 KIPS)
** Heartbeat:  94% -- { 66000180 } -- 111.11 KIPS (40.79 KIPS)
** Heartbeat:  95% -- { 67000183 } -- 111.11 KIPS (41.18 KIPS)
** Heartbeat:  97% -- { 68000183 } -- 111.11 KIPS (41.56 KIPS)
** Heartbeat:  98% -- { 69000184 } -- 125.00 KIPS (41.97 KIPS)
advanceReader: ROI end reached (ordinal 70000002 > roi_end 70000000)
Reached end of trace (last_inst) pc=0x7ffff7874599
sh: 1: Syntax error: word unexpected (expecting ")")
** Core 0 Finished:    insts:70000000    cycles:40316413    time:12598879062500      -- 1.74 IPC (1.74 IPC) --  N/A  KIPS (42.37 KIPS)

/scarab/src/power/power_intf.c:139: ASSERT FAILED (P=0  O=85277935  I=70050702  C=40316413):  rc == 0
/scarab/src/power/power_intf.c:139: ASSERT FAILED (P=0  O=85277935  I=70050702  C=40316413):  Command "python3 (null)/power/power_intf.py . 0 0 " failed
Obtained 5 stack frames.
/home/deepmish/scarab_stage/new-baseline/scarab/src/scarab_cb2ec6957(+0x273b06) [0x5555557c7b06]
/home/deepmish/scarab_stage/new-baseline/scarab/src/scarab_cb2ec6957(+0x317a0e) [0x55555586ba0e]
/home/deepmish/scarab_stage/new-baseline/scarab/src/scarab_cb2ec6957(+0x1e5ec3) [0x555555739ec3]
/lib/x86_64-linux-gnu/libc.so.6(__libc_start_main+0xf3) [0x7ffff7818083]
/home/deepmish/scarab_stage/new-baseline/scarab/src/scarab_cb2ec6957(+0x1ea6be) [0x55555573e6be]
