Scarab gitrev: a9d157f30
Warning: Scarab expects the trace file type to include OFFLINE_FILE_TYPE_ARCH_REGDEPS (0x20000), but got type: 0xe40
Scarab started at Mon Jul 20 03:18:58 2026

Initialized Ramulator. 
** Heartbeat:   1% -- { 1000002 } -- 0.00 KIPS (62.50 KIPS)
** Heartbeat:   2% -- { 2000006 } -- 62.50 KIPS (62.50 KIPS)
** Heartbeat:   3% -- { 3000012 } -- 66.67 KIPS (63.83 KIPS)
** Heartbeat:   4% -- { 4000016 } -- 66.67 KIPS (64.52 KIPS)
** Heartbeat:   5% -- { 5000016 } -- 66.67 KIPS (64.94 KIPS)
** Heartbeat:   6% -- { 6000016 } -- 66.67 KIPS (65.22 KIPS)
** Heartbeat:   7% -- { 7000017 } -- 66.67 KIPS (65.42 KIPS)
** Heartbeat:   8% -- { 8000019 } -- 66.67 KIPS (65.57 KIPS)
** Heartbeat:   9% -- { 9000021 } -- 66.67 KIPS (65.69 KIPS)
** Heartbeat:  10% -- { 10000022 } -- 66.67 KIPS (65.79 KIPS)
** Heartbeat:  12% -- { 11000026 } -- 71.43 KIPS (66.27 KIPS)
** Heartbeat:  13% -- { 12000027 } -- 71.43 KIPS (66.67 KIPS)
** Heartbeat:  14% -- { 13000032 } -- 66.67 KIPS (66.67 KIPS)
** Heartbeat:  15% -- { 14000036 } -- 71.43 KIPS (66.99 KIPS)
** Heartbeat:  16% -- { 15000039 } -- 66.67 KIPS (66.96 KIPS)
** Heartbeat:  17% -- { 16000045 } -- 66.67 KIPS (66.95 KIPS)
** Heartbeat:  18% -- { 17000046 } -- 66.67 KIPS (66.93 KIPS)
** Heartbeat:  19% -- { 18000051 } -- 66.67 KIPS (66.91 KIPS)
** Heartbeat:  20% -- { 19000052 } -- 66.67 KIPS (66.90 KIPS)
** Heartbeat:  21% -- { 20000053 } -- 76.92 KIPS (67.34 KIPS)
** Heartbeat:  23% -- { 21000060 } -- 66.67 KIPS (67.31 KIPS)
** Heartbeat:  24% -- { 22000060 } -- 66.67 KIPS (67.28 KIPS)
** Heartbeat:  25% -- { 23000063 } -- 66.67 KIPS (67.25 KIPS)
** Heartbeat:  26% -- { 24000066 } -- 100.00 KIPS (68.18 KIPS)
** Heartbeat:  27% -- { 25000070 } -- 90.91 KIPS (68.87 KIPS)
** Heartbeat:  28% -- { 26000073 } -- 111.11 KIPS (69.89 KIPS)
** Heartbeat:  29% -- { 27000073 } -- 71.43 KIPS (69.95 KIPS)
** Heartbeat:  30% -- { 28000077 } -- 71.43 KIPS (70.00 KIPS)
** Heartbeat:  31% -- { 29000080 } -- 100.00 KIPS (70.73 KIPS)
Patching gap in trace by injecting a Jmp, prior PC: 423782 next PC: 42697f
** Heartbeat:  32% -- { 30000083 } -- 100.00 KIPS (71.43 KIPS)
** Heartbeat:  34% -- { 31000083 } -- 111.11 KIPS (72.26 KIPS)
** Heartbeat:  35% -- { 32000089 } -- 83.33 KIPS (72.56 KIPS)
** Heartbeat:  36% -- { 33000091 } -- 62.50 KIPS (72.21 KIPS)
** Heartbeat:  37% -- { 34000092 } -- 71.43 KIPS (72.19 KIPS)
** Heartbeat:  38% -- { 35000095 } -- 71.43 KIPS (72.17 KIPS)
** Heartbeat:  39% -- { 36000096 } -- 71.43 KIPS (72.14 KIPS)
** Heartbeat:  40% -- { 37000096 } -- 66.67 KIPS (71.98 KIPS)
** Heartbeat:  41% -- { 38000096 } -- 71.43 KIPS (71.97 KIPS)
** Heartbeat:  42% -- { 39000097 } -- 83.33 KIPS (72.22 KIPS)
** Heartbeat:  43% -- { 40000101 } -- 83.33 KIPS (72.46 KIPS)
** Heartbeat:  45% -- { 41000107 } -- 100.00 KIPS (72.95 KIPS)
** Heartbeat:  46% -- { 42000111 } -- 100.00 KIPS (73.43 KIPS)
** Heartbeat:  47% -- { 43000111 } -- 76.92 KIPS (73.50 KIPS)
** Heartbeat:  48% -- { 44000116 } -- 90.91 KIPS (73.83 KIPS)
** Heartbeat:  49% -- { 45000120 } -- 111.11 KIPS (74.38 KIPS)
** Heartbeat:  50% -- { 46000121 } -- 83.33 KIPS (74.55 KIPS)
** Heartbeat:  51% -- { 47000122 } -- 66.67 KIPS (74.37 KIPS)
** Heartbeat:  52% -- { 48000122 } -- 71.43 KIPS (74.30 KIPS)
** Heartbeat:  53% -- { 49000122 } -- 76.92 KIPS (74.36 KIPS)
** Heartbeat:  54% -- { 50000122 } -- 111.11 KIPS (74.85 KIPS)
** Heartbeat:  56% -- { 51000125 } -- 83.33 KIPS (75.00 KIPS)
** Heartbeat:  57% -- { 52000125 } -- 66.67 KIPS (74.82 KIPS)
** Heartbeat:  58% -- { 53000128 } -- 66.67 KIPS (74.65 KIPS)
** Heartbeat:  59% -- { 54000130 } -- 66.67 KIPS (74.48 KIPS)
** Heartbeat:  60% -- { 55000133 } -- 66.67 KIPS (74.32 KIPS)
** Heartbeat:  61% -- { 56000138 } -- 66.67 KIPS (74.17 KIPS)
** Heartbeat:  62% -- { 57000145 } -- 90.91 KIPS (74.41 KIPS)
** Heartbeat:  63% -- { 58000145 } -- 66.67 KIPS (74.26 KIPS)
** Heartbeat:  64% -- { 59000146 } -- 71.43 KIPS (74.21 KIPS)
** Heartbeat:  65% -- { 60000149 } -- 66.67 KIPS (74.07 KIPS)
** Heartbeat:  67% -- { 61000152 } -- 66.67 KIPS (73.94 KIPS)
** Heartbeat:  68% -- { 62000153 } -- 66.67 KIPS (73.81 KIPS)
** Heartbeat:  69% -- { 63000153 } -- 66.67 KIPS (73.68 KIPS)
** Heartbeat:  70% -- { 64000157 } -- 66.67 KIPS (73.56 KIPS)
** Heartbeat:  71% -- { 65000157 } -- 66.67 KIPS (73.45 KIPS)
** Heartbeat:  72% -- { 66000158 } -- 66.67 KIPS (73.33 KIPS)
** Heartbeat:  73% -- { 67000162 } -- 62.50 KIPS (73.14 KIPS)
** Heartbeat:  74% -- { 68000166 } -- 66.67 KIPS (73.04 KIPS)
** Heartbeat:  75% -- { 69000166 } -- 71.43 KIPS (73.02 KIPS)
** Heartbeat:  76% -- { 70000167 } -- 62.50 KIPS (72.84 KIPS)
** Heartbeat:  78% -- { 71000167 } -- 66.67 KIPS (72.75 KIPS)
** Heartbeat:  79% -- { 72000170 } -- 71.43 KIPS (72.73 KIPS)
** Heartbeat:  80% -- { 73000173 } -- 62.50 KIPS (72.56 KIPS)
** Heartbeat:  81% -- { 74000173 } -- 66.67 KIPS (72.48 KIPS)
** Heartbeat:  82% -- { 75000177 } -- 66.67 KIPS (72.39 KIPS)
** Heartbeat:  83% -- { 76000184 } -- 62.50 KIPS (72.24 KIPS)
** Heartbeat:  84% -- { 77000189 } -- 62.50 KIPS (72.10 KIPS)
** Heartbeat:  85% -- { 78000191 } -- 66.67 KIPS (72.02 KIPS)
** Heartbeat:  86% -- { 79000192 } -- 62.50 KIPS (71.88 KIPS)
** Heartbeat:  87% -- { 80000193 } -- 66.67 KIPS (71.81 KIPS)
** Heartbeat:  89% -- { 81000199 } -- 66.67 KIPS (71.75 KIPS)
** Heartbeat:  90% -- { 82000202 } -- 62.50 KIPS (71.62 KIPS)
** Heartbeat:  91% -- { 83000205 } -- 66.67 KIPS (71.55 KIPS)
** Heartbeat:  92% -- { 84000207 } -- 62.50 KIPS (71.43 KIPS)
** Heartbeat:  93% -- { 85000207 } -- 66.67 KIPS (71.37 KIPS)
** Heartbeat:  94% -- { 86000213 } -- 62.50 KIPS (71.25 KIPS)
** Heartbeat:  95% -- { 87000214 } -- 66.67 KIPS (71.19 KIPS)
** Heartbeat:  96% -- { 88000214 } -- 66.67 KIPS (71.14 KIPS)
** Heartbeat:  97% -- { 89000218 } -- 62.50 KIPS (71.03 KIPS)
Reached end of trace (last_inst) pc=0x4234da
** Core 0 Finished:    insts:89999999    cycles:23918928    time:7474665000000       -- 3.76 IPC (3.76 IPC) --  N/A  KIPS (70.98 KIPS)
Scarab finished at Mon Jul 20 03:40:06 2026

