/* -*- Mode: c -*- */
####################################################################################################
Core 0
####################################################################################################
Cumulative:        Cycles: 14148176              Instructions: 30000000              IPC: 2.12041

Periodic:          Cycles: 4588433               Instructions: 10000000              IPC: 2.17939

FCT_LOOKUP_HITS                                  19307                          39425              

FCT_LOOKUP_MISSES                              2778290                        8332951              

FCT_LOOKUP_LOW_CONF                               6357                          13165              

FCT_PRELOAD_INSERTS                                  0                              0              

FCT_PRELOAD_DUPLICATE_LD1_SKIPS                      0                              0              

FCT_RUNTIME_INSERTS                                  0                              3              

FCT_RUNTIME_REPLACEMENTS                             0                              0              

FCT_RUNTIME_REINFORCEMENTS                           1                              1              

FCT_RUNTIME_CONFLICTS                                0                              0              

IFUSE_TRAINING_PAIRS_DISCOVERED                 896001                        2699536              

IFUSE_TRAINING_STORE_INVALIDATIONS             1694690                        5015981              

IFUSE_TRAINING_CROSS_LINE_LOADS                  12547                          43161              

TRAINING_TABLE_LOOKUPS                          896001                        2699536              

TRAINING_TABLE_HITS                             223927                         653973              

TRAINING_TABLE_MISSES                           672074                        2045563              

TRAINING_TABLE_INSERTS                          672074                        2045563              

TRAINING_TABLE_EVICTIONS                        672073                        2045431              

TRAINING_TABLE_OBSERVATIONS                     896001                        2699536              

TRAINING_TABLE_PROMOTIONS                            1                              4              

TRAINING_TABLE_PROMOTION_REJECTS                     0                              0              

TRAINING_TABLE_PEAK_LIVE                             0                            128              

APT_LOOKUP_HITS                                  12950                          26260              

APT_LOOKUP_MISSES                              2797597                        8372376              

APT_CONFIGURED_CAPACITY                              0                            256              

APT_INSERTS                                      12950                          26260              

APT_EVICTIONS                                      175                            288              

APT_INSERT_FAILURES                                  0                              0              

APT_LIVE_LD2_PREDICTION_PEAK                         4                             12              

APT_LIVE_LD2_PREDICTION_OBSERVATIONS           2810547                        8398636              

APT_LIVE_LD2_PREDICTION_TOTAL                   684955                        1419335              

APT_LIVE_LD2_PREDICTION_AVG                     684955        0.2437          1419335        0.1690

IFUSE_INFLIGHT_FUSED_PAIRS_PEAK                      2                             10              

IFUSE_INFLIGHT_FUSED_PAIRS_OBSERVATIONS        2810547                        8398629              

IFUSE_INFLIGHT_FUSED_PAIRS_TOTAL               6561760                        6952233              

ACI_LOOKUP_HITS                                  12948                          26256              

ACI_LOOKUP_MISSES                                    2                              4              

ACI_REPLAYED_INSERTS                                 0                              0              

ACI_EVICTIONS                                        0                              0              

ACI_BACKING_ALLOC_FAILURES                           0                              0              

ACI_PREDICTION_INSERTS                           12950                          26260              

ACI_SAME_CACHEBLOCK_INSERTS                          0                              0              

ACI_PREDICTION_INVALIDATIONS                         2                              4              

ACI_STALE_PREDICTION_REMOVALS                        0                              0              

IFUSE_GP_REG_OCCUPIED_PEAK                           0                            268              

IFUSE_GP_REG_OCCUPIED_OBSERVATIONS            13979355                       40928745              

IFUSE_GP_REG_OCCUPIED_TOTAL                 2667201409                     8008677771              

IFUSE_GP_REG_UTIL_PCT_TOTAL                  946173601                     2841503310              

IFUSE_EXTRA_REG_IN_USE_PEAK                          0                              2              

IFUSE_EXTRA_REG_IN_USE_OBSERVATIONS           13979355                       40928745              

IFUSE_EXTRA_REG_IN_USE_TOTAL                     15522                          31384              

IFUSE_LOAD1_PREDICTIONS                          12950                          26260              

IFUSE_CORRECT_PREDICTIONS                        12948                          26256              

IFUSE_INCORRECT_PREDICTIONS                          2                              4              

IFUSE_FUSED_LOADS                                12948                          26256              

IFUSE_MISPREDICTED_LOADS                             2                              4              

IFUSE_MISPREDICTION_FLUSHES                          2                              4              

IFUSE_MISPREDICTED_CACHE_BLOCK_ADDR                  2                              4              

IFUSE_MISPREDICTED_OFFSET_DELTA                      2                              4              

IFUSE_ALL_LOADS                                2810707                        8398636              

IFUSE_NUM_FUSED_LOADS                            12945                          26253              

IFUSE_NUM_DEMAND_LOADS                         2797762                        8372383              

IFUSE_LOAD_COVERAGE                              12945        0.0046            26253        0.0031

IFUSE_LD_STALL_CYCLES                         15369259                       46212208              

IFUSE_LD_STALL_CYCLES_FUSED                       3930                           7513              

IFUSE_LD_STALL_CYCLES_DEMAND                  15365329                       46204695              

IFUSE_AVG_STALL_PER_LOAD                      15369259        5.4681         46212208        5.5023

IFUSE_AVG_STALL_PER_FUSED                         3930        0.3036             7513        0.2862

IFUSE_AVG_STALL_PER_DEMAND                    15365329        5.4920         46204695        5.5187

IFUSE_FULL_MITIGATED                              6804                          13980              

IFUSE_PARTIAL_MITIGATED                           6141                          12273              

IFUSE_REMAINING_WAIT_AFTER_AGU                   30210                          60916              

IFUSE_PREFETCH_LEAD_OPPORTUNITIES                12945                          26253              

IFUSE_PREFETCH_LEAD_EVENTS                        6509                          13476              

IFUSE_PREFETCH_LEAD_CYCLES                       11737                          26590              

IFUSE_AVG_PREFETCH_LEAD                          11737        0.9067            26590        1.0128

IFUSE_PAIR_DISTANCE_TOTAL                        13320                          26913              

IFUSE_AVG_PAIR_DISTANCE                          13320        1.0290            26913        1.0251

IFUSE_LD_EXEC_MINUS_FETCH                    344061024                     1139393210              

IFUSE_LD_RETIRE_MINUS_FETCH                  451228386                     1460324755              

IFUSE_LD_EXEC_TO_DONE                         15369259                       46212208              

IFUSE_LD_EXEC_MINUS_FETCH_FUSED                1484213                        2983862              

IFUSE_LD_RETIRE_MINUS_FETCH_FUSED              2180141                        4329203              

IFUSE_LD_EXEC_TO_DONE_FUSED                       3930                           7513              

IFUSE_LD_EXEC_MINUS_FETCH_DEMAND             342576811                     1136409348              

IFUSE_LD_RETIRE_MINUS_FETCH_DEMAND           449048245                     1455995552              

IFUSE_LD_EXEC_TO_DONE_DEMAND                  15365329                       46204695              



