/* -*- Mode: c -*- */
####################################################################################################
Core 0
####################################################################################################
Cumulative:        Cycles: 10149442              Instructions: 30000000              IPC: 2.95583

Periodic:          Cycles: 3308471               Instructions: 9999996               IPC: 3.02254

MISS_WAIT_TIME                            202882736698                   363447699205              

ICACHE_STAGE_MISS                                24214                          72890              

ICACHE_CYCLE                                   3308471                       10149442              

TCACHE_CYCLE                                         0                              0              

ICACHE_SERVING_CYCLE_ON_PATH                   1176926                        3580687              

ICACHE_SERVING_CYCLE_OFF_PATH                   240118                         754463              

UCACHE_SERVING_CYCLE_ON_PATH                   1107451                        3395568              

UCACHE_SERVING_CYCLE_OFF_PATH                   451086                        1345710              

ICACHE_CYCLE_ONPATH                            2568331       77.629%          7895873       77.796%
ICACHE_CYCLE_OFFPATH                            740140       22.371%          2253569       22.204%
                                               3308471      100.000%         10149442      100.000%
                                                  0.22         0.38              0.22         0.38

FETCH_ON_PATH                                  2604533       78.723%          7998937       78.812%
FETCH_OFF_PATH                                  703938       21.277%          2150505       21.188%
                                               3308471      100.000%         10149442      100.000%
                                                  0.21         0.38              0.21         0.38

FETCHED_OPS_ON_PATH                                  0         -nan%                0         -nan%
FETCHED_OPS_OFF_PATH                                 0         -nan%                0         -nan%
                                                     0         -nan%                0         -nan%
                                                  -nan         -nan              -nan         -nan

INST_LOST_FETCH                               11389366       51.046%         34137991       50.024%
INST_LOST_OFF_PATH                             3577296       16.033%         10593261       15.523%
INST_LOST_FULL_WINDOW                           423638        1.899%          1440330        2.111%
INST_LOST_ROB_STALL_OTHER                      1894864        8.493%          6315910        9.255%
INST_LOST_ROB_STALL_WAIT_FOR_RECOVERY                0        0.000%                0        0.000%
INST_LOST_ROB_STALL_WAIT_FOR_REDIRECT                0        0.000%                0        0.000%
INST_LOST_ROB_STALL_WAIT_FOR_GAP_FILL                0        0.000%                0        0.000%
INST_LOST_ROB_STALL_WAIT_FOR_L1_MISS                 0        0.000%                0        0.000%
INST_LOST_ROB_STALL_WAIT_FOR_MEMORY                  8        0.000%            15336        0.022%
INST_LOST_ROB_STALL_WAIT_FOR_DC_MISS            231320        1.037%           780340        1.143%
INST_LOST_ROB_BLOCK_ISSUE_FULL                       0        0.000%                0        0.000%
INST_LOST_ROB_BLOCK_ISSUE_GAP_TOO_LARGE              0        0.000%                0        0.000%
INST_LOST_BREAK_DONT                                 0        0.000%                0        0.000%
INST_LOST_BREAK_FT_UNAVAILABLE                  862022        3.864%          2542569        3.726%
INST_LOST_BREAK_ICACHE_STAGE_RESTEER             35344        0.158%            96888        0.142%
INST_LOST_BREAK_ICACHE_MISS_REQ_SUCCESS         108887        0.488%           323670        0.474%
INST_LOST_BREAK_ICACHE_MISS_REQ_FAILURE              6        0.000%             4987        0.007%
INST_LOST_BREAK_ICACHE_WAIT_FOR_MISS           1052875        4.719%          3649401        5.348%
INST_LOST_BREAK_ICACHE_STALLED                  128729        0.577%           433639        0.635%
INST_LOST_BREAK_ICACHE_TO_UOP_CACHE_SWITCH        371546        1.665%          1143039        1.675%
INST_LOST_BREAK_ICACHE_READ_LIMIT               393193        1.762%          1168346        1.712%
INST_LOST_BREAK_ICACHE_ISSUE_WIDTH                   0        0.000%                0        0.000%
INST_LOST_BREAK_UOP_CACHE_STALLED               287618        1.289%           935164        1.370%
INST_LOST_BREAK_UOP_CACHE_TO_ICACHE_SWITCH        500410        2.243%          1535342        2.250%
INST_LOST_BREAK_UOP_CACHE_READ_LIMIT           1054762        4.727%          3127320        4.583%
INST_LOST_BREAK_UOP_CACHE_ISSUE_WIDTH                0        0.000%                0        0.000%
                                              22311884      100.000%         68243533      100.000%
                                                  4.65         7.14              4.76         7.14

INST_LOST_TOTAL                               22990798                       70431470              

INST_LOST_WAIT_FOR_ICACHE_MISS_NOT_PREFETCHED          1428        0.146%           145956        4.338%
INST_LOST_WAIT_FOR_ICACHE_MISS_PREFETCHED_AND_EVICTED_BY_IFETCH             0        0.000%                0        0.000%
INST_LOST_WAIT_FOR_ICACHE_MISS_PREFETCHED_AND_EVICTED_BY_FDIP             0        0.000%                0        0.000%
INST_LOST_WAIT_FOR_ICACHE_MISS_MSHR_HIT_PREF_OFFPATH         19992        2.038%            48840        1.451%
INST_LOST_WAIT_FOR_ICACHE_MISS_MSHR_HIT_PREF_ONPATH        959334       97.816%          3170118       94.211%
                                                980754      100.000%          3364914      100.000%
                                                  3.97         3.93              3.81         3.71

FETCH_0_OPS                                     329675        9.965%          1062302       10.467%
FETCH_1_OPS                                     107064        3.236%           323732        3.190%
FETCH_2_OPS                                     100195        3.028%           315450        3.108%
FETCH_3_OPS                                     156824        4.740%           472817        4.659%
FETCH_4_OPS                                     185840        5.617%           572199        5.638%
FETCH_5_OPS                                     140429        4.245%           413845        4.078%
FETCH_6_OPS                                    1118072       33.794%          3427414       33.769%
FETCH_7_OPS                                      99433        3.005%           317947        3.133%
FETCH_8_OPS                                    1070939       32.370%          3243736       31.960%
FETCH_9_OPS                                          0        0.000%                0        0.000%
FETCH_10_OPS                                         0        0.000%                0        0.000%
FETCH_11_OPS                                         0        0.000%                0        0.000%
FETCH_12_OPS                                         0        0.000%                0        0.000%
FETCH_13_OPS                                         0        0.000%                0        0.000%
FETCH_14_OPS                                         0        0.000%                0        0.000%
FETCH_15_OPS                                         0        0.000%                0        0.000%
FETCH_16_OPS                                         0        0.000%                0        0.000%
                                               3308471      100.000%         10149442      100.000%
                                                  5.50         1.91              5.47         1.91

ST_BREAK_DONT                                        0        0.000%                0        0.000%
ST_BREAK_FT_UNAVAILABLE                         145599        4.401%           430121        4.238%
ST_BREAK_ICACHE_STAGE_RESTEER                     9386        0.284%            25678        0.253%
ST_BREAK_ICACHE_MISS_REQ_SUCCESS                 24214        0.732%            72890        0.718%
ST_BREAK_ICACHE_MISS_REQ_FAILURE                     1        0.000%              853        0.008%
ST_BREAK_ICACHE_WAIT_FOR_MISS                   175626        5.308%           608574        5.996%
ST_BREAK_ICACHE_STALLED                         192472        5.818%           638551        6.291%
ST_BREAK_ICACHE_TO_UOP_CACHE_SWITCH             124217        3.755%           380338        3.747%
ST_BREAK_ICACHE_READ_LIMIT                      151731        4.586%           449657        4.430%
ST_BREAK_ICACHE_ISSUE_WIDTH                     921352       27.848%          2793983       27.528%
ST_BREAK_UOP_CACHE_STALLED                      309282        9.348%          1028189       10.130%
ST_BREAK_UOP_CACHE_TO_ICACHE_SWITCH             113815        3.440%           347782        3.427%
ST_BREAK_UOP_CACHE_READ_LIMIT                   299618        9.056%           888180        8.751%
ST_BREAK_UOP_CACHE_ISSUE_WIDTH                  841158       25.424%          2484646       24.481%
                                               3308471      100.000%         10149442      100.000%
                                                  9.53         5.72              9.46         5.61

ORACLE_ON_PATH_INST                           11389366       76.098%         34137991       76.318%
ORACLE_OFF_PATH_INST                           3577296       23.902%         10593261       23.682%
                                              14966662      100.000%         44731252      100.000%
                                                  0.24         0.39              0.24         0.39

ORACLE_ON_PATH_INST_MEM                        4470132       29.867%         13411963       29.983%
ORACLE_ON_PATH_INST_NOTMEM                     6919234       46.231%         20726028       46.335%
ORACLE_OFF_PATH_INST_MEM                       1376856        9.199%          4033154        9.016%
ORACLE_OFF_PATH_INST_NOTMEM                    2200440       14.702%          6560107       14.666%
                                              14966662      100.000%         44731252      100.000%
                                                  1.09         0.89              1.08         0.89

ICACHE_CYCLE_NONRA_ONPATH                            0         -nan%                0         -nan%
ICACHE_CYCLE_NONRA_OFFPATH                           0         -nan%                0         -nan%
ICACHE_CYCLE_RA_ONPATH                               0         -nan%                0         -nan%
ICACHE_CYCLE_RA_OFFPATH                              0         -nan%                0         -nan%
                                                     0         -nan%                0         -nan%
                                                  -nan         -nan              -nan         -nan

ICACHE_CYCLE_ONPATH_NONRA                            0         -nan%                0         -nan%
ICACHE_CYCLE_OFFPATH_NONRA                           0         -nan%                0         -nan%
                                                     0         -nan%                0         -nan%
                                                  -nan         -nan              -nan         -nan

ICACHE_CYCLE_ONPATH_RA                               0         -nan%                0         -nan%
ICACHE_CYCLE_OFFPATH_RA                              0         -nan%                0         -nan%
                                                     0         -nan%                0         -nan%
                                                  -nan         -nan              -nan         -nan

INACCURATE_OFFPATH_CYCLES                            0        0.0000                0        0.0000

FETCH_ALL_INST                                14966662                       44731252              

EXEC_ALL_INST                                 11091527                       33275105              

RET_ALL_INST                                  11389573                       34137991              

EXEC_ON_PATH_INST                             10481103       94.496%         31412493       94.402%
EXEC_OFF_PATH_INST                              610424        5.504%          1862612        5.598%
                                              11091527      100.000%         33275105      100.000%
                                                  0.06         0.22              0.06         0.22

EXEC_ON_PATH_INST_MEM                          3561818       32.113%         10686465       32.115%
EXEC_ON_PATH_INST_NOTMEM                       6919285       62.384%         20726028       62.287%
EXEC_OFF_PATH_INST_MEM                          199548        1.799%           595748        1.790%
EXEC_OFF_PATH_INST_NOTMEM                       410876        3.704%          1266864        3.807%
                                              11091527      100.000%         33275105      100.000%
                                                  0.77         0.52              0.77         0.52

EXEC_RA_INST                                         0         -nan%                0         -nan%
EXEC_NONRA_INST                                      0         -nan%                0         -nan%
                                                     0         -nan%                0         -nan%
                                                  -nan         -nan              -nan         -nan

EXEC_ON_PATH_INST_RA                                 0         -nan%                0         -nan%
EXEC_OFF_PATH_INST_RA                                0         -nan%                0         -nan%
                                                     0         -nan%                0         -nan%
                                                  -nan         -nan              -nan         -nan

EXEC_ON_PATH_INST_NONRA                              0         -nan%                0         -nan%
EXEC_OFF_PATH_INST_NONRA                             0         -nan%                0         -nan%
                                                     0         -nan%                0         -nan%
                                                  -nan         -nan              -nan         -nan

EXEC_RA_ON_PATH_INST                                 0         -nan%                0         -nan%
EXEC_RA_OFF_PATH_INST                                0         -nan%                0         -nan%
EXEC_NONRA_ON_PATH_INST                              0         -nan%                0         -nan%
EXEC_NONRA_OFF_PATH_INST                             0         -nan%                0         -nan%
                                                     0         -nan%                0         -nan%
                                                  -nan         -nan              -nan         -nan

ICACHE_THROTTLE_CYCLE                                0                              0              

FETCH_ENABLE_THROTTLE_OFF_PATH                       0         -nan%                0         -nan%
FETCH_ENABLE_THROTTLE_ON_PATH                        0         -nan%                0         -nan%
                                                     0         -nan%                0         -nan%
                                                  -nan         -nan              -nan         -nan

FETCH_DISABLE_THROTTLE_OFF_PATH                      0         -nan%                0         -nan%
FETCH_DISABLE_THROTTLE_ON_PATH                       0         -nan%                0         -nan%
                                                     0         -nan%                0         -nan%
                                                  -nan         -nan              -nan         -nan

FETCH_TH_ADJUST__0                                   0         -nan%                0         -nan%
FETCH_TH_ADJUST__1                                   0         -nan%                0         -nan%
FETCH_TH_ADJUST__2                                   0         -nan%                0         -nan%
FETCH_TH_ADJUST__3                                   0         -nan%                0         -nan%
FETCH_TH_ADJUST__4                                   0         -nan%                0         -nan%
FETCH_TH_ADJUST__5                                   0         -nan%                0         -nan%
FETCH_TH_ADJUST__6                                   0         -nan%                0         -nan%
FETCH_TH_ADJUST__7                                   0         -nan%                0         -nan%
FETCH_TH_ADJUST__8                                   0         -nan%                0         -nan%
FETCH_TH_ADJUST__9                                   0         -nan%                0         -nan%
FETCH_TH_ADJUST__MAX                                 0         -nan%                0         -nan%
                                                     0         -nan%                0         -nan%
                                                  -nan         -nan              -nan         -nan

FETCH_TH_ADJUST_UP                                   0         -nan%                0         -nan%
FETCH_TH_ADJUST_DOWN                                 0         -nan%                0         -nan%
FETCH_TH_ADJUST_SAME                                 0         -nan%                0         -nan%
                                                     0         -nan%                0         -nan%
                                                  -nan         -nan              -nan         -nan

THROTTLE_ADJUST_CACHE_MISS_INFO                      0                              0              

LOW_CONF_COUNT_BP_MIS_0                              0         -nan%                0         -nan%
LOW_CONF_COUNT_BP_MIS_1                              0         -nan%                0         -nan%
LOW_CONF_COUNT_BP_MIS_2                              0         -nan%                0         -nan%
LOW_CONF_COUNT_BP_MIS_3                              0         -nan%                0         -nan%
LOW_CONF_COUNT_BP_MIS_4                              0         -nan%                0         -nan%
LOW_CONF_COUNT_BP_MIS_5                              0         -nan%                0         -nan%
LOW_CONF_COUNT_BP_MIS_6                              0         -nan%                0         -nan%
LOW_CONF_COUNT_BP_MIS_7                              0         -nan%                0         -nan%
LOW_CONF_COUNT_BP_MIS_8                              0         -nan%                0         -nan%
LOW_CONF_COUNT_BP_MIS_9                              0         -nan%                0         -nan%
LOW_CONF_COUNT_BP_MIS_10                             0         -nan%                0         -nan%
LOW_CONF_COUNT_BP_MIS_11                             0         -nan%                0         -nan%
LOW_CONF_COUNT_BP_MIS_12                             0         -nan%                0         -nan%
LOW_CONF_COUNT_BP_MIS_13                             0         -nan%                0         -nan%
LOW_CONF_COUNT_BP_MIS_14                             0         -nan%                0         -nan%
LOW_CONF_COUNT_BP_MIS_15                             0         -nan%                0         -nan%
LOW_CONF_COUNT_BP_MIS_16                             0         -nan%                0         -nan%
LOW_CONF_COUNT_BP_MIS_17                             0         -nan%                0         -nan%
LOW_CONF_COUNT_BP_MIS_18                             0         -nan%                0         -nan%
LOW_CONF_COUNT_BP_MIS_19                             0         -nan%                0         -nan%
LOW_CONF_COUNT_BP_MIS_20                             0         -nan%                0         -nan%
                                                     0         -nan%                0         -nan%
                                                  -nan         -nan              -nan         -nan

LOW_CONF_COUNT_RET_0                                 0         -nan%                0         -nan%
LOW_CONF_COUNT_RET_1                                 0         -nan%                0         -nan%
LOW_CONF_COUNT_RET_2                                 0         -nan%                0         -nan%
LOW_CONF_COUNT_RET_3                                 0         -nan%                0         -nan%
LOW_CONF_COUNT_RET_4                                 0         -nan%                0         -nan%
LOW_CONF_COUNT_RET_5                                 0         -nan%                0         -nan%
LOW_CONF_COUNT_RET_6                                 0         -nan%                0         -nan%
LOW_CONF_COUNT_RET_7                                 0         -nan%                0         -nan%
LOW_CONF_COUNT_RET_8                                 0         -nan%                0         -nan%
LOW_CONF_COUNT_RET_9                                 0         -nan%                0         -nan%
LOW_CONF_COUNT_RET_10                                0         -nan%                0         -nan%
LOW_CONF_COUNT_RET_11                                0         -nan%                0         -nan%
LOW_CONF_COUNT_RET_12                                0         -nan%                0         -nan%
LOW_CONF_COUNT_RET_13                                0         -nan%                0         -nan%
LOW_CONF_COUNT_RET_14                                0         -nan%                0         -nan%
LOW_CONF_COUNT_RET_15                                0         -nan%                0         -nan%
LOW_CONF_COUNT_RET_16                                0         -nan%                0         -nan%
LOW_CONF_COUNT_RET_17                                0         -nan%                0         -nan%
LOW_CONF_COUNT_RET_18                                0         -nan%                0         -nan%
LOW_CONF_COUNT_RET_19                                0         -nan%                0         -nan%
LOW_CONF_COUNT_RET_20                                0         -nan%                0         -nan%
                                                     0         -nan%                0         -nan%
                                                  -nan         -nan              -nan         -nan

CYCLES_RESTEER_RECOVER_AT_EXEC                       0         -nan%                0         -nan%
CYCLES_RESTEER_RECOVER_AT_DECODE                     0         -nan%                0         -nan%
CYCLES_RESTEER_BTB_MISS                              0         -nan%                0         -nan%
                                                     0         -nan%                0         -nan%
                                                  -nan         -nan              -nan         -nan

CYCLES_RESTEER_RECOVER_AT_EXEC_SAVED_UC_FETCH             0         -nan%                0         -nan%
CYCLES_RESTEER_RECOVER_AT_EXEC_COULD_BE_SAVED_UC_FETCH             0         -nan%                0         -nan%
CYCLES_RESTEER_RECOVER_AT_DECODE_SAVED_UC_FETCH             0         -nan%                0         -nan%
CYCLES_RESTEER_RECOVER_AT_DECODE_COULD_BE_SAVED_UC_FETCH             0         -nan%                0         -nan%
CYCLES_RESTEER_BTB_MISS_SAVED_UC_FETCH               0         -nan%                0         -nan%
CYCLES_RESTEER_BTB_MISS_COULD_BE_SAVED_UC_FETCH             0         -nan%                0         -nan%
                                                     0         -nan%                0         -nan%
                                                  -nan         -nan              -nan         -nan

CYCLES_UOC_IC_SWITCH                                 0                              0              



