/* -*- Mode: c -*- */
####################################################################################################
Core 0
####################################################################################################
Cumulative:        Cycles: 24029169              Instructions: 30000000              IPC: 1.24848

Periodic:          Cycles: 8202234               Instructions: 9999996               IPC: 1.21918

EXECUTION_TIME                           2563198125000                  7509115312500              

SIM_HOST_WALL_SECONDS                       279.811990                     279.811990              

NODE_CYCLE                                     8202234                       24029169              

NODE_INST_COUNT                                9999996                       30000000              

NODE_INST_COUNT_FETCHED                        9999996                       30000000              

NODE_UOP_COUNT                                10522457                       31566230              

EXEC_STAGE_NO_ISSUE_STALL_CYCLE                3153185                        9462813              

EXEC_STAGE_NO_ISSUE_STALL_CYCLE_ONPATH         3013454                        9035655              

FULL_WINDOW_STALL                                   25        0.000%              579        0.002%

FULL_WINDOW_MEM_OP                                  21      100.000%              553      100.000%
FULL_WINDOW_FP_OP                                    0        0.000%                0        0.000%
FULL_WINDOW_OTHER_OP                                 0        0.000%                0        0.000%
                                                    21      100.000%              553      100.000%
                                                  0.00         0.00              0.00         0.00

RET_BLOCKED_DC_MISS                            5644900       68.821%         16592596       69.052%

RET_BLOCKED_L1_MISS                            3915161       47.733%         11353681       47.250%

RET_BLOCKED_L1_MISS_BW_PREF                      43757        0.533%           108013        0.450%

RET_BLOCKED_L1_ACCESS                          1732623       21.124%          5247637       21.839%

RET_BLOCKED_MEM_STALL                          3999238       48.758%         11437765       47.600%

RET_BLOCKED_OFFCHIP_DEMAND                           0        0.000%                0        0.000%

OP_ISSUED                                     10765999                       32314630              

OP_RETIRED                                    10522457                       31566230              

OP_MACRO_FUSION_ONPATH                               0                              0              

OP_MACRO_FUSION_OFFPATH                              0                              0              

REPLAY_SIGNALED                                      0                              0              

REPLAY_COUNTED                                       0                              0              

OFF_CRITICAL_PATH                                    0         -nan%                0         -nan%
ON_CRITICAL_PATH                                     0         -nan%                0         -nan%
                                                     0         -nan%                0         -nan%
                                                  -nan         -nan              -nan         -nan

LD_NO_DEPENDENTS                                405747       20.729%          1222586       20.785%
LD_DEPENDENTS                                  1551643       79.271%          4659582       79.215%
                                               1957390      100.000%          5882168      100.000%
                                                  0.79         0.73              0.79         0.73

LD_EXEC_CYCLES_0                                     0        0.000%                0        0.000%
LD_EXEC_CYCLES_1                                250427       84.361%           753640       84.343%
LD_EXEC_CYCLES_2                                 12844        4.327%            38301        4.286%
LD_EXEC_CYCLES_3                                  8519        2.870%            26384        2.953%
LD_EXEC_CYCLES_4                                 25063        8.443%            75221        8.418%
                                                296853      100.000%           893546      100.000%
                                                  1.35         0.97              1.35         0.97

LD_EXEC_MINUS_FETCH_LATENCY                  355209321                     1040365427              

LD_RETIRE_MINUS_FETCH_LATENCY                669840195                     1961009546              

ICACHE_STAGE_STARVED                            281574        5.755%           820704        5.832%
ICACHE_STAGE_NOT_STARVED                       4611101       94.245%         13250552       94.168%
                                               4892675      100.000%         14071256      100.000%
                                                  0.94         0.92              0.94         0.92

ICACHE_STAGE_STALLED                           2978826       36.317%          8352016       34.758%
ICACHE_STAGE_NOT_STALLED                       1913849       23.333%          5719240       23.801%
ICACHE_STAGE_OFF_PATH                          3309560       40.349%          9957913       41.441%
                                               8202235      100.000%         24029169      100.000%
                                                  1.04         0.90              1.07         0.91

DECODE_STAGE_STARVED                           7173923       96.645%         20890088       96.532%
DECODE_STAGE_NOT_STARVED                        249005        3.355%           750502        3.468%
                                               7422928      100.000%         21640590      100.000%
                                                  0.03         0.18              0.03         0.18

DECODE_STAGE_STALLED                            235261        2.868%           622211        2.589%
DECODE_STAGE_NOT_STALLED                       7187667       87.631%         21018379       87.470%
DECODE_STAGE_OFF_PATH                           779306        9.501%          2388579        9.940%
                                               8202234      100.000%         24029169      100.000%
                                                  1.07         0.44              1.07         0.45

UOPQ_STAGE_STARVED                             1690838       63.162%          5157832       64.118%
UOPQ_STAGE_NOT_STARVED                          986135       36.838%          2886431       35.882%
                                               2676973      100.000%          8044263      100.000%
                                                  0.37         0.44              0.36         0.44

UOPQ_STAGE_STALLED                             3019445       36.812%          8497712       35.364%
UOPQ_STAGE_NOT_STALLED                         2676973       32.637%          8044263       33.477%
UOPQ_STAGE_OFF_PATH                            2505816       30.550%          7487194       31.159%
                                               8202234      100.000%         24029169      100.000%
                                                  0.94         0.78              0.96         0.79

RS_OP_READY_NOT_ISSUED_TOTAL                   6216491                       13788628              

RS_0_OP_READY_NOT_ISSUED                       3181743                        9444413              

RS_1_OP_READY_NOT_ISSUED                        198745                         595870              

RS_2_OP_READY_NOT_ISSUED                       2836003                        3748345              

RS_3_OP_READY_NOT_ISSUED                             0                              0              

RS_4_OP_READY_NOT_ISSUED                             0                              0              

RS_5_OP_READY_NOT_ISSUED                             0                              0              

RS_6_OP_READY_NOT_ISSUED                             0                              0              

RS_7_OP_READY_NOT_ISSUED                             0                              0              

RS_7_PLUS_OP_READY_NOT_ISSUED                        0                              0              

FU_IDLE_NO_READY_OPS_TOTAL                    60429370                      176009610              

FU_0_IDLE_NO_READY_OPS                         5119040                       14770198              

FU_1_IDLE_NO_READY_OPS                         5760051                       16694606              

FU_2_IDLE_NO_READY_OPS                         6441376                       18737417              

FU_3_IDLE_NO_READY_OPS                         6442747                       18738966              

FU_4_IDLE_NO_READY_OPS                         5771121                       16728651              

FU_5_IDLE_NO_READY_OPS                         5077734                       14645379              

FU_6_IDLE_NO_READY_OPS                         6807224                       20128779              

FU_7_IDLE_NO_READY_OPS                         6807282                       20128136              

FU_8_IDLE_NO_READY_OPS                         5760919                       16698308              

FU_9_IDLE_NO_READY_OPS                         6441876                       18739170              

FU_10_IDLE_NO_READY_OPS                              0                              0              

FU_11_IDLE_NO_READY_OPS                              0                              0              

FU_12_IDLE_NO_READY_OPS                              0                              0              

FU_13_IDLE_NO_READY_OPS                              0                              0              

FU_14_IDLE_NO_READY_OPS                              0                              0              

FU_15_IDLE_NO_READY_OPS                              0                              0              

FU_16_IDLE_NO_READY_OPS                              0                              0              

FU_17_IDLE_NO_READY_OPS                              0                              0              

FU_18_IDLE_NO_READY_OPS                              0                              0              

FU_19_IDLE_NO_READY_OPS                              0                              0              

FU_20_IDLE_NO_READY_OPS                              0                              0              

FU_21_IDLE_NO_READY_OPS                              0                              0              

FU_22_IDLE_NO_READY_OPS                              0                              0              

FU_23_IDLE_NO_READY_OPS                              0                              0              

FU_24_IDLE_NO_READY_OPS                              0                              0              

FU_25_IDLE_NO_READY_OPS                              0                              0              

FU_26_IDLE_NO_READY_OPS                              0                              0              

FU_27_IDLE_NO_READY_OPS                              0                              0              

FU_28_IDLE_NO_READY_OPS                              0                              0              

FU_29_IDLE_NO_READY_OPS                              0                              0              

FU_30_IDLE_NO_READY_OPS                              0                              0              

FU_31_IDLE_NO_READY_OPS                              0                              0              

FU_31_PLUS_IDLE_NO_READY_OPS                         0                              0              

MAP_STAGE_STARVED                               746644       25.598%          2253252       25.711%
MAP_STAGE_NOT_STARVED                          2170174       74.402%          6510538       74.289%
                                               2916818      100.000%          8763790      100.000%
                                                  0.74         0.68              0.74         0.68

MAP_STAGE_STALLED                               136374        3.723%           399651        3.620%
MAP_STAGE_NOT_STALLED                          2780444       75.904%          8364139       75.757%
MAP_STAGE_OFF_PATH                              746305       20.373%          2276942       20.623%
                                               3663123      100.000%         11040732      100.000%
                                                  1.17         0.66              1.17         0.67

MAP_STAGE_STALL_ITSELF                         4539111       55.340%         12988437       54.053%
MAP_STAGE_NOT_STALL_ITSELF                     3663123       44.660%         11040732       45.947%
                                               8202234      100.000%         24029169      100.000%
                                                  0.45         0.48              0.46         0.48

MAP_STAGE_LATE_ALLOCATE_SEND_BACK                    0                              0              

MAP_STAGE_RENAME_OP_ONPATH                    10522413                       31566230              

MAP_STAGE_RENAME_OP_OFFPATH                    2490558                        7545372              

MAP_STAGE_RENAME_INT_REG_ONPATH                6621485                       19878551              

MAP_STAGE_RENAME_INT_REG_OFFPATH               1431043                        4375253              

MAP_STAGE_RENAME_VEC_REG_ONPATH                  37612                         112959              

MAP_STAGE_RENAME_VEC_REG_OFFPATH                  1219                           4588              

MAP_STAGE_RENAME_MOVE_ELIM_ONPATH                    0                              0              

MAP_STAGE_RENAME_MOVE_ELIM_OFFPATH                   0                              0              

MAP_STAGE_ONPATH_INT_REG_NUM_ALLOC             7066500                       21237206              

MAP_STAGE_ONPATH_VEC_REG_NUM_ALLOC               37612                         112949              

MAP_STAGE_ONPATH_INT_REG_NUM_SHORTLIVE         3029871                        9118983              

MAP_STAGE_ONPATH_VEC_REG_NUM_SHORTLIVE           29467                          88451              

MAP_STAGE_ONPATH_INT_REG_USE_COUNT_0           1076872                        3261827              

MAP_STAGE_ONPATH_VEC_REG_USE_COUNT_0                 0                             12              

MAP_STAGE_ONPATH_INT_REG_USE_COUNT_1           3934904                       11819109              

MAP_STAGE_ONPATH_VEC_REG_USE_COUNT_1             36456                         109535              

MAP_STAGE_ONPATH_INT_REG_USE_COUNT_2           1206680                        3619099              

MAP_STAGE_ONPATH_VEC_REG_USE_COUNT_2              1140                           3360              

MAP_STAGE_ONPATH_INT_REG_USE_COUNT_3            415320                        1239915              

MAP_STAGE_ONPATH_VEC_REG_USE_COUNT_3                16                             42              

MAP_STAGE_ONPATH_INT_REG_USE_COUNT_4            137008                         412080              

MAP_STAGE_ONPATH_VEC_REG_USE_COUNT_4                 0                              0              

MAP_STAGE_ONPATH_INT_REG_USE_COUNT_5             67961                         203710              

MAP_STAGE_ONPATH_VEC_REG_USE_COUNT_5                 0                              0              

MAP_STAGE_ONPATH_INT_REG_USE_COUNT_6             71948                         214266              

MAP_STAGE_ONPATH_VEC_REG_USE_COUNT_6                 0                              0              

MAP_STAGE_ONPATH_INT_REG_USE_COUNT_7_PLUS        155807                         467200              

MAP_STAGE_ONPATH_VEC_REG_USE_COUNT_7_PLUS             0                              0              

MAP_STAGE_ONPATH_INT_REG_CONSUME_DIST_0              0        0.0000                0        0.0000

MAP_STAGE_ONPATH_VEC_REG_CONSUME_DIST_0              0          -nan                0        0.0000

MAP_STAGE_ONPATH_INT_REG_CONSUME_DIST_1              0        0.0000                0        0.0000

MAP_STAGE_ONPATH_VEC_REG_CONSUME_DIST_1              0        0.0000                0        0.0000

MAP_STAGE_ONPATH_INT_REG_CONSUME_DIST_2       16602142       13.7585         43142373       11.9207

MAP_STAGE_ONPATH_VEC_REG_CONSUME_DIST_2         526749      462.0605          1293020      384.8274

MAP_STAGE_ONPATH_INT_REG_CONSUME_DIST_3       10516338       25.3210         30923088       24.9397

MAP_STAGE_ONPATH_VEC_REG_CONSUME_DIST_3             16        1.0000              637       15.1667

MAP_STAGE_ONPATH_INT_REG_CONSUME_DIST_4        1845238       13.4681          5511356       13.3745

MAP_STAGE_ONPATH_VEC_REG_CONSUME_DIST_4              0          -nan                0          -nan

MAP_STAGE_ONPATH_INT_REG_CONSUME_DIST_5        2634775       38.7689          7637890       37.4939

MAP_STAGE_ONPATH_VEC_REG_CONSUME_DIST_5              0          -nan                0          -nan

MAP_STAGE_ONPATH_INT_REG_CONSUME_DIST_6        7691364      106.9017         22732602      106.0952

MAP_STAGE_ONPATH_VEC_REG_CONSUME_DIST_6              0          -nan                0          -nan

MAP_STAGE_ONPATH_INT_REG_CONSUME_DIST_7_PLUS      23328243      149.7253         68115891      145.7960

MAP_STAGE_ONPATH_VEC_REG_CONSUME_DIST_7_PLUS             0          -nan                0          -nan

MAP_STAGE_INT_REG_ISSUE_READ_TOTAL_CONSUMED      10989815        3.4853         32944605        3.4815

MAP_STAGE_VEC_REG_ISSUE_READ_TOTAL_CONSUMED         38787        0.0123           116442        0.0123

MAP_STAGE_INT_REG_ISSUE_READ_MULTI_CONSUMED       4978116        1.5788         14899070        1.5745

MAP_STAGE_VEC_REG_ISSUE_READ_MULTI_CONSUMED          1174        0.0004             3482        0.0004

MAP_STAGE_INT_REG_ISSUE_READ_SAME_CYCLE_CONSUMED       2293717        0.7274          6873596        0.7264

MAP_STAGE_VEC_REG_ISSUE_READ_SAME_CYCLE_CONSUMED           116        0.0000              333        0.0000

MAP_STAGE_INT_REG_ISSUE_READ_TOTAL_CONSUMED_ONPATH      10875541        3.6090         32591128        3.6069

MAP_STAGE_VEC_REG_ISSUE_READ_TOTAL_CONSUMED_ONPATH         38784        0.0129           116391        0.0129

MAP_STAGE_INT_REG_ISSUE_READ_MULTI_CONSUMED_ONPATH       4885926        1.6214         14615731        1.6176

MAP_STAGE_VEC_REG_ISSUE_READ_MULTI_CONSUMED_ONPATH          1172        0.0004             3444        0.0004

MAP_STAGE_INT_REG_ISSUE_READ_SAME_CYCLE_CONSUMED_ONPATH       2277465        0.7558          6822305        0.7550

MAP_STAGE_VEC_REG_ISSUE_READ_SAME_CYCLE_CONSUMED_ONPATH           116        0.0000              332        0.0000

MAP_STAGE_ONPATH_INT_REG_LIFECYCLE_EMPTY     640823798                     1872013674              

MAP_STAGE_ONPATH_VEC_REG_LIFECYCLE_EMPTY       1407838                        3957698              

MAP_STAGE_ONPATH_INT_REG_LIFECYCLE_IN_USE     865371632                     2518547429              

MAP_STAGE_ONPATH_VEC_REG_LIFECYCLE_IN_USE       2295615                        6272175              

MAP_STAGE_ONPATH_INT_REG_LIFECYCLE_SPEC_RELEASE    1585696620                     4612081160              

MAP_STAGE_ONPATH_VEC_REG_LIFECYCLE_SPEC_RELEASE      66335538                      212811377              

MAP_STAGE_ONPATH_INT_REG_LIFECYCLE_NONSPEC_RELEASE    1585696620                     4612081160              

MAP_STAGE_ONPATH_VEC_REG_LIFECYCLE_NONSPEC_RELEASE      66335538                      212811377              

MAP_STAGE_ONPATH_INT_REG_LIFECYCLE_TOTAL    1585696620                     4612081160              

MAP_STAGE_ONPATH_VEC_REG_LIFECYCLE_TOTAL      66335538                      212811377              

MAP_STAGE_ONPATH_INT_REG_NUM_NONBRANCH         7066500                       21237206              

MAP_STAGE_ONPATH_VEC_REG_NUM_NONBRANCH           37612                         112949              

MAP_STAGE_ONPATH_INT_REG_NUM_NONEXCEPT         7066500                       21237206              

MAP_STAGE_ONPATH_VEC_REG_NUM_NONEXCEPT           37612                         112949              

MAP_STAGE_ONPATH_INT_REG_NUM_ATOMIC            7066500                       21237206              

MAP_STAGE_ONPATH_VEC_REG_NUM_ATOMIC              37612                         112949              

MAP_STAGE_ONPATH_INT_REG_ATOMIC_REDEFINED_DIST_TOTAL    1585696620      224.3963       4612081160      217.1699

MAP_STAGE_ONPATH_VEC_REG_ATOMIC_REDEFINED_DIST_TOTAL      66335538     1763.6802        212811377     1884.1369

MAP_STAGE_ONPATH_INT_REG_ATOMIC_CONSUMED_DIST_TOTAL     865371632      122.4611       2518547429      118.5913

MAP_STAGE_ONPATH_VEC_REG_ATOMIC_CONSUMED_DIST_TOTAL       2295615       61.0341          6272175       55.5310

MAP_STAGE_ONPATH_INT_REG_ATOMIC_RELEASE_DIST_TOTAL    1585696620      224.3963       4612081160      217.1699

MAP_STAGE_ONPATH_VEC_REG_ATOMIC_RELEASE_DIST_TOTAL      66335538     1763.6802        212811377     1884.1369

EXEC_STAGE_STARVED                             7910491       96.443%         23427647       97.497%
EXEC_STAGE_NOT_STARVED                          226130        2.757%           393333        1.637%
EXEC_STAGE_OFF_PATH                              65613        0.800%           208189        0.866%
                                               8202234      100.000%         24029169      100.000%
                                                  0.04         0.24              0.03         0.22

FU_BUSY_0                                      1871120                        5614796              

FU_BUSY_1                                      1206933                        3624082              

FU_BUSY_2                                       693530                        2082290              

FU_BUSY_3                                       692248                        2080293              

FU_BUSY_4                                      1164859                        3499384              

FU_BUSY_5                                      2018108                        6058141              

FU_BUSY_6                                       794704                        2104416              

FU_BUSY_7                                       794802                        2104856              

FU_BUSY_8                                      1202347                        3610410              

FU_BUSY_9                                       693698                        2080358              

FU_BUSY_10                                           0                              0              

FU_BUSY_11                                           0                              0              

FU_BUSY_12                                           0                              0              

FU_BUSY_13                                           0                              0              

FU_BUSY_14                                           0                              0              

FU_BUSY_15                                           0                              0              

FU_BUSY_16                                           0                              0              

FU_BUSY_17                                           0                              0              

FU_BUSY_18                                           0                              0              

FU_BUSY_19                                           0                              0              

FU_BUSY_20                                           0                              0              

FU_BUSY_21                                           0                              0              

FU_BUSY_22                                           0                              0              

FU_BUSY_23                                           0                              0              

FU_BUSY_24                                           0                              0              

FU_BUSY_25                                           0                              0              

FU_BUSY_26                                           0                              0              

FU_BUSY_27                                           0                              0              

FU_BUSY_28                                           0                              0              

FU_BUSY_29                                           0                              0              

FU_BUSY_30                                           0                              0              

FU_BUSY_31                                           0                              0              

FU_REJECTED_OP_INV_NOT_SIMD                          0        0.000%                0        0.000%
FU_REJECTED_OP_NOP_NOT_SIMD                          0        0.000%                0        0.000%
FU_REJECTED_OP_CF_NOT_SIMD                         538        0.165%             1598        0.379%
FU_REJECTED_OP_MOV_NOT_SIMD                       1313        0.402%             4199        0.995%
FU_REJECTED_OP_CMOV_NOT_SIMD                         0        0.000%                0        0.000%
FU_REJECTED_OP_LDA_NOT_SIMD                          0        0.000%                0        0.000%
FU_REJECTED_OP_IMEM_NOT_SIMD                     26799        8.196%            69335       16.423%
FU_REJECTED_OP_IADD_NOT_SIMD                    288965       88.370%           318391       75.418%
FU_REJECTED_OP_IMUL_NOT_SIMD                      6806        2.081%            20796        4.926%
FU_REJECTED_OP_IDIV_NOT_SIMD                         0        0.000%                0        0.000%
FU_REJECTED_OP_ICMP_NOT_SIMD                         0        0.000%                0        0.000%
FU_REJECTED_OP_LOGIC_NOT_SIMD                        0        0.000%                0        0.000%
FU_REJECTED_OP_SHIFT_NOT_SIMD                        0        0.000%                0        0.000%
FU_REJECTED_OP_FMEM_NOT_SIMD                         0        0.000%                0        0.000%
FU_REJECTED_OP_FCVT_NOT_SIMD                         0        0.000%                0        0.000%
FU_REJECTED_OP_FADD_NOT_SIMD                         0        0.000%                0        0.000%
FU_REJECTED_OP_FMUL_NOT_SIMD                         0        0.000%                0        0.000%
FU_REJECTED_OP_FMA_NOT_SIMD                          0        0.000%                0        0.000%
FU_REJECTED_OP_FDIV_NOT_SIMD                         0        0.000%                0        0.000%
FU_REJECTED_OP_FCMP_NOT_SIMD                         0        0.000%                0        0.000%
FU_REJECTED_OP_FCMOV_NOT_SIMD                        0        0.000%                0        0.000%
FU_REJECTED_OP_GATHER_NOT_SIMD                       0        0.000%                0        0.000%
FU_REJECTED_OP_SCATTER_NOT_SIMD                      0        0.000%                0        0.000%
FU_REJECTED_OP_PIPELINED_FAST_NOT_SIMD               0        0.000%                0        0.000%
FU_REJECTED_OP_PIPELINED_MEDIUM_NOT_SIMD             0        0.000%                0        0.000%
FU_REJECTED_OP_PIPELINED_SLOW_NOT_SIMD               0        0.000%                0        0.000%
FU_REJECTED_OP_NOTPIPELINED_MEDIUM_NOT_SIMD             0        0.000%                0        0.000%
FU_REJECTED_OP_NOTPIPELINED_SLOW_NOT_SIMD             0        0.000%                0        0.000%
FU_REJECTED_OP_NOTPIPELINED_VERY_SLOW_NOT_SIMD             0        0.000%                0        0.000%
FU_REJECTED_OP_INV_SIMD                              0        0.000%                0        0.000%
FU_REJECTED_OP_NOP_SIMD                              0        0.000%                0        0.000%
FU_REJECTED_OP_CF_SIMD                               0        0.000%                0        0.000%
FU_REJECTED_OP_MOV_SIMD                           1651        0.505%             5042        1.194%
FU_REJECTED_OP_CMOV_SIMD                             0        0.000%                0        0.000%
FU_REJECTED_OP_LDA_SIMD                              0        0.000%                0        0.000%
FU_REJECTED_OP_IMEM_SIMD                             0        0.000%                0        0.000%
FU_REJECTED_OP_IADD_SIMD                             0        0.000%                0        0.000%
FU_REJECTED_OP_IMUL_SIMD                             0        0.000%                0        0.000%
FU_REJECTED_OP_IDIV_SIMD                             0        0.000%                0        0.000%
FU_REJECTED_OP_ICMP_SIMD                             0        0.000%                0        0.000%
FU_REJECTED_OP_LOGIC_SIMD                            0        0.000%                0        0.000%
FU_REJECTED_OP_SHIFT_SIMD                            0        0.000%                0        0.000%
FU_REJECTED_OP_FMEM_SIMD                             0        0.000%                0        0.000%
FU_REJECTED_OP_FCVT_SIMD                           185        0.057%              475        0.113%
FU_REJECTED_OP_FADD_SIMD                           737        0.225%             2335        0.553%
FU_REJECTED_OP_FMUL_SIMD                             0        0.000%                0        0.000%
FU_REJECTED_OP_FMA_SIMD                              0        0.000%                0        0.000%
FU_REJECTED_OP_FDIV_SIMD                             0        0.000%                0        0.000%
FU_REJECTED_OP_FCMP_SIMD                             0        0.000%                0        0.000%
FU_REJECTED_OP_FCMOV_SIMD                            0        0.000%                0        0.000%
FU_REJECTED_OP_GATHER_SIMD                           0        0.000%                0        0.000%
FU_REJECTED_OP_SCATTER_SIMD                          0        0.000%                0        0.000%
FU_REJECTED_OP_PIPELINED_FAST_SIMD                   0        0.000%                0        0.000%
FU_REJECTED_OP_PIPELINED_MEDIUM_SIMD                 0        0.000%                0        0.000%
FU_REJECTED_OP_PIPELINED_SLOW_SIMD                   0        0.000%                0        0.000%
FU_REJECTED_OP_NOTPIPELINED_MEDIUM_SIMD              0        0.000%                0        0.000%
FU_REJECTED_OP_NOTPIPELINED_SLOW_SIMD                0        0.000%                0        0.000%
FU_REJECTED_OP_NOTPIPELINED_VERY_SLOW_SIMD             0        0.000%                0        0.000%
                                                326994      100.000%           422171      100.000%
                                                  7.14         2.68              7.37         4.10

LSQ_FULL_TOTAL                                  149398                         434738              

LSQ_FULL_LOAD_QUEUE                                  0                              0              

LSQ_FULL_STORE_QUEUE                            149398                         434738              

OP_WAIT_0                                      6868226                       20633465              

OP_WAIT_1                                      2121792                        6426660              

OP_WAIT_2                                       433360                        1299341              

OP_WAIT_3                                       186325                         555386              

OP_WAIT_4                                       108911                         331800              

OP_WAIT_5                                        84891                         256547              

OP_WAIT_6                                        72144                         213323              

OP_WAIT_7                                        49272                         142832              

OP_WAIT_8                                        39565                         115600              

OP_WAIT_9                                        34698                          99981              

OP_WAIT_10                                       24028                          66268              

OP_WAIT_11                                       21336                          63120              

OP_WAIT_12                                       14386                          42623              

OP_WAIT_13                                       15414                          44119              

OP_WAIT_14                                       14871                          41927              

OP_WAIT_15                                       11577                          32272              

OP_WAIT_16                                       12056                          34766              

OP_WAIT_17                                       12986                          36486              

OP_WAIT_18                                       10040                          28125              

OP_WAIT_19                                        8143                          23448              

OP_WAIT_20                                        9411                          28184              

OP_WAIT_21                                       10325                          30639              

OP_WAIT_22                                       10739                          31219              

OP_WAIT_23                                        9680                          28116              

OP_WAIT_24                                        9225                          27383              

OP_WAIT_25                                        6979                          20792              

OP_WAIT_26                                        6789                          20082              

OP_WAIT_27                                        6543                          19190              

OP_WAIT_28                                        4260                          12684              

OP_WAIT_29                                        5987                          18008              

OP_WAIT_30                                        5456                          15731              

OP_WAIT_31                                      293042                         826113              

ROW_SIZE_0                                     6505092                       18933148              

ROW_SIZE_1                                      199221                         605450              

ROW_SIZE_2                                       90525                         274397              

ROW_SIZE_3                                       97509                         297622              

ROW_SIZE_4                                       27604                          82309              

ROW_SIZE_5                                       16039                          47747              

ROW_SIZE_6                                       16251                          48858              

ROW_SIZE_7                                       66082                         195103              

ROW_SIZE_8                                     1137371                        3411535              

ROW_SIZE_9                                           0                              0              

ROW_SIZE_10                                          0                              0              

ROW_SIZE_11                                          0                              0              

ROW_SIZE_12                                          0                              0              

ROW_SIZE_13                                          0                              0              

ROW_SIZE_14                                          0                              0              

ROW_SIZE_15                                          0                              0              

ROW_SIZE_16                                          0                              0              

ROW_SIZE_17                                          0                              0              

ROW_SIZE_18                                          0                              0              

ROW_SIZE_19                                          0                              0              

ROW_SIZE_20                                          0                              0              

ROW_SIZE_21                                          0                              0              

ROW_SIZE_22                                          0                              0              

ROW_SIZE_23                                          0                              0              

ROW_SIZE_24                                          0                              0              

ROW_SIZE_25                                          0                              0              

ROW_SIZE_26                                          0                              0              

ROW_SIZE_27                                          0                              0              

ROW_SIZE_28                                          0                              0              

ROW_SIZE_29                                          0                              0              

ROW_SIZE_30                                          0                              0              

ROW_SIZE_31                                          0                              0              

RET_OP_EXEC_COUNT_0                                  0        0.000%                0        0.000%
RET_OP_EXEC_COUNT_1                           10522457      100.000%         31566230      100.000%
RET_OP_EXEC_COUNT_2                                  0        0.000%                0        0.000%
RET_OP_EXEC_COUNT_3                                  0        0.000%                0        0.000%
RET_OP_EXEC_COUNT_4                                  0        0.000%                0        0.000%
RET_OP_EXEC_COUNT_5                                  0        0.000%                0        0.000%
RET_OP_EXEC_COUNT_6                                  0        0.000%                0        0.000%
RET_OP_EXEC_COUNT_7                                  0        0.000%                0        0.000%
RET_OP_EXEC_COUNT_8                                  0        0.000%                0        0.000%
RET_OP_EXEC_COUNT_9                                  0        0.000%                0        0.000%
RET_OP_EXEC_COUNT_10                                 0        0.000%                0        0.000%
RET_OP_EXEC_COUNT_11                                 0        0.000%                0        0.000%
RET_OP_EXEC_COUNT_12                                 0        0.000%                0        0.000%
RET_OP_EXEC_COUNT_13                                 0        0.000%                0        0.000%
RET_OP_EXEC_COUNT_14                                 0        0.000%                0        0.000%
RET_OP_EXEC_COUNT_15                                 0        0.000%                0        0.000%
RET_OP_EXEC_COUNT_16                                 0        0.000%                0        0.000%
RET_OP_EXEC_COUNT_17                                 0        0.000%                0        0.000%
RET_OP_EXEC_COUNT_18                                 0        0.000%                0        0.000%
RET_OP_EXEC_COUNT_19                                 0        0.000%                0        0.000%
RET_OP_EXEC_COUNT_20                                 0        0.000%                0        0.000%
RET_OP_EXEC_COUNT_21                                 0        0.000%                0        0.000%
RET_OP_EXEC_COUNT_22                                 0        0.000%                0        0.000%
RET_OP_EXEC_COUNT_23                                 0        0.000%                0        0.000%
RET_OP_EXEC_COUNT_24                                 0        0.000%                0        0.000%
RET_OP_EXEC_COUNT_25                                 0        0.000%                0        0.000%
RET_OP_EXEC_COUNT_26                                 0        0.000%                0        0.000%
RET_OP_EXEC_COUNT_27                                 0        0.000%                0        0.000%
RET_OP_EXEC_COUNT_28                                 0        0.000%                0        0.000%
RET_OP_EXEC_COUNT_29                                 0        0.000%                0        0.000%
RET_OP_EXEC_COUNT_30                                 0        0.000%                0        0.000%
RET_OP_EXEC_COUNT_31                                 0        0.000%                0        0.000%
RET_OP_EXEC_COUNT_32                                 0        0.000%                0        0.000%
                                              10522457      100.000%         31566230      100.000%
                                                  1.00         0.00              1.00         0.00

RET_STALL_LENGTH_0                            10495299       99.742%         31484428       99.741%
RET_STALL_LENGTH_100                             24263        0.231%            74560        0.236%
RET_STALL_LENGTH_200                               913        0.009%             2437        0.008%
RET_STALL_LENGTH_300                               366        0.003%              940        0.003%
RET_STALL_LENGTH_400                               314        0.003%              828        0.003%
RET_STALL_LENGTH_500                               717        0.007%             1543        0.005%
RET_STALL_LENGTH_600                               213        0.002%              452        0.001%
RET_STALL_LENGTH_700                                45        0.000%               88        0.000%
RET_STALL_LENGTH_800                                 5        0.000%               25        0.000%
RET_STALL_LENGTH_900                                14        0.000%               49        0.000%
RET_STALL_LENGTH_1000                               39        0.000%               95        0.000%
RET_STALL_LENGTH_1100                               38        0.000%              107        0.000%
RET_STALL_LENGTH_1200                              111        0.001%              376        0.001%
RET_STALL_LENGTH_1300                               63        0.001%              175        0.001%
RET_STALL_LENGTH_1400                               10        0.000%               20        0.000%
RET_STALL_LENGTH_1500                                5        0.000%               20        0.000%
RET_STALL_LENGTH_1600                                6        0.000%               13        0.000%
RET_STALL_LENGTH_1700                               17        0.000%               36        0.000%
RET_STALL_LENGTH_1800                               18        0.000%               33        0.000%
RET_STALL_LENGTH_1900                                0        0.000%                4        0.000%
RET_STALL_LENGTH_2000                                1        0.000%                1        0.000%
RET_STALL_LENGTH_2100                                0        0.000%                0        0.000%
RET_STALL_LENGTH_2200                                0        0.000%                0        0.000%
RET_STALL_LENGTH_2300                                0        0.000%                0        0.000%
RET_STALL_LENGTH_2400                                0        0.000%                0        0.000%
RET_STALL_LENGTH_2500                                0        0.000%                0        0.000%
RET_STALL_LENGTH_2600                                0        0.000%                0        0.000%
RET_STALL_LENGTH_2700                                0        0.000%                0        0.000%
RET_STALL_LENGTH_2800                                0        0.000%                0        0.000%
RET_STALL_LENGTH_2900                                0        0.000%                0        0.000%
RET_STALL_LENGTH_3000                                0        0.000%                0        0.000%
RET_STALL_LENGTH_3100                                0        0.000%                0        0.000%
RET_STALL_LENGTH_3200                                0        0.000%                0        0.000%
RET_STALL_LENGTH_3300                                0        0.000%                0        0.000%
RET_STALL_LENGTH_3400                                0        0.000%                0        0.000%
RET_STALL_LENGTH_3500                                0        0.000%                0        0.000%
RET_STALL_LENGTH_3600                                0        0.000%                0        0.000%
RET_STALL_LENGTH_3700                                0        0.000%                0        0.000%
RET_STALL_LENGTH_3800                                0        0.000%                0        0.000%
RET_STALL_LENGTH_3900                                0        0.000%                0        0.000%
RET_STALL_LENGTH_4000                                0        0.000%                0        0.000%
RET_STALL_LENGTH_4100                                0        0.000%                0        0.000%
RET_STALL_LENGTH_4200                                0        0.000%                0        0.000%
RET_STALL_LENGTH_4300                                0        0.000%                0        0.000%
RET_STALL_LENGTH_4400                                0        0.000%                0        0.000%
RET_STALL_LENGTH_4500                                0        0.000%                0        0.000%
RET_STALL_LENGTH_4600                                0        0.000%                0        0.000%
RET_STALL_LENGTH_4700                                0        0.000%                0        0.000%
RET_STALL_LENGTH_4800                                0        0.000%                0        0.000%
RET_STALL_LENGTH_4900                                0        0.000%                0        0.000%
RET_STALL_LENGTH_5000                                0        0.000%                0        0.000%
                                              10522457      100.000%         31566230      100.000%
                                                  0.00         0.11              0.00         0.10

MEM_BLOCK_LENGTH_0                                 269       53.800%              278       54.403%
MEM_BLOCK_LENGTH_100                                64       12.800%               66       12.916%
MEM_BLOCK_LENGTH_200                                26        5.200%               26        5.088%
MEM_BLOCK_LENGTH_300                                 7        1.400%                7        1.370%
MEM_BLOCK_LENGTH_400                                 2        0.400%                2        0.391%
MEM_BLOCK_LENGTH_500                                22        4.400%               22        4.305%
MEM_BLOCK_LENGTH_600                                31        6.200%               31        6.067%
MEM_BLOCK_LENGTH_700                                28        5.600%               28        5.479%
MEM_BLOCK_LENGTH_800                                22        4.400%               22        4.305%
MEM_BLOCK_LENGTH_900                                12        2.400%               12        2.348%
MEM_BLOCK_LENGTH_1000                                3        0.600%                3        0.587%
MEM_BLOCK_LENGTH_1100                                2        0.400%                2        0.391%
MEM_BLOCK_LENGTH_1200                                1        0.200%                1        0.196%
MEM_BLOCK_LENGTH_1300                                0        0.000%                0        0.000%
MEM_BLOCK_LENGTH_1400                                0        0.000%                0        0.000%
MEM_BLOCK_LENGTH_1500                                1        0.200%                1        0.196%
MEM_BLOCK_LENGTH_1600                                4        0.800%                4        0.783%
MEM_BLOCK_LENGTH_1700                                0        0.000%                0        0.000%
MEM_BLOCK_LENGTH_1800                                1        0.200%                1        0.196%
MEM_BLOCK_LENGTH_1900                                2        0.400%                2        0.391%
MEM_BLOCK_LENGTH_2000                                2        0.400%                2        0.391%
MEM_BLOCK_LENGTH_2100                                0        0.000%                0        0.000%
MEM_BLOCK_LENGTH_2200                                0        0.000%                0        0.000%
MEM_BLOCK_LENGTH_2300                                0        0.000%                0        0.000%
MEM_BLOCK_LENGTH_2400                                0        0.000%                0        0.000%
MEM_BLOCK_LENGTH_2500                                1        0.200%                1        0.196%
MEM_BLOCK_LENGTH_2600                                0        0.000%                0        0.000%
MEM_BLOCK_LENGTH_2700                                0        0.000%                0        0.000%
MEM_BLOCK_LENGTH_2800                                0        0.000%                0        0.000%
MEM_BLOCK_LENGTH_2900                                0        0.000%                0        0.000%
MEM_BLOCK_LENGTH_3000                                0        0.000%                0        0.000%
MEM_BLOCK_LENGTH_3100                                0        0.000%                0        0.000%
MEM_BLOCK_LENGTH_3200                                0        0.000%                0        0.000%
MEM_BLOCK_LENGTH_3300                                0        0.000%                0        0.000%
MEM_BLOCK_LENGTH_3400                                0        0.000%                0        0.000%
MEM_BLOCK_LENGTH_3500                                0        0.000%                0        0.000%
MEM_BLOCK_LENGTH_3600                                0        0.000%                0        0.000%
MEM_BLOCK_LENGTH_3700                                0        0.000%                0        0.000%
MEM_BLOCK_LENGTH_3800                                0        0.000%                0        0.000%
MEM_BLOCK_LENGTH_3900                                0        0.000%                0        0.000%
MEM_BLOCK_LENGTH_4000                                0        0.000%                0        0.000%
MEM_BLOCK_LENGTH_4100                                0        0.000%                0        0.000%
MEM_BLOCK_LENGTH_4200                                0        0.000%                0        0.000%
MEM_BLOCK_LENGTH_4300                                0        0.000%                0        0.000%
MEM_BLOCK_LENGTH_4400                                0        0.000%                0        0.000%
MEM_BLOCK_LENGTH_4500                                0        0.000%                0        0.000%
MEM_BLOCK_LENGTH_4600                                0        0.000%                0        0.000%
MEM_BLOCK_LENGTH_4700                                0        0.000%                0        0.000%
MEM_BLOCK_LENGTH_4800                                0        0.000%                0        0.000%
MEM_BLOCK_LENGTH_4900                                0        0.000%                0        0.000%
MEM_BLOCK_LENGTH_5000                                0        0.000%                0        0.000%
                                                   500      100.000%              511      100.000%
                                                  2.37         3.40              2.32         3.38

FUS_BUSY_ON_PATH                              10887816        1.3274         32107774        1.3362

FUS_BUSY_OFF_PATH                               244533        0.0298           751252        0.0313

FU_BUSY_MEM_STALL                               366350        0.0447           544396        0.0227

FUS_EMPTY                                     70889991        8.6428        207432664        8.6325

FU_UNAVAILABLE                                   14277        0.0017            43292        0.0018

FU_MEM_UNAVAILABLE                              312717        0.0381           378879        0.0158

FU_OTHER_UNAVAILABLE                                 0        0.0000                0        0.0000

FU_REPLAY                                            0        0.0000                0        0.0000

FU_STARVED                                    70731007        8.6234        206949211        8.6124

CHIP_UTILIZATION                                     0        0.0000                0        0.0000

CYCLES_UNDER_MEM_REQ                                 0                              0              

CYCLES_UNDER_NO_MEM_REQ                              0                              0              

CYCLES_UNDER_CRITICAL_MEM_REQ                        0                              0              

CYCLES_UNDER_NONCRITICAL_MEM_REQ                     0                              0              

CHIP_UTILIZATION_UNDER_MEM_REQ                       0          -nan                0          -nan

CHIP_UTILIZATION_UNDER_NO_MEM_REQ                    0          -nan                0          -nan

CHIP_UTILIZATION_UNDER_CRITICAL_MEM_REQ              0          -nan                0          -nan

CHIP_UTILIZATION_UNDER_NONCRITICAL_MEM_REQ             0          -nan                0          -nan

CYCLES_NOT_WAITING_FOR_OFF_CHIP                      0        0.0000                0        0.0000

FUS_BUSY_NOT_WAITING_FOR_OFF_CHIP                    0          -nan                0          -nan

CYCLES_WAITING_FOR_OFF_CHIP                          0        0.0000                0        0.0000

FUS_BUSY_WAITING_FOR_OFF_CHIP                        0          -nan                0          -nan

TOTAL_OFF_CHIP_DELAYS_LEFT                           0                              0              

WRONG_IO_SCHED                                       0                              0              

DVFS_CONFIG_SWITCH                                   0                              0              

MAP_STAGE_RECEIVED_OPS_0                             0        0.000%                0        0.000%
MAP_STAGE_RECEIVED_OPS_1                         96045        4.927%           289681        4.950%
MAP_STAGE_RECEIVED_OPS_2                        133245        6.835%           403724        6.898%
MAP_STAGE_RECEIVED_OPS_3                         69060        3.542%           209000        3.571%
MAP_STAGE_RECEIVED_OPS_4                         38385        1.969%           115653        1.976%
MAP_STAGE_RECEIVED_OPS_5                         52107        2.673%           155099        2.650%
MAP_STAGE_RECEIVED_OPS_6                       1560629       80.054%          4679422       79.955%
MAP_STAGE_RECEIVED_OPS_7                             0        0.000%                0        0.000%
MAP_STAGE_RECEIVED_OPS_8                             0        0.000%                0        0.000%
MAP_STAGE_RECEIVED_OPS_MAX                           0        0.000%                0        0.000%
                                               1949471      100.000%          5852579      100.000%
                                                  5.31         1.51              5.30         1.51

MAP_STAGE_WAIT_FOR_DECODE                            0         -nan%                0         -nan%
MAP_STAGE_CONSUME_DECODE                             0         -nan%                0         -nan%
                                                     0         -nan%                0         -nan%
                                                  -nan         -nan              -nan         -nan

MAP_STAGE_WAIT_FOR_DECODE2                           0         -nan%                0         -nan%
MAP_STAGE_CONSUME_DECODE2                            0         -nan%                0         -nan%
                                                     0         -nan%                0         -nan%
                                                  -nan         -nan              -nan         -nan

FTQ_RECOVER_EXEC                                 85456                         261557              

FTQ_RECOVER_DECODE                                  51                            247              

FTQ_OFFPATH_CYCLES                             5525545                       16434421              

FTQ_CYCLES_OFFPATH                             5525542                       16434421              

FTQ_CYCLES_ONPATH                              2676692                        7594748              

FTQ_FETCHED_INS_ONPATH                        10522373                       31566167              

FTQ_FETCHED_INS_OFFPATH                       17319717                       53558526              

FTQ_BREAK_FULL_FT_ONPATH                       1540377                        4176098              

FTQ_BREAK_FULL_FT_OFFPATH                      3238147                        9459662              

FTQ_BREAK_PRED_BR_ONPATH                             0                              0              

FTQ_BREAK_PRED_BR_OFFPATH                            0                              0              

FTQ_BREAK_BAR_FETCH_ONPATH                           0                              0              

FTQ_BREAK_BAR_FETCH_OFFPATH                          0                              0              

FTQ_BREAK_MAX_CFS_TAKEN_ONPATH                       0                              0              

FTQ_BREAK_MAX_CFS_TAKEN_OFFPATH                      0                              0              

FTQ_BREAK_MAX_FT_ONPATH                        1136186                        3418520              

FTQ_BREAK_MAX_FT_OFFPATH                       2287394                        6974759              

DFE_GEN_ON_PATH_FT                             1503113                        4506990              

DFE_GEN_OFF_PATH_FT                            2417509                        7367792              

DFE_L0_ENABLED_PREDICTIONS                    10522377                       31566230              

DFE_L0_WRONG_MAIN_CORRECT                       227194                         675916              

DFE_L0_WRONG_MAIN_WRONG                          46284                         142274              

DFE_L0_CORRECT_MAIN_WRONG                        39222                         119530              

DFE_L0_CORRECT_MAIN_CORRECT                   10209677                       30628510              

DFE_L0_WRONG_MAIN_CORRECT_RECOVERY_SCHEDULED             0                              0              

FTQ_SAW_BAR_FETCH_OFFPATH                            0                              0              

FTQ_SAW_BAR_FETCH_ONPATH                             0                              0              

DFE_CONF_0_RECOVER_AT_EXEC                           0         -nan%                0         -nan%
DFE_CONF_1_RECOVER_AT_EXEC                           0         -nan%                0         -nan%
DFE_CONF_2_RECOVER_AT_EXEC                           0         -nan%                0         -nan%
DFE_CONF_3_RECOVER_AT_EXEC                           0         -nan%                0         -nan%
DFE_CONF_0_CORRECT                                   0         -nan%                0         -nan%
DFE_CONF_1_CORRECT                                   0         -nan%                0         -nan%
DFE_CONF_2_CORRECT                                   0         -nan%                0         -nan%
DFE_CONF_3_CORRECT                                   0         -nan%                0         -nan%
                                                     0         -nan%                0         -nan%
                                                  -nan         -nan              -nan         -nan

DFE_ON_CONF_ON_OPS                                   0         -nan%                0         -nan%
DFE_ON_CONF_OFF_OPS                                  0         -nan%                0         -nan%
DFE_OFF_CONF_ON_OPS                                  0         -nan%                0         -nan%
DFE_OFF_CONF_OFF_REALISTIC_OPS                       0         -nan%                0         -nan%
DFE_OFF_CONF_OFF_PERFECT_OPS                         0         -nan%                0         -nan%
                                                     0         -nan%                0         -nan%
                                                  -nan         -nan              -nan         -nan

DFE_ON_CONF_ON_FETCH_TARGETS                         0         -nan%                0         -nan%
DFE_ON_CONF_OFF_FETCH_TARGETS                        0         -nan%                0         -nan%
DFE_OFF_CONF_ON_FETCH_TARGETS                        0         -nan%                0         -nan%
DFE_OFF_CONF_OFF_REALISTIC_FETCH_TARGETS             0         -nan%                0         -nan%
DFE_OFF_CONF_OFF_PERFECT_FETCH_TARGETS               0         -nan%                0         -nan%
                                                     0         -nan%                0         -nan%
                                                  -nan         -nan              -nan         -nan

DFE_ON_CONF_ON_CYCLES                                0         -nan%                0         -nan%
DFE_ON_CONF_OFF_CYCLES                               0         -nan%                0         -nan%
DFE_OFF_CONF_ON_CYCLES                               0         -nan%                0         -nan%
DFE_OFF_CONF_OFF_REALISTIC_CYCLES                    0         -nan%                0         -nan%
DFE_OFF_CONF_OFF_PERFECT_CYCLES                      0         -nan%                0         -nan%
                                                     0         -nan%                0         -nan%
                                                  -nan         -nan              -nan         -nan

DFE_OFF_CONF_ON_NUM_EVENTS                           0                              0              

DFE_OFF_CONF_ON_NOT_IDENTIFIED_EVENTS                0         -nan%                0         -nan%
DFE_OFF_CONF_ON_IBTB_MISS_EVENTS                     0         -nan%                0         -nan%
DFE_OFF_CONF_ON_BTB_MISS_EVENTS                      0         -nan%                0         -nan%
DFE_OFF_CONF_ON_BTB_MISS_RECOVER_AT_EXEC_EVENTS             0         -nan%                0         -nan%
DFE_OFF_CONF_ON_RECOVER_AT_EXEC_EVENTS               0         -nan%                0         -nan%
DFE_OFF_CONF_ON_RECOVER_AT_DECODE_EVENTS             0         -nan%                0         -nan%
                                                     0         -nan%                0         -nan%
                                                  -nan         -nan              -nan         -nan

DFE_OFF_CONF_ON_LATE_BTB_HIT_EVENTS                  0                              0              

DFE_OFF_CONF_ON_NOT_IDENTIFIED_CYCLES                0         -nan%                0         -nan%
DFE_OFF_CONF_ON_IBTB_MISS_CYCLES                     0         -nan%                0         -nan%
DFE_OFF_CONF_ON_BTB_MISS_CYCLES                      0         -nan%                0         -nan%
DFE_OFF_CONF_ON_BTB_MISS_RECOVER_AT_EXEC_CYCLES             0         -nan%                0         -nan%
DFE_OFF_CONF_ON_RECOVER_AT_EXEC_CYCLES               0         -nan%                0         -nan%
DFE_OFF_CONF_ON_RECOVER_AT_DECODE_CYCLES             0         -nan%                0         -nan%
                                                     0         -nan%                0         -nan%
                                                  -nan         -nan              -nan         -nan

DFE_OFF_CONF_ON_LATE_BTB_HIT_CYCLES                  0                              0              

DFE_OFF_CONF_ON_NOT_IDENTIFIED_FETCH_TARGETS             0         -nan%                0         -nan%
DFE_OFF_CONF_ON_IBTB_MISS_FETCH_TARGETS              0         -nan%                0         -nan%
DFE_OFF_CONF_ON_BTB_MISS_FETCH_TARGETS               0         -nan%                0         -nan%
DFE_OFF_CONF_ON_BTB_MISS_RECOVER_AT_EXEC_FETCH_TARGETS             0         -nan%                0         -nan%
DFE_OFF_CONF_ON_RECOVER_AT_EXEC_FETCH_TARGETS             0         -nan%                0         -nan%
DFE_OFF_CONF_ON_RECOVER_AT_DECODE_FETCH_TARGETS             0         -nan%                0         -nan%
                                                     0         -nan%                0         -nan%
                                                  -nan         -nan              -nan         -nan

DFE_OFF_CONF_ON_LATE_BTB_HIT_FETCH_TARGETS             0                              0              

DFE_OFF_CONF_ON_BP_INCORRECT_0_CONF                  0         -nan%                0         -nan%
DFE_OFF_CONF_ON_BP_INCORRECT_1_CONF                  0         -nan%                0         -nan%
DFE_OFF_CONF_ON_BP_INCORRECT_2_CONF                  0         -nan%                0         -nan%
DFE_OFF_CONF_ON_BP_INCORRECT_3_CONF                  0         -nan%                0         -nan%
                                                     0         -nan%                0         -nan%
                                                  -nan         -nan              -nan         -nan

DFE_OFF_CONF_ON_BTB_MISS_CBR_0_CONF                  0         -nan%                0         -nan%
DFE_OFF_CONF_ON_BTB_MISS_CBR_1_CONF                  0         -nan%                0         -nan%
DFE_OFF_CONF_ON_BTB_MISS_CBR_2_CONF                  0         -nan%                0         -nan%
DFE_OFF_CONF_ON_BTB_MISS_CBR_3_CONF                  0         -nan%                0         -nan%
                                                     0         -nan%                0         -nan%
                                                  -nan         -nan              -nan         -nan

DFE_OFF_CONF_ON_BTB_MISS_NOT_CF                      0         -nan%                0         -nan%
DFE_OFF_CONF_ON_BTB_MISS_CF_BR                       0         -nan%                0         -nan%
DFE_OFF_CONF_ON_BTB_MISS_CF_CBR                      0         -nan%                0         -nan%
DFE_OFF_CONF_ON_BTB_MISS_CF_CALL                     0         -nan%                0         -nan%
DFE_OFF_CONF_ON_BTB_MISS_CF_IBR                      0         -nan%                0         -nan%
DFE_OFF_CONF_ON_BTB_MISS_CF_ICALL                    0         -nan%                0         -nan%
DFE_OFF_CONF_ON_BTB_MISS_CF_ICO                      0         -nan%                0         -nan%
DFE_OFF_CONF_ON_BTB_MISS_CF_RET                      0         -nan%                0         -nan%
DFE_OFF_CONF_ON_BTB_MISS_CF_SYS                      0         -nan%                0         -nan%
                                                     0         -nan%                0         -nan%
                                                  -nan         -nan              -nan         -nan

DFE_ON_CONF_OFF_NUM_EVENTS                           0                              0              

CONF_BTB_NUM_CYCLES_OFF_PATH_EVENT                   0                              0              

DFE_ON_CONF_OFF_IBTB_MISS_BP_TAKEN                   0         -nan%                0         -nan%
DFE_ON_CONF_OFF_BTB_MISS_BP_TAKEN_CONF_0             0         -nan%                0         -nan%
DFE_ON_CONF_OFF_BTB_MISS_BP_TAKEN_CONF_1             0         -nan%                0         -nan%
DFE_ON_CONF_OFF_BTB_MISS_BP_TAKEN_CONF_2             0         -nan%                0         -nan%
DFE_ON_CONF_OFF_BTB_MISS_BP_TAKEN_CONF_3             0         -nan%                0         -nan%
DFE_ON_CONF_OFF_BTB_MISS_RATE                        0         -nan%                0         -nan%
DFE_ON_CONF_OFF_IBTB_MISS_RATE                       0         -nan%                0         -nan%
DFE_ON_CONF_OFF_RECOVER_AT_DECODE_RATE               0         -nan%                0         -nan%
DFE_ON_CONF_OFF_RECOVER_AT_EXEC_RATE                 0         -nan%                0         -nan%
DFE_ON_CONF_OFF_INV_CONF_INC                         0         -nan%                0         -nan%
DFE_ON_CONF_OFF_PERFECT_CONF                         0         -nan%                0         -nan%
                                                     0         -nan%                0         -nan%
                                                  -nan         -nan              -nan         -nan

DFE_ON_CONF_OFF_IBTB_MISS_BP_TAKEN_CYCLES             0         -nan%                0         -nan%
DFE_ON_CONF_OFF_BTB_MISS_BP_TAKEN_CONF_0_CYCLES             0         -nan%                0         -nan%
DFE_ON_CONF_OFF_BTB_MISS_BP_TAKEN_CONF_1_CYCLES             0         -nan%                0         -nan%
DFE_ON_CONF_OFF_BTB_MISS_BP_TAKEN_CONF_2_CYCLES             0         -nan%                0         -nan%
DFE_ON_CONF_OFF_BTB_MISS_BP_TAKEN_CONF_3_CYCLES             0         -nan%                0         -nan%
DFE_ON_CONF_OFF_BTB_MISS_RATE_CYCLES                 0         -nan%                0         -nan%
DFE_ON_CONF_OFF_IBTB_MISS_RATE_CYCLES                0         -nan%                0         -nan%
DFE_ON_CONF_OFF_RECOVER_AT_DECODE_RATE_CYCLES             0         -nan%                0         -nan%
DFE_ON_CONF_OFF_RECOVER_AT_EXEC_RATE_CYCLES             0         -nan%                0         -nan%
DFE_ON_CONF_OFF_INV_CONF_INC_CYCLES                  0         -nan%                0         -nan%
DFE_ON_CONF_OFF_PERFECT_CONF_CYCLES                  0         -nan%                0         -nan%
                                                     0         -nan%                0         -nan%
                                                  -nan         -nan              -nan         -nan

DFE_ON_CONF_OFF_IBTB_MISS_BP_TAKEN_FETCH_TARGETS             0         -nan%                0         -nan%
DFE_ON_CONF_OFF_BTB_MISS_BP_TAKEN_CONF_0_FETCH_TARGETS             0         -nan%                0         -nan%
DFE_ON_CONF_OFF_BTB_MISS_BP_TAKEN_CONF_1_FETCH_TARGETS             0         -nan%                0         -nan%
DFE_ON_CONF_OFF_BTB_MISS_BP_TAKEN_CONF_2_FETCH_TARGETS             0         -nan%                0         -nan%
DFE_ON_CONF_OFF_BTB_MISS_BP_TAKEN_CONF_3_FETCH_TARGETS             0         -nan%                0         -nan%
DFE_ON_CONF_OFF_BTB_MISS_RATE_FETCH_TARGETS             0         -nan%                0         -nan%
DFE_ON_CONF_OFF_IBTB_MISS_RATE_FETCH_TARGETS             0         -nan%                0         -nan%
DFE_ON_CONF_OFF_RECOVER_AT_DECODE_RATE_FETCH_TARGETS             0         -nan%                0         -nan%
DFE_ON_CONF_OFF_RECOVER_AT_EXEC_RATE_FETCH_TARGETS             0         -nan%                0         -nan%
DFE_ON_CONF_OFF_INV_CONF_INC_FETCH_TARGETS             0         -nan%                0         -nan%
DFE_ON_CONF_OFF_PERFECT_CONF_FETCH_TARGETS             0         -nan%                0         -nan%
                                                     0         -nan%                0         -nan%
                                                  -nan         -nan              -nan         -nan

CONF_OFF_IBTB_MISS_BP_TAKEN                          0         -nan%                0         -nan%
CONF_OFF_BTB_MISS_BP_TAKEN_CONF_0                    0         -nan%                0         -nan%
CONF_OFF_BTB_MISS_BP_TAKEN_CONF_1                    0         -nan%                0         -nan%
CONF_OFF_BTB_MISS_BP_TAKEN_CONF_2                    0         -nan%                0         -nan%
CONF_OFF_BTB_MISS_BP_TAKEN_CONF_3                    0         -nan%                0         -nan%
CONF_OFF_BTB_MISS_RATE                               0         -nan%                0         -nan%
CONF_OFF_IBTB_MISS_RATE                              0         -nan%                0         -nan%
CONF_OFF_RECOVER_AT_DECODE_RATE                      0         -nan%                0         -nan%
CONF_OFF_RECOVER_AT_EXEC_RATE                        0         -nan%                0         -nan%
CONF_OFF_INV_CONF_INC                                0         -nan%                0         -nan%
CONF_OFF_PERFECT_CONF                                0         -nan%                0         -nan%
                                                     0         -nan%                0         -nan%
                                                  -nan         -nan              -nan         -nan

TOPDOWN_TOTAL_SLOTS                           49213404                      144175014              

TOPDOWN_ISSUED_SLOTS                          15325309                       46143407              

TOPDOWN_RETIRED_SLOTS                         10522383                       31566230              

TOPDOWN_FETCH_BUBBLES_SLOTS                    3586095                       10908117              

TOPDOWN_RECOVERY_BUBBLES_SLOTS                 2218617                        6701896              

TOPDOWN_MEM_LOAD_STALLS_CYCLES                 4489802                       13098844              

TOPDOWN_MEM_STORE_STALLS_CYCLES                      0                              0              

TOPDOWN_EXEC_STALLS_CYCLES                     4946408                       14260430              

TOPDOWN_BACKEND_STALLS_CYCLES                  4622835                       13231882              

TOPDOWN_FETCH_BUBBLES_GT_MIW_CYCLES             354283                        1064133              

TOPDOWN_BR_RECOVER_AT_EXEC_RETIRED_CYCLES         85456                         261557              

TOPDOWN_MACHINE_CLEAR_CYCLES                    312701                         937720              

TOPDOWN_FRONTEND_BOUND                             728                            728              

TOPDOWN_BACKEND_BOUND                             5708                           5708              

TOPDOWN_BAD_SPEC_BOUND                            1426                           1426              

TOPDOWN_RETIRING_BOUND                            2138                           2138              

TOPDOWN_FETCH_LATENCY_BOUND                        431                            431              

TOPDOWN_FETCH_BANDWIDTH_BOUND                      297                            297              

TOPDOWN_MEM_BOUND                                 5543                           5543              

TOPDOWN_CORE_BOUND                                 165                            165              

TOPDOWN_BR_RECOVER_AT_EXEC_BOUND                   306                            306              

TOPDOWN_MACHINE_CLEARS_BOUND                      1120                           1120              

H2P_SEEN_MAIN                                   158623                         506822              



