               ramulator.active_cycles_0            20121731                                      # Total active cycles for level _0
                 ramulator.busy_cycles_0            20121731                                      # (All-bank refresh only. busy cycles only include refresh time in rank level) The sum of cycles that the DRAM part is active or under refresh for level _0
            ramulator.serving_requests_0            54127760                                      # The sum of read and write requests that are served in this DRAM element per memory cycle for level _0
    ramulator.average_serving_requests_0            1.750838                                      # The average of read and write requests that are served in this DRAM element per memory cycle for level _0
             ramulator.active_cycles_0_0            20121731                                      # Total active cycles for level _0_0
               ramulator.busy_cycles_0_0            20782391                                      # (All-bank refresh only. busy cycles only include refresh time in rank level) The sum of cycles that the DRAM part is active or under refresh for level _0_0
          ramulator.serving_requests_0_0            54127760                                      # The sum of read and write requests that are served in this DRAM element per memory cycle for level _0_0
  ramulator.average_serving_requests_0_0            1.750838                                      # The average of read and write requests that are served in this DRAM element per memory cycle for level _0_0
           ramulator.active_cycles_0_0_0             7356098                                      # Total active cycles for level _0_0_0
             ramulator.busy_cycles_0_0_0             7356098                                      # (All-bank refresh only. busy cycles only include refresh time in rank level) The sum of cycles that the DRAM part is active or under refresh for level _0_0_0
        ramulator.serving_requests_0_0_0            11565082                                      # The sum of read and write requests that are served in this DRAM element per memory cycle for level _0_0_0
ramulator.average_serving_requests_0_0_0            0.374089                                      # The average of read and write requests that are served in this DRAM element per memory cycle for level _0_0_0
         ramulator.active_cycles_0_0_0_0             2620223                                      # Total active cycles for level _0_0_0_0
           ramulator.busy_cycles_0_0_0_0             2620223                                      # (All-bank refresh only. busy cycles only include refresh time in rank level) The sum of cycles that the DRAM part is active or under refresh for level _0_0_0_0
      ramulator.serving_requests_0_0_0_0             3244048                                      # The sum of read and write requests that are served in this DRAM element per memory cycle for level _0_0_0_0
ramulator.average_serving_requests_0_0_0_0            0.104933                                      # The average of read and write requests that are served in this DRAM element per memory cycle for level _0_0_0_0
         ramulator.active_cycles_0_0_0_1             2433788                                      # Total active cycles for level _0_0_0_1
           ramulator.busy_cycles_0_0_0_1             2433788                                      # (All-bank refresh only. busy cycles only include refresh time in rank level) The sum of cycles that the DRAM part is active or under refresh for level _0_0_0_1
      ramulator.serving_requests_0_0_0_1             3087890                                      # The sum of read and write requests that are served in this DRAM element per memory cycle for level _0_0_0_1
ramulator.average_serving_requests_0_0_0_1            0.099882                                      # The average of read and write requests that are served in this DRAM element per memory cycle for level _0_0_0_1
         ramulator.active_cycles_0_0_0_2             2093053                                      # Total active cycles for level _0_0_0_2
           ramulator.busy_cycles_0_0_0_2             2093053                                      # (All-bank refresh only. busy cycles only include refresh time in rank level) The sum of cycles that the DRAM part is active or under refresh for level _0_0_0_2
      ramulator.serving_requests_0_0_0_2             2705403                                      # The sum of read and write requests that are served in this DRAM element per memory cycle for level _0_0_0_2
ramulator.average_serving_requests_0_0_0_2            0.087510                                      # The average of read and write requests that are served in this DRAM element per memory cycle for level _0_0_0_2
         ramulator.active_cycles_0_0_0_3             1987177                                      # Total active cycles for level _0_0_0_3
           ramulator.busy_cycles_0_0_0_3             1987177                                      # (All-bank refresh only. busy cycles only include refresh time in rank level) The sum of cycles that the DRAM part is active or under refresh for level _0_0_0_3
      ramulator.serving_requests_0_0_0_3             2517580                                      # The sum of read and write requests that are served in this DRAM element per memory cycle for level _0_0_0_3
ramulator.average_serving_requests_0_0_0_3            0.081435                                      # The average of read and write requests that are served in this DRAM element per memory cycle for level _0_0_0_3
           ramulator.active_cycles_0_0_1             8187906                                      # Total active cycles for level _0_0_1
             ramulator.busy_cycles_0_0_1             8187906                                      # (All-bank refresh only. busy cycles only include refresh time in rank level) The sum of cycles that the DRAM part is active or under refresh for level _0_0_1
        ramulator.serving_requests_0_0_1            13116621                                      # The sum of read and write requests that are served in this DRAM element per memory cycle for level _0_0_1
ramulator.average_serving_requests_0_0_1            0.424275                                      # The average of read and write requests that are served in this DRAM element per memory cycle for level _0_0_1
         ramulator.active_cycles_0_0_1_0             2831819                                      # Total active cycles for level _0_0_1_0
           ramulator.busy_cycles_0_0_1_0             2831819                                      # (All-bank refresh only. busy cycles only include refresh time in rank level) The sum of cycles that the DRAM part is active or under refresh for level _0_0_1_0
      ramulator.serving_requests_0_0_1_0             3577719                                      # The sum of read and write requests that are served in this DRAM element per memory cycle for level _0_0_1_0
ramulator.average_serving_requests_0_0_1_0            0.115726                                      # The average of read and write requests that are served in this DRAM element per memory cycle for level _0_0_1_0
         ramulator.active_cycles_0_0_1_1             3084427                                      # Total active cycles for level _0_0_1_1
           ramulator.busy_cycles_0_0_1_1             3084427                                      # (All-bank refresh only. busy cycles only include refresh time in rank level) The sum of cycles that the DRAM part is active or under refresh for level _0_0_1_1
      ramulator.serving_requests_0_0_1_1             3858671                                      # The sum of read and write requests that are served in this DRAM element per memory cycle for level _0_0_1_1
ramulator.average_serving_requests_0_0_1_1            0.124814                                      # The average of read and write requests that are served in this DRAM element per memory cycle for level _0_0_1_1
         ramulator.active_cycles_0_0_1_2             2223898                                      # Total active cycles for level _0_0_1_2
           ramulator.busy_cycles_0_0_1_2             2223898                                      # (All-bank refresh only. busy cycles only include refresh time in rank level) The sum of cycles that the DRAM part is active or under refresh for level _0_0_1_2
      ramulator.serving_requests_0_0_1_2             2865137                                      # The sum of read and write requests that are served in this DRAM element per memory cycle for level _0_0_1_2
ramulator.average_serving_requests_0_0_1_2            0.092677                                      # The average of read and write requests that are served in this DRAM element per memory cycle for level _0_0_1_2
         ramulator.active_cycles_0_0_1_3             2231569                                      # Total active cycles for level _0_0_1_3
           ramulator.busy_cycles_0_0_1_3             2231569                                      # (All-bank refresh only. busy cycles only include refresh time in rank level) The sum of cycles that the DRAM part is active or under refresh for level _0_0_1_3
      ramulator.serving_requests_0_0_1_3             2815094                                      # The sum of read and write requests that are served in this DRAM element per memory cycle for level _0_0_1_3
ramulator.average_serving_requests_0_0_1_3            0.091058                                      # The average of read and write requests that are served in this DRAM element per memory cycle for level _0_0_1_3
           ramulator.active_cycles_0_0_2             9110766                                      # Total active cycles for level _0_0_2
             ramulator.busy_cycles_0_0_2             9110766                                      # (All-bank refresh only. busy cycles only include refresh time in rank level) The sum of cycles that the DRAM part is active or under refresh for level _0_0_2
        ramulator.serving_requests_0_0_2            13868462                                      # The sum of read and write requests that are served in this DRAM element per memory cycle for level _0_0_2
ramulator.average_serving_requests_0_0_2            0.448595                                      # The average of read and write requests that are served in this DRAM element per memory cycle for level _0_0_2
         ramulator.active_cycles_0_0_2_0             3929488                                      # Total active cycles for level _0_0_2_0
           ramulator.busy_cycles_0_0_2_0             3929488                                      # (All-bank refresh only. busy cycles only include refresh time in rank level) The sum of cycles that the DRAM part is active or under refresh for level _0_0_2_0
      ramulator.serving_requests_0_0_2_0             4600164                                      # The sum of read and write requests that are served in this DRAM element per memory cycle for level _0_0_2_0
ramulator.average_serving_requests_0_0_2_0            0.148799                                      # The average of read and write requests that are served in this DRAM element per memory cycle for level _0_0_2_0
         ramulator.active_cycles_0_0_2_1             2211780                                      # Total active cycles for level _0_0_2_1
           ramulator.busy_cycles_0_0_2_1             2211780                                      # (All-bank refresh only. busy cycles only include refresh time in rank level) The sum of cycles that the DRAM part is active or under refresh for level _0_0_2_1
      ramulator.serving_requests_0_0_2_1             2876114                                      # The sum of read and write requests that are served in this DRAM element per memory cycle for level _0_0_2_1
ramulator.average_serving_requests_0_0_2_1            0.093032                                      # The average of read and write requests that are served in this DRAM element per memory cycle for level _0_0_2_1
         ramulator.active_cycles_0_0_2_2             2780107                                      # Total active cycles for level _0_0_2_2
           ramulator.busy_cycles_0_0_2_2             2780107                                      # (All-bank refresh only. busy cycles only include refresh time in rank level) The sum of cycles that the DRAM part is active or under refresh for level _0_0_2_2
      ramulator.serving_requests_0_0_2_2             3455999                                      # The sum of read and write requests that are served in this DRAM element per memory cycle for level _0_0_2_2
ramulator.average_serving_requests_0_0_2_2            0.111789                                      # The average of read and write requests that are served in this DRAM element per memory cycle for level _0_0_2_2
         ramulator.active_cycles_0_0_2_3             2305367                                      # Total active cycles for level _0_0_2_3
           ramulator.busy_cycles_0_0_2_3             2305367                                      # (All-bank refresh only. busy cycles only include refresh time in rank level) The sum of cycles that the DRAM part is active or under refresh for level _0_0_2_3
      ramulator.serving_requests_0_0_2_3             2936185                                      # The sum of read and write requests that are served in this DRAM element per memory cycle for level _0_0_2_3
ramulator.average_serving_requests_0_0_2_3            0.094975                                      # The average of read and write requests that are served in this DRAM element per memory cycle for level _0_0_2_3
           ramulator.active_cycles_0_0_3            10469721                                      # Total active cycles for level _0_0_3
             ramulator.busy_cycles_0_0_3            10469721                                      # (All-bank refresh only. busy cycles only include refresh time in rank level) The sum of cycles that the DRAM part is active or under refresh for level _0_0_3
        ramulator.serving_requests_0_0_3            15577519                                      # The sum of read and write requests that are served in this DRAM element per memory cycle for level _0_0_3
ramulator.average_serving_requests_0_0_3            0.503877                                      # The average of read and write requests that are served in this DRAM element per memory cycle for level _0_0_3
         ramulator.active_cycles_0_0_3_0             3131861                                      # Total active cycles for level _0_0_3_0
           ramulator.busy_cycles_0_0_3_0             3131861                                      # (All-bank refresh only. busy cycles only include refresh time in rank level) The sum of cycles that the DRAM part is active or under refresh for level _0_0_3_0
      ramulator.serving_requests_0_0_3_0             3856160                                      # The sum of read and write requests that are served in this DRAM element per memory cycle for level _0_0_3_0
ramulator.average_serving_requests_0_0_3_0            0.124733                                      # The average of read and write requests that are served in this DRAM element per memory cycle for level _0_0_3_0
         ramulator.active_cycles_0_0_3_1             2473696                                      # Total active cycles for level _0_0_3_1
           ramulator.busy_cycles_0_0_3_1             2473696                                      # (All-bank refresh only. busy cycles only include refresh time in rank level) The sum of cycles that the DRAM part is active or under refresh for level _0_0_3_1
      ramulator.serving_requests_0_0_3_1             3150817                                      # The sum of read and write requests that are served in this DRAM element per memory cycle for level _0_0_3_1
ramulator.average_serving_requests_0_0_3_1            0.101918                                      # The average of read and write requests that are served in this DRAM element per memory cycle for level _0_0_3_1
         ramulator.active_cycles_0_0_3_2             4305081                                      # Total active cycles for level _0_0_3_2
           ramulator.busy_cycles_0_0_3_2             4305081                                      # (All-bank refresh only. busy cycles only include refresh time in rank level) The sum of cycles that the DRAM part is active or under refresh for level _0_0_3_2
      ramulator.serving_requests_0_0_3_2             4998214                                      # The sum of read and write requests that are served in this DRAM element per memory cycle for level _0_0_3_2
ramulator.average_serving_requests_0_0_3_2            0.161674                                      # The average of read and write requests that are served in this DRAM element per memory cycle for level _0_0_3_2
         ramulator.active_cycles_0_0_3_3             2881300                                      # Total active cycles for level _0_0_3_3
           ramulator.busy_cycles_0_0_3_3             2881300                                      # (All-bank refresh only. busy cycles only include refresh time in rank level) The sum of cycles that the DRAM part is active or under refresh for level _0_0_3_3
      ramulator.serving_requests_0_0_3_3             3572328                                      # The sum of read and write requests that are served in this DRAM element per memory cycle for level _0_0_3_3
ramulator.average_serving_requests_0_0_3_3            0.115552                                      # The average of read and write requests that are served in this DRAM element per memory cycle for level _0_0_3_3
      ramulator.read_transaction_bytes_0            69068544                                      # The total byte of read transaction per channel
     ramulator.write_transaction_bytes_0            11540544                                      # The total byte of write transaction per channel
       ramulator.row_hits_channel_0_core              907268                                      # Number of row hits per channel per core
     ramulator.row_misses_channel_0_core               49180                                      # Number of row misses per channel per core
  ramulator.row_conflicts_channel_0_core              303069                                      # Number of row conflicts per channel per core
  ramulator.read_row_hits_channel_0_core              864643                                      # Number of row hits for read requests per channel per core
                                     [0]            864643.0                                      # 
ramulator.read_row_misses_channel_0_core               35984                                      # Number of row misses for read requests per channel per core
                                     [0]             35984.0                                      # 
ramulator.read_row_conflicts_channel_0_core              178569                                      # Number of row conflicts for read requests per channel per core
                                     [0]            178569.0                                      # 
 ramulator.write_row_hits_channel_0_core               42625                                      # Number of row hits for write requests per channel per core
                                     [0]             42625.0                                      # 
ramulator.write_row_misses_channel_0_core               13196                                      # Number of row misses for write requests per channel per core
                                     [0]             13196.0                                      # 
ramulator.write_row_conflicts_channel_0_core              124500                                      # Number of row conflicts for write requests per channel per core
                                     [0]            124500.0                                      # 
      ramulator.useless_activates_0_core                 564                                      # Number of useless activations. E.g, ACT -> PRE w/o RD or WR
            ramulator.read_latency_avg_0           98.656822                                      # The average memory latency cycles (in memory time domain) per request for all read requests in this channel
            ramulator.read_latency_sum_0           106478236                                      # The memory latency cycles (in memory time domain) sum for all read requests in this channel
        ramulator.req_queue_length_avg_0           16.543328                                      # Average of read and write queue length per memory cycle per channel.
        ramulator.req_queue_length_sum_0           511442641                                      # Sum of read and write queue length per memory cycle per channel.
   ramulator.read_req_queue_length_avg_0            3.326782                                      # Read queue length average per memory cycle per channel.
   ramulator.read_req_queue_length_sum_0           102848598                                      # Read queue length sum per memory cycle per channel.
  ramulator.write_req_queue_length_avg_0           13.216547                                      # Write queue length average per memory cycle per channel.
  ramulator.write_req_queue_length_sum_0           408594043                                      # Write queue length sum per memory cycle per channel.
              ramulator.record_read_hits                 0.0                                      # record read hit count for this core when it reaches request limit or to the end
                                     [0]                 0.0                                      # 
            ramulator.record_read_misses                 0.0                                      # record_read_miss count for this core when it reaches request limit or to the end
                                     [0]                 0.0                                      # 
         ramulator.record_read_conflicts                 0.0                                      # record read conflict count for this core when it reaches request limit or to the end
                                     [0]                 0.0                                      # 
             ramulator.record_write_hits                 0.0                                      # record write hit count for this core when it reaches request limit or to the end
                                     [0]                 0.0                                      # 
           ramulator.record_write_misses                 0.0                                      # record write miss count for this core when it reaches request limit or to the end
                                     [0]                 0.0                                      # 
        ramulator.record_write_conflicts                 0.0                                      # record write conflict for this core when it reaches request limit or to the end
                                     [0]                 0.0                                      # 
                 ramulator.dram_capacity          8589934592                                      # Number of bytes in simulated DRAM
                   ramulator.dram_cycles            30915341                                      # Number of DRAM cycles simulated
             ramulator.incoming_requests             1259610                                      # Number of incoming requests to DRAM
                 ramulator.read_requests             1079279                                      # Number of incoming read requests to DRAM per core
                                     [0]           1079279.0                                      # 
                ramulator.write_requests              180331                                      # Number of incoming write requests to DRAM per core
                                     [0]            180331.0                                      # 
       ramulator.ramulator_active_cycles            20128315                                      # The total number of cycles that the DRAM part is active (serving R/W)
 ramulator.incoming_requests_per_channel           1259610.0                                      # Number of incoming requests to each DRAM channel
                                     [0]           1259610.0                                      # 
ramulator.incoming_read_reqs_per_channel           1079279.0                                      # Number of incoming read requests to each DRAM channel
                                     [0]           1079279.0                                      # 
     ramulator.physical_page_replacement                   0                                      # The number of times that physical page replacement happens.
             ramulator.maximum_bandwidth         19200000000                                      # The theoretical maximum bandwidth (Bps)
          ramulator.in_queue_req_num_sum           511442641                                      # Sum of read/write queue length
     ramulator.in_queue_read_req_num_sum           102848598                                      # Sum of read queue length
    ramulator.in_queue_write_req_num_sum           408594043                                      # Sum of write queue length
          ramulator.in_queue_req_num_avg           16.543328                                      # Average of read/write queue length per memory cycle
     ramulator.in_queue_read_req_num_avg            3.326782                                      # Average of read queue length per memory cycle
    ramulator.in_queue_write_req_num_avg           13.216547                                      # Average of write queue length per memory cycle
          ramulator.record_read_requests                 0.0                                      # record read requests for this core when it reaches request limit or to the end
                                     [0]                 0.0                                      # 
         ramulator.record_write_requests                 0.0                                      # record write requests for this core when it reaches request limit or to the end
                                     [0]                 0.0                                      # 
