/* -*- Mode: c -*- */
####################################################################################################
Core 0
####################################################################################################
Cumulative:        Cycles: 29692304              Instructions: 59999999              IPC: 2.02073

Periodic:          Cycles: 29692304              Instructions: 59999999              IPC: 2.02073

EXECUTION_TIME                           9278845000000                  9278845000000              

SIM_HOST_WALL_SECONDS                       615.154825                     615.154825              

NODE_CYCLE                                    29692304                       29692304              

NODE_INST_COUNT                               59999999                       59999999              

NODE_INST_COUNT_FETCHED                       59999999                       59999999              

NODE_UOP_COUNT                                65970314                       65970314              

EXEC_STAGE_NO_ISSUE_STALL_CYCLE               19858922                       19858922              

EXEC_STAGE_NO_ISSUE_STALL_CYCLE_ONPATH        16464187                       16464187              

FULL_WINDOW_STALL                                75866        0.256%            75866        0.256%

FULL_WINDOW_MEM_OP                               57877      100.000%            57877      100.000%
FULL_WINDOW_FP_OP                                    0        0.000%                0        0.000%
FULL_WINDOW_OTHER_OP                                 0        0.000%                0        0.000%
                                                 57877      100.000%            57877      100.000%
                                                  0.00         0.00              0.00         0.00

RET_BLOCKED_DC_MISS                            4361341       14.688%          4361341       14.688%

RET_BLOCKED_L1_MISS                             328266        1.106%           328266        1.106%

RET_BLOCKED_L1_MISS_BW_PREF                       1659        0.006%             1659        0.006%

RET_BLOCKED_L1_ACCESS                          4033206       13.583%          4033206       13.583%

RET_BLOCKED_MEM_STALL                           332072        1.118%           332072        1.118%

RET_BLOCKED_OFFCHIP_DEMAND                           0        0.000%                0        0.000%

OP_ISSUED                                     74656887                       74656887              

OP_RETIRED                                    65970314                       65970314              

OP_MACRO_FUSION_ONPATH                               0                              0              

OP_MACRO_FUSION_OFFPATH                              0                              0              

REPLAY_SIGNALED                                      0                              0              

REPLAY_COUNTED                                       0                              0              

OFF_CRITICAL_PATH                                    0         -nan%                0         -nan%
ON_CRITICAL_PATH                                     0         -nan%                0         -nan%
                                                     0         -nan%                0         -nan%
                                                  -nan         -nan              -nan         -nan

LD_NO_DEPENDENTS                               2696664       15.391%          2696664       15.391%
LD_DEPENDENTS                                 14824233       84.609%         14824233       84.609%
                                              17520897      100.000%         17520897      100.000%
                                                  0.85         0.79              0.85         0.79

LD_EXEC_CYCLES_0                                     0        0.000%                0        0.000%
LD_EXEC_CYCLES_1                                     0        0.000%                0        0.000%
LD_EXEC_CYCLES_2                               1596998       73.066%          1596998       73.066%
LD_EXEC_CYCLES_3                                245733       11.243%           245733       11.243%
LD_EXEC_CYCLES_4                                342948       15.691%           342948       15.691%
                                               2185679      100.000%          2185679      100.000%
                                                  2.43         1.22              2.43         1.22

LD_EXEC_MINUS_FETCH_LATENCY                 1958588681                     1958588681              

LD_RETIRE_MINUS_FETCH_LATENCY               2596867094                     2596867094              

LD_EXEC_TO_DONE_LATENCY                      103703034                      103703034              

ICACHE_STAGE_STARVED                           1917711       11.964%          1917711       11.964%
ICACHE_STAGE_NOT_STARVED                      14111935       88.036%         14111935       88.036%
                                              16029646      100.000%         16029646      100.000%
                                                  0.88         0.83              0.88         0.83

ICACHE_STAGE_STALLED                           3755515       12.648%          3755515       12.648%
ICACHE_STAGE_NOT_STALLED                      12274131       41.338%         12274131       41.338%
ICACHE_STAGE_OFF_PATH                         13662658       46.014%         13662658       46.014%
                                              29692304      100.000%         29692304      100.000%
                                                  1.33         1.03              1.33         1.03

DECODE_STAGE_STARVED                          13292496       63.221%         13292496       63.221%
DECODE_STAGE_NOT_STARVED                       7733079       36.779%          7733079       36.779%
                                              21025575      100.000%         21025575      100.000%
                                                  0.37         0.44              0.37         0.44

DECODE_STAGE_STALLED                           3244327       10.926%          3244327       10.926%
DECODE_STAGE_NOT_STALLED                      17781248       59.885%         17781248       59.885%
DECODE_STAGE_OFF_PATH                          8666729       29.188%          8666729       29.188%
                                              29692304      100.000%         29692304      100.000%
                                                  1.18         0.79              1.18         0.79

UOPQ_STAGE_STARVED                            12107514       75.415%         12107514       75.415%
UOPQ_STAGE_NOT_STARVED                         3947056       24.585%          3947056       24.585%
                                              16054570      100.000%         16054570      100.000%
                                                  0.25         0.39              0.25         0.39

UOPQ_STAGE_STALLED                             2044686        6.886%          2044686        6.886%
UOPQ_STAGE_NOT_STALLED                        16054570       54.070%         16054570       54.070%
UOPQ_STAGE_OFF_PATH                           11593048       39.044%         11593048       39.044%
                                              29692304      100.000%         29692304      100.000%
                                                  1.32         0.96              1.32         0.96

RS_OP_READY_NOT_ISSUED_TOTAL                  51009016                       51009016              

RS_0_OP_READY_NOT_ISSUED                      41173484                       41173484              

RS_1_OP_READY_NOT_ISSUED                       4034465                        4034465              

RS_2_OP_READY_NOT_ISSUED                       5801067                        5801067              

RS_3_OP_READY_NOT_ISSUED                             0                              0              

RS_4_OP_READY_NOT_ISSUED                             0                              0              

RS_5_OP_READY_NOT_ISSUED                             0                              0              

RS_6_OP_READY_NOT_ISSUED                             0                              0              

RS_7_OP_READY_NOT_ISSUED                             0                              0              

RS_7_PLUS_OP_READY_NOT_ISSUED                        0                              0              

FU_IDLE_NO_READY_OPS_TOTAL                   150579804                      150579804              

FU_0_IDLE_NO_READY_OPS                        11469315                       11469315              

FU_1_IDLE_NO_READY_OPS                        13783469                       13783469              

FU_2_IDLE_NO_READY_OPS                        15101858                       15101858              

FU_3_IDLE_NO_READY_OPS                        15098727                       15098727              

FU_4_IDLE_NO_READY_OPS                        13961080                       13961080              

FU_5_IDLE_NO_READY_OPS                        11302921                       11302921              

FU_6_IDLE_NO_READY_OPS                        20472174                       20472174              

FU_7_IDLE_NO_READY_OPS                        20468495                       20468495              

FU_8_IDLE_NO_READY_OPS                        13820976                       13820976              

FU_9_IDLE_NO_READY_OPS                        15100789                       15100789              

FU_10_IDLE_NO_READY_OPS                              0                              0              

FU_11_IDLE_NO_READY_OPS                              0                              0              

FU_12_IDLE_NO_READY_OPS                              0                              0              

FU_13_IDLE_NO_READY_OPS                              0                              0              

FU_14_IDLE_NO_READY_OPS                              0                              0              

FU_15_IDLE_NO_READY_OPS                              0                              0              

FU_16_IDLE_NO_READY_OPS                              0                              0              

FU_17_IDLE_NO_READY_OPS                              0                              0              

FU_18_IDLE_NO_READY_OPS                              0                              0              

FU_19_IDLE_NO_READY_OPS                              0                              0              

FU_20_IDLE_NO_READY_OPS                              0                              0              

FU_21_IDLE_NO_READY_OPS                              0                              0              

FU_22_IDLE_NO_READY_OPS                              0                              0              

FU_23_IDLE_NO_READY_OPS                              0                              0              

FU_24_IDLE_NO_READY_OPS                              0                              0              

FU_25_IDLE_NO_READY_OPS                              0                              0              

FU_26_IDLE_NO_READY_OPS                              0                              0              

FU_27_IDLE_NO_READY_OPS                              0                              0              

FU_28_IDLE_NO_READY_OPS                              0                              0              

FU_29_IDLE_NO_READY_OPS                              0                              0              

FU_30_IDLE_NO_READY_OPS                              0                              0              

FU_31_IDLE_NO_READY_OPS                              0                              0              

FU_31_PLUS_IDLE_NO_READY_OPS                         0                              0              

MAP_STAGE_STARVED                              2955966       19.518%          2955966       19.518%
MAP_STAGE_NOT_STARVED                         12188884       80.482%         12188884       80.482%
                                              15144850      100.000%         15144850      100.000%
                                                  0.80         0.74              0.80         0.74

MAP_STAGE_STALLED                               695869        3.394%           695869        3.394%
MAP_STAGE_NOT_STALLED                         14448981       70.468%         14448981       70.468%
MAP_STAGE_OFF_PATH                             5359385       26.138%          5359385       26.138%
                                              20504235      100.000%         20504235      100.000%
                                                  1.23         0.77              1.23         0.77

MAP_STAGE_STALL_ITSELF                         9188069       30.944%          9188069       30.944%
MAP_STAGE_NOT_STALL_ITSELF                    20504235       69.056%         20504235       69.056%
                                              29692304      100.000%         29692304      100.000%
                                                  0.69         0.63              0.69         0.63

MAP_STAGE_LATE_ALLOCATE_SEND_BACK                    0                              0              

MAP_STAGE_RENAME_OP_ONPATH                    65970314                       65970314              

MAP_STAGE_RENAME_OP_OFFPATH                   25802316                       25802316              

MAP_STAGE_RENAME_INT_REG_ONPATH               39395908                       39395908              

MAP_STAGE_RENAME_INT_REG_OFFPATH              14569564                       14569564              

MAP_STAGE_RENAME_VEC_REG_ONPATH                 399533                         399533              

MAP_STAGE_RENAME_VEC_REG_OFFPATH                 57804                          57804              

MAP_STAGE_RENAME_MOVE_ELIM_ONPATH                    0                              0              

MAP_STAGE_RENAME_MOVE_ELIM_OFFPATH                   0                              0              

MAP_STAGE_ONPATH_INT_REG_NUM_ALLOC            39395890                       39395890              

MAP_STAGE_ONPATH_VEC_REG_NUM_ALLOC              399522                         399522              

MAP_STAGE_ONPATH_INT_REG_NUM_SHORTLIVE        13825862                       13825862              

MAP_STAGE_ONPATH_VEC_REG_NUM_SHORTLIVE          189152                         189152              

MAP_STAGE_ONPATH_INT_REG_USE_COUNT_0           3826839                        3826839              

MAP_STAGE_ONPATH_VEC_REG_USE_COUNT_0              2650                           2650              

MAP_STAGE_ONPATH_INT_REG_USE_COUNT_1          23121409                       23121409              

MAP_STAGE_ONPATH_VEC_REG_USE_COUNT_1            322812                         322812              

MAP_STAGE_ONPATH_INT_REG_USE_COUNT_2           7110754                        7110754              

MAP_STAGE_ONPATH_VEC_REG_USE_COUNT_2             58479                          58479              

MAP_STAGE_ONPATH_INT_REG_USE_COUNT_3           2512804                        2512804              

MAP_STAGE_ONPATH_VEC_REG_USE_COUNT_3             12280                          12280              

MAP_STAGE_ONPATH_INT_REG_USE_COUNT_4           1019045                        1019045              

MAP_STAGE_ONPATH_VEC_REG_USE_COUNT_4              2743                           2743              

MAP_STAGE_ONPATH_INT_REG_USE_COUNT_5            532292                         532292              

MAP_STAGE_ONPATH_VEC_REG_USE_COUNT_5               517                            517              

MAP_STAGE_ONPATH_INT_REG_USE_COUNT_6            306430                         306430              

MAP_STAGE_ONPATH_VEC_REG_USE_COUNT_6                 0                              0              

MAP_STAGE_ONPATH_INT_REG_USE_COUNT_7_PLUS        966317                         966317              

MAP_STAGE_ONPATH_VEC_REG_USE_COUNT_7_PLUS            41                             41              

MAP_STAGE_ONPATH_INT_REG_CONSUME_DIST_0              0        0.0000                0        0.0000

MAP_STAGE_ONPATH_VEC_REG_CONSUME_DIST_0              0        0.0000                0        0.0000

MAP_STAGE_ONPATH_INT_REG_CONSUME_DIST_1              0        0.0000                0        0.0000

MAP_STAGE_ONPATH_VEC_REG_CONSUME_DIST_1              0        0.0000                0        0.0000

MAP_STAGE_ONPATH_INT_REG_CONSUME_DIST_2       41640162        5.8559         41640162        5.8559

MAP_STAGE_ONPATH_VEC_REG_CONSUME_DIST_2       50468751      863.0235         50468751      863.0235

MAP_STAGE_ONPATH_INT_REG_CONSUME_DIST_3       25177874       10.0198         25177874       10.0198

MAP_STAGE_ONPATH_VEC_REG_CONSUME_DIST_3         725287       59.0625           725287       59.0625

MAP_STAGE_ONPATH_INT_REG_CONSUME_DIST_4       17975767       17.6398         17975767       17.6398

MAP_STAGE_ONPATH_VEC_REG_CONSUME_DIST_4           5980        2.1801             5980        2.1801

MAP_STAGE_ONPATH_INT_REG_CONSUME_DIST_5        7069572       13.2814          7069572       13.2814

MAP_STAGE_ONPATH_VEC_REG_CONSUME_DIST_5          15209       29.4178            15209       29.4178

MAP_STAGE_ONPATH_INT_REG_CONSUME_DIST_6        5447970       17.7788          5447970       17.7788

MAP_STAGE_ONPATH_VEC_REG_CONSUME_DIST_6              0          -nan                0          -nan

MAP_STAGE_ONPATH_INT_REG_CONSUME_DIST_7_PLUS      31258300       32.3479         31258300       32.3479

MAP_STAGE_ONPATH_VEC_REG_CONSUME_DIST_7_PLUS         22858      557.5122            22858      557.5122

MAP_STAGE_INT_REG_ISSUE_READ_TOTAL_CONSUMED      68053910        3.4269         68053910        3.4269

MAP_STAGE_VEC_REG_ISSUE_READ_TOTAL_CONSUMED        507299        0.0255           507299        0.0255

MAP_STAGE_INT_REG_ISSUE_READ_MULTI_CONSUMED      29684135        1.4948         29684135        1.4948

MAP_STAGE_VEC_REG_ISSUE_READ_MULTI_CONSUMED        101098        0.0051           101098        0.0051

MAP_STAGE_INT_REG_ISSUE_READ_SAME_CYCLE_CONSUMED      16653885        0.8386         16653885        0.8386

MAP_STAGE_VEC_REG_ISSUE_READ_SAME_CYCLE_CONSUMED         23650        0.0012            23650        0.0012

MAP_STAGE_INT_REG_ISSUE_READ_TOTAL_CONSUMED_ONPATH      62344111        3.7866         62344111        3.7866

MAP_STAGE_VEC_REG_ISSUE_READ_TOTAL_CONSUMED_ONPATH        494381        0.0300           494381        0.0300

MAP_STAGE_INT_REG_ISSUE_READ_MULTI_CONSUMED_ONPATH      26775045        1.6263         26775045        1.6263

MAP_STAGE_VEC_REG_ISSUE_READ_MULTI_CONSUMED_ONPATH         97497        0.0059            97497        0.0059

MAP_STAGE_INT_REG_ISSUE_READ_SAME_CYCLE_CONSUMED_ONPATH      15284187        0.9283         15284187        0.9283

MAP_STAGE_VEC_REG_ISSUE_READ_SAME_CYCLE_CONSUMED_ONPATH         23628        0.0014            23628        0.0014

MAP_STAGE_ONPATH_INT_REG_LIFECYCLE_EMPTY    2949723455                     2949723455              

MAP_STAGE_ONPATH_VEC_REG_LIFECYCLE_EMPTY      22668101                       22668101              

MAP_STAGE_ONPATH_INT_REG_LIFECYCLE_IN_USE    3456195840                     3456195840              

MAP_STAGE_ONPATH_VEC_REG_LIFECYCLE_IN_USE      78017754                       78017754              

MAP_STAGE_ONPATH_INT_REG_LIFECYCLE_SPEC_RELEASE    4951493502                     4951493502              

MAP_STAGE_ONPATH_VEC_REG_LIFECYCLE_SPEC_RELEASE     345712274                      345712274              

MAP_STAGE_ONPATH_INT_REG_LIFECYCLE_NONSPEC_RELEASE    4951493502                     4951493502              

MAP_STAGE_ONPATH_VEC_REG_LIFECYCLE_NONSPEC_RELEASE     345712274                      345712274              

MAP_STAGE_ONPATH_INT_REG_LIFECYCLE_TOTAL    4951493502                     4951493502              

MAP_STAGE_ONPATH_VEC_REG_LIFECYCLE_TOTAL     345712274                      345712274              

MAP_STAGE_ONPATH_INT_REG_NUM_NONBRANCH        39395890                       39395890              

MAP_STAGE_ONPATH_VEC_REG_NUM_NONBRANCH          399522                         399522              

MAP_STAGE_ONPATH_INT_REG_NUM_NONEXCEPT        39395890                       39395890              

MAP_STAGE_ONPATH_VEC_REG_NUM_NONEXCEPT          399522                         399522              

MAP_STAGE_ONPATH_INT_REG_NUM_ATOMIC           39395890                       39395890              

MAP_STAGE_ONPATH_VEC_REG_NUM_ATOMIC             399522                         399522              

MAP_STAGE_ONPATH_INT_REG_ATOMIC_REDEFINED_DIST_TOTAL    4951493502      125.6855       4951493502      125.6855

MAP_STAGE_ONPATH_VEC_REG_ATOMIC_REDEFINED_DIST_TOTAL     345712274      865.3147        345712274      865.3147

MAP_STAGE_ONPATH_INT_REG_ATOMIC_CONSUMED_DIST_TOTAL    3456195840       87.7299       3456195840       87.7299

MAP_STAGE_ONPATH_VEC_REG_ATOMIC_CONSUMED_DIST_TOTAL      78017754      195.2777         78017754      195.2777

MAP_STAGE_ONPATH_INT_REG_ATOMIC_RELEASE_DIST_TOTAL    4951493502      125.6855       4951493502      125.6855

MAP_STAGE_ONPATH_VEC_REG_ATOMIC_RELEASE_DIST_TOTAL     345712274      865.3147        345712274      865.3147

EXEC_STAGE_STARVED                            24007975       80.856%         24007975       80.856%
EXEC_STAGE_NOT_STARVED                         1322829        4.455%          1322829        4.455%
EXEC_STAGE_OFF_PATH                            4361500       14.689%          4361500       14.689%
                                              29692304      100.000%         29692304      100.000%
                                                  0.34         0.66              0.34         0.66

FU_BUSY_0                                     11619936                       11619936              

FU_BUSY_1                                      7508661                        7508661              

FU_BUSY_2                                      6879698                        6879698              

FU_BUSY_3                                      6882613                        6882613              

FU_BUSY_4                                      6984800                        6984800              

FU_BUSY_5                                     12300156                       12300156              

FU_BUSY_6                                      5018447                        5018447              

FU_BUSY_7                                      5022371                        5022371              

FU_BUSY_8                                      7419767                        7419767              

FU_BUSY_9                                      6879003                        6879003              

FU_BUSY_10                                           0                              0              

FU_BUSY_11                                           0                              0              

FU_BUSY_12                                           0                              0              

FU_BUSY_13                                           0                              0              

FU_BUSY_14                                           0                              0              

FU_BUSY_15                                           0                              0              

FU_BUSY_16                                           0                              0              

FU_BUSY_17                                           0                              0              

FU_BUSY_18                                           0                              0              

FU_BUSY_19                                           0                              0              

FU_BUSY_20                                           0                              0              

FU_BUSY_21                                           0                              0              

FU_BUSY_22                                           0                              0              

FU_BUSY_23                                           0                              0              

FU_BUSY_24                                           0                              0              

FU_BUSY_25                                           0                              0              

FU_BUSY_26                                           0                              0              

FU_BUSY_27                                           0                              0              

FU_BUSY_28                                           0                              0              

FU_BUSY_29                                           0                              0              

FU_BUSY_30                                           0                              0              

FU_BUSY_31                                           0                              0              

FU_REJECTED_OP_INV_NOT_SIMD                          0        0.000%                0        0.000%
FU_REJECTED_OP_NOP_NOT_SIMD                          0        0.000%                0        0.000%
FU_REJECTED_OP_CF_NOT_SIMD                        2014        0.194%             2014        0.194%
FU_REJECTED_OP_MOV_NOT_SIMD                       3217        0.310%             3217        0.310%
FU_REJECTED_OP_CMOV_NOT_SIMD                         0        0.000%                0        0.000%
FU_REJECTED_OP_LDA_NOT_SIMD                          0        0.000%                0        0.000%
FU_REJECTED_OP_IMEM_NOT_SIMD                    795679       76.599%           795679       76.599%
FU_REJECTED_OP_IADD_NOT_SIMD                    154726       14.895%           154726       14.895%
FU_REJECTED_OP_IMUL_NOT_SIMD                     31766        3.058%            31766        3.058%
FU_REJECTED_OP_IDIV_NOT_SIMD                         0        0.000%                0        0.000%
FU_REJECTED_OP_ICMP_NOT_SIMD                         0        0.000%                0        0.000%
FU_REJECTED_OP_LOGIC_NOT_SIMD                        0        0.000%                0        0.000%
FU_REJECTED_OP_SHIFT_NOT_SIMD                        0        0.000%                0        0.000%
FU_REJECTED_OP_FMEM_NOT_SIMD                         0        0.000%                0        0.000%
FU_REJECTED_OP_FCVT_NOT_SIMD                         0        0.000%                0        0.000%
FU_REJECTED_OP_FADD_NOT_SIMD                         0        0.000%                0        0.000%
FU_REJECTED_OP_FMUL_NOT_SIMD                         0        0.000%                0        0.000%
FU_REJECTED_OP_FMA_NOT_SIMD                          0        0.000%                0        0.000%
FU_REJECTED_OP_FDIV_NOT_SIMD                         0        0.000%                0        0.000%
FU_REJECTED_OP_FCMP_NOT_SIMD                         0        0.000%                0        0.000%
FU_REJECTED_OP_FCMOV_NOT_SIMD                        0        0.000%                0        0.000%
FU_REJECTED_OP_GATHER_NOT_SIMD                       0        0.000%                0        0.000%
FU_REJECTED_OP_SCATTER_NOT_SIMD                      0        0.000%                0        0.000%
FU_REJECTED_OP_PIPELINED_FAST_NOT_SIMD               0        0.000%                0        0.000%
FU_REJECTED_OP_PIPELINED_MEDIUM_NOT_SIMD             0        0.000%                0        0.000%
FU_REJECTED_OP_PIPELINED_SLOW_NOT_SIMD               0        0.000%                0        0.000%
FU_REJECTED_OP_NOTPIPELINED_MEDIUM_NOT_SIMD             0        0.000%                0        0.000%
FU_REJECTED_OP_NOTPIPELINED_SLOW_NOT_SIMD             0        0.000%                0        0.000%
FU_REJECTED_OP_NOTPIPELINED_VERY_SLOW_NOT_SIMD             0        0.000%                0        0.000%
FU_REJECTED_OP_INV_SIMD                              0        0.000%                0        0.000%
FU_REJECTED_OP_NOP_SIMD                              0        0.000%                0        0.000%
FU_REJECTED_OP_CF_SIMD                               0        0.000%                0        0.000%
FU_REJECTED_OP_MOV_SIMD                           1897        0.183%             1897        0.183%
FU_REJECTED_OP_CMOV_SIMD                             0        0.000%                0        0.000%
FU_REJECTED_OP_LDA_SIMD                              0        0.000%                0        0.000%
FU_REJECTED_OP_IMEM_SIMD                             0        0.000%                0        0.000%
FU_REJECTED_OP_IADD_SIMD                             0        0.000%                0        0.000%
FU_REJECTED_OP_IMUL_SIMD                             2        0.000%                2        0.000%
FU_REJECTED_OP_IDIV_SIMD                             0        0.000%                0        0.000%
FU_REJECTED_OP_ICMP_SIMD                             0        0.000%                0        0.000%
FU_REJECTED_OP_LOGIC_SIMD                            0        0.000%                0        0.000%
FU_REJECTED_OP_SHIFT_SIMD                            0        0.000%                0        0.000%
FU_REJECTED_OP_FMEM_SIMD                             0        0.000%                0        0.000%
FU_REJECTED_OP_FCVT_SIMD                          4982        0.480%             4982        0.480%
FU_REJECTED_OP_FADD_SIMD                         44470        4.281%            44470        4.281%
FU_REJECTED_OP_FMUL_SIMD                             0        0.000%                0        0.000%
FU_REJECTED_OP_FMA_SIMD                              0        0.000%                0        0.000%
FU_REJECTED_OP_FDIV_SIMD                             0        0.000%                0        0.000%
FU_REJECTED_OP_FCMP_SIMD                             0        0.000%                0        0.000%
FU_REJECTED_OP_FCMOV_SIMD                            0        0.000%                0        0.000%
FU_REJECTED_OP_GATHER_SIMD                           0        0.000%                0        0.000%
FU_REJECTED_OP_SCATTER_SIMD                          0        0.000%                0        0.000%
FU_REJECTED_OP_PIPELINED_FAST_SIMD                   0        0.000%                0        0.000%
FU_REJECTED_OP_PIPELINED_MEDIUM_SIMD                 0        0.000%                0        0.000%
FU_REJECTED_OP_PIPELINED_SLOW_SIMD                   0        0.000%                0        0.000%
FU_REJECTED_OP_NOTPIPELINED_MEDIUM_SIMD              0        0.000%                0        0.000%
FU_REJECTED_OP_NOTPIPELINED_SLOW_SIMD                0        0.000%                0        0.000%
FU_REJECTED_OP_NOTPIPELINED_VERY_SLOW_SIMD             0        0.000%                0        0.000%
                                               1038753      100.000%          1038753      100.000%
                                                  8.04         8.11              8.04         8.11

LSQ_FULL_TOTAL                                  976726                         976726              

LSQ_FULL_LOAD_QUEUE                              14833                          14833              

LSQ_FULL_STORE_QUEUE                            961893                         961893              

OP_WAIT_0                                     42457769                       42457769              

OP_WAIT_1                                     10758837                       10758837              

OP_WAIT_2                                      2627827                        2627827              

OP_WAIT_3                                      1158932                        1158932              

OP_WAIT_4                                       617462                         617462              

OP_WAIT_5                                       454308                         454308              

OP_WAIT_6                                       351074                         351074              

OP_WAIT_7                                       241065                         241065              

OP_WAIT_8                                       196174                         196174              

OP_WAIT_9                                       184684                         184684              

OP_WAIT_10                                      154836                         154836              

OP_WAIT_11                                      131916                         131916              

OP_WAIT_12                                      126182                         126182              

OP_WAIT_13                                      123774                         123774              

OP_WAIT_14                                      106847                         106847              

OP_WAIT_15                                       97858                          97858              

OP_WAIT_16                                       95877                          95877              

OP_WAIT_17                                       98553                          98553              

OP_WAIT_18                                       93326                          93326              

OP_WAIT_19                                      106355                         106355              

OP_WAIT_20                                       96182                          96182              

OP_WAIT_21                                      100653                         100653              

OP_WAIT_22                                      106972                         106972              

OP_WAIT_23                                      107869                         107869              

OP_WAIT_24                                      104582                         104582              

OP_WAIT_25                                      102341                         102341              

OP_WAIT_26                                       99558                          99558              

OP_WAIT_27                                       94939                          94939              

OP_WAIT_28                                      109206                         109206              

OP_WAIT_29                                      112833                         112833              

OP_WAIT_30                                       89996                          89996              

OP_WAIT_31                                     4661527                        4661527              

ROW_SIZE_0                                    17268221                       17268221              

ROW_SIZE_1                                     2857331                        2857331              

ROW_SIZE_2                                      679859                         679859              

ROW_SIZE_3                                      438720                         438720              

ROW_SIZE_4                                      391914                         391914              

ROW_SIZE_5                                      336509                         336509              

ROW_SIZE_6                                      313555                         313555              

ROW_SIZE_7                                      198690                         198690              

ROW_SIZE_8                                     6739343                        6739343              

ROW_SIZE_9                                           0                              0              

ROW_SIZE_10                                          0                              0              

ROW_SIZE_11                                          0                              0              

ROW_SIZE_12                                          0                              0              

ROW_SIZE_13                                          0                              0              

ROW_SIZE_14                                          0                              0              

ROW_SIZE_15                                          0                              0              

ROW_SIZE_16                                          0                              0              

ROW_SIZE_17                                          0                              0              

ROW_SIZE_18                                          0                              0              

ROW_SIZE_19                                          0                              0              

ROW_SIZE_20                                          0                              0              

ROW_SIZE_21                                          0                              0              

ROW_SIZE_22                                          0                              0              

ROW_SIZE_23                                          0                              0              

ROW_SIZE_24                                          0                              0              

ROW_SIZE_25                                          0                              0              

ROW_SIZE_26                                          0                              0              

ROW_SIZE_27                                          0                              0              

ROW_SIZE_28                                          0                              0              

ROW_SIZE_29                                          0                              0              

ROW_SIZE_30                                          0                              0              

ROW_SIZE_31                                          0                              0              

RET_OP_EXEC_COUNT_0                                  0        0.000%                0        0.000%
RET_OP_EXEC_COUNT_1                           65970314      100.000%         65970314      100.000%
RET_OP_EXEC_COUNT_2                                  0        0.000%                0        0.000%
RET_OP_EXEC_COUNT_3                                  0        0.000%                0        0.000%
RET_OP_EXEC_COUNT_4                                  0        0.000%                0        0.000%
RET_OP_EXEC_COUNT_5                                  0        0.000%                0        0.000%
RET_OP_EXEC_COUNT_6                                  0        0.000%                0        0.000%
RET_OP_EXEC_COUNT_7                                  0        0.000%                0        0.000%
RET_OP_EXEC_COUNT_8                                  0        0.000%                0        0.000%
RET_OP_EXEC_COUNT_9                                  0        0.000%                0        0.000%
RET_OP_EXEC_COUNT_10                                 0        0.000%                0        0.000%
RET_OP_EXEC_COUNT_11                                 0        0.000%                0        0.000%
RET_OP_EXEC_COUNT_12                                 0        0.000%                0        0.000%
RET_OP_EXEC_COUNT_13                                 0        0.000%                0        0.000%
RET_OP_EXEC_COUNT_14                                 0        0.000%                0        0.000%
RET_OP_EXEC_COUNT_15                                 0        0.000%                0        0.000%
RET_OP_EXEC_COUNT_16                                 0        0.000%                0        0.000%
RET_OP_EXEC_COUNT_17                                 0        0.000%                0        0.000%
RET_OP_EXEC_COUNT_18                                 0        0.000%                0        0.000%
RET_OP_EXEC_COUNT_19                                 0        0.000%                0        0.000%
RET_OP_EXEC_COUNT_20                                 0        0.000%                0        0.000%
RET_OP_EXEC_COUNT_21                                 0        0.000%                0        0.000%
RET_OP_EXEC_COUNT_22                                 0        0.000%                0        0.000%
RET_OP_EXEC_COUNT_23                                 0        0.000%                0        0.000%
RET_OP_EXEC_COUNT_24                                 0        0.000%                0        0.000%
RET_OP_EXEC_COUNT_25                                 0        0.000%                0        0.000%
RET_OP_EXEC_COUNT_26                                 0        0.000%                0        0.000%
RET_OP_EXEC_COUNT_27                                 0        0.000%                0        0.000%
RET_OP_EXEC_COUNT_28                                 0        0.000%                0        0.000%
RET_OP_EXEC_COUNT_29                                 0        0.000%                0        0.000%
RET_OP_EXEC_COUNT_30                                 0        0.000%                0        0.000%
RET_OP_EXEC_COUNT_31                                 0        0.000%                0        0.000%
RET_OP_EXEC_COUNT_32                                 0        0.000%                0        0.000%
                                              65970314      100.000%         65970314      100.000%
                                                  1.00         0.00              1.00         0.00

RET_STALL_LENGTH_0                            65968425       99.997%         65968425       99.997%
RET_STALL_LENGTH_100                              1590        0.002%             1590        0.002%
RET_STALL_LENGTH_200                               213        0.000%              213        0.000%
RET_STALL_LENGTH_300                                17        0.000%               17        0.000%
RET_STALL_LENGTH_400                                11        0.000%               11        0.000%
RET_STALL_LENGTH_500                                12        0.000%               12        0.000%
RET_STALL_LENGTH_600                                 2        0.000%                2        0.000%
RET_STALL_LENGTH_700                                 4        0.000%                4        0.000%
RET_STALL_LENGTH_800                                 7        0.000%                7        0.000%
RET_STALL_LENGTH_900                                 6        0.000%                6        0.000%
RET_STALL_LENGTH_1000                                5        0.000%                5        0.000%
RET_STALL_LENGTH_1100                                6        0.000%                6        0.000%
RET_STALL_LENGTH_1200                               15        0.000%               15        0.000%
RET_STALL_LENGTH_1300                                1        0.000%                1        0.000%
RET_STALL_LENGTH_1400                                0        0.000%                0        0.000%
RET_STALL_LENGTH_1500                                0        0.000%                0        0.000%
RET_STALL_LENGTH_1600                                0        0.000%                0        0.000%
RET_STALL_LENGTH_1700                                0        0.000%                0        0.000%
RET_STALL_LENGTH_1800                                0        0.000%                0        0.000%
RET_STALL_LENGTH_1900                                0        0.000%                0        0.000%
RET_STALL_LENGTH_2000                                0        0.000%                0        0.000%
RET_STALL_LENGTH_2100                                0        0.000%                0        0.000%
RET_STALL_LENGTH_2200                                0        0.000%                0        0.000%
RET_STALL_LENGTH_2300                                0        0.000%                0        0.000%
RET_STALL_LENGTH_2400                                0        0.000%                0        0.000%
RET_STALL_LENGTH_2500                                0        0.000%                0        0.000%
RET_STALL_LENGTH_2600                                0        0.000%                0        0.000%
RET_STALL_LENGTH_2700                                0        0.000%                0        0.000%
RET_STALL_LENGTH_2800                                0        0.000%                0        0.000%
RET_STALL_LENGTH_2900                                0        0.000%                0        0.000%
RET_STALL_LENGTH_3000                                0        0.000%                0        0.000%
RET_STALL_LENGTH_3100                                0        0.000%                0        0.000%
RET_STALL_LENGTH_3200                                0        0.000%                0        0.000%
RET_STALL_LENGTH_3300                                0        0.000%                0        0.000%
RET_STALL_LENGTH_3400                                0        0.000%                0        0.000%
RET_STALL_LENGTH_3500                                0        0.000%                0        0.000%
RET_STALL_LENGTH_3600                                0        0.000%                0        0.000%
RET_STALL_LENGTH_3700                                0        0.000%                0        0.000%
RET_STALL_LENGTH_3800                                0        0.000%                0        0.000%
RET_STALL_LENGTH_3900                                0        0.000%                0        0.000%
RET_STALL_LENGTH_4000                                0        0.000%                0        0.000%
RET_STALL_LENGTH_4100                                0        0.000%                0        0.000%
RET_STALL_LENGTH_4200                                0        0.000%                0        0.000%
RET_STALL_LENGTH_4300                                0        0.000%                0        0.000%
RET_STALL_LENGTH_4400                                0        0.000%                0        0.000%
RET_STALL_LENGTH_4500                                0        0.000%                0        0.000%
RET_STALL_LENGTH_4600                                0        0.000%                0        0.000%
RET_STALL_LENGTH_4700                                0        0.000%                0        0.000%
RET_STALL_LENGTH_4800                                0        0.000%                0        0.000%
RET_STALL_LENGTH_4900                                0        0.000%                0        0.000%
RET_STALL_LENGTH_5000                                0        0.000%                0        0.000%
                                              65970314      100.000%         65970314      100.000%
                                                  0.00         0.01              0.00         0.01

MEM_BLOCK_LENGTH_0                                 461       98.085%              461       98.085%
MEM_BLOCK_LENGTH_100                                 5        1.064%                5        1.064%
MEM_BLOCK_LENGTH_200                                 1        0.213%                1        0.213%
MEM_BLOCK_LENGTH_300                                 0        0.000%                0        0.000%
MEM_BLOCK_LENGTH_400                                 0        0.000%                0        0.000%
MEM_BLOCK_LENGTH_500                                 0        0.000%                0        0.000%
MEM_BLOCK_LENGTH_600                                 0        0.000%                0        0.000%
MEM_BLOCK_LENGTH_700                                 1        0.213%                1        0.213%
MEM_BLOCK_LENGTH_800                                 1        0.213%                1        0.213%
MEM_BLOCK_LENGTH_900                                 0        0.000%                0        0.000%
MEM_BLOCK_LENGTH_1000                                0        0.000%                0        0.000%
MEM_BLOCK_LENGTH_1100                                0        0.000%                0        0.000%
MEM_BLOCK_LENGTH_1200                                0        0.000%                0        0.000%
MEM_BLOCK_LENGTH_1300                                0        0.000%                0        0.000%
MEM_BLOCK_LENGTH_1400                                0        0.000%                0        0.000%
MEM_BLOCK_LENGTH_1500                                0        0.000%                0        0.000%
MEM_BLOCK_LENGTH_1600                                0        0.000%                0        0.000%
MEM_BLOCK_LENGTH_1700                                0        0.000%                0        0.000%
MEM_BLOCK_LENGTH_1800                                0        0.000%                0        0.000%
MEM_BLOCK_LENGTH_1900                                0        0.000%                0        0.000%
MEM_BLOCK_LENGTH_2000                                0        0.000%                0        0.000%
MEM_BLOCK_LENGTH_2100                                0        0.000%                0        0.000%
MEM_BLOCK_LENGTH_2200                                0        0.000%                0        0.000%
MEM_BLOCK_LENGTH_2300                                0        0.000%                0        0.000%
MEM_BLOCK_LENGTH_2400                                0        0.000%                0        0.000%
MEM_BLOCK_LENGTH_2500                                0        0.000%                0        0.000%
MEM_BLOCK_LENGTH_2600                                0        0.000%                0        0.000%
MEM_BLOCK_LENGTH_2700                                0        0.000%                0        0.000%
MEM_BLOCK_LENGTH_2800                                0        0.000%                0        0.000%
MEM_BLOCK_LENGTH_2900                                0        0.000%                0        0.000%
MEM_BLOCK_LENGTH_3000                                0        0.000%                0        0.000%
MEM_BLOCK_LENGTH_3100                                0        0.000%                0        0.000%
MEM_BLOCK_LENGTH_3200                                0        0.000%                0        0.000%
MEM_BLOCK_LENGTH_3300                                0        0.000%                0        0.000%
MEM_BLOCK_LENGTH_3400                                0        0.000%                0        0.000%
MEM_BLOCK_LENGTH_3500                                0        0.000%                0        0.000%
MEM_BLOCK_LENGTH_3600                                0        0.000%                0        0.000%
MEM_BLOCK_LENGTH_3700                                0        0.000%                0        0.000%
MEM_BLOCK_LENGTH_3800                                0        0.000%                0        0.000%
MEM_BLOCK_LENGTH_3900                                0        0.000%                0        0.000%
MEM_BLOCK_LENGTH_4000                                0        0.000%                0        0.000%
MEM_BLOCK_LENGTH_4100                                0        0.000%                0        0.000%
MEM_BLOCK_LENGTH_4200                                0        0.000%                0        0.000%
MEM_BLOCK_LENGTH_4300                                0        0.000%                0        0.000%
MEM_BLOCK_LENGTH_4400                                0        0.000%                0        0.000%
MEM_BLOCK_LENGTH_4500                                0        0.000%                0        0.000%
MEM_BLOCK_LENGTH_4600                                0        0.000%                0        0.000%
MEM_BLOCK_LENGTH_4700                                0        0.000%                0        0.000%
MEM_BLOCK_LENGTH_4800                                0        0.000%                0        0.000%
MEM_BLOCK_LENGTH_4900                                0        0.000%                0        0.000%
MEM_BLOCK_LENGTH_5000                                1        0.213%                1        0.213%
                                                   470      100.000%              470      100.000%
                                                  0.15         2.35              0.15         2.35

FUS_BUSY_ON_PATH                              67652352        2.2784         67652352        2.2784

FUS_BUSY_OFF_PATH                              8863100        0.2985          8863100        0.2985

FU_BUSY_MEM_STALL                              1858565        0.0626          1858565        0.0626

FUS_EMPTY                                    220407588        7.4231        220407588        7.4231

FU_UNAVAILABLE                                   53172        0.0018            53172        0.0018

FU_MEM_UNAVAILABLE                              985581        0.0332           985581        0.0332

FU_OTHER_UNAVAILABLE                                 0        0.0000                0        0.0000

FU_REPLAY                                            0        0.0000                0        0.0000

FU_STARVED                                   219809545        7.4029        219809545        7.4029

CHIP_UTILIZATION                                     0        0.0000                0        0.0000

CYCLES_UNDER_MEM_REQ                                 0                              0              

CYCLES_UNDER_NO_MEM_REQ                              0                              0              

CYCLES_UNDER_CRITICAL_MEM_REQ                        0                              0              

CYCLES_UNDER_NONCRITICAL_MEM_REQ                     0                              0              

CHIP_UTILIZATION_UNDER_MEM_REQ                       0          -nan                0          -nan

CHIP_UTILIZATION_UNDER_NO_MEM_REQ                    0          -nan                0          -nan

CHIP_UTILIZATION_UNDER_CRITICAL_MEM_REQ              0          -nan                0          -nan

CHIP_UTILIZATION_UNDER_NONCRITICAL_MEM_REQ             0          -nan                0          -nan

CYCLES_NOT_WAITING_FOR_OFF_CHIP                      0        0.0000                0        0.0000

FUS_BUSY_NOT_WAITING_FOR_OFF_CHIP                    0          -nan                0          -nan

CYCLES_WAITING_FOR_OFF_CHIP                          0        0.0000                0        0.0000

FUS_BUSY_WAITING_FOR_OFF_CHIP                        0          -nan                0          -nan

TOTAL_OFF_CHIP_DELAYS_LEFT                           0                              0              

WRONG_IO_SCHED                                       0                              0              

DVFS_CONFIG_SWITCH                                   0                              0              

MAP_STAGE_RECEIVED_OPS_0                             0        0.000%                0        0.000%
MAP_STAGE_RECEIVED_OPS_1                        119668        1.059%           119668        1.059%
MAP_STAGE_RECEIVED_OPS_2                        125769        1.113%           125769        1.113%
MAP_STAGE_RECEIVED_OPS_3                        172853        1.529%           172853        1.529%
MAP_STAGE_RECEIVED_OPS_4                        201743        1.785%           201743        1.785%
MAP_STAGE_RECEIVED_OPS_5                        206175        1.824%           206175        1.824%
MAP_STAGE_RECEIVED_OPS_6                      10478567       92.692%         10478567       92.692%
MAP_STAGE_RECEIVED_OPS_7                             0        0.000%                0        0.000%
MAP_STAGE_RECEIVED_OPS_8                             0        0.000%                0        0.000%
MAP_STAGE_RECEIVED_OPS_MAX                           0        0.000%                0        0.000%
                                              11304775      100.000%         11304775      100.000%
                                                  5.80         0.79              5.80         0.79

MAP_STAGE_WAIT_FOR_DECODE                            0         -nan%                0         -nan%
MAP_STAGE_CONSUME_DECODE                             0         -nan%                0         -nan%
                                                     0         -nan%                0         -nan%
                                                  -nan         -nan              -nan         -nan

MAP_STAGE_WAIT_FOR_DECODE2                           0         -nan%                0         -nan%
MAP_STAGE_CONSUME_DECODE2                            0         -nan%                0         -nan%
                                                     0         -nan%                0         -nan%
                                                  -nan         -nan              -nan         -nan

FTQ_RECOVER_EXEC                                189436                         189436              

FTQ_RECOVER_DECODE                                 321                            321              

FTQ_OFFPATH_CYCLES                            22872223                       22872223              

FTQ_CYCLES_OFFPATH                            22872223                       22872223              

FTQ_CYCLES_ONPATH                              6820081                        6820081              

FTQ_FETCHED_INS_ONPATH                        65970314                       65970314              

FTQ_FETCHED_INS_OFFPATH                      141296466                      141296466              

FTQ_BREAK_FULL_FT_ONPATH                       2545754                        2545754              

FTQ_BREAK_FULL_FT_OFFPATH                     11610064                       11610064              

FTQ_BREAK_PRED_BR_ONPATH                             0                              0              

FTQ_BREAK_PRED_BR_OFFPATH                            0                              0              

FTQ_BREAK_BAR_FETCH_ONPATH                           0                              0              

FTQ_BREAK_BAR_FETCH_OFFPATH                          0                              0              

FTQ_BREAK_MAX_CFS_TAKEN_ONPATH                       0                              0              

FTQ_BREAK_MAX_CFS_TAKEN_OFFPATH                      0                              0              

FTQ_BREAK_MAX_FT_ONPATH                        4274158                        4274158              

FTQ_BREAK_MAX_FT_OFFPATH                      11262159                       11262159              

DFE_GEN_ON_PATH_FT                             6811095                        6811095              

DFE_GEN_OFF_PATH_FT                           12438468                       12438468              

DFE_L0_ENABLED_PREDICTIONS                    65970314                       65970314              

DFE_L0_WRONG_MAIN_CORRECT                      1909442                        1909442              

DFE_L0_WRONG_MAIN_WRONG                         180452                         180452              

DFE_L0_CORRECT_MAIN_WRONG                         9305                           9305              

DFE_L0_CORRECT_MAIN_CORRECT                   63871115                       63871115              

DFE_L0_WRONG_MAIN_CORRECT_RECOVERY_SCHEDULED             0                              0              

FTQ_SAW_BAR_FETCH_OFFPATH                            0                              0              

FTQ_SAW_BAR_FETCH_ONPATH                             0                              0              

DFE_CONF_0_RECOVER_AT_EXEC                           0         -nan%                0         -nan%
DFE_CONF_1_RECOVER_AT_EXEC                           0         -nan%                0         -nan%
DFE_CONF_2_RECOVER_AT_EXEC                           0         -nan%                0         -nan%
DFE_CONF_3_RECOVER_AT_EXEC                           0         -nan%                0         -nan%
DFE_CONF_0_CORRECT                                   0         -nan%                0         -nan%
DFE_CONF_1_CORRECT                                   0         -nan%                0         -nan%
DFE_CONF_2_CORRECT                                   0         -nan%                0         -nan%
DFE_CONF_3_CORRECT                                   0         -nan%                0         -nan%
                                                     0         -nan%                0         -nan%
                                                  -nan         -nan              -nan         -nan

DFE_ON_CONF_ON_OPS                                   0         -nan%                0         -nan%
DFE_ON_CONF_OFF_OPS                                  0         -nan%                0         -nan%
DFE_OFF_CONF_ON_OPS                                  0         -nan%                0         -nan%
DFE_OFF_CONF_OFF_REALISTIC_OPS                       0         -nan%                0         -nan%
DFE_OFF_CONF_OFF_PERFECT_OPS                         0         -nan%                0         -nan%
                                                     0         -nan%                0         -nan%
                                                  -nan         -nan              -nan         -nan

DFE_ON_CONF_ON_FETCH_TARGETS                         0         -nan%                0         -nan%
DFE_ON_CONF_OFF_FETCH_TARGETS                        0         -nan%                0         -nan%
DFE_OFF_CONF_ON_FETCH_TARGETS                        0         -nan%                0         -nan%
DFE_OFF_CONF_OFF_REALISTIC_FETCH_TARGETS             0         -nan%                0         -nan%
DFE_OFF_CONF_OFF_PERFECT_FETCH_TARGETS               0         -nan%                0         -nan%
                                                     0         -nan%                0         -nan%
                                                  -nan         -nan              -nan         -nan

DFE_ON_CONF_ON_CYCLES                                0         -nan%                0         -nan%
DFE_ON_CONF_OFF_CYCLES                               0         -nan%                0         -nan%
DFE_OFF_CONF_ON_CYCLES                               0         -nan%                0         -nan%
DFE_OFF_CONF_OFF_REALISTIC_CYCLES                    0         -nan%                0         -nan%
DFE_OFF_CONF_OFF_PERFECT_CYCLES                      0         -nan%                0         -nan%
                                                     0         -nan%                0         -nan%
                                                  -nan         -nan              -nan         -nan

DFE_OFF_CONF_ON_NUM_EVENTS                           0                              0              

DFE_OFF_CONF_ON_NOT_IDENTIFIED_EVENTS                0         -nan%                0         -nan%
DFE_OFF_CONF_ON_IBTB_MISS_EVENTS                     0         -nan%                0         -nan%
DFE_OFF_CONF_ON_BTB_MISS_EVENTS                      0         -nan%                0         -nan%
DFE_OFF_CONF_ON_BTB_MISS_RECOVER_AT_EXEC_EVENTS             0         -nan%                0         -nan%
DFE_OFF_CONF_ON_RECOVER_AT_EXEC_EVENTS               0         -nan%                0         -nan%
DFE_OFF_CONF_ON_RECOVER_AT_DECODE_EVENTS             0         -nan%                0         -nan%
                                                     0         -nan%                0         -nan%
                                                  -nan         -nan              -nan         -nan

DFE_OFF_CONF_ON_LATE_BTB_HIT_EVENTS                  0                              0              

DFE_OFF_CONF_ON_NOT_IDENTIFIED_CYCLES                0         -nan%                0         -nan%
DFE_OFF_CONF_ON_IBTB_MISS_CYCLES                     0         -nan%                0         -nan%
DFE_OFF_CONF_ON_BTB_MISS_CYCLES                      0         -nan%                0         -nan%
DFE_OFF_CONF_ON_BTB_MISS_RECOVER_AT_EXEC_CYCLES             0         -nan%                0         -nan%
DFE_OFF_CONF_ON_RECOVER_AT_EXEC_CYCLES               0         -nan%                0         -nan%
DFE_OFF_CONF_ON_RECOVER_AT_DECODE_CYCLES             0         -nan%                0         -nan%
                                                     0         -nan%                0         -nan%
                                                  -nan         -nan              -nan         -nan

DFE_OFF_CONF_ON_LATE_BTB_HIT_CYCLES                  0                              0              

DFE_OFF_CONF_ON_NOT_IDENTIFIED_FETCH_TARGETS             0         -nan%                0         -nan%
DFE_OFF_CONF_ON_IBTB_MISS_FETCH_TARGETS              0         -nan%                0         -nan%
DFE_OFF_CONF_ON_BTB_MISS_FETCH_TARGETS               0         -nan%                0         -nan%
DFE_OFF_CONF_ON_BTB_MISS_RECOVER_AT_EXEC_FETCH_TARGETS             0         -nan%                0         -nan%
DFE_OFF_CONF_ON_RECOVER_AT_EXEC_FETCH_TARGETS             0         -nan%                0         -nan%
DFE_OFF_CONF_ON_RECOVER_AT_DECODE_FETCH_TARGETS             0         -nan%                0         -nan%
                                                     0         -nan%                0         -nan%
                                                  -nan         -nan              -nan         -nan

DFE_OFF_CONF_ON_LATE_BTB_HIT_FETCH_TARGETS             0                              0              

DFE_OFF_CONF_ON_BP_INCORRECT_0_CONF                  0         -nan%                0         -nan%
DFE_OFF_CONF_ON_BP_INCORRECT_1_CONF                  0         -nan%                0         -nan%
DFE_OFF_CONF_ON_BP_INCORRECT_2_CONF                  0         -nan%                0         -nan%
DFE_OFF_CONF_ON_BP_INCORRECT_3_CONF                  0         -nan%                0         -nan%
                                                     0         -nan%                0         -nan%
                                                  -nan         -nan              -nan         -nan

DFE_OFF_CONF_ON_BTB_MISS_CBR_0_CONF                  0         -nan%                0         -nan%
DFE_OFF_CONF_ON_BTB_MISS_CBR_1_CONF                  0         -nan%                0         -nan%
DFE_OFF_CONF_ON_BTB_MISS_CBR_2_CONF                  0         -nan%                0         -nan%
DFE_OFF_CONF_ON_BTB_MISS_CBR_3_CONF                  0         -nan%                0         -nan%
                                                     0         -nan%                0         -nan%
                                                  -nan         -nan              -nan         -nan

DFE_OFF_CONF_ON_BTB_MISS_NOT_CF                      0         -nan%                0         -nan%
DFE_OFF_CONF_ON_BTB_MISS_CF_BR                       0         -nan%                0         -nan%
DFE_OFF_CONF_ON_BTB_MISS_CF_CBR                      0         -nan%                0         -nan%
DFE_OFF_CONF_ON_BTB_MISS_CF_CALL                     0         -nan%                0         -nan%
DFE_OFF_CONF_ON_BTB_MISS_CF_IBR                      0         -nan%                0         -nan%
DFE_OFF_CONF_ON_BTB_MISS_CF_ICALL                    0         -nan%                0         -nan%
DFE_OFF_CONF_ON_BTB_MISS_CF_ICO                      0         -nan%                0         -nan%
DFE_OFF_CONF_ON_BTB_MISS_CF_RET                      0         -nan%                0         -nan%
DFE_OFF_CONF_ON_BTB_MISS_CF_SYS                      0         -nan%                0         -nan%
                                                     0         -nan%                0         -nan%
                                                  -nan         -nan              -nan         -nan

DFE_ON_CONF_OFF_NUM_EVENTS                           0                              0              

CONF_BTB_NUM_CYCLES_OFF_PATH_EVENT                   0                              0              

DFE_ON_CONF_OFF_IBTB_MISS_BP_TAKEN                   0         -nan%                0         -nan%
DFE_ON_CONF_OFF_BTB_MISS_BP_TAKEN_CONF_0             0         -nan%                0         -nan%
DFE_ON_CONF_OFF_BTB_MISS_BP_TAKEN_CONF_1             0         -nan%                0         -nan%
DFE_ON_CONF_OFF_BTB_MISS_BP_TAKEN_CONF_2             0         -nan%                0         -nan%
DFE_ON_CONF_OFF_BTB_MISS_BP_TAKEN_CONF_3             0         -nan%                0         -nan%
DFE_ON_CONF_OFF_BTB_MISS_RATE                        0         -nan%                0         -nan%
DFE_ON_CONF_OFF_IBTB_MISS_RATE                       0         -nan%                0         -nan%
DFE_ON_CONF_OFF_RECOVER_AT_DECODE_RATE               0         -nan%                0         -nan%
DFE_ON_CONF_OFF_RECOVER_AT_EXEC_RATE                 0         -nan%                0         -nan%
DFE_ON_CONF_OFF_INV_CONF_INC                         0         -nan%                0         -nan%
DFE_ON_CONF_OFF_PERFECT_CONF                         0         -nan%                0         -nan%
                                                     0         -nan%                0         -nan%
                                                  -nan         -nan              -nan         -nan

DFE_ON_CONF_OFF_IBTB_MISS_BP_TAKEN_CYCLES             0         -nan%                0         -nan%
DFE_ON_CONF_OFF_BTB_MISS_BP_TAKEN_CONF_0_CYCLES             0         -nan%                0         -nan%
DFE_ON_CONF_OFF_BTB_MISS_BP_TAKEN_CONF_1_CYCLES             0         -nan%                0         -nan%
DFE_ON_CONF_OFF_BTB_MISS_BP_TAKEN_CONF_2_CYCLES             0         -nan%                0         -nan%
DFE_ON_CONF_OFF_BTB_MISS_BP_TAKEN_CONF_3_CYCLES             0         -nan%                0         -nan%
DFE_ON_CONF_OFF_BTB_MISS_RATE_CYCLES                 0         -nan%                0         -nan%
DFE_ON_CONF_OFF_IBTB_MISS_RATE_CYCLES                0         -nan%                0         -nan%
DFE_ON_CONF_OFF_RECOVER_AT_DECODE_RATE_CYCLES             0         -nan%                0         -nan%
DFE_ON_CONF_OFF_RECOVER_AT_EXEC_RATE_CYCLES             0         -nan%                0         -nan%
DFE_ON_CONF_OFF_INV_CONF_INC_CYCLES                  0         -nan%                0         -nan%
DFE_ON_CONF_OFF_PERFECT_CONF_CYCLES                  0         -nan%                0         -nan%
                                                     0         -nan%                0         -nan%
                                                  -nan         -nan              -nan         -nan

DFE_ON_CONF_OFF_IBTB_MISS_BP_TAKEN_FETCH_TARGETS             0         -nan%                0         -nan%
DFE_ON_CONF_OFF_BTB_MISS_BP_TAKEN_CONF_0_FETCH_TARGETS             0         -nan%                0         -nan%
DFE_ON_CONF_OFF_BTB_MISS_BP_TAKEN_CONF_1_FETCH_TARGETS             0         -nan%                0         -nan%
DFE_ON_CONF_OFF_BTB_MISS_BP_TAKEN_CONF_2_FETCH_TARGETS             0         -nan%                0         -nan%
DFE_ON_CONF_OFF_BTB_MISS_BP_TAKEN_CONF_3_FETCH_TARGETS             0         -nan%                0         -nan%
DFE_ON_CONF_OFF_BTB_MISS_RATE_FETCH_TARGETS             0         -nan%                0         -nan%
DFE_ON_CONF_OFF_IBTB_MISS_RATE_FETCH_TARGETS             0         -nan%                0         -nan%
DFE_ON_CONF_OFF_RECOVER_AT_DECODE_RATE_FETCH_TARGETS             0         -nan%                0         -nan%
DFE_ON_CONF_OFF_RECOVER_AT_EXEC_RATE_FETCH_TARGETS             0         -nan%                0         -nan%
DFE_ON_CONF_OFF_INV_CONF_INC_FETCH_TARGETS             0         -nan%                0         -nan%
DFE_ON_CONF_OFF_PERFECT_CONF_FETCH_TARGETS             0         -nan%                0         -nan%
                                                     0         -nan%                0         -nan%
                                                  -nan         -nan              -nan         -nan

CONF_OFF_IBTB_MISS_BP_TAKEN                          0         -nan%                0         -nan%
CONF_OFF_BTB_MISS_BP_TAKEN_CONF_0                    0         -nan%                0         -nan%
CONF_OFF_BTB_MISS_BP_TAKEN_CONF_1                    0         -nan%                0         -nan%
CONF_OFF_BTB_MISS_BP_TAKEN_CONF_2                    0         -nan%                0         -nan%
CONF_OFF_BTB_MISS_BP_TAKEN_CONF_3                    0         -nan%                0         -nan%
CONF_OFF_BTB_MISS_RATE                               0         -nan%                0         -nan%
CONF_OFF_IBTB_MISS_RATE                              0         -nan%                0         -nan%
CONF_OFF_RECOVER_AT_DECODE_RATE                      0         -nan%                0         -nan%
CONF_OFF_RECOVER_AT_EXEC_RATE                        0         -nan%                0         -nan%
CONF_OFF_INV_CONF_INC                                0         -nan%                0         -nan%
CONF_OFF_PERFECT_CONF                                0         -nan%                0         -nan%
                                                     0         -nan%                0         -nan%
                                                  -nan         -nan              -nan         -nan

TOPDOWN_TOTAL_SLOTS                          178153824                      178153824              

TOPDOWN_ISSUED_SLOTS                          97169716                       97169716              

TOPDOWN_RETIRED_SLOTS                         65970314                       65970314              

TOPDOWN_FETCH_BUBBLES_SLOTS                   11856656                       11856656              

TOPDOWN_RECOVERY_BUBBLES_SLOTS                 8038005                        8038005              

TOPDOWN_MEM_LOAD_STALLS_CYCLES                 9642151                        9642151              

TOPDOWN_MEM_STORE_STALLS_CYCLES                  18031                          18031              

TOPDOWN_EXEC_STALLS_CYCLES                     9211691                        9211691              

TOPDOWN_BACKEND_STALLS_CYCLES                  9661496                        9661496              

TOPDOWN_FETCH_BUBBLES_GT_MIW_CYCLES            1683684                        1683684              

TOPDOWN_BR_RECOVER_AT_EXEC_RETIRED_CYCLES        189436                         189436              

TOPDOWN_MACHINE_CLEAR_CYCLES                   2099199                        2099199              

TOPDOWN_FRONTEND_BOUND                             665                            665              

TOPDOWN_BACKEND_BOUND                             3431                           3431              

TOPDOWN_BAD_SPEC_BOUND                            2202                           2202              

TOPDOWN_RETIRING_BOUND                            3702                           3702              

TOPDOWN_FETCH_LATENCY_BOUND                        567                            567              

TOPDOWN_FETCH_BANDWIDTH_BOUND                       98                             98              

TOPDOWN_MEM_BOUND                                 3430                           3430              

TOPDOWN_CORE_BOUND                                   1                              1              

TOPDOWN_BR_RECOVER_AT_EXEC_BOUND                   182                            182              

TOPDOWN_MACHINE_CLEARS_BOUND                      2020                           2020              

H2P_SEEN_MAIN                                     3370                           3370              



