/* -*- Mode: c -*- */
####################################################################################################
Core 0
####################################################################################################
Cumulative:        Cycles: 10441706              Instructions: 30000000              IPC: 2.87309

Periodic:          Cycles: 4599646               Instructions: 9999995               IPC: 2.17408

ST_OP_INV                                            0        0.000%                0        0.000%
ST_OP_NOP                                       696729        5.206%          1126347        3.019%
ST_OP_CF                                       1743348       13.026%          5660621       15.173%
ST_OP_MOV                                       639966        4.782%          2871245        7.696%
ST_OP_CMOV                                           0        0.000%            49625        0.133%
ST_OP_LDA                                        40506        0.303%          1149941        3.082%
ST_OP_ILD                                      2454578       18.341%          6671934       17.884%
ST_OP_IST                                      1790420       13.378%          4154828       11.137%
ST_OP_IADD                                     3012702       22.511%          6276660       16.824%
ST_OP_IMUL                                       40491        0.303%           131098        0.351%
ST_OP_IDIV                                           0        0.000%            32918        0.088%
ST_OP_ICMP                                      304333        2.274%          2270447        6.086%
ST_OP_LOGIC                                    1695708       12.670%          4184790       11.217%
ST_OP_SHIFT                                     323928        2.420%          1367079        3.664%
ST_OP_FLD                                       118928        0.889%           419289        1.124%
ST_OP_FST                                       405211        3.028%           562292        1.507%
ST_OP_FCVT                                       37946        0.284%           122866        0.329%
ST_OP_FADD                                       40491        0.303%           131072        0.351%
ST_OP_FMUL                                       37946        0.284%           122866        0.329%
ST_OP_FMA                                            0        0.000%                0        0.000%
ST_OP_FDIV                                           0        0.000%                0        0.000%
ST_OP_FCMP                                           0        0.000%                0        0.000%
ST_OP_FCMOV                                          0        0.000%                0        0.000%
ST_OP_GATHER                                         0        0.000%                0        0.000%
ST_OP_SCATTER                                        0        0.000%                0        0.000%
ST_OP_PIPELINED_FAST                                 0        0.000%              515        0.001%
ST_OP_PIPELINED_MEDIUM                               0        0.000%                0        0.000%
ST_OP_PIPELINED_SLOW                                 0        0.000%                0        0.000%
ST_OP_NOTPIPELINED_MEDIUM                            0        0.000%              305        0.001%
ST_OP_NOTPIPELINED_SLOW                              0        0.000%                9        0.000%
ST_OP_NOTPIPELINED_VERY_SLOW                         0        0.000%               34        0.000%
                                              13383231      100.000%         37306781      100.000%
                                                  7.15         3.74              7.01         3.78

ST_NOT_CF                                     11639883       86.974%         31646160       84.827%
ST_CF_BR                                        183323        1.370%           395898        1.061%
ST_CF_CBR                                       741814        5.543%          3571280        9.573%
ST_CF_REP                                            0        0.000%              382        0.001%
ST_CF_CALL                                      299730        2.240%           679231        1.821%
ST_CF_IBR                                       218749        1.635%           334283        0.896%
ST_CF_ICALL                                          0        0.000%               97        0.000%
ST_CF_ICO                                            0        0.000%                0        0.000%
ST_CF_RET                                       299732        2.240%           679325        1.821%
ST_CF_SYS                                            0        0.000%              125        0.000%
                                              13383231      100.000%         37306781      100.000%
                                                  0.48         1.42              0.47         1.29

REP_FIRST                                            0                              3              

ST_BAR_NONE                                   13383231      100.000%         37306648      100.000%
ST_BAR_FETCH                                         0        0.000%              133        0.000%
ST_BAR_ISSUE                                         0        0.000%                0        0.000%
ST_BAR_BOTH                                          0        0.000%                0        0.000%
                                              13383231      100.000%         37306781      100.000%
                                                  0.00         0.00              0.00         0.00

ST_NOT_MEM                                     8614094       64.365%         25498438       68.348%
ST_MEM_LD                                      2573506       19.229%          7091223       19.008%
ST_MEM_ST                                      2195631       16.406%          4717120       12.644%
ST_MEM_PF                                            0        0.000%                0        0.000%
ST_MEM_WH                                            0        0.000%                0        0.000%
ST_MEM_EVICT                                         0        0.000%                0        0.000%
                                              13383231      100.000%         37306781      100.000%
                                                  0.52         0.64              0.44         0.60

ST_NOT_MEM_OFFPATH                             2090843       81.638%          4897651       76.867%
ST_MEM_LD_OFFPATH                               238800        9.324%           637498       10.005%
ST_MEM_ST_OFFPATH                               231482        9.038%           836457       13.128%
ST_MEM_PF_OFFPATH                                    0        0.000%                0        0.000%
ST_MEM_WH_OFFPATH                                    0        0.000%                0        0.000%
ST_MEM_EVIC_OFFPATHT                                 0        0.000%                0        0.000%
                                               2561125      100.000%          6371606      100.000%
                                                  0.27         0.56              0.36         0.63

ST_OP_ONPATH                                  13383231                       37306781              

ST_OP_OFFPATH                                  2561125                        6371606              

ST_FAKE_OP_OFFPATH                             1343646       52.463%          2249726       35.309%
ST_NOT_FAKE_OP_OFFPATH                         1217479       47.537%          4121880       64.691%
                                               2561125      100.000%          6371606      100.000%
                                                  0.48         0.49              0.65         0.59

ST_FAKE_REASON_NOT_FAKE                        1217479       47.537%          4121880       64.691%
ST_FAKE_REASON_REDIRECT_TO_NOT_INSTRUMENTED       1343646       52.463%          2249726       35.309%
ST_FAKE_REASON_RETURN_TO_NOT_INSTRUMENTED             0        0.000%                0        0.000%
ST_FAKE_REASON_NONRET_CF_TO_NOT_INSTRUMENTED             0        0.000%                0        0.000%
ST_FAKE_REASON_NOT_TAKEN_TO_NOT_INSTRUMENTED             0        0.000%                0        0.000%
ST_FAKE_REASON_WRONG_PATH_STORE_TO_NEW_REGION             0        0.000%                0        0.000%
                                               2561125      100.000%          6371606      100.000%
                                                  0.52         0.34              0.35         0.38

ST_INST_ONPATH                                 9999445                       30000379              

ST_INST_OFFPATH                                2143743                        5293914              

STATIC_PIN_NOP                                       0                              0              

DYNAMIC_PIN_REP_GREATER_256                          0                              0              

INST_MAP_UPDATE_JITTED                               0        0.000%                0        0.000%
INST_MAP_UPDATE_ENCODING                             0        0.000%              379        0.015%
INST_MAP_UPDATE_NPC_INV                              0        0.000%                0        0.000%
INST_MAP_UPDATE_NPC_NOP                              0        0.000%                0        0.000%
INST_MAP_UPDATE_NPC_CF                               0        0.000%                0        0.000%
INST_MAP_UPDATE_NPC_MOV                              0        0.000%                0        0.000%
INST_MAP_UPDATE_NPC_CMOV                             0        0.000%                0        0.000%
INST_MAP_UPDATE_NPC_LDA                              0        0.000%                0        0.000%
INST_MAP_UPDATE_NPC_IMEM                             0        0.000%                0        0.000%
INST_MAP_UPDATE_NPC_IADD                             0        0.000%                0        0.000%
INST_MAP_UPDATE_NPC_IMUL                         10140        1.237%           104702        4.228%
INST_MAP_UPDATE_NPC_IDIV                             0        0.000%                0        0.000%
INST_MAP_UPDATE_NPC_ICMP                             0        0.000%                0        0.000%
INST_MAP_UPDATE_NPC_LOGIC                            0        0.000%                0        0.000%
INST_MAP_UPDATE_NPC_SHIFT                            0        0.000%                0        0.000%
INST_MAP_UPDATE_NPC_FMEM                             0        0.000%                0        0.000%
INST_MAP_UPDATE_NPC_FCVT                             0        0.000%                0        0.000%
INST_MAP_UPDATE_NPC_FADD                             0        0.000%                0        0.000%
INST_MAP_UPDATE_NPC_FMUL                             0        0.000%                0        0.000%
INST_MAP_UPDATE_NPC_FMA                              0        0.000%                0        0.000%
INST_MAP_UPDATE_NPC_FDIV                             0        0.000%                0        0.000%
INST_MAP_UPDATE_NPC_FCMP                             0        0.000%                0        0.000%
INST_MAP_UPDATE_NPC_FCMOV                            0        0.000%                0        0.000%
INST_MAP_UPDATE_NPC_GATHER                           0        0.000%                0        0.000%
INST_MAP_UPDATE_NPC_SCATTER                          0        0.000%                0        0.000%
INST_MAP_UPDATE_NPC_PIPELINED_FAST                   0        0.000%                0        0.000%
INST_MAP_UPDATE_NPC_PIPELINED_MEDIUM                 0        0.000%                0        0.000%
INST_MAP_UPDATE_NPC_PIPELINED_SLOW                   0        0.000%                0        0.000%
INST_MAP_UPDATE_NPC_NOTPIPELINED_MEDIUM              0        0.000%                0        0.000%
INST_MAP_UPDATE_NPC_NOTPIPELINED_SLOW                0        0.000%                0        0.000%
INST_MAP_UPDATE_NPC_NOTPIPELINED_VERY_SLOW             0        0.000%                0        0.000%
INST_MAP_UPDATE_MEM_INV                              0        0.000%                0        0.000%
INST_MAP_UPDATE_MEM_NOP                              0        0.000%                0        0.000%
INST_MAP_UPDATE_MEM_CF                               0        0.000%                0        0.000%
INST_MAP_UPDATE_MEM_MOV                         412797       50.346%          1663892       67.187%
INST_MAP_UPDATE_MEM_CMOV                             0        0.000%                0        0.000%
INST_MAP_UPDATE_MEM_LDA                              0        0.000%                0        0.000%
INST_MAP_UPDATE_MEM_IMEM                             0        0.000%                0        0.000%
INST_MAP_UPDATE_MEM_IADD                             0        0.000%                0        0.000%
INST_MAP_UPDATE_MEM_IMUL                             0        0.000%             1421        0.057%
INST_MAP_UPDATE_MEM_IDIV                             0        0.000%                0        0.000%
INST_MAP_UPDATE_MEM_ICMP                             0        0.000%                0        0.000%
INST_MAP_UPDATE_MEM_LOGIC                        40491        4.938%           231539        9.349%
INST_MAP_UPDATE_MEM_SHIFT                            0        0.000%            68704        2.774%
INST_MAP_UPDATE_MEM_FMEM                             0        0.000%                0        0.000%
INST_MAP_UPDATE_MEM_FCVT                             0        0.000%                0        0.000%
INST_MAP_UPDATE_MEM_FADD                             0        0.000%                0        0.000%
INST_MAP_UPDATE_MEM_FMUL                             0        0.000%                0        0.000%
INST_MAP_UPDATE_MEM_FMA                              0        0.000%                0        0.000%
INST_MAP_UPDATE_MEM_FDIV                             0        0.000%                0        0.000%
INST_MAP_UPDATE_MEM_FCMP                             0        0.000%                0        0.000%
INST_MAP_UPDATE_MEM_FCMOV                            0        0.000%                0        0.000%
INST_MAP_UPDATE_MEM_GATHER                           0        0.000%                0        0.000%
INST_MAP_UPDATE_MEM_SCATTER                          0        0.000%                0        0.000%
INST_MAP_UPDATE_MEM_PIPELINED_FAST                   0        0.000%                0        0.000%
INST_MAP_UPDATE_MEM_PIPELINED_MEDIUM                 0        0.000%                0        0.000%
INST_MAP_UPDATE_MEM_PIPELINED_SLOW              356494       43.479%           405860       16.388%
INST_MAP_UPDATE_MEM_NOTPIPELINED_MEDIUM              0        0.000%                0        0.000%
INST_MAP_UPDATE_MEM_NOTPIPELINED_SLOW                0        0.000%                0        0.000%
INST_MAP_UPDATE_MEM_NOTPIPELINED_VERY_SLOW             0        0.000%                0        0.000%
                                                819922      100.000%          2476497      100.000%
                                                 43.66        11.28             37.59         9.96



