/* -*- Mode: c -*- */
####################################################################################################
Core 0
####################################################################################################
Cumulative:        Cycles: 13309387              Instructions: 29999995              IPC: 2.25405

Periodic:          Cycles: 5452910               Instructions: 9999993               IPC: 1.83388

DCACHE_PREF_HIT                                      0                              0              

IFETCH_WB_FIRST_SCHEDULE                             0         -nan%                1      100.000%
PREFETCH_LAST_SCHEDULE                               0         -nan%                0        0.000%
DEMAND_PASS_PREF_SCHEDULE                            0         -nan%                0        0.000%
DEMAND_PASS_LOW_OP_SCHEDULE                          0         -nan%                0        0.000%
DEMAND_LAST_SCHEDULE                                 0         -nan%                0        0.000%
                                                     0         -nan%                1      100.000%
                                                  -nan         -nan              0.00         -nan

SEND_MISS_REQ_QUEUE                             164466                         376439              

L1_DATA_EVICT                                   164482                         347037              

STREAM_BUFFER_REQ                                    0                              0              

PREF_SEND_TO_MEM_REQ                                 0         -nan%                0         -nan%
PREF_SEND_TO_MEM_REQ_FAIL                            0         -nan%                0         -nan%
                                                     0         -nan%                0         -nan%
                                                  -nan         -nan              -nan         -nan

HIT_TRAIN_STREAM                                147248       89.529%           306431       83.513%
MISS_TRAIN_STREAM                                17222       10.471%            60493       16.487%
                                                164470      100.000%           366924      100.000%
                                                  0.10         0.29              0.16         0.35

STREAM_TRAIN_CREATE                               6578                          20272              

MEM_REQ_MISS_HWP_PREF_Q                              0         -nan%                0         -nan%
MEM_REQ_MISS_SW_PREF_Q                               0         -nan%                0         -nan%
MEM_REQ_MISS_IFETCH_Q                                0         -nan%                0         -nan%
MEM_REQ_MISS_DFETCH_Q                                0         -nan%                0         -nan%
MEM_REQ_MISS_DSTORE_Q                                0         -nan%                0         -nan%
MEM_REQ_MISS_DPRF_Q                                  0         -nan%                0         -nan%
MEM_REQ_MISS_WB_Q                                    0         -nan%                0         -nan%
                                                     0         -nan%                0         -nan%
                                                  -nan         -nan              -nan         -nan

PREF_HIT_BY_DEMAND_IFETCH                            0         -nan%                0         -nan%
PREF_HIT_BY_DEMAND_DFETCH                            0         -nan%                0         -nan%
PREF_HIT_BY_DEMAND_DSTORE                            0         -nan%                0         -nan%
PREF_HIT_BY_DEMAND_IPREF                             0         -nan%                0         -nan%
PREF_HIT_BY_DEMAND_DPRF                              0         -nan%                0         -nan%
PREF_HIT_BY_DEMAND_WB                                0         -nan%                0         -nan%
PREF_HIT_BY_PREF                                     0         -nan%                0         -nan%
                                                     0         -nan%                0         -nan%
                                                  -nan         -nan              -nan         -nan

PREF_HIT_DEMAND_IFETCH                               0         -nan%                0         -nan%
PREF_HIT_DEMAND_DFETCH                               0         -nan%                0         -nan%
PREF_HIT_DEMAND_DSTORE                               0         -nan%                0         -nan%
PREF_HIT_DEMAND_IPREF                                0         -nan%                0         -nan%
PREF_HIT_DEMAND_DPRF                                 0         -nan%                0         -nan%
PREF_HIT_DEMAND_WB                                   0         -nan%                0         -nan%
                                                     0         -nan%                0         -nan%
                                                  -nan         -nan              -nan         -nan

PREF_L1_FILL                                         0         -nan%                0         -nan%
DEMAND_L1_FILL                                       0         -nan%                0         -nan%
                                                     0         -nan%                0         -nan%
                                                  -nan         -nan              -nan         -nan

TOUCH_L1_REPLACE                                     0        0.000%                0        0.000%
NO_TOUCH_L1_REPLACE                             164482      100.000%           347037      100.000%
                                                164482      100.000%           347037      100.000%
                                                  1.00         1.00              1.00         1.00

PREF_REQ_QUE_FULL                                    0                              0              

STREAM_REQ_QUEUE_HIT_BY_DEMAND                       0                              0              

L2HIT_STREAM_PREF_REQ_QUE_FULL                       0                              0              

L2HIT_HIT_TRAIN_STREAM                               0         -nan%                0         -nan%
L2HIT_MISS_TRAIN_STREAM                              0         -nan%                0         -nan%
                                                     0         -nan%                0         -nan%
                                                  -nan         -nan              -nan         -nan

L2HIT_STREAM_TRAIN_CREATE                            0                              0              

L2HIT_STREAM_BUFFER_REQ                              0                              0              

L2HIT_STREAM_PREF_DCACHE_HIT                         0         -nan%                0         -nan%
L2HIT_STREAM_PREF_DCACHE_INSERT                      0         -nan%                0         -nan%
L2HIT_STREAM_L2_MISS                                 0         -nan%                0         -nan%
                                                     0         -nan%                0         -nan%
                                                  -nan         -nan              -nan         -nan

L2HIT_STREAM_DCACHE_PORT_FULL                        0                              0              

L2HIT_STREAM_PREF_L1_PORT_FULL                       0                              0              

L2HIT_TRAIN_HIT_DEMAND                               0         -nan%                0         -nan%
L2HIT_TRAIN_MISS_REQ                                 0         -nan%                0         -nan%
                                                     0         -nan%                0         -nan%
                                                  -nan         -nan              -nan         -nan

L2HIT_TRAIN_FILTER_MISS                              0         -nan%                0         -nan%
L2HIT_TRAIN_FILTER_HIT                               0         -nan%                0         -nan%
                                                     0         -nan%                0         -nan%
                                                  -nan         -nan              -nan         -nan

L2HIT_PREF_REQ_DCACHE_HIT                            0         -nan%                0         -nan%
L2HIT_PREF_REQ_DCACHE_MISS                           0         -nan%                0         -nan%
                                                     0         -nan%                0         -nan%
                                                  -nan         -nan              -nan         -nan

L2HIT_L2SEND_Q_FULL                                  0         -nan%                0         -nan%
L2HIT_L2SEND_Q_ENTER                                 0         -nan%                0         -nan%
                                                     0         -nan%                0         -nan%
                                                  -nan         -nan              -nan         -nan

L2HIT_MEM_REQ                                        0                              0              

REMOVE_REDUNDANT_STREAM_STAT                         0                              0              

REPLACE_OLD_STREAM                                6578                          20256              

REQ_SEND_QUEUE_STALL                                 0                              0              

STREAM_ENTER_RA                                      0                              0              

CORE_STREAM_LENGTH_0                                 0        0.000%                9        0.244%
CORE_STREAM_LENGTH_10                              168       73.362%             3557       96.500%
CORE_STREAM_LENGTH_20                               51       22.271%               87        2.360%
CORE_STREAM_LENGTH_30                                9        3.930%               19        0.515%
CORE_STREAM_LENGTH_40                                0        0.000%                2        0.054%
CORE_STREAM_LENGTH_50                                0        0.000%                1        0.027%
CORE_STREAM_LENGTH_60                                0        0.000%                1        0.027%
CORE_STREAM_LENGTH_70                                0        0.000%                1        0.027%
CORE_STREAM_LENGTH_80                                0        0.000%                0        0.000%
CORE_STREAM_LENGTH_90                                0        0.000%                0        0.000%
CORE_STREAM_LENGTH_100_P                             1        0.437%                9        0.244%
                                                   229      100.000%             3686      100.000%
                                                  1.34         0.79              1.06         0.52

CORE_CUM_STREAM_LENGTH_0                             0        0.000%               68        0.017%
CORE_CUM_STREAM_LENGTH_10                         2241        0.915%            65347       16.398%
CORE_CUM_STREAM_LENGTH_20                         1146        0.468%             1949        0.489%
CORE_CUM_STREAM_LENGTH_30                          297        0.121%              633        0.159%
CORE_CUM_STREAM_LENGTH_40                            0        0.000%               94        0.024%
CORE_CUM_STREAM_LENGTH_50                            0        0.000%               57        0.014%
CORE_CUM_STREAM_LENGTH_60                            0        0.000%               63        0.016%
CORE_CUM_STREAM_LENGTH_70                            0        0.000%               73        0.018%
CORE_CUM_STREAM_LENGTH_80                            0        0.000%                0        0.000%
CORE_CUM_STREAM_LENGTH_90                            0        0.000%                0        0.000%
CORE_CUM_STREAM_LENGTH_100_P                    241344       98.496%           330221       82.865%
                                                245028      100.000%           398505      100.000%
                                                  9.87         9.85              8.47         8.41

CORE_STREAM_TRAIN_HITS_0                           228       99.563%             3658       99.240%
CORE_STREAM_TRAIN_HITS_10                            0        0.000%               14        0.380%
CORE_STREAM_TRAIN_HITS_20                            0        0.000%                1        0.027%
CORE_STREAM_TRAIN_HITS_30                            0        0.000%                2        0.054%
CORE_STREAM_TRAIN_HITS_40                            0        0.000%                1        0.027%
CORE_STREAM_TRAIN_HITS_50                            0        0.000%                2        0.054%
CORE_STREAM_TRAIN_HITS_60                            0        0.000%                1        0.027%
CORE_STREAM_TRAIN_HITS_70                            0        0.000%                0        0.000%
CORE_STREAM_TRAIN_HITS_80                            0        0.000%                0        0.000%
CORE_STREAM_TRAIN_HITS_90                            0        0.000%                0        0.000%
CORE_STREAM_TRAIN_HITS_100_P                         1        0.437%                7        0.190%
                                                   229      100.000%             3686      100.000%
                                                  0.04         0.66              0.03         0.47

CORE_CUM_STREAM_TRAIN_HITS_0                      1206        0.556%            18423        5.736%
CORE_CUM_STREAM_TRAIN_HITS_10                        0        0.000%              183        0.057%
CORE_CUM_STREAM_TRAIN_HITS_20                        0        0.000%               22        0.007%
CORE_CUM_STREAM_TRAIN_HITS_30                        0        0.000%               63        0.020%
CORE_CUM_STREAM_TRAIN_HITS_40                        0        0.000%               40        0.012%
CORE_CUM_STREAM_TRAIN_HITS_50                        0        0.000%              114        0.035%
CORE_CUM_STREAM_TRAIN_HITS_60                        0        0.000%               60        0.019%
CORE_CUM_STREAM_TRAIN_HITS_70                        0        0.000%                0        0.000%
CORE_CUM_STREAM_TRAIN_HITS_80                        0        0.000%                0        0.000%
CORE_CUM_STREAM_TRAIN_HITS_90                        0        0.000%                0        0.000%
CORE_CUM_STREAM_TRAIN_HITS_100_P                215506       99.444%           302270       94.114%
                                                216712      100.000%           321175      100.000%
                                                  9.94         9.92              9.42         9.16

CORE_STREAM_TRAIN_CREATE                          6578                          20272              



