/* -*- Mode: c -*- */
####################################################################################################
Core 0
####################################################################################################
Cumulative:        Cycles: 21443380              Instructions: 89999999              IPC: 4.19710

Periodic:          Cycles: 21443380              Instructions: 89999999              IPC: 4.19710

MISS_WAIT_TIME                               857886991                      857886991              

ICACHE_STAGE_MISS                                  652                            652              

ICACHE_CYCLE                                  21443380                       21443380              

TCACHE_CYCLE                                         0                              0              

ICACHE_SERVING_CYCLE_ON_PATH                    439868                         439868              

ICACHE_SERVING_CYCLE_OFF_PATH                    58802                          58802              

UCACHE_SERVING_CYCLE_ON_PATH                  18392463                       18392463              

UCACHE_SERVING_CYCLE_OFF_PATH                  2104262                        2104262              

ICACHE_CYCLE_ONPATH                           19165335       89.376%         19165335       89.376%
ICACHE_CYCLE_OFFPATH                           2278045       10.624%          2278045       10.624%
                                              21443380      100.000%         21443380      100.000%
                                                  0.11         0.29              0.11         0.29

FETCH_ON_PATH                                 19272372       89.876%         19272372       89.876%
FETCH_OFF_PATH                                 2171008       10.124%          2171008       10.124%
                                              21443380      100.000%         21443380      100.000%
                                                  0.10         0.29              0.10         0.29

FETCHED_OPS_ON_PATH                                  0         -nan%                0         -nan%
FETCHED_OPS_OFF_PATH                                 0         -nan%                0         -nan%
                                                     0         -nan%                0         -nan%
                                                  -nan         -nan              -nan         -nan

INST_LOST_FETCH                              103588011       60.299%        103588011       60.299%
INST_LOST_OFF_PATH                            13305826        7.745%         13305826        7.745%
INST_LOST_FULL_WINDOW                          5954698        3.466%          5954698        3.466%
INST_LOST_ROB_STALL_OTHER                      5705260        3.321%          5705260        3.321%
INST_LOST_ROB_STALL_WAIT_FOR_RECOVERY                0        0.000%                0        0.000%
INST_LOST_ROB_STALL_WAIT_FOR_REDIRECT                0        0.000%                0        0.000%
INST_LOST_ROB_STALL_WAIT_FOR_GAP_FILL                0        0.000%                0        0.000%
INST_LOST_ROB_STALL_WAIT_FOR_L1_MISS                 0        0.000%                0        0.000%
INST_LOST_ROB_STALL_WAIT_FOR_MEMORY             114804        0.067%           114804        0.067%
INST_LOST_ROB_STALL_WAIT_FOR_DC_MISS          11382398        6.626%         11382398        6.626%
INST_LOST_ROB_BLOCK_ISSUE_FULL                       0        0.000%                0        0.000%
INST_LOST_ROB_BLOCK_ISSUE_GAP_TOO_LARGE              0        0.000%                0        0.000%
INST_LOST_BREAK_DONT                                 0        0.000%                0        0.000%
INST_LOST_BREAK_FT_UNAVAILABLE                 2372650        1.381%          2372650        1.381%
INST_LOST_BREAK_ICACHE_STAGE_RESTEER             40068        0.023%            40068        0.023%
INST_LOST_BREAK_ICACHE_MISS_REQ_SUCCESS           2622        0.002%             2622        0.002%
INST_LOST_BREAK_ICACHE_MISS_REQ_FAILURE            408        0.000%              408        0.000%
INST_LOST_BREAK_ICACHE_WAIT_FOR_MISS            247266        0.144%           247266        0.144%
INST_LOST_BREAK_ICACHE_STALLED                   64598        0.038%            64598        0.038%
INST_LOST_BREAK_ICACHE_TO_UOP_CACHE_SWITCH        559512        0.326%           559512        0.326%
INST_LOST_BREAK_ICACHE_READ_LIMIT               123223        0.072%           123223        0.072%
INST_LOST_BREAK_ICACHE_ISSUE_WIDTH                   0        0.000%                0        0.000%
INST_LOST_BREAK_UOP_CACHE_STALLED              3210086        1.869%          3210086        1.869%
INST_LOST_BREAK_UOP_CACHE_TO_ICACHE_SWITCH        340084        0.198%           340084        0.198%
INST_LOST_BREAK_UOP_CACHE_READ_LIMIT          24779822       14.424%         24779822       14.424%
INST_LOST_BREAK_UOP_CACHE_ISSUE_WIDTH                0        0.000%                0        0.000%
                                             171791336      100.000%        171791336      100.000%
                                                  5.06         7.91              5.06         7.91

INST_LOST_TOTAL                              169663228                      169663228              

INST_LOST_WAIT_FOR_ICACHE_MISS_NOT_PREFETCHED         50268       23.887%            50268       23.887%
INST_LOST_WAIT_FOR_ICACHE_MISS_PREFETCHED_AND_EVICTED_BY_IFETCH             0        0.000%                0        0.000%
INST_LOST_WAIT_FOR_ICACHE_MISS_PREFETCHED_AND_EVICTED_BY_FDIP             0        0.000%                0        0.000%
INST_LOST_WAIT_FOR_ICACHE_MISS_MSHR_HIT_PREF_OFFPATH          1932        0.918%             1932        0.918%
INST_LOST_WAIT_FOR_ICACHE_MISS_MSHR_HIT_PREF_ONPATH        158244       75.195%           158244       75.195%
                                                210444      100.000%           210444      100.000%
                                                  3.04         2.76              3.04         2.76

FETCH_0_OPS                                     445108        2.076%           445108        2.076%
FETCH_1_OPS                                    1110756        5.180%          1110756        5.180%
FETCH_2_OPS                                     718357        3.350%           718357        3.350%
FETCH_3_OPS                                     803608        3.748%           803608        3.748%
FETCH_4_OPS                                    1198445        5.589%          1198445        5.589%
FETCH_5_OPS                                    1171047        5.461%          1171047        5.461%
FETCH_6_OPS                                    2326054       10.847%          2326054       10.847%
FETCH_7_OPS                                    1000784        4.667%          1000784        4.667%
FETCH_8_OPS                                   12669221       59.082%         12669221       59.082%
FETCH_9_OPS                                          0        0.000%                0        0.000%
FETCH_10_OPS                                         0        0.000%                0        0.000%
FETCH_11_OPS                                         0        0.000%                0        0.000%
FETCH_12_OPS                                         0        0.000%                0        0.000%
FETCH_13_OPS                                         0        0.000%                0        0.000%
FETCH_14_OPS                                         0        0.000%                0        0.000%
FETCH_15_OPS                                         0        0.000%                0        0.000%
FETCH_16_OPS                                         0        0.000%                0        0.000%
                                              21443380      100.000%         21443380      100.000%
                                                  6.43         2.14              6.43         2.14

ST_BREAK_DONT                                        0        0.000%                0        0.000%
ST_BREAK_FT_UNAVAILABLE                         395931        1.846%           395931        1.846%
ST_BREAK_ICACHE_STAGE_RESTEER                     8036        0.037%             8036        0.037%
ST_BREAK_ICACHE_MISS_REQ_SUCCESS                   652        0.003%              652        0.003%
ST_BREAK_ICACHE_MISS_REQ_FAILURE                    68        0.000%               68        0.000%
ST_BREAK_ICACHE_WAIT_FOR_MISS                    41211        0.192%            41211        0.192%
ST_BREAK_ICACHE_STALLED                          14021        0.065%            14021        0.065%
ST_BREAK_ICACHE_TO_UOP_CACHE_SWITCH             152897        0.713%           152897        0.713%
ST_BREAK_ICACHE_READ_LIMIT                       51461        0.240%            51461        0.240%
ST_BREAK_ICACHE_ISSUE_WIDTH                     288657        1.346%           288657        1.346%
ST_BREAK_UOP_CACHE_STALLED                     3026465       14.114%          3026465       14.114%
ST_BREAK_UOP_CACHE_TO_ICACHE_SWITCH             117614        0.548%           117614        0.548%
ST_BREAK_UOP_CACHE_READ_LIMIT                  6373684       29.723%          6373684       29.723%
ST_BREAK_UOP_CACHE_ISSUE_WIDTH                10972683       51.170%         10972683       51.170%
                                              21443380      100.000%         21443380      100.000%
                                                 11.91         8.74             11.91         8.74

ORACLE_ON_PATH_INST                          103588011       88.617%        103588011       88.617%
ORACLE_OFF_PATH_INST                          13305826       11.383%         13305826       11.383%
                                             116893837      100.000%        116893837      100.000%
                                                  0.11         0.30              0.11         0.30

ORACLE_ON_PATH_INST_MEM                       31909994       27.298%         31909994       27.298%
ORACLE_ON_PATH_INST_NOTMEM                    71678017       61.319%         71678017       61.319%
ORACLE_OFF_PATH_INST_MEM                       3547902        3.035%          3547902        3.035%
ORACLE_OFF_PATH_INST_NOTMEM                    9757924        8.348%          9757924        8.348%
                                             116893837      100.000%        116893837      100.000%
                                                  0.92         0.69              0.92         0.69

ICACHE_CYCLE_NONRA_ONPATH                            0         -nan%                0         -nan%
ICACHE_CYCLE_NONRA_OFFPATH                           0         -nan%                0         -nan%
ICACHE_CYCLE_RA_ONPATH                               0         -nan%                0         -nan%
ICACHE_CYCLE_RA_OFFPATH                              0         -nan%                0         -nan%
                                                     0         -nan%                0         -nan%
                                                  -nan         -nan              -nan         -nan

ICACHE_CYCLE_ONPATH_NONRA                            0         -nan%                0         -nan%
ICACHE_CYCLE_OFFPATH_NONRA                           0         -nan%                0         -nan%
                                                     0         -nan%                0         -nan%
                                                  -nan         -nan              -nan         -nan

ICACHE_CYCLE_ONPATH_RA                               0         -nan%                0         -nan%
ICACHE_CYCLE_OFFPATH_RA                              0         -nan%                0         -nan%
                                                     0         -nan%                0         -nan%
                                                  -nan         -nan              -nan         -nan

INACCURATE_OFFPATH_CYCLES                            0        0.0000                0        0.0000

FETCH_ALL_INST                               116893837                      116893837              

EXEC_ALL_INST                                105248441                      105248441              

RET_ALL_INST                                 103588011                      103588011              

EXEC_ON_PATH_INST                            103588011       98.422%        103588011       98.422%
EXEC_OFF_PATH_INST                             1660430        1.578%          1660430        1.578%
                                             105248441      100.000%        105248441      100.000%
                                                  0.02         0.12              0.02         0.12

EXEC_ON_PATH_INST_MEM                         31909994       30.319%         31909994       30.319%
EXEC_ON_PATH_INST_NOTMEM                      71678017       68.104%         71678017       68.104%
EXEC_OFF_PATH_INST_MEM                          590166        0.561%           590166        0.561%
EXEC_OFF_PATH_INST_NOTMEM                      1070264        1.017%          1070264        1.017%
                                             105248441      100.000%        105248441      100.000%
                                                  0.72         0.35              0.72         0.35

EXEC_RA_INST                                         0         -nan%                0         -nan%
EXEC_NONRA_INST                                      0         -nan%                0         -nan%
                                                     0         -nan%                0         -nan%
                                                  -nan         -nan              -nan         -nan

EXEC_ON_PATH_INST_RA                                 0         -nan%                0         -nan%
EXEC_OFF_PATH_INST_RA                                0         -nan%                0         -nan%
                                                     0         -nan%                0         -nan%
                                                  -nan         -nan              -nan         -nan

EXEC_ON_PATH_INST_NONRA                              0         -nan%                0         -nan%
EXEC_OFF_PATH_INST_NONRA                             0         -nan%                0         -nan%
                                                     0         -nan%                0         -nan%
                                                  -nan         -nan              -nan         -nan

EXEC_RA_ON_PATH_INST                                 0         -nan%                0         -nan%
EXEC_RA_OFF_PATH_INST                                0         -nan%                0         -nan%
EXEC_NONRA_ON_PATH_INST                              0         -nan%                0         -nan%
EXEC_NONRA_OFF_PATH_INST                             0         -nan%                0         -nan%
                                                     0         -nan%                0         -nan%
                                                  -nan         -nan              -nan         -nan

ICACHE_THROTTLE_CYCLE                                0                              0              

FETCH_ENABLE_THROTTLE_OFF_PATH                       0         -nan%                0         -nan%
FETCH_ENABLE_THROTTLE_ON_PATH                        0         -nan%                0         -nan%
                                                     0         -nan%                0         -nan%
                                                  -nan         -nan              -nan         -nan

FETCH_DISABLE_THROTTLE_OFF_PATH                      0         -nan%                0         -nan%
FETCH_DISABLE_THROTTLE_ON_PATH                       0         -nan%                0         -nan%
                                                     0         -nan%                0         -nan%
                                                  -nan         -nan              -nan         -nan

FETCH_TH_ADJUST__0                                   0         -nan%                0         -nan%
FETCH_TH_ADJUST__1                                   0         -nan%                0         -nan%
FETCH_TH_ADJUST__2                                   0         -nan%                0         -nan%
FETCH_TH_ADJUST__3                                   0         -nan%                0         -nan%
FETCH_TH_ADJUST__4                                   0         -nan%                0         -nan%
FETCH_TH_ADJUST__5                                   0         -nan%                0         -nan%
FETCH_TH_ADJUST__6                                   0         -nan%                0         -nan%
FETCH_TH_ADJUST__7                                   0         -nan%                0         -nan%
FETCH_TH_ADJUST__8                                   0         -nan%                0         -nan%
FETCH_TH_ADJUST__9                                   0         -nan%                0         -nan%
FETCH_TH_ADJUST__MAX                                 0         -nan%                0         -nan%
                                                     0         -nan%                0         -nan%
                                                  -nan         -nan              -nan         -nan

FETCH_TH_ADJUST_UP                                   0         -nan%                0         -nan%
FETCH_TH_ADJUST_DOWN                                 0         -nan%                0         -nan%
FETCH_TH_ADJUST_SAME                                 0         -nan%                0         -nan%
                                                     0         -nan%                0         -nan%
                                                  -nan         -nan              -nan         -nan

THROTTLE_ADJUST_CACHE_MISS_INFO                      0                              0              

LOW_CONF_COUNT_BP_MIS_0                              0         -nan%                0         -nan%
LOW_CONF_COUNT_BP_MIS_1                              0         -nan%                0         -nan%
LOW_CONF_COUNT_BP_MIS_2                              0         -nan%                0         -nan%
LOW_CONF_COUNT_BP_MIS_3                              0         -nan%                0         -nan%
LOW_CONF_COUNT_BP_MIS_4                              0         -nan%                0         -nan%
LOW_CONF_COUNT_BP_MIS_5                              0         -nan%                0         -nan%
LOW_CONF_COUNT_BP_MIS_6                              0         -nan%                0         -nan%
LOW_CONF_COUNT_BP_MIS_7                              0         -nan%                0         -nan%
LOW_CONF_COUNT_BP_MIS_8                              0         -nan%                0         -nan%
LOW_CONF_COUNT_BP_MIS_9                              0         -nan%                0         -nan%
LOW_CONF_COUNT_BP_MIS_10                             0         -nan%                0         -nan%
LOW_CONF_COUNT_BP_MIS_11                             0         -nan%                0         -nan%
LOW_CONF_COUNT_BP_MIS_12                             0         -nan%                0         -nan%
LOW_CONF_COUNT_BP_MIS_13                             0         -nan%                0         -nan%
LOW_CONF_COUNT_BP_MIS_14                             0         -nan%                0         -nan%
LOW_CONF_COUNT_BP_MIS_15                             0         -nan%                0         -nan%
LOW_CONF_COUNT_BP_MIS_16                             0         -nan%                0         -nan%
LOW_CONF_COUNT_BP_MIS_17                             0         -nan%                0         -nan%
LOW_CONF_COUNT_BP_MIS_18                             0         -nan%                0         -nan%
LOW_CONF_COUNT_BP_MIS_19                             0         -nan%                0         -nan%
LOW_CONF_COUNT_BP_MIS_20                             0         -nan%                0         -nan%
                                                     0         -nan%                0         -nan%
                                                  -nan         -nan              -nan         -nan

LOW_CONF_COUNT_RET_0                                 0         -nan%                0         -nan%
LOW_CONF_COUNT_RET_1                                 0         -nan%                0         -nan%
LOW_CONF_COUNT_RET_2                                 0         -nan%                0         -nan%
LOW_CONF_COUNT_RET_3                                 0         -nan%                0         -nan%
LOW_CONF_COUNT_RET_4                                 0         -nan%                0         -nan%
LOW_CONF_COUNT_RET_5                                 0         -nan%                0         -nan%
LOW_CONF_COUNT_RET_6                                 0         -nan%                0         -nan%
LOW_CONF_COUNT_RET_7                                 0         -nan%                0         -nan%
LOW_CONF_COUNT_RET_8                                 0         -nan%                0         -nan%
LOW_CONF_COUNT_RET_9                                 0         -nan%                0         -nan%
LOW_CONF_COUNT_RET_10                                0         -nan%                0         -nan%
LOW_CONF_COUNT_RET_11                                0         -nan%                0         -nan%
LOW_CONF_COUNT_RET_12                                0         -nan%                0         -nan%
LOW_CONF_COUNT_RET_13                                0         -nan%                0         -nan%
LOW_CONF_COUNT_RET_14                                0         -nan%                0         -nan%
LOW_CONF_COUNT_RET_15                                0         -nan%                0         -nan%
LOW_CONF_COUNT_RET_16                                0         -nan%                0         -nan%
LOW_CONF_COUNT_RET_17                                0         -nan%                0         -nan%
LOW_CONF_COUNT_RET_18                                0         -nan%                0         -nan%
LOW_CONF_COUNT_RET_19                                0         -nan%                0         -nan%
LOW_CONF_COUNT_RET_20                                0         -nan%                0         -nan%
                                                     0         -nan%                0         -nan%
                                                  -nan         -nan              -nan         -nan

CYCLES_RESTEER_RECOVER_AT_EXEC                       0         -nan%                0         -nan%
CYCLES_RESTEER_RECOVER_AT_DECODE                     0         -nan%                0         -nan%
CYCLES_RESTEER_BTB_MISS                              0         -nan%                0         -nan%
                                                     0         -nan%                0         -nan%
                                                  -nan         -nan              -nan         -nan

CYCLES_RESTEER_RECOVER_AT_EXEC_SAVED_UC_FETCH             0         -nan%                0         -nan%
CYCLES_RESTEER_RECOVER_AT_EXEC_COULD_BE_SAVED_UC_FETCH             0         -nan%                0         -nan%
CYCLES_RESTEER_RECOVER_AT_DECODE_SAVED_UC_FETCH             0         -nan%                0         -nan%
CYCLES_RESTEER_RECOVER_AT_DECODE_COULD_BE_SAVED_UC_FETCH             0         -nan%                0         -nan%
CYCLES_RESTEER_BTB_MISS_SAVED_UC_FETCH               0         -nan%                0         -nan%
CYCLES_RESTEER_BTB_MISS_COULD_BE_SAVED_UC_FETCH             0         -nan%                0         -nan%
                                                     0         -nan%                0         -nan%
                                                  -nan         -nan              -nan         -nan

CYCLES_UOC_IC_SWITCH                                 0                              0              



