/* -*- Mode: c -*- */
####################################################################################################
Core 0
####################################################################################################
Cumulative:        Cycles: 7972010               Instructions: 30000000              IPC: 3.76317

Periodic:          Cycles: 2635370               Instructions: 9999996               IPC: 3.79453

EXECUTION_TIME                            823553125000                  2491253125000              

SIM_HOST_WALL_SECONDS                       313.759627                     313.759627              

NODE_CYCLE                                     2635370                        7972010              

NODE_INST_COUNT                                9999996                       30000078              

NODE_INST_COUNT_FETCHED                        9999996                       30000000              

NODE_UOP_COUNT                                11694748                       35087723              

EXEC_STAGE_NO_ISSUE_STALL_CYCLE                2222459                        6690626              

EXEC_STAGE_NO_ISSUE_STALL_CYCLE_ONPATH         2217857                        6665312              

FULL_WINDOW_STALL                                    0        0.000%             2558        0.032%

FULL_WINDOW_MEM_OP                                   0         -nan%             2289       92.261%
FULL_WINDOW_FP_OP                                    0         -nan%                0        0.000%
FULL_WINDOW_OTHER_OP                                 0         -nan%              192        7.739%
                                                     0         -nan%             2481      100.000%
                                                  -nan         -nan              0.15         0.52

RET_BLOCKED_DC_MISS                             530908       20.145%          1617951       20.295%

RET_BLOCKED_L1_MISS                               1018        0.039%            16818        0.211%

RET_BLOCKED_L1_MISS_BW_PREF                        996        0.038%             7067        0.089%

RET_BLOCKED_L1_ACCESS                           530908       20.145%          1605867       20.144%

RET_BLOCKED_MEM_STALL                            11367        0.431%            40068        0.503%

RET_BLOCKED_OFFCHIP_DEMAND                           0        0.000%                0        0.000%

OP_ISSUED                                     11250570                       33832819              

OP_RETIRED                                    11694748                       35087723              

OP_MACRO_FUSION_ONPATH                         1492708                        4473102              

OP_MACRO_FUSION_OFFPATH                           3671                          17797              

REPLAY_SIGNALED                                      0                              0              

REPLAY_COUNTED                                       0                              0              

OFF_CRITICAL_PATH                                    0         -nan%                0         -nan%
ON_CRITICAL_PATH                                     0         -nan%                0         -nan%
                                                     0         -nan%                0         -nan%
                                                  -nan         -nan              -nan         -nan

LD_NO_DEPENDENTS                                242121       12.598%           726381       12.601%
LD_DEPENDENTS                                  1679707       87.402%          5037949       87.399%
                                               1921828      100.000%          5764330      100.000%
                                                  0.87         0.83              0.87         0.83

LD_EXEC_CYCLES_0                                     0         -nan%                0        0.000%
LD_EXEC_CYCLES_1                                     0         -nan%                0        0.000%
LD_EXEC_CYCLES_2                                     0         -nan%                0        0.000%
LD_EXEC_CYCLES_3                                     0         -nan%                2      100.000%
LD_EXEC_CYCLES_4                                     0         -nan%                0        0.000%
                                                     0         -nan%                2      100.000%
                                                  -nan         -nan              3.00         0.00

LD_EXEC_MINUS_FETCH_LATENCY                  163386956                      489567268              

LD_RETIRE_MINUS_FETCH_LATENCY                218143628                      653815431              

ICACHE_STAGE_STARVED                              1775        0.068%            33945        0.431%
ICACHE_STAGE_NOT_STARVED                       2615668       99.932%          7850028       99.569%
                                               2617443      100.000%          7883973      100.000%
                                                  1.00         1.00              1.00         0.99

ICACHE_STAGE_STALLED                           1059666       40.209%          3179883       39.888%
ICACHE_STAGE_NOT_STALLED                       1557777       59.110%          4704090       59.008%
ICACHE_STAGE_OFF_PATH                            17927        0.680%            88037        1.104%
                                               2635370      100.000%          7972010      100.000%
                                                  0.60         0.33              0.61         0.34

DECODE_STAGE_STARVED                           2625430       99.961%          7918754       99.925%
DECODE_STAGE_NOT_STARVED                          1034        0.039%             5970        0.075%
                                               2626464      100.000%          7924724      100.000%
                                                  0.00         0.02              0.00         0.03

DECODE_STAGE_STALLED                               222        0.008%              759        0.010%
DECODE_STAGE_NOT_STALLED                       2626242       99.654%          7923965       99.397%
DECODE_STAGE_OFF_PATH                             8906        0.338%            47286        0.593%
                                               2635370      100.000%          7972010      100.000%
                                                  1.00         0.08              1.01         0.11

UOPQ_STAGE_STARVED                                9043        0.579%            81450        1.720%
UOPQ_STAGE_NOT_STARVED                         1552635       99.421%          4655112       98.280%
                                               1561678      100.000%          4736562      100.000%
                                                  0.99         0.99              0.98         0.97

UOPQ_STAGE_STALLED                             1058743       40.174%          3175655       39.835%
UOPQ_STAGE_NOT_STALLED                         1561678       59.258%          4736562       59.415%
UOPQ_STAGE_OFF_PATH                              14949        0.567%            59793        0.750%
                                               2635370      100.000%          7972010      100.000%
                                                  0.60         0.33              0.61         0.33

RS_OP_READY_NOT_ISSUED_TOTAL                   8249217                       24747206              

RS_0_OP_READY_NOT_ISSUED                       7248042                       21793472              

RS_1_OP_READY_NOT_ISSUED                          5575                          27332              

RS_2_OP_READY_NOT_ISSUED                        995600                        2926402              

RS_3_OP_READY_NOT_ISSUED                             0                              0              

RS_4_OP_READY_NOT_ISSUED                             0                              0              

RS_5_OP_READY_NOT_ISSUED                             0                              0              

RS_6_OP_READY_NOT_ISSUED                             0                              0              

RS_7_OP_READY_NOT_ISSUED                             0                              0              

RS_7_PLUS_OP_READY_NOT_ISSUED                        0                              0              

FU_IDLE_NO_READY_OPS_TOTAL                     9266120                       28284791              

FU_0_IDLE_NO_READY_OPS                          385933                        1202820              

FU_1_IDLE_NO_READY_OPS                          507650                        1563591              

FU_2_IDLE_NO_READY_OPS                         1386411                        4200501              

FU_3_IDLE_NO_READY_OPS                         1384396                        4200289              

FU_4_IDLE_NO_READY_OPS                          533196                        1637014              

FU_5_IDLE_NO_READY_OPS                          377145                        1174424              

FU_6_IDLE_NO_READY_OPS                         1398056                        4265302              

FU_7_IDLE_NO_READY_OPS                         1396612                        4261740              

FU_8_IDLE_NO_READY_OPS                          508904                        1567629              

FU_9_IDLE_NO_READY_OPS                         1387817                        4211481              

FU_10_IDLE_NO_READY_OPS                              0                              0              

FU_11_IDLE_NO_READY_OPS                              0                              0              

FU_12_IDLE_NO_READY_OPS                              0                              0              

FU_13_IDLE_NO_READY_OPS                              0                              0              

FU_14_IDLE_NO_READY_OPS                              0                              0              

FU_15_IDLE_NO_READY_OPS                              0                              0              

FU_16_IDLE_NO_READY_OPS                              0                              0              

FU_17_IDLE_NO_READY_OPS                              0                              0              

FU_18_IDLE_NO_READY_OPS                              0                              0              

FU_19_IDLE_NO_READY_OPS                              0                              0              

FU_20_IDLE_NO_READY_OPS                              0                              0              

FU_21_IDLE_NO_READY_OPS                              0                              0              

FU_22_IDLE_NO_READY_OPS                              0                              0              

FU_23_IDLE_NO_READY_OPS                              0                              0              

FU_24_IDLE_NO_READY_OPS                              0                              0              

FU_25_IDLE_NO_READY_OPS                              0                              0              

FU_26_IDLE_NO_READY_OPS                              0                              0              

FU_27_IDLE_NO_READY_OPS                              0                              0              

FU_28_IDLE_NO_READY_OPS                              0                              0              

FU_29_IDLE_NO_READY_OPS                              0                              0              

FU_30_IDLE_NO_READY_OPS                              0                              0              

FU_31_IDLE_NO_READY_OPS                              0                              0              

FU_31_PLUS_IDLE_NO_READY_OPS                         0                              0              

MAP_STAGE_STARVED                                 2454        0.126%            43232        0.733%
MAP_STAGE_NOT_STARVED                          1949602       99.874%          5851624       99.267%
                                               1952056      100.000%          5894856      100.000%
                                                  1.00         1.00              0.99         0.99

MAP_STAGE_STALLED                                    0        0.000%                0        0.000%
MAP_STAGE_NOT_STALLED                          1952056       99.679%          5894856       99.348%
MAP_STAGE_OFF_PATH                                6291        0.321%            38668        0.652%
                                               1958347      100.000%          5933524      100.000%
                                                  1.00         0.08              1.01         0.11

MAP_STAGE_STALL_ITSELF                          677023       25.690%          2038486       25.571%
MAP_STAGE_NOT_STALL_ITSELF                     1958347       74.310%          5933524       74.429%
                                               2635370      100.000%          7972010      100.000%
                                                  0.74         0.68              0.74         0.68

MAP_STAGE_LATE_ALLOCATE_SEND_BACK                    0                              0              

MAP_STAGE_RENAME_OP_ONPATH                    11694451                       35087723              

MAP_STAGE_RENAME_OP_OFFPATH                      33860                         167194              

MAP_STAGE_RENAME_INT_REG_ONPATH                9973816                       29938815              

MAP_STAGE_RENAME_INT_REG_OFFPATH                 26571                         112691              

MAP_STAGE_RENAME_VEC_REG_ONPATH                 212469                         631544              

MAP_STAGE_RENAME_VEC_REG_OFFPATH                  1061                           3121              

MAP_STAGE_RENAME_MOVE_ELIM_ONPATH                    0                              0              

MAP_STAGE_RENAME_MOVE_ELIM_OFFPATH                   0                              0              

MAP_STAGE_ONPATH_INT_REG_NUM_ALLOC            10430679                       31274305              

MAP_STAGE_ONPATH_VEC_REG_NUM_ALLOC              212489                         631533              

MAP_STAGE_ONPATH_INT_REG_NUM_SHORTLIVE         3983073                       11964577              

MAP_STAGE_ONPATH_VEC_REG_NUM_SHORTLIVE           76578                         225527              

MAP_STAGE_ONPATH_INT_REG_USE_COUNT_0           2588113                        7737834              

MAP_STAGE_ONPATH_VEC_REG_USE_COUNT_0             75442                         225373              

MAP_STAGE_ONPATH_INT_REG_USE_COUNT_1           5022043                       15068342              

MAP_STAGE_ONPATH_VEC_REG_USE_COUNT_1            122014                         361162              

MAP_STAGE_ONPATH_INT_REG_USE_COUNT_2           1996156                        5993786              

MAP_STAGE_ONPATH_VEC_REG_USE_COUNT_2                 0                             33              

MAP_STAGE_ONPATH_INT_REG_USE_COUNT_3            279953                         841252              

MAP_STAGE_ONPATH_VEC_REG_USE_COUNT_3                 0                              0              

MAP_STAGE_ONPATH_INT_REG_USE_COUNT_4            211735                         635174              

MAP_STAGE_ONPATH_VEC_REG_USE_COUNT_4             15033                          44962              

MAP_STAGE_ONPATH_INT_REG_USE_COUNT_5             75321                         227407              

MAP_STAGE_ONPATH_VEC_REG_USE_COUNT_5                 0                              1              

MAP_STAGE_ONPATH_INT_REG_USE_COUNT_6            120782                         362708              

MAP_STAGE_ONPATH_VEC_REG_USE_COUNT_6                 0                              0              

MAP_STAGE_ONPATH_INT_REG_USE_COUNT_7_PLUS        136576                         407802              

MAP_STAGE_ONPATH_VEC_REG_USE_COUNT_7_PLUS             0                              2              

MAP_STAGE_ONPATH_INT_REG_CONSUME_DIST_0              0        0.0000                0        0.0000

MAP_STAGE_ONPATH_VEC_REG_CONSUME_DIST_0              0        0.0000                0        0.0000

MAP_STAGE_ONPATH_INT_REG_CONSUME_DIST_1              0        0.0000                0        0.0000

MAP_STAGE_ONPATH_VEC_REG_CONSUME_DIST_1              0        0.0000                0        0.0000

MAP_STAGE_ONPATH_INT_REG_CONSUME_DIST_2        6134155        3.0730         18192935        3.0353

MAP_STAGE_ONPATH_VEC_REG_CONSUME_DIST_2              0          -nan            27964      847.3939

MAP_STAGE_ONPATH_INT_REG_CONSUME_DIST_3        1239026        4.4258          3790975        4.5063

MAP_STAGE_ONPATH_VEC_REG_CONSUME_DIST_3              0          -nan                0          -nan

MAP_STAGE_ONPATH_INT_REG_CONSUME_DIST_4        2011483        9.5000          6046469        9.5194

MAP_STAGE_ONPATH_VEC_REG_CONSUME_DIST_4          15037        1.0003            44980        1.0004

MAP_STAGE_ONPATH_INT_REG_CONSUME_DIST_5         880042       11.6839          2687528       11.8181

MAP_STAGE_ONPATH_VEC_REG_CONSUME_DIST_5              0          -nan                4        4.0000

MAP_STAGE_ONPATH_INT_REG_CONSUME_DIST_6        2441934       20.2177          7373767       20.3298

MAP_STAGE_ONPATH_VEC_REG_CONSUME_DIST_6              0          -nan                0          -nan

MAP_STAGE_ONPATH_INT_REG_CONSUME_DIST_7_PLUS       7027225       51.4529         20858484       51.1486

MAP_STAGE_ONPATH_VEC_REG_CONSUME_DIST_7_PLUS             0          -nan             6793     3396.5000

MAP_STAGE_INT_REG_ISSUE_READ_TOTAL_CONSUMED      13619600        6.1282         40875514        6.1094

MAP_STAGE_VEC_REG_ISSUE_READ_TOTAL_CONSUMED        182221        0.0820           541451        0.0809

MAP_STAGE_INT_REG_ISSUE_READ_MULTI_CONSUMED       5771842        2.5971         17312177        2.5875

MAP_STAGE_VEC_REG_ISSUE_READ_MULTI_CONSUMED         45107        0.0203           135030        0.0202

MAP_STAGE_INT_REG_ISSUE_READ_SAME_CYCLE_CONSUMED       2835066        1.2756          8505541        1.2713

MAP_STAGE_VEC_REG_ISSUE_READ_SAME_CYCLE_CONSUMED         30060        0.0135            89929        0.0134

MAP_STAGE_INT_REG_ISSUE_READ_TOTAL_CONSUMED_ONPATH      13608771        6.1360         40820628        6.1243

MAP_STAGE_VEC_REG_ISSUE_READ_TOTAL_CONSUMED_ONPATH        182139        0.0821           541142        0.0812

MAP_STAGE_INT_REG_ISSUE_READ_MULTI_CONSUMED_ONPATH       5766231        2.5999         17284133        2.5931

MAP_STAGE_VEC_REG_ISSUE_READ_MULTI_CONSUMED_ONPATH         45096        0.0203           134972        0.0202

MAP_STAGE_INT_REG_ISSUE_READ_SAME_CYCLE_CONSUMED_ONPATH       2832263        1.2770          8492078        1.2741

MAP_STAGE_VEC_REG_ISSUE_READ_SAME_CYCLE_CONSUMED_ONPATH         30060        0.0136            89925        0.0135

MAP_STAGE_ONPATH_INT_REG_LIFECYCLE_EMPTY     362359435                     1083563707              

MAP_STAGE_ONPATH_VEC_REG_LIFECYCLE_EMPTY      12763464                       37853192              

MAP_STAGE_ONPATH_INT_REG_LIFECYCLE_IN_USE     461703281                     1382511761              

MAP_STAGE_ONPATH_VEC_REG_LIFECYCLE_IN_USE      20320775                       60459665              

MAP_STAGE_ONPATH_INT_REG_LIFECYCLE_SPEC_RELEASE     619002283                     1858462139              

MAP_STAGE_ONPATH_VEC_REG_LIFECYCLE_SPEC_RELEASE      28583066                       85371950              

MAP_STAGE_ONPATH_INT_REG_LIFECYCLE_NONSPEC_RELEASE     619002283                     1858462139              

MAP_STAGE_ONPATH_VEC_REG_LIFECYCLE_NONSPEC_RELEASE      28583066                       85371950              

MAP_STAGE_ONPATH_INT_REG_LIFECYCLE_TOTAL     619002283                     1858462139              

MAP_STAGE_ONPATH_VEC_REG_LIFECYCLE_TOTAL      28583066                       85371950              

MAP_STAGE_ONPATH_INT_REG_NUM_NONBRANCH        10430679                       31274305              

MAP_STAGE_ONPATH_VEC_REG_NUM_NONBRANCH          212489                         631533              

MAP_STAGE_ONPATH_INT_REG_NUM_NONEXCEPT        10430679                       31274305              

MAP_STAGE_ONPATH_VEC_REG_NUM_NONEXCEPT          212489                         631533              

MAP_STAGE_ONPATH_INT_REG_NUM_ATOMIC           10430679                       31274305              

MAP_STAGE_ONPATH_VEC_REG_NUM_ATOMIC             212489                         631533              

MAP_STAGE_ONPATH_INT_REG_ATOMIC_REDEFINED_DIST_TOTAL     619002283       59.3444       1858462139       59.4246

MAP_STAGE_ONPATH_VEC_REG_ATOMIC_REDEFINED_DIST_TOTAL      28583066      134.5155         85371950      135.1821

MAP_STAGE_ONPATH_INT_REG_ATOMIC_CONSUMED_DIST_TOTAL     461703281       44.2640       1382511761       44.2060

MAP_STAGE_ONPATH_VEC_REG_ATOMIC_CONSUMED_DIST_TOTAL      20320775       95.6321         60459665       95.7348

MAP_STAGE_ONPATH_INT_REG_ATOMIC_RELEASE_DIST_TOTAL     619002283       59.3444       1858462139       59.4246

MAP_STAGE_ONPATH_VEC_REG_ATOMIC_RELEASE_DIST_TOTAL      28583066      134.5155         85371950      135.1821

EXEC_STAGE_STARVED                             1965815       74.594%          5945828       74.584%
EXEC_STAGE_NOT_STARVED                          664046       25.197%          1990911       24.974%
EXEC_STAGE_OFF_PATH                               5509        0.209%            35271        0.442%
                                               2635370      100.000%          7972010      100.000%
                                                  0.26         0.38              0.26         0.39

FU_BUSY_0                                      1905516                        5727283              

FU_BUSY_1                                      1769008                        5328664              

FU_BUSY_2                                       521149                        1575225              

FU_BUSY_3                                       521279                        1566878              

FU_BUSY_4                                      1661664                        4987802              

FU_BUSY_5                                      1975826                        5931649              

FU_BUSY_6                                       707222                        2110769              

FU_BUSY_7                                       705421                        2110682              

FU_BUSY_8                                      1697909                        5105197              

FU_BUSY_9                                       516637                        1555905              

FU_BUSY_10                                           0                              0              

FU_BUSY_11                                           0                              0              

FU_BUSY_12                                           0                              0              

FU_BUSY_13                                           0                              0              

FU_BUSY_14                                           0                              0              

FU_BUSY_15                                           0                              0              

FU_BUSY_16                                           0                              0              

FU_BUSY_17                                           0                              0              

FU_BUSY_18                                           0                              0              

FU_BUSY_19                                           0                              0              

FU_BUSY_20                                           0                              0              

FU_BUSY_21                                           0                              0              

FU_BUSY_22                                           0                              0              

FU_BUSY_23                                           0                              0              

FU_BUSY_24                                           0                              0              

FU_BUSY_25                                           0                              0              

FU_BUSY_26                                           0                              0              

FU_BUSY_27                                           0                              0              

FU_BUSY_28                                           0                              0              

FU_BUSY_29                                           0                              0              

FU_BUSY_30                                           0                              0              

FU_BUSY_31                                           0                              0              

FU_REJECTED_OP_INV_NOT_SIMD                          0        0.000%                0        0.000%
FU_REJECTED_OP_NOP_NOT_SIMD                       8613        1.525%            25086        1.502%
FU_REJECTED_OP_CF_NOT_SIMD                           7        0.001%               70        0.004%
FU_REJECTED_OP_MOV_NOT_SIMD                      85923       15.210%           257353       15.411%
FU_REJECTED_OP_CMOV_NOT_SIMD                         0        0.000%                0        0.000%
FU_REJECTED_OP_LDA_NOT_SIMD                      42578        7.537%           129587        7.760%
FU_REJECTED_OP_IMEM_NOT_SIMD                     13569        2.402%            31952        1.913%
FU_REJECTED_OP_IADD_NOT_SIMD                     42508        7.525%           108611        6.504%
FU_REJECTED_OP_IMUL_NOT_SIMD                    160272       28.372%           477422       28.589%
FU_REJECTED_OP_IDIV_NOT_SIMD                         0        0.000%               25        0.001%
FU_REJECTED_OP_ICMP_NOT_SIMD                         0        0.000%               14        0.001%
FU_REJECTED_OP_LOGIC_NOT_SIMD                    68050       12.046%           207022       12.397%
FU_REJECTED_OP_SHIFT_NOT_SIMD                   143372       25.380%           428474       25.658%
FU_REJECTED_OP_FMEM_NOT_SIMD                         0        0.000%                7        0.000%
FU_REJECTED_OP_FCVT_NOT_SIMD                         0        0.000%                0        0.000%
FU_REJECTED_OP_FADD_NOT_SIMD                         0        0.000%                0        0.000%
FU_REJECTED_OP_FMUL_NOT_SIMD                         0        0.000%                0        0.000%
FU_REJECTED_OP_FMA_NOT_SIMD                          0        0.000%                0        0.000%
FU_REJECTED_OP_FDIV_NOT_SIMD                         0        0.000%                0        0.000%
FU_REJECTED_OP_FCMP_NOT_SIMD                         0        0.000%                0        0.000%
FU_REJECTED_OP_FCMOV_NOT_SIMD                        0        0.000%                0        0.000%
FU_REJECTED_OP_GATHER_NOT_SIMD                       0        0.000%                0        0.000%
FU_REJECTED_OP_SCATTER_NOT_SIMD                      0        0.000%                0        0.000%
FU_REJECTED_OP_PIPELINED_FAST_NOT_SIMD               0        0.000%                0        0.000%
FU_REJECTED_OP_PIPELINED_MEDIUM_NOT_SIMD             0        0.000%                0        0.000%
FU_REJECTED_OP_PIPELINED_SLOW_NOT_SIMD               0        0.000%                0        0.000%
FU_REJECTED_OP_NOTPIPELINED_MEDIUM_NOT_SIMD             0        0.000%                0        0.000%
FU_REJECTED_OP_NOTPIPELINED_SLOW_NOT_SIMD             0        0.000%                0        0.000%
FU_REJECTED_OP_NOTPIPELINED_VERY_SLOW_NOT_SIMD             0        0.000%                0        0.000%
FU_REJECTED_OP_INV_SIMD                              0        0.000%                0        0.000%
FU_REJECTED_OP_NOP_SIMD                              0        0.000%             3593        0.215%
FU_REJECTED_OP_CF_SIMD                               0        0.000%                0        0.000%
FU_REJECTED_OP_MOV_SIMD                              4        0.001%               22        0.001%
FU_REJECTED_OP_CMOV_SIMD                             0        0.000%                0        0.000%
FU_REJECTED_OP_LDA_SIMD                              0        0.000%                0        0.000%
FU_REJECTED_OP_IMEM_SIMD                             0        0.000%                0        0.000%
FU_REJECTED_OP_IADD_SIMD                             0        0.000%                0        0.000%
FU_REJECTED_OP_IMUL_SIMD                             0        0.000%                0        0.000%
FU_REJECTED_OP_IDIV_SIMD                             0        0.000%                0        0.000%
FU_REJECTED_OP_ICMP_SIMD                             0        0.000%                0        0.000%
FU_REJECTED_OP_LOGIC_SIMD                            0        0.000%                0        0.000%
FU_REJECTED_OP_SHIFT_SIMD                            0        0.000%                0        0.000%
FU_REJECTED_OP_FMEM_SIMD                             0        0.000%                0        0.000%
FU_REJECTED_OP_FCVT_SIMD                             1        0.000%                5        0.000%
FU_REJECTED_OP_FADD_SIMD                             3        0.001%              714        0.043%
FU_REJECTED_OP_FMUL_SIMD                             0        0.000%                0        0.000%
FU_REJECTED_OP_FMA_SIMD                              0        0.000%                0        0.000%
FU_REJECTED_OP_FDIV_SIMD                             0        0.000%                0        0.000%
FU_REJECTED_OP_FCMP_SIMD                             0        0.000%                0        0.000%
FU_REJECTED_OP_FCMOV_SIMD                            0        0.000%                0        0.000%
FU_REJECTED_OP_GATHER_SIMD                           0        0.000%                0        0.000%
FU_REJECTED_OP_SCATTER_SIMD                          0        0.000%                0        0.000%
FU_REJECTED_OP_PIPELINED_FAST_SIMD                   0        0.000%                0        0.000%
FU_REJECTED_OP_PIPELINED_MEDIUM_SIMD                 0        0.000%                0        0.000%
FU_REJECTED_OP_PIPELINED_SLOW_SIMD                   0        0.000%                0        0.000%
FU_REJECTED_OP_NOTPIPELINED_MEDIUM_SIMD              0        0.000%                0        0.000%
FU_REJECTED_OP_NOTPIPELINED_SLOW_SIMD                0        0.000%                0        0.000%
FU_REJECTED_OP_NOTPIPELINED_VERY_SLOW_SIMD             0        0.000%                0        0.000%
                                                564900      100.000%          1669957      100.000%
                                                  8.16         3.25              8.25         3.49

LSQ_FULL_TOTAL                                       0                             31              

LSQ_FULL_LOAD_QUEUE                                  0                              0              

LSQ_FULL_STORE_QUEUE                                 0                             31              

OP_WAIT_0                                      8231124                       24713728              

OP_WAIT_1                                      1045440                        3170868              

OP_WAIT_2                                       475152                        1434407              

OP_WAIT_3                                       278152                         826228              

OP_WAIT_4                                       203412                         607457              

OP_WAIT_5                                       174737                         525457              

OP_WAIT_6                                       108942                         327361              

OP_WAIT_7                                        72296                         218977              

OP_WAIT_8                                        60938                         184337              

OP_WAIT_9                                        49763                         146657              

OP_WAIT_10                                       48044                         144007              

OP_WAIT_11                                       44716                         127693              

OP_WAIT_12                                       41466                         122766              

OP_WAIT_13                                       44281                         133685              

OP_WAIT_14                                       51899                         155221              

OP_WAIT_15                                       42140                         123617              

OP_WAIT_16                                       30431                          90904              

OP_WAIT_17                                       24633                          74810              

OP_WAIT_18                                       16434                          48838              

OP_WAIT_19                                       11265                          33478              

OP_WAIT_20                                       12588                          37432              

OP_WAIT_21                                       13827                          40557              

OP_WAIT_22                                        9087                          27128              

OP_WAIT_23                                        2641                           8215              

OP_WAIT_24                                         124                           1197              

OP_WAIT_25                                        6955                          20703              

OP_WAIT_26                                        3910                          11521              

OP_WAIT_27                                        9145                          26591              

OP_WAIT_28                                        6321                          17980              

OP_WAIT_29                                        2074                           6435              

OP_WAIT_30                                          65                            418              

OP_WAIT_31                                      572746                        1679050              

ROW_SIZE_0                                      832045                        2526486              

ROW_SIZE_1                                      260199                         782390              

ROW_SIZE_2                                       60977                         185998              

ROW_SIZE_3                                       43327                         132789              

ROW_SIZE_4                                       33741                         101111              

ROW_SIZE_5                                       15709                          48240              

ROW_SIZE_6                                       48689                         146068              

ROW_SIZE_7                                       42861                         130442              

ROW_SIZE_8                                     1297118                        3887478              

ROW_SIZE_9                                           0                              0              

ROW_SIZE_10                                          0                              0              

ROW_SIZE_11                                          0                              0              

ROW_SIZE_12                                          0                              0              

ROW_SIZE_13                                          0                              0              

ROW_SIZE_14                                          0                              0              

ROW_SIZE_15                                          0                              0              

ROW_SIZE_16                                          0                              0              

ROW_SIZE_17                                          0                              0              

ROW_SIZE_18                                          0                              0              

ROW_SIZE_19                                          0                              0              

ROW_SIZE_20                                          0                              0              

ROW_SIZE_21                                          0                              0              

ROW_SIZE_22                                          0                              0              

ROW_SIZE_23                                          0                              0              

ROW_SIZE_24                                          0                              0              

ROW_SIZE_25                                          0                              0              

ROW_SIZE_26                                          0                              0              

ROW_SIZE_27                                          0                              0              

ROW_SIZE_28                                          0                              0              

ROW_SIZE_29                                          0                              0              

ROW_SIZE_30                                          0                              0              

ROW_SIZE_31                                          0                              0              

RET_OP_EXEC_COUNT_0                             456495        3.903%          1334359        3.803%
RET_OP_EXEC_COUNT_1                           11238253       96.097%         33753364       96.197%
RET_OP_EXEC_COUNT_2                                  0        0.000%                0        0.000%
RET_OP_EXEC_COUNT_3                                  0        0.000%                0        0.000%
RET_OP_EXEC_COUNT_4                                  0        0.000%                0        0.000%
RET_OP_EXEC_COUNT_5                                  0        0.000%                0        0.000%
RET_OP_EXEC_COUNT_6                                  0        0.000%                0        0.000%
RET_OP_EXEC_COUNT_7                                  0        0.000%                0        0.000%
RET_OP_EXEC_COUNT_8                                  0        0.000%                0        0.000%
RET_OP_EXEC_COUNT_9                                  0        0.000%                0        0.000%
RET_OP_EXEC_COUNT_10                                 0        0.000%                0        0.000%
RET_OP_EXEC_COUNT_11                                 0        0.000%                0        0.000%
RET_OP_EXEC_COUNT_12                                 0        0.000%                0        0.000%
RET_OP_EXEC_COUNT_13                                 0        0.000%                0        0.000%
RET_OP_EXEC_COUNT_14                                 0        0.000%                0        0.000%
RET_OP_EXEC_COUNT_15                                 0        0.000%                0        0.000%
RET_OP_EXEC_COUNT_16                                 0        0.000%                0        0.000%
RET_OP_EXEC_COUNT_17                                 0        0.000%                0        0.000%
RET_OP_EXEC_COUNT_18                                 0        0.000%                0        0.000%
RET_OP_EXEC_COUNT_19                                 0        0.000%                0        0.000%
RET_OP_EXEC_COUNT_20                                 0        0.000%                0        0.000%
RET_OP_EXEC_COUNT_21                                 0        0.000%                0        0.000%
RET_OP_EXEC_COUNT_22                                 0        0.000%                0        0.000%
RET_OP_EXEC_COUNT_23                                 0        0.000%                0        0.000%
RET_OP_EXEC_COUNT_24                                 0        0.000%                0        0.000%
RET_OP_EXEC_COUNT_25                                 0        0.000%                0        0.000%
RET_OP_EXEC_COUNT_26                                 0        0.000%                0        0.000%
RET_OP_EXEC_COUNT_27                                 0        0.000%                0        0.000%
RET_OP_EXEC_COUNT_28                                 0        0.000%                0        0.000%
RET_OP_EXEC_COUNT_29                                 0        0.000%                0        0.000%
RET_OP_EXEC_COUNT_30                                 0        0.000%                0        0.000%
RET_OP_EXEC_COUNT_31                                 0        0.000%                0        0.000%
RET_OP_EXEC_COUNT_32                                 0        0.000%                0        0.000%
                                              11694748      100.000%         35087723      100.000%
                                                  0.96         0.04              0.96         0.04

RET_STALL_LENGTH_0                            11694727      100.000%         35087593      100.000%
RET_STALL_LENGTH_100                                 5        0.000%               65        0.000%
RET_STALL_LENGTH_200                                 2        0.000%               29        0.000%
RET_STALL_LENGTH_300                                 4        0.000%                8        0.000%
RET_STALL_LENGTH_400                                 1        0.000%                4        0.000%
RET_STALL_LENGTH_500                                 6        0.000%               11        0.000%
RET_STALL_LENGTH_600                                 2        0.000%               10        0.000%
RET_STALL_LENGTH_700                                 1        0.000%                1        0.000%
RET_STALL_LENGTH_800                                 0        0.000%                0        0.000%
RET_STALL_LENGTH_900                                 0        0.000%                2        0.000%
RET_STALL_LENGTH_1000                                0        0.000%                0        0.000%
RET_STALL_LENGTH_1100                                0        0.000%                0        0.000%
RET_STALL_LENGTH_1200                                0        0.000%                0        0.000%
RET_STALL_LENGTH_1300                                0        0.000%                0        0.000%
RET_STALL_LENGTH_1400                                0        0.000%                0        0.000%
RET_STALL_LENGTH_1500                                0        0.000%                0        0.000%
RET_STALL_LENGTH_1600                                0        0.000%                0        0.000%
RET_STALL_LENGTH_1700                                0        0.000%                0        0.000%
RET_STALL_LENGTH_1800                                0        0.000%                0        0.000%
RET_STALL_LENGTH_1900                                0        0.000%                0        0.000%
RET_STALL_LENGTH_2000                                0        0.000%                0        0.000%
RET_STALL_LENGTH_2100                                0        0.000%                0        0.000%
RET_STALL_LENGTH_2200                                0        0.000%                0        0.000%
RET_STALL_LENGTH_2300                                0        0.000%                0        0.000%
RET_STALL_LENGTH_2400                                0        0.000%                0        0.000%
RET_STALL_LENGTH_2500                                0        0.000%                0        0.000%
RET_STALL_LENGTH_2600                                0        0.000%                0        0.000%
RET_STALL_LENGTH_2700                                0        0.000%                0        0.000%
RET_STALL_LENGTH_2800                                0        0.000%                0        0.000%
RET_STALL_LENGTH_2900                                0        0.000%                0        0.000%
RET_STALL_LENGTH_3000                                0        0.000%                0        0.000%
RET_STALL_LENGTH_3100                                0        0.000%                0        0.000%
RET_STALL_LENGTH_3200                                0        0.000%                0        0.000%
RET_STALL_LENGTH_3300                                0        0.000%                0        0.000%
RET_STALL_LENGTH_3400                                0        0.000%                0        0.000%
RET_STALL_LENGTH_3500                                0        0.000%                0        0.000%
RET_STALL_LENGTH_3600                                0        0.000%                0        0.000%
RET_STALL_LENGTH_3700                                0        0.000%                0        0.000%
RET_STALL_LENGTH_3800                                0        0.000%                0        0.000%
RET_STALL_LENGTH_3900                                0        0.000%                0        0.000%
RET_STALL_LENGTH_4000                                0        0.000%                0        0.000%
RET_STALL_LENGTH_4100                                0        0.000%                0        0.000%
RET_STALL_LENGTH_4200                                0        0.000%                0        0.000%
RET_STALL_LENGTH_4300                                0        0.000%                0        0.000%
RET_STALL_LENGTH_4400                                0        0.000%                0        0.000%
RET_STALL_LENGTH_4500                                0        0.000%                0        0.000%
RET_STALL_LENGTH_4600                                0        0.000%                0        0.000%
RET_STALL_LENGTH_4700                                0        0.000%                0        0.000%
RET_STALL_LENGTH_4800                                0        0.000%                0        0.000%
RET_STALL_LENGTH_4900                                0        0.000%                0        0.000%
RET_STALL_LENGTH_5000                                0        0.000%                0        0.000%
                                              11694748      100.000%         35087723      100.000%
                                                  0.00         0.01              0.00         0.01

MEM_BLOCK_LENGTH_0                                 319       89.607%              675       89.404%
MEM_BLOCK_LENGTH_100                                17        4.775%               34        4.503%
MEM_BLOCK_LENGTH_200                                 3        0.843%               10        1.325%
MEM_BLOCK_LENGTH_300                                 5        1.404%               10        1.325%
MEM_BLOCK_LENGTH_400                                 3        0.843%                8        1.060%
MEM_BLOCK_LENGTH_500                                 5        1.404%                6        0.795%
MEM_BLOCK_LENGTH_600                                 3        0.843%                7        0.927%
MEM_BLOCK_LENGTH_700                                 1        0.281%                3        0.397%
MEM_BLOCK_LENGTH_800                                 0        0.000%                0        0.000%
MEM_BLOCK_LENGTH_900                                 0        0.000%                2        0.265%
MEM_BLOCK_LENGTH_1000                                0        0.000%                0        0.000%
MEM_BLOCK_LENGTH_1100                                0        0.000%                0        0.000%
MEM_BLOCK_LENGTH_1200                                0        0.000%                0        0.000%
MEM_BLOCK_LENGTH_1300                                0        0.000%                0        0.000%
MEM_BLOCK_LENGTH_1400                                0        0.000%                0        0.000%
MEM_BLOCK_LENGTH_1500                                0        0.000%                0        0.000%
MEM_BLOCK_LENGTH_1600                                0        0.000%                0        0.000%
MEM_BLOCK_LENGTH_1700                                0        0.000%                0        0.000%
MEM_BLOCK_LENGTH_1800                                0        0.000%                0        0.000%
MEM_BLOCK_LENGTH_1900                                0        0.000%                0        0.000%
MEM_BLOCK_LENGTH_2000                                0        0.000%                0        0.000%
MEM_BLOCK_LENGTH_2100                                0        0.000%                0        0.000%
MEM_BLOCK_LENGTH_2200                                0        0.000%                0        0.000%
MEM_BLOCK_LENGTH_2300                                0        0.000%                0        0.000%
MEM_BLOCK_LENGTH_2400                                0        0.000%                0        0.000%
MEM_BLOCK_LENGTH_2500                                0        0.000%                0        0.000%
MEM_BLOCK_LENGTH_2600                                0        0.000%                0        0.000%
MEM_BLOCK_LENGTH_2700                                0        0.000%                0        0.000%
MEM_BLOCK_LENGTH_2800                                0        0.000%                0        0.000%
MEM_BLOCK_LENGTH_2900                                0        0.000%                0        0.000%
MEM_BLOCK_LENGTH_3000                                0        0.000%                0        0.000%
MEM_BLOCK_LENGTH_3100                                0        0.000%                0        0.000%
MEM_BLOCK_LENGTH_3200                                0        0.000%                0        0.000%
MEM_BLOCK_LENGTH_3300                                0        0.000%                0        0.000%
MEM_BLOCK_LENGTH_3400                                0        0.000%                0        0.000%
MEM_BLOCK_LENGTH_3500                                0        0.000%                0        0.000%
MEM_BLOCK_LENGTH_3600                                0        0.000%                0        0.000%
MEM_BLOCK_LENGTH_3700                                0        0.000%                0        0.000%
MEM_BLOCK_LENGTH_3800                                0        0.000%                0        0.000%
MEM_BLOCK_LENGTH_3900                                0        0.000%                0        0.000%
MEM_BLOCK_LENGTH_4000                                0        0.000%                0        0.000%
MEM_BLOCK_LENGTH_4100                                0        0.000%                0        0.000%
MEM_BLOCK_LENGTH_4200                                0        0.000%                0        0.000%
MEM_BLOCK_LENGTH_4300                                0        0.000%                0        0.000%
MEM_BLOCK_LENGTH_4400                                0        0.000%                0        0.000%
MEM_BLOCK_LENGTH_4500                                0        0.000%                0        0.000%
MEM_BLOCK_LENGTH_4600                                0        0.000%                0        0.000%
MEM_BLOCK_LENGTH_4700                                0        0.000%                0        0.000%
MEM_BLOCK_LENGTH_4800                                0        0.000%                0        0.000%
MEM_BLOCK_LENGTH_4900                                0        0.000%                0        0.000%
MEM_BLOCK_LENGTH_5000                                0        0.000%                0        0.000%
                                                   356      100.000%              755      100.000%
                                                  0.28         0.99              0.30         1.08

FUS_BUSY_ON_PATH                              11969145        4.5417         35919971        4.5058

FUS_BUSY_OFF_PATH                                12486        0.0047            80083        0.0100

FU_BUSY_MEM_STALL                               157109        0.0596           435679        0.0547

FUS_EMPTY                                     14372069        5.4535         43720046        5.4842

FU_UNAVAILABLE                                  508819        0.1931          1528684        0.1918

FU_MEM_UNAVAILABLE                               56081        0.0213           141273        0.0177

FU_OTHER_UNAVAILABLE                                 0        0.0000                0        0.0000

FU_REPLAY                                            0        0.0000                0        0.0000

FU_STARVED                                    14370979        5.4531         43713777        5.4834

CHIP_UTILIZATION                                     0        0.0000                0        0.0000

CYCLES_UNDER_MEM_REQ                                 0                              0              

CYCLES_UNDER_NO_MEM_REQ                              0                              0              

CYCLES_UNDER_CRITICAL_MEM_REQ                        0                              0              

CYCLES_UNDER_NONCRITICAL_MEM_REQ                     0                              0              

CHIP_UTILIZATION_UNDER_MEM_REQ                       0          -nan                0          -nan

CHIP_UTILIZATION_UNDER_NO_MEM_REQ                    0          -nan                0          -nan

CHIP_UTILIZATION_UNDER_CRITICAL_MEM_REQ              0          -nan                0          -nan

CHIP_UTILIZATION_UNDER_NONCRITICAL_MEM_REQ             0          -nan                0          -nan

CYCLES_NOT_WAITING_FOR_OFF_CHIP                      0        0.0000                0        0.0000

FUS_BUSY_NOT_WAITING_FOR_OFF_CHIP                    0          -nan                0          -nan

CYCLES_WAITING_FOR_OFF_CHIP                          0        0.0000                0        0.0000

FUS_BUSY_WAITING_FOR_OFF_CHIP                        0          -nan                0          -nan

TOTAL_OFF_CHIP_DELAYS_LEFT                           0                              0              

WRONG_IO_SCHED                                       0                              0              

DVFS_CONFIG_SWITCH                                   0                              0              

MAP_STAGE_RECEIVED_OPS_0                             0        0.000%                0        0.000%
MAP_STAGE_RECEIVED_OPS_1                           189        0.010%              844        0.014%
MAP_STAGE_RECEIVED_OPS_2                           110        0.006%              820        0.014%
MAP_STAGE_RECEIVED_OPS_3                           154        0.008%             1136        0.019%
MAP_STAGE_RECEIVED_OPS_4                           263        0.013%             2300        0.039%
MAP_STAGE_RECEIVED_OPS_5                           205        0.011%              948        0.016%
MAP_STAGE_RECEIVED_OPS_6                       1948507       99.953%          5844304       99.897%
MAP_STAGE_RECEIVED_OPS_7                             0        0.000%                0        0.000%
MAP_STAGE_RECEIVED_OPS_8                             0        0.000%                0        0.000%
MAP_STAGE_RECEIVED_OPS_MAX                           0        0.000%                0        0.000%
                                               1949428      100.000%          5850352      100.000%
                                                  6.00         0.07              6.00         0.10

MAP_STAGE_WAIT_FOR_DECODE                            0         -nan%                0         -nan%
MAP_STAGE_CONSUME_DECODE                             0         -nan%                0         -nan%
                                                     0         -nan%                0         -nan%
                                                  -nan         -nan              -nan         -nan

MAP_STAGE_WAIT_FOR_DECODE2                           0         -nan%                0         -nan%
MAP_STAGE_CONSUME_DECODE2                            0         -nan%                0         -nan%
                                                     0         -nan%                0         -nan%
                                                  -nan         -nan              -nan         -nan

FTQ_RECOVER_EXEC                                   174                           1272              

FTQ_RECOVER_DECODE                                   0                            226              

FTQ_OFFPATH_CYCLES                               30117                         154511              

FTQ_CYCLES_OFFPATH                               30117                         154511              

FTQ_CYCLES_ONPATH                              2605253                        7817499              

FTQ_FETCHED_INS_ONPATH                        11693986                       35087723              

FTQ_FETCHED_INS_OFFPATH                         115447                         699579              

FTQ_BREAK_FULL_FT_ONPATH                       2592368                        7772665              

FTQ_BREAK_FULL_FT_OFFPATH                        23782                         104835              

FTQ_BREAK_PRED_BR_ONPATH                             0                              0              

FTQ_BREAK_PRED_BR_OFFPATH                            0                              0              

FTQ_BREAK_BAR_FETCH_ONPATH                           0                              0              

FTQ_BREAK_BAR_FETCH_OFFPATH                          0                              0              

FTQ_BREAK_MAX_CFS_TAKEN_ONPATH                       0                              0              

FTQ_BREAK_MAX_CFS_TAKEN_OFFPATH                      0                              0              

FTQ_BREAK_MAX_FT_ONPATH                          12738                          44687              

FTQ_BREAK_MAX_FT_OFFPATH                          6335                          49676              

DFE_GEN_ON_PATH_FT                             1119208                        3363659              

DFE_GEN_OFF_PATH_FT                              13298                          70238              

DFE_L0_ENABLED_PREDICTIONS                    11693986                       35087723              

DFE_L0_WRONG_MAIN_CORRECT                          926                           4063              

DFE_L0_WRONG_MAIN_WRONG                            175                           1351              

DFE_L0_CORRECT_MAIN_WRONG                            0                            148              

DFE_L0_CORRECT_MAIN_CORRECT                   11692885                       35082161              

DFE_L0_WRONG_MAIN_CORRECT_RECOVERY_SCHEDULED             0                              0              

FTQ_SAW_BAR_FETCH_OFFPATH                            8                            206              

FTQ_SAW_BAR_FETCH_ONPATH                            66                            255              

DFE_CONF_0_RECOVER_AT_EXEC                           0         -nan%                0         -nan%
DFE_CONF_1_RECOVER_AT_EXEC                           0         -nan%                0         -nan%
DFE_CONF_2_RECOVER_AT_EXEC                           0         -nan%                0         -nan%
DFE_CONF_3_RECOVER_AT_EXEC                           0         -nan%                0         -nan%
DFE_CONF_0_CORRECT                                   0         -nan%                0         -nan%
DFE_CONF_1_CORRECT                                   0         -nan%                0         -nan%
DFE_CONF_2_CORRECT                                   0         -nan%                0         -nan%
DFE_CONF_3_CORRECT                                   0         -nan%                0         -nan%
                                                     0         -nan%                0         -nan%
                                                  -nan         -nan              -nan         -nan

DFE_ON_CONF_ON_OPS                                   0         -nan%                0         -nan%
DFE_ON_CONF_OFF_OPS                                  0         -nan%                0         -nan%
DFE_OFF_CONF_ON_OPS                                  0         -nan%                0         -nan%
DFE_OFF_CONF_OFF_REALISTIC_OPS                       0         -nan%                0         -nan%
DFE_OFF_CONF_OFF_PERFECT_OPS                         0         -nan%                0         -nan%
                                                     0         -nan%                0         -nan%
                                                  -nan         -nan              -nan         -nan

DFE_ON_CONF_ON_FETCH_TARGETS                         0         -nan%                0         -nan%
DFE_ON_CONF_OFF_FETCH_TARGETS                        0         -nan%                0         -nan%
DFE_OFF_CONF_ON_FETCH_TARGETS                        0         -nan%                0         -nan%
DFE_OFF_CONF_OFF_REALISTIC_FETCH_TARGETS             0         -nan%                0         -nan%
DFE_OFF_CONF_OFF_PERFECT_FETCH_TARGETS               0         -nan%                0         -nan%
                                                     0         -nan%                0         -nan%
                                                  -nan         -nan              -nan         -nan

DFE_ON_CONF_ON_CYCLES                                0         -nan%                0         -nan%
DFE_ON_CONF_OFF_CYCLES                               0         -nan%                0         -nan%
DFE_OFF_CONF_ON_CYCLES                               0         -nan%                0         -nan%
DFE_OFF_CONF_OFF_REALISTIC_CYCLES                    0         -nan%                0         -nan%
DFE_OFF_CONF_OFF_PERFECT_CYCLES                      0         -nan%                0         -nan%
                                                     0         -nan%                0         -nan%
                                                  -nan         -nan              -nan         -nan

DFE_OFF_CONF_ON_NUM_EVENTS                           0                              0              

DFE_OFF_CONF_ON_NOT_IDENTIFIED_EVENTS                0         -nan%                0         -nan%
DFE_OFF_CONF_ON_IBTB_MISS_EVENTS                     0         -nan%                0         -nan%
DFE_OFF_CONF_ON_BTB_MISS_EVENTS                      0         -nan%                0         -nan%
DFE_OFF_CONF_ON_BTB_MISS_RECOVER_AT_EXEC_EVENTS             0         -nan%                0         -nan%
DFE_OFF_CONF_ON_RECOVER_AT_EXEC_EVENTS               0         -nan%                0         -nan%
DFE_OFF_CONF_ON_RECOVER_AT_DECODE_EVENTS             0         -nan%                0         -nan%
                                                     0         -nan%                0         -nan%
                                                  -nan         -nan              -nan         -nan

DFE_OFF_CONF_ON_LATE_BTB_HIT_EVENTS                  0                              0              

DFE_OFF_CONF_ON_NOT_IDENTIFIED_CYCLES                0         -nan%                0         -nan%
DFE_OFF_CONF_ON_IBTB_MISS_CYCLES                     0         -nan%                0         -nan%
DFE_OFF_CONF_ON_BTB_MISS_CYCLES                      0         -nan%                0         -nan%
DFE_OFF_CONF_ON_BTB_MISS_RECOVER_AT_EXEC_CYCLES             0         -nan%                0         -nan%
DFE_OFF_CONF_ON_RECOVER_AT_EXEC_CYCLES               0         -nan%                0         -nan%
DFE_OFF_CONF_ON_RECOVER_AT_DECODE_CYCLES             0         -nan%                0         -nan%
                                                     0         -nan%                0         -nan%
                                                  -nan         -nan              -nan         -nan

DFE_OFF_CONF_ON_LATE_BTB_HIT_CYCLES                  0                              0              

DFE_OFF_CONF_ON_NOT_IDENTIFIED_FETCH_TARGETS             0         -nan%                0         -nan%
DFE_OFF_CONF_ON_IBTB_MISS_FETCH_TARGETS              0         -nan%                0         -nan%
DFE_OFF_CONF_ON_BTB_MISS_FETCH_TARGETS               0         -nan%                0         -nan%
DFE_OFF_CONF_ON_BTB_MISS_RECOVER_AT_EXEC_FETCH_TARGETS             0         -nan%                0         -nan%
DFE_OFF_CONF_ON_RECOVER_AT_EXEC_FETCH_TARGETS             0         -nan%                0         -nan%
DFE_OFF_CONF_ON_RECOVER_AT_DECODE_FETCH_TARGETS             0         -nan%                0         -nan%
                                                     0         -nan%                0         -nan%
                                                  -nan         -nan              -nan         -nan

DFE_OFF_CONF_ON_LATE_BTB_HIT_FETCH_TARGETS             0                              0              

DFE_OFF_CONF_ON_BP_INCORRECT_0_CONF                  0         -nan%                0         -nan%
DFE_OFF_CONF_ON_BP_INCORRECT_1_CONF                  0         -nan%                0         -nan%
DFE_OFF_CONF_ON_BP_INCORRECT_2_CONF                  0         -nan%                0         -nan%
DFE_OFF_CONF_ON_BP_INCORRECT_3_CONF                  0         -nan%                0         -nan%
                                                     0         -nan%                0         -nan%
                                                  -nan         -nan              -nan         -nan

DFE_OFF_CONF_ON_BTB_MISS_CBR_0_CONF                  0         -nan%                0         -nan%
DFE_OFF_CONF_ON_BTB_MISS_CBR_1_CONF                  0         -nan%                0         -nan%
DFE_OFF_CONF_ON_BTB_MISS_CBR_2_CONF                  0         -nan%                0         -nan%
DFE_OFF_CONF_ON_BTB_MISS_CBR_3_CONF                  0         -nan%                0         -nan%
                                                     0         -nan%                0         -nan%
                                                  -nan         -nan              -nan         -nan

DFE_OFF_CONF_ON_BTB_MISS_NOT_CF                      0         -nan%                0         -nan%
DFE_OFF_CONF_ON_BTB_MISS_CF_BR                       0         -nan%                0         -nan%
DFE_OFF_CONF_ON_BTB_MISS_CF_CBR                      0         -nan%                0         -nan%
DFE_OFF_CONF_ON_BTB_MISS_CF_CALL                     0         -nan%                0         -nan%
DFE_OFF_CONF_ON_BTB_MISS_CF_IBR                      0         -nan%                0         -nan%
DFE_OFF_CONF_ON_BTB_MISS_CF_ICALL                    0         -nan%                0         -nan%
DFE_OFF_CONF_ON_BTB_MISS_CF_ICO                      0         -nan%                0         -nan%
DFE_OFF_CONF_ON_BTB_MISS_CF_RET                      0         -nan%                0         -nan%
DFE_OFF_CONF_ON_BTB_MISS_CF_SYS                      0         -nan%                0         -nan%
                                                     0         -nan%                0         -nan%
                                                  -nan         -nan              -nan         -nan

DFE_ON_CONF_OFF_NUM_EVENTS                           0                              0              

CONF_BTB_NUM_CYCLES_OFF_PATH_EVENT                   0                              0              

DFE_ON_CONF_OFF_IBTB_MISS_BP_TAKEN                   0         -nan%                0         -nan%
DFE_ON_CONF_OFF_BTB_MISS_BP_TAKEN_CONF_0             0         -nan%                0         -nan%
DFE_ON_CONF_OFF_BTB_MISS_BP_TAKEN_CONF_1             0         -nan%                0         -nan%
DFE_ON_CONF_OFF_BTB_MISS_BP_TAKEN_CONF_2             0         -nan%                0         -nan%
DFE_ON_CONF_OFF_BTB_MISS_BP_TAKEN_CONF_3             0         -nan%                0         -nan%
DFE_ON_CONF_OFF_BTB_MISS_RATE                        0         -nan%                0         -nan%
DFE_ON_CONF_OFF_IBTB_MISS_RATE                       0         -nan%                0         -nan%
DFE_ON_CONF_OFF_RECOVER_AT_DECODE_RATE               0         -nan%                0         -nan%
DFE_ON_CONF_OFF_RECOVER_AT_EXEC_RATE                 0         -nan%                0         -nan%
DFE_ON_CONF_OFF_INV_CONF_INC                         0         -nan%                0         -nan%
DFE_ON_CONF_OFF_PERFECT_CONF                         0         -nan%                0         -nan%
                                                     0         -nan%                0         -nan%
                                                  -nan         -nan              -nan         -nan

DFE_ON_CONF_OFF_IBTB_MISS_BP_TAKEN_CYCLES             0         -nan%                0         -nan%
DFE_ON_CONF_OFF_BTB_MISS_BP_TAKEN_CONF_0_CYCLES             0         -nan%                0         -nan%
DFE_ON_CONF_OFF_BTB_MISS_BP_TAKEN_CONF_1_CYCLES             0         -nan%                0         -nan%
DFE_ON_CONF_OFF_BTB_MISS_BP_TAKEN_CONF_2_CYCLES             0         -nan%                0         -nan%
DFE_ON_CONF_OFF_BTB_MISS_BP_TAKEN_CONF_3_CYCLES             0         -nan%                0         -nan%
DFE_ON_CONF_OFF_BTB_MISS_RATE_CYCLES                 0         -nan%                0         -nan%
DFE_ON_CONF_OFF_IBTB_MISS_RATE_CYCLES                0         -nan%                0         -nan%
DFE_ON_CONF_OFF_RECOVER_AT_DECODE_RATE_CYCLES             0         -nan%                0         -nan%
DFE_ON_CONF_OFF_RECOVER_AT_EXEC_RATE_CYCLES             0         -nan%                0         -nan%
DFE_ON_CONF_OFF_INV_CONF_INC_CYCLES                  0         -nan%                0         -nan%
DFE_ON_CONF_OFF_PERFECT_CONF_CYCLES                  0         -nan%                0         -nan%
                                                     0         -nan%                0         -nan%
                                                  -nan         -nan              -nan         -nan

DFE_ON_CONF_OFF_IBTB_MISS_BP_TAKEN_FETCH_TARGETS             0         -nan%                0         -nan%
DFE_ON_CONF_OFF_BTB_MISS_BP_TAKEN_CONF_0_FETCH_TARGETS             0         -nan%                0         -nan%
DFE_ON_CONF_OFF_BTB_MISS_BP_TAKEN_CONF_1_FETCH_TARGETS             0         -nan%                0         -nan%
DFE_ON_CONF_OFF_BTB_MISS_BP_TAKEN_CONF_2_FETCH_TARGETS             0         -nan%                0         -nan%
DFE_ON_CONF_OFF_BTB_MISS_BP_TAKEN_CONF_3_FETCH_TARGETS             0         -nan%                0         -nan%
DFE_ON_CONF_OFF_BTB_MISS_RATE_FETCH_TARGETS             0         -nan%                0         -nan%
DFE_ON_CONF_OFF_IBTB_MISS_RATE_FETCH_TARGETS             0         -nan%                0         -nan%
DFE_ON_CONF_OFF_RECOVER_AT_DECODE_RATE_FETCH_TARGETS             0         -nan%                0         -nan%
DFE_ON_CONF_OFF_RECOVER_AT_EXEC_RATE_FETCH_TARGETS             0         -nan%                0         -nan%
DFE_ON_CONF_OFF_INV_CONF_INC_FETCH_TARGETS             0         -nan%                0         -nan%
DFE_ON_CONF_OFF_PERFECT_CONF_FETCH_TARGETS             0         -nan%                0         -nan%
                                                     0         -nan%                0         -nan%
                                                  -nan         -nan              -nan         -nan

CONF_OFF_IBTB_MISS_BP_TAKEN                          0         -nan%                0         -nan%
CONF_OFF_BTB_MISS_BP_TAKEN_CONF_0                    0         -nan%                0         -nan%
CONF_OFF_BTB_MISS_BP_TAKEN_CONF_1                    0         -nan%                0         -nan%
CONF_OFF_BTB_MISS_BP_TAKEN_CONF_2                    0         -nan%                0         -nan%
CONF_OFF_BTB_MISS_BP_TAKEN_CONF_3                    0         -nan%                0         -nan%
CONF_OFF_BTB_MISS_RATE                               0         -nan%                0         -nan%
CONF_OFF_IBTB_MISS_RATE                              0         -nan%                0         -nan%
CONF_OFF_RECOVER_AT_DECODE_RATE                      0         -nan%                0         -nan%
CONF_OFF_RECOVER_AT_EXEC_RATE                        0         -nan%                0         -nan%
CONF_OFF_INV_CONF_INC                                0         -nan%                0         -nan%
CONF_OFF_PERFECT_CONF                                0         -nan%                0         -nan%
                                                     0         -nan%                0         -nan%
                                                  -nan         -nan              -nan         -nan

TOPDOWN_TOTAL_SLOTS                           15812220                       47832060              

TOPDOWN_ISSUED_SLOTS                          11733481                       35288765              

TOPDOWN_RETIRED_SLOTS                         11694421                       35087723              

TOPDOWN_FETCH_BUBBLES_SLOTS                      11574                         260089              

TOPDOWN_RECOVERY_BUBBLES_SLOTS                    5027                          37522              

TOPDOWN_MEM_LOAD_STALLS_CYCLES                  676914                        2039508              

TOPDOWN_MEM_STORE_STALLS_CYCLES                      0                             27              

TOPDOWN_EXEC_STALLS_CYCLES                      411787                        1243670              

TOPDOWN_BACKEND_STALLS_CYCLES                   676914                        2040265              

TOPDOWN_FETCH_BUBBLES_GT_MIW_CYCLES               1597                          40053              

TOPDOWN_BR_RECOVER_AT_EXEC_RETIRED_CYCLES           174                           1272              

TOPDOWN_MACHINE_CLEAR_CYCLES                      1100                           5561              

TOPDOWN_FRONTEND_BOUND                               7                              7              

TOPDOWN_BACKEND_BOUND                             2571                           2571              

TOPDOWN_BAD_SPEC_BOUND                              27                             27              

TOPDOWN_RETIRING_BOUND                            7395                           7395              

TOPDOWN_FETCH_LATENCY_BOUND                          6                              6              

TOPDOWN_FETCH_BANDWIDTH_BOUND                        1                              1              

TOPDOWN_MEM_BOUND                                 2571                           2571              

TOPDOWN_CORE_BOUND                                   0                              0              

TOPDOWN_BR_RECOVER_AT_EXEC_BOUND                     3                              3              

TOPDOWN_MACHINE_CLEARS_BOUND                        24                             24              

H2P_SEEN_MAIN                                        0                              0              



