Scarab gitrev: 9695c4c2
Warning: Scarab expects the trace file type to include OFFLINE_FILE_TYPE_ARCH_REGDEPS (0x20000), but got type: 0xe40
Scarab started at Tue Jul 14 05:03:19 2026

FCT preload: loaded 23 PC-pair(s) from '/home/deepmish/pgo-candidates/pgo-candidates-frequency-1000/bc/589.csv' at confidence 500 (skipped 50 duplicate LD1 PCs)
Initialized Ramulator. 
** Heartbeat:   1% -- { 1000007 } -- 0.00 KIPS (100.00 KIPS)
** Heartbeat:   2% -- { 2000009 } -- 100.00 KIPS (100.00 KIPS)
** Heartbeat:   3% -- { 3000015 } -- 52.63 KIPS (76.92 KIPS)
** Heartbeat:   4% -- { 4000015 } -- 52.63 KIPS (68.97 KIPS)
** Heartbeat:   5% -- { 5000015 } -- 55.56 KIPS (65.79 KIPS)
** Heartbeat:   6% -- { 6000015 } -- 83.33 KIPS (68.18 KIPS)
** Heartbeat:   7% -- { 7000021 } -- 62.50 KIPS (67.31 KIPS)
** Heartbeat:   8% -- { 8000028 } -- 111.11 KIPS (70.80 KIPS)
** Heartbeat:   9% -- { 9000028 } -- 100.00 KIPS (73.17 KIPS)
** Heartbeat:  10% -- { 10000028 } -- 52.63 KIPS (70.42 KIPS)
** Heartbeat:  11% -- { 11000028 } -- 58.82 KIPS (69.18 KIPS)
** Heartbeat:  12% -- { 12000029 } -- 58.82 KIPS (68.18 KIPS)
** Heartbeat:  13% -- { 13000036 } -- 55.56 KIPS (67.01 KIPS)
** Heartbeat:  14% -- { 14000037 } -- 62.50 KIPS (66.67 KIPS)
** Heartbeat:  15% -- { 15000043 } -- 52.63 KIPS (65.50 KIPS)
** Heartbeat:  16% -- { 16000047 } -- 50.00 KIPS (64.26 KIPS)
** Heartbeat:  17% -- { 17000053 } -- 100.00 KIPS (65.64 KIPS)
** Heartbeat:  18% -- { 18000060 } -- 90.91 KIPS (66.67 KIPS)
** Heartbeat:  19% -- { 19000066 } -- 83.33 KIPS (67.38 KIPS)
** Heartbeat:  20% -- { 20000071 } -- 66.67 KIPS (67.34 KIPS)
** Heartbeat:  21% -- { 21000071 } -- 76.92 KIPS (67.74 KIPS)
** Heartbeat:  22% -- { 22000076 } -- 71.43 KIPS (67.90 KIPS)
** Heartbeat:  23% -- { 23000076 } -- 58.82 KIPS (67.45 KIPS)
** Heartbeat:  24% -- { 24000082 } -- 62.50 KIPS (67.23 KIPS)
** Heartbeat:  25% -- { 25000083 } -- 55.56 KIPS (66.67 KIPS)
** Heartbeat:  26% -- { 26000089 } -- 100.00 KIPS (67.53 KIPS)
** Heartbeat:  27% -- { 27000090 } -- 90.91 KIPS (68.18 KIPS)
** Heartbeat:  28% -- { 28000090 } -- 71.43 KIPS (68.29 KIPS)
** Heartbeat:  29% -- { 29000091 } -- 47.62 KIPS (67.29 KIPS)
** Heartbeat:  30% -- { 30000091 } -- 55.56 KIPS (66.82 KIPS)
** Heartbeat:  31% -- { 31000097 } -- 71.43 KIPS (66.95 KIPS)
** Heartbeat:  32% -- { 32000102 } -- 58.82 KIPS (66.67 KIPS)
** Heartbeat:  33% -- { 33000102 } -- 71.43 KIPS (66.80 KIPS)
** Heartbeat:  34% -- { 34000103 } -- 62.50 KIPS (66.67 KIPS)
** Heartbeat:  35% -- { 35000108 } -- 58.82 KIPS (66.41 KIPS)
** Heartbeat:  36% -- { 36000115 } -- 58.82 KIPS (66.18 KIPS)
** Heartbeat:  37% -- { 37000116 } -- 62.50 KIPS (66.07 KIPS)
** Heartbeat:  38% -- { 38000119 } -- 62.50 KIPS (65.97 KIPS)
** Heartbeat:  39% -- { 39000125 } -- 62.50 KIPS (65.88 KIPS)
** Heartbeat:  40% -- { 40000125 } -- 62.50 KIPS (65.79 KIPS)
** Heartbeat:  41% -- { 41000128 } -- 66.67 KIPS (65.81 KIPS)
** Heartbeat:  42% -- { 42000128 } -- 62.50 KIPS (65.73 KIPS)
** Heartbeat:  43% -- { 43000129 } -- 90.91 KIPS (66.15 KIPS)
** Heartbeat:  44% -- { 44000131 } -- 100.00 KIPS (66.67 KIPS)
** Heartbeat:  45% -- { 45000131 } -- 76.92 KIPS (66.86 KIPS)
** Heartbeat:  46% -- { 46000134 } -- 90.91 KIPS (67.25 KIPS)
** Heartbeat:  47% -- { 47000137 } -- 166.67 KIPS (68.12 KIPS)
** Heartbeat:  48% -- { 48000141 } -- 10.00 KIPS (60.76 KIPS)
** Heartbeat:  49% -- { 49000145 } -- 58.82 KIPS (60.72 KIPS)
** Heartbeat:  50% -- { 50000145 } -- 38.46 KIPS (60.02 KIPS)
** Heartbeat:  51% -- { 51000151 } -- 35.71 KIPS (59.23 KIPS)
** Heartbeat:  52% -- { 52000153 } -- 31.25 KIPS (58.23 KIPS)
** Heartbeat:  53% -- { 53000156 } -- 35.71 KIPS (57.55 KIPS)
** Heartbeat:  54% -- { 54000163 } -- 37.04 KIPS (56.96 KIPS)
** Heartbeat:  55% -- { 55000168 } -- 66.67 KIPS (57.11 KIPS)
** Heartbeat:  56% -- { 56000172 } -- 37.04 KIPS (56.57 KIPS)
** Heartbeat:  57% -- { 57000178 } -- 31.25 KIPS (55.77 KIPS)
** Heartbeat:  58% -- { 58000178 } -- 38.46 KIPS (55.34 KIPS)
** Heartbeat:  59% -- { 59000178 } -- 37.04 KIPS (54.88 KIPS)
Reached end of trace (last_inst) pc=0x7ffff3daa0d8
** Core 0 Finished:    insts:59999999    cycles:93226883    time:29133400937500      -- 0.64 IPC (0.64 IPC) --  N/A  KIPS (54.64 KIPS)
Scarab finished at Tue Jul 14 05:21:37 2026

