Scarab gitrev: 36c4b3029
Scarab started at Wed Sep 30 14:58:45 2026

Initialized Ramulator. 
** Heartbeat:   3% -- { 1000002 } -- 0.00 KIPS (66.67 KIPS)
** Heartbeat:   6% -- { 2000006 } -- 83.33 KIPS (74.07 KIPS)
** Heartbeat:  10% -- { 3000006 } -- 83.33 KIPS (76.92 KIPS)
** Heartbeat:  13% -- { 4000007 } -- 76.92 KIPS (76.92 KIPS)
** Heartbeat:  16% -- { 5000011 } -- 76.92 KIPS (76.92 KIPS)
** Heartbeat:  20% -- { 6000016 } -- 76.92 KIPS (76.92 KIPS)
** Heartbeat:  23% -- { 7000020 } -- 76.92 KIPS (76.92 KIPS)
** Heartbeat:  26% -- { 8000024 } -- 142.86 KIPS (81.63 KIPS)
** Heartbeat:  30% -- { 9000028 } -- 90.91 KIPS (82.57 KIPS)
** Heartbeat:  33% -- { 10000029 } -- 83.33 KIPS (82.64 KIPS)
** Heartbeat:  36% -- { 11000034 } -- 125.00 KIPS (85.27 KIPS)
** Heartbeat:  40% -- { 12000036 } -- 142.86 KIPS (88.24 KIPS)
** Heartbeat:  43% -- { 13000038 } -- 100.00 KIPS (89.04 KIPS)
** Heartbeat:  46% -- { 14000038 } -- 111.11 KIPS (90.32 KIPS)
** Heartbeat:  50% -- { 15000041 } -- 90.91 KIPS (90.36 KIPS)
** Heartbeat:  53% -- { 16000045 } -- 76.92 KIPS (89.39 KIPS)
** Heartbeat:  56% -- { 17000047 } -- 76.92 KIPS (88.54 KIPS)
** Heartbeat:  60% -- { 18000049 } -- 90.91 KIPS (88.67 KIPS)
** Heartbeat:  63% -- { 19000052 } -- 76.92 KIPS (87.96 KIPS)
** Heartbeat:  66% -- { 20000058 } -- 100.00 KIPS (88.50 KIPS)
** Heartbeat:  70% -- { 21000062 } -- 83.33 KIPS (88.24 KIPS)
** Heartbeat:  73% -- { 22000062 } -- 111.11 KIPS (89.07 KIPS)
** Heartbeat:  76% -- { 23000067 } -- 83.33 KIPS (88.80 KIPS)
** Heartbeat:  80% -- { 24000070 } -- 76.92 KIPS (88.24 KIPS)
** Heartbeat:  83% -- { 25000074 } -- 90.91 KIPS (88.34 KIPS)
** Heartbeat:  86% -- { 26000076 } -- 83.33 KIPS (88.14 KIPS)
** Heartbeat:  90% -- { 27000076 } -- 90.91 KIPS (88.24 KIPS)
** Heartbeat:  93% -- { 28000076 } -- 90.91 KIPS (88.33 KIPS)
** Heartbeat:  96% -- { 29000080 } -- 90.91 KIPS (88.41 KIPS)
advanceReader: ROI end reached (ordinal 30000002 > roi_end 30000000)
Reached end of trace (last_inst) pc=0x1799aaac
Running McPat...
Running CACTI...
Parsing scarab params...
Parsing scarab stats...
Use of uninitialized value $params{"NUM_CORES"} in subtraction (-) at /home/deepmish/scarab_stage/ifuse-1-cycle-delayed-set-assoc-fct/scarab/bin/power/power_intf.pl line 249, <$file> line 61.
Use of uninitialized value in division (/) at /home/deepmish/scarab_stage/ifuse-1-cycle-delayed-set-assoc-fct/scarab/bin/power/power_intf.pl line 279, <$file> line 61.
Use of uninitialized value in division (/) at /home/deepmish/scarab_stage/ifuse-1-cycle-delayed-set-assoc-fct/scarab/bin/power/power_intf.pl line 279, <$file> line 61.
Illegal division by zero at /home/deepmish/scarab_stage/ifuse-1-cycle-delayed-set-assoc-fct/scarab/bin/power/power_intf.pl line 279, <$file> line 61.
Parsing McPAT output (./mcpat.out) and CACTI output (./cacti_dram.out)...
Scarab power interface: executing command:
['perl', '/home/deepmish/scarab_stage/ifuse-1-cycle-delayed-set-assoc-fct/scarab/bin/power/power_intf.pl', '/home/deepmish/scarab_stage/ifuse-1-cycle-delayed-apt-newest/scarab/bin/mcpat', '/home/deepmish/scarab_stage/ifuse-1-cycle-delayed-apt-newest/scarab/bin/cacti', '.', '0', '0']
Scarab power interface: command finished with exit code: 25
** Core 0 Finished:    insts:30000000    cycles:13293253    time:4154141562500       -- 2.26 IPC (2.26 IPC) --  N/A  KIPS (88.24 KIPS)

/scarab/src/power/power_intf.c:139: ASSERT FAILED (P=0  O=35710485  I=30000000  C=13293253):  rc == 0
/scarab/src/power/power_intf.c:139: ASSERT FAILED (P=0  O=35710485  I=30000000  C=13293253):  Command "python3 /home/deepmish/scarab_stage/ifuse-1-cycle-delayed-set-assoc-fct/scarab/bin/power/power_intf.py . 0 0 " failed
Obtained 5 stack frames.
/home/deepmish/scarab_stage/ifuse-1-cycle-delayed-set-assoc-fct/scarab/src/scarab_current(+0x275456) [0x5555557c9456]
/home/deepmish/scarab_stage/ifuse-1-cycle-delayed-set-assoc-fct/scarab/src/scarab_current(+0x31969e) [0x55555586d69e]
/home/deepmish/scarab_stage/ifuse-1-cycle-delayed-set-assoc-fct/scarab/src/scarab_current(+0x1e6ea3) [0x55555573aea3]
/lib/x86_64-linux-gnu/libc.so.6(__libc_start_main+0xf3) [0x7ffff7818083]
/home/deepmish/scarab_stage/ifuse-1-cycle-delayed-set-assoc-fct/scarab/src/scarab_current(+0x1eb69e) [0x55555573f69e]
