               ramulator.active_cycles_0            21169248                                      # Total active cycles for level _0
                 ramulator.busy_cycles_0            21169248                                      # (All-bank refresh only. busy cycles only include refresh time in rank level) The sum of cycles that the DRAM part is active or under refresh for level _0
            ramulator.serving_requests_0            69506541                                      # The sum of read and write requests that are served in this DRAM element per memory cycle for level _0
    ramulator.average_serving_requests_0            2.794064                                      # The average of read and write requests that are served in this DRAM element per memory cycle for level _0
             ramulator.active_cycles_0_0            21169248                                      # Total active cycles for level _0_0
               ramulator.busy_cycles_0_0            21736248                                      # (All-bank refresh only. busy cycles only include refresh time in rank level) The sum of cycles that the DRAM part is active or under refresh for level _0_0
          ramulator.serving_requests_0_0            69506541                                      # The sum of read and write requests that are served in this DRAM element per memory cycle for level _0_0
  ramulator.average_serving_requests_0_0            2.794064                                      # The average of read and write requests that are served in this DRAM element per memory cycle for level _0_0
           ramulator.active_cycles_0_0_0             9163881                                      # Total active cycles for level _0_0_0
             ramulator.busy_cycles_0_0_0             9163881                                      # (All-bank refresh only. busy cycles only include refresh time in rank level) The sum of cycles that the DRAM part is active or under refresh for level _0_0_0
        ramulator.serving_requests_0_0_0            17283675                                      # The sum of read and write requests that are served in this DRAM element per memory cycle for level _0_0_0
ramulator.average_serving_requests_0_0_0            0.694779                                      # The average of read and write requests that are served in this DRAM element per memory cycle for level _0_0_0
         ramulator.active_cycles_0_0_0_0             2738513                                      # Total active cycles for level _0_0_0_0
           ramulator.busy_cycles_0_0_0_0             2738513                                      # (All-bank refresh only. busy cycles only include refresh time in rank level) The sum of cycles that the DRAM part is active or under refresh for level _0_0_0_0
      ramulator.serving_requests_0_0_0_0             4389514                                      # The sum of read and write requests that are served in this DRAM element per memory cycle for level _0_0_0_0
ramulator.average_serving_requests_0_0_0_0            0.176452                                      # The average of read and write requests that are served in this DRAM element per memory cycle for level _0_0_0_0
         ramulator.active_cycles_0_0_0_1             2738004                                      # Total active cycles for level _0_0_0_1
           ramulator.busy_cycles_0_0_0_1             2738004                                      # (All-bank refresh only. busy cycles only include refresh time in rank level) The sum of cycles that the DRAM part is active or under refresh for level _0_0_0_1
      ramulator.serving_requests_0_0_0_1             4380772                                      # The sum of read and write requests that are served in this DRAM element per memory cycle for level _0_0_0_1
ramulator.average_serving_requests_0_0_0_1            0.176101                                      # The average of read and write requests that are served in this DRAM element per memory cycle for level _0_0_0_1
         ramulator.active_cycles_0_0_0_2             2626397                                      # Total active cycles for level _0_0_0_2
           ramulator.busy_cycles_0_0_0_2             2626397                                      # (All-bank refresh only. busy cycles only include refresh time in rank level) The sum of cycles that the DRAM part is active or under refresh for level _0_0_0_2
      ramulator.serving_requests_0_0_0_2             4206559                                      # The sum of read and write requests that are served in this DRAM element per memory cycle for level _0_0_0_2
ramulator.average_serving_requests_0_0_0_2            0.169098                                      # The average of read and write requests that are served in this DRAM element per memory cycle for level _0_0_0_2
         ramulator.active_cycles_0_0_0_3             2695060                                      # Total active cycles for level _0_0_0_3
           ramulator.busy_cycles_0_0_0_3             2695060                                      # (All-bank refresh only. busy cycles only include refresh time in rank level) The sum of cycles that the DRAM part is active or under refresh for level _0_0_0_3
      ramulator.serving_requests_0_0_0_3             4306830                                      # The sum of read and write requests that are served in this DRAM element per memory cycle for level _0_0_0_3
ramulator.average_serving_requests_0_0_0_3            0.173128                                      # The average of read and write requests that are served in this DRAM element per memory cycle for level _0_0_0_3
           ramulator.active_cycles_0_0_1             9100956                                      # Total active cycles for level _0_0_1
             ramulator.busy_cycles_0_0_1             9100956                                      # (All-bank refresh only. busy cycles only include refresh time in rank level) The sum of cycles that the DRAM part is active or under refresh for level _0_0_1
        ramulator.serving_requests_0_0_1            17109477                                      # The sum of read and write requests that are served in this DRAM element per memory cycle for level _0_0_1
ramulator.average_serving_requests_0_0_1            0.687777                                      # The average of read and write requests that are served in this DRAM element per memory cycle for level _0_0_1
         ramulator.active_cycles_0_0_1_0             2797219                                      # Total active cycles for level _0_0_1_0
           ramulator.busy_cycles_0_0_1_0             2797219                                      # (All-bank refresh only. busy cycles only include refresh time in rank level) The sum of cycles that the DRAM part is active or under refresh for level _0_0_1_0
      ramulator.serving_requests_0_0_1_0             4464066                                      # The sum of read and write requests that are served in this DRAM element per memory cycle for level _0_0_1_0
ramulator.average_serving_requests_0_0_1_0            0.179449                                      # The average of read and write requests that are served in this DRAM element per memory cycle for level _0_0_1_0
         ramulator.active_cycles_0_0_1_1             2599476                                      # Total active cycles for level _0_0_1_1
           ramulator.busy_cycles_0_0_1_1             2599476                                      # (All-bank refresh only. busy cycles only include refresh time in rank level) The sum of cycles that the DRAM part is active or under refresh for level _0_0_1_1
      ramulator.serving_requests_0_0_1_1             4166015                                      # The sum of read and write requests that are served in this DRAM element per memory cycle for level _0_0_1_1
ramulator.average_serving_requests_0_0_1_1            0.167468                                      # The average of read and write requests that are served in this DRAM element per memory cycle for level _0_0_1_1
         ramulator.active_cycles_0_0_1_2             2687578                                      # Total active cycles for level _0_0_1_2
           ramulator.busy_cycles_0_0_1_2             2687578                                      # (All-bank refresh only. busy cycles only include refresh time in rank level) The sum of cycles that the DRAM part is active or under refresh for level _0_0_1_2
      ramulator.serving_requests_0_0_1_2             4292388                                      # The sum of read and write requests that are served in this DRAM element per memory cycle for level _0_0_1_2
ramulator.average_serving_requests_0_0_1_2            0.172548                                      # The average of read and write requests that are served in this DRAM element per memory cycle for level _0_0_1_2
         ramulator.active_cycles_0_0_1_3             2613478                                      # Total active cycles for level _0_0_1_3
           ramulator.busy_cycles_0_0_1_3             2613478                                      # (All-bank refresh only. busy cycles only include refresh time in rank level) The sum of cycles that the DRAM part is active or under refresh for level _0_0_1_3
      ramulator.serving_requests_0_0_1_3             4187008                                      # The sum of read and write requests that are served in this DRAM element per memory cycle for level _0_0_1_3
ramulator.average_serving_requests_0_0_1_3            0.168312                                      # The average of read and write requests that are served in this DRAM element per memory cycle for level _0_0_1_3
           ramulator.active_cycles_0_0_2             9202108                                      # Total active cycles for level _0_0_2
             ramulator.busy_cycles_0_0_2             9202108                                      # (All-bank refresh only. busy cycles only include refresh time in rank level) The sum of cycles that the DRAM part is active or under refresh for level _0_0_2
        ramulator.serving_requests_0_0_2            17300598                                      # The sum of read and write requests that are served in this DRAM element per memory cycle for level _0_0_2
ramulator.average_serving_requests_0_0_2            0.695460                                      # The average of read and write requests that are served in this DRAM element per memory cycle for level _0_0_2
         ramulator.active_cycles_0_0_2_0             2723311                                      # Total active cycles for level _0_0_2_0
           ramulator.busy_cycles_0_0_2_0             2723311                                      # (All-bank refresh only. busy cycles only include refresh time in rank level) The sum of cycles that the DRAM part is active or under refresh for level _0_0_2_0
      ramulator.serving_requests_0_0_2_0             4352436                                      # The sum of read and write requests that are served in this DRAM element per memory cycle for level _0_0_2_0
ramulator.average_serving_requests_0_0_2_0            0.174962                                      # The average of read and write requests that are served in this DRAM element per memory cycle for level _0_0_2_0
         ramulator.active_cycles_0_0_2_1             2787660                                      # Total active cycles for level _0_0_2_1
           ramulator.busy_cycles_0_0_2_1             2787660                                      # (All-bank refresh only. busy cycles only include refresh time in rank level) The sum of cycles that the DRAM part is active or under refresh for level _0_0_2_1
      ramulator.serving_requests_0_0_2_1             4452118                                      # The sum of read and write requests that are served in this DRAM element per memory cycle for level _0_0_2_1
ramulator.average_serving_requests_0_0_2_1            0.178969                                      # The average of read and write requests that are served in this DRAM element per memory cycle for level _0_0_2_1
         ramulator.active_cycles_0_0_2_2             2671568                                      # Total active cycles for level _0_0_2_2
           ramulator.busy_cycles_0_0_2_2             2671568                                      # (All-bank refresh only. busy cycles only include refresh time in rank level) The sum of cycles that the DRAM part is active or under refresh for level _0_0_2_2
      ramulator.serving_requests_0_0_2_2             4255725                                      # The sum of read and write requests that are served in this DRAM element per memory cycle for level _0_0_2_2
ramulator.average_serving_requests_0_0_2_2            0.171074                                      # The average of read and write requests that are served in this DRAM element per memory cycle for level _0_0_2_2
         ramulator.active_cycles_0_0_2_3             2662689                                      # Total active cycles for level _0_0_2_3
           ramulator.busy_cycles_0_0_2_3             2662689                                      # (All-bank refresh only. busy cycles only include refresh time in rank level) The sum of cycles that the DRAM part is active or under refresh for level _0_0_2_3
      ramulator.serving_requests_0_0_2_3             4240319                                      # The sum of read and write requests that are served in this DRAM element per memory cycle for level _0_0_2_3
ramulator.average_serving_requests_0_0_2_3            0.170455                                      # The average of read and write requests that are served in this DRAM element per memory cycle for level _0_0_2_3
           ramulator.active_cycles_0_0_3             9445639                                      # Total active cycles for level _0_0_3
             ramulator.busy_cycles_0_0_3             9445639                                      # (All-bank refresh only. busy cycles only include refresh time in rank level) The sum of cycles that the DRAM part is active or under refresh for level _0_0_3
        ramulator.serving_requests_0_0_3            17812791                                      # The sum of read and write requests that are served in this DRAM element per memory cycle for level _0_0_3
ramulator.average_serving_requests_0_0_3            0.716049                                      # The average of read and write requests that are served in this DRAM element per memory cycle for level _0_0_3
         ramulator.active_cycles_0_0_3_0             2865066                                      # Total active cycles for level _0_0_3_0
           ramulator.busy_cycles_0_0_3_0             2865066                                      # (All-bank refresh only. busy cycles only include refresh time in rank level) The sum of cycles that the DRAM part is active or under refresh for level _0_0_3_0
      ramulator.serving_requests_0_0_3_0             4569676                                      # The sum of read and write requests that are served in this DRAM element per memory cycle for level _0_0_3_0
ramulator.average_serving_requests_0_0_3_0            0.183694                                      # The average of read and write requests that are served in this DRAM element per memory cycle for level _0_0_3_0
         ramulator.active_cycles_0_0_3_1             2760548                                      # Total active cycles for level _0_0_3_1
           ramulator.busy_cycles_0_0_3_1             2760548                                      # (All-bank refresh only. busy cycles only include refresh time in rank level) The sum of cycles that the DRAM part is active or under refresh for level _0_0_3_1
      ramulator.serving_requests_0_0_3_1             4388677                                      # The sum of read and write requests that are served in this DRAM element per memory cycle for level _0_0_3_1
ramulator.average_serving_requests_0_0_3_1            0.176419                                      # The average of read and write requests that are served in this DRAM element per memory cycle for level _0_0_3_1
         ramulator.active_cycles_0_0_3_2             2669590                                      # Total active cycles for level _0_0_3_2
           ramulator.busy_cycles_0_0_3_2             2669590                                      # (All-bank refresh only. busy cycles only include refresh time in rank level) The sum of cycles that the DRAM part is active or under refresh for level _0_0_3_2
      ramulator.serving_requests_0_0_3_2             4267351                                      # The sum of read and write requests that are served in this DRAM element per memory cycle for level _0_0_3_2
ramulator.average_serving_requests_0_0_3_2            0.171541                                      # The average of read and write requests that are served in this DRAM element per memory cycle for level _0_0_3_2
         ramulator.active_cycles_0_0_3_3             2893211                                      # Total active cycles for level _0_0_3_3
           ramulator.busy_cycles_0_0_3_3             2893211                                      # (All-bank refresh only. busy cycles only include refresh time in rank level) The sum of cycles that the DRAM part is active or under refresh for level _0_0_3_3
      ramulator.serving_requests_0_0_3_3             4586949                                      # The sum of read and write requests that are served in this DRAM element per memory cycle for level _0_0_3_3
ramulator.average_serving_requests_0_0_3_3            0.184389                                      # The average of read and write requests that are served in this DRAM element per memory cycle for level _0_0_3_3
      ramulator.read_transaction_bytes_0           131989632                                      # The total byte of read transaction per channel
     ramulator.write_transaction_bytes_0           122951296                                      # The total byte of write transaction per channel
       ramulator.row_hits_channel_0_core             3483959                                      # Number of row hits per channel per core
     ramulator.row_misses_channel_0_core               92475                                      # Number of row misses per channel per core
  ramulator.row_conflicts_channel_0_core              407018                                      # Number of row conflicts per channel per core
  ramulator.read_row_hits_channel_0_core             1930510                                      # Number of row hits for read requests per channel per core
                                     [0]           1930510.0                                      # 
ramulator.read_row_misses_channel_0_core               18333                                      # Number of row misses for read requests per channel per core
                                     [0]             18333.0                                      # 
ramulator.read_row_conflicts_channel_0_core              113495                                      # Number of row conflicts for read requests per channel per core
                                     [0]            113495.0                                      # 
 ramulator.write_row_hits_channel_0_core             1553449                                      # Number of row hits for write requests per channel per core
                                     [0]           1553449.0                                      # 
ramulator.write_row_misses_channel_0_core               74142                                      # Number of row misses for write requests per channel per core
                                     [0]             74142.0                                      # 
ramulator.write_row_conflicts_channel_0_core              293523                                      # Number of row conflicts for write requests per channel per core
                                     [0]            293523.0                                      # 
      ramulator.useless_activates_0_core                5667                                      # Number of useless activations. E.g, ACT -> PRE w/o RD or WR
            ramulator.read_latency_avg_0          299.313720                                      # The average memory latency cycles (in memory time domain) per request for all read requests in this channel
            ramulator.read_latency_sum_0           617288153                                      # The memory latency cycles (in memory time domain) sum for all read requests in this channel
        ramulator.req_queue_length_avg_0           38.718656                                      # Average of read and write queue length per memory cycle per channel.
        ramulator.req_queue_length_sum_0           963184607                                      # Sum of read and write queue length per memory cycle per channel.
   ramulator.read_req_queue_length_avg_0           24.708100                                      # Read queue length average per memory cycle per channel.
   ramulator.read_req_queue_length_sum_0           614651025                                      # Read queue length sum per memory cycle per channel.
  ramulator.write_req_queue_length_avg_0           14.010556                                      # Write queue length average per memory cycle per channel.
  ramulator.write_req_queue_length_sum_0           348533582                                      # Write queue length sum per memory cycle per channel.
              ramulator.record_read_hits                 0.0                                      # record read hit count for this core when it reaches request limit or to the end
                                     [0]                 0.0                                      # 
            ramulator.record_read_misses                 0.0                                      # record_read_miss count for this core when it reaches request limit or to the end
                                     [0]                 0.0                                      # 
         ramulator.record_read_conflicts                 0.0                                      # record read conflict count for this core when it reaches request limit or to the end
                                     [0]                 0.0                                      # 
             ramulator.record_write_hits                 0.0                                      # record write hit count for this core when it reaches request limit or to the end
                                     [0]                 0.0                                      # 
           ramulator.record_write_misses                 0.0                                      # record write miss count for this core when it reaches request limit or to the end
                                     [0]                 0.0                                      # 
        ramulator.record_write_conflicts                 0.0                                      # record write conflict for this core when it reaches request limit or to the end
                                     [0]                 0.0                                      # 
                 ramulator.dram_capacity          8589934592                                      # Number of bytes in simulated DRAM
                   ramulator.dram_cycles            24876499                                      # Number of DRAM cycles simulated
             ramulator.incoming_requests             3983481                                      # Number of incoming requests to DRAM
                 ramulator.read_requests             2062345                                      # Number of incoming read requests to DRAM per core
                                     [0]           2062345.0                                      # 
                ramulator.write_requests             1921136                                      # Number of incoming write requests to DRAM per core
                                     [0]           1921136.0                                      # 
       ramulator.ramulator_active_cycles            21169250                                      # The total number of cycles that the DRAM part is active (serving R/W)
 ramulator.incoming_requests_per_channel           3983481.0                                      # Number of incoming requests to each DRAM channel
                                     [0]           3983481.0                                      # 
ramulator.incoming_read_reqs_per_channel           2062345.0                                      # Number of incoming read requests to each DRAM channel
                                     [0]           2062345.0                                      # 
     ramulator.physical_page_replacement                   0                                      # The number of times that physical page replacement happens.
             ramulator.maximum_bandwidth         19200000000                                      # The theoretical maximum bandwidth (Bps)
          ramulator.in_queue_req_num_sum           963184607                                      # Sum of read/write queue length
     ramulator.in_queue_read_req_num_sum           614651025                                      # Sum of read queue length
    ramulator.in_queue_write_req_num_sum           348533582                                      # Sum of write queue length
          ramulator.in_queue_req_num_avg           38.718656                                      # Average of read/write queue length per memory cycle
     ramulator.in_queue_read_req_num_avg           24.708100                                      # Average of read queue length per memory cycle
    ramulator.in_queue_write_req_num_avg           14.010556                                      # Average of write queue length per memory cycle
          ramulator.record_read_requests                 0.0                                      # record read requests for this core when it reaches request limit or to the end
                                     [0]                 0.0                                      # 
         ramulator.record_write_requests                 0.0                                      # record write requests for this core when it reaches request limit or to the end
                                     [0]                 0.0                                      # 
