/* -*- Mode: c -*- */
####################################################################################################
Core 0
####################################################################################################
Cumulative:        Cycles: 57128502              Instructions: 99999999              IPC: 1.75044

Periodic:          Cycles: 45644085              Instructions: 79999993              IPC: 1.75269

FCT_LOOKUP_HITS                                      0                              0              

FCT_LOOKUP_MISSES                             22083864                       27607344              

FCT_LOOKUP_LOW_CONF                                  0                              0              

FCT_PRELOAD_INSERTS                                  0                              0              

FCT_PRELOAD_DUPLICATE_LD1_SKIPS                      0                              0              

FCT_RUNTIME_INSERTS                                  0                              0              

FCT_RUNTIME_REPLACEMENTS                             0                              0              

FCT_RUNTIME_REINFORCEMENTS                           0                              0              

FCT_RUNTIME_CONFLICTS                                0                              0              

IFUSE_TRAINING_PAIRS_DISCOVERED                8686805                       10859875              

IFUSE_TRAINING_STORE_INVALIDATIONS            12322566                       15402341              

IFUSE_TRAINING_CROSS_LINE_LOADS                 444593                         556570              

TRAINING_TABLE_LOOKUPS                         8686805                       10859875              

TRAINING_TABLE_HITS                            4964230                        6210039              

TRAINING_TABLE_MISSES                          3722575                        4649836              

TRAINING_TABLE_INSERTS                         3722575                        4649836              

TRAINING_TABLE_EVICTIONS                       3722575                        4649708              

TRAINING_TABLE_OBSERVATIONS                    8686805                       10859875              

TRAINING_TABLE_PROMOTIONS                            0                              0              

TRAINING_TABLE_PROMOTION_REJECTS                     0                              0              

TRAINING_TABLE_PEAK_LIVE                             0                            128              

APT_LOOKUP_HITS                                      0                              0              

APT_LOOKUP_MISSES                             22083864                       27607344              

APT_LIVE_LD2_PREDICTION_PEAK                         0                              0              

APT_LIVE_LD2_PREDICTION_OBSERVATIONS          22083864                       27607344              

APT_LIVE_LD2_PREDICTION_TOTAL                        0                              0              

IFUSE_INFLIGHT_FUSED_PAIRS_PEAK                      0                              0              

IFUSE_INFLIGHT_FUSED_PAIRS_OBSERVATIONS       22083864                       27607343              

IFUSE_INFLIGHT_FUSED_PAIRS_TOTAL                     0                              0              

ACI_LOOKUP_HITS                                      0                              0              

ACI_LOOKUP_MISSES                                    0                              0              

ACI_REPLAYED_INSERTS                                 0                              0              

ACI_BACKING_ALLOC_FAILURES                           0                              0              

ACI_PREDICTION_INSERTS                               0                              0              

ACI_SAME_CACHEBLOCK_INSERTS                          0                              0              

ACI_PREDICTION_INVALIDATIONS                         0                              0              

ACI_STALE_PREDICTION_REMOVALS                        0                              0              

IFUSE_GP_REG_OCCUPIED_PEAK                           0                            268              

IFUSE_GP_REG_OCCUPIED_OBSERVATIONS           110214168                      137927484              

IFUSE_GP_REG_OCCUPIED_TOTAL                22639772235                    28312366128              

IFUSE_GP_REG_UTIL_PCT_TOTAL                 8035312660                    10048601254              

IFUSE_EXTRA_REG_IN_USE_PEAK                          0                              0              

IFUSE_EXTRA_REG_IN_USE_OBSERVATIONS          110214168                      137927484              

IFUSE_EXTRA_REG_IN_USE_TOTAL                         0                              0              

IFUSE_LOAD1_PREDICTIONS                              0                              0              

IFUSE_CORRECT_PREDICTIONS                            0                              0              

IFUSE_INCORRECT_PREDICTIONS                          0                              0              

IFUSE_FUSED_LOADS                                    0                              0              

IFUSE_MISPREDICTED_LOADS                             0                              0              

IFUSE_MISPREDICTION_FLUSHES                          0                              0              

IFUSE_MISPREDICTED_CACHE_BLOCK_ADDR                  0                              0              

IFUSE_MISPREDICTED_OFFSET_DELTA                      0                              0              



