/* -*- Mode: c -*- */
####################################################################################################
Core 0
####################################################################################################
Cumulative:        Cycles: 19264864              Instructions: 59999999              IPC: 3.11448

Periodic:          Cycles: 12643903              Instructions: 39999996              IPC: 3.16358

DCACHE_PREF_HIT                                      0                              0              

IFETCH_WB_FIRST_SCHEDULE                             0         -nan%                0         -nan%
PREFETCH_LAST_SCHEDULE                               0         -nan%                0         -nan%
DEMAND_PASS_PREF_SCHEDULE                            0         -nan%                0         -nan%
DEMAND_PASS_LOW_OP_SCHEDULE                          0         -nan%                0         -nan%
DEMAND_LAST_SCHEDULE                                 0         -nan%                0         -nan%
                                                     0         -nan%                0         -nan%
                                                  -nan         -nan              -nan         -nan

SEND_MISS_REQ_QUEUE                              42178                          68130              

L1_DATA_EVICT                                    36921                          37140              

STREAM_BUFFER_REQ                                    0                              0              

PREF_SEND_TO_MEM_REQ                                 0         -nan%                0         -nan%
PREF_SEND_TO_MEM_REQ_FAIL                            0         -nan%                0         -nan%
                                                     0         -nan%                0         -nan%
                                                  -nan         -nan              -nan         -nan

HIT_TRAIN_STREAM                                 40767       97.585%            55032       95.865%
MISS_TRAIN_STREAM                                 1009        2.415%             2374        4.135%
                                                 41776      100.000%            57406      100.000%
                                                  0.02         0.15              0.04         0.20

STREAM_TRAIN_CREATE                                468                           1104              

MEM_REQ_MISS_HWP_PREF_Q                              0         -nan%                0         -nan%
MEM_REQ_MISS_SW_PREF_Q                               0         -nan%                0         -nan%
MEM_REQ_MISS_IFETCH_Q                                0         -nan%                0         -nan%
MEM_REQ_MISS_DFETCH_Q                                0         -nan%                0         -nan%
MEM_REQ_MISS_DSTORE_Q                                0         -nan%                0         -nan%
MEM_REQ_MISS_DPRF_Q                                  0         -nan%                0         -nan%
MEM_REQ_MISS_WB_Q                                    0         -nan%                0         -nan%
                                                     0         -nan%                0         -nan%
                                                  -nan         -nan              -nan         -nan

PREF_HIT_BY_DEMAND_IFETCH                            0         -nan%                0         -nan%
PREF_HIT_BY_DEMAND_DFETCH                            0         -nan%                0         -nan%
PREF_HIT_BY_DEMAND_DSTORE                            0         -nan%                0         -nan%
PREF_HIT_BY_DEMAND_IPREF                             0         -nan%                0         -nan%
PREF_HIT_BY_DEMAND_DPRF                              0         -nan%                0         -nan%
PREF_HIT_BY_DEMAND_WB                                0         -nan%                0         -nan%
PREF_HIT_BY_PREF                                     0         -nan%                0         -nan%
                                                     0         -nan%                0         -nan%
                                                  -nan         -nan              -nan         -nan

PREF_HIT_DEMAND_IFETCH                               0         -nan%                0         -nan%
PREF_HIT_DEMAND_DFETCH                               0         -nan%                0         -nan%
PREF_HIT_DEMAND_DSTORE                               0         -nan%                0         -nan%
PREF_HIT_DEMAND_IPREF                                0         -nan%                0         -nan%
PREF_HIT_DEMAND_DPRF                                 0         -nan%                0         -nan%
PREF_HIT_DEMAND_WB                                   0         -nan%                0         -nan%
                                                     0         -nan%                0         -nan%
                                                  -nan         -nan              -nan         -nan

PREF_L1_FILL                                         0         -nan%                0         -nan%
DEMAND_L1_FILL                                       0         -nan%                0         -nan%
                                                     0         -nan%                0         -nan%
                                                  -nan         -nan              -nan         -nan

TOUCH_L1_REPLACE                                     0        0.000%                0        0.000%
NO_TOUCH_L1_REPLACE                              36921      100.000%            37140      100.000%
                                                 36921      100.000%            37140      100.000%
                                                  1.00         1.00              1.00         1.00

PREF_REQ_QUE_FULL                                    0                              0              

STREAM_REQ_QUEUE_HIT_BY_DEMAND                       0                              0              

L2HIT_STREAM_PREF_REQ_QUE_FULL                       0                              0              

L2HIT_HIT_TRAIN_STREAM                               0         -nan%                0         -nan%
L2HIT_MISS_TRAIN_STREAM                              0         -nan%                0         -nan%
                                                     0         -nan%                0         -nan%
                                                  -nan         -nan              -nan         -nan

L2HIT_STREAM_TRAIN_CREATE                            0                              0              

L2HIT_STREAM_BUFFER_REQ                              0                              0              

L2HIT_STREAM_PREF_DCACHE_HIT                         0         -nan%                0         -nan%
L2HIT_STREAM_PREF_DCACHE_INSERT                      0         -nan%                0         -nan%
L2HIT_STREAM_L2_MISS                                 0         -nan%                0         -nan%
                                                     0         -nan%                0         -nan%
                                                  -nan         -nan              -nan         -nan

L2HIT_STREAM_DCACHE_PORT_FULL                        0                              0              

L2HIT_STREAM_PREF_L1_PORT_FULL                       0                              0              

L2HIT_TRAIN_HIT_DEMAND                               0         -nan%                0         -nan%
L2HIT_TRAIN_MISS_REQ                                 0         -nan%                0         -nan%
                                                     0         -nan%                0         -nan%
                                                  -nan         -nan              -nan         -nan

L2HIT_TRAIN_FILTER_MISS                              0         -nan%                0         -nan%
L2HIT_TRAIN_FILTER_HIT                               0         -nan%                0         -nan%
                                                     0         -nan%                0         -nan%
                                                  -nan         -nan              -nan         -nan

L2HIT_PREF_REQ_DCACHE_HIT                            0         -nan%                0         -nan%
L2HIT_PREF_REQ_DCACHE_MISS                           0         -nan%                0         -nan%
                                                     0         -nan%                0         -nan%
                                                  -nan         -nan              -nan         -nan

L2HIT_L2SEND_Q_FULL                                  0         -nan%                0         -nan%
L2HIT_L2SEND_Q_ENTER                                 0         -nan%                0         -nan%
                                                     0         -nan%                0         -nan%
                                                  -nan         -nan              -nan         -nan

L2HIT_MEM_REQ                                        0                              0              

REMOVE_REDUNDANT_STREAM_STAT                         0                              0              

REPLACE_OLD_STREAM                                 468                           1088              

REQ_SEND_QUEUE_STALL                                 0                              0              

STREAM_ENTER_RA                                      0                              0              

CORE_STREAM_LENGTH_0                                 6        6.316%               23       10.900%
CORE_STREAM_LENGTH_10                               22       23.158%               54       25.592%
CORE_STREAM_LENGTH_20                                9        9.474%               20        9.479%
CORE_STREAM_LENGTH_30                                8        8.421%               19        9.005%
CORE_STREAM_LENGTH_40                                9        9.474%               11        5.213%
CORE_STREAM_LENGTH_50                                5        5.263%                6        2.844%
CORE_STREAM_LENGTH_60                                2        2.105%                5        2.370%
CORE_STREAM_LENGTH_70                                2        2.105%                3        1.422%
CORE_STREAM_LENGTH_80                                1        1.053%                5        2.370%
CORE_STREAM_LENGTH_90                                2        2.105%                2        0.948%
CORE_STREAM_LENGTH_100_P                            29       30.526%               63       29.858%
                                                    95      100.000%              211      100.000%
                                                  4.92         4.56              4.57         4.46

CORE_CUM_STREAM_LENGTH_0                            44        0.096%              174        0.288%
CORE_CUM_STREAM_LENGTH_10                          280        0.613%              766        1.268%
CORE_CUM_STREAM_LENGTH_20                          236        0.517%              487        0.806%
CORE_CUM_STREAM_LENGTH_30                          265        0.580%              631        1.045%
CORE_CUM_STREAM_LENGTH_40                          398        0.871%              482        0.798%
CORE_CUM_STREAM_LENGTH_50                          270        0.591%              320        0.530%
CORE_CUM_STREAM_LENGTH_60                          130        0.285%              324        0.536%
CORE_CUM_STREAM_LENGTH_70                          148        0.324%              220        0.364%
CORE_CUM_STREAM_LENGTH_80                           87        0.190%              425        0.704%
CORE_CUM_STREAM_LENGTH_90                          192        0.420%              192        0.318%
CORE_CUM_STREAM_LENGTH_100_P                     43623       95.512%            56376       93.342%
                                                 45673      100.000%            60397      100.000%
                                                  9.74         9.60              9.60         9.40

CORE_STREAM_TRAIN_HITS_0                            39       41.053%               86       40.758%
CORE_STREAM_TRAIN_HITS_10                           20       21.053%               41       19.431%
CORE_STREAM_TRAIN_HITS_20                            6        6.316%               12        5.687%
CORE_STREAM_TRAIN_HITS_30                            1        1.053%                2        0.948%
CORE_STREAM_TRAIN_HITS_40                            0        0.000%                2        0.948%
CORE_STREAM_TRAIN_HITS_50                            1        1.053%                3        1.422%
CORE_STREAM_TRAIN_HITS_60                            1        1.053%                4        1.896%
CORE_STREAM_TRAIN_HITS_70                            1        1.053%                3        1.422%
CORE_STREAM_TRAIN_HITS_80                            3        3.158%                3        1.422%
CORE_STREAM_TRAIN_HITS_90                            0        0.000%                1        0.474%
CORE_STREAM_TRAIN_HITS_100_P                        23       24.211%               54       25.592%
                                                    95      100.000%              211      100.000%
                                                  3.23         3.99              3.37         4.03

CORE_CUM_STREAM_TRAIN_HITS_0                       239        0.560%              522        0.934%
CORE_CUM_STREAM_TRAIN_HITS_10                      259        0.607%              533        0.954%
CORE_CUM_STREAM_TRAIN_HITS_20                      145        0.340%              289        0.517%
CORE_CUM_STREAM_TRAIN_HITS_30                       38        0.089%               75        0.134%
CORE_CUM_STREAM_TRAIN_HITS_40                        0        0.000%               93        0.166%
CORE_CUM_STREAM_TRAIN_HITS_50                       57        0.134%              169        0.302%
CORE_CUM_STREAM_TRAIN_HITS_60                       65        0.152%              257        0.460%
CORE_CUM_STREAM_TRAIN_HITS_70                       79        0.185%              225        0.403%
CORE_CUM_STREAM_TRAIN_HITS_80                      254        0.595%              254        0.455%
CORE_CUM_STREAM_TRAIN_HITS_90                        0        0.000%               97        0.174%
CORE_CUM_STREAM_TRAIN_HITS_100_P                 41521       97.337%            53362       95.501%
                                                 42657      100.000%            55876      100.000%
                                                  9.83         9.74              9.70         9.56

CORE_STREAM_TRAIN_CREATE                           468                           1104              



