/* -*- Mode: c -*- */
####################################################################################################
Core 0
####################################################################################################
Cumulative:        Cycles: 15262794              Instructions: 29999999              IPC: 1.96556

Periodic:          Cycles: 5438398               Instructions: 9999997               IPC: 1.83878

DCACHE_PREF_HIT                                      0                              0              

IFETCH_WB_FIRST_SCHEDULE                             0         -nan%                2      100.000%
PREFETCH_LAST_SCHEDULE                               0         -nan%                0        0.000%
DEMAND_PASS_PREF_SCHEDULE                            0         -nan%                0        0.000%
DEMAND_PASS_LOW_OP_SCHEDULE                          0         -nan%                0        0.000%
DEMAND_LAST_SCHEDULE                                 0         -nan%                0        0.000%
                                                     0         -nan%                2      100.000%
                                                  -nan         -nan              0.00         0.00

SEND_MISS_REQ_QUEUE                             164488                         456826              

L1_DATA_EVICT                                   164473                         424030              

STREAM_BUFFER_REQ                                    0                              0              

PREF_SEND_TO_MEM_REQ                                 0         -nan%                0         -nan%
PREF_SEND_TO_MEM_REQ_FAIL                            0         -nan%                0         -nan%
                                                     0         -nan%                0         -nan%
                                                  -nan         -nan              -nan         -nan

HIT_TRAIN_STREAM                                148685       90.400%           410220       90.913%
MISS_TRAIN_STREAM                                15790        9.600%            41004        9.087%
                                                164475      100.000%           451224      100.000%
                                                  0.10         0.28              0.09         0.28

STREAM_TRAIN_CREATE                               6550                          17119              

MEM_REQ_MISS_HWP_PREF_Q                              0         -nan%                0         -nan%
MEM_REQ_MISS_SW_PREF_Q                               0         -nan%                0         -nan%
MEM_REQ_MISS_IFETCH_Q                                0         -nan%                0         -nan%
MEM_REQ_MISS_DFETCH_Q                                0         -nan%                0         -nan%
MEM_REQ_MISS_DSTORE_Q                                0         -nan%                0         -nan%
MEM_REQ_MISS_DPRF_Q                                  0         -nan%                0         -nan%
MEM_REQ_MISS_WB_Q                                    0         -nan%                0         -nan%
                                                     0         -nan%                0         -nan%
                                                  -nan         -nan              -nan         -nan

PREF_HIT_BY_DEMAND_IFETCH                            0         -nan%                0         -nan%
PREF_HIT_BY_DEMAND_DFETCH                            0         -nan%                0         -nan%
PREF_HIT_BY_DEMAND_DSTORE                            0         -nan%                0         -nan%
PREF_HIT_BY_DEMAND_IPREF                             0         -nan%                0         -nan%
PREF_HIT_BY_DEMAND_DPRF                              0         -nan%                0         -nan%
PREF_HIT_BY_DEMAND_WB                                0         -nan%                0         -nan%
PREF_HIT_BY_PREF                                     0         -nan%                0         -nan%
                                                     0         -nan%                0         -nan%
                                                  -nan         -nan              -nan         -nan

PREF_HIT_DEMAND_IFETCH                               0         -nan%                0         -nan%
PREF_HIT_DEMAND_DFETCH                               0         -nan%                0         -nan%
PREF_HIT_DEMAND_DSTORE                               0         -nan%                0         -nan%
PREF_HIT_DEMAND_IPREF                                0         -nan%                0         -nan%
PREF_HIT_DEMAND_DPRF                                 0         -nan%                0         -nan%
PREF_HIT_DEMAND_WB                                   0         -nan%                0         -nan%
                                                     0         -nan%                0         -nan%
                                                  -nan         -nan              -nan         -nan

PREF_L1_FILL                                         0         -nan%                0         -nan%
DEMAND_L1_FILL                                       0         -nan%                0         -nan%
                                                     0         -nan%                0         -nan%
                                                  -nan         -nan              -nan         -nan

TOUCH_L1_REPLACE                                     0        0.000%                0        0.000%
NO_TOUCH_L1_REPLACE                             164473      100.000%           424030      100.000%
                                                164473      100.000%           424030      100.000%
                                                  1.00         1.00              1.00         1.00

PREF_REQ_QUE_FULL                                    0                              0              

STREAM_REQ_QUEUE_HIT_BY_DEMAND                       0                              0              

L2HIT_STREAM_PREF_REQ_QUE_FULL                       0                              0              

L2HIT_HIT_TRAIN_STREAM                               0         -nan%                0         -nan%
L2HIT_MISS_TRAIN_STREAM                              0         -nan%                0         -nan%
                                                     0         -nan%                0         -nan%
                                                  -nan         -nan              -nan         -nan

L2HIT_STREAM_TRAIN_CREATE                            0                              0              

L2HIT_STREAM_BUFFER_REQ                              0                              0              

L2HIT_STREAM_PREF_DCACHE_HIT                         0         -nan%                0         -nan%
L2HIT_STREAM_PREF_DCACHE_INSERT                      0         -nan%                0         -nan%
L2HIT_STREAM_L2_MISS                                 0         -nan%                0         -nan%
                                                     0         -nan%                0         -nan%
                                                  -nan         -nan              -nan         -nan

L2HIT_STREAM_DCACHE_PORT_FULL                        0                              0              

L2HIT_STREAM_PREF_L1_PORT_FULL                       0                              0              

L2HIT_TRAIN_HIT_DEMAND                               0         -nan%                0         -nan%
L2HIT_TRAIN_MISS_REQ                                 0         -nan%                0         -nan%
                                                     0         -nan%                0         -nan%
                                                  -nan         -nan              -nan         -nan

L2HIT_TRAIN_FILTER_MISS                              0         -nan%                0         -nan%
L2HIT_TRAIN_FILTER_HIT                               0         -nan%                0         -nan%
                                                     0         -nan%                0         -nan%
                                                  -nan         -nan              -nan         -nan

L2HIT_PREF_REQ_DCACHE_HIT                            0         -nan%                0         -nan%
L2HIT_PREF_REQ_DCACHE_MISS                           0         -nan%                0         -nan%
                                                     0         -nan%                0         -nan%
                                                  -nan         -nan              -nan         -nan

L2HIT_L2SEND_Q_FULL                                  0         -nan%                0         -nan%
L2HIT_L2SEND_Q_ENTER                                 0         -nan%                0         -nan%
                                                     0         -nan%                0         -nan%
                                                  -nan         -nan              -nan         -nan

L2HIT_MEM_REQ                                        0                              0              

REMOVE_REDUNDANT_STREAM_STAT                         0                              0              

REPLACE_OLD_STREAM                                6550                          17103              

REQ_SEND_QUEUE_STALL                                 0                              0              

STREAM_ENTER_RA                                      0                              0              

CORE_STREAM_LENGTH_0                                 0        0.000%                5        0.628%
CORE_STREAM_LENGTH_10                              250       82.508%              627       78.769%
CORE_STREAM_LENGTH_20                               39       12.871%              120       15.075%
CORE_STREAM_LENGTH_30                               12        3.960%               24        3.015%
CORE_STREAM_LENGTH_40                                1        0.330%                5        0.628%
CORE_STREAM_LENGTH_50                                0        0.000%                2        0.251%
CORE_STREAM_LENGTH_60                                0        0.000%                1        0.126%
CORE_STREAM_LENGTH_70                                0        0.000%                1        0.126%
CORE_STREAM_LENGTH_80                                0        0.000%                1        0.126%
CORE_STREAM_LENGTH_90                                0        0.000%                0        0.000%
CORE_STREAM_LENGTH_100_P                             1        0.330%               10        1.256%
                                                   303      100.000%              796      100.000%
                                                  1.25         0.73              1.37         1.19

CORE_CUM_STREAM_LENGTH_0                             0        0.000%               38        0.008%
CORE_CUM_STREAM_LENGTH_10                         3162        0.748%             8009        1.723%
CORE_CUM_STREAM_LENGTH_20                          886        0.209%             2721        0.585%
CORE_CUM_STREAM_LENGTH_30                          403        0.095%              802        0.173%
CORE_CUM_STREAM_LENGTH_40                           44        0.010%              212        0.046%
CORE_CUM_STREAM_LENGTH_50                            0        0.000%              110        0.024%
CORE_CUM_STREAM_LENGTH_60                            0        0.000%               62        0.013%
CORE_CUM_STREAM_LENGTH_70                            0        0.000%               73        0.016%
CORE_CUM_STREAM_LENGTH_80                            0        0.000%               80        0.017%
CORE_CUM_STREAM_LENGTH_90                            0        0.000%                0        0.000%
CORE_CUM_STREAM_LENGTH_100_P                    418468       98.937%           452724       97.395%
                                                422963      100.000%           464831      100.000%
                                                  9.91         9.90              9.78         9.75

CORE_STREAM_TRAIN_HITS_0                           298       98.350%              760       95.477%
CORE_STREAM_TRAIN_HITS_10                            4        1.320%               21        2.638%
CORE_STREAM_TRAIN_HITS_20                            0        0.000%                1        0.126%
CORE_STREAM_TRAIN_HITS_30                            0        0.000%                1        0.126%
CORE_STREAM_TRAIN_HITS_40                            0        0.000%                2        0.251%
CORE_STREAM_TRAIN_HITS_50                            0        0.000%                3        0.377%
CORE_STREAM_TRAIN_HITS_60                            0        0.000%                0        0.000%
CORE_STREAM_TRAIN_HITS_70                            0        0.000%                0        0.000%
CORE_STREAM_TRAIN_HITS_80                            0        0.000%                0        0.000%
CORE_STREAM_TRAIN_HITS_90                            0        0.000%                0        0.000%
CORE_STREAM_TRAIN_HITS_100_P                         1        0.330%                8        1.005%
                                                   303      100.000%              796      100.000%
                                                  0.05         0.58              0.16         1.06

CORE_CUM_STREAM_TRAIN_HITS_0                      1567        0.414%             4015        0.971%
CORE_CUM_STREAM_TRAIN_HITS_10                       41        0.011%              252        0.061%
CORE_CUM_STREAM_TRAIN_HITS_20                        0        0.000%               22        0.005%
CORE_CUM_STREAM_TRAIN_HITS_30                        0        0.000%               30        0.007%
CORE_CUM_STREAM_TRAIN_HITS_40                        0        0.000%               89        0.022%
CORE_CUM_STREAM_TRAIN_HITS_50                        0        0.000%              172        0.042%
CORE_CUM_STREAM_TRAIN_HITS_60                        0        0.000%                0        0.000%
CORE_CUM_STREAM_TRAIN_HITS_70                        0        0.000%                0        0.000%
CORE_CUM_STREAM_TRAIN_HITS_80                        0        0.000%                0        0.000%
CORE_CUM_STREAM_TRAIN_HITS_90                        0        0.000%                0        0.000%
CORE_CUM_STREAM_TRAIN_HITS_100_P                377233       99.576%           408824       98.892%
                                                378841      100.000%           413404      100.000%
                                                  9.96         9.94              9.89         9.84

CORE_STREAM_TRAIN_CREATE                          6550                          17119              



