/* -*- Mode: c -*- */
####################################################################################################
Core 0
####################################################################################################
Cumulative:        Cycles: 17677670              Instructions: 30000000              IPC: 1.69706

Periodic:          Cycles: 6249104               Instructions: 10000000              IPC: 1.60023

MISS_WAIT_TIME                            137592418801                   247381150229              

ICACHE_STAGE_MISS                                 9584                          29643              

ICACHE_CYCLE                                   6249104                       17677670              

TCACHE_CYCLE                                         0                              0              

ICACHE_SERVING_CYCLE_ON_PATH                   1065805                        3132687              

ICACHE_SERVING_CYCLE_OFF_PATH                   344867                         967693              

UCACHE_SERVING_CYCLE_ON_PATH                   3558871                        9594276              

UCACHE_SERVING_CYCLE_OFF_PATH                   902341                        2833865              

ICACHE_CYCLE_ONPATH                            4930114       78.893%         13657897       77.261%
ICACHE_CYCLE_OFFPATH                           1318990       21.107%          4019773       22.739%
                                               6249104      100.000%         17677670      100.000%
                                                  0.21         0.38              0.23         0.38

FETCH_ON_PATH                                  4995555       79.940%         13853958       78.370%
FETCH_OFF_PATH                                 1253549       20.060%          3823712       21.630%
                                               6249104      100.000%         17677670      100.000%
                                                  0.20         0.37              0.22         0.38

FETCHED_OPS_ON_PATH                                  0         -nan%                0         -nan%
FETCHED_OPS_OFF_PATH                                 0         -nan%                0         -nan%
                                                     0         -nan%                0         -nan%
                                                  -nan         -nan              -nan         -nan

INST_LOST_FETCH                               14604952       33.094%         43827437       35.709%
INST_LOST_OFF_PATH                             2558303        5.797%          7918174        6.451%
INST_LOST_FULL_WINDOW                           169956        0.385%           503174        0.410%
INST_LOST_ROB_STALL_OTHER                      3175920        7.196%          6462788        5.266%
INST_LOST_ROB_STALL_WAIT_FOR_RECOVERY                0        0.000%                0        0.000%
INST_LOST_ROB_STALL_WAIT_FOR_REDIRECT                0        0.000%                0        0.000%
INST_LOST_ROB_STALL_WAIT_FOR_GAP_FILL                0        0.000%                0        0.000%
INST_LOST_ROB_STALL_WAIT_FOR_L1_MISS                 0        0.000%                0        0.000%
INST_LOST_ROB_STALL_WAIT_FOR_MEMORY            4944344       11.204%          9127188        7.436%
INST_LOST_ROB_STALL_WAIT_FOR_DC_MISS           7361914       16.682%         21672104       17.658%
INST_LOST_ROB_BLOCK_ISSUE_FULL                       0        0.000%                0        0.000%
INST_LOST_ROB_BLOCK_ISSUE_GAP_TOO_LARGE              0        0.000%                0        0.000%
INST_LOST_BREAK_DONT                                 0        0.000%                0        0.000%
INST_LOST_BREAK_FT_UNAVAILABLE                 1537954        3.485%          4616719        3.762%
INST_LOST_BREAK_ICACHE_STAGE_RESTEER             80015        0.181%           233972        0.191%
INST_LOST_BREAK_ICACHE_MISS_REQ_SUCCESS          44314        0.100%           136460        0.111%
INST_LOST_BREAK_ICACHE_MISS_REQ_FAILURE           3047        0.007%             3995        0.003%
INST_LOST_BREAK_ICACHE_WAIT_FOR_MISS            570528        1.293%          1819958        1.483%
INST_LOST_BREAK_ICACHE_STALLED                  394443        0.894%          1033172        0.842%
INST_LOST_BREAK_ICACHE_TO_UOP_CACHE_SWITCH        439074        0.995%          1320062        1.076%
INST_LOST_BREAK_ICACHE_READ_LIMIT               318612        0.722%           960861        0.783%
INST_LOST_BREAK_ICACHE_ISSUE_WIDTH                   0        0.000%                0        0.000%
INST_LOST_BREAK_UOP_CACHE_STALLED              3410798        7.729%          9491231        7.733%
INST_LOST_BREAK_UOP_CACHE_TO_ICACHE_SWITCH        535688        1.214%          1637492        1.334%
INST_LOST_BREAK_UOP_CACHE_READ_LIMIT           3981773        9.022%         11970219        9.753%
INST_LOST_BREAK_UOP_CACHE_ISSUE_WIDTH                0        0.000%                0        0.000%
                                              44131635      100.000%        122735006      100.000%
                                                  8.03         7.14              8.06         7.29

INST_LOST_TOTAL                               46579108                      131401074              

INST_LOST_WAIT_FOR_ICACHE_MISS_NOT_PREFETCHED           204        0.038%            53334        3.123%
INST_LOST_WAIT_FOR_ICACHE_MISS_PREFETCHED_AND_EVICTED_BY_IFETCH             0        0.000%                0        0.000%
INST_LOST_WAIT_FOR_ICACHE_MISS_PREFETCHED_AND_EVICTED_BY_FDIP             0        0.000%                0        0.000%
INST_LOST_WAIT_FOR_ICACHE_MISS_MSHR_HIT_PREF_OFFPATH           672        0.124%             3198        0.187%
INST_LOST_WAIT_FOR_ICACHE_MISS_MSHR_HIT_PREF_ONPATH        541092       99.838%          1651512       96.690%
                                                541968      100.000%          1708044      100.000%
                                                  4.00         3.99              3.87         3.81

FETCH_0_OPS                                     376229        6.021%          1146484        6.485%
FETCH_1_OPS                                     207385        3.319%           603064        3.411%
FETCH_2_OPS                                     330285        5.285%           972969        5.504%
FETCH_3_OPS                                     256946        4.112%           748941        4.237%
FETCH_4_OPS                                    1012276       16.199%          2900734       16.409%
FETCH_5_OPS                                     238563        3.818%           722729        4.088%
FETCH_6_OPS                                    1064570       17.036%          3103594       17.557%
FETCH_7_OPS                                     108070        1.729%           290277        1.642%
FETCH_8_OPS                                    2654780       42.483%          7188878       40.666%
FETCH_9_OPS                                          0        0.000%                0        0.000%
FETCH_10_OPS                                         0        0.000%                0        0.000%
FETCH_11_OPS                                         0        0.000%                0        0.000%
FETCH_12_OPS                                         0        0.000%                0        0.000%
FETCH_13_OPS                                         0        0.000%                0        0.000%
FETCH_14_OPS                                         0        0.000%                0        0.000%
FETCH_15_OPS                                         0        0.000%                0        0.000%
FETCH_16_OPS                                         0        0.000%                0        0.000%
                                               6249104      100.000%         17677670      100.000%
                                                  5.64         2.14              5.55         2.14

ST_BREAK_DONT                                        0        0.000%                0        0.000%
ST_BREAK_FT_UNAVAILABLE                         256762        4.109%           770679        4.360%
ST_BREAK_ICACHE_STAGE_RESTEER                    20517        0.328%            60045        0.340%
ST_BREAK_ICACHE_MISS_REQ_SUCCESS                  9584        0.153%            29643        0.168%
ST_BREAK_ICACHE_MISS_REQ_FAILURE                   508        0.008%              668        0.004%
ST_BREAK_ICACHE_WAIT_FOR_MISS                    95096        1.522%           303363        1.716%
ST_BREAK_ICACHE_STALLED                         408589        6.538%          1060128        5.997%
ST_BREAK_ICACHE_TO_UOP_CACHE_SWITCH             143041        2.289%           431929        2.443%
ST_BREAK_ICACHE_READ_LIMIT                      142304        2.277%           430278        2.434%
ST_BREAK_ICACHE_ISSUE_WIDTH                     642424       10.280%          1958498       11.079%
ST_BREAK_UOP_CACHE_STALLED                     2431243       38.905%          6323264       35.770%
ST_BREAK_UOP_CACHE_TO_ICACHE_SWITCH             121995        1.952%           371359        2.101%
ST_BREAK_UOP_CACHE_READ_LIMIT                  1033631       16.540%          3101471       17.545%
ST_BREAK_UOP_CACHE_ISSUE_WIDTH                  943410       15.097%          2836345       16.045%
                                               6249104      100.000%         17677670      100.000%
                                                  9.84         4.70              9.86         4.84

ORACLE_ON_PATH_INST                           14604952       85.094%         43827437       84.698%
ORACLE_OFF_PATH_INST                           2558303       14.906%          7918174       15.302%
                                              17163255      100.000%         51745611      100.000%
                                                  0.15         0.33              0.15         0.34

ORACLE_ON_PATH_INST_MEM                        4276178       24.915%         12800698       24.738%
ORACLE_ON_PATH_INST_NOTMEM                    10328774       60.180%         31026739       59.960%
ORACLE_OFF_PATH_INST_MEM                        724266        4.220%          2278630        4.404%
ORACLE_OFF_PATH_INST_NOTMEM                    1834037       10.686%          5639544       10.899%
                                              17163255      100.000%         51745611      100.000%
                                                  1.01         0.76              1.01         0.76

ICACHE_CYCLE_NONRA_ONPATH                            0         -nan%                0         -nan%
ICACHE_CYCLE_NONRA_OFFPATH                           0         -nan%                0         -nan%
ICACHE_CYCLE_RA_ONPATH                               0         -nan%                0         -nan%
ICACHE_CYCLE_RA_OFFPATH                              0         -nan%                0         -nan%
                                                     0         -nan%                0         -nan%
                                                  -nan         -nan              -nan         -nan

ICACHE_CYCLE_ONPATH_NONRA                            0         -nan%                0         -nan%
ICACHE_CYCLE_OFFPATH_NONRA                           0         -nan%                0         -nan%
                                                     0         -nan%                0         -nan%
                                                  -nan         -nan              -nan         -nan

ICACHE_CYCLE_ONPATH_RA                               0         -nan%                0         -nan%
ICACHE_CYCLE_OFFPATH_RA                              0         -nan%                0         -nan%
                                                     0         -nan%                0         -nan%
                                                  -nan         -nan              -nan         -nan

INACCURATE_OFFPATH_CYCLES                            0        0.0000                0        0.0000

FETCH_ALL_INST                                17163255                       51745611              

EXEC_ALL_INST                                 14485286                       43710604              

RET_ALL_INST                                  14605270                       43827437              

EXEC_ON_PATH_INST                             13848538       95.604%         41627608       95.235%
EXEC_OFF_PATH_INST                              636748        4.396%          2082996        4.765%
                                              14485286      100.000%         43710604      100.000%
                                                  0.04         0.20              0.05         0.21

EXEC_ON_PATH_INST_MEM                          3519618       24.298%         10600869       24.252%
EXEC_ON_PATH_INST_NOTMEM                      10328920       71.306%         31026739       70.982%
EXEC_OFF_PATH_INST_MEM                          204144        1.409%           685881        1.569%
EXEC_OFF_PATH_INST_NOTMEM                       432604        2.987%          1397115        3.196%
                                              14485286      100.000%         43710604      100.000%
                                                  0.83         0.45              0.84         0.46

EXEC_RA_INST                                         0         -nan%                0         -nan%
EXEC_NONRA_INST                                      0         -nan%                0         -nan%
                                                     0         -nan%                0         -nan%
                                                  -nan         -nan              -nan         -nan

EXEC_ON_PATH_INST_RA                                 0         -nan%                0         -nan%
EXEC_OFF_PATH_INST_RA                                0         -nan%                0         -nan%
                                                     0         -nan%                0         -nan%
                                                  -nan         -nan              -nan         -nan

EXEC_ON_PATH_INST_NONRA                              0         -nan%                0         -nan%
EXEC_OFF_PATH_INST_NONRA                             0         -nan%                0         -nan%
                                                     0         -nan%                0         -nan%
                                                  -nan         -nan              -nan         -nan

EXEC_RA_ON_PATH_INST                                 0         -nan%                0         -nan%
EXEC_RA_OFF_PATH_INST                                0         -nan%                0         -nan%
EXEC_NONRA_ON_PATH_INST                              0         -nan%                0         -nan%
EXEC_NONRA_OFF_PATH_INST                             0         -nan%                0         -nan%
                                                     0         -nan%                0         -nan%
                                                  -nan         -nan              -nan         -nan

ICACHE_THROTTLE_CYCLE                                0                              0              

FETCH_ENABLE_THROTTLE_OFF_PATH                       0         -nan%                0         -nan%
FETCH_ENABLE_THROTTLE_ON_PATH                        0         -nan%                0         -nan%
                                                     0         -nan%                0         -nan%
                                                  -nan         -nan              -nan         -nan

FETCH_DISABLE_THROTTLE_OFF_PATH                      0         -nan%                0         -nan%
FETCH_DISABLE_THROTTLE_ON_PATH                       0         -nan%                0         -nan%
                                                     0         -nan%                0         -nan%
                                                  -nan         -nan              -nan         -nan

FETCH_TH_ADJUST__0                                   0         -nan%                0         -nan%
FETCH_TH_ADJUST__1                                   0         -nan%                0         -nan%
FETCH_TH_ADJUST__2                                   0         -nan%                0         -nan%
FETCH_TH_ADJUST__3                                   0         -nan%                0         -nan%
FETCH_TH_ADJUST__4                                   0         -nan%                0         -nan%
FETCH_TH_ADJUST__5                                   0         -nan%                0         -nan%
FETCH_TH_ADJUST__6                                   0         -nan%                0         -nan%
FETCH_TH_ADJUST__7                                   0         -nan%                0         -nan%
FETCH_TH_ADJUST__8                                   0         -nan%                0         -nan%
FETCH_TH_ADJUST__9                                   0         -nan%                0         -nan%
FETCH_TH_ADJUST__MAX                                 0         -nan%                0         -nan%
                                                     0         -nan%                0         -nan%
                                                  -nan         -nan              -nan         -nan

FETCH_TH_ADJUST_UP                                   0         -nan%                0         -nan%
FETCH_TH_ADJUST_DOWN                                 0         -nan%                0         -nan%
FETCH_TH_ADJUST_SAME                                 0         -nan%                0         -nan%
                                                     0         -nan%                0         -nan%
                                                  -nan         -nan              -nan         -nan

THROTTLE_ADJUST_CACHE_MISS_INFO                      0                              0              

LOW_CONF_COUNT_BP_MIS_0                              0         -nan%                0         -nan%
LOW_CONF_COUNT_BP_MIS_1                              0         -nan%                0         -nan%
LOW_CONF_COUNT_BP_MIS_2                              0         -nan%                0         -nan%
LOW_CONF_COUNT_BP_MIS_3                              0         -nan%                0         -nan%
LOW_CONF_COUNT_BP_MIS_4                              0         -nan%                0         -nan%
LOW_CONF_COUNT_BP_MIS_5                              0         -nan%                0         -nan%
LOW_CONF_COUNT_BP_MIS_6                              0         -nan%                0         -nan%
LOW_CONF_COUNT_BP_MIS_7                              0         -nan%                0         -nan%
LOW_CONF_COUNT_BP_MIS_8                              0         -nan%                0         -nan%
LOW_CONF_COUNT_BP_MIS_9                              0         -nan%                0         -nan%
LOW_CONF_COUNT_BP_MIS_10                             0         -nan%                0         -nan%
LOW_CONF_COUNT_BP_MIS_11                             0         -nan%                0         -nan%
LOW_CONF_COUNT_BP_MIS_12                             0         -nan%                0         -nan%
LOW_CONF_COUNT_BP_MIS_13                             0         -nan%                0         -nan%
LOW_CONF_COUNT_BP_MIS_14                             0         -nan%                0         -nan%
LOW_CONF_COUNT_BP_MIS_15                             0         -nan%                0         -nan%
LOW_CONF_COUNT_BP_MIS_16                             0         -nan%                0         -nan%
LOW_CONF_COUNT_BP_MIS_17                             0         -nan%                0         -nan%
LOW_CONF_COUNT_BP_MIS_18                             0         -nan%                0         -nan%
LOW_CONF_COUNT_BP_MIS_19                             0         -nan%                0         -nan%
LOW_CONF_COUNT_BP_MIS_20                             0         -nan%                0         -nan%
                                                     0         -nan%                0         -nan%
                                                  -nan         -nan              -nan         -nan

LOW_CONF_COUNT_RET_0                                 0         -nan%                0         -nan%
LOW_CONF_COUNT_RET_1                                 0         -nan%                0         -nan%
LOW_CONF_COUNT_RET_2                                 0         -nan%                0         -nan%
LOW_CONF_COUNT_RET_3                                 0         -nan%                0         -nan%
LOW_CONF_COUNT_RET_4                                 0         -nan%                0         -nan%
LOW_CONF_COUNT_RET_5                                 0         -nan%                0         -nan%
LOW_CONF_COUNT_RET_6                                 0         -nan%                0         -nan%
LOW_CONF_COUNT_RET_7                                 0         -nan%                0         -nan%
LOW_CONF_COUNT_RET_8                                 0         -nan%                0         -nan%
LOW_CONF_COUNT_RET_9                                 0         -nan%                0         -nan%
LOW_CONF_COUNT_RET_10                                0         -nan%                0         -nan%
LOW_CONF_COUNT_RET_11                                0         -nan%                0         -nan%
LOW_CONF_COUNT_RET_12                                0         -nan%                0         -nan%
LOW_CONF_COUNT_RET_13                                0         -nan%                0         -nan%
LOW_CONF_COUNT_RET_14                                0         -nan%                0         -nan%
LOW_CONF_COUNT_RET_15                                0         -nan%                0         -nan%
LOW_CONF_COUNT_RET_16                                0         -nan%                0         -nan%
LOW_CONF_COUNT_RET_17                                0         -nan%                0         -nan%
LOW_CONF_COUNT_RET_18                                0         -nan%                0         -nan%
LOW_CONF_COUNT_RET_19                                0         -nan%                0         -nan%
LOW_CONF_COUNT_RET_20                                0         -nan%                0         -nan%
                                                     0         -nan%                0         -nan%
                                                  -nan         -nan              -nan         -nan

CYCLES_RESTEER_RECOVER_AT_EXEC                       0         -nan%                0         -nan%
CYCLES_RESTEER_RECOVER_AT_DECODE                     0         -nan%                0         -nan%
CYCLES_RESTEER_BTB_MISS                              0         -nan%                0         -nan%
                                                     0         -nan%                0         -nan%
                                                  -nan         -nan              -nan         -nan

CYCLES_RESTEER_RECOVER_AT_EXEC_SAVED_UC_FETCH             0         -nan%                0         -nan%
CYCLES_RESTEER_RECOVER_AT_EXEC_COULD_BE_SAVED_UC_FETCH             0         -nan%                0         -nan%
CYCLES_RESTEER_RECOVER_AT_DECODE_SAVED_UC_FETCH             0         -nan%                0         -nan%
CYCLES_RESTEER_RECOVER_AT_DECODE_COULD_BE_SAVED_UC_FETCH             0         -nan%                0         -nan%
CYCLES_RESTEER_BTB_MISS_SAVED_UC_FETCH               0         -nan%                0         -nan%
CYCLES_RESTEER_BTB_MISS_COULD_BE_SAVED_UC_FETCH             0         -nan%                0         -nan%
                                                     0         -nan%                0         -nan%
                                                  -nan         -nan              -nan         -nan

CYCLES_UOC_IC_SWITCH                                 0                              0              



