/* -*- Mode: c -*- */
####################################################################################################
Core 0
####################################################################################################
Cumulative:        Cycles: 24275755              Instructions: 30000000              IPC: 1.23580

Periodic:          Cycles: 8079549               Instructions: 10000000              IPC: 1.23769

EXECUTION_TIME                           2524859062500                  7586173437500              

SIM_HOST_WALL_SECONDS                       249.156807                     249.156807              

NODE_CYCLE                                     8079549                       24275755              

NODE_INST_COUNT                               10000000                       30000000              

NODE_INST_COUNT_FETCHED                       10000000                       30000000              

NODE_UOP_COUNT                                10522356                       31567274              

EXEC_STAGE_NO_ISSUE_STALL_CYCLE                3348565                       10045121              

EXEC_STAGE_NO_ISSUE_STALL_CYCLE_ONPATH         3201738                        9597869              

FULL_WINDOW_STALL                                    0        0.000%             2262        0.009%

FULL_WINDOW_MEM_OP                                   0         -nan%             2227      100.000%
FULL_WINDOW_FP_OP                                    0         -nan%                0        0.000%
FULL_WINDOW_OTHER_OP                                 0         -nan%                0        0.000%
                                                     0         -nan%             2227      100.000%
                                                  -nan         -nan              0.00         0.00

RET_BLOCKED_DC_MISS                            5545093       68.631%         16536134       68.118%

RET_BLOCKED_L1_MISS                            3861910       47.799%         11481023       47.294%

RET_BLOCKED_L1_MISS_BW_PREF                      34746        0.430%            89895        0.370%

RET_BLOCKED_L1_ACCESS                          1688155       20.894%          5069899       20.885%

RET_BLOCKED_MEM_STALL                          3861910       47.799%         11547643       47.569%

RET_BLOCKED_OFFCHIP_DEMAND                           0        0.000%                0        0.000%

OP_ISSUED                                     10799574                       32417343              

OP_RETIRED                                    10522356                       31567274              

OP_MACRO_FUSION_ONPATH                               0                              0              

OP_MACRO_FUSION_OFFPATH                              0                              0              

REPLAY_SIGNALED                                      0                              0              

REPLAY_COUNTED                                       0                              0              

OFF_CRITICAL_PATH                                    0         -nan%                0         -nan%
ON_CRITICAL_PATH                                     0         -nan%                0         -nan%
                                                     0         -nan%                0         -nan%
                                                  -nan         -nan              -nan         -nan

LD_NO_DEPENDENTS                                406231       20.719%          1214480       20.668%
LD_DEPENDENTS                                  1554412       79.281%          4661686       79.332%
                                               1960643      100.000%          5876166      100.000%
                                                  0.79         0.73              0.79         0.73

LD_EXEC_CYCLES_0                                     0        0.000%                0        0.000%
LD_EXEC_CYCLES_1                                 34160       64.032%           102820       64.300%
LD_EXEC_CYCLES_2                                  3384        6.343%            10135        6.338%
LD_EXEC_CYCLES_3                                  3326        6.235%             9945        6.219%
LD_EXEC_CYCLES_4                                 12478       23.390%            37007       23.143%
                                                 53348      100.000%           159907      100.000%
                                                  1.89         1.57              1.88         1.56

LD_EXEC_MINUS_FETCH_LATENCY                  352252022                     1051913884              

LD_RETIRE_MINUS_FETCH_LATENCY                677758278                     2013818015              

ICACHE_STAGE_STARVED                            247970        5.174%           779229        5.446%
ICACHE_STAGE_NOT_STARVED                       4544353       94.826%         13528004       94.554%
                                               4792323      100.000%         14307233      100.000%
                                                  0.95         0.92              0.95         0.92

ICACHE_STAGE_STALLED                           2904263       35.946%          8611835       35.475%
ICACHE_STAGE_NOT_STALLED                       1888060       23.368%          5695398       23.461%
ICACHE_STAGE_OFF_PATH                          3287227       40.686%          9968522       41.064%
                                               8079550      100.000%         24275755      100.000%
                                                  1.05         0.90              1.06         0.91

DECODE_STAGE_STARVED                           6999752       96.311%         21036031       96.443%
DECODE_STAGE_NOT_STARVED                        268104        3.689%           775755        3.557%
                                               7267856      100.000%         21811786      100.000%
                                                  0.04         0.19              0.04         0.18

DECODE_STAGE_STALLED                            296477        3.669%           762471        3.141%
DECODE_STAGE_NOT_STALLED                       6971379       86.284%         21049315       86.709%
DECODE_STAGE_OFF_PATH                           811693       10.046%          2463969       10.150%
                                               8079549      100.000%         24275755      100.000%
                                                  1.06         0.45              1.07         0.46

UOPQ_STAGE_STARVED                             1649342       62.888%          5109925       64.162%
UOPQ_STAGE_NOT_STARVED                          973318       37.112%          2854129       35.838%
                                               2622660      100.000%          7964054      100.000%
                                                  0.37         0.44              0.36         0.44

UOPQ_STAGE_STALLED                             2918091       36.117%          8661368       35.679%
UOPQ_STAGE_NOT_STALLED                         2622660       32.460%          7964054       32.807%
UOPQ_STAGE_OFF_PATH                            2538798       31.423%          7650333       31.514%
                                               8079549      100.000%         24275755      100.000%
                                                  0.95         0.79              0.96         0.79

RS_OP_READY_NOT_ISSUED_TOTAL                   3365335                       12077788              

RS_0_OP_READY_NOT_ISSUED                       2771460                        8116688              

RS_1_OP_READY_NOT_ISSUED                        191186                         572678              

RS_2_OP_READY_NOT_ISSUED                        402689                        3388422              

RS_3_OP_READY_NOT_ISSUED                             0                              0              

RS_4_OP_READY_NOT_ISSUED                             0                              0              

RS_5_OP_READY_NOT_ISSUED                             0                              0              

RS_6_OP_READY_NOT_ISSUED                             0                              0              

RS_7_OP_READY_NOT_ISSUED                             0                              0              

RS_7_PLUS_OP_READY_NOT_ISSUED                        0                              0              

FU_IDLE_NO_READY_OPS_TOTAL                    58451074                      175478741              

FU_0_IDLE_NO_READY_OPS                         4868963                       14646362              

FU_1_IDLE_NO_READY_OPS                         5503485                       16540411              

FU_2_IDLE_NO_READY_OPS                         6204536                       18663956              

FU_3_IDLE_NO_READY_OPS                         6204075                       18664586              

FU_4_IDLE_NO_READY_OPS                         5514926                       16574404              

FU_5_IDLE_NO_READY_OPS                         4829906                       14524033              

FU_6_IDLE_NO_READY_OPS                         6807204                       20327514              

FU_7_IDLE_NO_READY_OPS                         6807954                       20327611              

FU_8_IDLE_NO_READY_OPS                         5504907                       16544369              

FU_9_IDLE_NO_READY_OPS                         6205118                       18665495              

FU_10_IDLE_NO_READY_OPS                              0                              0              

FU_11_IDLE_NO_READY_OPS                              0                              0              

FU_12_IDLE_NO_READY_OPS                              0                              0              

FU_13_IDLE_NO_READY_OPS                              0                              0              

FU_14_IDLE_NO_READY_OPS                              0                              0              

FU_15_IDLE_NO_READY_OPS                              0                              0              

FU_16_IDLE_NO_READY_OPS                              0                              0              

FU_17_IDLE_NO_READY_OPS                              0                              0              

FU_18_IDLE_NO_READY_OPS                              0                              0              

FU_19_IDLE_NO_READY_OPS                              0                              0              

FU_20_IDLE_NO_READY_OPS                              0                              0              

FU_21_IDLE_NO_READY_OPS                              0                              0              

FU_22_IDLE_NO_READY_OPS                              0                              0              

FU_23_IDLE_NO_READY_OPS                              0                              0              

FU_24_IDLE_NO_READY_OPS                              0                              0              

FU_25_IDLE_NO_READY_OPS                              0                              0              

FU_26_IDLE_NO_READY_OPS                              0                              0              

FU_27_IDLE_NO_READY_OPS                              0                              0              

FU_28_IDLE_NO_READY_OPS                              0                              0              

FU_29_IDLE_NO_READY_OPS                              0                              0              

FU_30_IDLE_NO_READY_OPS                              0                              0              

FU_31_IDLE_NO_READY_OPS                              0                              0              

FU_31_PLUS_IDLE_NO_READY_OPS                         0                              0              

MAP_STAGE_STARVED                               731015       24.883%          2211109       25.132%
MAP_STAGE_NOT_STARVED                          2206825       75.117%          6586831       74.868%
                                               2937840      100.000%          8797940      100.000%
                                                  0.75         0.69              0.75         0.68

MAP_STAGE_STALLED                               172686        4.647%           480722        4.312%
MAP_STAGE_NOT_STALLED                          2765154       74.412%          8317218       74.603%
MAP_STAGE_OFF_PATH                              778170       20.941%          2350729       21.085%
                                               3716010      100.000%         11148669      100.000%
                                                  1.16         0.67              1.17         0.67

MAP_STAGE_STALL_ITSELF                         4363539       54.007%         13127086       54.075%
MAP_STAGE_NOT_STALL_ITSELF                     3716010       45.993%         11148669       45.925%
                                               8079549      100.000%         24275755      100.000%
                                                  0.46         0.48              0.46         0.48

MAP_STAGE_LATE_ALLOCATE_SEND_BACK                    0                              0              

MAP_STAGE_RENAME_OP_ONPATH                    10522277                       31567274              

MAP_STAGE_RENAME_OP_OFFPATH                    2579501                        7865664              

MAP_STAGE_RENAME_INT_REG_ONPATH                6635747                       19904752              

MAP_STAGE_RENAME_INT_REG_OFFPATH               1520998                        4621935              

MAP_STAGE_RENAME_VEC_REG_ONPATH                  37562                         112331              

MAP_STAGE_RENAME_VEC_REG_OFFPATH                  1324                           5578              

MAP_STAGE_RENAME_MOVE_ELIM_ONPATH                    0                              0              

MAP_STAGE_RENAME_MOVE_ELIM_OFFPATH                   0                              0              

MAP_STAGE_ONPATH_INT_REG_NUM_ALLOC             6695271                       20082285              

MAP_STAGE_ONPATH_VEC_REG_NUM_ALLOC               37562                         112323              

MAP_STAGE_ONPATH_INT_REG_NUM_SHORTLIVE         3011012                        9020631              

MAP_STAGE_ONPATH_VEC_REG_NUM_SHORTLIVE           28415                          85481              

MAP_STAGE_ONPATH_INT_REG_USE_COUNT_0            695436                        2081428              

MAP_STAGE_ONPATH_VEC_REG_USE_COUNT_0                 0                              6              

MAP_STAGE_ONPATH_INT_REG_USE_COUNT_1           3949937                       11847821              

MAP_STAGE_ONPATH_VEC_REG_USE_COUNT_1             36501                         109109              

MAP_STAGE_ONPATH_INT_REG_USE_COUNT_2           1206639                        3619806              

MAP_STAGE_ONPATH_VEC_REG_USE_COUNT_2              1049                           3172              

MAP_STAGE_ONPATH_INT_REG_USE_COUNT_3            411643                        1236565              

MAP_STAGE_ONPATH_VEC_REG_USE_COUNT_3                12                             36              

MAP_STAGE_ONPATH_INT_REG_USE_COUNT_4            138560                         418346              

MAP_STAGE_ONPATH_VEC_REG_USE_COUNT_4                 0                              0              

MAP_STAGE_ONPATH_INT_REG_USE_COUNT_5             67639                         202717              

MAP_STAGE_ONPATH_VEC_REG_USE_COUNT_5                 0                              0              

MAP_STAGE_ONPATH_INT_REG_USE_COUNT_6             69969                         208613              

MAP_STAGE_ONPATH_VEC_REG_USE_COUNT_6                 0                              0              

MAP_STAGE_ONPATH_INT_REG_USE_COUNT_7_PLUS        155448                         466989              

MAP_STAGE_ONPATH_VEC_REG_USE_COUNT_7_PLUS             0                              0              

MAP_STAGE_ONPATH_INT_REG_CONSUME_DIST_0              0        0.0000                0        0.0000

MAP_STAGE_ONPATH_VEC_REG_CONSUME_DIST_0              0          -nan                0        0.0000

MAP_STAGE_ONPATH_INT_REG_CONSUME_DIST_1              0        0.0000                0        0.0000

MAP_STAGE_ONPATH_VEC_REG_CONSUME_DIST_1              0        0.0000                0        0.0000

MAP_STAGE_ONPATH_INT_REG_CONSUME_DIST_2       12919135       10.7067         40898103       11.2984

MAP_STAGE_ONPATH_VEC_REG_CONSUME_DIST_2         324301      309.1525          1125009      354.6687

MAP_STAGE_ONPATH_INT_REG_CONSUME_DIST_3       10569587       25.6766         31209420       25.2388

MAP_STAGE_ONPATH_VEC_REG_CONSUME_DIST_3             13        1.0833               38        1.0556

MAP_STAGE_ONPATH_INT_REG_CONSUME_DIST_4        2011804       14.5194          5985295       14.3070

MAP_STAGE_ONPATH_VEC_REG_CONSUME_DIST_4              0          -nan                0          -nan

MAP_STAGE_ONPATH_INT_REG_CONSUME_DIST_5        2461519       36.3920          7193302       35.4845

MAP_STAGE_ONPATH_VEC_REG_CONSUME_DIST_5              0          -nan                0          -nan

MAP_STAGE_ONPATH_INT_REG_CONSUME_DIST_6        7811864      111.6475         23174982      111.0908

MAP_STAGE_ONPATH_VEC_REG_CONSUME_DIST_6              0          -nan                0          -nan

MAP_STAGE_ONPATH_INT_REG_CONSUME_DIST_7_PLUS      22614020      145.4764         67865265      145.3252

MAP_STAGE_ONPATH_VEC_REG_CONSUME_DIST_7_PLUS             0          -nan                0          -nan

MAP_STAGE_INT_REG_ISSUE_READ_TOTAL_CONSUMED      11026698        3.2930         33115176        3.2966

MAP_STAGE_VEC_REG_ISSUE_READ_TOTAL_CONSUMED         38638        0.0115           115591        0.0115

MAP_STAGE_INT_REG_ISSUE_READ_MULTI_CONSUMED       4961542        1.4817         14915875        1.4849

MAP_STAGE_VEC_REG_ISSUE_READ_MULTI_CONSUMED          1075        0.0003             3259        0.0003

MAP_STAGE_INT_REG_ISSUE_READ_SAME_CYCLE_CONSUMED       2336488        0.6978          7015009        0.6983

MAP_STAGE_VEC_REG_ISSUE_READ_SAME_CYCLE_CONSUMED            87        0.0000              272        0.0000

MAP_STAGE_INT_REG_ISSUE_READ_TOTAL_CONSUMED_ONPATH      10859106        3.3916         32601968        3.3968

MAP_STAGE_VEC_REG_ISSUE_READ_TOTAL_CONSUMED_ONPATH         38635        0.0121           115569        0.0120

MAP_STAGE_INT_REG_ISSUE_READ_MULTI_CONSUMED_ONPATH       4859284        1.5177         14601088        1.5213

MAP_STAGE_VEC_REG_ISSUE_READ_MULTI_CONSUMED_ONPATH          1073        0.0003             3244        0.0003

MAP_STAGE_INT_REG_ISSUE_READ_SAME_CYCLE_CONSUMED_ONPATH       2313769        0.7227          6943400        0.7234

MAP_STAGE_VEC_REG_ISSUE_READ_SAME_CYCLE_CONSUMED_ONPATH            87        0.0000              272        0.0000

MAP_STAGE_ONPATH_INT_REG_LIFECYCLE_EMPTY     606365221                     1842255623              

MAP_STAGE_ONPATH_VEC_REG_LIFECYCLE_EMPTY       1452300                        4263095              

MAP_STAGE_ONPATH_INT_REG_LIFECYCLE_IN_USE     824148628                     2497926888              

MAP_STAGE_ONPATH_VEC_REG_LIFECYCLE_IN_USE       2104873                        6356125              

MAP_STAGE_ONPATH_INT_REG_LIFECYCLE_SPEC_RELEASE    1565232416                     4694423954              

MAP_STAGE_ONPATH_VEC_REG_LIFECYCLE_SPEC_RELEASE      63093925                      197533454              

MAP_STAGE_ONPATH_INT_REG_LIFECYCLE_NONSPEC_RELEASE    1565232416                     4694423954              

MAP_STAGE_ONPATH_VEC_REG_LIFECYCLE_NONSPEC_RELEASE      63093925                      197533454              

MAP_STAGE_ONPATH_INT_REG_LIFECYCLE_TOTAL    1565232416                     4694423954              

MAP_STAGE_ONPATH_VEC_REG_LIFECYCLE_TOTAL      63093925                      197533454              

MAP_STAGE_ONPATH_INT_REG_NUM_NONBRANCH         6695271                       20082285              

MAP_STAGE_ONPATH_VEC_REG_NUM_NONBRANCH           37562                         112323              

MAP_STAGE_ONPATH_INT_REG_NUM_NONEXCEPT         6695271                       20082285              

MAP_STAGE_ONPATH_VEC_REG_NUM_NONEXCEPT           37562                         112323              

MAP_STAGE_ONPATH_INT_REG_NUM_ATOMIC            6695271                       20082285              

MAP_STAGE_ONPATH_VEC_REG_NUM_ATOMIC              37562                         112323              

MAP_STAGE_ONPATH_INT_REG_ATOMIC_REDEFINED_DIST_TOTAL    1565232416      233.7818       4694423954      233.7595

MAP_STAGE_ONPATH_VEC_REG_ATOMIC_REDEFINED_DIST_TOTAL      63093925     1679.7275        197533454     1758.6198

MAP_STAGE_ONPATH_INT_REG_ATOMIC_CONSUMED_DIST_TOTAL     824148628      123.0941       2497926888      124.3846

MAP_STAGE_ONPATH_VEC_REG_ATOMIC_CONSUMED_DIST_TOTAL       2104873       56.0373          6356125       56.5879

MAP_STAGE_ONPATH_INT_REG_ATOMIC_RELEASE_DIST_TOTAL    1565232416      233.7818       4694423954      233.7595

MAP_STAGE_ONPATH_VEC_REG_ATOMIC_RELEASE_DIST_TOTAL      63093925     1679.7275        197533454     1758.6198

EXEC_STAGE_STARVED                             7894563       97.710%         23588524       97.169%
EXEC_STAGE_NOT_STARVED                          109761        1.359%           456210        1.879%
EXEC_STAGE_OFF_PATH                              75225        0.931%           231021        0.952%
                                               8079549      100.000%         24275755      100.000%
                                                  0.03         0.22              0.04         0.23

FU_BUSY_0                                      1882704                        5643415              

FU_BUSY_1                                      1209178                        3636488              

FU_BUSY_2                                       702892                        2105610              

FU_BUSY_3                                       703224                        2105260              

FU_BUSY_4                                      1172298                        3525348              

FU_BUSY_5                                      2033713                        6103050              

FU_BUSY_6                                       656271                        2097855              

FU_BUSY_7                                       655529                        2097574              

FU_BUSY_8                                      1207812                        3627961              

FU_BUSY_9                                       702358                        2105018              

FU_BUSY_10                                           0                              0              

FU_BUSY_11                                           0                              0              

FU_BUSY_12                                           0                              0              

FU_BUSY_13                                           0                              0              

FU_BUSY_14                                           0                              0              

FU_BUSY_15                                           0                              0              

FU_BUSY_16                                           0                              0              

FU_BUSY_17                                           0                              0              

FU_BUSY_18                                           0                              0              

FU_BUSY_19                                           0                              0              

FU_BUSY_20                                           0                              0              

FU_BUSY_21                                           0                              0              

FU_BUSY_22                                           0                              0              

FU_BUSY_23                                           0                              0              

FU_BUSY_24                                           0                              0              

FU_BUSY_25                                           0                              0              

FU_BUSY_26                                           0                              0              

FU_BUSY_27                                           0                              0              

FU_BUSY_28                                           0                              0              

FU_BUSY_29                                           0                              0              

FU_BUSY_30                                           0                              0              

FU_BUSY_31                                           0                              0              

FU_REJECTED_OP_INV_NOT_SIMD                          0        0.000%                0        0.000%
FU_REJECTED_OP_NOP_NOT_SIMD                          0        0.000%                0        0.000%
FU_REJECTED_OP_CF_NOT_SIMD                         161        0.220%              494        0.105%
FU_REJECTED_OP_MOV_NOT_SIMD                       1289        1.763%             4006        0.848%
FU_REJECTED_OP_CMOV_NOT_SIMD                         0        0.000%                0        0.000%
FU_REJECTED_OP_LDA_NOT_SIMD                          0        0.000%                0        0.000%
FU_REJECTED_OP_IMEM_NOT_SIMD                     42724       58.419%           128292       27.171%
FU_REJECTED_OP_IADD_NOT_SIMD                     15639       21.384%           297982       63.110%
FU_REJECTED_OP_IMUL_NOT_SIMD                     10214       13.966%            32118        6.802%
FU_REJECTED_OP_IDIV_NOT_SIMD                         0        0.000%                0        0.000%
FU_REJECTED_OP_ICMP_NOT_SIMD                         0        0.000%                0        0.000%
FU_REJECTED_OP_LOGIC_NOT_SIMD                        0        0.000%                0        0.000%
FU_REJECTED_OP_SHIFT_NOT_SIMD                        0        0.000%                0        0.000%
FU_REJECTED_OP_FMEM_NOT_SIMD                         0        0.000%                0        0.000%
FU_REJECTED_OP_FCVT_NOT_SIMD                         0        0.000%                0        0.000%
FU_REJECTED_OP_FADD_NOT_SIMD                         0        0.000%                0        0.000%
FU_REJECTED_OP_FMUL_NOT_SIMD                         0        0.000%                0        0.000%
FU_REJECTED_OP_FMA_NOT_SIMD                          0        0.000%                0        0.000%
FU_REJECTED_OP_FDIV_NOT_SIMD                         0        0.000%                0        0.000%
FU_REJECTED_OP_FCMP_NOT_SIMD                         0        0.000%                0        0.000%
FU_REJECTED_OP_FCMOV_NOT_SIMD                        0        0.000%                0        0.000%
FU_REJECTED_OP_GATHER_NOT_SIMD                       0        0.000%                0        0.000%
FU_REJECTED_OP_SCATTER_NOT_SIMD                      0        0.000%                0        0.000%
FU_REJECTED_OP_PIPELINED_FAST_NOT_SIMD               0        0.000%                0        0.000%
FU_REJECTED_OP_PIPELINED_MEDIUM_NOT_SIMD             0        0.000%                0        0.000%
FU_REJECTED_OP_PIPELINED_SLOW_NOT_SIMD               0        0.000%                0        0.000%
FU_REJECTED_OP_NOTPIPELINED_MEDIUM_NOT_SIMD             0        0.000%                0        0.000%
FU_REJECTED_OP_NOTPIPELINED_SLOW_NOT_SIMD             0        0.000%                0        0.000%
FU_REJECTED_OP_NOTPIPELINED_VERY_SLOW_NOT_SIMD             0        0.000%                0        0.000%
FU_REJECTED_OP_INV_SIMD                              0        0.000%                0        0.000%
FU_REJECTED_OP_NOP_SIMD                              0        0.000%                0        0.000%
FU_REJECTED_OP_CF_SIMD                               0        0.000%                0        0.000%
FU_REJECTED_OP_MOV_SIMD                           1592        2.177%             5045        1.068%
FU_REJECTED_OP_CMOV_SIMD                             0        0.000%                0        0.000%
FU_REJECTED_OP_LDA_SIMD                              0        0.000%                0        0.000%
FU_REJECTED_OP_IMEM_SIMD                             0        0.000%                0        0.000%
FU_REJECTED_OP_IADD_SIMD                             0        0.000%                0        0.000%
FU_REJECTED_OP_IMUL_SIMD                             0        0.000%                0        0.000%
FU_REJECTED_OP_IDIV_SIMD                             0        0.000%                0        0.000%
FU_REJECTED_OP_ICMP_SIMD                             0        0.000%                0        0.000%
FU_REJECTED_OP_LOGIC_SIMD                            0        0.000%                0        0.000%
FU_REJECTED_OP_SHIFT_SIMD                            0        0.000%                0        0.000%
FU_REJECTED_OP_FMEM_SIMD                             0        0.000%                0        0.000%
FU_REJECTED_OP_FCVT_SIMD                           366        0.500%             1096        0.232%
FU_REJECTED_OP_FADD_SIMD                          1149        1.571%             3129        0.663%
FU_REJECTED_OP_FMUL_SIMD                             0        0.000%                0        0.000%
FU_REJECTED_OP_FMA_SIMD                              0        0.000%                0        0.000%
FU_REJECTED_OP_FDIV_SIMD                             0        0.000%                0        0.000%
FU_REJECTED_OP_FCMP_SIMD                             0        0.000%                0        0.000%
FU_REJECTED_OP_FCMOV_SIMD                            0        0.000%                0        0.000%
FU_REJECTED_OP_GATHER_SIMD                           0        0.000%                0        0.000%
FU_REJECTED_OP_SCATTER_SIMD                          0        0.000%                0        0.000%
FU_REJECTED_OP_PIPELINED_FAST_SIMD                   0        0.000%                0        0.000%
FU_REJECTED_OP_PIPELINED_MEDIUM_SIMD                 0        0.000%                0        0.000%
FU_REJECTED_OP_PIPELINED_SLOW_SIMD                   0        0.000%                0        0.000%
FU_REJECTED_OP_NOTPIPELINED_MEDIUM_SIMD              0        0.000%                0        0.000%
FU_REJECTED_OP_NOTPIPELINED_SLOW_SIMD                0        0.000%                0        0.000%
FU_REJECTED_OP_NOTPIPELINED_VERY_SLOW_SIMD             0        0.000%                0        0.000%
                                                 73134      100.000%           472162      100.000%
                                                  7.78         6.48              7.35         4.37

LSQ_FULL_TOTAL                                  191459                         535088              

LSQ_FULL_LOAD_QUEUE                                  0                            430              

LSQ_FULL_STORE_QUEUE                            191459                         534658              

OP_WAIT_0                                      7009324                       21006002              

OP_WAIT_1                                      1986953                        5966183              

OP_WAIT_2                                       384404                        1157858              

OP_WAIT_3                                       169600                         512405              

OP_WAIT_4                                        99774                         300441              

OP_WAIT_5                                        79271                         233237              

OP_WAIT_6                                        61418                         182851              

OP_WAIT_7                                        47674                         141988              

OP_WAIT_8                                        36849                         111951              

OP_WAIT_9                                        32892                         101606              

OP_WAIT_10                                       31767                          96345              

OP_WAIT_11                                       30926                          92905              

OP_WAIT_12                                       20799                          61383              

OP_WAIT_13                                       16963                          50844              

OP_WAIT_14                                       11026                          33999              

OP_WAIT_15                                       10057                          31415              

OP_WAIT_16                                        7405                          22824              

OP_WAIT_17                                        7503                          23092              

OP_WAIT_18                                       15207                          45048              

OP_WAIT_19                                       10499                          31151              

OP_WAIT_20                                        7415                          22130              

OP_WAIT_21                                        7711                          22958              

OP_WAIT_22                                        3923                          11392              

OP_WAIT_23                                        6992                          20180              

OP_WAIT_24                                       11091                          32653              

OP_WAIT_25                                        9506                          28096              

OP_WAIT_26                                        7362                          21330              

OP_WAIT_27                                        4918                          14794              

OP_WAIT_28                                        5022                          14800              

OP_WAIT_29                                        4539                          13670              

OP_WAIT_30                                        6044                          18042              

OP_WAIT_31                                      377522                        1143701              

ROW_SIZE_0                                     6385289                       19180540              

ROW_SIZE_1                                      217257                         649712              

ROW_SIZE_2                                       86313                         259200              

ROW_SIZE_3                                       97923                         292179              

ROW_SIZE_4                                       25300                          76241              

ROW_SIZE_5                                       15194                          45821              

ROW_SIZE_6                                       14165                          43680              

ROW_SIZE_7                                       58600                         176596              

ROW_SIZE_8                                     1145793                        3436288              

ROW_SIZE_9                                           0                              0              

ROW_SIZE_10                                          0                              0              

ROW_SIZE_11                                          0                              0              

ROW_SIZE_12                                          0                              0              

ROW_SIZE_13                                          0                              0              

ROW_SIZE_14                                          0                              0              

ROW_SIZE_15                                          0                              0              

ROW_SIZE_16                                          0                              0              

ROW_SIZE_17                                          0                              0              

ROW_SIZE_18                                          0                              0              

ROW_SIZE_19                                          0                              0              

ROW_SIZE_20                                          0                              0              

ROW_SIZE_21                                          0                              0              

ROW_SIZE_22                                          0                              0              

ROW_SIZE_23                                          0                              0              

ROW_SIZE_24                                          0                              0              

ROW_SIZE_25                                          0                              0              

ROW_SIZE_26                                          0                              0              

ROW_SIZE_27                                          0                              0              

ROW_SIZE_28                                          0                              0              

ROW_SIZE_29                                          0                              0              

ROW_SIZE_30                                          0                              0              

ROW_SIZE_31                                          0                              0              

RET_OP_EXEC_COUNT_0                                  0        0.000%                0        0.000%
RET_OP_EXEC_COUNT_1                           10522356      100.000%         31567274      100.000%
RET_OP_EXEC_COUNT_2                                  0        0.000%                0        0.000%
RET_OP_EXEC_COUNT_3                                  0        0.000%                0        0.000%
RET_OP_EXEC_COUNT_4                                  0        0.000%                0        0.000%
RET_OP_EXEC_COUNT_5                                  0        0.000%                0        0.000%
RET_OP_EXEC_COUNT_6                                  0        0.000%                0        0.000%
RET_OP_EXEC_COUNT_7                                  0        0.000%                0        0.000%
RET_OP_EXEC_COUNT_8                                  0        0.000%                0        0.000%
RET_OP_EXEC_COUNT_9                                  0        0.000%                0        0.000%
RET_OP_EXEC_COUNT_10                                 0        0.000%                0        0.000%
RET_OP_EXEC_COUNT_11                                 0        0.000%                0        0.000%
RET_OP_EXEC_COUNT_12                                 0        0.000%                0        0.000%
RET_OP_EXEC_COUNT_13                                 0        0.000%                0        0.000%
RET_OP_EXEC_COUNT_14                                 0        0.000%                0        0.000%
RET_OP_EXEC_COUNT_15                                 0        0.000%                0        0.000%
RET_OP_EXEC_COUNT_16                                 0        0.000%                0        0.000%
RET_OP_EXEC_COUNT_17                                 0        0.000%                0        0.000%
RET_OP_EXEC_COUNT_18                                 0        0.000%                0        0.000%
RET_OP_EXEC_COUNT_19                                 0        0.000%                0        0.000%
RET_OP_EXEC_COUNT_20                                 0        0.000%                0        0.000%
RET_OP_EXEC_COUNT_21                                 0        0.000%                0        0.000%
RET_OP_EXEC_COUNT_22                                 0        0.000%                0        0.000%
RET_OP_EXEC_COUNT_23                                 0        0.000%                0        0.000%
RET_OP_EXEC_COUNT_24                                 0        0.000%                0        0.000%
RET_OP_EXEC_COUNT_25                                 0        0.000%                0        0.000%
RET_OP_EXEC_COUNT_26                                 0        0.000%                0        0.000%
RET_OP_EXEC_COUNT_27                                 0        0.000%                0        0.000%
RET_OP_EXEC_COUNT_28                                 0        0.000%                0        0.000%
RET_OP_EXEC_COUNT_29                                 0        0.000%                0        0.000%
RET_OP_EXEC_COUNT_30                                 0        0.000%                0        0.000%
RET_OP_EXEC_COUNT_31                                 0        0.000%                0        0.000%
RET_OP_EXEC_COUNT_32                                 0        0.000%                0        0.000%
                                              10522356      100.000%         31567274      100.000%
                                                  1.00         0.00              1.00         0.00

RET_STALL_LENGTH_0                            10496934       99.758%         31489418       99.753%
RET_STALL_LENGTH_100                             22853        0.217%            70782        0.224%
RET_STALL_LENGTH_200                               845        0.008%             2367        0.007%
RET_STALL_LENGTH_300                               329        0.003%              876        0.003%
RET_STALL_LENGTH_400                               327        0.003%              854        0.003%
RET_STALL_LENGTH_500                               554        0.005%             1500        0.005%
RET_STALL_LENGTH_600                               176        0.002%              447        0.001%
RET_STALL_LENGTH_700                                20        0.000%               67        0.000%
RET_STALL_LENGTH_800                                 9        0.000%               21        0.000%
RET_STALL_LENGTH_900                                19        0.000%               49        0.000%
RET_STALL_LENGTH_1000                               34        0.000%              101        0.000%
RET_STALL_LENGTH_1100                               27        0.000%               97        0.000%
RET_STALL_LENGTH_1200                              122        0.001%              391        0.001%
RET_STALL_LENGTH_1300                               56        0.001%              177        0.001%
RET_STALL_LENGTH_1400                                9        0.000%               29        0.000%
RET_STALL_LENGTH_1500                                6        0.000%               18        0.000%
RET_STALL_LENGTH_1600                                7        0.000%               13        0.000%
RET_STALL_LENGTH_1700                               15        0.000%               38        0.000%
RET_STALL_LENGTH_1800                               13        0.000%               28        0.000%
RET_STALL_LENGTH_1900                                1        0.000%                1        0.000%
RET_STALL_LENGTH_2000                                0        0.000%                0        0.000%
RET_STALL_LENGTH_2100                                0        0.000%                0        0.000%
RET_STALL_LENGTH_2200                                0        0.000%                0        0.000%
RET_STALL_LENGTH_2300                                0        0.000%                0        0.000%
RET_STALL_LENGTH_2400                                0        0.000%                0        0.000%
RET_STALL_LENGTH_2500                                0        0.000%                0        0.000%
RET_STALL_LENGTH_2600                                0        0.000%                0        0.000%
RET_STALL_LENGTH_2700                                0        0.000%                0        0.000%
RET_STALL_LENGTH_2800                                0        0.000%                0        0.000%
RET_STALL_LENGTH_2900                                0        0.000%                0        0.000%
RET_STALL_LENGTH_3000                                0        0.000%                0        0.000%
RET_STALL_LENGTH_3100                                0        0.000%                0        0.000%
RET_STALL_LENGTH_3200                                0        0.000%                0        0.000%
RET_STALL_LENGTH_3300                                0        0.000%                0        0.000%
RET_STALL_LENGTH_3400                                0        0.000%                0        0.000%
RET_STALL_LENGTH_3500                                0        0.000%                0        0.000%
RET_STALL_LENGTH_3600                                0        0.000%                0        0.000%
RET_STALL_LENGTH_3700                                0        0.000%                0        0.000%
RET_STALL_LENGTH_3800                                0        0.000%                0        0.000%
RET_STALL_LENGTH_3900                                0        0.000%                0        0.000%
RET_STALL_LENGTH_4000                                0        0.000%                0        0.000%
RET_STALL_LENGTH_4100                                0        0.000%                0        0.000%
RET_STALL_LENGTH_4200                                0        0.000%                0        0.000%
RET_STALL_LENGTH_4300                                0        0.000%                0        0.000%
RET_STALL_LENGTH_4400                                0        0.000%                0        0.000%
RET_STALL_LENGTH_4500                                0        0.000%                0        0.000%
RET_STALL_LENGTH_4600                                0        0.000%                0        0.000%
RET_STALL_LENGTH_4700                                0        0.000%                0        0.000%
RET_STALL_LENGTH_4800                                0        0.000%                0        0.000%
RET_STALL_LENGTH_4900                                0        0.000%                0        0.000%
RET_STALL_LENGTH_5000                                0        0.000%                0        0.000%
                                              10522356      100.000%         31567274      100.000%
                                                  0.00         0.10              0.00         0.10

MEM_BLOCK_LENGTH_0                                   0        0.000%              383       56.909%
MEM_BLOCK_LENGTH_100                                 0        0.000%              120       17.831%
MEM_BLOCK_LENGTH_200                                 0        0.000%               42        6.241%
MEM_BLOCK_LENGTH_300                                 0        0.000%               19        2.823%
MEM_BLOCK_LENGTH_400                                 0        0.000%               13        1.932%
MEM_BLOCK_LENGTH_500                                 1      100.000%               23        3.418%
MEM_BLOCK_LENGTH_600                                 0        0.000%               26        3.863%
MEM_BLOCK_LENGTH_700                                 0        0.000%               18        2.675%
MEM_BLOCK_LENGTH_800                                 0        0.000%                9        1.337%
MEM_BLOCK_LENGTH_900                                 0        0.000%                7        1.040%
MEM_BLOCK_LENGTH_1000                                0        0.000%                5        0.743%
MEM_BLOCK_LENGTH_1100                                0        0.000%                0        0.000%
MEM_BLOCK_LENGTH_1200                                0        0.000%                3        0.446%
MEM_BLOCK_LENGTH_1300                                0        0.000%                0        0.000%
MEM_BLOCK_LENGTH_1400                                0        0.000%                3        0.446%
MEM_BLOCK_LENGTH_1500                                0        0.000%                0        0.000%
MEM_BLOCK_LENGTH_1600                                0        0.000%                0        0.000%
MEM_BLOCK_LENGTH_1700                                0        0.000%                0        0.000%
MEM_BLOCK_LENGTH_1800                                0        0.000%                0        0.000%
MEM_BLOCK_LENGTH_1900                                0        0.000%                1        0.149%
MEM_BLOCK_LENGTH_2000                                0        0.000%                0        0.000%
MEM_BLOCK_LENGTH_2100                                0        0.000%                0        0.000%
MEM_BLOCK_LENGTH_2200                                0        0.000%                0        0.000%
MEM_BLOCK_LENGTH_2300                                0        0.000%                1        0.149%
MEM_BLOCK_LENGTH_2400                                0        0.000%                0        0.000%
MEM_BLOCK_LENGTH_2500                                0        0.000%                0        0.000%
MEM_BLOCK_LENGTH_2600                                0        0.000%                0        0.000%
MEM_BLOCK_LENGTH_2700                                0        0.000%                0        0.000%
MEM_BLOCK_LENGTH_2800                                0        0.000%                0        0.000%
MEM_BLOCK_LENGTH_2900                                0        0.000%                0        0.000%
MEM_BLOCK_LENGTH_3000                                0        0.000%                0        0.000%
MEM_BLOCK_LENGTH_3100                                0        0.000%                0        0.000%
MEM_BLOCK_LENGTH_3200                                0        0.000%                0        0.000%
MEM_BLOCK_LENGTH_3300                                0        0.000%                0        0.000%
MEM_BLOCK_LENGTH_3400                                0        0.000%                0        0.000%
MEM_BLOCK_LENGTH_3500                                0        0.000%                0        0.000%
MEM_BLOCK_LENGTH_3600                                0        0.000%                0        0.000%
MEM_BLOCK_LENGTH_3700                                0        0.000%                0        0.000%
MEM_BLOCK_LENGTH_3800                                0        0.000%                0        0.000%
MEM_BLOCK_LENGTH_3900                                0        0.000%                0        0.000%
MEM_BLOCK_LENGTH_4000                                0        0.000%                0        0.000%
MEM_BLOCK_LENGTH_4100                                0        0.000%                0        0.000%
MEM_BLOCK_LENGTH_4200                                0        0.000%                0        0.000%
MEM_BLOCK_LENGTH_4300                                0        0.000%                0        0.000%
MEM_BLOCK_LENGTH_4400                                0        0.000%                0        0.000%
MEM_BLOCK_LENGTH_4500                                0        0.000%                0        0.000%
MEM_BLOCK_LENGTH_4600                                0        0.000%                0        0.000%
MEM_BLOCK_LENGTH_4700                                0        0.000%                0        0.000%
MEM_BLOCK_LENGTH_4800                                0        0.000%                0        0.000%
MEM_BLOCK_LENGTH_4900                                0        0.000%                0        0.000%
MEM_BLOCK_LENGTH_5000                                0        0.000%                0        0.000%
                                                     1      100.000%              673      100.000%
                                                  5.00         -nan              1.51         2.50

FUS_BUSY_ON_PATH                              10647956        1.3179         32195244        1.3262

FUS_BUSY_OFF_PATH                               278023        0.0344           852335        0.0351

FU_BUSY_MEM_STALL                               126405        0.0156           630236        0.0260

FUS_EMPTY                                     69869511        8.6477        209709971        8.6387

FU_UNAVAILABLE                                   17082        0.0021            52202        0.0022

FU_MEM_UNAVAILABLE                               56052        0.0069           419960        0.0173

FU_OTHER_UNAVAILABLE                                 0        0.0000                0        0.0000

FU_REPLAY                                            0        0.0000                0        0.0000

FU_STARVED                                    69717965        8.6289        209245093        8.6195

CHIP_UTILIZATION                                     0        0.0000                0        0.0000

CYCLES_UNDER_MEM_REQ                                 0                              0              

CYCLES_UNDER_NO_MEM_REQ                              0                              0              

CYCLES_UNDER_CRITICAL_MEM_REQ                        0                              0              

CYCLES_UNDER_NONCRITICAL_MEM_REQ                     0                              0              

CHIP_UTILIZATION_UNDER_MEM_REQ                       0          -nan                0          -nan

CHIP_UTILIZATION_UNDER_NO_MEM_REQ                    0          -nan                0          -nan

CHIP_UTILIZATION_UNDER_CRITICAL_MEM_REQ              0          -nan                0          -nan

CHIP_UTILIZATION_UNDER_NONCRITICAL_MEM_REQ             0          -nan                0          -nan

CYCLES_NOT_WAITING_FOR_OFF_CHIP                      0        0.0000                0        0.0000

FUS_BUSY_NOT_WAITING_FOR_OFF_CHIP                    0          -nan                0          -nan

CYCLES_WAITING_FOR_OFF_CHIP                          0        0.0000                0        0.0000

FUS_BUSY_WAITING_FOR_OFF_CHIP                        0          -nan                0          -nan

TOTAL_OFF_CHIP_DELAYS_LEFT                           0                              0              

WRONG_IO_SCHED                                       0                              0              

DVFS_CONFIG_SWITCH                                   0                              0              

MAP_STAGE_RECEIVED_OPS_0                             0        0.000%                0        0.000%
MAP_STAGE_RECEIVED_OPS_1                         96212        4.934%           286825        4.902%
MAP_STAGE_RECEIVED_OPS_2                        133127        6.828%           400991        6.853%
MAP_STAGE_RECEIVED_OPS_3                         69157        3.547%           210427        3.596%
MAP_STAGE_RECEIVED_OPS_4                         40218        2.063%           121426        2.075%
MAP_STAGE_RECEIVED_OPS_5                         51346        2.633%           155917        2.665%
MAP_STAGE_RECEIVED_OPS_6                       1559801       79.995%          4675799       79.909%
MAP_STAGE_RECEIVED_OPS_7                             0        0.000%                0        0.000%
MAP_STAGE_RECEIVED_OPS_8                             0        0.000%                0        0.000%
MAP_STAGE_RECEIVED_OPS_MAX                           0        0.000%                0        0.000%
                                               1949861      100.000%          5851385      100.000%
                                                  5.31         1.51              5.30         1.51

MAP_STAGE_WAIT_FOR_DECODE                            0         -nan%                0         -nan%
MAP_STAGE_CONSUME_DECODE                             0         -nan%                0         -nan%
                                                     0         -nan%                0         -nan%
                                                  -nan         -nan              -nan         -nan

MAP_STAGE_WAIT_FOR_DECODE2                           0         -nan%                0         -nan%
MAP_STAGE_CONSUME_DECODE2                            0         -nan%                0         -nan%
                                                     0         -nan%                0         -nan%
                                                  -nan         -nan              -nan         -nan

FTQ_RECOVER_EXEC                                 85396                         258434              

FTQ_RECOVER_DECODE                                   0                            209              

FTQ_OFFPATH_CYCLES                             5463835                       16399297              

FTQ_CYCLES_OFFPATH                             5463833                       16399297              

FTQ_CYCLES_ONPATH                              2615716                        7876458              

FTQ_FETCHED_INS_ONPATH                        10522267                       31567274              

FTQ_FETCHED_INS_OFFPATH                       17834061                       54846518              

FTQ_BREAK_FULL_FT_ONPATH                       1476563                        4462050              

FTQ_BREAK_FULL_FT_OFFPATH                      3140999                        9403210              

FTQ_BREAK_PRED_BR_ONPATH                             0                              0              

FTQ_BREAK_PRED_BR_OFFPATH                            0                              0              

FTQ_BREAK_BAR_FETCH_ONPATH                           0                              0              

FTQ_BREAK_BAR_FETCH_OFFPATH                          0                              0              

FTQ_BREAK_MAX_CFS_TAKEN_ONPATH                       0                              0              

FTQ_BREAK_MAX_CFS_TAKEN_OFFPATH                      0                              0              

FTQ_BREAK_MAX_FT_ONPATH                        1139087                        3414341              

FTQ_BREAK_MAX_FT_OFFPATH                       2322833                        6996087              

DFE_GEN_ON_PATH_FT                             1501071                        4505169              

DFE_GEN_OFF_PATH_FT                            2460416                        7403533              

DFE_L0_ENABLED_PREDICTIONS                    10522274                       31567274              

DFE_L0_WRONG_MAIN_CORRECT                       223109                         663704              

DFE_L0_WRONG_MAIN_WRONG                          46548                         140530              

DFE_L0_CORRECT_MAIN_WRONG                        38848                         118113              

DFE_L0_CORRECT_MAIN_CORRECT                   10213769                       30644927              

DFE_L0_WRONG_MAIN_CORRECT_RECOVERY_SCHEDULED             0                              0              

FTQ_SAW_BAR_FETCH_OFFPATH                            0                              0              

FTQ_SAW_BAR_FETCH_ONPATH                             0                              0              

DFE_CONF_0_RECOVER_AT_EXEC                           0         -nan%                0         -nan%
DFE_CONF_1_RECOVER_AT_EXEC                           0         -nan%                0         -nan%
DFE_CONF_2_RECOVER_AT_EXEC                           0         -nan%                0         -nan%
DFE_CONF_3_RECOVER_AT_EXEC                           0         -nan%                0         -nan%
DFE_CONF_0_CORRECT                                   0         -nan%                0         -nan%
DFE_CONF_1_CORRECT                                   0         -nan%                0         -nan%
DFE_CONF_2_CORRECT                                   0         -nan%                0         -nan%
DFE_CONF_3_CORRECT                                   0         -nan%                0         -nan%
                                                     0         -nan%                0         -nan%
                                                  -nan         -nan              -nan         -nan

DFE_ON_CONF_ON_OPS                                   0         -nan%                0         -nan%
DFE_ON_CONF_OFF_OPS                                  0         -nan%                0         -nan%
DFE_OFF_CONF_ON_OPS                                  0         -nan%                0         -nan%
DFE_OFF_CONF_OFF_REALISTIC_OPS                       0         -nan%                0         -nan%
DFE_OFF_CONF_OFF_PERFECT_OPS                         0         -nan%                0         -nan%
                                                     0         -nan%                0         -nan%
                                                  -nan         -nan              -nan         -nan

DFE_ON_CONF_ON_FETCH_TARGETS                         0         -nan%                0         -nan%
DFE_ON_CONF_OFF_FETCH_TARGETS                        0         -nan%                0         -nan%
DFE_OFF_CONF_ON_FETCH_TARGETS                        0         -nan%                0         -nan%
DFE_OFF_CONF_OFF_REALISTIC_FETCH_TARGETS             0         -nan%                0         -nan%
DFE_OFF_CONF_OFF_PERFECT_FETCH_TARGETS               0         -nan%                0         -nan%
                                                     0         -nan%                0         -nan%
                                                  -nan         -nan              -nan         -nan

DFE_ON_CONF_ON_CYCLES                                0         -nan%                0         -nan%
DFE_ON_CONF_OFF_CYCLES                               0         -nan%                0         -nan%
DFE_OFF_CONF_ON_CYCLES                               0         -nan%                0         -nan%
DFE_OFF_CONF_OFF_REALISTIC_CYCLES                    0         -nan%                0         -nan%
DFE_OFF_CONF_OFF_PERFECT_CYCLES                      0         -nan%                0         -nan%
                                                     0         -nan%                0         -nan%
                                                  -nan         -nan              -nan         -nan

DFE_OFF_CONF_ON_NUM_EVENTS                           0                              0              

DFE_OFF_CONF_ON_NOT_IDENTIFIED_EVENTS                0         -nan%                0         -nan%
DFE_OFF_CONF_ON_IBTB_MISS_EVENTS                     0         -nan%                0         -nan%
DFE_OFF_CONF_ON_BTB_MISS_EVENTS                      0         -nan%                0         -nan%
DFE_OFF_CONF_ON_BTB_MISS_RECOVER_AT_EXEC_EVENTS             0         -nan%                0         -nan%
DFE_OFF_CONF_ON_RECOVER_AT_EXEC_EVENTS               0         -nan%                0         -nan%
DFE_OFF_CONF_ON_RECOVER_AT_DECODE_EVENTS             0         -nan%                0         -nan%
                                                     0         -nan%                0         -nan%
                                                  -nan         -nan              -nan         -nan

DFE_OFF_CONF_ON_LATE_BTB_HIT_EVENTS                  0                              0              

DFE_OFF_CONF_ON_NOT_IDENTIFIED_CYCLES                0         -nan%                0         -nan%
DFE_OFF_CONF_ON_IBTB_MISS_CYCLES                     0         -nan%                0         -nan%
DFE_OFF_CONF_ON_BTB_MISS_CYCLES                      0         -nan%                0         -nan%
DFE_OFF_CONF_ON_BTB_MISS_RECOVER_AT_EXEC_CYCLES             0         -nan%                0         -nan%
DFE_OFF_CONF_ON_RECOVER_AT_EXEC_CYCLES               0         -nan%                0         -nan%
DFE_OFF_CONF_ON_RECOVER_AT_DECODE_CYCLES             0         -nan%                0         -nan%
                                                     0         -nan%                0         -nan%
                                                  -nan         -nan              -nan         -nan

DFE_OFF_CONF_ON_LATE_BTB_HIT_CYCLES                  0                              0              

DFE_OFF_CONF_ON_NOT_IDENTIFIED_FETCH_TARGETS             0         -nan%                0         -nan%
DFE_OFF_CONF_ON_IBTB_MISS_FETCH_TARGETS              0         -nan%                0         -nan%
DFE_OFF_CONF_ON_BTB_MISS_FETCH_TARGETS               0         -nan%                0         -nan%
DFE_OFF_CONF_ON_BTB_MISS_RECOVER_AT_EXEC_FETCH_TARGETS             0         -nan%                0         -nan%
DFE_OFF_CONF_ON_RECOVER_AT_EXEC_FETCH_TARGETS             0         -nan%                0         -nan%
DFE_OFF_CONF_ON_RECOVER_AT_DECODE_FETCH_TARGETS             0         -nan%                0         -nan%
                                                     0         -nan%                0         -nan%
                                                  -nan         -nan              -nan         -nan

DFE_OFF_CONF_ON_LATE_BTB_HIT_FETCH_TARGETS             0                              0              

DFE_OFF_CONF_ON_BP_INCORRECT_0_CONF                  0         -nan%                0         -nan%
DFE_OFF_CONF_ON_BP_INCORRECT_1_CONF                  0         -nan%                0         -nan%
DFE_OFF_CONF_ON_BP_INCORRECT_2_CONF                  0         -nan%                0         -nan%
DFE_OFF_CONF_ON_BP_INCORRECT_3_CONF                  0         -nan%                0         -nan%
                                                     0         -nan%                0         -nan%
                                                  -nan         -nan              -nan         -nan

DFE_OFF_CONF_ON_BTB_MISS_CBR_0_CONF                  0         -nan%                0         -nan%
DFE_OFF_CONF_ON_BTB_MISS_CBR_1_CONF                  0         -nan%                0         -nan%
DFE_OFF_CONF_ON_BTB_MISS_CBR_2_CONF                  0         -nan%                0         -nan%
DFE_OFF_CONF_ON_BTB_MISS_CBR_3_CONF                  0         -nan%                0         -nan%
                                                     0         -nan%                0         -nan%
                                                  -nan         -nan              -nan         -nan

DFE_OFF_CONF_ON_BTB_MISS_NOT_CF                      0         -nan%                0         -nan%
DFE_OFF_CONF_ON_BTB_MISS_CF_BR                       0         -nan%                0         -nan%
DFE_OFF_CONF_ON_BTB_MISS_CF_CBR                      0         -nan%                0         -nan%
DFE_OFF_CONF_ON_BTB_MISS_CF_CALL                     0         -nan%                0         -nan%
DFE_OFF_CONF_ON_BTB_MISS_CF_IBR                      0         -nan%                0         -nan%
DFE_OFF_CONF_ON_BTB_MISS_CF_ICALL                    0         -nan%                0         -nan%
DFE_OFF_CONF_ON_BTB_MISS_CF_ICO                      0         -nan%                0         -nan%
DFE_OFF_CONF_ON_BTB_MISS_CF_RET                      0         -nan%                0         -nan%
DFE_OFF_CONF_ON_BTB_MISS_CF_SYS                      0         -nan%                0         -nan%
                                                     0         -nan%                0         -nan%
                                                  -nan         -nan              -nan         -nan

DFE_ON_CONF_OFF_NUM_EVENTS                           0                              0              

CONF_BTB_NUM_CYCLES_OFF_PATH_EVENT                   0                              0              

DFE_ON_CONF_OFF_IBTB_MISS_BP_TAKEN                   0         -nan%                0         -nan%
DFE_ON_CONF_OFF_BTB_MISS_BP_TAKEN_CONF_0             0         -nan%                0         -nan%
DFE_ON_CONF_OFF_BTB_MISS_BP_TAKEN_CONF_1             0         -nan%                0         -nan%
DFE_ON_CONF_OFF_BTB_MISS_BP_TAKEN_CONF_2             0         -nan%                0         -nan%
DFE_ON_CONF_OFF_BTB_MISS_BP_TAKEN_CONF_3             0         -nan%                0         -nan%
DFE_ON_CONF_OFF_BTB_MISS_RATE                        0         -nan%                0         -nan%
DFE_ON_CONF_OFF_IBTB_MISS_RATE                       0         -nan%                0         -nan%
DFE_ON_CONF_OFF_RECOVER_AT_DECODE_RATE               0         -nan%                0         -nan%
DFE_ON_CONF_OFF_RECOVER_AT_EXEC_RATE                 0         -nan%                0         -nan%
DFE_ON_CONF_OFF_INV_CONF_INC                         0         -nan%                0         -nan%
DFE_ON_CONF_OFF_PERFECT_CONF                         0         -nan%                0         -nan%
                                                     0         -nan%                0         -nan%
                                                  -nan         -nan              -nan         -nan

DFE_ON_CONF_OFF_IBTB_MISS_BP_TAKEN_CYCLES             0         -nan%                0         -nan%
DFE_ON_CONF_OFF_BTB_MISS_BP_TAKEN_CONF_0_CYCLES             0         -nan%                0         -nan%
DFE_ON_CONF_OFF_BTB_MISS_BP_TAKEN_CONF_1_CYCLES             0         -nan%                0         -nan%
DFE_ON_CONF_OFF_BTB_MISS_BP_TAKEN_CONF_2_CYCLES             0         -nan%                0         -nan%
DFE_ON_CONF_OFF_BTB_MISS_BP_TAKEN_CONF_3_CYCLES             0         -nan%                0         -nan%
DFE_ON_CONF_OFF_BTB_MISS_RATE_CYCLES                 0         -nan%                0         -nan%
DFE_ON_CONF_OFF_IBTB_MISS_RATE_CYCLES                0         -nan%                0         -nan%
DFE_ON_CONF_OFF_RECOVER_AT_DECODE_RATE_CYCLES             0         -nan%                0         -nan%
DFE_ON_CONF_OFF_RECOVER_AT_EXEC_RATE_CYCLES             0         -nan%                0         -nan%
DFE_ON_CONF_OFF_INV_CONF_INC_CYCLES                  0         -nan%                0         -nan%
DFE_ON_CONF_OFF_PERFECT_CONF_CYCLES                  0         -nan%                0         -nan%
                                                     0         -nan%                0         -nan%
                                                  -nan         -nan              -nan         -nan

DFE_ON_CONF_OFF_IBTB_MISS_BP_TAKEN_FETCH_TARGETS             0         -nan%                0         -nan%
DFE_ON_CONF_OFF_BTB_MISS_BP_TAKEN_CONF_0_FETCH_TARGETS             0         -nan%                0         -nan%
DFE_ON_CONF_OFF_BTB_MISS_BP_TAKEN_CONF_1_FETCH_TARGETS             0         -nan%                0         -nan%
DFE_ON_CONF_OFF_BTB_MISS_BP_TAKEN_CONF_2_FETCH_TARGETS             0         -nan%                0         -nan%
DFE_ON_CONF_OFF_BTB_MISS_BP_TAKEN_CONF_3_FETCH_TARGETS             0         -nan%                0         -nan%
DFE_ON_CONF_OFF_BTB_MISS_RATE_FETCH_TARGETS             0         -nan%                0         -nan%
DFE_ON_CONF_OFF_IBTB_MISS_RATE_FETCH_TARGETS             0         -nan%                0         -nan%
DFE_ON_CONF_OFF_RECOVER_AT_DECODE_RATE_FETCH_TARGETS             0         -nan%                0         -nan%
DFE_ON_CONF_OFF_RECOVER_AT_EXEC_RATE_FETCH_TARGETS             0         -nan%                0         -nan%
DFE_ON_CONF_OFF_INV_CONF_INC_FETCH_TARGETS             0         -nan%                0         -nan%
DFE_ON_CONF_OFF_PERFECT_CONF_FETCH_TARGETS             0         -nan%                0         -nan%
                                                     0         -nan%                0         -nan%
                                                  -nan         -nan              -nan         -nan

CONF_OFF_IBTB_MISS_BP_TAKEN                          0         -nan%                0         -nan%
CONF_OFF_BTB_MISS_BP_TAKEN_CONF_0                    0         -nan%                0         -nan%
CONF_OFF_BTB_MISS_BP_TAKEN_CONF_1                    0         -nan%                0         -nan%
CONF_OFF_BTB_MISS_BP_TAKEN_CONF_2                    0         -nan%                0         -nan%
CONF_OFF_BTB_MISS_BP_TAKEN_CONF_3                    0         -nan%                0         -nan%
CONF_OFF_BTB_MISS_RATE                               0         -nan%                0         -nan%
CONF_OFF_IBTB_MISS_RATE                              0         -nan%                0         -nan%
CONF_OFF_RECOVER_AT_DECODE_RATE                      0         -nan%                0         -nan%
CONF_OFF_RECOVER_AT_EXEC_RATE                        0         -nan%                0         -nan%
CONF_OFF_INV_CONF_INC                                0         -nan%                0         -nan%
CONF_OFF_PERFECT_CONF                                0         -nan%                0         -nan%
                                                     0         -nan%                0         -nan%
                                                  -nan         -nan              -nan         -nan

TOPDOWN_TOTAL_SLOTS                           48477294                      145654530              

TOPDOWN_ISSUED_SLOTS                          15353344                       46330704              

TOPDOWN_RETIRED_SLOTS                         10522277                       31567274              

TOPDOWN_FETCH_BUBBLES_SLOTS                    3649832                       10907729              

TOPDOWN_RECOVERY_BUBBLES_SLOTS                 2177843                        6548987              

TOPDOWN_MEM_LOAD_STALLS_CYCLES                 4492727                       13356610              

TOPDOWN_MEM_STORE_STALLS_CYCLES                      0                              0              

TOPDOWN_EXEC_STALLS_CYCLES                     4646694                       13960040              

TOPDOWN_BACKEND_STALLS_CYCLES                  4492727                       13477754              

TOPDOWN_FETCH_BUBBLES_GT_MIW_CYCLES             351473                        1057357              

TOPDOWN_BR_RECOVER_AT_EXEC_RETIRED_CYCLES         85396                         258434              

TOPDOWN_MACHINE_CLEAR_CYCLES                    308506                         922347              

TOPDOWN_FRONTEND_BOUND                             752                            752              

TOPDOWN_BACKEND_BOUND                             5633                           5633              

TOPDOWN_BAD_SPEC_BOUND                            1445                           1445              

TOPDOWN_RETIRING_BOUND                            2170                           2170              

TOPDOWN_FETCH_LATENCY_BOUND                        435                            435              

TOPDOWN_FETCH_BANDWIDTH_BOUND                      317                            317              

TOPDOWN_MEM_BOUND                                 5633                           5633              

TOPDOWN_CORE_BOUND                                   0                              0              

TOPDOWN_BR_RECOVER_AT_EXEC_BOUND                   313                            313              

TOPDOWN_MACHINE_CLEARS_BOUND                      1132                           1132              

H2P_SEEN_MAIN                                   158376                         501595              



