/* -*- Mode: c -*- */
####################################################################################################
Core 0
####################################################################################################
Cumulative:        Cycles: 10118915              Instructions: 30000000              IPC: 2.96474

Periodic:          Cycles: 3262727               Instructions: 10000000              IPC: 3.06492

MISS_WAIT_TIME                             23572552469                    48838486685              

ICACHE_STAGE_MISS                                 2951                          10328              

ICACHE_CYCLE                                   3262727                       10118915              

TCACHE_CYCLE                                         0                              0              

ICACHE_SERVING_CYCLE_ON_PATH                     77181                         255939              

ICACHE_SERVING_CYCLE_OFF_PATH                    24763                         108967              

UCACHE_SERVING_CYCLE_ON_PATH                   2854867                        8638927              

UCACHE_SERVING_CYCLE_OFF_PATH                   227551                         790033              

ICACHE_CYCLE_ONPATH                            2997742       91.878%          9166328       90.586%
ICACHE_CYCLE_OFFPATH                            264985        8.122%           952587        9.414%
                                               3262727      100.000%         10118915      100.000%
                                                  0.08         0.26              0.09         0.28

FETCH_ON_PATH                                  3007513       92.178%          9201089       90.930%
FETCH_OFF_PATH                                  255214        7.822%           917826        9.070%
                                               3262727      100.000%         10118915      100.000%
                                                  0.08         0.26              0.09         0.28

FETCHED_OPS_ON_PATH                                  0         -nan%                0         -nan%
FETCHED_OPS_OFF_PATH                                 0         -nan%                0         -nan%
                                                     0         -nan%                0         -nan%
                                                  -nan         -nan              -nan         -nan

INST_LOST_FETCH                               12015895       46.593%         35546399       44.694%
INST_LOST_OFF_PATH                             1069956        4.149%          3733856        4.695%
INST_LOST_FULL_WINDOW                          1244518        4.826%          4072346        5.120%
INST_LOST_ROB_STALL_OTHER                      5112696       19.825%         17027362       21.409%
INST_LOST_ROB_STALL_WAIT_FOR_RECOVERY                0        0.000%                0        0.000%
INST_LOST_ROB_STALL_WAIT_FOR_REDIRECT                0        0.000%                0        0.000%
INST_LOST_ROB_STALL_WAIT_FOR_GAP_FILL                0        0.000%                0        0.000%
INST_LOST_ROB_STALL_WAIT_FOR_L1_MISS                 0        0.000%                0        0.000%
INST_LOST_ROB_STALL_WAIT_FOR_MEMORY                512        0.002%             8192        0.010%
INST_LOST_ROB_STALL_WAIT_FOR_DC_MISS            895964        3.474%          3837978        4.826%
INST_LOST_ROB_BLOCK_ISSUE_FULL                       0        0.000%                0        0.000%
INST_LOST_ROB_BLOCK_ISSUE_GAP_TOO_LARGE              0        0.000%                0        0.000%
INST_LOST_BREAK_DONT                                 0        0.000%                0        0.000%
INST_LOST_BREAK_FT_UNAVAILABLE                  159881        0.620%           534424        0.672%
INST_LOST_BREAK_ICACHE_STAGE_RESTEER              6835        0.027%            21216        0.027%
INST_LOST_BREAK_ICACHE_MISS_REQ_SUCCESS          13738        0.053%            47899        0.060%
INST_LOST_BREAK_ICACHE_MISS_REQ_FAILURE            109        0.000%              295        0.000%
INST_LOST_BREAK_ICACHE_WAIT_FOR_MISS            296624        1.150%          1369973        1.723%
INST_LOST_BREAK_ICACHE_STALLED                    7983        0.031%            38653        0.049%
INST_LOST_BREAK_ICACHE_TO_UOP_CACHE_SWITCH         29281        0.114%            97745        0.123%
INST_LOST_BREAK_ICACHE_READ_LIMIT                46627        0.181%           153051        0.192%
INST_LOST_BREAK_ICACHE_ISSUE_WIDTH                   0        0.000%                0        0.000%
INST_LOST_BREAK_UOP_CACHE_STALLED               764475        2.964%          2572710        3.235%
INST_LOST_BREAK_UOP_CACHE_TO_ICACHE_SWITCH         28837        0.112%            96442        0.121%
INST_LOST_BREAK_UOP_CACHE_READ_LIMIT           4095128       15.879%         10373687       13.043%
INST_LOST_BREAK_UOP_CACHE_ISSUE_WIDTH                0        0.000%                0        0.000%
                                              25789059      100.000%         79532228      100.000%
                                                  5.89         8.14              5.56         7.78

INST_LOST_TOTAL                               25750194                       79601756              

INST_LOST_WAIT_FOR_ICACHE_MISS_NOT_PREFETCHED         22452        8.027%           261420       20.759%
INST_LOST_WAIT_FOR_ICACHE_MISS_PREFETCHED_AND_EVICTED_BY_IFETCH             0        0.000%                0        0.000%
INST_LOST_WAIT_FOR_ICACHE_MISS_PREFETCHED_AND_EVICTED_BY_FDIP             0        0.000%                0        0.000%
INST_LOST_WAIT_FOR_ICACHE_MISS_MSHR_HIT_PREF_OFFPATH          3780        1.351%            14010        1.112%
INST_LOST_WAIT_FOR_ICACHE_MISS_MSHR_HIT_PREF_ONPATH        253482       90.622%           983904       78.129%
                                                279714      100.000%          1259334      100.000%
                                                  3.67         3.50              3.16         2.89

FETCH_0_OPS                                      77468        2.374%           321914        3.181%
FETCH_1_OPS                                     121926        3.737%           385380        3.809%
FETCH_2_OPS                                      41911        1.285%           150899        1.491%
FETCH_3_OPS                                     292965        8.979%           707485        6.992%
FETCH_4_OPS                                     123625        3.789%           403496        3.988%
FETCH_5_OPS                                     451085       13.825%           919603        9.088%
FETCH_6_OPS                                     310618        9.520%          1045841       10.336%
FETCH_7_OPS                                     142632        4.372%           475393        4.698%
FETCH_8_OPS                                    1700497       52.119%          5708904       56.418%
FETCH_9_OPS                                          0        0.000%                0        0.000%
FETCH_10_OPS                                         0        0.000%                0        0.000%
FETCH_11_OPS                                         0        0.000%                0        0.000%
FETCH_12_OPS                                         0        0.000%                0        0.000%
FETCH_13_OPS                                         0        0.000%                0        0.000%
FETCH_14_OPS                                         0        0.000%                0        0.000%
FETCH_15_OPS                                         0        0.000%                0        0.000%
FETCH_16_OPS                                         0        0.000%                0        0.000%
                                               3262727      100.000%         10118915      100.000%
                                                  6.22         2.06              6.35         2.03

ST_BREAK_DONT                                        0        0.000%                0        0.000%
ST_BREAK_FT_UNAVAILABLE                          27265        0.836%            91116        0.900%
ST_BREAK_ICACHE_STAGE_RESTEER                     1780        0.055%             5555        0.055%
ST_BREAK_ICACHE_MISS_REQ_SUCCESS                  2951        0.090%            10328        0.102%
ST_BREAK_ICACHE_MISS_REQ_FAILURE                    19        0.001%               51        0.001%
ST_BREAK_ICACHE_WAIT_FOR_MISS                    49439        1.515%           228364        2.257%
ST_BREAK_ICACHE_STALLED                          14928        0.458%            63025        0.623%
ST_BREAK_ICACHE_TO_UOP_CACHE_SWITCH               9082        0.278%            30303        0.299%
ST_BREAK_ICACHE_READ_LIMIT                       18131        0.556%            59636        0.589%
ST_BREAK_ICACHE_ISSUE_WIDTH                      53866        1.651%           192031        1.898%
ST_BREAK_UOP_CACHE_STALLED                      986550       30.237%          3403827       33.638%
ST_BREAK_UOP_CACHE_TO_ICACHE_SWITCH               6828        0.209%            22812        0.225%
ST_BREAK_UOP_CACHE_READ_LIMIT                  1119061       34.298%          2848986       28.155%
ST_BREAK_UOP_CACHE_ISSUE_WIDTH                  972827       29.816%          3162881       31.257%
                                               3262727      100.000%         10118915      100.000%
                                                 11.37         6.48             11.23         6.59

ORACLE_ON_PATH_INST                           12015895       91.824%         35546399       90.494%
ORACLE_OFF_PATH_INST                           1069956        8.176%          3733856        9.506%
                                              13085851      100.000%         39280255      100.000%
                                                  0.08         0.26              0.10         0.28

ORACLE_ON_PATH_INST_MEM                        4568792       34.914%         14033989       35.728%
ORACLE_ON_PATH_INST_NOTMEM                     7447103       56.910%         21512410       54.766%
ORACLE_OFF_PATH_INST_MEM                        376651        2.878%          1251629        3.186%
ORACLE_OFF_PATH_INST_NOTMEM                     693305        5.298%          2482227        6.319%
                                              13085851      100.000%         39280255      100.000%
                                                  0.79         0.60              0.80         0.64

ICACHE_CYCLE_NONRA_ONPATH                            0         -nan%                0         -nan%
ICACHE_CYCLE_NONRA_OFFPATH                           0         -nan%                0         -nan%
ICACHE_CYCLE_RA_ONPATH                               0         -nan%                0         -nan%
ICACHE_CYCLE_RA_OFFPATH                              0         -nan%                0         -nan%
                                                     0         -nan%                0         -nan%
                                                  -nan         -nan              -nan         -nan

ICACHE_CYCLE_ONPATH_NONRA                            0         -nan%                0         -nan%
ICACHE_CYCLE_OFFPATH_NONRA                           0         -nan%                0         -nan%
                                                     0         -nan%                0         -nan%
                                                  -nan         -nan              -nan         -nan

ICACHE_CYCLE_ONPATH_RA                               0         -nan%                0         -nan%
ICACHE_CYCLE_OFFPATH_RA                              0         -nan%                0         -nan%
                                                     0         -nan%                0         -nan%
                                                  -nan         -nan              -nan         -nan

INACCURATE_OFFPATH_CYCLES                            0        0.0000                0        0.0000

FETCH_ALL_INST                                13085851                       39280255              

EXEC_ALL_INST                                 11351023                       33651412              

RET_ALL_INST                                  12016223                       35546399              

EXEC_ON_PATH_INST                             11194712       98.623%         33088120       98.326%
EXEC_OFF_PATH_INST                              156311        1.377%           563292        1.674%
                                              11351023      100.000%         33651412      100.000%
                                                  0.01         0.12              0.02         0.13

EXEC_ON_PATH_INST_MEM                          3747518       33.015%         11575710       34.399%
EXEC_ON_PATH_INST_NOTMEM                       7447194       65.608%         21512410       63.927%
EXEC_OFF_PATH_INST_MEM                           48508        0.427%           160248        0.476%
EXEC_OFF_PATH_INST_NOTMEM                       107803        0.950%           403044        1.198%
                                              11351023      100.000%         33651412      100.000%
                                                  0.69         0.35              0.68         0.38

EXEC_RA_INST                                         0         -nan%                0         -nan%
EXEC_NONRA_INST                                      0         -nan%                0         -nan%
                                                     0         -nan%                0         -nan%
                                                  -nan         -nan              -nan         -nan

EXEC_ON_PATH_INST_RA                                 0         -nan%                0         -nan%
EXEC_OFF_PATH_INST_RA                                0         -nan%                0         -nan%
                                                     0         -nan%                0         -nan%
                                                  -nan         -nan              -nan         -nan

EXEC_ON_PATH_INST_NONRA                              0         -nan%                0         -nan%
EXEC_OFF_PATH_INST_NONRA                             0         -nan%                0         -nan%
                                                     0         -nan%                0         -nan%
                                                  -nan         -nan              -nan         -nan

EXEC_RA_ON_PATH_INST                                 0         -nan%                0         -nan%
EXEC_RA_OFF_PATH_INST                                0         -nan%                0         -nan%
EXEC_NONRA_ON_PATH_INST                              0         -nan%                0         -nan%
EXEC_NONRA_OFF_PATH_INST                             0         -nan%                0         -nan%
                                                     0         -nan%                0         -nan%
                                                  -nan         -nan              -nan         -nan

ICACHE_THROTTLE_CYCLE                                0                              0              

FETCH_ENABLE_THROTTLE_OFF_PATH                       0         -nan%                0         -nan%
FETCH_ENABLE_THROTTLE_ON_PATH                        0         -nan%                0         -nan%
                                                     0         -nan%                0         -nan%
                                                  -nan         -nan              -nan         -nan

FETCH_DISABLE_THROTTLE_OFF_PATH                      0         -nan%                0         -nan%
FETCH_DISABLE_THROTTLE_ON_PATH                       0         -nan%                0         -nan%
                                                     0         -nan%                0         -nan%
                                                  -nan         -nan              -nan         -nan

FETCH_TH_ADJUST__0                                   0         -nan%                0         -nan%
FETCH_TH_ADJUST__1                                   0         -nan%                0         -nan%
FETCH_TH_ADJUST__2                                   0         -nan%                0         -nan%
FETCH_TH_ADJUST__3                                   0         -nan%                0         -nan%
FETCH_TH_ADJUST__4                                   0         -nan%                0         -nan%
FETCH_TH_ADJUST__5                                   0         -nan%                0         -nan%
FETCH_TH_ADJUST__6                                   0         -nan%                0         -nan%
FETCH_TH_ADJUST__7                                   0         -nan%                0         -nan%
FETCH_TH_ADJUST__8                                   0         -nan%                0         -nan%
FETCH_TH_ADJUST__9                                   0         -nan%                0         -nan%
FETCH_TH_ADJUST__MAX                                 0         -nan%                0         -nan%
                                                     0         -nan%                0         -nan%
                                                  -nan         -nan              -nan         -nan

FETCH_TH_ADJUST_UP                                   0         -nan%                0         -nan%
FETCH_TH_ADJUST_DOWN                                 0         -nan%                0         -nan%
FETCH_TH_ADJUST_SAME                                 0         -nan%                0         -nan%
                                                     0         -nan%                0         -nan%
                                                  -nan         -nan              -nan         -nan

THROTTLE_ADJUST_CACHE_MISS_INFO                      0                              0              

LOW_CONF_COUNT_BP_MIS_0                              0         -nan%                0         -nan%
LOW_CONF_COUNT_BP_MIS_1                              0         -nan%                0         -nan%
LOW_CONF_COUNT_BP_MIS_2                              0         -nan%                0         -nan%
LOW_CONF_COUNT_BP_MIS_3                              0         -nan%                0         -nan%
LOW_CONF_COUNT_BP_MIS_4                              0         -nan%                0         -nan%
LOW_CONF_COUNT_BP_MIS_5                              0         -nan%                0         -nan%
LOW_CONF_COUNT_BP_MIS_6                              0         -nan%                0         -nan%
LOW_CONF_COUNT_BP_MIS_7                              0         -nan%                0         -nan%
LOW_CONF_COUNT_BP_MIS_8                              0         -nan%                0         -nan%
LOW_CONF_COUNT_BP_MIS_9                              0         -nan%                0         -nan%
LOW_CONF_COUNT_BP_MIS_10                             0         -nan%                0         -nan%
LOW_CONF_COUNT_BP_MIS_11                             0         -nan%                0         -nan%
LOW_CONF_COUNT_BP_MIS_12                             0         -nan%                0         -nan%
LOW_CONF_COUNT_BP_MIS_13                             0         -nan%                0         -nan%
LOW_CONF_COUNT_BP_MIS_14                             0         -nan%                0         -nan%
LOW_CONF_COUNT_BP_MIS_15                             0         -nan%                0         -nan%
LOW_CONF_COUNT_BP_MIS_16                             0         -nan%                0         -nan%
LOW_CONF_COUNT_BP_MIS_17                             0         -nan%                0         -nan%
LOW_CONF_COUNT_BP_MIS_18                             0         -nan%                0         -nan%
LOW_CONF_COUNT_BP_MIS_19                             0         -nan%                0         -nan%
LOW_CONF_COUNT_BP_MIS_20                             0         -nan%                0         -nan%
                                                     0         -nan%                0         -nan%
                                                  -nan         -nan              -nan         -nan

LOW_CONF_COUNT_RET_0                                 0         -nan%                0         -nan%
LOW_CONF_COUNT_RET_1                                 0         -nan%                0         -nan%
LOW_CONF_COUNT_RET_2                                 0         -nan%                0         -nan%
LOW_CONF_COUNT_RET_3                                 0         -nan%                0         -nan%
LOW_CONF_COUNT_RET_4                                 0         -nan%                0         -nan%
LOW_CONF_COUNT_RET_5                                 0         -nan%                0         -nan%
LOW_CONF_COUNT_RET_6                                 0         -nan%                0         -nan%
LOW_CONF_COUNT_RET_7                                 0         -nan%                0         -nan%
LOW_CONF_COUNT_RET_8                                 0         -nan%                0         -nan%
LOW_CONF_COUNT_RET_9                                 0         -nan%                0         -nan%
LOW_CONF_COUNT_RET_10                                0         -nan%                0         -nan%
LOW_CONF_COUNT_RET_11                                0         -nan%                0         -nan%
LOW_CONF_COUNT_RET_12                                0         -nan%                0         -nan%
LOW_CONF_COUNT_RET_13                                0         -nan%                0         -nan%
LOW_CONF_COUNT_RET_14                                0         -nan%                0         -nan%
LOW_CONF_COUNT_RET_15                                0         -nan%                0         -nan%
LOW_CONF_COUNT_RET_16                                0         -nan%                0         -nan%
LOW_CONF_COUNT_RET_17                                0         -nan%                0         -nan%
LOW_CONF_COUNT_RET_18                                0         -nan%                0         -nan%
LOW_CONF_COUNT_RET_19                                0         -nan%                0         -nan%
LOW_CONF_COUNT_RET_20                                0         -nan%                0         -nan%
                                                     0         -nan%                0         -nan%
                                                  -nan         -nan              -nan         -nan

CYCLES_RESTEER_RECOVER_AT_EXEC                       0         -nan%                0         -nan%
CYCLES_RESTEER_RECOVER_AT_DECODE                     0         -nan%                0         -nan%
CYCLES_RESTEER_BTB_MISS                              0         -nan%                0         -nan%
                                                     0         -nan%                0         -nan%
                                                  -nan         -nan              -nan         -nan

CYCLES_RESTEER_RECOVER_AT_EXEC_SAVED_UC_FETCH             0         -nan%                0         -nan%
CYCLES_RESTEER_RECOVER_AT_EXEC_COULD_BE_SAVED_UC_FETCH             0         -nan%                0         -nan%
CYCLES_RESTEER_RECOVER_AT_DECODE_SAVED_UC_FETCH             0         -nan%                0         -nan%
CYCLES_RESTEER_RECOVER_AT_DECODE_COULD_BE_SAVED_UC_FETCH             0         -nan%                0         -nan%
CYCLES_RESTEER_BTB_MISS_SAVED_UC_FETCH               0         -nan%                0         -nan%
CYCLES_RESTEER_BTB_MISS_COULD_BE_SAVED_UC_FETCH             0         -nan%                0         -nan%
                                                     0         -nan%                0         -nan%
                                                  -nan         -nan              -nan         -nan

CYCLES_UOC_IC_SWITCH                                 0                              0              



