Scarab gitrev: 9d16f20b4
Warning: Scarab expects the trace file type to include OFFLINE_FILE_TYPE_ARCH_REGDEPS (0x20000), but got type: 0xe40
Scarab started at Tue Jul 21 04:15:04 2026

Initialized Ramulator. 
Expected data2 but found type 'instr'
Stray memory record detected at seq. 181733: PC: 0x7f53b4bf5ce1, PID: 397553, TID: 397553, Addr: 0x7ffcb2283f40. Suppressing further messages.
Patching gap in trace by injecting a Jmp, prior PC: 7f53b4bf5cd4 next PC: 7f53b4bf5ce5
Expected data2 but found type 'instr'
Patching gap in trace by injecting a Jmp, prior PC: 7f53b4bf5cd4 next PC: 7f53b4bf5ce5
** Heartbeat:   3% -- { 1000000 } -- 0.00 KIPS (23.81 KIPS)
** Heartbeat:   6% -- { 2000000 } -- 25.64 KIPS (24.69 KIPS)
** Heartbeat:  10% -- { 3000000 } -- 25.00 KIPS (24.79 KIPS)
** Heartbeat:  13% -- { 4000003 } -- 26.32 KIPS (25.16 KIPS)
** Heartbeat:  16% -- { 5000010 } -- 23.81 KIPS (24.88 KIPS)
** Heartbeat:  20% -- { 6000015 } -- 25.64 KIPS (25.00 KIPS)
** Heartbeat:  23% -- { 7000018 } -- 27.78 KIPS (25.36 KIPS)
** Heartbeat:  26% -- { 8000018 } -- 30.30 KIPS (25.89 KIPS)
** Heartbeat:  30% -- { 9000024 } -- 30.30 KIPS (26.32 KIPS)
Patching gap in trace by injecting a Jmp, prior PC: 7f53b41ba749 next PC: 7f53b41bddf1
** Heartbeat:  33% -- { 10000026 } -- 31.25 KIPS (26.74 KIPS)
** Heartbeat:  36% -- { 11000028 } -- 32.26 KIPS (27.16 KIPS)
** Heartbeat:  40% -- { 12000033 } -- 33.33 KIPS (27.59 KIPS)
** Heartbeat:  43% -- { 13000034 } -- 30.30 KIPS (27.78 KIPS)
** Heartbeat:  46% -- { 14000034 } -- 30.30 KIPS (27.94 KIPS)
** Heartbeat:  50% -- { 15000035 } -- 28.57 KIPS (27.99 KIPS)
** Heartbeat:  53% -- { 16000038 } -- 33.33 KIPS (28.27 KIPS)
** Heartbeat:  56% -- { 17000042 } -- 27.03 KIPS (28.19 KIPS)
** Heartbeat:  60% -- { 18000048 } -- 22.73 KIPS (27.82 KIPS)
** Heartbeat:  63% -- { 19000048 } -- 30.30 KIPS (27.94 KIPS)
** Heartbeat:  66% -- { 20000053 } -- 22.73 KIPS (27.62 KIPS)
** Heartbeat:  70% -- { 21000054 } -- 25.64 KIPS (27.52 KIPS)
** Heartbeat:  73% -- { 22000057 } -- 23.81 KIPS (27.33 KIPS)
** Heartbeat:  76% -- { 23000060 } -- 27.78 KIPS (27.35 KIPS)
** Heartbeat:  80% -- { 24000062 } -- 30.30 KIPS (27.46 KIPS)
** Heartbeat:  83% -- { 25000066 } -- 33.33 KIPS (27.65 KIPS)
** Heartbeat:  86% -- { 26000070 } -- 35.71 KIPS (27.90 KIPS)
** Heartbeat:  90% -- { 27000073 } -- 35.71 KIPS (28.13 KIPS)
** Heartbeat:  93% -- { 28000078 } -- 32.26 KIPS (28.25 KIPS)
** Heartbeat:  96% -- { 29000080 } -- 32.26 KIPS (28.38 KIPS)
Reached end of trace (last_inst) pc=0x7f53b41ba840
** Core 0 Finished:    insts:29999995    cycles:7303135     time:2282229687500       -- 4.11 IPC (4.11 IPC) --  N/A  KIPS (28.54 KIPS)
Scarab finished at Tue Jul 21 04:32:35 2026

