/* -*- Mode: c -*- */
####################################################################################################
Core 0
####################################################################################################
Cumulative:        Cycles: 15217512              Instructions: 29999999              IPC: 1.97141

Periodic:          Cycles: 5440682               Instructions: 9999998               IPC: 1.83800

DCACHE_PREF_HIT                                      0                              0              

IFETCH_WB_FIRST_SCHEDULE                             0         -nan%                0         -nan%
PREFETCH_LAST_SCHEDULE                               0         -nan%                0         -nan%
DEMAND_PASS_PREF_SCHEDULE                            0         -nan%                0         -nan%
DEMAND_PASS_LOW_OP_SCHEDULE                          0         -nan%                0         -nan%
DEMAND_LAST_SCHEDULE                                 0         -nan%                0         -nan%
                                                     0         -nan%                0         -nan%
                                                  -nan         -nan              -nan         -nan

SEND_MISS_REQ_QUEUE                             164473                         456810              

L1_DATA_EVICT                                   164473                         424014              

STREAM_BUFFER_REQ                                    0                              0              

PREF_SEND_TO_MEM_REQ                                 0         -nan%                0         -nan%
PREF_SEND_TO_MEM_REQ_FAIL                            0         -nan%                0         -nan%
                                                     0         -nan%                0         -nan%
                                                  -nan         -nan              -nan         -nan

HIT_TRAIN_STREAM                                148370       90.209%           409517       90.757%
MISS_TRAIN_STREAM                                16103        9.791%            41706        9.243%
                                                164473      100.000%           451223      100.000%
                                                  0.10         0.28              0.09         0.28

STREAM_TRAIN_CREATE                               6576                          17116              

MEM_REQ_MISS_HWP_PREF_Q                              0         -nan%                0         -nan%
MEM_REQ_MISS_SW_PREF_Q                               0         -nan%                0         -nan%
MEM_REQ_MISS_IFETCH_Q                                0         -nan%                0         -nan%
MEM_REQ_MISS_DFETCH_Q                                0         -nan%                0         -nan%
MEM_REQ_MISS_DSTORE_Q                                0         -nan%                0         -nan%
MEM_REQ_MISS_DPRF_Q                                  0         -nan%                0         -nan%
MEM_REQ_MISS_WB_Q                                    0         -nan%                0         -nan%
                                                     0         -nan%                0         -nan%
                                                  -nan         -nan              -nan         -nan

PREF_HIT_BY_DEMAND_IFETCH                            0         -nan%                0         -nan%
PREF_HIT_BY_DEMAND_DFETCH                            0         -nan%                0         -nan%
PREF_HIT_BY_DEMAND_DSTORE                            0         -nan%                0         -nan%
PREF_HIT_BY_DEMAND_IPREF                             0         -nan%                0         -nan%
PREF_HIT_BY_DEMAND_DPRF                              0         -nan%                0         -nan%
PREF_HIT_BY_DEMAND_WB                                0         -nan%                0         -nan%
PREF_HIT_BY_PREF                                     0         -nan%                0         -nan%
                                                     0         -nan%                0         -nan%
                                                  -nan         -nan              -nan         -nan

PREF_HIT_DEMAND_IFETCH                               0         -nan%                0         -nan%
PREF_HIT_DEMAND_DFETCH                               0         -nan%                0         -nan%
PREF_HIT_DEMAND_DSTORE                               0         -nan%                0         -nan%
PREF_HIT_DEMAND_IPREF                                0         -nan%                0         -nan%
PREF_HIT_DEMAND_DPRF                                 0         -nan%                0         -nan%
PREF_HIT_DEMAND_WB                                   0         -nan%                0         -nan%
                                                     0         -nan%                0         -nan%
                                                  -nan         -nan              -nan         -nan

PREF_L1_FILL                                         0         -nan%                0         -nan%
DEMAND_L1_FILL                                       0         -nan%                0         -nan%
                                                     0         -nan%                0         -nan%
                                                  -nan         -nan              -nan         -nan

TOUCH_L1_REPLACE                                     0        0.000%                0        0.000%
NO_TOUCH_L1_REPLACE                             164473      100.000%           424014      100.000%
                                                164473      100.000%           424014      100.000%
                                                  1.00         1.00              1.00         1.00

PREF_REQ_QUE_FULL                                    0                              0              

STREAM_REQ_QUEUE_HIT_BY_DEMAND                       0                              0              

L2HIT_STREAM_PREF_REQ_QUE_FULL                       0                              0              

L2HIT_HIT_TRAIN_STREAM                               0         -nan%                0         -nan%
L2HIT_MISS_TRAIN_STREAM                              0         -nan%                0         -nan%
                                                     0         -nan%                0         -nan%
                                                  -nan         -nan              -nan         -nan

L2HIT_STREAM_TRAIN_CREATE                            0                              0              

L2HIT_STREAM_BUFFER_REQ                              0                              0              

L2HIT_STREAM_PREF_DCACHE_HIT                         0         -nan%                0         -nan%
L2HIT_STREAM_PREF_DCACHE_INSERT                      0         -nan%                0         -nan%
L2HIT_STREAM_L2_MISS                                 0         -nan%                0         -nan%
                                                     0         -nan%                0         -nan%
                                                  -nan         -nan              -nan         -nan

L2HIT_STREAM_DCACHE_PORT_FULL                        0                              0              

L2HIT_STREAM_PREF_L1_PORT_FULL                       0                              0              

L2HIT_TRAIN_HIT_DEMAND                               0         -nan%                0         -nan%
L2HIT_TRAIN_MISS_REQ                                 0         -nan%                0         -nan%
                                                     0         -nan%                0         -nan%
                                                  -nan         -nan              -nan         -nan

L2HIT_TRAIN_FILTER_MISS                              0         -nan%                0         -nan%
L2HIT_TRAIN_FILTER_HIT                               0         -nan%                0         -nan%
                                                     0         -nan%                0         -nan%
                                                  -nan         -nan              -nan         -nan

L2HIT_PREF_REQ_DCACHE_HIT                            0         -nan%                0         -nan%
L2HIT_PREF_REQ_DCACHE_MISS                           0         -nan%                0         -nan%
                                                     0         -nan%                0         -nan%
                                                  -nan         -nan              -nan         -nan

L2HIT_L2SEND_Q_FULL                                  0         -nan%                0         -nan%
L2HIT_L2SEND_Q_ENTER                                 0         -nan%                0         -nan%
                                                     0         -nan%                0         -nan%
                                                  -nan         -nan              -nan         -nan

L2HIT_MEM_REQ                                        0                              0              

REMOVE_REDUNDANT_STREAM_STAT                         0                              0              

REPLACE_OLD_STREAM                                6576                          17100              

REQ_SEND_QUEUE_STALL                                 0                              0              

STREAM_ENTER_RA                                      0                              0              

CORE_STREAM_LENGTH_0                                 0        0.000%                4        0.592%
CORE_STREAM_LENGTH_10                              191       75.494%              511       75.592%
CORE_STREAM_LENGTH_20                               53       20.949%              118       17.456%
CORE_STREAM_LENGTH_30                                7        2.767%               22        3.254%
CORE_STREAM_LENGTH_40                                1        0.395%                7        1.036%
CORE_STREAM_LENGTH_50                                0        0.000%                1        0.148%
CORE_STREAM_LENGTH_60                                0        0.000%                0        0.000%
CORE_STREAM_LENGTH_70                                0        0.000%                1        0.148%
CORE_STREAM_LENGTH_80                                0        0.000%                1        0.148%
CORE_STREAM_LENGTH_90                                0        0.000%                0        0.000%
CORE_STREAM_LENGTH_100_P                             1        0.395%               11        1.627%
                                                   253      100.000%              676      100.000%
                                                  1.31         0.77              1.44         1.31

CORE_CUM_STREAM_LENGTH_0                             0        0.000%               30        0.006%
CORE_CUM_STREAM_LENGTH_10                         2575        0.654%             6792        1.465%
CORE_CUM_STREAM_LENGTH_20                         1193        0.303%             2696        0.582%
CORE_CUM_STREAM_LENGTH_30                          225        0.057%              714        0.154%
CORE_CUM_STREAM_LENGTH_40                           42        0.011%              308        0.066%
CORE_CUM_STREAM_LENGTH_50                            0        0.000%               57        0.012%
CORE_CUM_STREAM_LENGTH_60                            0        0.000%                0        0.000%
CORE_CUM_STREAM_LENGTH_70                            0        0.000%               73        0.016%
CORE_CUM_STREAM_LENGTH_80                            0        0.000%               80        0.017%
CORE_CUM_STREAM_LENGTH_90                            0        0.000%                0        0.000%
CORE_CUM_STREAM_LENGTH_100_P                    389938       98.976%           452866       97.681%
                                                393973      100.000%           463616      100.000%
                                                  9.91         9.90              9.80         9.77

CORE_STREAM_TRAIN_HITS_0                           250       98.814%              642       94.970%
CORE_STREAM_TRAIN_HITS_10                            2        0.791%               18        2.663%
CORE_STREAM_TRAIN_HITS_20                            0        0.000%                1        0.148%
CORE_STREAM_TRAIN_HITS_30                            0        0.000%                1        0.148%
CORE_STREAM_TRAIN_HITS_40                            0        0.000%                2        0.296%
CORE_STREAM_TRAIN_HITS_50                            0        0.000%                3        0.444%
CORE_STREAM_TRAIN_HITS_60                            0        0.000%                0        0.000%
CORE_STREAM_TRAIN_HITS_70                            0        0.000%                0        0.000%
CORE_STREAM_TRAIN_HITS_80                            0        0.000%                0        0.000%
CORE_STREAM_TRAIN_HITS_90                            0        0.000%                0        0.000%
CORE_STREAM_TRAIN_HITS_100_P                         1        0.395%                9        1.331%
                                                   253      100.000%              676      100.000%
                                                  0.05         0.63              0.20         1.21

CORE_CUM_STREAM_TRAIN_HITS_0                      1338        0.380%             3451        0.837%
CORE_CUM_STREAM_TRAIN_HITS_10                       20        0.006%              214        0.052%
CORE_CUM_STREAM_TRAIN_HITS_20                        0        0.000%               25        0.006%
CORE_CUM_STREAM_TRAIN_HITS_30                        0        0.000%               30        0.007%
CORE_CUM_STREAM_TRAIN_HITS_40                        0        0.000%               89        0.022%
CORE_CUM_STREAM_TRAIN_HITS_50                        0        0.000%              172        0.042%
CORE_CUM_STREAM_TRAIN_HITS_60                        0        0.000%                0        0.000%
CORE_CUM_STREAM_TRAIN_HITS_70                        0        0.000%                0        0.000%
CORE_CUM_STREAM_TRAIN_HITS_80                        0        0.000%                0        0.000%
CORE_CUM_STREAM_TRAIN_HITS_90                        0        0.000%                0        0.000%
CORE_CUM_STREAM_TRAIN_HITS_100_P                350947       99.615%           408240       99.034%
                                                352305      100.000%           412221      100.000%
                                                  9.96         9.94              9.91         9.86

CORE_STREAM_TRAIN_CREATE                          6576                          17116              



