/* -*- Mode: c -*- */
####################################################################################################
Core 0
####################################################################################################
Cumulative:        Cycles: 112633964             Instructions: 59999999              IPC: 0.53270

Periodic:          Cycles: 112633964             Instructions: 59999999              IPC: 0.53270

EXECUTION_TIME                           35198113750000                  35198113750000              

SIM_HOST_WALL_SECONDS                      1289.268783                    1289.268783              

NODE_CYCLE                                   112633964                      112633964              

NODE_INST_COUNT                               61973268                       61973268              

NODE_INST_COUNT_FETCHED                       59999999                       59999999              

NODE_UOP_COUNT                                72539146                       72539146              

EXEC_STAGE_NO_ISSUE_STALL_CYCLE               32330683                       32330683              

EXEC_STAGE_NO_ISSUE_STALL_CYCLE_ONPATH        18288621                       18288621              

FULL_WINDOW_STALL                                 1778        0.002%             1778        0.002%

FULL_WINDOW_MEM_OP                                1725       99.653%             1725       99.653%
FULL_WINDOW_FP_OP                                    6        0.347%                6        0.347%
FULL_WINDOW_OTHER_OP                                 0        0.000%                0        0.000%
                                                  1731      100.000%             1731      100.000%
                                                  0.00         0.06              0.00         0.06

RET_BLOCKED_DC_MISS                           93032751       82.597%         93032751       82.597%

RET_BLOCKED_L1_MISS                           72187853       64.091%         72187853       64.091%

RET_BLOCKED_L1_MISS_BW_PREF                    2766200        2.456%          2766200        2.456%

RET_BLOCKED_L1_ACCESS                         20850213       18.511%         20850213       18.511%

RET_BLOCKED_MEM_STALL                         72188615       64.091%         72188615       64.091%

RET_BLOCKED_OFFCHIP_DEMAND                           0        0.000%                0        0.000%

OP_ISSUED                                    107546264                      107546264              

OP_RETIRED                                    72539146                       72539146              

OP_MACRO_FUSION_ONPATH                        12243988                       12243988              

OP_MACRO_FUSION_OFFPATH                       10219238                       10219238              

REPLAY_SIGNALED                                      0                              0              

REPLAY_COUNTED                                       0                              0              

OFF_CRITICAL_PATH                                    0         -nan%                0         -nan%
ON_CRITICAL_PATH                                     0         -nan%                0         -nan%
                                                     0         -nan%                0         -nan%
                                                  -nan         -nan              -nan         -nan

LD_NO_DEPENDENTS                                    74        0.000%               74        0.000%
LD_DEPENDENTS                                 15919051      100.000%         15919051      100.000%
                                              15919125      100.000%         15919125      100.000%
                                                  1.00         1.00              1.00         1.00

LD_EXEC_CYCLES_0                                     0        0.000%                0        0.000%
LD_EXEC_CYCLES_1                                731032       85.861%           731032       85.861%
LD_EXEC_CYCLES_2                                 32972        3.873%            32972        3.873%
LD_EXEC_CYCLES_3                                 22164        2.603%            22164        2.603%
LD_EXEC_CYCLES_4                                 65247        7.663%            65247        7.663%
                                                851415      100.000%           851415      100.000%
                                                  1.32         0.93              1.32         0.93

LD_EXEC_MINUS_FETCH_LATENCY                 2768628229                     2768628229              

LD_RETIRE_MINUS_FETCH_LATENCY               5503424351                     5503424351              

ICACHE_STAGE_STARVED                            876772        2.835%           876772        2.835%
ICACHE_STAGE_NOT_STARVED                      30047775       97.165%         30047775       97.165%
                                              30924547      100.000%         30924547      100.000%
                                                  0.97         0.96              0.97         0.96

ICACHE_STAGE_STALLED                          17495026       15.533%         17495026       15.533%
ICACHE_STAGE_NOT_STALLED                      13429521       11.923%         13429521       11.923%
ICACHE_STAGE_OFF_PATH                         81709417       72.544%         81709417       72.544%
                                             112633964      100.000%        112633964      100.000%
                                                  1.57         1.40              1.57         1.40

DECODE_STAGE_STARVED                         101223901       99.802%        101223901       99.802%
DECODE_STAGE_NOT_STARVED                        200852        0.198%           200852        0.198%
                                             101424753      100.000%        101424753      100.000%
                                                  0.00         0.04              0.00         0.04

DECODE_STAGE_STALLED                             70996        0.063%            70996        0.063%
DECODE_STAGE_NOT_STALLED                     101353757       89.985%        101353757       89.985%
DECODE_STAGE_OFF_PATH                         11209211        9.952%         11209211        9.952%
                                             112633964      100.000%        112633964      100.000%
                                                  1.10         0.46              1.10         0.46

UOPQ_STAGE_STARVED                            23928560       80.877%         23928560       80.877%
UOPQ_STAGE_NOT_STARVED                         5657835       19.123%          5657835       19.123%
                                              29586395      100.000%         29586395      100.000%
                                                  0.19         0.36              0.19         0.36

UOPQ_STAGE_STALLED                            17772251       15.779%         17772251       15.779%
UOPQ_STAGE_NOT_STALLED                        29586395       26.268%         29586395       26.268%
UOPQ_STAGE_OFF_PATH                           65275318       57.953%         65275318       57.953%
                                             112633964      100.000%        112633964      100.000%
                                                  1.42         1.19              1.42         1.19

RS_OP_READY_NOT_ISSUED_TOTAL                  44514165                       44514165              

RS_0_OP_READY_NOT_ISSUED                      37130265                       37130265              

RS_1_OP_READY_NOT_ISSUED                       5141363                        5141363              

RS_2_OP_READY_NOT_ISSUED                       2242537                        2242537              

RS_3_OP_READY_NOT_ISSUED                             0                              0              

RS_4_OP_READY_NOT_ISSUED                             0                              0              

RS_5_OP_READY_NOT_ISSUED                             0                              0              

RS_6_OP_READY_NOT_ISSUED                             0                              0              

RS_7_OP_READY_NOT_ISSUED                             0                              0              

RS_7_PLUS_OP_READY_NOT_ISSUED                        0                              0              

FU_IDLE_NO_READY_OPS_TOTAL                   900315615                      900315615              

FU_0_IDLE_NO_READY_OPS                        80414686                       80414686              

FU_1_IDLE_NO_READY_OPS                        84472319                       84472319              

FU_2_IDLE_NO_READY_OPS                        90176662                       90176662              

FU_3_IDLE_NO_READY_OPS                        90172974                       90172974              

FU_4_IDLE_NO_READY_OPS                        84719898                       84719898              

FU_5_IDLE_NO_READY_OPS                        81648578                       81648578              

FU_6_IDLE_NO_READY_OPS                       106486313                      106486313              

FU_7_IDLE_NO_READY_OPS                       106477279                      106477279              

FU_8_IDLE_NO_READY_OPS                        85574493                       85574493              

FU_9_IDLE_NO_READY_OPS                        90172413                       90172413              

FU_10_IDLE_NO_READY_OPS                              0                              0              

FU_11_IDLE_NO_READY_OPS                              0                              0              

FU_12_IDLE_NO_READY_OPS                              0                              0              

FU_13_IDLE_NO_READY_OPS                              0                              0              

FU_14_IDLE_NO_READY_OPS                              0                              0              

FU_15_IDLE_NO_READY_OPS                              0                              0              

FU_16_IDLE_NO_READY_OPS                              0                              0              

FU_17_IDLE_NO_READY_OPS                              0                              0              

FU_18_IDLE_NO_READY_OPS                              0                              0              

FU_19_IDLE_NO_READY_OPS                              0                              0              

FU_20_IDLE_NO_READY_OPS                              0                              0              

FU_21_IDLE_NO_READY_OPS                              0                              0              

FU_22_IDLE_NO_READY_OPS                              0                              0              

FU_23_IDLE_NO_READY_OPS                              0                              0              

FU_24_IDLE_NO_READY_OPS                              0                              0              

FU_25_IDLE_NO_READY_OPS                              0                              0              

FU_26_IDLE_NO_READY_OPS                              0                              0              

FU_27_IDLE_NO_READY_OPS                              0                              0              

FU_28_IDLE_NO_READY_OPS                              0                              0              

FU_29_IDLE_NO_READY_OPS                              0                              0              

FU_30_IDLE_NO_READY_OPS                              0                              0              

FU_31_IDLE_NO_READY_OPS                              0                              0              

FU_31_PLUS_IDLE_NO_READY_OPS                         0                              0              

MAP_STAGE_STARVED                              2248065       13.778%          2248065       13.778%
MAP_STAGE_NOT_STARVED                         14068255       86.222%         14068255       86.222%
                                              16316320      100.000%         16316320      100.000%
                                                  0.86         0.81              0.86         0.81

MAP_STAGE_STALLED                                  241        0.001%              241        0.001%
MAP_STAGE_NOT_STALLED                         16316079       55.456%         16316079       55.456%
MAP_STAGE_OFF_PATH                            13105510       44.543%         13105510       44.543%
                                              29421830      100.000%         29421830      100.000%
                                                  1.45         1.09              1.45         1.09

MAP_STAGE_STALL_ITSELF                        83212134       73.878%         83212134       73.878%
MAP_STAGE_NOT_STALL_ITSELF                    29421830       26.122%         29421830       26.122%
                                             112633964      100.000%        112633964      100.000%
                                                  0.26         0.40              0.26         0.40

MAP_STAGE_LATE_ALLOCATE_SEND_BACK                    0                              0              

MAP_STAGE_RENAME_OP_ONPATH                    72539146                       72539146              

MAP_STAGE_RENAME_OP_OFFPATH                   65442403                       65442403              

MAP_STAGE_RENAME_INT_REG_ONPATH               61442958                       61442958              

MAP_STAGE_RENAME_INT_REG_OFFPATH              61601906                       61601906              

MAP_STAGE_RENAME_VEC_REG_ONPATH                2101293                        2101293              

MAP_STAGE_RENAME_VEC_REG_OFFPATH               3117721                        3117721              

MAP_STAGE_RENAME_MOVE_ELIM_ONPATH                    0                              0              

MAP_STAGE_RENAME_MOVE_ELIM_OFFPATH                   0                              0              

MAP_STAGE_ONPATH_INT_REG_NUM_ALLOC            64068929                       64068929              

MAP_STAGE_ONPATH_VEC_REG_NUM_ALLOC             2101284                        2101284              

MAP_STAGE_ONPATH_INT_REG_NUM_SHORTLIVE        27273613                       27273613              

MAP_STAGE_ONPATH_VEC_REG_NUM_SHORTLIVE          525738                         525738              

MAP_STAGE_ONPATH_INT_REG_USE_COUNT_0          13100350                       13100350              

MAP_STAGE_ONPATH_VEC_REG_USE_COUNT_0                 5                              5              

MAP_STAGE_ONPATH_INT_REG_USE_COUNT_1          32774508                       32774508              

MAP_STAGE_ONPATH_VEC_REG_USE_COUNT_1           1949251                        1949251              

MAP_STAGE_ONPATH_INT_REG_USE_COUNT_2          13259520                       13259520              

MAP_STAGE_ONPATH_VEC_REG_USE_COUNT_2            152028                         152028              

MAP_STAGE_ONPATH_INT_REG_USE_COUNT_3           3872938                        3872938              

MAP_STAGE_ONPATH_VEC_REG_USE_COUNT_3                 0                              0              

MAP_STAGE_ONPATH_INT_REG_USE_COUNT_4            595349                         595349              

MAP_STAGE_ONPATH_VEC_REG_USE_COUNT_4                 0                              0              

MAP_STAGE_ONPATH_INT_REG_USE_COUNT_5             29711                          29711              

MAP_STAGE_ONPATH_VEC_REG_USE_COUNT_5                 0                              0              

MAP_STAGE_ONPATH_INT_REG_USE_COUNT_6            259195                         259195              

MAP_STAGE_ONPATH_VEC_REG_USE_COUNT_6                 0                              0              

MAP_STAGE_ONPATH_INT_REG_USE_COUNT_7_PLUS        177358                         177358              

MAP_STAGE_ONPATH_VEC_REG_USE_COUNT_7_PLUS             0                              0              

MAP_STAGE_ONPATH_INT_REG_CONSUME_DIST_0              0        0.0000                0        0.0000

MAP_STAGE_ONPATH_VEC_REG_CONSUME_DIST_0              0        0.0000                0        0.0000

MAP_STAGE_ONPATH_INT_REG_CONSUME_DIST_1              0        0.0000                0        0.0000

MAP_STAGE_ONPATH_VEC_REG_CONSUME_DIST_1              0        0.0000                0        0.0000

MAP_STAGE_ONPATH_INT_REG_CONSUME_DIST_2      188923970       14.2482        188923970       14.2482

MAP_STAGE_ONPATH_VEC_REG_CONSUME_DIST_2        8512057       55.9901          8512057       55.9901

MAP_STAGE_ONPATH_INT_REG_CONSUME_DIST_3       55066815       14.2184         55066815       14.2184

MAP_STAGE_ONPATH_VEC_REG_CONSUME_DIST_3              0          -nan                0          -nan

MAP_STAGE_ONPATH_INT_REG_CONSUME_DIST_4       31659043       53.1773         31659043       53.1773

MAP_STAGE_ONPATH_VEC_REG_CONSUME_DIST_4              0          -nan                0          -nan

MAP_STAGE_ONPATH_INT_REG_CONSUME_DIST_5        2271703       76.4600          2271703       76.4600

MAP_STAGE_ONPATH_VEC_REG_CONSUME_DIST_5              0          -nan                0          -nan

MAP_STAGE_ONPATH_INT_REG_CONSUME_DIST_6       25197033       97.2127         25197033       97.2127

MAP_STAGE_ONPATH_VEC_REG_CONSUME_DIST_6              0          -nan                0          -nan

MAP_STAGE_ONPATH_INT_REG_CONSUME_DIST_7_PLUS     735759910     4148.4450        735759910     4148.4450

MAP_STAGE_ONPATH_VEC_REG_CONSUME_DIST_7_PLUS             0          -nan                0          -nan

MAP_STAGE_INT_REG_ISSUE_READ_TOTAL_CONSUMED     142004633        4.3923        142004633        4.3923

MAP_STAGE_VEC_REG_ISSUE_READ_TOTAL_CONSUMED       2773634        0.0858          2773634        0.0858

MAP_STAGE_INT_REG_ISSUE_READ_MULTI_CONSUMED      68153593        2.1080         68153593        2.1080

MAP_STAGE_VEC_REG_ISSUE_READ_MULTI_CONSUMED        230527        0.0071           230527        0.0071

MAP_STAGE_INT_REG_ISSUE_READ_SAME_CYCLE_CONSUMED      26452469        0.8182         26452469        0.8182

MAP_STAGE_VEC_REG_ISSUE_READ_SAME_CYCLE_CONSUMED         74439        0.0023            74439        0.0023

MAP_STAGE_INT_REG_ISSUE_READ_TOTAL_CONSUMED_ONPATH      96128879        5.2562         96128879        5.2562

MAP_STAGE_VEC_REG_ISSUE_READ_TOTAL_CONSUMED_ONPATH       2311614        0.1264          2311614        0.1264

MAP_STAGE_INT_REG_ISSUE_READ_MULTI_CONSUMED_ONPATH      45160271        2.4693         45160271        2.4693

MAP_STAGE_VEC_REG_ISSUE_READ_MULTI_CONSUMED_ONPATH        210327        0.0115           210327        0.0115

MAP_STAGE_INT_REG_ISSUE_READ_SAME_CYCLE_CONSUMED_ONPATH      18726456        1.0239         18726456        1.0239

MAP_STAGE_VEC_REG_ISSUE_READ_SAME_CYCLE_CONSUMED_ONPATH         70240        0.0038            70240        0.0038

MAP_STAGE_ONPATH_INT_REG_LIFECYCLE_EMPTY    6896508975                     6896508975              

MAP_STAGE_ONPATH_VEC_REG_LIFECYCLE_EMPTY     393562062                      393562062              

MAP_STAGE_ONPATH_INT_REG_LIFECYCLE_IN_USE   10352526777                    10352526777              

MAP_STAGE_ONPATH_VEC_REG_LIFECYCLE_IN_USE     451629992                      451629992              

MAP_STAGE_ONPATH_INT_REG_LIFECYCLE_SPEC_RELEASE   17495181132                    17495181132              

MAP_STAGE_ONPATH_VEC_REG_LIFECYCLE_SPEC_RELEASE     735628587                      735628587              

MAP_STAGE_ONPATH_INT_REG_LIFECYCLE_NONSPEC_RELEASE   17495181132                    17495181132              

MAP_STAGE_ONPATH_VEC_REG_LIFECYCLE_NONSPEC_RELEASE     735628587                      735628587              

MAP_STAGE_ONPATH_INT_REG_LIFECYCLE_TOTAL   17495181132                    17495181132              

MAP_STAGE_ONPATH_VEC_REG_LIFECYCLE_TOTAL     735628587                      735628587              

MAP_STAGE_ONPATH_INT_REG_NUM_NONBRANCH        64068929                       64068929              

MAP_STAGE_ONPATH_VEC_REG_NUM_NONBRANCH         2101284                        2101284              

MAP_STAGE_ONPATH_INT_REG_NUM_NONEXCEPT        64068929                       64068929              

MAP_STAGE_ONPATH_VEC_REG_NUM_NONEXCEPT         2101284                        2101284              

MAP_STAGE_ONPATH_INT_REG_NUM_ATOMIC           64068929                       64068929              

MAP_STAGE_ONPATH_VEC_REG_NUM_ATOMIC            2101284                        2101284              

MAP_STAGE_ONPATH_INT_REG_ATOMIC_REDEFINED_DIST_TOTAL   17495181132      273.0681      17495181132      273.0681

MAP_STAGE_ONPATH_VEC_REG_ATOMIC_REDEFINED_DIST_TOTAL     735628587      350.0853        735628587      350.0853

MAP_STAGE_ONPATH_INT_REG_ATOMIC_CONSUMED_DIST_TOTAL   10352526777      161.5842      10352526777      161.5842

MAP_STAGE_ONPATH_VEC_REG_ATOMIC_CONSUMED_DIST_TOTAL     451629992      214.9305        451629992      214.9305

MAP_STAGE_ONPATH_INT_REG_ATOMIC_RELEASE_DIST_TOTAL   17495181132      273.0681      17495181132      273.0681

MAP_STAGE_ONPATH_VEC_REG_ATOMIC_RELEASE_DIST_TOTAL     735628587      350.0853        735628587      350.0853

EXEC_STAGE_STARVED                            62341674       55.349%         62341674       55.349%
EXEC_STAGE_NOT_STARVED                         2448734        2.174%          2448734        2.174%
EXEC_STAGE_OFF_PATH                           47843556       42.477%         47843556       42.477%
                                             112633964      100.000%        112633964      100.000%
                                                  0.87         0.93              0.87         0.93

FU_BUSY_0                                     19201784                       19201784              

FU_BUSY_1                                     13326782                       13326782              

FU_BUSY_2                                      9964633                        9964633              

FU_BUSY_3                                      9966898                        9966898              

FU_BUSY_4                                     12086571                       12086571              

FU_BUSY_5                                     19209087                       19209087              

FU_BUSY_6                                      2679138                        2679138              

FU_BUSY_7                                      2689535                        2689535              

FU_BUSY_8                                     12636710                       12636710              

FU_BUSY_9                                      9965973                        9965973              

FU_BUSY_10                                           0                              0              

FU_BUSY_11                                           0                              0              

FU_BUSY_12                                           0                              0              

FU_BUSY_13                                           0                              0              

FU_BUSY_14                                           0                              0              

FU_BUSY_15                                           0                              0              

FU_BUSY_16                                           0                              0              

FU_BUSY_17                                           0                              0              

FU_BUSY_18                                           0                              0              

FU_BUSY_19                                           0                              0              

FU_BUSY_20                                           0                              0              

FU_BUSY_21                                           0                              0              

FU_BUSY_22                                           0                              0              

FU_BUSY_23                                           0                              0              

FU_BUSY_24                                           0                              0              

FU_BUSY_25                                           0                              0              

FU_BUSY_26                                           0                              0              

FU_BUSY_27                                           0                              0              

FU_BUSY_28                                           0                              0              

FU_BUSY_29                                           0                              0              

FU_BUSY_30                                           0                              0              

FU_BUSY_31                                           0                              0              

FU_REJECTED_OP_INV_NOT_SIMD                          0        0.000%                0        0.000%
FU_REJECTED_OP_NOP_NOT_SIMD                         68        0.002%               68        0.002%
FU_REJECTED_OP_CF_NOT_SIMD                       24843        0.904%            24843        0.904%
FU_REJECTED_OP_MOV_NOT_SIMD                       2182        0.079%             2182        0.079%
FU_REJECTED_OP_CMOV_NOT_SIMD                         0        0.000%                0        0.000%
FU_REJECTED_OP_LDA_NOT_SIMD                       2359        0.086%             2359        0.086%
FU_REJECTED_OP_IMEM_NOT_SIMD                   1536812       55.908%          1536812       55.908%
FU_REJECTED_OP_IADD_NOT_SIMD                    175624        6.389%           175624        6.389%
FU_REJECTED_OP_IMUL_NOT_SIMD                      1772        0.064%             1772        0.064%
FU_REJECTED_OP_IDIV_NOT_SIMD                         0        0.000%                0        0.000%
FU_REJECTED_OP_ICMP_NOT_SIMD                         0        0.000%                0        0.000%
FU_REJECTED_OP_LOGIC_NOT_SIMD                     9432        0.343%             9432        0.343%
FU_REJECTED_OP_SHIFT_NOT_SIMD                     4324        0.157%             4324        0.157%
FU_REJECTED_OP_FMEM_NOT_SIMD                     19620        0.714%            19620        0.714%
FU_REJECTED_OP_FCVT_NOT_SIMD                         0        0.000%                0        0.000%
FU_REJECTED_OP_FADD_NOT_SIMD                         0        0.000%                0        0.000%
FU_REJECTED_OP_FMUL_NOT_SIMD                         0        0.000%                0        0.000%
FU_REJECTED_OP_FMA_NOT_SIMD                          0        0.000%                0        0.000%
FU_REJECTED_OP_FDIV_NOT_SIMD                         0        0.000%                0        0.000%
FU_REJECTED_OP_FCMP_NOT_SIMD                         0        0.000%                0        0.000%
FU_REJECTED_OP_FCMOV_NOT_SIMD                        0        0.000%                0        0.000%
FU_REJECTED_OP_GATHER_NOT_SIMD                       0        0.000%                0        0.000%
FU_REJECTED_OP_SCATTER_NOT_SIMD                      0        0.000%                0        0.000%
FU_REJECTED_OP_PIPELINED_FAST_NOT_SIMD               0        0.000%                0        0.000%
FU_REJECTED_OP_PIPELINED_MEDIUM_NOT_SIMD             0        0.000%                0        0.000%
FU_REJECTED_OP_PIPELINED_SLOW_NOT_SIMD               0        0.000%                0        0.000%
FU_REJECTED_OP_NOTPIPELINED_MEDIUM_NOT_SIMD             0        0.000%                0        0.000%
FU_REJECTED_OP_NOTPIPELINED_SLOW_NOT_SIMD             0        0.000%                0        0.000%
FU_REJECTED_OP_NOTPIPELINED_VERY_SLOW_NOT_SIMD             0        0.000%                0        0.000%
FU_REJECTED_OP_INV_SIMD                              0        0.000%                0        0.000%
FU_REJECTED_OP_NOP_SIMD                              0        0.000%                0        0.000%
FU_REJECTED_OP_CF_SIMD                               0        0.000%                0        0.000%
FU_REJECTED_OP_MOV_SIMD                              1        0.000%                1        0.000%
FU_REJECTED_OP_CMOV_SIMD                             0        0.000%                0        0.000%
FU_REJECTED_OP_LDA_SIMD                              0        0.000%                0        0.000%
FU_REJECTED_OP_IMEM_SIMD                             0        0.000%                0        0.000%
FU_REJECTED_OP_IADD_SIMD                             0        0.000%                0        0.000%
FU_REJECTED_OP_IMUL_SIMD                             0        0.000%                0        0.000%
FU_REJECTED_OP_IDIV_SIMD                             0        0.000%                0        0.000%
FU_REJECTED_OP_ICMP_SIMD                             0        0.000%                0        0.000%
FU_REJECTED_OP_LOGIC_SIMD                            0        0.000%                0        0.000%
FU_REJECTED_OP_SHIFT_SIMD                          519        0.019%              519        0.019%
FU_REJECTED_OP_FMEM_SIMD                             0        0.000%                0        0.000%
FU_REJECTED_OP_FCVT_SIMD                        172298        6.268%           172298        6.268%
FU_REJECTED_OP_FADD_SIMD                          9636        0.351%             9636        0.351%
FU_REJECTED_OP_FMUL_SIMD                        168781        6.140%           168781        6.140%
FU_REJECTED_OP_FMA_SIMD                          35219        1.281%            35219        1.281%
FU_REJECTED_OP_FDIV_SIMD                          1474        0.054%             1474        0.054%
FU_REJECTED_OP_FCMP_SIMD                             0        0.000%                0        0.000%
FU_REJECTED_OP_FCMOV_SIMD                       583846       21.240%           583846       21.240%
FU_REJECTED_OP_GATHER_SIMD                           0        0.000%                0        0.000%
FU_REJECTED_OP_SCATTER_SIMD                          0        0.000%                0        0.000%
FU_REJECTED_OP_PIPELINED_FAST_SIMD                   0        0.000%                0        0.000%
FU_REJECTED_OP_PIPELINED_MEDIUM_SIMD                 0        0.000%                0        0.000%
FU_REJECTED_OP_PIPELINED_SLOW_SIMD                   0        0.000%                0        0.000%
FU_REJECTED_OP_NOTPIPELINED_MEDIUM_SIMD              0        0.000%                0        0.000%
FU_REJECTED_OP_NOTPIPELINED_SLOW_SIMD                0        0.000%                0        0.000%
FU_REJECTED_OP_NOTPIPELINED_VERY_SLOW_SIMD             0        0.000%                0        0.000%
                                               2748810      100.000%          2748810      100.000%
                                                 20.62        19.63             20.62        19.63

LSQ_FULL_TOTAL                                     259                            259              

LSQ_FULL_LOAD_QUEUE                                  0                              0              

LSQ_FULL_STORE_QUEUE                               259                            259              

OP_WAIT_0                                     53603053                       53603053              

OP_WAIT_1                                     13405617                       13405617              

OP_WAIT_2                                      2287686                        2287686              

OP_WAIT_3                                       835007                         835007              

OP_WAIT_4                                       438329                         438329              

OP_WAIT_5                                       271242                         271242              

OP_WAIT_6                                       120318                         120318              

OP_WAIT_7                                        87320                          87320              

OP_WAIT_8                                        73580                          73580              

OP_WAIT_9                                        48332                          48332              

OP_WAIT_10                                       59855                          59855              

OP_WAIT_11                                       36615                          36615              

OP_WAIT_12                                       32520                          32520              

OP_WAIT_13                                       29292                          29292              

OP_WAIT_14                                       12556                          12556              

OP_WAIT_15                                       11857                          11857              

OP_WAIT_16                                        8442                           8442              

OP_WAIT_17                                        7831                           7831              

OP_WAIT_18                                        7693                           7693              

OP_WAIT_19                                        6568                           6568              

OP_WAIT_20                                        5981                           5981              

OP_WAIT_21                                        4352                           4352              

OP_WAIT_22                                        3745                           3745              

OP_WAIT_23                                        3727                           3727              

OP_WAIT_24                                        4335                           4335              

OP_WAIT_25                                        4205                           4205              

OP_WAIT_26                                      279973                         279973              

OP_WAIT_27                                      129880                         129880              

OP_WAIT_28                                       19223                          19223              

OP_WAIT_29                                        3768                           3768              

OP_WAIT_30                                       71055                          71055              

OP_WAIT_31                                      625189                         625189              

ROW_SIZE_0                                    98113909                       98113909              

ROW_SIZE_1                                     3309776                        3309776              

ROW_SIZE_2                                      636907                         636907              

ROW_SIZE_3                                      463480                         463480              

ROW_SIZE_4                                     1317550                        1317550              

ROW_SIZE_5                                      210832                         210832              

ROW_SIZE_6                                      445809                         445809              

ROW_SIZE_7                                      124690                         124690              

ROW_SIZE_8                                     7086634                        7086634              

ROW_SIZE_9                                           0                              0              

ROW_SIZE_10                                          0                              0              

ROW_SIZE_11                                          0                              0              

ROW_SIZE_12                                          0                              0              

ROW_SIZE_13                                          0                              0              

ROW_SIZE_14                                          0                              0              

ROW_SIZE_15                                          0                              0              

ROW_SIZE_16                                          0                              0              

ROW_SIZE_17                                          0                              0              

ROW_SIZE_18                                          0                              0              

ROW_SIZE_19                                          0                              0              

ROW_SIZE_20                                          0                              0              

ROW_SIZE_21                                          0                              0              

ROW_SIZE_22                                          0                              0              

ROW_SIZE_23                                          0                              0              

ROW_SIZE_24                                          0                              0              

ROW_SIZE_25                                          0                              0              

ROW_SIZE_26                                          0                              0              

ROW_SIZE_27                                          0                              0              

ROW_SIZE_28                                          0                              0              

ROW_SIZE_29                                          0                              0              

ROW_SIZE_30                                          0                              0              

ROW_SIZE_31                                          0                              0              

RET_OP_EXEC_COUNT_0                                  0        0.000%                0        0.000%
RET_OP_EXEC_COUNT_1                           72539146      100.000%         72539146      100.000%
RET_OP_EXEC_COUNT_2                                  0        0.000%                0        0.000%
RET_OP_EXEC_COUNT_3                                  0        0.000%                0        0.000%
RET_OP_EXEC_COUNT_4                                  0        0.000%                0        0.000%
RET_OP_EXEC_COUNT_5                                  0        0.000%                0        0.000%
RET_OP_EXEC_COUNT_6                                  0        0.000%                0        0.000%
RET_OP_EXEC_COUNT_7                                  0        0.000%                0        0.000%
RET_OP_EXEC_COUNT_8                                  0        0.000%                0        0.000%
RET_OP_EXEC_COUNT_9                                  0        0.000%                0        0.000%
RET_OP_EXEC_COUNT_10                                 0        0.000%                0        0.000%
RET_OP_EXEC_COUNT_11                                 0        0.000%                0        0.000%
RET_OP_EXEC_COUNT_12                                 0        0.000%                0        0.000%
RET_OP_EXEC_COUNT_13                                 0        0.000%                0        0.000%
RET_OP_EXEC_COUNT_14                                 0        0.000%                0        0.000%
RET_OP_EXEC_COUNT_15                                 0        0.000%                0        0.000%
RET_OP_EXEC_COUNT_16                                 0        0.000%                0        0.000%
RET_OP_EXEC_COUNT_17                                 0        0.000%                0        0.000%
RET_OP_EXEC_COUNT_18                                 0        0.000%                0        0.000%
RET_OP_EXEC_COUNT_19                                 0        0.000%                0        0.000%
RET_OP_EXEC_COUNT_20                                 0        0.000%                0        0.000%
RET_OP_EXEC_COUNT_21                                 0        0.000%                0        0.000%
RET_OP_EXEC_COUNT_22                                 0        0.000%                0        0.000%
RET_OP_EXEC_COUNT_23                                 0        0.000%                0        0.000%
RET_OP_EXEC_COUNT_24                                 0        0.000%                0        0.000%
RET_OP_EXEC_COUNT_25                                 0        0.000%                0        0.000%
RET_OP_EXEC_COUNT_26                                 0        0.000%                0        0.000%
RET_OP_EXEC_COUNT_27                                 0        0.000%                0        0.000%
RET_OP_EXEC_COUNT_28                                 0        0.000%                0        0.000%
RET_OP_EXEC_COUNT_29                                 0        0.000%                0        0.000%
RET_OP_EXEC_COUNT_30                                 0        0.000%                0        0.000%
RET_OP_EXEC_COUNT_31                                 0        0.000%                0        0.000%
RET_OP_EXEC_COUNT_32                                 0        0.000%                0        0.000%
                                              72539146      100.000%         72539146      100.000%
                                                  1.00         0.00              1.00         0.00

RET_STALL_LENGTH_0                            72187096       99.515%         72187096       99.515%
RET_STALL_LENGTH_100                            230217        0.317%           230217        0.317%
RET_STALL_LENGTH_200                             93922        0.129%            93922        0.129%
RET_STALL_LENGTH_300                              3390        0.005%             3390        0.005%
RET_STALL_LENGTH_400                              6508        0.009%             6508        0.009%
RET_STALL_LENGTH_500                              9401        0.013%             9401        0.013%
RET_STALL_LENGTH_600                              3188        0.004%             3188        0.004%
RET_STALL_LENGTH_700                               823        0.001%              823        0.001%
RET_STALL_LENGTH_800                               230        0.000%              230        0.000%
RET_STALL_LENGTH_900                               108        0.000%              108        0.000%
RET_STALL_LENGTH_1000                              107        0.000%              107        0.000%
RET_STALL_LENGTH_1100                              290        0.000%              290        0.000%
RET_STALL_LENGTH_1200                             2477        0.003%             2477        0.003%
RET_STALL_LENGTH_1300                              712        0.001%              712        0.001%
RET_STALL_LENGTH_1400                               95        0.000%               95        0.000%
RET_STALL_LENGTH_1500                               38        0.000%               38        0.000%
RET_STALL_LENGTH_1600                               97        0.000%               97        0.000%
RET_STALL_LENGTH_1700                              231        0.000%              231        0.000%
RET_STALL_LENGTH_1800                              155        0.000%              155        0.000%
RET_STALL_LENGTH_1900                               39        0.000%               39        0.000%
RET_STALL_LENGTH_2000                               17        0.000%               17        0.000%
RET_STALL_LENGTH_2100                                4        0.000%                4        0.000%
RET_STALL_LENGTH_2200                                1        0.000%                1        0.000%
RET_STALL_LENGTH_2300                                0        0.000%                0        0.000%
RET_STALL_LENGTH_2400                                0        0.000%                0        0.000%
RET_STALL_LENGTH_2500                                0        0.000%                0        0.000%
RET_STALL_LENGTH_2600                                0        0.000%                0        0.000%
RET_STALL_LENGTH_2700                                0        0.000%                0        0.000%
RET_STALL_LENGTH_2800                                0        0.000%                0        0.000%
RET_STALL_LENGTH_2900                                0        0.000%                0        0.000%
RET_STALL_LENGTH_3000                                0        0.000%                0        0.000%
RET_STALL_LENGTH_3100                                0        0.000%                0        0.000%
RET_STALL_LENGTH_3200                                0        0.000%                0        0.000%
RET_STALL_LENGTH_3300                                0        0.000%                0        0.000%
RET_STALL_LENGTH_3400                                0        0.000%                0        0.000%
RET_STALL_LENGTH_3500                                0        0.000%                0        0.000%
RET_STALL_LENGTH_3600                                0        0.000%                0        0.000%
RET_STALL_LENGTH_3700                                0        0.000%                0        0.000%
RET_STALL_LENGTH_3800                                0        0.000%                0        0.000%
RET_STALL_LENGTH_3900                                0        0.000%                0        0.000%
RET_STALL_LENGTH_4000                                0        0.000%                0        0.000%
RET_STALL_LENGTH_4100                                0        0.000%                0        0.000%
RET_STALL_LENGTH_4200                                0        0.000%                0        0.000%
RET_STALL_LENGTH_4300                                0        0.000%                0        0.000%
RET_STALL_LENGTH_4400                                0        0.000%                0        0.000%
RET_STALL_LENGTH_4500                                0        0.000%                0        0.000%
RET_STALL_LENGTH_4600                                0        0.000%                0        0.000%
RET_STALL_LENGTH_4700                                0        0.000%                0        0.000%
RET_STALL_LENGTH_4800                                0        0.000%                0        0.000%
RET_STALL_LENGTH_4900                                0        0.000%                0        0.000%
RET_STALL_LENGTH_5000                                0        0.000%                0        0.000%
                                              72539146      100.000%         72539146      100.000%
                                                  0.01         0.16              0.01         0.16

MEM_BLOCK_LENGTH_0                               10626       94.302%            10626       94.302%
MEM_BLOCK_LENGTH_100                               480        4.260%              480        4.260%
MEM_BLOCK_LENGTH_200                               100        0.887%              100        0.887%
MEM_BLOCK_LENGTH_300                                28        0.248%               28        0.248%
MEM_BLOCK_LENGTH_400                                19        0.169%               19        0.169%
MEM_BLOCK_LENGTH_500                                 8        0.071%                8        0.071%
MEM_BLOCK_LENGTH_600                                 3        0.027%                3        0.027%
MEM_BLOCK_LENGTH_700                                 0        0.000%                0        0.000%
MEM_BLOCK_LENGTH_800                                 1        0.009%                1        0.009%
MEM_BLOCK_LENGTH_900                                 0        0.000%                0        0.000%
MEM_BLOCK_LENGTH_1000                                1        0.009%                1        0.009%
MEM_BLOCK_LENGTH_1100                                0        0.000%                0        0.000%
MEM_BLOCK_LENGTH_1200                                1        0.009%                1        0.009%
MEM_BLOCK_LENGTH_1300                                0        0.000%                0        0.000%
MEM_BLOCK_LENGTH_1400                                0        0.000%                0        0.000%
MEM_BLOCK_LENGTH_1500                                0        0.000%                0        0.000%
MEM_BLOCK_LENGTH_1600                                0        0.000%                0        0.000%
MEM_BLOCK_LENGTH_1700                                1        0.009%                1        0.009%
MEM_BLOCK_LENGTH_1800                                0        0.000%                0        0.000%
MEM_BLOCK_LENGTH_1900                                0        0.000%                0        0.000%
MEM_BLOCK_LENGTH_2000                                0        0.000%                0        0.000%
MEM_BLOCK_LENGTH_2100                                0        0.000%                0        0.000%
MEM_BLOCK_LENGTH_2200                                0        0.000%                0        0.000%
MEM_BLOCK_LENGTH_2300                                0        0.000%                0        0.000%
MEM_BLOCK_LENGTH_2400                                0        0.000%                0        0.000%
MEM_BLOCK_LENGTH_2500                                0        0.000%                0        0.000%
MEM_BLOCK_LENGTH_2600                                0        0.000%                0        0.000%
MEM_BLOCK_LENGTH_2700                                0        0.000%                0        0.000%
MEM_BLOCK_LENGTH_2800                                0        0.000%                0        0.000%
MEM_BLOCK_LENGTH_2900                                0        0.000%                0        0.000%
MEM_BLOCK_LENGTH_3000                                0        0.000%                0        0.000%
MEM_BLOCK_LENGTH_3100                                0        0.000%                0        0.000%
MEM_BLOCK_LENGTH_3200                                0        0.000%                0        0.000%
MEM_BLOCK_LENGTH_3300                                0        0.000%                0        0.000%
MEM_BLOCK_LENGTH_3400                                0        0.000%                0        0.000%
MEM_BLOCK_LENGTH_3500                                0        0.000%                0        0.000%
MEM_BLOCK_LENGTH_3600                                0        0.000%                0        0.000%
MEM_BLOCK_LENGTH_3700                                0        0.000%                0        0.000%
MEM_BLOCK_LENGTH_3800                                0        0.000%                0        0.000%
MEM_BLOCK_LENGTH_3900                                0        0.000%                0        0.000%
MEM_BLOCK_LENGTH_4000                                0        0.000%                0        0.000%
MEM_BLOCK_LENGTH_4100                                0        0.000%                0        0.000%
MEM_BLOCK_LENGTH_4200                                0        0.000%                0        0.000%
MEM_BLOCK_LENGTH_4300                                0        0.000%                0        0.000%
MEM_BLOCK_LENGTH_4400                                0        0.000%                0        0.000%
MEM_BLOCK_LENGTH_4500                                0        0.000%                0        0.000%
MEM_BLOCK_LENGTH_4600                                0        0.000%                0        0.000%
MEM_BLOCK_LENGTH_4700                                0        0.000%                0        0.000%
MEM_BLOCK_LENGTH_4800                                0        0.000%                0        0.000%
MEM_BLOCK_LENGTH_4900                                0        0.000%                0        0.000%
MEM_BLOCK_LENGTH_5000                                0        0.000%                0        0.000%
                                                 11268      100.000%            11268      100.000%
                                                  0.08         0.44              0.08         0.44

FUS_BUSY_ON_PATH                              75064043        0.6664         75064043        0.6664

FUS_BUSY_OFF_PATH                             36663068        0.3255         36663068        0.3255

FU_BUSY_MEM_STALL                              3037639        0.0270          3037639        0.0270

FUS_EMPTY                                   1014612529        9.0081       1014612529        9.0081

FU_UNAVAILABLE                                  867151        0.0077           867151        0.0077

FU_MEM_UNAVAILABLE                             1881659        0.0167          1881659        0.0167

FU_OTHER_UNAVAILABLE                                 0        0.0000                0        0.0000

FU_REPLAY                                            0        0.0000                0        0.0000

FU_STARVED                                  1012583940        8.9900       1012583940        8.9900

CHIP_UTILIZATION                                     0        0.0000                0        0.0000

CYCLES_UNDER_MEM_REQ                                 0                              0              

CYCLES_UNDER_NO_MEM_REQ                              0                              0              

CYCLES_UNDER_CRITICAL_MEM_REQ                        0                              0              

CYCLES_UNDER_NONCRITICAL_MEM_REQ                     0                              0              

CHIP_UTILIZATION_UNDER_MEM_REQ                       0          -nan                0          -nan

CHIP_UTILIZATION_UNDER_NO_MEM_REQ                    0          -nan                0          -nan

CHIP_UTILIZATION_UNDER_CRITICAL_MEM_REQ              0          -nan                0          -nan

CHIP_UTILIZATION_UNDER_NONCRITICAL_MEM_REQ             0          -nan                0          -nan

CYCLES_NOT_WAITING_FOR_OFF_CHIP                      0        0.0000                0        0.0000

FUS_BUSY_NOT_WAITING_FOR_OFF_CHIP                    0          -nan                0          -nan

CYCLES_WAITING_FOR_OFF_CHIP                          0        0.0000                0        0.0000

FUS_BUSY_WAITING_FOR_OFF_CHIP                        0          -nan                0          -nan

TOTAL_OFF_CHIP_DELAYS_LEFT                           0                              0              

WRONG_IO_SCHED                                       0                              0              

DVFS_CONFIG_SWITCH                                   0                              0              

MAP_STAGE_RECEIVED_OPS_0                             0        0.000%                0        0.000%
MAP_STAGE_RECEIVED_OPS_1                        199953        1.473%           199953        1.473%
MAP_STAGE_RECEIVED_OPS_2                        475170        3.500%           475170        3.500%
MAP_STAGE_RECEIVED_OPS_3                        425180        3.132%           425180        3.132%
MAP_STAGE_RECEIVED_OPS_4                       2498026       18.402%          2498026       18.402%
MAP_STAGE_RECEIVED_OPS_5                        370068        2.726%           370068        2.726%
MAP_STAGE_RECEIVED_OPS_6                       9606386       70.766%          9606386       70.766%
MAP_STAGE_RECEIVED_OPS_7                             0        0.000%                0        0.000%
MAP_STAGE_RECEIVED_OPS_8                             0        0.000%                0        0.000%
MAP_STAGE_RECEIVED_OPS_MAX                           0        0.000%                0        0.000%
                                              13574783      100.000%         13574783      100.000%
                                                  5.30         1.22              5.30         1.22

MAP_STAGE_WAIT_FOR_DECODE                            0         -nan%                0         -nan%
MAP_STAGE_CONSUME_DECODE                             0         -nan%                0         -nan%
                                                     0         -nan%                0         -nan%
                                                  -nan         -nan              -nan         -nan

MAP_STAGE_WAIT_FOR_DECODE2                           0         -nan%                0         -nan%
MAP_STAGE_CONSUME_DECODE2                            0         -nan%                0         -nan%
                                                     0         -nan%                0         -nan%
                                                  -nan         -nan              -nan         -nan

FTQ_RECOVER_EXEC                                493232                         493232              

FTQ_RECOVER_DECODE                                  35                             35              

FTQ_OFFPATH_CYCLES                            88261071                       88261071              

FTQ_CYCLES_OFFPATH                            88261071                       88261071              

FTQ_CYCLES_ONPATH                             24372893                       24372893              

FTQ_FETCHED_INS_ONPATH                        72539135                       72539135              

FTQ_FETCHED_INS_OFFPATH                      246812283                      246812283              

FTQ_BREAK_FULL_FT_ONPATH                      15459750                       15459750              

FTQ_BREAK_FULL_FT_OFFPATH                     61516667                       61516667              

FTQ_BREAK_PRED_BR_ONPATH                             0                              0              

FTQ_BREAK_PRED_BR_OFFPATH                            0                              0              

FTQ_BREAK_BAR_FETCH_ONPATH                           0                              0              

FTQ_BREAK_BAR_FETCH_OFFPATH                          0                              0              

FTQ_BREAK_MAX_CFS_TAKEN_ONPATH                       0                              0              

FTQ_BREAK_MAX_CFS_TAKEN_OFFPATH                      0                              0              

FTQ_BREAK_MAX_FT_ONPATH                        8912247                        8912247              

FTQ_BREAK_MAX_FT_OFFPATH                      26744404                       26744404              

DFE_GEN_ON_PATH_FT                            12413047                       12413047              

DFE_GEN_OFF_PATH_FT                           30048502                       30048502              

DFE_L0_ENABLED_PREDICTIONS                    72539146                       72539146              

DFE_L0_WRONG_MAIN_CORRECT                       424423                         424423              

DFE_L0_WRONG_MAIN_WRONG                         383753                         383753              

DFE_L0_CORRECT_MAIN_WRONG                       109514                         109514              

DFE_L0_CORRECT_MAIN_CORRECT                   71621456                       71621456              

DFE_L0_WRONG_MAIN_CORRECT_RECOVERY_SCHEDULED             0                              0              

FTQ_SAW_BAR_FETCH_OFFPATH                            0                              0              

FTQ_SAW_BAR_FETCH_ONPATH                             2                              2              

DFE_CONF_0_RECOVER_AT_EXEC                           0         -nan%                0         -nan%
DFE_CONF_1_RECOVER_AT_EXEC                           0         -nan%                0         -nan%
DFE_CONF_2_RECOVER_AT_EXEC                           0         -nan%                0         -nan%
DFE_CONF_3_RECOVER_AT_EXEC                           0         -nan%                0         -nan%
DFE_CONF_0_CORRECT                                   0         -nan%                0         -nan%
DFE_CONF_1_CORRECT                                   0         -nan%                0         -nan%
DFE_CONF_2_CORRECT                                   0         -nan%                0         -nan%
DFE_CONF_3_CORRECT                                   0         -nan%                0         -nan%
                                                     0         -nan%                0         -nan%
                                                  -nan         -nan              -nan         -nan

DFE_ON_CONF_ON_OPS                                   0         -nan%                0         -nan%
DFE_ON_CONF_OFF_OPS                                  0         -nan%                0         -nan%
DFE_OFF_CONF_ON_OPS                                  0         -nan%                0         -nan%
DFE_OFF_CONF_OFF_REALISTIC_OPS                       0         -nan%                0         -nan%
DFE_OFF_CONF_OFF_PERFECT_OPS                         0         -nan%                0         -nan%
                                                     0         -nan%                0         -nan%
                                                  -nan         -nan              -nan         -nan

DFE_ON_CONF_ON_FETCH_TARGETS                         0         -nan%                0         -nan%
DFE_ON_CONF_OFF_FETCH_TARGETS                        0         -nan%                0         -nan%
DFE_OFF_CONF_ON_FETCH_TARGETS                        0         -nan%                0         -nan%
DFE_OFF_CONF_OFF_REALISTIC_FETCH_TARGETS             0         -nan%                0         -nan%
DFE_OFF_CONF_OFF_PERFECT_FETCH_TARGETS               0         -nan%                0         -nan%
                                                     0         -nan%                0         -nan%
                                                  -nan         -nan              -nan         -nan

DFE_ON_CONF_ON_CYCLES                                0         -nan%                0         -nan%
DFE_ON_CONF_OFF_CYCLES                               0         -nan%                0         -nan%
DFE_OFF_CONF_ON_CYCLES                               0         -nan%                0         -nan%
DFE_OFF_CONF_OFF_REALISTIC_CYCLES                    0         -nan%                0         -nan%
DFE_OFF_CONF_OFF_PERFECT_CYCLES                      0         -nan%                0         -nan%
                                                     0         -nan%                0         -nan%
                                                  -nan         -nan              -nan         -nan

DFE_OFF_CONF_ON_NUM_EVENTS                           0                              0              

DFE_OFF_CONF_ON_NOT_IDENTIFIED_EVENTS                0         -nan%                0         -nan%
DFE_OFF_CONF_ON_IBTB_MISS_EVENTS                     0         -nan%                0         -nan%
DFE_OFF_CONF_ON_BTB_MISS_EVENTS                      0         -nan%                0         -nan%
DFE_OFF_CONF_ON_BTB_MISS_RECOVER_AT_EXEC_EVENTS             0         -nan%                0         -nan%
DFE_OFF_CONF_ON_RECOVER_AT_EXEC_EVENTS               0         -nan%                0         -nan%
DFE_OFF_CONF_ON_RECOVER_AT_DECODE_EVENTS             0         -nan%                0         -nan%
                                                     0         -nan%                0         -nan%
                                                  -nan         -nan              -nan         -nan

DFE_OFF_CONF_ON_LATE_BTB_HIT_EVENTS                  0                              0              

DFE_OFF_CONF_ON_NOT_IDENTIFIED_CYCLES                0         -nan%                0         -nan%
DFE_OFF_CONF_ON_IBTB_MISS_CYCLES                     0         -nan%                0         -nan%
DFE_OFF_CONF_ON_BTB_MISS_CYCLES                      0         -nan%                0         -nan%
DFE_OFF_CONF_ON_BTB_MISS_RECOVER_AT_EXEC_CYCLES             0         -nan%                0         -nan%
DFE_OFF_CONF_ON_RECOVER_AT_EXEC_CYCLES               0         -nan%                0         -nan%
DFE_OFF_CONF_ON_RECOVER_AT_DECODE_CYCLES             0         -nan%                0         -nan%
                                                     0         -nan%                0         -nan%
                                                  -nan         -nan              -nan         -nan

DFE_OFF_CONF_ON_LATE_BTB_HIT_CYCLES                  0                              0              

DFE_OFF_CONF_ON_NOT_IDENTIFIED_FETCH_TARGETS             0         -nan%                0         -nan%
DFE_OFF_CONF_ON_IBTB_MISS_FETCH_TARGETS              0         -nan%                0         -nan%
DFE_OFF_CONF_ON_BTB_MISS_FETCH_TARGETS               0         -nan%                0         -nan%
DFE_OFF_CONF_ON_BTB_MISS_RECOVER_AT_EXEC_FETCH_TARGETS             0         -nan%                0         -nan%
DFE_OFF_CONF_ON_RECOVER_AT_EXEC_FETCH_TARGETS             0         -nan%                0         -nan%
DFE_OFF_CONF_ON_RECOVER_AT_DECODE_FETCH_TARGETS             0         -nan%                0         -nan%
                                                     0         -nan%                0         -nan%
                                                  -nan         -nan              -nan         -nan

DFE_OFF_CONF_ON_LATE_BTB_HIT_FETCH_TARGETS             0                              0              

DFE_OFF_CONF_ON_BP_INCORRECT_0_CONF                  0         -nan%                0         -nan%
DFE_OFF_CONF_ON_BP_INCORRECT_1_CONF                  0         -nan%                0         -nan%
DFE_OFF_CONF_ON_BP_INCORRECT_2_CONF                  0         -nan%                0         -nan%
DFE_OFF_CONF_ON_BP_INCORRECT_3_CONF                  0         -nan%                0         -nan%
                                                     0         -nan%                0         -nan%
                                                  -nan         -nan              -nan         -nan

DFE_OFF_CONF_ON_BTB_MISS_CBR_0_CONF                  0         -nan%                0         -nan%
DFE_OFF_CONF_ON_BTB_MISS_CBR_1_CONF                  0         -nan%                0         -nan%
DFE_OFF_CONF_ON_BTB_MISS_CBR_2_CONF                  0         -nan%                0         -nan%
DFE_OFF_CONF_ON_BTB_MISS_CBR_3_CONF                  0         -nan%                0         -nan%
                                                     0         -nan%                0         -nan%
                                                  -nan         -nan              -nan         -nan

DFE_OFF_CONF_ON_BTB_MISS_NOT_CF                      0         -nan%                0         -nan%
DFE_OFF_CONF_ON_BTB_MISS_CF_BR                       0         -nan%                0         -nan%
DFE_OFF_CONF_ON_BTB_MISS_CF_CBR                      0         -nan%                0         -nan%
DFE_OFF_CONF_ON_BTB_MISS_CF_CALL                     0         -nan%                0         -nan%
DFE_OFF_CONF_ON_BTB_MISS_CF_IBR                      0         -nan%                0         -nan%
DFE_OFF_CONF_ON_BTB_MISS_CF_ICALL                    0         -nan%                0         -nan%
DFE_OFF_CONF_ON_BTB_MISS_CF_ICO                      0         -nan%                0         -nan%
DFE_OFF_CONF_ON_BTB_MISS_CF_RET                      0         -nan%                0         -nan%
DFE_OFF_CONF_ON_BTB_MISS_CF_SYS                      0         -nan%                0         -nan%
                                                     0         -nan%                0         -nan%
                                                  -nan         -nan              -nan         -nan

DFE_ON_CONF_OFF_NUM_EVENTS                           0                              0              

CONF_BTB_NUM_CYCLES_OFF_PATH_EVENT                   0                              0              

DFE_ON_CONF_OFF_IBTB_MISS_BP_TAKEN                   0         -nan%                0         -nan%
DFE_ON_CONF_OFF_BTB_MISS_BP_TAKEN_CONF_0             0         -nan%                0         -nan%
DFE_ON_CONF_OFF_BTB_MISS_BP_TAKEN_CONF_1             0         -nan%                0         -nan%
DFE_ON_CONF_OFF_BTB_MISS_BP_TAKEN_CONF_2             0         -nan%                0         -nan%
DFE_ON_CONF_OFF_BTB_MISS_BP_TAKEN_CONF_3             0         -nan%                0         -nan%
DFE_ON_CONF_OFF_BTB_MISS_RATE                        0         -nan%                0         -nan%
DFE_ON_CONF_OFF_IBTB_MISS_RATE                       0         -nan%                0         -nan%
DFE_ON_CONF_OFF_RECOVER_AT_DECODE_RATE               0         -nan%                0         -nan%
DFE_ON_CONF_OFF_RECOVER_AT_EXEC_RATE                 0         -nan%                0         -nan%
DFE_ON_CONF_OFF_INV_CONF_INC                         0         -nan%                0         -nan%
DFE_ON_CONF_OFF_PERFECT_CONF                         0         -nan%                0         -nan%
                                                     0         -nan%                0         -nan%
                                                  -nan         -nan              -nan         -nan

DFE_ON_CONF_OFF_IBTB_MISS_BP_TAKEN_CYCLES             0         -nan%                0         -nan%
DFE_ON_CONF_OFF_BTB_MISS_BP_TAKEN_CONF_0_CYCLES             0         -nan%                0         -nan%
DFE_ON_CONF_OFF_BTB_MISS_BP_TAKEN_CONF_1_CYCLES             0         -nan%                0         -nan%
DFE_ON_CONF_OFF_BTB_MISS_BP_TAKEN_CONF_2_CYCLES             0         -nan%                0         -nan%
DFE_ON_CONF_OFF_BTB_MISS_BP_TAKEN_CONF_3_CYCLES             0         -nan%                0         -nan%
DFE_ON_CONF_OFF_BTB_MISS_RATE_CYCLES                 0         -nan%                0         -nan%
DFE_ON_CONF_OFF_IBTB_MISS_RATE_CYCLES                0         -nan%                0         -nan%
DFE_ON_CONF_OFF_RECOVER_AT_DECODE_RATE_CYCLES             0         -nan%                0         -nan%
DFE_ON_CONF_OFF_RECOVER_AT_EXEC_RATE_CYCLES             0         -nan%                0         -nan%
DFE_ON_CONF_OFF_INV_CONF_INC_CYCLES                  0         -nan%                0         -nan%
DFE_ON_CONF_OFF_PERFECT_CONF_CYCLES                  0         -nan%                0         -nan%
                                                     0         -nan%                0         -nan%
                                                  -nan         -nan              -nan         -nan

DFE_ON_CONF_OFF_IBTB_MISS_BP_TAKEN_FETCH_TARGETS             0         -nan%                0         -nan%
DFE_ON_CONF_OFF_BTB_MISS_BP_TAKEN_CONF_0_FETCH_TARGETS             0         -nan%                0         -nan%
DFE_ON_CONF_OFF_BTB_MISS_BP_TAKEN_CONF_1_FETCH_TARGETS             0         -nan%                0         -nan%
DFE_ON_CONF_OFF_BTB_MISS_BP_TAKEN_CONF_2_FETCH_TARGETS             0         -nan%                0         -nan%
DFE_ON_CONF_OFF_BTB_MISS_BP_TAKEN_CONF_3_FETCH_TARGETS             0         -nan%                0         -nan%
DFE_ON_CONF_OFF_BTB_MISS_RATE_FETCH_TARGETS             0         -nan%                0         -nan%
DFE_ON_CONF_OFF_IBTB_MISS_RATE_FETCH_TARGETS             0         -nan%                0         -nan%
DFE_ON_CONF_OFF_RECOVER_AT_DECODE_RATE_FETCH_TARGETS             0         -nan%                0         -nan%
DFE_ON_CONF_OFF_RECOVER_AT_EXEC_RATE_FETCH_TARGETS             0         -nan%                0         -nan%
DFE_ON_CONF_OFF_INV_CONF_INC_FETCH_TARGETS             0         -nan%                0         -nan%
DFE_ON_CONF_OFF_PERFECT_CONF_FETCH_TARGETS             0         -nan%                0         -nan%
                                                     0         -nan%                0         -nan%
                                                  -nan         -nan              -nan         -nan

CONF_OFF_IBTB_MISS_BP_TAKEN                          0         -nan%                0         -nan%
CONF_OFF_BTB_MISS_BP_TAKEN_CONF_0                    0         -nan%                0         -nan%
CONF_OFF_BTB_MISS_BP_TAKEN_CONF_1                    0         -nan%                0         -nan%
CONF_OFF_BTB_MISS_BP_TAKEN_CONF_2                    0         -nan%                0         -nan%
CONF_OFF_BTB_MISS_BP_TAKEN_CONF_3                    0         -nan%                0         -nan%
CONF_OFF_BTB_MISS_RATE                               0         -nan%                0         -nan%
CONF_OFF_IBTB_MISS_RATE                              0         -nan%                0         -nan%
CONF_OFF_RECOVER_AT_DECODE_RATE                      0         -nan%                0         -nan%
CONF_OFF_RECOVER_AT_EXEC_RATE                        0         -nan%                0         -nan%
CONF_OFF_INV_CONF_INC                                0         -nan%                0         -nan%
CONF_OFF_PERFECT_CONF                                0         -nan%                0         -nan%
                                                     0         -nan%                0         -nan%
                                                  -nan         -nan              -nan         -nan

TOPDOWN_TOTAL_SLOTS                          675803784                      675803784              

TOPDOWN_ISSUED_SLOTS                         152344700                      152344700              

TOPDOWN_RETIRED_SLOTS                         72539146                       72539146              

TOPDOWN_FETCH_BUBBLES_SLOTS                   15649282                       15649282              

TOPDOWN_RECOVERY_BUBBLES_SLOTS                 8811476                        8811476              

TOPDOWN_MEM_LOAD_STALLS_CYCLES                82981213                       82981213              

TOPDOWN_MEM_STORE_STALLS_CYCLES                      0                              0              

TOPDOWN_EXEC_STALLS_CYCLES                    78238082                       78238082              

TOPDOWN_BACKEND_STALLS_CYCLES                 82981221                       82981221              

TOPDOWN_FETCH_BUBBLES_GT_MIW_CYCLES             367441                         367441              

TOPDOWN_BR_RECOVER_AT_EXEC_RETIRED_CYCLES        493232                         493232              

TOPDOWN_MACHINE_CLEAR_CYCLES                    917690                         917690              

TOPDOWN_FRONTEND_BOUND                             231                            231              

TOPDOWN_BACKEND_BOUND                             7385                           7385              

TOPDOWN_BAD_SPEC_BOUND                            1311                           1311              

TOPDOWN_RETIRING_BOUND                            1073                           1073              

TOPDOWN_FETCH_LATENCY_BOUND                         32                             32              

TOPDOWN_FETCH_BANDWIDTH_BOUND                      199                            199              

TOPDOWN_MEM_BOUND                                 7384                           7384              

TOPDOWN_CORE_BOUND                                   1                              1              

TOPDOWN_BR_RECOVER_AT_EXEC_BOUND                   458                            458              

TOPDOWN_MACHINE_CLEARS_BOUND                       853                            853              

H2P_SEEN_MAIN                                   912078                         912078              



