               ramulator.active_cycles_0             2953861                                      # Total active cycles for level _0
                 ramulator.busy_cycles_0             2953861                                      # (All-bank refresh only. busy cycles only include refresh time in rank level) The sum of cycles that the DRAM part is active or under refresh for level _0
            ramulator.serving_requests_0             5846433                                      # The sum of read and write requests that are served in this DRAM element per memory cycle for level _0
    ramulator.average_serving_requests_0            0.775840                                      # The average of read and write requests that are served in this DRAM element per memory cycle for level _0
             ramulator.active_cycles_0_0             2953861                                      # Total active cycles for level _0_0
               ramulator.busy_cycles_0_0             3212581                                      # (All-bank refresh only. busy cycles only include refresh time in rank level) The sum of cycles that the DRAM part is active or under refresh for level _0_0
          ramulator.serving_requests_0_0             5846433                                      # The sum of read and write requests that are served in this DRAM element per memory cycle for level _0_0
  ramulator.average_serving_requests_0_0            0.775840                                      # The average of read and write requests that are served in this DRAM element per memory cycle for level _0_0
           ramulator.active_cycles_0_0_0              994032                                      # Total active cycles for level _0_0_0
             ramulator.busy_cycles_0_0_0              994032                                      # (All-bank refresh only. busy cycles only include refresh time in rank level) The sum of cycles that the DRAM part is active or under refresh for level _0_0_0
        ramulator.serving_requests_0_0_0             1487908                                      # The sum of read and write requests that are served in this DRAM element per memory cycle for level _0_0_0
ramulator.average_serving_requests_0_0_0            0.197450                                      # The average of read and write requests that are served in this DRAM element per memory cycle for level _0_0_0
         ramulator.active_cycles_0_0_0_0              336142                                      # Total active cycles for level _0_0_0_0
           ramulator.busy_cycles_0_0_0_0              336142                                      # (All-bank refresh only. busy cycles only include refresh time in rank level) The sum of cycles that the DRAM part is active or under refresh for level _0_0_0_0
      ramulator.serving_requests_0_0_0_0              441517                                      # The sum of read and write requests that are served in this DRAM element per memory cycle for level _0_0_0_0
ramulator.average_serving_requests_0_0_0_0            0.058591                                      # The average of read and write requests that are served in this DRAM element per memory cycle for level _0_0_0_0
         ramulator.active_cycles_0_0_0_1              209912                                      # Total active cycles for level _0_0_0_1
           ramulator.busy_cycles_0_0_0_1              209912                                      # (All-bank refresh only. busy cycles only include refresh time in rank level) The sum of cycles that the DRAM part is active or under refresh for level _0_0_0_1
      ramulator.serving_requests_0_0_0_1              313009                                      # The sum of read and write requests that are served in this DRAM element per memory cycle for level _0_0_0_1
ramulator.average_serving_requests_0_0_0_1            0.041537                                      # The average of read and write requests that are served in this DRAM element per memory cycle for level _0_0_0_1
         ramulator.active_cycles_0_0_0_2              206531                                      # Total active cycles for level _0_0_0_2
           ramulator.busy_cycles_0_0_0_2              206531                                      # (All-bank refresh only. busy cycles only include refresh time in rank level) The sum of cycles that the DRAM part is active or under refresh for level _0_0_0_2
      ramulator.serving_requests_0_0_0_2              314647                                      # The sum of read and write requests that are served in this DRAM element per memory cycle for level _0_0_0_2
ramulator.average_serving_requests_0_0_0_2            0.041755                                      # The average of read and write requests that are served in this DRAM element per memory cycle for level _0_0_0_2
         ramulator.active_cycles_0_0_0_3              319609                                      # Total active cycles for level _0_0_0_3
           ramulator.busy_cycles_0_0_0_3              319609                                      # (All-bank refresh only. busy cycles only include refresh time in rank level) The sum of cycles that the DRAM part is active or under refresh for level _0_0_0_3
      ramulator.serving_requests_0_0_0_3              418735                                      # The sum of read and write requests that are served in this DRAM element per memory cycle for level _0_0_0_3
ramulator.average_serving_requests_0_0_0_3            0.055567                                      # The average of read and write requests that are served in this DRAM element per memory cycle for level _0_0_0_3
           ramulator.active_cycles_0_0_1             1011721                                      # Total active cycles for level _0_0_1
             ramulator.busy_cycles_0_0_1             1011721                                      # (All-bank refresh only. busy cycles only include refresh time in rank level) The sum of cycles that the DRAM part is active or under refresh for level _0_0_1
        ramulator.serving_requests_0_0_1             1476794                                      # The sum of read and write requests that are served in this DRAM element per memory cycle for level _0_0_1
ramulator.average_serving_requests_0_0_1            0.195975                                      # The average of read and write requests that are served in this DRAM element per memory cycle for level _0_0_1
         ramulator.active_cycles_0_0_1_0              434943                                      # Total active cycles for level _0_0_1_0
           ramulator.busy_cycles_0_0_1_0              434943                                      # (All-bank refresh only. busy cycles only include refresh time in rank level) The sum of cycles that the DRAM part is active or under refresh for level _0_0_1_0
      ramulator.serving_requests_0_0_1_0              550687                                      # The sum of read and write requests that are served in this DRAM element per memory cycle for level _0_0_1_0
ramulator.average_serving_requests_0_0_1_0            0.073078                                      # The average of read and write requests that are served in this DRAM element per memory cycle for level _0_0_1_0
         ramulator.active_cycles_0_0_1_1              174743                                      # Total active cycles for level _0_0_1_1
           ramulator.busy_cycles_0_0_1_1              174743                                      # (All-bank refresh only. busy cycles only include refresh time in rank level) The sum of cycles that the DRAM part is active or under refresh for level _0_0_1_1
      ramulator.serving_requests_0_0_1_1              266286                                      # The sum of read and write requests that are served in this DRAM element per memory cycle for level _0_0_1_1
ramulator.average_serving_requests_0_0_1_1            0.035337                                      # The average of read and write requests that are served in this DRAM element per memory cycle for level _0_0_1_1
         ramulator.active_cycles_0_0_1_2              199304                                      # Total active cycles for level _0_0_1_2
           ramulator.busy_cycles_0_0_1_2              199304                                      # (All-bank refresh only. busy cycles only include refresh time in rank level) The sum of cycles that the DRAM part is active or under refresh for level _0_0_1_2
      ramulator.serving_requests_0_0_1_2              297017                                      # The sum of read and write requests that are served in this DRAM element per memory cycle for level _0_0_1_2
ramulator.average_serving_requests_0_0_1_2            0.039415                                      # The average of read and write requests that are served in this DRAM element per memory cycle for level _0_0_1_2
         ramulator.active_cycles_0_0_1_3              265863                                      # Total active cycles for level _0_0_1_3
           ramulator.busy_cycles_0_0_1_3              265863                                      # (All-bank refresh only. busy cycles only include refresh time in rank level) The sum of cycles that the DRAM part is active or under refresh for level _0_0_1_3
      ramulator.serving_requests_0_0_1_3              362804                                      # The sum of read and write requests that are served in this DRAM element per memory cycle for level _0_0_1_3
ramulator.average_serving_requests_0_0_1_3            0.048145                                      # The average of read and write requests that are served in this DRAM element per memory cycle for level _0_0_1_3
           ramulator.active_cycles_0_0_2             1031310                                      # Total active cycles for level _0_0_2
             ramulator.busy_cycles_0_0_2             1031310                                      # (All-bank refresh only. busy cycles only include refresh time in rank level) The sum of cycles that the DRAM part is active or under refresh for level _0_0_2
        ramulator.serving_requests_0_0_2             1585512                                      # The sum of read and write requests that are served in this DRAM element per memory cycle for level _0_0_2
ramulator.average_serving_requests_0_0_2            0.210402                                      # The average of read and write requests that are served in this DRAM element per memory cycle for level _0_0_2
         ramulator.active_cycles_0_0_2_0              338040                                      # Total active cycles for level _0_0_2_0
           ramulator.busy_cycles_0_0_2_0              338040                                      # (All-bank refresh only. busy cycles only include refresh time in rank level) The sum of cycles that the DRAM part is active or under refresh for level _0_0_2_0
      ramulator.serving_requests_0_0_2_0              445463                                      # The sum of read and write requests that are served in this DRAM element per memory cycle for level _0_0_2_0
ramulator.average_serving_requests_0_0_2_0            0.059114                                      # The average of read and write requests that are served in this DRAM element per memory cycle for level _0_0_2_0
         ramulator.active_cycles_0_0_2_1              261836                                      # Total active cycles for level _0_0_2_1
           ramulator.busy_cycles_0_0_2_1              261836                                      # (All-bank refresh only. busy cycles only include refresh time in rank level) The sum of cycles that the DRAM part is active or under refresh for level _0_0_2_1
      ramulator.serving_requests_0_0_2_1              386091                                      # The sum of read and write requests that are served in this DRAM element per memory cycle for level _0_0_2_1
ramulator.average_serving_requests_0_0_2_1            0.051235                                      # The average of read and write requests that are served in this DRAM element per memory cycle for level _0_0_2_1
         ramulator.active_cycles_0_0_2_2              254046                                      # Total active cycles for level _0_0_2_2
           ramulator.busy_cycles_0_0_2_2              254046                                      # (All-bank refresh only. busy cycles only include refresh time in rank level) The sum of cycles that the DRAM part is active or under refresh for level _0_0_2_2
      ramulator.serving_requests_0_0_2_2              362996                                      # The sum of read and write requests that are served in this DRAM element per memory cycle for level _0_0_2_2
ramulator.average_serving_requests_0_0_2_2            0.048171                                      # The average of read and write requests that are served in this DRAM element per memory cycle for level _0_0_2_2
         ramulator.active_cycles_0_0_2_3              278411                                      # Total active cycles for level _0_0_2_3
           ramulator.busy_cycles_0_0_2_3              278411                                      # (All-bank refresh only. busy cycles only include refresh time in rank level) The sum of cycles that the DRAM part is active or under refresh for level _0_0_2_3
      ramulator.serving_requests_0_0_2_3              390962                                      # The sum of read and write requests that are served in this DRAM element per memory cycle for level _0_0_2_3
ramulator.average_serving_requests_0_0_2_3            0.051882                                      # The average of read and write requests that are served in this DRAM element per memory cycle for level _0_0_2_3
           ramulator.active_cycles_0_0_3              845846                                      # Total active cycles for level _0_0_3
             ramulator.busy_cycles_0_0_3              845846                                      # (All-bank refresh only. busy cycles only include refresh time in rank level) The sum of cycles that the DRAM part is active or under refresh for level _0_0_3
        ramulator.serving_requests_0_0_3             1296219                                      # The sum of read and write requests that are served in this DRAM element per memory cycle for level _0_0_3
ramulator.average_serving_requests_0_0_3            0.172012                                      # The average of read and write requests that are served in this DRAM element per memory cycle for level _0_0_3
         ramulator.active_cycles_0_0_3_0              245660                                      # Total active cycles for level _0_0_3_0
           ramulator.busy_cycles_0_0_3_0              245660                                      # (All-bank refresh only. busy cycles only include refresh time in rank level) The sum of cycles that the DRAM part is active or under refresh for level _0_0_3_0
      ramulator.serving_requests_0_0_3_0              344365                                      # The sum of read and write requests that are served in this DRAM element per memory cycle for level _0_0_3_0
ramulator.average_serving_requests_0_0_3_0            0.045698                                      # The average of read and write requests that are served in this DRAM element per memory cycle for level _0_0_3_0
         ramulator.active_cycles_0_0_3_1              202057                                      # Total active cycles for level _0_0_3_1
           ramulator.busy_cycles_0_0_3_1              202057                                      # (All-bank refresh only. busy cycles only include refresh time in rank level) The sum of cycles that the DRAM part is active or under refresh for level _0_0_3_1
      ramulator.serving_requests_0_0_3_1              302112                                      # The sum of read and write requests that are served in this DRAM element per memory cycle for level _0_0_3_1
ramulator.average_serving_requests_0_0_3_1            0.040091                                      # The average of read and write requests that are served in this DRAM element per memory cycle for level _0_0_3_1
         ramulator.active_cycles_0_0_3_2              211844                                      # Total active cycles for level _0_0_3_2
           ramulator.busy_cycles_0_0_3_2              211844                                      # (All-bank refresh only. busy cycles only include refresh time in rank level) The sum of cycles that the DRAM part is active or under refresh for level _0_0_3_2
      ramulator.serving_requests_0_0_3_2              298007                                      # The sum of read and write requests that are served in this DRAM element per memory cycle for level _0_0_3_2
ramulator.average_serving_requests_0_0_3_2            0.039546                                      # The average of read and write requests that are served in this DRAM element per memory cycle for level _0_0_3_2
         ramulator.active_cycles_0_0_3_3              239335                                      # Total active cycles for level _0_0_3_3
           ramulator.busy_cycles_0_0_3_3              239335                                      # (All-bank refresh only. busy cycles only include refresh time in rank level) The sum of cycles that the DRAM part is active or under refresh for level _0_0_3_3
      ramulator.serving_requests_0_0_3_3              336645                                      # The sum of read and write requests that are served in this DRAM element per memory cycle for level _0_0_3_3
ramulator.average_serving_requests_0_0_3_3            0.044674                                      # The average of read and write requests that are served in this DRAM element per memory cycle for level _0_0_3_3
      ramulator.read_transaction_bytes_0             9977728                                      # The total byte of read transaction per channel
     ramulator.write_transaction_bytes_0             4954560                                      # The total byte of write transaction per channel
       ramulator.row_hits_channel_0_core              205604                                      # Number of row hits per channel per core
     ramulator.row_misses_channel_0_core                9649                                      # Number of row misses per channel per core
  ramulator.row_conflicts_channel_0_core               18064                                      # Number of row conflicts per channel per core
  ramulator.read_row_hits_channel_0_core              143515                                      # Number of row hits for read requests per channel per core
                                     [0]            143515.0                                      # 
ramulator.read_row_misses_channel_0_core                4690                                      # Number of row misses for read requests per channel per core
                                     [0]              4690.0                                      # 
ramulator.read_row_conflicts_channel_0_core                7697                                      # Number of row conflicts for read requests per channel per core
                                     [0]              7697.0                                      # 
 ramulator.write_row_hits_channel_0_core               62089                                      # Number of row hits for write requests per channel per core
                                     [0]             62089.0                                      # 
ramulator.write_row_misses_channel_0_core                4959                                      # Number of row misses for write requests per channel per core
                                     [0]              4959.0                                      # 
ramulator.write_row_conflicts_channel_0_core               10367                                      # Number of row conflicts for write requests per channel per core
                                     [0]             10367.0                                      # 
      ramulator.useless_activates_0_core                  96                                      # Number of useless activations. E.g, ACT -> PRE w/o RD or WR
            ramulator.read_latency_avg_0          125.856051                                      # The average memory latency cycles (in memory time domain) per request for all read requests in this channel
            ramulator.read_latency_sum_0            19621210                                      # The memory latency cycles (in memory time domain) sum for all read requests in this channel
        ramulator.req_queue_length_avg_0           14.866862                                      # Average of read and write queue length per memory cycle per channel.
        ramulator.req_queue_length_sum_0           112031007                                      # Sum of read and write queue length per memory cycle per channel.
   ramulator.read_req_queue_length_avg_0            2.575148                                      # Read queue length average per memory cycle per channel.
   ramulator.read_req_queue_length_sum_0            19405337                                      # Read queue length sum per memory cycle per channel.
  ramulator.write_req_queue_length_avg_0           12.291714                                      # Write queue length average per memory cycle per channel.
  ramulator.write_req_queue_length_sum_0            92625670                                      # Write queue length sum per memory cycle per channel.
              ramulator.record_read_hits                 0.0                                      # record read hit count for this core when it reaches request limit or to the end
                                     [0]                 0.0                                      # 
            ramulator.record_read_misses                 0.0                                      # record_read_miss count for this core when it reaches request limit or to the end
                                     [0]                 0.0                                      # 
         ramulator.record_read_conflicts                 0.0                                      # record read conflict count for this core when it reaches request limit or to the end
                                     [0]                 0.0                                      # 
             ramulator.record_write_hits                 0.0                                      # record write hit count for this core when it reaches request limit or to the end
                                     [0]                 0.0                                      # 
           ramulator.record_write_misses                 0.0                                      # record write miss count for this core when it reaches request limit or to the end
                                     [0]                 0.0                                      # 
        ramulator.record_write_conflicts                 0.0                                      # record write conflict for this core when it reaches request limit or to the end
                                     [0]                 0.0                                      # 
                 ramulator.dram_capacity          8589934592                                      # Number of bytes in simulated DRAM
                   ramulator.dram_cycles             7535619                                      # Number of DRAM cycles simulated
             ramulator.incoming_requests              233336                                      # Number of incoming requests to DRAM
                 ramulator.read_requests              155902                                      # Number of incoming read requests to DRAM per core
                                     [0]            155902.0                                      # 
                ramulator.write_requests               77434                                      # Number of incoming write requests to DRAM per core
                                     [0]             77434.0                                      # 
       ramulator.ramulator_active_cycles             2953980                                      # The total number of cycles that the DRAM part is active (serving R/W)
 ramulator.incoming_requests_per_channel            233336.0                                      # Number of incoming requests to each DRAM channel
                                     [0]            233336.0                                      # 
ramulator.incoming_read_reqs_per_channel            155902.0                                      # Number of incoming read requests to each DRAM channel
                                     [0]            155902.0                                      # 
     ramulator.physical_page_replacement                   0                                      # The number of times that physical page replacement happens.
             ramulator.maximum_bandwidth         19200000000                                      # The theoretical maximum bandwidth (Bps)
          ramulator.in_queue_req_num_sum           112031007                                      # Sum of read/write queue length
     ramulator.in_queue_read_req_num_sum            19405337                                      # Sum of read queue length
    ramulator.in_queue_write_req_num_sum            92625670                                      # Sum of write queue length
          ramulator.in_queue_req_num_avg           14.866862                                      # Average of read/write queue length per memory cycle
     ramulator.in_queue_read_req_num_avg            2.575148                                      # Average of read queue length per memory cycle
    ramulator.in_queue_write_req_num_avg           12.291714                                      # Average of write queue length per memory cycle
          ramulator.record_read_requests                 0.0                                      # record read requests for this core when it reaches request limit or to the end
                                     [0]                 0.0                                      # 
         ramulator.record_write_requests                 0.0                                      # record write requests for this core when it reaches request limit or to the end
                                     [0]                 0.0                                      # 
