/* -*- Mode: c -*- */
####################################################################################################
Core 0
####################################################################################################
Cumulative:        Cycles: 37502777              Instructions: 89999999              IPC: 2.39982

Periodic:          Cycles: 37502777              Instructions: 89999999              IPC: 2.39982

DCACHE_PREF_HIT                                      0                              0              

IFETCH_WB_FIRST_SCHEDULE                             0         -nan%                0         -nan%
PREFETCH_LAST_SCHEDULE                               0         -nan%                0         -nan%
DEMAND_PASS_PREF_SCHEDULE                            0         -nan%                0         -nan%
DEMAND_PASS_LOW_OP_SCHEDULE                          0         -nan%                0         -nan%
DEMAND_LAST_SCHEDULE                                 0         -nan%                0         -nan%
                                                     0         -nan%                0         -nan%
                                                  -nan         -nan              -nan         -nan

SEND_MISS_REQ_QUEUE                             556646                         556646              

L1_DATA_EVICT                                   608636                         608636              

STREAM_BUFFER_REQ                                    0                              0              

PREF_SEND_TO_MEM_REQ                                 0         -nan%                0         -nan%
PREF_SEND_TO_MEM_REQ_FAIL                            0         -nan%                0         -nan%
                                                     0         -nan%                0         -nan%
                                                  -nan         -nan              -nan         -nan

HIT_TRAIN_STREAM                                438265       86.290%           438265       86.290%
MISS_TRAIN_STREAM                                69634       13.710%            69634       13.710%
                                                507899      100.000%           507899      100.000%
                                                  0.14         0.32              0.14         0.32

STREAM_TRAIN_CREATE                              39611                          39611              

MEM_REQ_MISS_HWP_PREF_Q                              0         -nan%                0         -nan%
MEM_REQ_MISS_SW_PREF_Q                               0         -nan%                0         -nan%
MEM_REQ_MISS_IFETCH_Q                                0         -nan%                0         -nan%
MEM_REQ_MISS_DFETCH_Q                                0         -nan%                0         -nan%
MEM_REQ_MISS_DSTORE_Q                                0         -nan%                0         -nan%
MEM_REQ_MISS_DPRF_Q                                  0         -nan%                0         -nan%
MEM_REQ_MISS_WB_Q                                    0         -nan%                0         -nan%
                                                     0         -nan%                0         -nan%
                                                  -nan         -nan              -nan         -nan

PREF_HIT_BY_DEMAND_IFETCH                            0         -nan%                0         -nan%
PREF_HIT_BY_DEMAND_DFETCH                            0         -nan%                0         -nan%
PREF_HIT_BY_DEMAND_DSTORE                            0         -nan%                0         -nan%
PREF_HIT_BY_DEMAND_IPREF                             0         -nan%                0         -nan%
PREF_HIT_BY_DEMAND_DPRF                              0         -nan%                0         -nan%
PREF_HIT_BY_DEMAND_WB                                0         -nan%                0         -nan%
PREF_HIT_BY_PREF                                     0         -nan%                0         -nan%
                                                     0         -nan%                0         -nan%
                                                  -nan         -nan              -nan         -nan

PREF_HIT_DEMAND_IFETCH                               0         -nan%                0         -nan%
PREF_HIT_DEMAND_DFETCH                               0         -nan%                0         -nan%
PREF_HIT_DEMAND_DSTORE                               0         -nan%                0         -nan%
PREF_HIT_DEMAND_IPREF                                0         -nan%                0         -nan%
PREF_HIT_DEMAND_DPRF                                 0         -nan%                0         -nan%
PREF_HIT_DEMAND_WB                                   0         -nan%                0         -nan%
                                                     0         -nan%                0         -nan%
                                                  -nan         -nan              -nan         -nan

PREF_L1_FILL                                         0         -nan%                0         -nan%
DEMAND_L1_FILL                                       0         -nan%                0         -nan%
                                                     0         -nan%                0         -nan%
                                                  -nan         -nan              -nan         -nan

TOUCH_L1_REPLACE                                     0        0.000%                0        0.000%
NO_TOUCH_L1_REPLACE                             608636      100.000%           608636      100.000%
                                                608636      100.000%           608636      100.000%
                                                  1.00         1.00              1.00         1.00

PREF_REQ_QUE_FULL                                    0                              0              

STREAM_REQ_QUEUE_HIT_BY_DEMAND                       0                              0              

L2HIT_STREAM_PREF_REQ_QUE_FULL                       0                              0              

L2HIT_HIT_TRAIN_STREAM                               0         -nan%                0         -nan%
L2HIT_MISS_TRAIN_STREAM                              0         -nan%                0         -nan%
                                                     0         -nan%                0         -nan%
                                                  -nan         -nan              -nan         -nan

L2HIT_STREAM_TRAIN_CREATE                            0                              0              

L2HIT_STREAM_BUFFER_REQ                              0                              0              

L2HIT_STREAM_PREF_DCACHE_HIT                         0         -nan%                0         -nan%
L2HIT_STREAM_PREF_DCACHE_INSERT                      0         -nan%                0         -nan%
L2HIT_STREAM_L2_MISS                                 0         -nan%                0         -nan%
                                                     0         -nan%                0         -nan%
                                                  -nan         -nan              -nan         -nan

L2HIT_STREAM_DCACHE_PORT_FULL                        0                              0              

L2HIT_STREAM_PREF_L1_PORT_FULL                       0                              0              

L2HIT_TRAIN_HIT_DEMAND                               0         -nan%                0         -nan%
L2HIT_TRAIN_MISS_REQ                                 0         -nan%                0         -nan%
                                                     0         -nan%                0         -nan%
                                                  -nan         -nan              -nan         -nan

L2HIT_TRAIN_FILTER_MISS                              0         -nan%                0         -nan%
L2HIT_TRAIN_FILTER_HIT                               0         -nan%                0         -nan%
                                                     0         -nan%                0         -nan%
                                                  -nan         -nan              -nan         -nan

L2HIT_PREF_REQ_DCACHE_HIT                            0         -nan%                0         -nan%
L2HIT_PREF_REQ_DCACHE_MISS                           0         -nan%                0         -nan%
                                                     0         -nan%                0         -nan%
                                                  -nan         -nan              -nan         -nan

L2HIT_L2SEND_Q_FULL                                  0         -nan%                0         -nan%
L2HIT_L2SEND_Q_ENTER                                 0         -nan%                0         -nan%
                                                     0         -nan%                0         -nan%
                                                  -nan         -nan              -nan         -nan

L2HIT_MEM_REQ                                        0                              0              

REMOVE_REDUNDANT_STREAM_STAT                         0                              0              

REPLACE_OLD_STREAM                               39595                          39595              

REQ_SEND_QUEUE_STALL                                 0                              0              

STREAM_ENTER_RA                                      0                              0              

CORE_STREAM_LENGTH_0                               293       11.954%              293       11.954%
CORE_STREAM_LENGTH_10                             1177       48.021%             1177       48.021%
CORE_STREAM_LENGTH_20                              595       24.276%              595       24.276%
CORE_STREAM_LENGTH_30                               80        3.264%               80        3.264%
CORE_STREAM_LENGTH_40                               43        1.754%               43        1.754%
CORE_STREAM_LENGTH_50                               21        0.857%               21        0.857%
CORE_STREAM_LENGTH_60                               14        0.571%               14        0.571%
CORE_STREAM_LENGTH_70                               12        0.490%               12        0.490%
CORE_STREAM_LENGTH_80                                8        0.326%                8        0.326%
CORE_STREAM_LENGTH_90                               16        0.653%               16        0.653%
CORE_STREAM_LENGTH_100_P                           192        7.834%              192        7.834%
                                                  2451      100.000%             2451      100.000%
                                                  2.11         2.57              2.11         2.57

CORE_CUM_STREAM_LENGTH_0                          2609        0.394%             2609        0.394%
CORE_CUM_STREAM_LENGTH_10                        15452        2.333%            15452        2.333%
CORE_CUM_STREAM_LENGTH_20                        13605        2.054%            13605        2.054%
CORE_CUM_STREAM_LENGTH_30                         2666        0.403%             2666        0.403%
CORE_CUM_STREAM_LENGTH_40                         1878        0.284%             1878        0.284%
CORE_CUM_STREAM_LENGTH_50                         1140        0.172%             1140        0.172%
CORE_CUM_STREAM_LENGTH_60                          890        0.134%              890        0.134%
CORE_CUM_STREAM_LENGTH_70                          885        0.134%              885        0.134%
CORE_CUM_STREAM_LENGTH_80                          677        0.102%              677        0.102%
CORE_CUM_STREAM_LENGTH_90                         1516        0.229%             1516        0.229%
CORE_CUM_STREAM_LENGTH_100_P                    621013       93.762%           621013       93.762%
                                                662331      100.000%           662331      100.000%
                                                  9.52         9.40              9.52         9.40

CORE_STREAM_TRAIN_HITS_0                          2090       85.271%             2090       85.271%
CORE_STREAM_TRAIN_HITS_10                          134        5.467%              134        5.467%
CORE_STREAM_TRAIN_HITS_20                           27        1.102%               27        1.102%
CORE_STREAM_TRAIN_HITS_30                           31        1.265%               31        1.265%
CORE_STREAM_TRAIN_HITS_40                           21        0.857%               21        0.857%
CORE_STREAM_TRAIN_HITS_50                           13        0.530%               13        0.530%
CORE_STREAM_TRAIN_HITS_60                           11        0.449%               11        0.449%
CORE_STREAM_TRAIN_HITS_70                           15        0.612%               15        0.612%
CORE_STREAM_TRAIN_HITS_80                            5        0.204%                5        0.204%
CORE_STREAM_TRAIN_HITS_90                            5        0.204%                5        0.204%
CORE_STREAM_TRAIN_HITS_100_P                        99        4.039%               99        4.039%
                                                  2451      100.000%             2451      100.000%
                                                  0.68         2.11              0.68         2.11

CORE_CUM_STREAM_TRAIN_HITS_0                     11649        2.600%            11649        2.600%
CORE_CUM_STREAM_TRAIN_HITS_10                     1734        0.387%             1734        0.387%
CORE_CUM_STREAM_TRAIN_HITS_20                      644        0.144%              644        0.144%
CORE_CUM_STREAM_TRAIN_HITS_30                     1093        0.244%             1093        0.244%
CORE_CUM_STREAM_TRAIN_HITS_40                      949        0.212%              949        0.212%
CORE_CUM_STREAM_TRAIN_HITS_50                      708        0.158%              708        0.158%
CORE_CUM_STREAM_TRAIN_HITS_60                      722        0.161%              722        0.161%
CORE_CUM_STREAM_TRAIN_HITS_70                     1092        0.244%             1092        0.244%
CORE_CUM_STREAM_TRAIN_HITS_80                      423        0.094%              423        0.094%
CORE_CUM_STREAM_TRAIN_HITS_90                      474        0.106%              474        0.106%
CORE_CUM_STREAM_TRAIN_HITS_100_P                428581       95.651%           428581       95.651%
                                                448069      100.000%           448069      100.000%
                                                  9.64         9.47              9.64         9.47

CORE_STREAM_TRAIN_CREATE                         39611                          39611              



