/* -*- Mode: c -*- */
####################################################################################################
Core 0
####################################################################################################
Cumulative:        Cycles: 23626887              Instructions: 30000000              IPC: 1.26974

Periodic:          Cycles: 7746252               Instructions: 9999997               IPC: 1.29095

DCACHE_PREF_HIT                                      0                              0              

IFETCH_WB_FIRST_SCHEDULE                             0         -nan%                0         -nan%
PREFETCH_LAST_SCHEDULE                               0         -nan%                0         -nan%
DEMAND_PASS_PREF_SCHEDULE                            0         -nan%                0         -nan%
DEMAND_PASS_LOW_OP_SCHEDULE                          0         -nan%                0         -nan%
DEMAND_LAST_SCHEDULE                                 0         -nan%                0         -nan%
                                                     0         -nan%                0         -nan%
                                                  -nan         -nan              -nan         -nan

SEND_MISS_REQ_QUEUE                              72355                         229577              

L1_DATA_EVICT                                    73294                         199417              

STREAM_BUFFER_REQ                                    0                              0              

PREF_SEND_TO_MEM_REQ                                 0         -nan%                0         -nan%
PREF_SEND_TO_MEM_REQ_FAIL                            0         -nan%                0         -nan%
                                                     0         -nan%                0         -nan%
                                                  -nan         -nan              -nan         -nan

HIT_TRAIN_STREAM                                 13112       19.805%            38167       18.496%
MISS_TRAIN_STREAM                                53093       80.195%           168183       81.504%
                                                 66205      100.000%           206350      100.000%
                                                  0.80         0.74              0.82         0.75

STREAM_TRAIN_CREATE                              18563                          58192              

MEM_REQ_MISS_HWP_PREF_Q                              0         -nan%                0         -nan%
MEM_REQ_MISS_SW_PREF_Q                               0         -nan%                0         -nan%
MEM_REQ_MISS_IFETCH_Q                                0         -nan%                0         -nan%
MEM_REQ_MISS_DFETCH_Q                                0         -nan%                0         -nan%
MEM_REQ_MISS_DSTORE_Q                                0         -nan%                0         -nan%
MEM_REQ_MISS_DPRF_Q                                  0         -nan%                0         -nan%
MEM_REQ_MISS_WB_Q                                    0         -nan%                0         -nan%
                                                     0         -nan%                0         -nan%
                                                  -nan         -nan              -nan         -nan

PREF_HIT_BY_DEMAND_IFETCH                            0         -nan%                0         -nan%
PREF_HIT_BY_DEMAND_DFETCH                            0         -nan%                0         -nan%
PREF_HIT_BY_DEMAND_DSTORE                            0         -nan%                0         -nan%
PREF_HIT_BY_DEMAND_IPREF                             0         -nan%                0         -nan%
PREF_HIT_BY_DEMAND_DPRF                              0         -nan%                0         -nan%
PREF_HIT_BY_DEMAND_WB                                0         -nan%                0         -nan%
PREF_HIT_BY_PREF                                     0         -nan%                0         -nan%
                                                     0         -nan%                0         -nan%
                                                  -nan         -nan              -nan         -nan

PREF_HIT_DEMAND_IFETCH                               0         -nan%                0         -nan%
PREF_HIT_DEMAND_DFETCH                               0         -nan%                0         -nan%
PREF_HIT_DEMAND_DSTORE                               0         -nan%                0         -nan%
PREF_HIT_DEMAND_IPREF                                0         -nan%                0         -nan%
PREF_HIT_DEMAND_DPRF                                 0         -nan%                0         -nan%
PREF_HIT_DEMAND_WB                                   0         -nan%                0         -nan%
                                                     0         -nan%                0         -nan%
                                                  -nan         -nan              -nan         -nan

PREF_L1_FILL                                         0         -nan%                0         -nan%
DEMAND_L1_FILL                                       0         -nan%                0         -nan%
                                                     0         -nan%                0         -nan%
                                                  -nan         -nan              -nan         -nan

TOUCH_L1_REPLACE                                     0        0.000%                0        0.000%
NO_TOUCH_L1_REPLACE                              73294      100.000%           199417      100.000%
                                                 73294      100.000%           199417      100.000%
                                                  1.00         1.00              1.00         1.00

PREF_REQ_QUE_FULL                                    0                              0              

STREAM_REQ_QUEUE_HIT_BY_DEMAND                       0                              0              

L2HIT_STREAM_PREF_REQ_QUE_FULL                       0                              0              

L2HIT_HIT_TRAIN_STREAM                               0         -nan%                0         -nan%
L2HIT_MISS_TRAIN_STREAM                              0         -nan%                0         -nan%
                                                     0         -nan%                0         -nan%
                                                  -nan         -nan              -nan         -nan

L2HIT_STREAM_TRAIN_CREATE                            0                              0              

L2HIT_STREAM_BUFFER_REQ                              0                              0              

L2HIT_STREAM_PREF_DCACHE_HIT                         0         -nan%                0         -nan%
L2HIT_STREAM_PREF_DCACHE_INSERT                      0         -nan%                0         -nan%
L2HIT_STREAM_L2_MISS                                 0         -nan%                0         -nan%
                                                     0         -nan%                0         -nan%
                                                  -nan         -nan              -nan         -nan

L2HIT_STREAM_DCACHE_PORT_FULL                        0                              0              

L2HIT_STREAM_PREF_L1_PORT_FULL                       0                              0              

L2HIT_TRAIN_HIT_DEMAND                               0         -nan%                0         -nan%
L2HIT_TRAIN_MISS_REQ                                 0         -nan%                0         -nan%
                                                     0         -nan%                0         -nan%
                                                  -nan         -nan              -nan         -nan

L2HIT_TRAIN_FILTER_MISS                              0         -nan%                0         -nan%
L2HIT_TRAIN_FILTER_HIT                               0         -nan%                0         -nan%
                                                     0         -nan%                0         -nan%
                                                  -nan         -nan              -nan         -nan

L2HIT_PREF_REQ_DCACHE_HIT                            0         -nan%                0         -nan%
L2HIT_PREF_REQ_DCACHE_MISS                           0         -nan%                0         -nan%
                                                     0         -nan%                0         -nan%
                                                  -nan         -nan              -nan         -nan

L2HIT_L2SEND_Q_FULL                                  0         -nan%                0         -nan%
L2HIT_L2SEND_Q_ENTER                                 0         -nan%                0         -nan%
                                                     0         -nan%                0         -nan%
                                                  -nan         -nan              -nan         -nan

L2HIT_MEM_REQ                                        0                              0              

REMOVE_REDUNDANT_STREAM_STAT                         0                              0              

REPLACE_OLD_STREAM                               18563                          58176              

REQ_SEND_QUEUE_STALL                                 0                              0              

STREAM_ENTER_RA                                      0                              0              

CORE_STREAM_LENGTH_0                              7350       95.991%            21615       94.368%
CORE_STREAM_LENGTH_10                              279        3.644%             1169        5.104%
CORE_STREAM_LENGTH_20                               12        0.157%               67        0.293%
CORE_STREAM_LENGTH_30                                3        0.039%               13        0.057%
CORE_STREAM_LENGTH_40                                0        0.000%                4        0.017%
CORE_STREAM_LENGTH_50                                0        0.000%                3        0.013%
CORE_STREAM_LENGTH_60                                1        0.013%                3        0.013%
CORE_STREAM_LENGTH_70                                0        0.000%                2        0.009%
CORE_STREAM_LENGTH_80                                0        0.000%                2        0.009%
CORE_STREAM_LENGTH_90                                0        0.000%                0        0.000%
CORE_STREAM_LENGTH_100_P                            12        0.157%               27        0.118%
                                                  7657      100.000%            22905      100.000%
                                                  0.06         0.45              0.07         0.44

CORE_CUM_STREAM_LENGTH_0                         46488       87.102%           145235       85.953%
CORE_CUM_STREAM_LENGTH_10                         3419        6.406%            14125        8.359%
CORE_CUM_STREAM_LENGTH_20                          280        0.525%             1555        0.920%
CORE_CUM_STREAM_LENGTH_30                          117        0.219%              481        0.285%
CORE_CUM_STREAM_LENGTH_40                            0        0.000%              171        0.101%
CORE_CUM_STREAM_LENGTH_50                            0        0.000%              162        0.096%
CORE_CUM_STREAM_LENGTH_60                           67        0.126%              196        0.116%
CORE_CUM_STREAM_LENGTH_70                            0        0.000%              146        0.086%
CORE_CUM_STREAM_LENGTH_80                            0        0.000%              170        0.101%
CORE_CUM_STREAM_LENGTH_90                            0        0.000%                0        0.000%
CORE_CUM_STREAM_LENGTH_100_P                      3001        5.623%             6730        3.983%
                                                 53372      100.000%           168971      100.000%
                                                  0.65         2.24              0.54         1.95

CORE_STREAM_TRAIN_HITS_0                          7556       98.681%            22538       98.398%
CORE_STREAM_TRAIN_HITS_10                           85        1.110%              316        1.380%
CORE_STREAM_TRAIN_HITS_20                            0        0.000%                7        0.031%
CORE_STREAM_TRAIN_HITS_30                            3        0.039%                7        0.031%
CORE_STREAM_TRAIN_HITS_40                            0        0.000%                3        0.013%
CORE_STREAM_TRAIN_HITS_50                            1        0.013%                2        0.009%
CORE_STREAM_TRAIN_HITS_60                            0        0.000%                2        0.009%
CORE_STREAM_TRAIN_HITS_70                            0        0.000%                1        0.004%
CORE_STREAM_TRAIN_HITS_80                            0        0.000%                3        0.013%
CORE_STREAM_TRAIN_HITS_90                            0        0.000%                1        0.004%
CORE_STREAM_TRAIN_HITS_100_P                        12        0.157%               25        0.109%
                                                  7657      100.000%            22905      100.000%
                                                  0.03         0.42              0.03         0.38

CORE_CUM_STREAM_TRAIN_HITS_0                     39737       90.811%           118758       91.502%
CORE_CUM_STREAM_TRAIN_HITS_10                      910        2.080%             3434        2.646%
CORE_CUM_STREAM_TRAIN_HITS_20                        0        0.000%              155        0.119%
CORE_CUM_STREAM_TRAIN_HITS_30                      111        0.254%              253        0.195%
CORE_CUM_STREAM_TRAIN_HITS_40                        0        0.000%              133        0.102%
CORE_CUM_STREAM_TRAIN_HITS_50                       51        0.117%              105        0.081%
CORE_CUM_STREAM_TRAIN_HITS_60                        0        0.000%              131        0.101%
CORE_CUM_STREAM_TRAIN_HITS_70                        0        0.000%               74        0.057%
CORE_CUM_STREAM_TRAIN_HITS_80                        0        0.000%              252        0.194%
CORE_CUM_STREAM_TRAIN_HITS_90                        0        0.000%               92        0.071%
CORE_CUM_STREAM_TRAIN_HITS_100_P                  2949        6.739%             6400        4.931%
                                                 43758      100.000%           129787      100.000%
                                                  0.71         2.43              0.57         2.16

CORE_STREAM_TRAIN_CREATE                         18563                          58192              



