/* -*- Mode: c -*- */
####################################################################################################
Core 0
####################################################################################################
Cumulative:        Cycles: 19777275              Instructions: 30000000              IPC: 1.51689

Periodic:          Cycles: 6615577               Instructions: 9999994               IPC: 1.51158

RFP_PREDICTED_AT_RENAME                        1066796                        3199113              

RFP_ALL_LOADS                                  2352462                        7057815              

RFP_PREDICTION_MADE                            1066796                        3199113              

RFP_ELIGIBLE                                   1066796        0.4535          3199113        0.4533

RFP_RETIRE_LOAD                                2352493                        7057815              

RFP_PT_ALLOC                                         0                            871              

RFP_PT_HIT                                     2352493                        7056944              

RFP_STRIDE_CONFIRM                             1273103                        3818124              

RFP_STRIDE_CHANGE                               390559                        1170993              

RFP_STRIDE_OUT_OF_RANGE                         688831                        2067827              

RFP_PAT_ALLOC                                        0                            256              

RFP_PAT_EVICT                                    29962                          88327              

RFP_CONF_INC                                     67381                         202552              

RFP_CONF_RESET_ON_MISPRED                        59396                         178360              

RFP_STORE_BUFFER_DEFER                         1020185                        3035335              

RFP_PREFETCH_INJECTED                          1066796                        3199113              

RFP_ISSUED                                     1066796        0.4535          3199113        0.4533

RFP_ELIGIBLE_NOT_ISSUED                              0                              0              

RFP_PREFETCH_INFLIGHT                                0                              0              

RFP_PREFETCH_EXECUTED                           630582                        1897505              

RFP_DROPPED_SINCE_LOAD_BEAT_PREFETCH            395244                        1180216              

RFP_PREFETCH_USEFUL                             545535                        1641252              

RFP_SAVED_CYCLES                               1500053                        4507067              

RFP_PREDICTION_WRONG                            126022                         377645              

RFP_PRF_LAUNCH                                 1066796                        3199113              

RFP_PRF_LAUNCH_NO_DEST                               0                              0              

RFP_PRF_SERVED                                  545535                        1641252              

RFP_USED_NO_DEMAND                              545535                        1641252              

RFP_NUM_PREFETCHED_LOADS                        545535                        1641252              

RFP_COVERAGE                                    545535        0.2319          1641252        0.2325

RFP_PRF_CLEARED_DUE_TO_MISPRED                  126022                         377645              

RFP_PRF_CLEARED_DUE_TO_RECOVERY                1085059                        3326628              

RFP_PRF_OWNER_MISMATCH                               0                              0              

RFP_LSQ_FIFO_FULL                                    0                              0              

RFP_DROPPED_ON_L1_MISS                            8041                          24292              

RFP_PARTIAL_MITIGATED                           325683                         981364              

RFP_FULL_MITIGATED                              219852                         659888              

RFP_ON_TIME                                     219852        0.2061           659888        0.2063

RFP_DROPPED_MEM_PRESSURE                             0                              0              

RFP_TOTAL_CYCLES_SAVED                         1500053                        4507067              

RFP_AVG_LAT_REDUCTION_PER_PREF                 1500053        2.7497          4507067        2.7461

RFP_SAVED_CYCLES_FULL                           879408                        2639552              

RFP_SAVED_CYCLES_PARTIAL                        620645                        1867515              

RFP_AVG_LAT_REDUCTION_FULL                      879408        4.0000          2639552        4.0000

RFP_AVG_LAT_REDUCTION_PARTIAL                   620645        1.9057          1867515        1.9030

RFP_REMAINING_LAT_SERVED                       1227622                        3699193              

RFP_PRED_RESOLVED                              1066801                        3199113              

RFP_PRED_CORRECT                                940779        0.8819          2821468        0.8820

RFP_PRED_WRONG_LINE                              54052                         160763              

RFP_PRED_WRONG_ADDR                              71970                         216882              

RFP_LD_EXEC_MINUS_FETCH                      201381080                      593189186              

RFP_LD_RETIRE_MINUS_FETCH                    388161550                     1143709004              

RFP_LD_EXEC_TO_DONE                           24230876                       72290447              

RFP_LD_EXEC_MINUS_FETCH_SERVED                41366055                      121688076              

RFP_LD_RETIRE_MINUS_FETCH_SERVED              75741263                      222671015              

RFP_LD_EXEC_TO_DONE_SERVED                     1243326                        3746531              

RFP_LD_EXEC_MINUS_FETCH_DEMAND               160015025                      471501110              

RFP_LD_RETIRE_MINUS_FETCH_DEMAND             312420287                      921037989              

RFP_LD_EXEC_TO_DONE_DEMAND                    22987550                       68543916              

RFP_RETIRE_PRED                                1066812                        3199113              

RFP_RETIRE_COVERED                              545544        0.2319          1641252        0.2325

RFP_RETIRE_PRED_CORRECT                         940788                        2821468              

RFP_RETIRE_PRED_WRONG                           126024                         377645              



