/* -*- Mode: c -*- */
####################################################################################################
Core 0
####################################################################################################
Cumulative:        Cycles: 65900909              Instructions: 59999999              IPC: 0.91046

Periodic:          Cycles: 65900909              Instructions: 59999999              IPC: 0.91046

MISS_WAIT_TIME                           2254952150887                  2254952150887              

ICACHE_STAGE_MISS                               124544                         124544              

ICACHE_CYCLE                                  65900909                       65900909              

TCACHE_CYCLE                                         0                              0              

ICACHE_SERVING_CYCLE_ON_PATH                   3891711                        3891711              

ICACHE_SERVING_CYCLE_OFF_PATH                  3641901                        3641901              

UCACHE_SERVING_CYCLE_ON_PATH                  27175737                       27175737              

UCACHE_SERVING_CYCLE_OFF_PATH                 27895216                       27895216              

ICACHE_CYCLE_ONPATH                           33029469       50.120%         33029469       50.120%
ICACHE_CYCLE_OFFPATH                          32871440       49.880%         32871440       49.880%
                                              65900909      100.000%         65900909      100.000%
                                                  0.50         0.50              0.50         0.50

FETCH_ON_PATH                                 34123764       51.780%         34123764       51.780%
FETCH_OFF_PATH                                31777145       48.220%         31777145       48.220%
                                              65900909      100.000%         65900909      100.000%
                                                  0.48         0.49              0.48         0.49

FETCHED_OPS_ON_PATH                                  0         -nan%                0         -nan%
FETCHED_OPS_OFF_PATH                                 0         -nan%                0         -nan%
                                                     0         -nan%                0         -nan%
                                                  -nan         -nan              -nan         -nan

INST_LOST_FETCH                               70925448       17.472%         70925448       17.472%
INST_LOST_OFF_PATH                            89073920       21.943%         89073920       21.943%
INST_LOST_FULL_WINDOW                         10120870        2.493%         10120870        2.493%
INST_LOST_ROB_STALL_OTHER                     20833206        5.132%         20833206        5.132%
INST_LOST_ROB_STALL_WAIT_FOR_RECOVERY             1164        0.000%             1164        0.000%
INST_LOST_ROB_STALL_WAIT_FOR_REDIRECT                0        0.000%                0        0.000%
INST_LOST_ROB_STALL_WAIT_FOR_GAP_FILL                0        0.000%                0        0.000%
INST_LOST_ROB_STALL_WAIT_FOR_L1_MISS                 0        0.000%                0        0.000%
INST_LOST_ROB_STALL_WAIT_FOR_MEMORY               6288        0.002%             6288        0.002%
INST_LOST_ROB_STALL_WAIT_FOR_DC_MISS         117952716       29.057%        117952716       29.057%
INST_LOST_ROB_BLOCK_ISSUE_FULL                       0        0.000%                0        0.000%
INST_LOST_ROB_BLOCK_ISSUE_GAP_TOO_LARGE              0        0.000%                0        0.000%
INST_LOST_BREAK_DONT                                 0        0.000%                0        0.000%
INST_LOST_BREAK_FT_UNAVAILABLE                 8343496        2.055%          8343496        2.055%
INST_LOST_BREAK_ICACHE_STAGE_RESTEER            351870        0.087%           351870        0.087%
INST_LOST_BREAK_ICACHE_MISS_REQ_SUCCESS         591256        0.146%           591256        0.146%
INST_LOST_BREAK_ICACHE_MISS_REQ_FAILURE          21968        0.005%            21968        0.005%
INST_LOST_BREAK_ICACHE_WAIT_FOR_MISS          10940085        2.695%         10940085        2.695%
INST_LOST_BREAK_ICACHE_STALLED                  978928        0.241%           978928        0.241%
INST_LOST_BREAK_ICACHE_TO_UOP_CACHE_SWITCH       2187502        0.539%          2187502        0.539%
INST_LOST_BREAK_ICACHE_READ_LIMIT              1886634        0.465%          1886634        0.465%
INST_LOST_BREAK_ICACHE_ISSUE_WIDTH                   0        0.000%                0        0.000%
INST_LOST_BREAK_UOP_CACHE_STALLED             40409230        9.955%         40409230        9.955%
INST_LOST_BREAK_UOP_CACHE_TO_ICACHE_SWITCH       2475684        0.610%          2475684        0.610%
INST_LOST_BREAK_UOP_CACHE_READ_LIMIT          28836801        7.104%         28836801        7.104%
INST_LOST_BREAK_UOP_CACHE_ISSUE_WIDTH                0        0.000%                0        0.000%
                                             405937066      100.000%        405937066      100.000%
                                                  8.07         7.51              8.07         7.51

INST_LOST_TOTAL                              506178628                      506178628              

INST_LOST_WAIT_FOR_ICACHE_MISS_NOT_PREFETCHED        429654        4.496%           429654        4.496%
INST_LOST_WAIT_FOR_ICACHE_MISS_PREFETCHED_AND_EVICTED_BY_IFETCH             0        0.000%                0        0.000%
INST_LOST_WAIT_FOR_ICACHE_MISS_PREFETCHED_AND_EVICTED_BY_FDIP             0        0.000%                0        0.000%
INST_LOST_WAIT_FOR_ICACHE_MISS_MSHR_HIT_PREF_OFFPATH        191436        2.003%           191436        2.003%
INST_LOST_WAIT_FOR_ICACHE_MISS_MSHR_HIT_PREF_ONPATH       8936082       93.501%          8936082       93.501%
                                               9557172      100.000%          9557172      100.000%
                                                  3.80         3.68              3.80         3.68

FETCH_0_OPS                                    3281419        4.979%          3281419        4.979%
FETCH_1_OPS                                    1896760        2.878%          1896760        2.878%
FETCH_2_OPS                                    1671169        2.536%          1671169        2.536%
FETCH_3_OPS                                    3516092        5.335%          3516092        5.335%
FETCH_4_OPS                                    4447391        6.749%          4447391        6.749%
FETCH_5_OPS                                    3032300        4.601%          3032300        4.601%
FETCH_6_OPS                                    8651616       13.128%          8651616       13.128%
FETCH_7_OPS                                    6726256       10.207%          6726256       10.207%
FETCH_8_OPS                                   32677906       49.586%         32677906       49.586%
FETCH_9_OPS                                          0        0.000%                0        0.000%
FETCH_10_OPS                                         0        0.000%                0        0.000%
FETCH_11_OPS                                         0        0.000%                0        0.000%
FETCH_12_OPS                                         0        0.000%                0        0.000%
FETCH_13_OPS                                         0        0.000%                0        0.000%
FETCH_14_OPS                                         0        0.000%                0        0.000%
FETCH_15_OPS                                         0        0.000%                0        0.000%
FETCH_16_OPS                                         0        0.000%                0        0.000%
                                              65900909      100.000%         65900909      100.000%
                                                  6.21         1.96              6.21         1.96

ST_BREAK_DONT                                        0        0.000%                0        0.000%
ST_BREAK_FT_UNAVAILABLE                        1399061        2.123%          1399061        2.123%
ST_BREAK_ICACHE_STAGE_RESTEER                    82724        0.126%            82724        0.126%
ST_BREAK_ICACHE_MISS_REQ_SUCCESS                124544        0.189%           124544        0.189%
ST_BREAK_ICACHE_MISS_REQ_FAILURE                  3680        0.006%             3680        0.006%
ST_BREAK_ICACHE_WAIT_FOR_MISS                  1823881        2.768%          1823881        2.768%
ST_BREAK_ICACHE_STALLED                        1544581        2.344%          1544581        2.344%
ST_BREAK_ICACHE_TO_UOP_CACHE_SWITCH             700414        1.063%           700414        1.063%
ST_BREAK_ICACHE_READ_LIMIT                      708373        1.075%           708373        1.075%
ST_BREAK_ICACHE_ISSUE_WIDTH                    4183118        6.348%          4183118        6.348%
ST_BREAK_UOP_CACHE_STALLED                    35149790       53.337%         35149790       53.337%
ST_BREAK_UOP_CACHE_TO_ICACHE_SWITCH             582906        0.885%           582906        0.885%
ST_BREAK_UOP_CACHE_READ_LIMIT                  7882846       11.962%          7882846       11.962%
ST_BREAK_UOP_CACHE_ISSUE_WIDTH                11714991       17.777%         11714991       17.777%
                                              65900909      100.000%         65900909      100.000%
                                                 10.22         4.87             10.22         4.87

ORACLE_ON_PATH_INST                           70925448       44.329%         70925448       44.329%
ORACLE_OFF_PATH_INST                          89073920       55.671%         89073920       55.671%
                                             159999368      100.000%        159999368      100.000%
                                                  0.56         0.53              0.56         0.53

ORACLE_ON_PATH_INST_MEM                       26842359       16.777%         26842359       16.777%
ORACLE_ON_PATH_INST_NOTMEM                    44083089       27.552%         44083089       27.552%
ORACLE_OFF_PATH_INST_MEM                      32838887       20.524%         32838887       20.524%
ORACLE_OFF_PATH_INST_NOTMEM                   56235033       35.147%         56235033       35.147%
                                             159999368      100.000%        159999368      100.000%
                                                  1.74         1.34              1.74         1.34

ICACHE_CYCLE_NONRA_ONPATH                            0         -nan%                0         -nan%
ICACHE_CYCLE_NONRA_OFFPATH                           0         -nan%                0         -nan%
ICACHE_CYCLE_RA_ONPATH                               0         -nan%                0         -nan%
ICACHE_CYCLE_RA_OFFPATH                              0         -nan%                0         -nan%
                                                     0         -nan%                0         -nan%
                                                  -nan         -nan              -nan         -nan

ICACHE_CYCLE_ONPATH_NONRA                            0         -nan%                0         -nan%
ICACHE_CYCLE_OFFPATH_NONRA                           0         -nan%                0         -nan%
                                                     0         -nan%                0         -nan%
                                                  -nan         -nan              -nan         -nan

ICACHE_CYCLE_ONPATH_RA                               0         -nan%                0         -nan%
ICACHE_CYCLE_OFFPATH_RA                              0         -nan%                0         -nan%
                                                     0         -nan%                0         -nan%
                                                  -nan         -nan              -nan         -nan

INACCURATE_OFFPATH_CYCLES                            0        0.0000                0        0.0000

FETCH_ALL_INST                               159999368                      159999368              

EXEC_ALL_INST                                 79286551                       79286551              

RET_ALL_INST                                  67184942                       67184942              

EXEC_ON_PATH_INST                             65583853       82.718%         65583853       82.718%
EXEC_OFF_PATH_INST                            13702698       17.282%         13702698       17.282%
                                              79286551      100.000%         79286551      100.000%
                                                  0.17         0.35              0.17         0.35

EXEC_ON_PATH_INST_MEM                         23058191       29.082%         23058191       29.082%
EXEC_ON_PATH_INST_NOTMEM                      42525662       53.635%         42525662       53.635%
EXEC_OFF_PATH_INST_MEM                         4429338        5.586%          4429338        5.586%
EXEC_OFF_PATH_INST_NOTMEM                      9273360       11.696%          9273360       11.696%
                                              79286551      100.000%         79286551      100.000%
                                                  1.00         0.80              1.00         0.80

EXEC_RA_INST                                         0         -nan%                0         -nan%
EXEC_NONRA_INST                                      0         -nan%                0         -nan%
                                                     0         -nan%                0         -nan%
                                                  -nan         -nan              -nan         -nan

EXEC_ON_PATH_INST_RA                                 0         -nan%                0         -nan%
EXEC_OFF_PATH_INST_RA                                0         -nan%                0         -nan%
                                                     0         -nan%                0         -nan%
                                                  -nan         -nan              -nan         -nan

EXEC_ON_PATH_INST_NONRA                              0         -nan%                0         -nan%
EXEC_OFF_PATH_INST_NONRA                             0         -nan%                0         -nan%
                                                     0         -nan%                0         -nan%
                                                  -nan         -nan              -nan         -nan

EXEC_RA_ON_PATH_INST                                 0         -nan%                0         -nan%
EXEC_RA_OFF_PATH_INST                                0         -nan%                0         -nan%
EXEC_NONRA_ON_PATH_INST                              0         -nan%                0         -nan%
EXEC_NONRA_OFF_PATH_INST                             0         -nan%                0         -nan%
                                                     0         -nan%                0         -nan%
                                                  -nan         -nan              -nan         -nan

ICACHE_THROTTLE_CYCLE                                0                              0              

FETCH_ENABLE_THROTTLE_OFF_PATH                       0         -nan%                0         -nan%
FETCH_ENABLE_THROTTLE_ON_PATH                        0         -nan%                0         -nan%
                                                     0         -nan%                0         -nan%
                                                  -nan         -nan              -nan         -nan

FETCH_DISABLE_THROTTLE_OFF_PATH                      0         -nan%                0         -nan%
FETCH_DISABLE_THROTTLE_ON_PATH                       0         -nan%                0         -nan%
                                                     0         -nan%                0         -nan%
                                                  -nan         -nan              -nan         -nan

FETCH_TH_ADJUST__0                                   0         -nan%                0         -nan%
FETCH_TH_ADJUST__1                                   0         -nan%                0         -nan%
FETCH_TH_ADJUST__2                                   0         -nan%                0         -nan%
FETCH_TH_ADJUST__3                                   0         -nan%                0         -nan%
FETCH_TH_ADJUST__4                                   0         -nan%                0         -nan%
FETCH_TH_ADJUST__5                                   0         -nan%                0         -nan%
FETCH_TH_ADJUST__6                                   0         -nan%                0         -nan%
FETCH_TH_ADJUST__7                                   0         -nan%                0         -nan%
FETCH_TH_ADJUST__8                                   0         -nan%                0         -nan%
FETCH_TH_ADJUST__9                                   0         -nan%                0         -nan%
FETCH_TH_ADJUST__MAX                                 0         -nan%                0         -nan%
                                                     0         -nan%                0         -nan%
                                                  -nan         -nan              -nan         -nan

FETCH_TH_ADJUST_UP                                   0         -nan%                0         -nan%
FETCH_TH_ADJUST_DOWN                                 0         -nan%                0         -nan%
FETCH_TH_ADJUST_SAME                                 0         -nan%                0         -nan%
                                                     0         -nan%                0         -nan%
                                                  -nan         -nan              -nan         -nan

THROTTLE_ADJUST_CACHE_MISS_INFO                      0                              0              

LOW_CONF_COUNT_BP_MIS_0                              0         -nan%                0         -nan%
LOW_CONF_COUNT_BP_MIS_1                              0         -nan%                0         -nan%
LOW_CONF_COUNT_BP_MIS_2                              0         -nan%                0         -nan%
LOW_CONF_COUNT_BP_MIS_3                              0         -nan%                0         -nan%
LOW_CONF_COUNT_BP_MIS_4                              0         -nan%                0         -nan%
LOW_CONF_COUNT_BP_MIS_5                              0         -nan%                0         -nan%
LOW_CONF_COUNT_BP_MIS_6                              0         -nan%                0         -nan%
LOW_CONF_COUNT_BP_MIS_7                              0         -nan%                0         -nan%
LOW_CONF_COUNT_BP_MIS_8                              0         -nan%                0         -nan%
LOW_CONF_COUNT_BP_MIS_9                              0         -nan%                0         -nan%
LOW_CONF_COUNT_BP_MIS_10                             0         -nan%                0         -nan%
LOW_CONF_COUNT_BP_MIS_11                             0         -nan%                0         -nan%
LOW_CONF_COUNT_BP_MIS_12                             0         -nan%                0         -nan%
LOW_CONF_COUNT_BP_MIS_13                             0         -nan%                0         -nan%
LOW_CONF_COUNT_BP_MIS_14                             0         -nan%                0         -nan%
LOW_CONF_COUNT_BP_MIS_15                             0         -nan%                0         -nan%
LOW_CONF_COUNT_BP_MIS_16                             0         -nan%                0         -nan%
LOW_CONF_COUNT_BP_MIS_17                             0         -nan%                0         -nan%
LOW_CONF_COUNT_BP_MIS_18                             0         -nan%                0         -nan%
LOW_CONF_COUNT_BP_MIS_19                             0         -nan%                0         -nan%
LOW_CONF_COUNT_BP_MIS_20                             0         -nan%                0         -nan%
                                                     0         -nan%                0         -nan%
                                                  -nan         -nan              -nan         -nan

LOW_CONF_COUNT_RET_0                                 0         -nan%                0         -nan%
LOW_CONF_COUNT_RET_1                                 0         -nan%                0         -nan%
LOW_CONF_COUNT_RET_2                                 0         -nan%                0         -nan%
LOW_CONF_COUNT_RET_3                                 0         -nan%                0         -nan%
LOW_CONF_COUNT_RET_4                                 0         -nan%                0         -nan%
LOW_CONF_COUNT_RET_5                                 0         -nan%                0         -nan%
LOW_CONF_COUNT_RET_6                                 0         -nan%                0         -nan%
LOW_CONF_COUNT_RET_7                                 0         -nan%                0         -nan%
LOW_CONF_COUNT_RET_8                                 0         -nan%                0         -nan%
LOW_CONF_COUNT_RET_9                                 0         -nan%                0         -nan%
LOW_CONF_COUNT_RET_10                                0         -nan%                0         -nan%
LOW_CONF_COUNT_RET_11                                0         -nan%                0         -nan%
LOW_CONF_COUNT_RET_12                                0         -nan%                0         -nan%
LOW_CONF_COUNT_RET_13                                0         -nan%                0         -nan%
LOW_CONF_COUNT_RET_14                                0         -nan%                0         -nan%
LOW_CONF_COUNT_RET_15                                0         -nan%                0         -nan%
LOW_CONF_COUNT_RET_16                                0         -nan%                0         -nan%
LOW_CONF_COUNT_RET_17                                0         -nan%                0         -nan%
LOW_CONF_COUNT_RET_18                                0         -nan%                0         -nan%
LOW_CONF_COUNT_RET_19                                0         -nan%                0         -nan%
LOW_CONF_COUNT_RET_20                                0         -nan%                0         -nan%
                                                     0         -nan%                0         -nan%
                                                  -nan         -nan              -nan         -nan

CYCLES_RESTEER_RECOVER_AT_EXEC                       0         -nan%                0         -nan%
CYCLES_RESTEER_RECOVER_AT_DECODE                     0         -nan%                0         -nan%
CYCLES_RESTEER_BTB_MISS                              0         -nan%                0         -nan%
                                                     0         -nan%                0         -nan%
                                                  -nan         -nan              -nan         -nan

CYCLES_RESTEER_RECOVER_AT_EXEC_SAVED_UC_FETCH             0         -nan%                0         -nan%
CYCLES_RESTEER_RECOVER_AT_EXEC_COULD_BE_SAVED_UC_FETCH             0         -nan%                0         -nan%
CYCLES_RESTEER_RECOVER_AT_DECODE_SAVED_UC_FETCH             0         -nan%                0         -nan%
CYCLES_RESTEER_RECOVER_AT_DECODE_COULD_BE_SAVED_UC_FETCH             0         -nan%                0         -nan%
CYCLES_RESTEER_BTB_MISS_SAVED_UC_FETCH               0         -nan%                0         -nan%
CYCLES_RESTEER_BTB_MISS_COULD_BE_SAVED_UC_FETCH             0         -nan%                0         -nan%
                                                     0         -nan%                0         -nan%
                                                  -nan         -nan              -nan         -nan

CYCLES_UOC_IC_SWITCH                                 0                              0              



