/* -*- Mode: c -*- */
####################################################################################################
Core 0
####################################################################################################
Cumulative:        Cycles: 13432966              Instructions: 30000000              IPC: 2.23331

Periodic:          Cycles: 4539965               Instructions: 9999996               IPC: 2.20266

DCACHE_PREF_HIT                                      0                              0              

IFETCH_WB_FIRST_SCHEDULE                             0         -nan%                0         -nan%
PREFETCH_LAST_SCHEDULE                               0         -nan%                0         -nan%
DEMAND_PASS_PREF_SCHEDULE                            0         -nan%                0         -nan%
DEMAND_PASS_LOW_OP_SCHEDULE                          0         -nan%                0         -nan%
DEMAND_LAST_SCHEDULE                                 0         -nan%                0         -nan%
                                                     0         -nan%                0         -nan%
                                                  -nan         -nan              -nan         -nan

SEND_MISS_REQ_QUEUE                              21705                          73658              

L1_DATA_EVICT                                    21934                          41564              

STREAM_BUFFER_REQ                                    0                              0              

PREF_SEND_TO_MEM_REQ                                 0         -nan%                0         -nan%
PREF_SEND_TO_MEM_REQ_FAIL                            0         -nan%                0         -nan%
                                                     0         -nan%                0         -nan%
                                                  -nan         -nan              -nan         -nan

HIT_TRAIN_STREAM                                  3344       20.181%            11979       22.617%
MISS_TRAIN_STREAM                                13226       79.819%            40986       77.383%
                                                 16570      100.000%            52965      100.000%
                                                  0.80         0.74              0.77         0.71

STREAM_TRAIN_CREATE                               5836                          17656              

MEM_REQ_MISS_HWP_PREF_Q                              0         -nan%                0         -nan%
MEM_REQ_MISS_SW_PREF_Q                               0         -nan%                0         -nan%
MEM_REQ_MISS_IFETCH_Q                                0         -nan%                0         -nan%
MEM_REQ_MISS_DFETCH_Q                                0         -nan%                0         -nan%
MEM_REQ_MISS_DSTORE_Q                                0         -nan%                0         -nan%
MEM_REQ_MISS_DPRF_Q                                  0         -nan%                0         -nan%
MEM_REQ_MISS_WB_Q                                    0         -nan%                0         -nan%
                                                     0         -nan%                0         -nan%
                                                  -nan         -nan              -nan         -nan

PREF_HIT_BY_DEMAND_IFETCH                            0         -nan%                0         -nan%
PREF_HIT_BY_DEMAND_DFETCH                            0         -nan%                0         -nan%
PREF_HIT_BY_DEMAND_DSTORE                            0         -nan%                0         -nan%
PREF_HIT_BY_DEMAND_IPREF                             0         -nan%                0         -nan%
PREF_HIT_BY_DEMAND_DPRF                              0         -nan%                0         -nan%
PREF_HIT_BY_DEMAND_WB                                0         -nan%                0         -nan%
PREF_HIT_BY_PREF                                     0         -nan%                0         -nan%
                                                     0         -nan%                0         -nan%
                                                  -nan         -nan              -nan         -nan

PREF_HIT_DEMAND_IFETCH                               0         -nan%                0         -nan%
PREF_HIT_DEMAND_DFETCH                               0         -nan%                0         -nan%
PREF_HIT_DEMAND_DSTORE                               0         -nan%                0         -nan%
PREF_HIT_DEMAND_IPREF                                0         -nan%                0         -nan%
PREF_HIT_DEMAND_DPRF                                 0         -nan%                0         -nan%
PREF_HIT_DEMAND_WB                                   0         -nan%                0         -nan%
                                                     0         -nan%                0         -nan%
                                                  -nan         -nan              -nan         -nan

PREF_L1_FILL                                         0         -nan%                0         -nan%
DEMAND_L1_FILL                                       0         -nan%                0         -nan%
                                                     0         -nan%                0         -nan%
                                                  -nan         -nan              -nan         -nan

TOUCH_L1_REPLACE                                     0        0.000%                0        0.000%
NO_TOUCH_L1_REPLACE                              21934      100.000%            41564      100.000%
                                                 21934      100.000%            41564      100.000%
                                                  1.00         1.00              1.00         1.00

PREF_REQ_QUE_FULL                                    0                              0              

STREAM_REQ_QUEUE_HIT_BY_DEMAND                       0                              0              

L2HIT_STREAM_PREF_REQ_QUE_FULL                       0                              0              

L2HIT_HIT_TRAIN_STREAM                               0         -nan%                0         -nan%
L2HIT_MISS_TRAIN_STREAM                              0         -nan%                0         -nan%
                                                     0         -nan%                0         -nan%
                                                  -nan         -nan              -nan         -nan

L2HIT_STREAM_TRAIN_CREATE                            0                              0              

L2HIT_STREAM_BUFFER_REQ                              0                              0              

L2HIT_STREAM_PREF_DCACHE_HIT                         0         -nan%                0         -nan%
L2HIT_STREAM_PREF_DCACHE_INSERT                      0         -nan%                0         -nan%
L2HIT_STREAM_L2_MISS                                 0         -nan%                0         -nan%
                                                     0         -nan%                0         -nan%
                                                  -nan         -nan              -nan         -nan

L2HIT_STREAM_DCACHE_PORT_FULL                        0                              0              

L2HIT_STREAM_PREF_L1_PORT_FULL                       0                              0              

L2HIT_TRAIN_HIT_DEMAND                               0         -nan%                0         -nan%
L2HIT_TRAIN_MISS_REQ                                 0         -nan%                0         -nan%
                                                     0         -nan%                0         -nan%
                                                  -nan         -nan              -nan         -nan

L2HIT_TRAIN_FILTER_MISS                              0         -nan%                0         -nan%
L2HIT_TRAIN_FILTER_HIT                               0         -nan%                0         -nan%
                                                     0         -nan%                0         -nan%
                                                  -nan         -nan              -nan         -nan

L2HIT_PREF_REQ_DCACHE_HIT                            0         -nan%                0         -nan%
L2HIT_PREF_REQ_DCACHE_MISS                           0         -nan%                0         -nan%
                                                     0         -nan%                0         -nan%
                                                  -nan         -nan              -nan         -nan

L2HIT_L2SEND_Q_FULL                                  0         -nan%                0         -nan%
L2HIT_L2SEND_Q_ENTER                                 0         -nan%                0         -nan%
                                                     0         -nan%                0         -nan%
                                                  -nan         -nan              -nan         -nan

L2HIT_MEM_REQ                                        0                              0              

REMOVE_REDUNDANT_STREAM_STAT                         0                              0              

REPLACE_OLD_STREAM                                5836                          17640              

REQ_SEND_QUEUE_STALL                                 0                              0              

STREAM_ENTER_RA                                      0                              0              

CORE_STREAM_LENGTH_0                                97       17.604%              266       15.114%
CORE_STREAM_LENGTH_10                              162       29.401%              558       31.705%
CORE_STREAM_LENGTH_20                              133       24.138%              589       33.466%
CORE_STREAM_LENGTH_30                              133       24.138%              246       13.977%
CORE_STREAM_LENGTH_40                                3        0.544%               10        0.568%
CORE_STREAM_LENGTH_50                                5        0.907%               20        1.136%
CORE_STREAM_LENGTH_60                                3        0.544%               18        1.023%
CORE_STREAM_LENGTH_70                                3        0.544%               11        0.625%
CORE_STREAM_LENGTH_80                                4        0.726%               10        0.568%
CORE_STREAM_LENGTH_90                                0        0.000%                3        0.170%
CORE_STREAM_LENGTH_100_P                             8        1.452%               29        1.648%
                                                   551      100.000%             1760      100.000%
                                                  1.84         1.48              1.82         1.54

CORE_CUM_STREAM_LENGTH_0                           752        6.065%             1985        5.173%
CORE_CUM_STREAM_LENGTH_10                         2214       17.858%             7567       19.719%
CORE_CUM_STREAM_LENGTH_20                         2790       22.504%            12178       31.735%
CORE_CUM_STREAM_LENGTH_30                         4547       36.675%             8403       21.898%
CORE_CUM_STREAM_LENGTH_40                          133        1.073%              452        1.178%
CORE_CUM_STREAM_LENGTH_50                          255        2.057%             1069        2.786%
CORE_CUM_STREAM_LENGTH_60                          196        1.581%             1172        3.054%
CORE_CUM_STREAM_LENGTH_70                          224        1.807%              804        2.095%
CORE_CUM_STREAM_LENGTH_80                          336        2.710%              843        2.197%
CORE_CUM_STREAM_LENGTH_90                            0        0.000%              281        0.732%
CORE_CUM_STREAM_LENGTH_100_P                       951        7.671%             3620        9.433%
                                                 12398      100.000%            38374      100.000%
                                                  3.08         2.57              3.19         2.85

CORE_STREAM_TRAIN_HITS_0                           276       50.091%              892       50.682%
CORE_STREAM_TRAIN_HITS_10                          252       45.735%              776       44.091%
CORE_STREAM_TRAIN_HITS_20                            5        0.907%               15        0.852%
CORE_STREAM_TRAIN_HITS_30                            4        0.726%               17        0.966%
CORE_STREAM_TRAIN_HITS_40                            5        0.907%               18        1.023%
CORE_STREAM_TRAIN_HITS_50                            3        0.544%               15        0.852%
CORE_STREAM_TRAIN_HITS_60                            3        0.544%                3        0.170%
CORE_STREAM_TRAIN_HITS_70                            0        0.000%                6        0.341%
CORE_STREAM_TRAIN_HITS_80                            1        0.181%                7        0.398%
CORE_STREAM_TRAIN_HITS_90                            1        0.181%                6        0.341%
CORE_STREAM_TRAIN_HITS_100_P                         1        0.181%                5        0.284%
                                                   551      100.000%             1760      100.000%
                                                  0.64         0.93              0.70         1.12

CORE_CUM_STREAM_TRAIN_HITS_0                      1648       29.550%             5440       28.603%
CORE_CUM_STREAM_TRAIN_HITS_10                     2799       50.188%             8604       45.239%
CORE_CUM_STREAM_TRAIN_HITS_20                      114        2.044%              356        1.872%
CORE_CUM_STREAM_TRAIN_HITS_30                      144        2.582%              588        3.092%
CORE_CUM_STREAM_TRAIN_HITS_40                      232        4.160%              814        4.280%
CORE_CUM_STREAM_TRAIN_HITS_50                      162        2.905%              814        4.280%
CORE_CUM_STREAM_TRAIN_HITS_60                      194        3.479%              194        1.020%
CORE_CUM_STREAM_TRAIN_HITS_70                        0        0.000%              446        2.345%
CORE_CUM_STREAM_TRAIN_HITS_80                       86        1.542%              592        3.113%
CORE_CUM_STREAM_TRAIN_HITS_90                       90        1.614%              553        2.908%
CORE_CUM_STREAM_TRAIN_HITS_100_P                   108        1.937%              618        3.249%
                                                  5577      100.000%            19019      100.000%
                                                  1.60         2.10              2.03         2.55

CORE_STREAM_TRAIN_CREATE                          5836                          17656              



