/* -*- Mode: c -*- */
####################################################################################################
Core 0
####################################################################################################
Cumulative:        Cycles: 23899991              Instructions: 89999999              IPC: 3.76569

Periodic:          Cycles: 23899991              Instructions: 89999999              IPC: 3.76569

MISS_WAIT_TIME                                18291648                       18291648              

ICACHE_STAGE_MISS                                  477                            477              

ICACHE_CYCLE                                  23899991                       23899991              

TCACHE_CYCLE                                         0                              0              

ICACHE_SERVING_CYCLE_ON_PATH                      7746                           7746              

ICACHE_SERVING_CYCLE_OFF_PATH                    17704                          17704              

UCACHE_SERVING_CYCLE_ON_PATH                  22341537                       22341537              

UCACHE_SERVING_CYCLE_OFF_PATH                  1443705                        1443705              

ICACHE_CYCLE_ONPATH                           22385962       93.665%         22385962       93.665%
ICACHE_CYCLE_OFFPATH                           1514029        6.335%          1514029        6.335%
                                              23899991      100.000%         23899991      100.000%
                                                  0.06         0.24              0.06         0.24

FETCH_ON_PATH                                 22433640       93.865%         22433640       93.865%
FETCH_OFF_PATH                                 1466351        6.135%          1466351        6.135%
                                              23899991      100.000%         23899991      100.000%
                                                  0.06         0.23              0.06         0.23

FETCHED_OPS_ON_PATH                                  0         -nan%                0         -nan%
FETCHED_OPS_OFF_PATH                                 0         -nan%                0         -nan%
                                                     0         -nan%                0         -nan%
                                                  -nan         -nan              -nan         -nan

INST_LOST_FETCH                              105257411       51.190%        105257411       51.190%
INST_LOST_OFF_PATH                             9284661        4.515%          9284661        4.515%
INST_LOST_FULL_WINDOW                         14993258        7.292%         14993258        7.292%
INST_LOST_ROB_STALL_OTHER                     14001208        6.809%         14001208        6.809%
INST_LOST_ROB_STALL_WAIT_FOR_RECOVERY                0        0.000%                0        0.000%
INST_LOST_ROB_STALL_WAIT_FOR_REDIRECT                0        0.000%                0        0.000%
INST_LOST_ROB_STALL_WAIT_FOR_GAP_FILL                0        0.000%                0        0.000%
INST_LOST_ROB_STALL_WAIT_FOR_L1_MISS                 0        0.000%                0        0.000%
INST_LOST_ROB_STALL_WAIT_FOR_MEMORY             415580        0.202%           415580        0.202%
INST_LOST_ROB_STALL_WAIT_FOR_DC_MISS          31763498       15.448%         31763498       15.448%
INST_LOST_ROB_BLOCK_ISSUE_FULL                       0        0.000%                0        0.000%
INST_LOST_ROB_BLOCK_ISSUE_GAP_TOO_LARGE              0        0.000%                0        0.000%
INST_LOST_BREAK_DONT                                 0        0.000%                0        0.000%
INST_LOST_BREAK_FT_UNAVAILABLE                  296104        0.144%           296104        0.144%
INST_LOST_BREAK_ICACHE_STAGE_RESTEER               795        0.000%              795        0.000%
INST_LOST_BREAK_ICACHE_MISS_REQ_SUCCESS           1934        0.001%             1934        0.001%
INST_LOST_BREAK_ICACHE_MISS_REQ_FAILURE            102        0.000%              102        0.000%
INST_LOST_BREAK_ICACHE_WAIT_FOR_MISS            175680        0.085%           175680        0.085%
INST_LOST_BREAK_ICACHE_STALLED                   62837        0.031%            62837        0.031%
INST_LOST_BREAK_ICACHE_TO_UOP_CACHE_SWITCH         10460        0.005%            10460        0.005%
INST_LOST_BREAK_ICACHE_READ_LIMIT                 4606        0.002%             4606        0.002%
INST_LOST_BREAK_ICACHE_ISSUE_WIDTH                   0        0.000%                0        0.000%
INST_LOST_BREAK_UOP_CACHE_STALLED             16217971        7.887%         16217971        7.887%
INST_LOST_BREAK_UOP_CACHE_TO_ICACHE_SWITCH         12982        0.006%            12982        0.006%
INST_LOST_BREAK_UOP_CACHE_READ_LIMIT          13121406        6.381%         13121406        6.381%
INST_LOST_BREAK_UOP_CACHE_ISSUE_WIDTH                0        0.000%                0        0.000%
                                             205620493      100.000%        205620493      100.000%
                                                  5.11         7.05              5.11         7.05

INST_LOST_TOTAL                              190971640                      190971640              

INST_LOST_WAIT_FOR_ICACHE_MISS_NOT_PREFETCHED         32568       21.307%            32568       21.307%
INST_LOST_WAIT_FOR_ICACHE_MISS_PREFETCHED_AND_EVICTED_BY_IFETCH             0        0.000%                0        0.000%
INST_LOST_WAIT_FOR_ICACHE_MISS_PREFETCHED_AND_EVICTED_BY_FDIP             0        0.000%                0        0.000%
INST_LOST_WAIT_FOR_ICACHE_MISS_MSHR_HIT_PREF_OFFPATH          1326        0.868%             1326        0.868%
INST_LOST_WAIT_FOR_ICACHE_MISS_MSHR_HIT_PREF_ONPATH        118956       77.825%           118956       77.825%
                                                152850      100.000%           152850      100.000%
                                                  3.14         2.87              3.14         2.87

FETCH_0_OPS                                      89264        0.373%            89264        0.373%
FETCH_1_OPS                                     396205        1.658%           396205        1.658%
FETCH_2_OPS                                     357662        1.496%           357662        1.496%
FETCH_3_OPS                                    2405539       10.065%          2405539       10.065%
FETCH_4_OPS                                    1612135        6.745%          1612135        6.745%
FETCH_5_OPS                                     751644        3.145%           751644        3.145%
FETCH_6_OPS                                    1554763        6.505%          1554763        6.505%
FETCH_7_OPS                                     658953        2.757%           658953        2.757%
FETCH_8_OPS                                   16073826       67.255%         16073826       67.255%
FETCH_9_OPS                                          0        0.000%                0        0.000%
FETCH_10_OPS                                         0        0.000%                0        0.000%
FETCH_11_OPS                                         0        0.000%                0        0.000%
FETCH_12_OPS                                         0        0.000%                0        0.000%
FETCH_13_OPS                                         0        0.000%                0        0.000%
FETCH_14_OPS                                         0        0.000%                0        0.000%
FETCH_15_OPS                                         0        0.000%                0        0.000%
FETCH_16_OPS                                         0        0.000%                0        0.000%
                                              23899991      100.000%         23899991      100.000%
                                                  6.74         2.00              6.74         2.00

ST_BREAK_DONT                                        0        0.000%                0        0.000%
ST_BREAK_FT_UNAVAILABLE                          49359        0.207%            49359        0.207%
ST_BREAK_ICACHE_STAGE_RESTEER                      142        0.001%              142        0.001%
ST_BREAK_ICACHE_MISS_REQ_SUCCESS                   477        0.002%              477        0.002%
ST_BREAK_ICACHE_MISS_REQ_FAILURE                    17        0.000%               17        0.000%
ST_BREAK_ICACHE_WAIT_FOR_MISS                    29286        0.123%            29286        0.123%
ST_BREAK_ICACHE_STALLED                          11951        0.050%            11951        0.050%
ST_BREAK_ICACHE_TO_UOP_CACHE_SWITCH               3679        0.015%             3679        0.015%
ST_BREAK_ICACHE_READ_LIMIT                        1689        0.007%             1689        0.007%
ST_BREAK_ICACHE_ISSUE_WIDTH                      17654        0.074%            17654        0.074%
ST_BREAK_UOP_CACHE_STALLED                     7841827       32.811%          7841827       32.811%
ST_BREAK_UOP_CACHE_TO_ICACHE_SWITCH               3229        0.014%             3229        0.014%
ST_BREAK_UOP_CACHE_READ_LIMIT                  3721861       15.573%          3721861       15.573%
ST_BREAK_UOP_CACHE_ISSUE_WIDTH                12218820       51.125%         12218820       51.125%
                                              23899991      100.000%         23899991      100.000%
                                                 11.82         8.57             11.82         8.57

ORACLE_ON_PATH_INST                          105257411       91.894%        105257411       91.894%
ORACLE_OFF_PATH_INST                           9284661        8.106%          9284661        8.106%
                                             114542072      100.000%        114542072      100.000%
                                                  0.08         0.26              0.08         0.26

ORACLE_ON_PATH_INST_MEM                       29412225       25.678%         29412225       25.678%
ORACLE_ON_PATH_INST_NOTMEM                    75845186       66.216%         75845186       66.216%
ORACLE_OFF_PATH_INST_MEM                       2373996        2.073%          2373996        2.073%
ORACLE_OFF_PATH_INST_NOTMEM                    6910665        6.033%          6910665        6.033%
                                             114542072      100.000%        114542072      100.000%
                                                  0.88         0.59              0.88         0.59

ICACHE_CYCLE_NONRA_ONPATH                            0         -nan%                0         -nan%
ICACHE_CYCLE_NONRA_OFFPATH                           0         -nan%                0         -nan%
ICACHE_CYCLE_RA_ONPATH                               0         -nan%                0         -nan%
ICACHE_CYCLE_RA_OFFPATH                              0         -nan%                0         -nan%
                                                     0         -nan%                0         -nan%
                                                  -nan         -nan              -nan         -nan

ICACHE_CYCLE_ONPATH_NONRA                            0         -nan%                0         -nan%
ICACHE_CYCLE_OFFPATH_NONRA                           0         -nan%                0         -nan%
                                                     0         -nan%                0         -nan%
                                                  -nan         -nan              -nan         -nan

ICACHE_CYCLE_ONPATH_RA                               0         -nan%                0         -nan%
ICACHE_CYCLE_OFFPATH_RA                              0         -nan%                0         -nan%
                                                     0         -nan%                0         -nan%
                                                  -nan         -nan              -nan         -nan

INACCURATE_OFFPATH_CYCLES                            0        0.0000                0        0.0000

FETCH_ALL_INST                               114542072                      114542072              

EXEC_ALL_INST                                106353058                      106353058              

RET_ALL_INST                                 105257411                      105257411              

EXEC_ON_PATH_INST                            105257411       98.970%        105257411       98.970%
EXEC_OFF_PATH_INST                             1095647        1.030%          1095647        1.030%
                                             106353058      100.000%        106353058      100.000%
                                                  0.01         0.10              0.01         0.10

EXEC_ON_PATH_INST_MEM                         29412225       27.655%         29412225       27.655%
EXEC_ON_PATH_INST_NOTMEM                      75845186       71.315%         75845186       71.315%
EXEC_OFF_PATH_INST_MEM                          212159        0.199%           212159        0.199%
EXEC_OFF_PATH_INST_NOTMEM                       883488        0.831%           883488        0.831%
                                             106353058      100.000%        106353058      100.000%
                                                  0.74         0.31              0.74         0.31

EXEC_RA_INST                                         0         -nan%                0         -nan%
EXEC_NONRA_INST                                      0         -nan%                0         -nan%
                                                     0         -nan%                0         -nan%
                                                  -nan         -nan              -nan         -nan

EXEC_ON_PATH_INST_RA                                 0         -nan%                0         -nan%
EXEC_OFF_PATH_INST_RA                                0         -nan%                0         -nan%
                                                     0         -nan%                0         -nan%
                                                  -nan         -nan              -nan         -nan

EXEC_ON_PATH_INST_NONRA                              0         -nan%                0         -nan%
EXEC_OFF_PATH_INST_NONRA                             0         -nan%                0         -nan%
                                                     0         -nan%                0         -nan%
                                                  -nan         -nan              -nan         -nan

EXEC_RA_ON_PATH_INST                                 0         -nan%                0         -nan%
EXEC_RA_OFF_PATH_INST                                0         -nan%                0         -nan%
EXEC_NONRA_ON_PATH_INST                              0         -nan%                0         -nan%
EXEC_NONRA_OFF_PATH_INST                             0         -nan%                0         -nan%
                                                     0         -nan%                0         -nan%
                                                  -nan         -nan              -nan         -nan

ICACHE_THROTTLE_CYCLE                                0                              0              

FETCH_ENABLE_THROTTLE_OFF_PATH                       0         -nan%                0         -nan%
FETCH_ENABLE_THROTTLE_ON_PATH                        0         -nan%                0         -nan%
                                                     0         -nan%                0         -nan%
                                                  -nan         -nan              -nan         -nan

FETCH_DISABLE_THROTTLE_OFF_PATH                      0         -nan%                0         -nan%
FETCH_DISABLE_THROTTLE_ON_PATH                       0         -nan%                0         -nan%
                                                     0         -nan%                0         -nan%
                                                  -nan         -nan              -nan         -nan

FETCH_TH_ADJUST__0                                   0         -nan%                0         -nan%
FETCH_TH_ADJUST__1                                   0         -nan%                0         -nan%
FETCH_TH_ADJUST__2                                   0         -nan%                0         -nan%
FETCH_TH_ADJUST__3                                   0         -nan%                0         -nan%
FETCH_TH_ADJUST__4                                   0         -nan%                0         -nan%
FETCH_TH_ADJUST__5                                   0         -nan%                0         -nan%
FETCH_TH_ADJUST__6                                   0         -nan%                0         -nan%
FETCH_TH_ADJUST__7                                   0         -nan%                0         -nan%
FETCH_TH_ADJUST__8                                   0         -nan%                0         -nan%
FETCH_TH_ADJUST__9                                   0         -nan%                0         -nan%
FETCH_TH_ADJUST__MAX                                 0         -nan%                0         -nan%
                                                     0         -nan%                0         -nan%
                                                  -nan         -nan              -nan         -nan

FETCH_TH_ADJUST_UP                                   0         -nan%                0         -nan%
FETCH_TH_ADJUST_DOWN                                 0         -nan%                0         -nan%
FETCH_TH_ADJUST_SAME                                 0         -nan%                0         -nan%
                                                     0         -nan%                0         -nan%
                                                  -nan         -nan              -nan         -nan

THROTTLE_ADJUST_CACHE_MISS_INFO                      0                              0              

LOW_CONF_COUNT_BP_MIS_0                              0         -nan%                0         -nan%
LOW_CONF_COUNT_BP_MIS_1                              0         -nan%                0         -nan%
LOW_CONF_COUNT_BP_MIS_2                              0         -nan%                0         -nan%
LOW_CONF_COUNT_BP_MIS_3                              0         -nan%                0         -nan%
LOW_CONF_COUNT_BP_MIS_4                              0         -nan%                0         -nan%
LOW_CONF_COUNT_BP_MIS_5                              0         -nan%                0         -nan%
LOW_CONF_COUNT_BP_MIS_6                              0         -nan%                0         -nan%
LOW_CONF_COUNT_BP_MIS_7                              0         -nan%                0         -nan%
LOW_CONF_COUNT_BP_MIS_8                              0         -nan%                0         -nan%
LOW_CONF_COUNT_BP_MIS_9                              0         -nan%                0         -nan%
LOW_CONF_COUNT_BP_MIS_10                             0         -nan%                0         -nan%
LOW_CONF_COUNT_BP_MIS_11                             0         -nan%                0         -nan%
LOW_CONF_COUNT_BP_MIS_12                             0         -nan%                0         -nan%
LOW_CONF_COUNT_BP_MIS_13                             0         -nan%                0         -nan%
LOW_CONF_COUNT_BP_MIS_14                             0         -nan%                0         -nan%
LOW_CONF_COUNT_BP_MIS_15                             0         -nan%                0         -nan%
LOW_CONF_COUNT_BP_MIS_16                             0         -nan%                0         -nan%
LOW_CONF_COUNT_BP_MIS_17                             0         -nan%                0         -nan%
LOW_CONF_COUNT_BP_MIS_18                             0         -nan%                0         -nan%
LOW_CONF_COUNT_BP_MIS_19                             0         -nan%                0         -nan%
LOW_CONF_COUNT_BP_MIS_20                             0         -nan%                0         -nan%
                                                     0         -nan%                0         -nan%
                                                  -nan         -nan              -nan         -nan

LOW_CONF_COUNT_RET_0                                 0         -nan%                0         -nan%
LOW_CONF_COUNT_RET_1                                 0         -nan%                0         -nan%
LOW_CONF_COUNT_RET_2                                 0         -nan%                0         -nan%
LOW_CONF_COUNT_RET_3                                 0         -nan%                0         -nan%
LOW_CONF_COUNT_RET_4                                 0         -nan%                0         -nan%
LOW_CONF_COUNT_RET_5                                 0         -nan%                0         -nan%
LOW_CONF_COUNT_RET_6                                 0         -nan%                0         -nan%
LOW_CONF_COUNT_RET_7                                 0         -nan%                0         -nan%
LOW_CONF_COUNT_RET_8                                 0         -nan%                0         -nan%
LOW_CONF_COUNT_RET_9                                 0         -nan%                0         -nan%
LOW_CONF_COUNT_RET_10                                0         -nan%                0         -nan%
LOW_CONF_COUNT_RET_11                                0         -nan%                0         -nan%
LOW_CONF_COUNT_RET_12                                0         -nan%                0         -nan%
LOW_CONF_COUNT_RET_13                                0         -nan%                0         -nan%
LOW_CONF_COUNT_RET_14                                0         -nan%                0         -nan%
LOW_CONF_COUNT_RET_15                                0         -nan%                0         -nan%
LOW_CONF_COUNT_RET_16                                0         -nan%                0         -nan%
LOW_CONF_COUNT_RET_17                                0         -nan%                0         -nan%
LOW_CONF_COUNT_RET_18                                0         -nan%                0         -nan%
LOW_CONF_COUNT_RET_19                                0         -nan%                0         -nan%
LOW_CONF_COUNT_RET_20                                0         -nan%                0         -nan%
                                                     0         -nan%                0         -nan%
                                                  -nan         -nan              -nan         -nan

CYCLES_RESTEER_RECOVER_AT_EXEC                       0         -nan%                0         -nan%
CYCLES_RESTEER_RECOVER_AT_DECODE                     0         -nan%                0         -nan%
CYCLES_RESTEER_BTB_MISS                              0         -nan%                0         -nan%
                                                     0         -nan%                0         -nan%
                                                  -nan         -nan              -nan         -nan

CYCLES_RESTEER_RECOVER_AT_EXEC_SAVED_UC_FETCH             0         -nan%                0         -nan%
CYCLES_RESTEER_RECOVER_AT_EXEC_COULD_BE_SAVED_UC_FETCH             0         -nan%                0         -nan%
CYCLES_RESTEER_RECOVER_AT_DECODE_SAVED_UC_FETCH             0         -nan%                0         -nan%
CYCLES_RESTEER_RECOVER_AT_DECODE_COULD_BE_SAVED_UC_FETCH             0         -nan%                0         -nan%
CYCLES_RESTEER_BTB_MISS_SAVED_UC_FETCH               0         -nan%                0         -nan%
CYCLES_RESTEER_BTB_MISS_COULD_BE_SAVED_UC_FETCH             0         -nan%                0         -nan%
                                                     0         -nan%                0         -nan%
                                                  -nan         -nan              -nan         -nan

CYCLES_UOC_IC_SWITCH                                 0                              0              



