/* -*- Mode: c -*- */
####################################################################################################
Core 0
####################################################################################################
Cumulative:        Cycles: 50687340              Instructions: 89999999              IPC: 1.77559

Periodic:          Cycles: 50687340              Instructions: 89999999              IPC: 1.77559

MISS_WAIT_TIME                           12579557501930                  12579557501930              

ICACHE_STAGE_MISS                               501062                         501062              

ICACHE_CYCLE                                  50687340                       50687340              

TCACHE_CYCLE                                         0                              0              

ICACHE_SERVING_CYCLE_ON_PATH                  16144214                       16144214              

ICACHE_SERVING_CYCLE_OFF_PATH                  2282295                        2282295              

UCACHE_SERVING_CYCLE_ON_PATH                  15881509                       15881509              

UCACHE_SERVING_CYCLE_OFF_PATH                 11797661                       11797661              

ICACHE_CYCLE_ONPATH                           36122070       71.264%         36122070       71.264%
ICACHE_CYCLE_OFFPATH                          14565270       28.736%         14565270       28.736%
                                              50687340      100.000%         50687340      100.000%
                                                  0.29         0.41              0.29         0.41

FETCH_ON_PATH                                 36540792       72.091%         36540792       72.091%
FETCH_OFF_PATH                                14146548       27.909%         14146548       27.909%
                                              50687340      100.000%         50687340      100.000%
                                                  0.28         0.41              0.28         0.41

FETCHED_OPS_ON_PATH                                  0         -nan%                0         -nan%
FETCHED_OPS_OFF_PATH                                 0         -nan%                0         -nan%
                                                     0         -nan%                0         -nan%
                                                  -nan         -nan              -nan         -nan

INST_LOST_FETCH                              101394874       30.281%        101394874       30.281%
INST_LOST_OFF_PATH                            47094407       14.064%         47094407       14.064%
INST_LOST_FULL_WINDOW                          4974940        1.486%          4974940        1.486%
INST_LOST_ROB_STALL_OTHER                     28990264        8.658%         28990264        8.658%
INST_LOST_ROB_STALL_WAIT_FOR_RECOVERY                0        0.000%                0        0.000%
INST_LOST_ROB_STALL_WAIT_FOR_REDIRECT                0        0.000%                0        0.000%
INST_LOST_ROB_STALL_WAIT_FOR_GAP_FILL                0        0.000%                0        0.000%
INST_LOST_ROB_STALL_WAIT_FOR_L1_MISS                 0        0.000%                0        0.000%
INST_LOST_ROB_STALL_WAIT_FOR_MEMORY               3546        0.001%             3546        0.001%
INST_LOST_ROB_STALL_WAIT_FOR_DC_MISS          65234552       19.482%         65234552       19.482%
INST_LOST_ROB_BLOCK_ISSUE_FULL                       0        0.000%                0        0.000%
INST_LOST_ROB_BLOCK_ISSUE_GAP_TOO_LARGE              0        0.000%                0        0.000%
INST_LOST_BREAK_DONT                                 0        0.000%                0        0.000%
INST_LOST_BREAK_FT_UNAVAILABLE                11938870        3.565%         11938870        3.565%
INST_LOST_BREAK_ICACHE_STAGE_RESTEER            165408        0.049%           165408        0.049%
INST_LOST_BREAK_ICACHE_MISS_REQ_SUCCESS        2414756        0.721%          2414756        0.721%
INST_LOST_BREAK_ICACHE_MISS_REQ_FAILURE            744        0.000%              744        0.000%
INST_LOST_BREAK_ICACHE_WAIT_FOR_MISS          13697319        4.091%         13697319        4.091%
INST_LOST_BREAK_ICACHE_STALLED                 4172521        1.246%          4172521        1.246%
INST_LOST_BREAK_ICACHE_TO_UOP_CACHE_SWITCH       1533252        0.458%          1533252        0.458%
INST_LOST_BREAK_ICACHE_READ_LIMIT              6957931        2.078%          6957931        2.078%
INST_LOST_BREAK_ICACHE_ISSUE_WIDTH                   0        0.000%                0        0.000%
INST_LOST_BREAK_UOP_CACHE_STALLED             23680683        7.072%         23680683        7.072%
INST_LOST_BREAK_UOP_CACHE_TO_ICACHE_SWITCH       1143779        0.342%          1143779        0.342%
INST_LOST_BREAK_UOP_CACHE_READ_LIMIT          21448251        6.405%         21448251        6.405%
INST_LOST_BREAK_UOP_CACHE_ISSUE_WIDTH                0        0.000%                0        0.000%
                                             334846097      100.000%        334846097      100.000%
                                                  7.36         7.26              7.36         7.26

INST_LOST_TOTAL                              358388944                      358388944              

INST_LOST_WAIT_FOR_ICACHE_MISS_NOT_PREFETCHED        140838        1.058%           140838        1.058%
INST_LOST_WAIT_FOR_ICACHE_MISS_PREFETCHED_AND_EVICTED_BY_IFETCH             0        0.000%                0        0.000%
INST_LOST_WAIT_FOR_ICACHE_MISS_PREFETCHED_AND_EVICTED_BY_FDIP             0        0.000%                0        0.000%
INST_LOST_WAIT_FOR_ICACHE_MISS_MSHR_HIT_PREF_OFFPATH         22512        0.169%            22512        0.169%
INST_LOST_WAIT_FOR_ICACHE_MISS_MSHR_HIT_PREF_ONPATH      13151094       98.773%         13151094       98.773%
                                              13314444      100.000%         13314444      100.000%
                                                  3.96         3.93              3.96         3.93

FETCH_0_OPS                                    4540143        8.957%          4540143        8.957%
FETCH_1_OPS                                     669381        1.321%           669381        1.321%
FETCH_2_OPS                                    3026025        5.970%          3026025        5.970%
FETCH_3_OPS                                    3248815        6.410%          3248815        6.410%
FETCH_4_OPS                                    4192615        8.272%          4192615        8.272%
FETCH_5_OPS                                    2096197        4.136%          2096197        4.136%
FETCH_6_OPS                                   16835979       33.215%         16835979       33.215%
FETCH_7_OPS                                    2125245        4.193%          2125245        4.193%
FETCH_8_OPS                                   13952940       27.527%         13952940       27.527%
FETCH_9_OPS                                          0        0.000%                0        0.000%
FETCH_10_OPS                                         0        0.000%                0        0.000%
FETCH_11_OPS                                         0        0.000%                0        0.000%
FETCH_12_OPS                                         0        0.000%                0        0.000%
FETCH_13_OPS                                         0        0.000%                0        0.000%
FETCH_14_OPS                                         0        0.000%                0        0.000%
FETCH_15_OPS                                         0        0.000%                0        0.000%
FETCH_16_OPS                                         0        0.000%                0        0.000%
                                              50687340      100.000%         50687340      100.000%
                                                  5.35         1.90              5.35         1.90

ST_BREAK_DONT                                        0        0.000%                0        0.000%
ST_BREAK_FT_UNAVAILABLE                        2016597        3.979%          2016597        3.979%
ST_BREAK_ICACHE_STAGE_RESTEER                    43750        0.086%            43750        0.086%
ST_BREAK_ICACHE_MISS_REQ_SUCCESS                501062        0.989%           501062        0.989%
ST_BREAK_ICACHE_MISS_REQ_FAILURE                   124        0.000%              124        0.000%
ST_BREAK_ICACHE_WAIT_FOR_MISS                  2283002        4.504%          2283002        4.504%
ST_BREAK_ICACHE_STALLED                        8129669       16.039%          8129669       16.039%
ST_BREAK_ICACHE_TO_UOP_CACHE_SWITCH             446874        0.882%           446874        0.882%
ST_BREAK_ICACHE_READ_LIMIT                     2554747        5.040%          2554747        5.040%
ST_BREAK_ICACHE_ISSUE_WIDTH                    7603304       15.000%          7603304       15.000%
ST_BREAK_UOP_CACHE_STALLED                    12704401       25.064%         12704401       25.064%
ST_BREAK_UOP_CACHE_TO_ICACHE_SWITCH             291449        0.575%           291449        0.575%
ST_BREAK_UOP_CACHE_READ_LIMIT                  6204227       12.240%          6204227       12.240%
ST_BREAK_UOP_CACHE_ISSUE_WIDTH                 7908134       15.602%          7908134       15.602%
                                              50687340      100.000%         50687340      100.000%
                                                  9.14         4.70              9.14         4.70

ORACLE_ON_PATH_INST                          101394874       68.284%        101394874       68.284%
ORACLE_OFF_PATH_INST                          47094407       31.716%         47094407       31.716%
                                             148489281      100.000%        148489281      100.000%
                                                  0.32         0.42              0.32         0.42

ORACLE_ON_PATH_INST_MEM                       48350983       32.562%         48350983       32.562%
ORACLE_ON_PATH_INST_NOTMEM                    53043891       35.722%         53043891       35.722%
ORACLE_OFF_PATH_INST_MEM                      19215929       12.941%         19215929       12.941%
ORACLE_OFF_PATH_INST_NOTMEM                   27878478       18.775%         27878478       18.775%
                                             148489281      100.000%        148489281      100.000%
                                                  1.18         0.99              1.18         0.99

ICACHE_CYCLE_NONRA_ONPATH                            0         -nan%                0         -nan%
ICACHE_CYCLE_NONRA_OFFPATH                           0         -nan%                0         -nan%
ICACHE_CYCLE_RA_ONPATH                               0         -nan%                0         -nan%
ICACHE_CYCLE_RA_OFFPATH                              0         -nan%                0         -nan%
                                                     0         -nan%                0         -nan%
                                                  -nan         -nan              -nan         -nan

ICACHE_CYCLE_ONPATH_NONRA                            0         -nan%                0         -nan%
ICACHE_CYCLE_OFFPATH_NONRA                           0         -nan%                0         -nan%
                                                     0         -nan%                0         -nan%
                                                  -nan         -nan              -nan         -nan

ICACHE_CYCLE_ONPATH_RA                               0         -nan%                0         -nan%
ICACHE_CYCLE_OFFPATH_RA                              0         -nan%                0         -nan%
                                                     0         -nan%                0         -nan%
                                                  -nan         -nan              -nan         -nan

INACCURATE_OFFPATH_CYCLES                            0        0.0000                0        0.0000

FETCH_ALL_INST                               148489281                      148489281              

EXEC_ALL_INST                                109791018                      109791018              

RET_ALL_INST                                 101394874                      101394874              

EXEC_ON_PATH_INST                            101394874       92.353%        101394874       92.353%
EXEC_OFF_PATH_INST                             8396144        7.647%          8396144        7.647%
                                             109791018      100.000%        109791018      100.000%
                                                  0.08         0.26              0.08         0.26

EXEC_ON_PATH_INST_MEM                         48350983       44.039%         48350983       44.039%
EXEC_ON_PATH_INST_NOTMEM                      53043891       48.314%         53043891       48.314%
EXEC_OFF_PATH_INST_MEM                         2069419        1.885%          2069419        1.885%
EXEC_OFF_PATH_INST_NOTMEM                      6326725        5.763%          6326725        5.763%
                                             109791018      100.000%        109791018      100.000%
                                                  0.69         0.64              0.69         0.64

EXEC_RA_INST                                         0         -nan%                0         -nan%
EXEC_NONRA_INST                                      0         -nan%                0         -nan%
                                                     0         -nan%                0         -nan%
                                                  -nan         -nan              -nan         -nan

EXEC_ON_PATH_INST_RA                                 0         -nan%                0         -nan%
EXEC_OFF_PATH_INST_RA                                0         -nan%                0         -nan%
                                                     0         -nan%                0         -nan%
                                                  -nan         -nan              -nan         -nan

EXEC_ON_PATH_INST_NONRA                              0         -nan%                0         -nan%
EXEC_OFF_PATH_INST_NONRA                             0         -nan%                0         -nan%
                                                     0         -nan%                0         -nan%
                                                  -nan         -nan              -nan         -nan

EXEC_RA_ON_PATH_INST                                 0         -nan%                0         -nan%
EXEC_RA_OFF_PATH_INST                                0         -nan%                0         -nan%
EXEC_NONRA_ON_PATH_INST                              0         -nan%                0         -nan%
EXEC_NONRA_OFF_PATH_INST                             0         -nan%                0         -nan%
                                                     0         -nan%                0         -nan%
                                                  -nan         -nan              -nan         -nan

ICACHE_THROTTLE_CYCLE                                0                              0              

FETCH_ENABLE_THROTTLE_OFF_PATH                       0         -nan%                0         -nan%
FETCH_ENABLE_THROTTLE_ON_PATH                        0         -nan%                0         -nan%
                                                     0         -nan%                0         -nan%
                                                  -nan         -nan              -nan         -nan

FETCH_DISABLE_THROTTLE_OFF_PATH                      0         -nan%                0         -nan%
FETCH_DISABLE_THROTTLE_ON_PATH                       0         -nan%                0         -nan%
                                                     0         -nan%                0         -nan%
                                                  -nan         -nan              -nan         -nan

FETCH_TH_ADJUST__0                                   0         -nan%                0         -nan%
FETCH_TH_ADJUST__1                                   0         -nan%                0         -nan%
FETCH_TH_ADJUST__2                                   0         -nan%                0         -nan%
FETCH_TH_ADJUST__3                                   0         -nan%                0         -nan%
FETCH_TH_ADJUST__4                                   0         -nan%                0         -nan%
FETCH_TH_ADJUST__5                                   0         -nan%                0         -nan%
FETCH_TH_ADJUST__6                                   0         -nan%                0         -nan%
FETCH_TH_ADJUST__7                                   0         -nan%                0         -nan%
FETCH_TH_ADJUST__8                                   0         -nan%                0         -nan%
FETCH_TH_ADJUST__9                                   0         -nan%                0         -nan%
FETCH_TH_ADJUST__MAX                                 0         -nan%                0         -nan%
                                                     0         -nan%                0         -nan%
                                                  -nan         -nan              -nan         -nan

FETCH_TH_ADJUST_UP                                   0         -nan%                0         -nan%
FETCH_TH_ADJUST_DOWN                                 0         -nan%                0         -nan%
FETCH_TH_ADJUST_SAME                                 0         -nan%                0         -nan%
                                                     0         -nan%                0         -nan%
                                                  -nan         -nan              -nan         -nan

THROTTLE_ADJUST_CACHE_MISS_INFO                      0                              0              

LOW_CONF_COUNT_BP_MIS_0                              0         -nan%                0         -nan%
LOW_CONF_COUNT_BP_MIS_1                              0         -nan%                0         -nan%
LOW_CONF_COUNT_BP_MIS_2                              0         -nan%                0         -nan%
LOW_CONF_COUNT_BP_MIS_3                              0         -nan%                0         -nan%
LOW_CONF_COUNT_BP_MIS_4                              0         -nan%                0         -nan%
LOW_CONF_COUNT_BP_MIS_5                              0         -nan%                0         -nan%
LOW_CONF_COUNT_BP_MIS_6                              0         -nan%                0         -nan%
LOW_CONF_COUNT_BP_MIS_7                              0         -nan%                0         -nan%
LOW_CONF_COUNT_BP_MIS_8                              0         -nan%                0         -nan%
LOW_CONF_COUNT_BP_MIS_9                              0         -nan%                0         -nan%
LOW_CONF_COUNT_BP_MIS_10                             0         -nan%                0         -nan%
LOW_CONF_COUNT_BP_MIS_11                             0         -nan%                0         -nan%
LOW_CONF_COUNT_BP_MIS_12                             0         -nan%                0         -nan%
LOW_CONF_COUNT_BP_MIS_13                             0         -nan%                0         -nan%
LOW_CONF_COUNT_BP_MIS_14                             0         -nan%                0         -nan%
LOW_CONF_COUNT_BP_MIS_15                             0         -nan%                0         -nan%
LOW_CONF_COUNT_BP_MIS_16                             0         -nan%                0         -nan%
LOW_CONF_COUNT_BP_MIS_17                             0         -nan%                0         -nan%
LOW_CONF_COUNT_BP_MIS_18                             0         -nan%                0         -nan%
LOW_CONF_COUNT_BP_MIS_19                             0         -nan%                0         -nan%
LOW_CONF_COUNT_BP_MIS_20                             0         -nan%                0         -nan%
                                                     0         -nan%                0         -nan%
                                                  -nan         -nan              -nan         -nan

LOW_CONF_COUNT_RET_0                                 0         -nan%                0         -nan%
LOW_CONF_COUNT_RET_1                                 0         -nan%                0         -nan%
LOW_CONF_COUNT_RET_2                                 0         -nan%                0         -nan%
LOW_CONF_COUNT_RET_3                                 0         -nan%                0         -nan%
LOW_CONF_COUNT_RET_4                                 0         -nan%                0         -nan%
LOW_CONF_COUNT_RET_5                                 0         -nan%                0         -nan%
LOW_CONF_COUNT_RET_6                                 0         -nan%                0         -nan%
LOW_CONF_COUNT_RET_7                                 0         -nan%                0         -nan%
LOW_CONF_COUNT_RET_8                                 0         -nan%                0         -nan%
LOW_CONF_COUNT_RET_9                                 0         -nan%                0         -nan%
LOW_CONF_COUNT_RET_10                                0         -nan%                0         -nan%
LOW_CONF_COUNT_RET_11                                0         -nan%                0         -nan%
LOW_CONF_COUNT_RET_12                                0         -nan%                0         -nan%
LOW_CONF_COUNT_RET_13                                0         -nan%                0         -nan%
LOW_CONF_COUNT_RET_14                                0         -nan%                0         -nan%
LOW_CONF_COUNT_RET_15                                0         -nan%                0         -nan%
LOW_CONF_COUNT_RET_16                                0         -nan%                0         -nan%
LOW_CONF_COUNT_RET_17                                0         -nan%                0         -nan%
LOW_CONF_COUNT_RET_18                                0         -nan%                0         -nan%
LOW_CONF_COUNT_RET_19                                0         -nan%                0         -nan%
LOW_CONF_COUNT_RET_20                                0         -nan%                0         -nan%
                                                     0         -nan%                0         -nan%
                                                  -nan         -nan              -nan         -nan

CYCLES_RESTEER_RECOVER_AT_EXEC                       0         -nan%                0         -nan%
CYCLES_RESTEER_RECOVER_AT_DECODE                     0         -nan%                0         -nan%
CYCLES_RESTEER_BTB_MISS                              0         -nan%                0         -nan%
                                                     0         -nan%                0         -nan%
                                                  -nan         -nan              -nan         -nan

CYCLES_RESTEER_RECOVER_AT_EXEC_SAVED_UC_FETCH             0         -nan%                0         -nan%
CYCLES_RESTEER_RECOVER_AT_EXEC_COULD_BE_SAVED_UC_FETCH             0         -nan%                0         -nan%
CYCLES_RESTEER_RECOVER_AT_DECODE_SAVED_UC_FETCH             0         -nan%                0         -nan%
CYCLES_RESTEER_RECOVER_AT_DECODE_COULD_BE_SAVED_UC_FETCH             0         -nan%                0         -nan%
CYCLES_RESTEER_BTB_MISS_SAVED_UC_FETCH               0         -nan%                0         -nan%
CYCLES_RESTEER_BTB_MISS_COULD_BE_SAVED_UC_FETCH             0         -nan%                0         -nan%
                                                     0         -nan%                0         -nan%
                                                  -nan         -nan              -nan         -nan

CYCLES_UOC_IC_SWITCH                                 0                              0              



