Scarab gitrev: 59b07a65e
Warning: Scarab expects the trace file type to include OFFLINE_FILE_TYPE_ARCH_REGDEPS (0x20000), but got type: 0xe40
Scarab started at Wed Jul 29 21:22:33 2026

Initialized Ramulator. 
** Heartbeat:   3% -- { 1000003 } -- 0.00 KIPS (55.56 KIPS)
** Heartbeat:   6% -- { 2000003 } -- 66.67 KIPS (60.61 KIPS)
Expected data2 but found type 'instr'
Stray memory record detected at seq. 2792915: PC: 0x7ffff70dcce1, PID: 47, TID: 47, Addr: 0x7fffffffe250. Suppressing further messages.
Expected data2 but found type 'instr'
Expected data2 but found type 'instr'
Expected data2 but found type 'instr'
Expected data2 but found type 'instr'
Expected data2 but found type 'instr'
Expected data2 but found type 'instr'
Expected data2 but found type 'instr'
Expected data2 but found type 'instr'
Expected data2 but found type 'instr'
Expected data2 but found type 'instr'
Expected data2 but found type 'instr'
Expected data2 but found type 'instr'
Expected data2 but found type 'instr'
Expected data2 but found type 'instr'
Expected data2 but found type 'instr'
Expected data2 but found type 'instr'
Expected data2 but found type 'instr'
Expected data2 but found type 'instr'
Expected data2 but found type 'instr'
Expected data2 but found type 'instr'
Expected data2 but found type 'instr'
Expected data2 but found type 'instr'
Expected data2 but found type 'instr'
Expected data2 but found type 'instr'
Expected data2 but found type 'instr'
Expected data2 but found type 'instr'
Expected data2 but found type 'instr'
Expected data2 but found type 'instr'
Expected data2 but found type 'instr'
Expected data2 but found type 'instr'
Expected data2 but found type 'instr'
Expected data2 but found type 'instr'
Expected data2 but found type 'instr'
Expected data2 but found type 'instr'
Expected data2 but found type 'instr'
Expected data2 but found type 'instr'
Expected data2 but found type 'instr'
Expected data2 but found type 'instr'
Expected data2 but found type 'instr'
Expected data2 but found type 'instr'
Expected data2 but found type 'instr'
Expected data2 but found type 'instr'
Expected data2 but found type 'instr'
Expected data2 but found type 'instr'
Expected data2 but found type 'instr'
Expected data2 but found type 'instr'
Expected data2 but found type 'instr'
Expected data2 but found type 'instr'
Expected data2 but found type 'instr'
Expected data2 but found type 'instr'
Expected data2 but found type 'instr'
Expected data2 but found type 'instr'
Expected data2 but found type 'instr'
Expected data2 but found type 'instr'
Expected data2 but found type 'instr'
Expected data2 but found type 'instr'
Expected data2 but found type 'instr'
Expected data2 but found type 'instr'
Expected data2 but found type 'instr'
Expected data2 but found type 'instr'
Expected data2 but found type 'instr'
Expected data2 but found type 'instr'
Expected data2 but found type 'instr'
Expected data2 but found type 'instr'
Expected data2 but found type 'instr'
Expected data2 but found type 'instr'
Expected data2 but found type 'instr'
Expected data2 but found type 'instr'
Expected data2 but found type 'instr'
Expected data2 but found type 'instr'
Expected data2 but found type 'instr'
Expected data2 but found type 'instr'
Expected data2 but found type 'instr'
Expected data2 but found type 'instr'
Expected data2 but found type 'instr'
Expected data2 but found type 'instr'
Expected data2 but found type 'instr'
Expected data2 but found type 'instr'
Expected data2 but found type 'instr'
Expected data2 but found type 'instr'
Expected data2 but found type 'instr'
Expected data2 but found type 'instr'
Expected data2 but found type 'instr'
Expected data2 but found type 'instr'
Expected data2 but found type 'instr'
Expected data2 but found type 'instr'
Expected data2 but found type 'instr'
Expected data2 but found type 'instr'
Expected data2 but found type 'instr'
Expected data2 but found type 'instr'
Expected data2 but found type 'instr'
Expected data2 but found type 'instr'
Expected data2 but found type 'instr'
Expected data2 but found type 'instr'
Expected data2 but found type 'instr'
** Heartbeat:  10% -- { 3000006 } -- 52.63 KIPS (57.69 KIPS)
** Heartbeat:  13% -- { 4000007 } -- 62.50 KIPS (58.82 KIPS)
** Heartbeat:  16% -- { 5000007 } -- 62.50 KIPS (59.52 KIPS)
** Heartbeat:  20% -- { 6000009 } -- 58.82 KIPS (59.41 KIPS)
** Heartbeat:  23% -- { 7000010 } -- 62.50 KIPS (59.83 KIPS)
** Heartbeat:  26% -- { 8000014 } -- 66.67 KIPS (60.61 KIPS)
** Heartbeat:  30% -- { 9000019 } -- 62.50 KIPS (60.81 KIPS)
** Heartbeat:  33% -- { 10000021 } -- 66.67 KIPS (61.35 KIPS)
** Heartbeat:  36% -- { 11000021 } -- 83.33 KIPS (62.86 KIPS)
** Heartbeat:  40% -- { 12000027 } -- 83.33 KIPS (64.17 KIPS)
** Heartbeat:  43% -- { 13000033 } -- 90.91 KIPS (65.66 KIPS)
** Heartbeat:  46% -- { 14000035 } -- 76.92 KIPS (66.35 KIPS)
** Heartbeat:  50% -- { 15000036 } -- 90.91 KIPS (67.57 KIPS)
** Heartbeat:  53% -- { 16000036 } -- 83.33 KIPS (68.38 KIPS)
** Heartbeat:  56% -- { 17000040 } -- 83.33 KIPS (69.11 KIPS)
** Heartbeat:  60% -- { 18000040 } -- 83.33 KIPS (69.77 KIPS)
** Heartbeat:  63% -- { 19000040 } -- 90.91 KIPS (70.63 KIPS)
** Heartbeat:  66% -- { 20000046 } -- 83.33 KIPS (71.17 KIPS)
** Heartbeat:  70% -- { 21000048 } -- 90.91 KIPS (71.92 KIPS)
** Heartbeat:  73% -- { 22000052 } -- 83.33 KIPS (72.37 KIPS)
** Heartbeat:  76% -- { 23000058 } -- 90.91 KIPS (73.02 KIPS)
** Heartbeat:  80% -- { 24000058 } -- 83.33 KIPS (73.39 KIPS)
** Heartbeat:  83% -- { 25000059 } -- 90.91 KIPS (73.96 KIPS)
** Heartbeat:  86% -- { 26000061 } -- 83.33 KIPS (74.29 KIPS)
** Heartbeat:  90% -- { 27000061 } -- 83.33 KIPS (74.59 KIPS)
** Heartbeat:  93% -- { 28000061 } -- 71.43 KIPS (74.47 KIPS)
** Heartbeat:  96% -- { 29000062 } -- 83.33 KIPS (74.74 KIPS)
advanceReader: ROI end reached (ordinal 30000002 > roi_end 30000000)
Reached end of trace (last_inst) pc=0x5eeca4
Running McPat...
Running CACTI...
Parsing scarab params...
Parsing scarab stats...
Parsing McPAT output (./mcpat.out) and CACTI output (./cacti_dram.out)...
Printing Power Results...
Power Finished Successfully!
Scarab power interface: executing command:
['perl', '/home/deepmish/scarab_stage/ifuse/scarab/bin/power/power_intf.pl', '/home/deepmish/toolchain/mcpat', '/home/deepmish/toolchain/cacti', '.', '0', '0']
Scarab power interface: command finished with exit code: 0
** Core 0 Finished:    insts:29999808    cycles:11158976    time:3487180000000       -- 2.69 IPC (2.69 IPC) --  N/A  KIPS (74.81 KIPS)
Scarab finished at Wed Jul 29 21:30:28 2026

