/* -*- Mode: c -*- */
####################################################################################################
Core 0
####################################################################################################
Cumulative:        Cycles: 12203852              Instructions: 30000000              IPC: 2.45824

Periodic:          Cycles: 3927967               Instructions: 9999997               IPC: 2.54585

EXECUTION_TIME                           1227489687500                  3813703750000              

SIM_HOST_WALL_SECONDS                       624.721511                     624.721511              

NODE_CYCLE                                     3927967                       12203852              

NODE_INST_COUNT                               10076885                       30226819              

NODE_INST_COUNT_FETCHED                        9999997                       30000000              

NODE_UOP_COUNT                                13453835                       40289112              

EXEC_STAGE_NO_ISSUE_STALL_CYCLE                3322349                       10030119              

EXEC_STAGE_NO_ISSUE_STALL_CYCLE_ONPATH         3092451                        9274512              

FULL_WINDOW_STALL                                    0        0.000%            12934        0.106%

FULL_WINDOW_MEM_OP                                   0         -nan%            12473       99.039%
FULL_WINDOW_FP_OP                                    0         -nan%               76        0.603%
FULL_WINDOW_OTHER_OP                                 0         -nan%               45        0.357%
                                                     0         -nan%            12594      100.000%
                                                  -nan         -nan              0.01         0.14

RET_BLOCKED_DC_MISS                             277602        7.067%          1018148        8.343%

RET_BLOCKED_L1_MISS                               3291        0.084%           153554        1.258%

RET_BLOCKED_L1_MISS_BW_PREF                        384        0.010%             2983        0.024%

RET_BLOCKED_L1_ACCESS                           274315        6.984%           865455        7.092%

RET_BLOCKED_MEM_STALL                             3291        0.084%           154646        1.267%

RET_BLOCKED_OFFCHIP_DEMAND                           0        0.000%                0        0.000%

OP_ISSUED                                     14120740                       42555396              

OP_RETIRED                                    13453835                       40289112              

OP_MACRO_FUSION_ONPATH                         1029447                        3121448              

OP_MACRO_FUSION_OFFPATH                         115437                         365458              

REPLAY_SIGNALED                                      0                              0              

REPLAY_COUNTED                                       0                              0              

OFF_CRITICAL_PATH                                    0         -nan%                0         -nan%
ON_CRITICAL_PATH                                     0         -nan%                0         -nan%
                                                     0         -nan%                0         -nan%
                                                  -nan         -nan              -nan         -nan

LD_NO_DEPENDENTS                                241675        8.179%           728306        8.250%
LD_DEPENDENTS                                  2712981       91.821%          8100059       91.750%
                                               2954656      100.000%          8828365      100.000%
                                                  0.92         0.88              0.92         0.88

LD_EXEC_CYCLES_0                                     0        0.000%                0        0.000%
LD_EXEC_CYCLES_1                                     0        0.000%                0        0.000%
LD_EXEC_CYCLES_2                                     0        0.000%                0        0.000%
LD_EXEC_CYCLES_3                                   343       52.207%              978       56.207%
LD_EXEC_CYCLES_4                                   314       47.793%              762       43.793%
                                                   657      100.000%             1740      100.000%
                                                  3.48         2.46              3.44         2.33

LD_EXEC_MINUS_FETCH_LATENCY                   69710753                      214679900              

LD_RETIRE_MINUS_FETCH_LATENCY                122869234                      381072644              

ICACHE_STAGE_STARVED                            924520       27.572%          2927496       28.646%
ICACHE_STAGE_NOT_STARVED                       2428570       72.428%          7292198       71.354%
                                               3353090      100.000%         10219694      100.000%
                                                  0.72         0.66              0.71         0.65

ICACHE_STAGE_STALLED                            187911        4.784%           583193        4.779%
ICACHE_STAGE_NOT_STALLED                       3165179       80.581%          9636501       78.963%
ICACHE_STAGE_OFF_PATH                           574878       14.636%          1984158       16.258%
                                               3927968      100.000%         12203852      100.000%
                                                  1.10         0.55              1.11         0.58

DECODE_STAGE_STARVED                           1986579       55.804%          6232539       57.120%
DECODE_STAGE_NOT_STARVED                       1573353       44.196%          4678806       42.880%
                                               3559932      100.000%         10911345      100.000%
                                                  0.44         0.47              0.43         0.47

DECODE_STAGE_STALLED                              7705        0.196%            65557        0.537%
DECODE_STAGE_NOT_STALLED                       3552227       90.434%         10845788       88.872%
DECODE_STAGE_OFF_PATH                           368035        9.370%          1292507       10.591%
                                               3927967      100.000%         12203852      100.000%
                                                  1.09         0.44              1.10         0.47

UOPQ_STAGE_STARVED                             2680355       75.283%          8304989       75.808%
UOPQ_STAGE_NOT_STARVED                          880033       24.717%          2650361       24.192%
                                               3560388      100.000%         10955350      100.000%
                                                  0.25         0.39              0.24         0.39

UOPQ_STAGE_STALLED                                6363        0.162%            49925        0.409%
UOPQ_STAGE_NOT_STALLED                         3560388       90.642%         10955350       89.770%
UOPQ_STAGE_OFF_PATH                             361216        9.196%          1198577        9.821%
                                               3927967      100.000%         12203852      100.000%
                                                  1.09         0.44              1.09         0.45

RS_OP_READY_NOT_ISSUED_TOTAL                   4173152                       12798466              

RS_0_OP_READY_NOT_ISSUED                       1680988                        5698487              

RS_1_OP_READY_NOT_ISSUED                        290847                         840574              

RS_2_OP_READY_NOT_ISSUED                       2201317                        6259405              

RS_3_OP_READY_NOT_ISSUED                             0                              0              

RS_4_OP_READY_NOT_ISSUED                             0                              0              

RS_5_OP_READY_NOT_ISSUED                             0                              0              

RS_6_OP_READY_NOT_ISSUED                             0                              0              

RS_7_OP_READY_NOT_ISSUED                             0                              0              

RS_7_PLUS_OP_READY_NOT_ISSUED                        0                              0              

FU_IDLE_NO_READY_OPS_TOTAL                    12526378                       41359472              

FU_0_IDLE_NO_READY_OPS                          660152                        2322128              

FU_1_IDLE_NO_READY_OPS                          818957                        2811150              

FU_2_IDLE_NO_READY_OPS                         1604087                        5208564              

FU_3_IDLE_NO_READY_OPS                         1604768                        5209395              

FU_4_IDLE_NO_READY_OPS                          842096                        2880538              

FU_5_IDLE_NO_READY_OPS                          618198                        2200736              

FU_6_IDLE_NO_READY_OPS                         1968629                        6328521              

FU_7_IDLE_NO_READY_OPS                         1968897                        6327686              

FU_8_IDLE_NO_READY_OPS                          836012                        2861276              

FU_9_IDLE_NO_READY_OPS                         1604582                        5209478              

FU_10_IDLE_NO_READY_OPS                              0                              0              

FU_11_IDLE_NO_READY_OPS                              0                              0              

FU_12_IDLE_NO_READY_OPS                              0                              0              

FU_13_IDLE_NO_READY_OPS                              0                              0              

FU_14_IDLE_NO_READY_OPS                              0                              0              

FU_15_IDLE_NO_READY_OPS                              0                              0              

FU_16_IDLE_NO_READY_OPS                              0                              0              

FU_17_IDLE_NO_READY_OPS                              0                              0              

FU_18_IDLE_NO_READY_OPS                              0                              0              

FU_19_IDLE_NO_READY_OPS                              0                              0              

FU_20_IDLE_NO_READY_OPS                              0                              0              

FU_21_IDLE_NO_READY_OPS                              0                              0              

FU_22_IDLE_NO_READY_OPS                              0                              0              

FU_23_IDLE_NO_READY_OPS                              0                              0              

FU_24_IDLE_NO_READY_OPS                              0                              0              

FU_25_IDLE_NO_READY_OPS                              0                              0              

FU_26_IDLE_NO_READY_OPS                              0                              0              

FU_27_IDLE_NO_READY_OPS                              0                              0              

FU_28_IDLE_NO_READY_OPS                              0                              0              

FU_29_IDLE_NO_READY_OPS                              0                              0              

FU_30_IDLE_NO_READY_OPS                              0                              0              

FU_31_IDLE_NO_READY_OPS                              0                              0              

FU_31_PLUS_IDLE_NO_READY_OPS                         0                              0              

MAP_STAGE_STARVED                               992628       27.790%          3196898       29.317%
MAP_STAGE_NOT_STARVED                          2579278       72.210%          7707723       70.683%
                                               3571906      100.000%         10904621      100.000%
                                                  0.72         0.66              0.71         0.64

MAP_STAGE_STALLED                                18880        0.486%            49346        0.412%
MAP_STAGE_NOT_STALLED                          3553026       91.482%         10855275       90.717%
MAP_STAGE_OFF_PATH                              311941        8.032%          1061431        8.870%
                                               3883847      100.000%         11966052      100.000%
                                                  1.08         0.41              1.08         0.43

MAP_STAGE_STALL_ITSELF                           44120        1.123%           237800        1.949%
MAP_STAGE_NOT_STALL_ITSELF                     3883847       98.877%         11966052       98.051%
                                               3927967      100.000%         12203852      100.000%
                                                  0.99         0.98              0.98         0.97

MAP_STAGE_LATE_ALLOCATE_SEND_BACK                    0                              0              

MAP_STAGE_RENAME_OP_ONPATH                    13453594                       40289112              

MAP_STAGE_RENAME_OP_OFFPATH                    1435807                        4702423              

MAP_STAGE_RENAME_INT_REG_ONPATH                9894133                       29711394              

MAP_STAGE_RENAME_INT_REG_OFFPATH               1046270                        3315121              

MAP_STAGE_RENAME_VEC_REG_ONPATH                  92987                         284803              

MAP_STAGE_RENAME_VEC_REG_OFFPATH                 12432                          43944              

MAP_STAGE_RENAME_MOVE_ELIM_ONPATH                    0                              0              

MAP_STAGE_RENAME_MOVE_ELIM_OFFPATH                   0                              0              

MAP_STAGE_ONPATH_INT_REG_NUM_ALLOC             9894328                       29711375              

MAP_STAGE_ONPATH_VEC_REG_NUM_ALLOC               92987                         284790              

MAP_STAGE_ONPATH_INT_REG_NUM_SHORTLIVE         3582367                       10808720              

MAP_STAGE_ONPATH_VEC_REG_NUM_SHORTLIVE           12265                          41256              

MAP_STAGE_ONPATH_INT_REG_USE_COUNT_0           1660611                        5003340              

MAP_STAGE_ONPATH_VEC_REG_USE_COUNT_0              2362                          10332              

MAP_STAGE_ONPATH_INT_REG_USE_COUNT_1           4864931                       14579586              

MAP_STAGE_ONPATH_VEC_REG_USE_COUNT_1             66426                         203734              

MAP_STAGE_ONPATH_INT_REG_USE_COUNT_2           2537660                        7624880              

MAP_STAGE_ONPATH_VEC_REG_USE_COUNT_2             17763                          51354              

MAP_STAGE_ONPATH_INT_REG_USE_COUNT_3            479148                        1433881              

MAP_STAGE_ONPATH_VEC_REG_USE_COUNT_3              2754                           7913              

MAP_STAGE_ONPATH_INT_REG_USE_COUNT_4            131842                         403008              

MAP_STAGE_ONPATH_VEC_REG_USE_COUNT_4              2983                           9418              

MAP_STAGE_ONPATH_INT_REG_USE_COUNT_5             66933                         204722              

MAP_STAGE_ONPATH_VEC_REG_USE_COUNT_5                17                             66              

MAP_STAGE_ONPATH_INT_REG_USE_COUNT_6             42876                         130824              

MAP_STAGE_ONPATH_VEC_REG_USE_COUNT_6               520                           1467              

MAP_STAGE_ONPATH_INT_REG_USE_COUNT_7_PLUS        110327                         331134              

MAP_STAGE_ONPATH_VEC_REG_USE_COUNT_7_PLUS           162                            506              

MAP_STAGE_ONPATH_INT_REG_CONSUME_DIST_0              0        0.0000                0        0.0000

MAP_STAGE_ONPATH_VEC_REG_CONSUME_DIST_0              0        0.0000                0        0.0000

MAP_STAGE_ONPATH_INT_REG_CONSUME_DIST_1              0        0.0000                0        0.0000

MAP_STAGE_ONPATH_VEC_REG_CONSUME_DIST_1              0        0.0000                0        0.0000

MAP_STAGE_ONPATH_INT_REG_CONSUME_DIST_2        6682799        2.6334         20981120        2.7517

MAP_STAGE_ONPATH_VEC_REG_CONSUME_DIST_2        2001113      112.6563          6404008      124.7032

MAP_STAGE_ONPATH_INT_REG_CONSUME_DIST_3        2866418        5.9823          9093397        6.3418

MAP_STAGE_ONPATH_VEC_REG_CONSUME_DIST_3           9977        3.6227            65998        8.3405

MAP_STAGE_ONPATH_INT_REG_CONSUME_DIST_4        1247284        9.4604          3960580        9.8275

MAP_STAGE_ONPATH_VEC_REG_CONSUME_DIST_4         596448      199.9490          1583938      168.1820

MAP_STAGE_ONPATH_INT_REG_CONSUME_DIST_5         753580       11.2587          2410869       11.7763

MAP_STAGE_ONPATH_VEC_REG_CONSUME_DIST_5           7392      434.8235            27258      413.0000

MAP_STAGE_ONPATH_INT_REG_CONSUME_DIST_6         628704       14.6633          1954071       14.9366

MAP_STAGE_ONPATH_VEC_REG_CONSUME_DIST_6          13524       26.0077            45822       31.2352

MAP_STAGE_ONPATH_INT_REG_CONSUME_DIST_7_PLUS       3194038       28.9506          9863329       29.7865

MAP_STAGE_ONPATH_VEC_REG_CONSUME_DIST_7_PLUS         20989      129.5617            62722      123.9565

MAP_STAGE_INT_REG_ISSUE_READ_TOTAL_CONSUMED      14535646        4.3751         43761897        4.3630

MAP_STAGE_VEC_REG_ISSUE_READ_TOTAL_CONSUMED        131535        0.0396           399026        0.0398

MAP_STAGE_INT_REG_ISSUE_READ_MULTI_CONSUMED       6021525        1.8124         18147278        1.8093

MAP_STAGE_VEC_REG_ISSUE_READ_MULTI_CONSUMED         37335        0.0112           111859        0.0112

MAP_STAGE_INT_REG_ISSUE_READ_SAME_CYCLE_CONSUMED       3272287        0.9849          9887633        0.9858

MAP_STAGE_VEC_REG_ISSUE_READ_SAME_CYCLE_CONSUMED         16120        0.0049            47887        0.0048

MAP_STAGE_INT_REG_ISSUE_READ_TOTAL_CONSUMED_ONPATH      13960278        4.5143         41903214        4.5181

MAP_STAGE_VEC_REG_ISSUE_READ_TOTAL_CONSUMED_ONPATH        126644        0.0410           381120        0.0411

MAP_STAGE_INT_REG_ISSUE_READ_MULTI_CONSUMED_ONPATH       5726664        1.8518         17195153        1.8540

MAP_STAGE_VEC_REG_ISSUE_READ_MULTI_CONSUMED_ONPATH         36021        0.0116           106647        0.0115

MAP_STAGE_INT_REG_ISSUE_READ_SAME_CYCLE_CONSUMED_ONPATH       3127795        1.0114          9419255        1.0156

MAP_STAGE_VEC_REG_ISSUE_READ_SAME_CYCLE_CONSUMED_ONPATH         15750        0.0051            46437        0.0050

MAP_STAGE_ONPATH_INT_REG_LIFECYCLE_EMPTY     102506666                      314104367              

MAP_STAGE_ONPATH_VEC_REG_LIFECYCLE_EMPTY       1269275                        3990928              

MAP_STAGE_ONPATH_INT_REG_LIFECYCLE_IN_USE     188408617                      580609288              

MAP_STAGE_ONPATH_VEC_REG_LIFECYCLE_IN_USE       4652403                       14691343              

MAP_STAGE_ONPATH_INT_REG_LIFECYCLE_SPEC_RELEASE     344362822                     1072761203              

MAP_STAGE_ONPATH_VEC_REG_LIFECYCLE_SPEC_RELEASE      33777132                      110814731              

MAP_STAGE_ONPATH_INT_REG_LIFECYCLE_NONSPEC_RELEASE     344362822                     1072761203              

MAP_STAGE_ONPATH_VEC_REG_LIFECYCLE_NONSPEC_RELEASE      33777132                      110814731              

MAP_STAGE_ONPATH_INT_REG_LIFECYCLE_TOTAL     344362822                     1072761203              

MAP_STAGE_ONPATH_VEC_REG_LIFECYCLE_TOTAL      33777132                      110814731              

MAP_STAGE_ONPATH_INT_REG_NUM_NONBRANCH         9894328                       29711375              

MAP_STAGE_ONPATH_VEC_REG_NUM_NONBRANCH           92987                         284790              

MAP_STAGE_ONPATH_INT_REG_NUM_NONEXCEPT         9894328                       29711375              

MAP_STAGE_ONPATH_VEC_REG_NUM_NONEXCEPT           92987                         284790              

MAP_STAGE_ONPATH_INT_REG_NUM_ATOMIC            9894328                       29711375              

MAP_STAGE_ONPATH_VEC_REG_NUM_ATOMIC              92987                         284790              

MAP_STAGE_ONPATH_INT_REG_ATOMIC_REDEFINED_DIST_TOTAL     344362822       34.8041       1072761203       36.1061

MAP_STAGE_ONPATH_VEC_REG_ATOMIC_REDEFINED_DIST_TOTAL      33777132      363.2457        110814731      389.1103

MAP_STAGE_ONPATH_INT_REG_ATOMIC_CONSUMED_DIST_TOTAL     188408617       19.0421        580609288       19.5416

MAP_STAGE_ONPATH_VEC_REG_ATOMIC_CONSUMED_DIST_TOTAL       4652403       50.0328         14691343       51.5866

MAP_STAGE_ONPATH_INT_REG_ATOMIC_RELEASE_DIST_TOTAL     344362822       34.8041       1072761203       36.1061

MAP_STAGE_ONPATH_VEC_REG_ATOMIC_RELEASE_DIST_TOTAL      33777132      363.2457        110814731      389.1103

EXEC_STAGE_STARVED                             3251686       82.783%         10101773       82.775%
EXEC_STAGE_NOT_STARVED                          457239       11.641%          1337773       10.962%
EXEC_STAGE_OFF_PATH                             219042        5.576%           764306        6.263%
                                               3927967      100.000%         12203852      100.000%
                                                  0.23         0.50              0.23         0.51

FU_BUSY_0                                      2029155                        6132435              

FU_BUSY_1                                      1677932                        5076189              

FU_BUSY_2                                      1117340                        3344862              

FU_BUSY_3                                      1115486                        3342711              

FU_BUSY_4                                      1498520                        4540318              

FU_BUSY_5                                      2188997                        6608170              

FU_BUSY_6                                      1127814                        3360806              

FU_BUSY_7                                      1127929                        3362526              

FU_BUSY_8                                      1608768                        4874642              

FU_BUSY_9                                      1115758                        3342668              

FU_BUSY_10                                           0                              0              

FU_BUSY_11                                           0                              0              

FU_BUSY_12                                           0                              0              

FU_BUSY_13                                           0                              0              

FU_BUSY_14                                           0                              0              

FU_BUSY_15                                           0                              0              

FU_BUSY_16                                           0                              0              

FU_BUSY_17                                           0                              0              

FU_BUSY_18                                           0                              0              

FU_BUSY_19                                           0                              0              

FU_BUSY_20                                           0                              0              

FU_BUSY_21                                           0                              0              

FU_BUSY_22                                           0                              0              

FU_BUSY_23                                           0                              0              

FU_BUSY_24                                           0                              0              

FU_BUSY_25                                           0                              0              

FU_BUSY_26                                           0                              0              

FU_BUSY_27                                           0                              0              

FU_BUSY_28                                           0                              0              

FU_BUSY_29                                           0                              0              

FU_BUSY_30                                           0                              0              

FU_BUSY_31                                           0                              0              

FU_REJECTED_OP_INV_NOT_SIMD                          0        0.000%                0        0.000%
FU_REJECTED_OP_NOP_NOT_SIMD                       3021        1.295%             9460        1.393%
FU_REJECTED_OP_CF_NOT_SIMD                       45726       19.595%           128633       18.938%
FU_REJECTED_OP_MOV_NOT_SIMD                       6371        2.730%            18731        2.758%
FU_REJECTED_OP_CMOV_NOT_SIMD                       139        0.060%              364        0.054%
FU_REJECTED_OP_LDA_NOT_SIMD                       4538        1.945%            12886        1.897%
FU_REJECTED_OP_IMEM_NOT_SIMD                     81062       34.737%           234223       34.484%
FU_REJECTED_OP_IADD_NOT_SIMD                     51708       22.158%           149334       21.986%
FU_REJECTED_OP_IMUL_NOT_SIMD                     12874        5.517%            37476        5.517%
FU_REJECTED_OP_IDIV_NOT_SIMD                       666        0.285%             2970        0.437%
FU_REJECTED_OP_ICMP_NOT_SIMD                        51        0.022%             1149        0.169%
FU_REJECTED_OP_LOGIC_NOT_SIMD                     3051        1.307%             8505        1.252%
FU_REJECTED_OP_SHIFT_NOT_SIMD                     6672        2.859%            19237        2.832%
FU_REJECTED_OP_FMEM_NOT_SIMD                      5292        2.268%            15479        2.279%
FU_REJECTED_OP_FCVT_NOT_SIMD                         0        0.000%                0        0.000%
FU_REJECTED_OP_FADD_NOT_SIMD                         0        0.000%                0        0.000%
FU_REJECTED_OP_FMUL_NOT_SIMD                         0        0.000%                0        0.000%
FU_REJECTED_OP_FMA_NOT_SIMD                          0        0.000%                0        0.000%
FU_REJECTED_OP_FDIV_NOT_SIMD                         0        0.000%                0        0.000%
FU_REJECTED_OP_FCMP_NOT_SIMD                         0        0.000%                0        0.000%
FU_REJECTED_OP_FCMOV_NOT_SIMD                        0        0.000%                0        0.000%
FU_REJECTED_OP_GATHER_NOT_SIMD                       0        0.000%                0        0.000%
FU_REJECTED_OP_SCATTER_NOT_SIMD                      0        0.000%                0        0.000%
FU_REJECTED_OP_PIPELINED_FAST_NOT_SIMD               0        0.000%                0        0.000%
FU_REJECTED_OP_PIPELINED_MEDIUM_NOT_SIMD             0        0.000%                0        0.000%
FU_REJECTED_OP_PIPELINED_SLOW_NOT_SIMD               0        0.000%                0        0.000%
FU_REJECTED_OP_NOTPIPELINED_MEDIUM_NOT_SIMD             0        0.000%                0        0.000%
FU_REJECTED_OP_NOTPIPELINED_SLOW_NOT_SIMD             0        0.000%                0        0.000%
FU_REJECTED_OP_NOTPIPELINED_VERY_SLOW_NOT_SIMD          1753        0.751%            10101        1.487%
FU_REJECTED_OP_INV_SIMD                              0        0.000%                0        0.000%
FU_REJECTED_OP_NOP_SIMD                              0        0.000%                0        0.000%
FU_REJECTED_OP_CF_SIMD                               0        0.000%                0        0.000%
FU_REJECTED_OP_MOV_SIMD                             13        0.006%               55        0.008%
FU_REJECTED_OP_CMOV_SIMD                             0        0.000%                0        0.000%
FU_REJECTED_OP_LDA_SIMD                              0        0.000%                0        0.000%
FU_REJECTED_OP_IMEM_SIMD                             0        0.000%                0        0.000%
FU_REJECTED_OP_IADD_SIMD                             0        0.000%                0        0.000%
FU_REJECTED_OP_IMUL_SIMD                             0        0.000%                0        0.000%
FU_REJECTED_OP_IDIV_SIMD                             0        0.000%                0        0.000%
FU_REJECTED_OP_ICMP_SIMD                             0        0.000%                0        0.000%
FU_REJECTED_OP_LOGIC_SIMD                           80        0.034%              284        0.042%
FU_REJECTED_OP_SHIFT_SIMD                           58        0.025%              385        0.057%
FU_REJECTED_OP_FMEM_SIMD                             0        0.000%                0        0.000%
FU_REJECTED_OP_FCVT_SIMD                          3086        1.322%             9451        1.391%
FU_REJECTED_OP_FADD_SIMD                          1719        0.737%             4871        0.717%
FU_REJECTED_OP_FMUL_SIMD                           572        0.245%             1699        0.250%
FU_REJECTED_OP_FMA_SIMD                           1462        0.627%             4155        0.612%
FU_REJECTED_OP_FDIV_SIMD                          1094        0.469%             3025        0.445%
FU_REJECTED_OP_FCMP_SIMD                             0        0.000%               14        0.002%
FU_REJECTED_OP_FCMOV_SIMD                         2348        1.006%             6628        0.976%
FU_REJECTED_OP_GATHER_SIMD                           0        0.000%                3        0.000%
FU_REJECTED_OP_SCATTER_SIMD                          0        0.000%                0        0.000%
FU_REJECTED_OP_PIPELINED_FAST_SIMD                   0        0.000%                0        0.000%
FU_REJECTED_OP_PIPELINED_MEDIUM_SIMD                 0        0.000%                0        0.000%
FU_REJECTED_OP_PIPELINED_SLOW_SIMD                   0        0.000%              104        0.015%
FU_REJECTED_OP_NOTPIPELINED_MEDIUM_SIMD              0        0.000%                0        0.000%
FU_REJECTED_OP_NOTPIPELINED_SLOW_SIMD                0        0.000%                0        0.000%
FU_REJECTED_OP_NOTPIPELINED_VERY_SLOW_SIMD             0        0.000%                0        0.000%
                                                233356      100.000%           679222      100.000%
                                                  7.71         8.78              7.92         8.96

LSQ_FULL_TOTAL                                   19046                          51597              

LSQ_FULL_LOAD_QUEUE                                  0                              0              

LSQ_FULL_STORE_QUEUE                             19046                          51597              

OP_WAIT_0                                      9307078                       28010463              

OP_WAIT_1                                      3064938                        9108532              

OP_WAIT_2                                       396693                        1170518              

OP_WAIT_3                                       165018                         492818              

OP_WAIT_4                                       110410                         326547              

OP_WAIT_5                                        71379                         209498              

OP_WAIT_6                                        50245                         149804              

OP_WAIT_7                                        38966                         116067              

OP_WAIT_8                                        34403                         100126              

OP_WAIT_9                                        27013                          77623              

OP_WAIT_10                                       19318                          55939              

OP_WAIT_11                                       16022                          47233              

OP_WAIT_12                                       14715                          43076              

OP_WAIT_13                                       13780                          39501              

OP_WAIT_14                                       11893                          33371              

OP_WAIT_15                                       11514                          31661              

OP_WAIT_16                                       10691                          29789              

OP_WAIT_17                                        8576                          24430              

OP_WAIT_18                                        8572                          23793              

OP_WAIT_19                                        7402                          20773              

OP_WAIT_20                                        7360                          19948              

OP_WAIT_21                                        7697                          20433              

OP_WAIT_22                                        6694                          18374              

OP_WAIT_23                                        5796                          16146              

OP_WAIT_24                                        5465                          15253              

OP_WAIT_25                                        4500                          12455              

OP_WAIT_26                                        3466                          10141              

OP_WAIT_27                                        3372                           9744              

OP_WAIT_28                                        3046                           8572              

OP_WAIT_29                                        1963                           5896              

OP_WAIT_30                                        1590                           4941              

OP_WAIT_31                                       14260                          35647              

ROW_SIZE_0                                     1309378                        4161933              

ROW_SIZE_1                                      355972                        1089746              

ROW_SIZE_2                                      225412                         671331              

ROW_SIZE_3                                      112902                         341608              

ROW_SIZE_4                                      145872                         436967              

ROW_SIZE_5                                       63843                         192971              

ROW_SIZE_6                                       74638                         219528              

ROW_SIZE_7                                       57142                         168715              

ROW_SIZE_8                                     1319726                        3952623              

ROW_SIZE_9                                           0                              0              

ROW_SIZE_10                                          0                              0              

ROW_SIZE_11                                          0                              0              

ROW_SIZE_12                                          0                              0              

ROW_SIZE_13                                          0                              0              

ROW_SIZE_14                                          0                              0              

ROW_SIZE_15                                          0                              0              

ROW_SIZE_16                                          0                              0              

ROW_SIZE_17                                          0                              0              

ROW_SIZE_18                                          0                              0              

ROW_SIZE_19                                          0                              0              

ROW_SIZE_20                                          0                              0              

ROW_SIZE_21                                          0                              0              

ROW_SIZE_22                                          0                              0              

ROW_SIZE_23                                          0                              0              

ROW_SIZE_24                                          0                              0              

ROW_SIZE_25                                          0                              0              

ROW_SIZE_26                                          0                              0              

ROW_SIZE_27                                          0                              0              

ROW_SIZE_28                                          0                              0              

ROW_SIZE_29                                          0                              0              

ROW_SIZE_30                                          0                              0              

ROW_SIZE_31                                          0                              0              

RET_OP_EXEC_COUNT_0                                  0        0.000%                0        0.000%
RET_OP_EXEC_COUNT_1                           13453835      100.000%         40289112      100.000%
RET_OP_EXEC_COUNT_2                                  0        0.000%                0        0.000%
RET_OP_EXEC_COUNT_3                                  0        0.000%                0        0.000%
RET_OP_EXEC_COUNT_4                                  0        0.000%                0        0.000%
RET_OP_EXEC_COUNT_5                                  0        0.000%                0        0.000%
RET_OP_EXEC_COUNT_6                                  0        0.000%                0        0.000%
RET_OP_EXEC_COUNT_7                                  0        0.000%                0        0.000%
RET_OP_EXEC_COUNT_8                                  0        0.000%                0        0.000%
RET_OP_EXEC_COUNT_9                                  0        0.000%                0        0.000%
RET_OP_EXEC_COUNT_10                                 0        0.000%                0        0.000%
RET_OP_EXEC_COUNT_11                                 0        0.000%                0        0.000%
RET_OP_EXEC_COUNT_12                                 0        0.000%                0        0.000%
RET_OP_EXEC_COUNT_13                                 0        0.000%                0        0.000%
RET_OP_EXEC_COUNT_14                                 0        0.000%                0        0.000%
RET_OP_EXEC_COUNT_15                                 0        0.000%                0        0.000%
RET_OP_EXEC_COUNT_16                                 0        0.000%                0        0.000%
RET_OP_EXEC_COUNT_17                                 0        0.000%                0        0.000%
RET_OP_EXEC_COUNT_18                                 0        0.000%                0        0.000%
RET_OP_EXEC_COUNT_19                                 0        0.000%                0        0.000%
RET_OP_EXEC_COUNT_20                                 0        0.000%                0        0.000%
RET_OP_EXEC_COUNT_21                                 0        0.000%                0        0.000%
RET_OP_EXEC_COUNT_22                                 0        0.000%                0        0.000%
RET_OP_EXEC_COUNT_23                                 0        0.000%                0        0.000%
RET_OP_EXEC_COUNT_24                                 0        0.000%                0        0.000%
RET_OP_EXEC_COUNT_25                                 0        0.000%                0        0.000%
RET_OP_EXEC_COUNT_26                                 0        0.000%                0        0.000%
RET_OP_EXEC_COUNT_27                                 0        0.000%                0        0.000%
RET_OP_EXEC_COUNT_28                                 0        0.000%                0        0.000%
RET_OP_EXEC_COUNT_29                                 0        0.000%                0        0.000%
RET_OP_EXEC_COUNT_30                                 0        0.000%                0        0.000%
RET_OP_EXEC_COUNT_31                                 0        0.000%                0        0.000%
RET_OP_EXEC_COUNT_32                                 0        0.000%                0        0.000%
                                              13453835      100.000%         40289112      100.000%
                                                  1.00         0.00              1.00         0.00

RET_STALL_LENGTH_0                            13453811      100.000%         40288110       99.998%
RET_STALL_LENGTH_100                                23        0.000%              776        0.002%
RET_STALL_LENGTH_200                                 1        0.000%              176        0.000%
RET_STALL_LENGTH_300                                 0        0.000%               14        0.000%
RET_STALL_LENGTH_400                                 0        0.000%                8        0.000%
RET_STALL_LENGTH_500                                 0        0.000%                5        0.000%
RET_STALL_LENGTH_600                                 0        0.000%                4        0.000%
RET_STALL_LENGTH_700                                 0        0.000%                1        0.000%
RET_STALL_LENGTH_800                                 0        0.000%                3        0.000%
RET_STALL_LENGTH_900                                 0        0.000%                2        0.000%
RET_STALL_LENGTH_1000                                0        0.000%                1        0.000%
RET_STALL_LENGTH_1100                                0        0.000%                4        0.000%
RET_STALL_LENGTH_1200                                0        0.000%                5        0.000%
RET_STALL_LENGTH_1300                                0        0.000%                1        0.000%
RET_STALL_LENGTH_1400                                0        0.000%                2        0.000%
RET_STALL_LENGTH_1500                                0        0.000%                0        0.000%
RET_STALL_LENGTH_1600                                0        0.000%                0        0.000%
RET_STALL_LENGTH_1700                                0        0.000%                0        0.000%
RET_STALL_LENGTH_1800                                0        0.000%                0        0.000%
RET_STALL_LENGTH_1900                                0        0.000%                0        0.000%
RET_STALL_LENGTH_2000                                0        0.000%                0        0.000%
RET_STALL_LENGTH_2100                                0        0.000%                0        0.000%
RET_STALL_LENGTH_2200                                0        0.000%                0        0.000%
RET_STALL_LENGTH_2300                                0        0.000%                0        0.000%
RET_STALL_LENGTH_2400                                0        0.000%                0        0.000%
RET_STALL_LENGTH_2500                                0        0.000%                0        0.000%
RET_STALL_LENGTH_2600                                0        0.000%                0        0.000%
RET_STALL_LENGTH_2700                                0        0.000%                0        0.000%
RET_STALL_LENGTH_2800                                0        0.000%                0        0.000%
RET_STALL_LENGTH_2900                                0        0.000%                0        0.000%
RET_STALL_LENGTH_3000                                0        0.000%                0        0.000%
RET_STALL_LENGTH_3100                                0        0.000%                0        0.000%
RET_STALL_LENGTH_3200                                0        0.000%                0        0.000%
RET_STALL_LENGTH_3300                                0        0.000%                0        0.000%
RET_STALL_LENGTH_3400                                0        0.000%                0        0.000%
RET_STALL_LENGTH_3500                                0        0.000%                0        0.000%
RET_STALL_LENGTH_3600                                0        0.000%                0        0.000%
RET_STALL_LENGTH_3700                                0        0.000%                0        0.000%
RET_STALL_LENGTH_3800                                0        0.000%                0        0.000%
RET_STALL_LENGTH_3900                                0        0.000%                0        0.000%
RET_STALL_LENGTH_4000                                0        0.000%                0        0.000%
RET_STALL_LENGTH_4100                                0        0.000%                0        0.000%
RET_STALL_LENGTH_4200                                0        0.000%                0        0.000%
RET_STALL_LENGTH_4300                                0        0.000%                0        0.000%
RET_STALL_LENGTH_4400                                0        0.000%                0        0.000%
RET_STALL_LENGTH_4500                                0        0.000%                0        0.000%
RET_STALL_LENGTH_4600                                0        0.000%                0        0.000%
RET_STALL_LENGTH_4700                                0        0.000%                0        0.000%
RET_STALL_LENGTH_4800                                0        0.000%                0        0.000%
RET_STALL_LENGTH_4900                                0        0.000%                0        0.000%
RET_STALL_LENGTH_5000                                0        0.000%                0        0.000%
                                              13453835      100.000%         40289112      100.000%
                                                  0.00         0.00              0.00         0.01

MEM_BLOCK_LENGTH_0                                   0         -nan%               49       89.091%
MEM_BLOCK_LENGTH_100                                 0         -nan%                4        7.273%
MEM_BLOCK_LENGTH_200                                 0         -nan%                2        3.636%
MEM_BLOCK_LENGTH_300                                 0         -nan%                0        0.000%
MEM_BLOCK_LENGTH_400                                 0         -nan%                0        0.000%
MEM_BLOCK_LENGTH_500                                 0         -nan%                0        0.000%
MEM_BLOCK_LENGTH_600                                 0         -nan%                0        0.000%
MEM_BLOCK_LENGTH_700                                 0         -nan%                0        0.000%
MEM_BLOCK_LENGTH_800                                 0         -nan%                0        0.000%
MEM_BLOCK_LENGTH_900                                 0         -nan%                0        0.000%
MEM_BLOCK_LENGTH_1000                                0         -nan%                0        0.000%
MEM_BLOCK_LENGTH_1100                                0         -nan%                0        0.000%
MEM_BLOCK_LENGTH_1200                                0         -nan%                0        0.000%
MEM_BLOCK_LENGTH_1300                                0         -nan%                0        0.000%
MEM_BLOCK_LENGTH_1400                                0         -nan%                0        0.000%
MEM_BLOCK_LENGTH_1500                                0         -nan%                0        0.000%
MEM_BLOCK_LENGTH_1600                                0         -nan%                0        0.000%
MEM_BLOCK_LENGTH_1700                                0         -nan%                0        0.000%
MEM_BLOCK_LENGTH_1800                                0         -nan%                0        0.000%
MEM_BLOCK_LENGTH_1900                                0         -nan%                0        0.000%
MEM_BLOCK_LENGTH_2000                                0         -nan%                0        0.000%
MEM_BLOCK_LENGTH_2100                                0         -nan%                0        0.000%
MEM_BLOCK_LENGTH_2200                                0         -nan%                0        0.000%
MEM_BLOCK_LENGTH_2300                                0         -nan%                0        0.000%
MEM_BLOCK_LENGTH_2400                                0         -nan%                0        0.000%
MEM_BLOCK_LENGTH_2500                                0         -nan%                0        0.000%
MEM_BLOCK_LENGTH_2600                                0         -nan%                0        0.000%
MEM_BLOCK_LENGTH_2700                                0         -nan%                0        0.000%
MEM_BLOCK_LENGTH_2800                                0         -nan%                0        0.000%
MEM_BLOCK_LENGTH_2900                                0         -nan%                0        0.000%
MEM_BLOCK_LENGTH_3000                                0         -nan%                0        0.000%
MEM_BLOCK_LENGTH_3100                                0         -nan%                0        0.000%
MEM_BLOCK_LENGTH_3200                                0         -nan%                0        0.000%
MEM_BLOCK_LENGTH_3300                                0         -nan%                0        0.000%
MEM_BLOCK_LENGTH_3400                                0         -nan%                0        0.000%
MEM_BLOCK_LENGTH_3500                                0         -nan%                0        0.000%
MEM_BLOCK_LENGTH_3600                                0         -nan%                0        0.000%
MEM_BLOCK_LENGTH_3700                                0         -nan%                0        0.000%
MEM_BLOCK_LENGTH_3800                                0         -nan%                0        0.000%
MEM_BLOCK_LENGTH_3900                                0         -nan%                0        0.000%
MEM_BLOCK_LENGTH_4000                                0         -nan%                0        0.000%
MEM_BLOCK_LENGTH_4100                                0         -nan%                0        0.000%
MEM_BLOCK_LENGTH_4200                                0         -nan%                0        0.000%
MEM_BLOCK_LENGTH_4300                                0         -nan%                0        0.000%
MEM_BLOCK_LENGTH_4400                                0         -nan%                0        0.000%
MEM_BLOCK_LENGTH_4500                                0         -nan%                0        0.000%
MEM_BLOCK_LENGTH_4600                                0         -nan%                0        0.000%
MEM_BLOCK_LENGTH_4700                                0         -nan%                0        0.000%
MEM_BLOCK_LENGTH_4800                                0         -nan%                0        0.000%
MEM_BLOCK_LENGTH_4900                                0         -nan%                0        0.000%
MEM_BLOCK_LENGTH_5000                                0         -nan%                0        0.000%
                                                     0         -nan%               55      100.000%
                                                  -nan         -nan              0.15         0.43

FUS_BUSY_ON_PATH                              13924861        3.5451         41669159        3.4144

FUS_BUSY_OFF_PATH                               682838        0.1738          2316168        0.1898

FU_BUSY_MEM_STALL                               312335        0.0795           921732        0.0755

FUS_EMPTY                                     24671971        6.2811         78053193        6.3958

FU_UNAVAILABLE                                   95960        0.0244           282017        0.0231

FU_MEM_UNAVAILABLE                              137396        0.0350           397205        0.0325

FU_OTHER_UNAVAILABLE                                 0        0.0000                0        0.0000

FU_REPLAY                                            0        0.0000                0        0.0000

FU_STARVED                                    24603500        6.2637         77828175        6.3773

CHIP_UTILIZATION                                     0        0.0000                0        0.0000

CYCLES_UNDER_MEM_REQ                                 0                              0              

CYCLES_UNDER_NO_MEM_REQ                              0                              0              

CYCLES_UNDER_CRITICAL_MEM_REQ                        0                              0              

CYCLES_UNDER_NONCRITICAL_MEM_REQ                     0                              0              

CHIP_UTILIZATION_UNDER_MEM_REQ                       0          -nan                0          -nan

CHIP_UTILIZATION_UNDER_NO_MEM_REQ                    0          -nan                0          -nan

CHIP_UTILIZATION_UNDER_CRITICAL_MEM_REQ              0          -nan                0          -nan

CHIP_UTILIZATION_UNDER_NONCRITICAL_MEM_REQ             0          -nan                0          -nan

CYCLES_NOT_WAITING_FOR_OFF_CHIP                      0        0.0000                0        0.0000

FUS_BUSY_NOT_WAITING_FOR_OFF_CHIP                    0          -nan                0          -nan

CYCLES_WAITING_FOR_OFF_CHIP                          0        0.0000                0        0.0000

FUS_BUSY_WAITING_FOR_OFF_CHIP                        0          -nan                0          -nan

TOTAL_OFF_CHIP_DELAYS_LEFT                           0                              0              

WRONG_IO_SCHED                                       0                              0              

DVFS_CONFIG_SWITCH                                   0                              0              

MAP_STAGE_RECEIVED_OPS_0                             0        0.000%                0        0.000%
MAP_STAGE_RECEIVED_OPS_1                         74672        2.932%           218427        2.869%
MAP_STAGE_RECEIVED_OPS_2                        100807        3.958%           301476        3.960%
MAP_STAGE_RECEIVED_OPS_3                        173160        6.798%           506272        6.650%
MAP_STAGE_RECEIVED_OPS_4                        213273        8.373%           632133        8.303%
MAP_STAGE_RECEIVED_OPS_5                        131968        5.181%           389740        5.119%
MAP_STAGE_RECEIVED_OPS_6                       1853294       72.759%          5565494       73.100%
MAP_STAGE_RECEIVED_OPS_7                             0        0.000%                0        0.000%
MAP_STAGE_RECEIVED_OPS_8                             0        0.000%                0        0.000%
MAP_STAGE_RECEIVED_OPS_MAX                           0        0.000%                0        0.000%
                                               2547174      100.000%          7613542      100.000%
                                                  5.27         1.35              5.28         1.35

MAP_STAGE_WAIT_FOR_DECODE                            0         -nan%                0         -nan%
MAP_STAGE_CONSUME_DECODE                             0         -nan%                0         -nan%
                                                     0         -nan%                0         -nan%
                                                  -nan         -nan              -nan         -nan

MAP_STAGE_WAIT_FOR_DECODE2                           0         -nan%                0         -nan%
MAP_STAGE_CONSUME_DECODE2                            0         -nan%                0         -nan%
                                                     0         -nan%                0         -nan%
                                                  -nan         -nan              -nan         -nan

FTQ_RECOVER_EXEC                                 15004                          50314              

FTQ_RECOVER_DECODE                                1455                           9023              

FTQ_OFFPATH_CYCLES                             2898147                        9082826              

FTQ_CYCLES_OFFPATH                             2898113                        9082826              

FTQ_CYCLES_ONPATH                              1029854                        3121026              

FTQ_FETCHED_INS_ONPATH                        13453571                       40289112              

FTQ_FETCHED_INS_OFFPATH                       15334419                       48969356              

FTQ_BREAK_FULL_FT_ONPATH                         75296                         235576              

FTQ_BREAK_FULL_FT_OFFPATH                       231198                         923092              

FTQ_BREAK_PRED_BR_ONPATH                             0                              0              

FTQ_BREAK_PRED_BR_OFFPATH                            0                              0              

FTQ_BREAK_BAR_FETCH_ONPATH                           0                              0              

FTQ_BREAK_BAR_FETCH_OFFPATH                          0                              0              

FTQ_BREAK_MAX_CFS_TAKEN_ONPATH                       0                              0              

FTQ_BREAK_MAX_CFS_TAKEN_OFFPATH                      0                              0              

FTQ_BREAK_MAX_FT_ONPATH                         954502                        2885393              

FTQ_BREAK_MAX_FT_OFFPATH                       2666914                        8159734              

DFE_GEN_ON_PATH_FT                             1880651                        5622726              

DFE_GEN_OFF_PATH_FT                            1910598                        5950230              

DFE_L0_ENABLED_PREDICTIONS                    13453584                       40289112              

DFE_L0_WRONG_MAIN_CORRECT                       889124                        2609782              

DFE_L0_WRONG_MAIN_WRONG                          14587                          52653              

DFE_L0_CORRECT_MAIN_WRONG                         1871                           6684              

DFE_L0_CORRECT_MAIN_CORRECT                   12548002                       37619993              

DFE_L0_WRONG_MAIN_CORRECT_RECOVERY_SCHEDULED             0                              0              

FTQ_SAW_BAR_FETCH_OFFPATH                        84508                         237764              

FTQ_SAW_BAR_FETCH_ONPATH                          9110                          24930              

DFE_CONF_0_RECOVER_AT_EXEC                           0         -nan%                0         -nan%
DFE_CONF_1_RECOVER_AT_EXEC                           0         -nan%                0         -nan%
DFE_CONF_2_RECOVER_AT_EXEC                           0         -nan%                0         -nan%
DFE_CONF_3_RECOVER_AT_EXEC                           0         -nan%                0         -nan%
DFE_CONF_0_CORRECT                                   0         -nan%                0         -nan%
DFE_CONF_1_CORRECT                                   0         -nan%                0         -nan%
DFE_CONF_2_CORRECT                                   0         -nan%                0         -nan%
DFE_CONF_3_CORRECT                                   0         -nan%                0         -nan%
                                                     0         -nan%                0         -nan%
                                                  -nan         -nan              -nan         -nan

DFE_ON_CONF_ON_OPS                                   0         -nan%                0         -nan%
DFE_ON_CONF_OFF_OPS                                  0         -nan%                0         -nan%
DFE_OFF_CONF_ON_OPS                                  0         -nan%                0         -nan%
DFE_OFF_CONF_OFF_REALISTIC_OPS                       0         -nan%                0         -nan%
DFE_OFF_CONF_OFF_PERFECT_OPS                         0         -nan%                0         -nan%
                                                     0         -nan%                0         -nan%
                                                  -nan         -nan              -nan         -nan

DFE_ON_CONF_ON_FETCH_TARGETS                         0         -nan%                0         -nan%
DFE_ON_CONF_OFF_FETCH_TARGETS                        0         -nan%                0         -nan%
DFE_OFF_CONF_ON_FETCH_TARGETS                        0         -nan%                0         -nan%
DFE_OFF_CONF_OFF_REALISTIC_FETCH_TARGETS             0         -nan%                0         -nan%
DFE_OFF_CONF_OFF_PERFECT_FETCH_TARGETS               0         -nan%                0         -nan%
                                                     0         -nan%                0         -nan%
                                                  -nan         -nan              -nan         -nan

DFE_ON_CONF_ON_CYCLES                                0         -nan%                0         -nan%
DFE_ON_CONF_OFF_CYCLES                               0         -nan%                0         -nan%
DFE_OFF_CONF_ON_CYCLES                               0         -nan%                0         -nan%
DFE_OFF_CONF_OFF_REALISTIC_CYCLES                    0         -nan%                0         -nan%
DFE_OFF_CONF_OFF_PERFECT_CYCLES                      0         -nan%                0         -nan%
                                                     0         -nan%                0         -nan%
                                                  -nan         -nan              -nan         -nan

DFE_OFF_CONF_ON_NUM_EVENTS                           0                              0              

DFE_OFF_CONF_ON_NOT_IDENTIFIED_EVENTS                0         -nan%                0         -nan%
DFE_OFF_CONF_ON_IBTB_MISS_EVENTS                     0         -nan%                0         -nan%
DFE_OFF_CONF_ON_BTB_MISS_EVENTS                      0         -nan%                0         -nan%
DFE_OFF_CONF_ON_BTB_MISS_RECOVER_AT_EXEC_EVENTS             0         -nan%                0         -nan%
DFE_OFF_CONF_ON_RECOVER_AT_EXEC_EVENTS               0         -nan%                0         -nan%
DFE_OFF_CONF_ON_RECOVER_AT_DECODE_EVENTS             0         -nan%                0         -nan%
                                                     0         -nan%                0         -nan%
                                                  -nan         -nan              -nan         -nan

DFE_OFF_CONF_ON_LATE_BTB_HIT_EVENTS                  0                              0              

DFE_OFF_CONF_ON_NOT_IDENTIFIED_CYCLES                0         -nan%                0         -nan%
DFE_OFF_CONF_ON_IBTB_MISS_CYCLES                     0         -nan%                0         -nan%
DFE_OFF_CONF_ON_BTB_MISS_CYCLES                      0         -nan%                0         -nan%
DFE_OFF_CONF_ON_BTB_MISS_RECOVER_AT_EXEC_CYCLES             0         -nan%                0         -nan%
DFE_OFF_CONF_ON_RECOVER_AT_EXEC_CYCLES               0         -nan%                0         -nan%
DFE_OFF_CONF_ON_RECOVER_AT_DECODE_CYCLES             0         -nan%                0         -nan%
                                                     0         -nan%                0         -nan%
                                                  -nan         -nan              -nan         -nan

DFE_OFF_CONF_ON_LATE_BTB_HIT_CYCLES                  0                              0              

DFE_OFF_CONF_ON_NOT_IDENTIFIED_FETCH_TARGETS             0         -nan%                0         -nan%
DFE_OFF_CONF_ON_IBTB_MISS_FETCH_TARGETS              0         -nan%                0         -nan%
DFE_OFF_CONF_ON_BTB_MISS_FETCH_TARGETS               0         -nan%                0         -nan%
DFE_OFF_CONF_ON_BTB_MISS_RECOVER_AT_EXEC_FETCH_TARGETS             0         -nan%                0         -nan%
DFE_OFF_CONF_ON_RECOVER_AT_EXEC_FETCH_TARGETS             0         -nan%                0         -nan%
DFE_OFF_CONF_ON_RECOVER_AT_DECODE_FETCH_TARGETS             0         -nan%                0         -nan%
                                                     0         -nan%                0         -nan%
                                                  -nan         -nan              -nan         -nan

DFE_OFF_CONF_ON_LATE_BTB_HIT_FETCH_TARGETS             0                              0              

DFE_OFF_CONF_ON_BP_INCORRECT_0_CONF                  0         -nan%                0         -nan%
DFE_OFF_CONF_ON_BP_INCORRECT_1_CONF                  0         -nan%                0         -nan%
DFE_OFF_CONF_ON_BP_INCORRECT_2_CONF                  0         -nan%                0         -nan%
DFE_OFF_CONF_ON_BP_INCORRECT_3_CONF                  0         -nan%                0         -nan%
                                                     0         -nan%                0         -nan%
                                                  -nan         -nan              -nan         -nan

DFE_OFF_CONF_ON_BTB_MISS_CBR_0_CONF                  0         -nan%                0         -nan%
DFE_OFF_CONF_ON_BTB_MISS_CBR_1_CONF                  0         -nan%                0         -nan%
DFE_OFF_CONF_ON_BTB_MISS_CBR_2_CONF                  0         -nan%                0         -nan%
DFE_OFF_CONF_ON_BTB_MISS_CBR_3_CONF                  0         -nan%                0         -nan%
                                                     0         -nan%                0         -nan%
                                                  -nan         -nan              -nan         -nan

DFE_OFF_CONF_ON_BTB_MISS_NOT_CF                      0         -nan%                0         -nan%
DFE_OFF_CONF_ON_BTB_MISS_CF_BR                       0         -nan%                0         -nan%
DFE_OFF_CONF_ON_BTB_MISS_CF_CBR                      0         -nan%                0         -nan%
DFE_OFF_CONF_ON_BTB_MISS_CF_CALL                     0         -nan%                0         -nan%
DFE_OFF_CONF_ON_BTB_MISS_CF_IBR                      0         -nan%                0         -nan%
DFE_OFF_CONF_ON_BTB_MISS_CF_ICALL                    0         -nan%                0         -nan%
DFE_OFF_CONF_ON_BTB_MISS_CF_ICO                      0         -nan%                0         -nan%
DFE_OFF_CONF_ON_BTB_MISS_CF_RET                      0         -nan%                0         -nan%
DFE_OFF_CONF_ON_BTB_MISS_CF_SYS                      0         -nan%                0         -nan%
                                                     0         -nan%                0         -nan%
                                                  -nan         -nan              -nan         -nan

DFE_ON_CONF_OFF_NUM_EVENTS                           0                              0              

CONF_BTB_NUM_CYCLES_OFF_PATH_EVENT                   0                              0              

DFE_ON_CONF_OFF_IBTB_MISS_BP_TAKEN                   0         -nan%                0         -nan%
DFE_ON_CONF_OFF_BTB_MISS_BP_TAKEN_CONF_0             0         -nan%                0         -nan%
DFE_ON_CONF_OFF_BTB_MISS_BP_TAKEN_CONF_1             0         -nan%                0         -nan%
DFE_ON_CONF_OFF_BTB_MISS_BP_TAKEN_CONF_2             0         -nan%                0         -nan%
DFE_ON_CONF_OFF_BTB_MISS_BP_TAKEN_CONF_3             0         -nan%                0         -nan%
DFE_ON_CONF_OFF_BTB_MISS_RATE                        0         -nan%                0         -nan%
DFE_ON_CONF_OFF_IBTB_MISS_RATE                       0         -nan%                0         -nan%
DFE_ON_CONF_OFF_RECOVER_AT_DECODE_RATE               0         -nan%                0         -nan%
DFE_ON_CONF_OFF_RECOVER_AT_EXEC_RATE                 0         -nan%                0         -nan%
DFE_ON_CONF_OFF_INV_CONF_INC                         0         -nan%                0         -nan%
DFE_ON_CONF_OFF_PERFECT_CONF                         0         -nan%                0         -nan%
                                                     0         -nan%                0         -nan%
                                                  -nan         -nan              -nan         -nan

DFE_ON_CONF_OFF_IBTB_MISS_BP_TAKEN_CYCLES             0         -nan%                0         -nan%
DFE_ON_CONF_OFF_BTB_MISS_BP_TAKEN_CONF_0_CYCLES             0         -nan%                0         -nan%
DFE_ON_CONF_OFF_BTB_MISS_BP_TAKEN_CONF_1_CYCLES             0         -nan%                0         -nan%
DFE_ON_CONF_OFF_BTB_MISS_BP_TAKEN_CONF_2_CYCLES             0         -nan%                0         -nan%
DFE_ON_CONF_OFF_BTB_MISS_BP_TAKEN_CONF_3_CYCLES             0         -nan%                0         -nan%
DFE_ON_CONF_OFF_BTB_MISS_RATE_CYCLES                 0         -nan%                0         -nan%
DFE_ON_CONF_OFF_IBTB_MISS_RATE_CYCLES                0         -nan%                0         -nan%
DFE_ON_CONF_OFF_RECOVER_AT_DECODE_RATE_CYCLES             0         -nan%                0         -nan%
DFE_ON_CONF_OFF_RECOVER_AT_EXEC_RATE_CYCLES             0         -nan%                0         -nan%
DFE_ON_CONF_OFF_INV_CONF_INC_CYCLES                  0         -nan%                0         -nan%
DFE_ON_CONF_OFF_PERFECT_CONF_CYCLES                  0         -nan%                0         -nan%
                                                     0         -nan%                0         -nan%
                                                  -nan         -nan              -nan         -nan

DFE_ON_CONF_OFF_IBTB_MISS_BP_TAKEN_FETCH_TARGETS             0         -nan%                0         -nan%
DFE_ON_CONF_OFF_BTB_MISS_BP_TAKEN_CONF_0_FETCH_TARGETS             0         -nan%                0         -nan%
DFE_ON_CONF_OFF_BTB_MISS_BP_TAKEN_CONF_1_FETCH_TARGETS             0         -nan%                0         -nan%
DFE_ON_CONF_OFF_BTB_MISS_BP_TAKEN_CONF_2_FETCH_TARGETS             0         -nan%                0         -nan%
DFE_ON_CONF_OFF_BTB_MISS_BP_TAKEN_CONF_3_FETCH_TARGETS             0         -nan%                0         -nan%
DFE_ON_CONF_OFF_BTB_MISS_RATE_FETCH_TARGETS             0         -nan%                0         -nan%
DFE_ON_CONF_OFF_IBTB_MISS_RATE_FETCH_TARGETS             0         -nan%                0         -nan%
DFE_ON_CONF_OFF_RECOVER_AT_DECODE_RATE_FETCH_TARGETS             0         -nan%                0         -nan%
DFE_ON_CONF_OFF_RECOVER_AT_EXEC_RATE_FETCH_TARGETS             0         -nan%                0         -nan%
DFE_ON_CONF_OFF_INV_CONF_INC_FETCH_TARGETS             0         -nan%                0         -nan%
DFE_ON_CONF_OFF_PERFECT_CONF_FETCH_TARGETS             0         -nan%                0         -nan%
                                                     0         -nan%                0         -nan%
                                                  -nan         -nan              -nan         -nan

CONF_OFF_IBTB_MISS_BP_TAKEN                          0         -nan%                0         -nan%
CONF_OFF_BTB_MISS_BP_TAKEN_CONF_0                    0         -nan%                0         -nan%
CONF_OFF_BTB_MISS_BP_TAKEN_CONF_1                    0         -nan%                0         -nan%
CONF_OFF_BTB_MISS_BP_TAKEN_CONF_2                    0         -nan%                0         -nan%
CONF_OFF_BTB_MISS_BP_TAKEN_CONF_3                    0         -nan%                0         -nan%
CONF_OFF_BTB_MISS_RATE                               0         -nan%                0         -nan%
CONF_OFF_IBTB_MISS_RATE                              0         -nan%                0         -nan%
CONF_OFF_RECOVER_AT_DECODE_RATE                      0         -nan%                0         -nan%
CONF_OFF_RECOVER_AT_EXEC_RATE                        0         -nan%                0         -nan%
CONF_OFF_INV_CONF_INC                                0         -nan%                0         -nan%
CONF_OFF_PERFECT_CONF                                0         -nan%                0         -nan%
                                                     0         -nan%                0         -nan%
                                                  -nan         -nan              -nan         -nan

TOPDOWN_TOTAL_SLOTS                           23567802                       73223112              

TOPDOWN_ISSUED_SLOTS                          15289286                       46327406              

TOPDOWN_RETIRED_SLOTS                         13453584                       40289112              

TOPDOWN_FETCH_BUBBLES_SLOTS                    3912068                       13140558              

TOPDOWN_RECOVERY_BUBBLES_SLOTS                 4003464                       11994599              

TOPDOWN_MEM_LOAD_STALLS_CYCLES                   33296                         203549              

TOPDOWN_MEM_STORE_STALLS_CYCLES                     76                            364              

TOPDOWN_EXEC_STALLS_CYCLES                      264431                         963927              

TOPDOWN_BACKEND_STALLS_CYCLES                    34685                         206671              

TOPDOWN_FETCH_BUBBLES_GT_MIW_CYCLES             483047                        1679675              

TOPDOWN_BR_RECOVER_AT_EXEC_RETIRED_CYCLES         15004                          50314              

TOPDOWN_MACHINE_CLEAR_CYCLES                    905583                        2669119              

TOPDOWN_FRONTEND_BOUND                            1659                           1659              

TOPDOWN_BACKEND_BOUND                              156                            156              

TOPDOWN_BAD_SPEC_BOUND                            2477                           2477              

TOPDOWN_RETIRING_BOUND                            5708                           5708              

TOPDOWN_FETCH_LATENCY_BOUND                       1229                           1229              

TOPDOWN_FETCH_BANDWIDTH_BOUND                      430                            430              

TOPDOWN_MEM_BOUND                                  150                            150              

TOPDOWN_CORE_BOUND                                   6                              6              

TOPDOWN_BR_RECOVER_AT_EXEC_BOUND                    40                             40              

TOPDOWN_MACHINE_CLEARS_BOUND                      2437                           2437              

H2P_SEEN_MAIN                                        0                           6595              



