/* -*- Mode: c -*- */
####################################################################################################
Core 0
####################################################################################################
Cumulative:        Cycles: 17863020              Instructions: 30000000              IPC: 1.67945

Periodic:          Cycles: 6184040               Instructions: 9999994               IPC: 1.61706

DCACHE_PREF_HIT                                      0                              0              

IFETCH_WB_FIRST_SCHEDULE                             0         -nan%                0         -nan%
PREFETCH_LAST_SCHEDULE                               0         -nan%                0         -nan%
DEMAND_PASS_PREF_SCHEDULE                            0         -nan%                0         -nan%
DEMAND_PASS_LOW_OP_SCHEDULE                          0         -nan%                0         -nan%
DEMAND_LAST_SCHEDULE                                 0         -nan%                0         -nan%
                                                     0         -nan%                0         -nan%
                                                  -nan         -nan              -nan         -nan

SEND_MISS_REQ_QUEUE                              14328                          51502              

L1_DATA_EVICT                                    13666                          19029              

STREAM_BUFFER_REQ                                    0                              0              

PREF_SEND_TO_MEM_REQ                                 0         -nan%                0         -nan%
PREF_SEND_TO_MEM_REQ_FAIL                            0         -nan%                0         -nan%
                                                     0         -nan%                0         -nan%
                                                  -nan         -nan              -nan         -nan

HIT_TRAIN_STREAM                                  2018       25.279%             9850       33.605%
MISS_TRAIN_STREAM                                 5965       74.721%            19461       66.395%
                                                  7983      100.000%            29311      100.000%
                                                  0.75         0.68              0.66         0.61

STREAM_TRAIN_CREATE                               3269                          11075              

MEM_REQ_MISS_HWP_PREF_Q                              0         -nan%                0         -nan%
MEM_REQ_MISS_SW_PREF_Q                               0         -nan%                0         -nan%
MEM_REQ_MISS_IFETCH_Q                                0         -nan%                0         -nan%
MEM_REQ_MISS_DFETCH_Q                                0         -nan%                0         -nan%
MEM_REQ_MISS_DSTORE_Q                                0         -nan%                0         -nan%
MEM_REQ_MISS_DPRF_Q                                  0         -nan%                0         -nan%
MEM_REQ_MISS_WB_Q                                    0         -nan%                0         -nan%
                                                     0         -nan%                0         -nan%
                                                  -nan         -nan              -nan         -nan

PREF_HIT_BY_DEMAND_IFETCH                            0         -nan%                0         -nan%
PREF_HIT_BY_DEMAND_DFETCH                            0         -nan%                0         -nan%
PREF_HIT_BY_DEMAND_DSTORE                            0         -nan%                0         -nan%
PREF_HIT_BY_DEMAND_IPREF                             0         -nan%                0         -nan%
PREF_HIT_BY_DEMAND_DPRF                              0         -nan%                0         -nan%
PREF_HIT_BY_DEMAND_WB                                0         -nan%                0         -nan%
PREF_HIT_BY_PREF                                     0         -nan%                0         -nan%
                                                     0         -nan%                0         -nan%
                                                  -nan         -nan              -nan         -nan

PREF_HIT_DEMAND_IFETCH                               0         -nan%                0         -nan%
PREF_HIT_DEMAND_DFETCH                               0         -nan%                0         -nan%
PREF_HIT_DEMAND_DSTORE                               0         -nan%                0         -nan%
PREF_HIT_DEMAND_IPREF                                0         -nan%                0         -nan%
PREF_HIT_DEMAND_DPRF                                 0         -nan%                0         -nan%
PREF_HIT_DEMAND_WB                                   0         -nan%                0         -nan%
                                                     0         -nan%                0         -nan%
                                                  -nan         -nan              -nan         -nan

PREF_L1_FILL                                         0         -nan%                0         -nan%
DEMAND_L1_FILL                                       0         -nan%                0         -nan%
                                                     0         -nan%                0         -nan%
                                                  -nan         -nan              -nan         -nan

TOUCH_L1_REPLACE                                     0        0.000%                0        0.000%
NO_TOUCH_L1_REPLACE                              13666      100.000%            19029      100.000%
                                                 13666      100.000%            19029      100.000%
                                                  1.00         1.00              1.00         1.00

PREF_REQ_QUE_FULL                                    0                              0              

STREAM_REQ_QUEUE_HIT_BY_DEMAND                       0                              0              

L2HIT_STREAM_PREF_REQ_QUE_FULL                       0                              0              

L2HIT_HIT_TRAIN_STREAM                               0         -nan%                0         -nan%
L2HIT_MISS_TRAIN_STREAM                              0         -nan%                0         -nan%
                                                     0         -nan%                0         -nan%
                                                  -nan         -nan              -nan         -nan

L2HIT_STREAM_TRAIN_CREATE                            0                              0              

L2HIT_STREAM_BUFFER_REQ                              0                              0              

L2HIT_STREAM_PREF_DCACHE_HIT                         0         -nan%                0         -nan%
L2HIT_STREAM_PREF_DCACHE_INSERT                      0         -nan%                0         -nan%
L2HIT_STREAM_L2_MISS                                 0         -nan%                0         -nan%
                                                     0         -nan%                0         -nan%
                                                  -nan         -nan              -nan         -nan

L2HIT_STREAM_DCACHE_PORT_FULL                        0                              0              

L2HIT_STREAM_PREF_L1_PORT_FULL                       0                              0              

L2HIT_TRAIN_HIT_DEMAND                               0         -nan%                0         -nan%
L2HIT_TRAIN_MISS_REQ                                 0         -nan%                0         -nan%
                                                     0         -nan%                0         -nan%
                                                  -nan         -nan              -nan         -nan

L2HIT_TRAIN_FILTER_MISS                              0         -nan%                0         -nan%
L2HIT_TRAIN_FILTER_HIT                               0         -nan%                0         -nan%
                                                     0         -nan%                0         -nan%
                                                  -nan         -nan              -nan         -nan

L2HIT_PREF_REQ_DCACHE_HIT                            0         -nan%                0         -nan%
L2HIT_PREF_REQ_DCACHE_MISS                           0         -nan%                0         -nan%
                                                     0         -nan%                0         -nan%
                                                  -nan         -nan              -nan         -nan

L2HIT_L2SEND_Q_FULL                                  0         -nan%                0         -nan%
L2HIT_L2SEND_Q_ENTER                                 0         -nan%                0         -nan%
                                                     0         -nan%                0         -nan%
                                                  -nan         -nan              -nan         -nan

L2HIT_MEM_REQ                                        0                              0              

REMOVE_REDUNDANT_STREAM_STAT                         0                              0              

REPLACE_OLD_STREAM                                3269                          11059              

REQ_SEND_QUEUE_STALL                                 0                              0              

STREAM_ENTER_RA                                      0                              0              

CORE_STREAM_LENGTH_0                                51       15.596%              241       23.421%
CORE_STREAM_LENGTH_10                              135       41.284%              422       41.011%
CORE_STREAM_LENGTH_20                               66       20.183%              177       17.201%
CORE_STREAM_LENGTH_30                               27        8.257%               61        5.928%
CORE_STREAM_LENGTH_40                               18        5.505%               36        3.499%
CORE_STREAM_LENGTH_50                                9        2.752%               27        2.624%
CORE_STREAM_LENGTH_60                                4        1.223%               12        1.166%
CORE_STREAM_LENGTH_70                                3        0.917%               11        1.069%
CORE_STREAM_LENGTH_80                                4        1.223%                5        0.486%
CORE_STREAM_LENGTH_90                                4        1.223%                7        0.680%
CORE_STREAM_LENGTH_100_P                             6        1.835%               30        2.915%
                                                   327      100.000%             1029      100.000%
                                                  1.95         1.93              1.74         1.98

CORE_CUM_STREAM_LENGTH_0                           402        4.925%             1797        7.056%
CORE_CUM_STREAM_LENGTH_10                         1890       23.153%             5797       22.761%
CORE_CUM_STREAM_LENGTH_20                         1528       18.719%             4138       16.247%
CORE_CUM_STREAM_LENGTH_30                          909       11.136%             2044        8.025%
CORE_CUM_STREAM_LENGTH_40                          791        9.690%             1578        6.196%
CORE_CUM_STREAM_LENGTH_50                          484        5.929%             1453        5.705%
CORE_CUM_STREAM_LENGTH_60                          255        3.124%              778        3.055%
CORE_CUM_STREAM_LENGTH_70                          218        2.671%              805        3.161%
CORE_CUM_STREAM_LENGTH_80                          343        4.202%              430        1.688%
CORE_CUM_STREAM_LENGTH_90                          366        4.484%              649        2.548%
CORE_CUM_STREAM_LENGTH_100_P                       977       11.969%             6000       23.558%
                                                  8163      100.000%            25469      100.000%
                                                  3.93         3.37              4.45         4.10

CORE_STREAM_TRAIN_HITS_0                           244       74.618%              729       70.845%
CORE_STREAM_TRAIN_HITS_10                           57       17.431%              187       18.173%
CORE_STREAM_TRAIN_HITS_20                           14        4.281%               38        3.693%
CORE_STREAM_TRAIN_HITS_30                            4        1.223%               20        1.944%
CORE_STREAM_TRAIN_HITS_40                            1        0.306%               15        1.458%
CORE_STREAM_TRAIN_HITS_50                            1        0.306%                6        0.583%
CORE_STREAM_TRAIN_HITS_60                            0        0.000%                4        0.389%
CORE_STREAM_TRAIN_HITS_70                            1        0.306%                5        0.486%
CORE_STREAM_TRAIN_HITS_80                            5        1.529%                7        0.680%
CORE_STREAM_TRAIN_HITS_90                            0        0.000%                4        0.389%
CORE_STREAM_TRAIN_HITS_100_P                         0        0.000%               14        1.361%
                                                   327      100.000%             1029      100.000%
                                                  0.47         1.15              0.68         1.61

CORE_CUM_STREAM_TRAIN_HITS_0                      1509       45.356%             4471       32.013%
CORE_CUM_STREAM_TRAIN_HITS_10                      718       21.581%             2411       17.263%
CORE_CUM_STREAM_TRAIN_HITS_20                      354       10.640%              922        6.602%
CORE_CUM_STREAM_TRAIN_HITS_30                      132        3.968%              678        4.855%
CORE_CUM_STREAM_TRAIN_HITS_40                       43        1.292%              655        4.690%
CORE_CUM_STREAM_TRAIN_HITS_50                       54        1.623%              327        2.341%
CORE_CUM_STREAM_TRAIN_HITS_60                        0        0.000%              259        1.855%
CORE_CUM_STREAM_TRAIN_HITS_70                       78        2.344%              383        2.742%
CORE_CUM_STREAM_TRAIN_HITS_80                      439       13.195%              607        4.346%
CORE_CUM_STREAM_TRAIN_HITS_90                        0        0.000%              380        2.721%
CORE_CUM_STREAM_TRAIN_HITS_100_P                     0        0.000%             2873       20.571%
                                                  3327      100.000%            13966      100.000%
                                                  1.90         2.44              3.71         3.80

CORE_STREAM_TRAIN_CREATE                          3269                          11075              



