/* -*- Mode: c -*- */
####################################################################################################
Core 0
####################################################################################################
Cumulative:        Cycles: 66382687              Instructions: 29999995              IPC: 0.45192

Periodic:          Cycles: 66382687              Instructions: 29999995              IPC: 0.45192

EXECUTION_TIME                           20744589687500                  20744589687500              

SIM_HOST_WALL_SECONDS                       589.311044                     589.311044              

NODE_CYCLE                                    66382687                       66382687              

NODE_INST_COUNT                               30000383                       30000383              

NODE_INST_COUNT_FETCHED                       29999995                       29999995              

NODE_UOP_COUNT                                31766587                       31766587              

EXEC_STAGE_NO_ISSUE_STALL_CYCLE               10731881                       10731881              

EXEC_STAGE_NO_ISSUE_STALL_CYCLE_ONPATH        10683754                       10683754              

FULL_WINDOW_STALL                                 2985        0.004%             2985        0.004%

FULL_WINDOW_MEM_OP                                2582       90.980%             2582       90.980%
FULL_WINDOW_FP_OP                                    0        0.000%                0        0.000%
FULL_WINDOW_OTHER_OP                               256        9.020%              256        9.020%
                                                  2838      100.000%             2838      100.000%
                                                  0.18         0.55              0.18         0.55

RET_BLOCKED_DC_MISS                            5699111        8.585%          5699111        8.585%

RET_BLOCKED_L1_MISS                            5363940        8.080%          5363940        8.080%

RET_BLOCKED_L1_MISS_BW_PREF                      18200        0.027%            18200        0.027%

RET_BLOCKED_L1_ACCESS                           472218        0.711%           472218        0.711%

RET_BLOCKED_MEM_STALL                         49205722       74.124%         49205722       74.124%

RET_BLOCKED_OFFCHIP_DEMAND                           0        0.000%                0        0.000%

OP_ISSUED                                     31912394                       31912394              

OP_RETIRED                                    31766587                       31766587              

OP_MACRO_FUSION_ONPATH                         5432764                        5432764              

OP_MACRO_FUSION_OFFPATH                          28716                          28716              

REPLAY_SIGNALED                                      0                              0              

REPLAY_COUNTED                                       0                              0              

OFF_CRITICAL_PATH                                    0         -nan%                0         -nan%
ON_CRITICAL_PATH                                     0         -nan%                0         -nan%
                                                     0         -nan%                0         -nan%
                                                  -nan         -nan              -nan         -nan

LD_NO_DEPENDENTS                                241061       10.548%           241061       10.548%
LD_DEPENDENTS                                  2044294       89.452%          2044294       89.452%
                                               2285355      100.000%          2285355      100.000%
                                                  0.89         0.85              0.89         0.85

LD_EXEC_CYCLES_0                                     0        0.000%                0        0.000%
LD_EXEC_CYCLES_1                                348344       81.887%           348344       81.887%
LD_EXEC_CYCLES_2                                 21691        5.099%            21691        5.099%
LD_EXEC_CYCLES_3                                 23178        5.449%            23178        5.449%
LD_EXEC_CYCLES_4                                 32181        7.565%            32181        7.565%
                                                425394      100.000%           425394      100.000%
                                                  1.39         0.97              1.39         0.97

LD_EXEC_MINUS_FETCH_LATENCY                  532484430                      532484430              

LD_RETIRE_MINUS_FETCH_LATENCY                668621363                      668621363              

ICACHE_STAGE_STARVED                             77692        0.117%            77692        0.117%
ICACHE_STAGE_NOT_STARVED                      66118249       99.883%         66118249       99.883%
                                              66195941      100.000%         66195941      100.000%
                                                  1.00         1.00              1.00         1.00

ICACHE_STAGE_STALLED                          61512534       92.664%         61512534       92.664%
ICACHE_STAGE_NOT_STALLED                       4683407        7.055%          4683407        7.055%
ICACHE_STAGE_OFF_PATH                           186746        0.281%           186746        0.281%
                                              66382687      100.000%         66382687      100.000%
                                                  0.08         0.27              0.08         0.27

DECODE_STAGE_STARVED                          66186952       99.867%         66186952       99.867%
DECODE_STAGE_NOT_STARVED                         88146        0.133%            88146        0.133%
                                              66275098      100.000%         66275098      100.000%
                                                  0.00         0.04              0.00         0.04

DECODE_STAGE_STALLED                           7581236       11.421%          7581236       11.421%
DECODE_STAGE_NOT_STALLED                      58693862       88.417%         58693862       88.417%
DECODE_STAGE_OFF_PATH                           107589        0.162%           107589        0.162%
                                              66382687      100.000%         66382687      100.000%
                                                  0.89         0.12              0.89         0.12

UOPQ_STAGE_STARVED                              200226        4.264%           200226        4.264%
UOPQ_STAGE_NOT_STARVED                         4495965       95.736%          4495965       95.736%
                                               4696191      100.000%          4696191      100.000%
                                                  0.96         0.94              0.96         0.94

UOPQ_STAGE_STALLED                            61542633       92.709%         61542633       92.709%
UOPQ_STAGE_NOT_STALLED                         4696191        7.074%          4696191        7.074%
UOPQ_STAGE_OFF_PATH                             143863        0.217%           143863        0.217%
                                              66382687      100.000%         66382687      100.000%
                                                  0.08         0.26              0.08         0.26

RS_OP_READY_NOT_ISSUED_TOTAL                 976872198                      976872198              

RS_0_OP_READY_NOT_ISSUED                       8109106                        8109106              

RS_1_OP_READY_NOT_ISSUED                        286028                         286028              

RS_2_OP_READY_NOT_ISSUED                     968477064                      968477064              

RS_3_OP_READY_NOT_ISSUED                             0                              0              

RS_4_OP_READY_NOT_ISSUED                             0                              0              

RS_5_OP_READY_NOT_ISSUED                             0                              0              

RS_6_OP_READY_NOT_ISSUED                             0                              0              

RS_7_OP_READY_NOT_ISSUED                             0                              0              

RS_7_PLUS_OP_READY_NOT_ISSUED                        0                              0              

FU_IDLE_NO_READY_OPS_TOTAL                   494243914                      494243914              

FU_0_IDLE_NO_READY_OPS                        56431173                       56431173              

FU_1_IDLE_NO_READY_OPS                        58113798                       58113798              

FU_2_IDLE_NO_READY_OPS                        64631488                       64631488              

FU_3_IDLE_NO_READY_OPS                        64629334                       64629334              

FU_4_IDLE_NO_READY_OPS                        58272451                       58272451              

FU_5_IDLE_NO_READY_OPS                        56151971                       56151971              

FU_6_IDLE_NO_READY_OPS                         6630284                        6630284              

FU_7_IDLE_NO_READY_OPS                         6631380                        6631380              

FU_8_IDLE_NO_READY_OPS                        58121532                       58121532              

FU_9_IDLE_NO_READY_OPS                        64630503                       64630503              

FU_10_IDLE_NO_READY_OPS                              0                              0              

FU_11_IDLE_NO_READY_OPS                              0                              0              

FU_12_IDLE_NO_READY_OPS                              0                              0              

FU_13_IDLE_NO_READY_OPS                              0                              0              

FU_14_IDLE_NO_READY_OPS                              0                              0              

FU_15_IDLE_NO_READY_OPS                              0                              0              

FU_16_IDLE_NO_READY_OPS                              0                              0              

FU_17_IDLE_NO_READY_OPS                              0                              0              

FU_18_IDLE_NO_READY_OPS                              0                              0              

FU_19_IDLE_NO_READY_OPS                              0                              0              

FU_20_IDLE_NO_READY_OPS                              0                              0              

FU_21_IDLE_NO_READY_OPS                              0                              0              

FU_22_IDLE_NO_READY_OPS                              0                              0              

FU_23_IDLE_NO_READY_OPS                              0                              0              

FU_24_IDLE_NO_READY_OPS                              0                              0              

FU_25_IDLE_NO_READY_OPS                              0                              0              

FU_26_IDLE_NO_READY_OPS                              0                              0              

FU_27_IDLE_NO_READY_OPS                              0                              0              

FU_28_IDLE_NO_READY_OPS                              0                              0              

FU_29_IDLE_NO_READY_OPS                              0                              0              

FU_30_IDLE_NO_READY_OPS                              0                              0              

FU_31_IDLE_NO_READY_OPS                              0                              0              

FU_31_PLUS_IDLE_NO_READY_OPS                         0                              0              

MAP_STAGE_STARVED                                76660        0.116%            76660        0.116%
MAP_STAGE_NOT_STARVED                         65920874       99.884%         65920874       99.884%
                                              65997534      100.000%         65997534      100.000%
                                                  1.00         1.00              1.00         1.00

MAP_STAGE_STALLED                             60619734       91.754%         60619734       91.754%
MAP_STAGE_NOT_STALLED                          5377800        8.140%          5377800        8.140%
MAP_STAGE_OFF_PATH                               70476        0.107%            70476        0.107%
                                              66068010      100.000%         66068010      100.000%
                                                  0.08         0.27              0.08         0.27

MAP_STAGE_STALL_ITSELF                          314677        0.474%           314677        0.474%
MAP_STAGE_NOT_STALL_ITSELF                    66068010       99.526%         66068010       99.526%
                                              66382687      100.000%         66382687      100.000%
                                                  1.00         0.99              1.00         0.99

MAP_STAGE_LATE_ALLOCATE_SEND_BACK                    0                              0              

MAP_STAGE_RENAME_OP_ONPATH                    31766587                       31766587              

MAP_STAGE_RENAME_OP_OFFPATH                     296619                         296619              

MAP_STAGE_RENAME_INT_REG_ONPATH               22199593                       22199593              

MAP_STAGE_RENAME_INT_REG_OFFPATH                203077                         203077              

MAP_STAGE_RENAME_VEC_REG_ONPATH                 197534                         197534              

MAP_STAGE_RENAME_VEC_REG_OFFPATH                  8153                           8153              

MAP_STAGE_RENAME_MOVE_ELIM_ONPATH                    0                              0              

MAP_STAGE_RENAME_MOVE_ELIM_OFFPATH                   0                              0              

MAP_STAGE_ONPATH_INT_REG_NUM_ALLOC            22199574                       22199574              

MAP_STAGE_ONPATH_VEC_REG_NUM_ALLOC             1145506                        1145506              

MAP_STAGE_ONPATH_INT_REG_NUM_SHORTLIVE         8180287                        8180287              

MAP_STAGE_ONPATH_VEC_REG_NUM_SHORTLIVE           61263                          61263              

MAP_STAGE_ONPATH_INT_REG_USE_COUNT_0           5886262                        5886262              

MAP_STAGE_ONPATH_VEC_REG_USE_COUNT_0           1015808                        1015808              

MAP_STAGE_ONPATH_INT_REG_USE_COUNT_1           9602687                        9602687              

MAP_STAGE_ONPATH_VEC_REG_USE_COUNT_1            120546                         120546              

MAP_STAGE_ONPATH_INT_REG_USE_COUNT_2           2009661                        2009661              

MAP_STAGE_ONPATH_VEC_REG_USE_COUNT_2               725                            725              

MAP_STAGE_ONPATH_INT_REG_USE_COUNT_3            368556                         368556              

MAP_STAGE_ONPATH_VEC_REG_USE_COUNT_3                 0                              0              

MAP_STAGE_ONPATH_INT_REG_USE_COUNT_4           3776060                        3776060              

MAP_STAGE_ONPATH_VEC_REG_USE_COUNT_4              8423                           8423              

MAP_STAGE_ONPATH_INT_REG_USE_COUNT_5            169313                         169313              

MAP_STAGE_ONPATH_VEC_REG_USE_COUNT_5                 1                              1              

MAP_STAGE_ONPATH_INT_REG_USE_COUNT_6             67956                          67956              

MAP_STAGE_ONPATH_VEC_REG_USE_COUNT_6                 0                              0              

MAP_STAGE_ONPATH_INT_REG_USE_COUNT_7_PLUS        319079                         319079              

MAP_STAGE_ONPATH_VEC_REG_USE_COUNT_7_PLUS             3                              3              

MAP_STAGE_ONPATH_INT_REG_CONSUME_DIST_0              0        0.0000                0        0.0000

MAP_STAGE_ONPATH_VEC_REG_CONSUME_DIST_0              0        0.0000                0        0.0000

MAP_STAGE_ONPATH_INT_REG_CONSUME_DIST_1              0        0.0000                0        0.0000

MAP_STAGE_ONPATH_VEC_REG_CONSUME_DIST_1              0        0.0000                0        0.0000

MAP_STAGE_ONPATH_INT_REG_CONSUME_DIST_2        5308295        2.6414          5308295        2.6414

MAP_STAGE_ONPATH_VEC_REG_CONSUME_DIST_2         169467      233.7476           169467      233.7476

MAP_STAGE_ONPATH_INT_REG_CONSUME_DIST_3       19952114       54.1359         19952114       54.1359

MAP_STAGE_ONPATH_VEC_REG_CONSUME_DIST_3              0          -nan                0          -nan

MAP_STAGE_ONPATH_INT_REG_CONSUME_DIST_4      641960963      170.0081        641960963      170.0081

MAP_STAGE_ONPATH_VEC_REG_CONSUME_DIST_4           8878        1.0540             8878        1.0540

MAP_STAGE_ONPATH_INT_REG_CONSUME_DIST_5       76660759      452.7754         76660759      452.7754

MAP_STAGE_ONPATH_VEC_REG_CONSUME_DIST_5              2        2.0000                2        2.0000

MAP_STAGE_ONPATH_INT_REG_CONSUME_DIST_6         435827        6.4134           435827        6.4134

MAP_STAGE_ONPATH_VEC_REG_CONSUME_DIST_6              0          -nan                0          -nan

MAP_STAGE_ONPATH_INT_REG_CONSUME_DIST_7_PLUS     138649573      434.5305        138649573      434.5305

MAP_STAGE_ONPATH_VEC_REG_CONSUME_DIST_7_PLUS           245       81.6667              245       81.6667

MAP_STAGE_INT_REG_ISSUE_READ_TOTAL_CONSUMED      45107604        4.2031         45107604        4.2031

MAP_STAGE_VEC_REG_ISSUE_READ_TOTAL_CONSUMED       7511706        0.6999          7511706        0.6999

MAP_STAGE_INT_REG_ISSUE_READ_MULTI_CONSUMED      28744256        2.6784         28744256        2.6784

MAP_STAGE_VEC_REG_ISSUE_READ_MULTI_CONSUMED       7379949        0.6877          7379949        0.6877

MAP_STAGE_INT_REG_ISSUE_READ_SAME_CYCLE_CONSUMED       6500166        0.6057          6500166        0.6057

MAP_STAGE_VEC_REG_ISSUE_READ_SAME_CYCLE_CONSUMED       2714590        0.2529          2714590        0.2529

MAP_STAGE_INT_REG_ISSUE_READ_TOTAL_CONSUMED_ONPATH      45006716        4.2126         45006716        4.2126

MAP_STAGE_VEC_REG_ISSUE_READ_TOTAL_CONSUMED_ONPATH       7508785        0.7028          7508785        0.7028

MAP_STAGE_INT_REG_ISSUE_READ_MULTI_CONSUMED_ONPATH      28693379        2.6857         28693379        2.6857

MAP_STAGE_VEC_REG_ISSUE_READ_MULTI_CONSUMED_ONPATH       7379077        0.6907          7379077        0.6907

MAP_STAGE_INT_REG_ISSUE_READ_SAME_CYCLE_CONSUMED_ONPATH       6475428        0.6061          6475428        0.6061

MAP_STAGE_VEC_REG_ISSUE_READ_SAME_CYCLE_CONSUMED_ONPATH       2714321        0.2541          2714321        0.2541

MAP_STAGE_ONPATH_INT_REG_LIFECYCLE_EMPTY    5352729734                     5352729734              

MAP_STAGE_ONPATH_VEC_REG_LIFECYCLE_EMPTY     329068686                      329068686              

MAP_STAGE_ONPATH_INT_REG_LIFECYCLE_IN_USE    7111912931                     7111912931              

MAP_STAGE_ONPATH_VEC_REG_LIFECYCLE_IN_USE     334290853                      334290853              

MAP_STAGE_ONPATH_INT_REG_LIFECYCLE_SPEC_RELEASE    8478949338                     8478949338              

MAP_STAGE_ONPATH_VEC_REG_LIFECYCLE_SPEC_RELEASE     341198307                      341198307              

MAP_STAGE_ONPATH_INT_REG_LIFECYCLE_NONSPEC_RELEASE    8478949338                     8478949338              

MAP_STAGE_ONPATH_VEC_REG_LIFECYCLE_NONSPEC_RELEASE     341198307                      341198307              

MAP_STAGE_ONPATH_INT_REG_LIFECYCLE_TOTAL    8478949338                     8478949338              

MAP_STAGE_ONPATH_VEC_REG_LIFECYCLE_TOTAL     341198307                      341198307              

MAP_STAGE_ONPATH_INT_REG_NUM_NONBRANCH        22199574                       22199574              

MAP_STAGE_ONPATH_VEC_REG_NUM_NONBRANCH         1145506                        1145506              

MAP_STAGE_ONPATH_INT_REG_NUM_NONEXCEPT        22199574                       22199574              

MAP_STAGE_ONPATH_VEC_REG_NUM_NONEXCEPT         1145506                        1145506              

MAP_STAGE_ONPATH_INT_REG_NUM_ATOMIC           22199574                       22199574              

MAP_STAGE_ONPATH_VEC_REG_NUM_ATOMIC            1145506                        1145506              

MAP_STAGE_ONPATH_INT_REG_ATOMIC_REDEFINED_DIST_TOTAL    8478949338      381.9420       8478949338      381.9420

MAP_STAGE_ONPATH_VEC_REG_ATOMIC_REDEFINED_DIST_TOTAL     341198307      297.8582        341198307      297.8582

MAP_STAGE_ONPATH_INT_REG_ATOMIC_CONSUMED_DIST_TOTAL    7111912931      320.3626       7111912931      320.3626

MAP_STAGE_ONPATH_VEC_REG_ATOMIC_CONSUMED_DIST_TOTAL     334290853      291.8281        334290853      291.8281

MAP_STAGE_ONPATH_INT_REG_ATOMIC_RELEASE_DIST_TOTAL    8478949338      381.9420       8478949338      381.9420

MAP_STAGE_ONPATH_VEC_REG_ATOMIC_RELEASE_DIST_TOTAL     341198307      297.8582        341198307      297.8582

EXEC_STAGE_STARVED                             9824559       14.800%          9824559       14.800%
EXEC_STAGE_NOT_STARVED                        56472415       85.071%         56472415       85.071%
EXEC_STAGE_OFF_PATH                              85713        0.129%            85713        0.129%
                                              66382687      100.000%         66382687      100.000%
                                                  0.85         0.14              0.85         0.14

FU_BUSY_0                                      4710801                        4710801              

FU_BUSY_1                                      3956950                        3956950              

FU_BUSY_2                                       816089                         816089              

FU_BUSY_3                                       819047                         819047              

FU_BUSY_4                                      3596674                        3596674              

FU_BUSY_5                                      5259865                        5259865              

FU_BUSY_6                                     59198103                       59198103              

FU_BUSY_7                                     59195852                       59195852              

FU_BUSY_8                                      3861078                        3861078              

FU_BUSY_9                                       817738                         817738              

FU_BUSY_10                                           0                              0              

FU_BUSY_11                                           0                              0              

FU_BUSY_12                                           0                              0              

FU_BUSY_13                                           0                              0              

FU_BUSY_14                                           0                              0              

FU_BUSY_15                                           0                              0              

FU_BUSY_16                                           0                              0              

FU_BUSY_17                                           0                              0              

FU_BUSY_18                                           0                              0              

FU_BUSY_19                                           0                              0              

FU_BUSY_20                                           0                              0              

FU_BUSY_21                                           0                              0              

FU_BUSY_22                                           0                              0              

FU_BUSY_23                                           0                              0              

FU_BUSY_24                                           0                              0              

FU_BUSY_25                                           0                              0              

FU_BUSY_26                                           0                              0              

FU_BUSY_27                                           0                              0              

FU_BUSY_28                                           0                              0              

FU_BUSY_29                                           0                              0              

FU_BUSY_30                                           0                              0              

FU_BUSY_31                                           0                              0              

FU_REJECTED_OP_INV_NOT_SIMD                          0        0.000%                0        0.000%
FU_REJECTED_OP_NOP_NOT_SIMD                       8464        0.008%             8464        0.008%
FU_REJECTED_OP_CF_NOT_SIMD                         359        0.000%              359        0.000%
FU_REJECTED_OP_MOV_NOT_SIMD                     120208        0.110%           120208        0.110%
FU_REJECTED_OP_CMOV_NOT_SIMD                       994        0.001%              994        0.001%
FU_REJECTED_OP_LDA_NOT_SIMD                      55717        0.051%            55717        0.051%
FU_REJECTED_OP_IMEM_NOT_SIMD                     66595        0.061%            66595        0.061%
FU_REJECTED_OP_IADD_NOT_SIMD                   5855093        5.350%          5855093        5.350%
FU_REJECTED_OP_IMUL_NOT_SIMD                    173867        0.159%           173867        0.159%
FU_REJECTED_OP_IDIV_NOT_SIMD                        30        0.000%               30        0.000%
FU_REJECTED_OP_ICMP_NOT_SIMD                         2        0.000%                2        0.000%
FU_REJECTED_OP_LOGIC_NOT_SIMD                    55218        0.050%            55218        0.050%
FU_REJECTED_OP_SHIFT_NOT_SIMD                   171049        0.156%           171049        0.156%
FU_REJECTED_OP_FMEM_NOT_SIMD                        96        0.000%               96        0.000%
FU_REJECTED_OP_FCVT_NOT_SIMD                         0        0.000%                0        0.000%
FU_REJECTED_OP_FADD_NOT_SIMD                         0        0.000%                0        0.000%
FU_REJECTED_OP_FMUL_NOT_SIMD                         0        0.000%                0        0.000%
FU_REJECTED_OP_FMA_NOT_SIMD                          0        0.000%                0        0.000%
FU_REJECTED_OP_FDIV_NOT_SIMD                         0        0.000%                0        0.000%
FU_REJECTED_OP_FCMP_NOT_SIMD                         0        0.000%                0        0.000%
FU_REJECTED_OP_FCMOV_NOT_SIMD                        0        0.000%                0        0.000%
FU_REJECTED_OP_GATHER_NOT_SIMD                       0        0.000%                0        0.000%
FU_REJECTED_OP_SCATTER_NOT_SIMD                      0        0.000%                0        0.000%
FU_REJECTED_OP_PIPELINED_FAST_NOT_SIMD               0        0.000%                0        0.000%
FU_REJECTED_OP_PIPELINED_MEDIUM_NOT_SIMD             0        0.000%                0        0.000%
FU_REJECTED_OP_PIPELINED_SLOW_NOT_SIMD               0        0.000%                0        0.000%
FU_REJECTED_OP_NOTPIPELINED_MEDIUM_NOT_SIMD             0        0.000%                0        0.000%
FU_REJECTED_OP_NOTPIPELINED_SLOW_NOT_SIMD             0        0.000%                0        0.000%
FU_REJECTED_OP_NOTPIPELINED_VERY_SLOW_NOT_SIMD            29        0.000%               29        0.000%
FU_REJECTED_OP_INV_SIMD                              0        0.000%                0        0.000%
FU_REJECTED_OP_NOP_SIMD                           2883        0.003%             2883        0.003%
FU_REJECTED_OP_CF_SIMD                               0        0.000%                0        0.000%
FU_REJECTED_OP_MOV_SIMD                             16        0.000%               16        0.000%
FU_REJECTED_OP_CMOV_SIMD                             0        0.000%                0        0.000%
FU_REJECTED_OP_LDA_SIMD                              0        0.000%                0        0.000%
FU_REJECTED_OP_IMEM_SIMD                             0        0.000%                0        0.000%
FU_REJECTED_OP_IADD_SIMD                             0        0.000%                0        0.000%
FU_REJECTED_OP_IMUL_SIMD                             3        0.000%                3        0.000%
FU_REJECTED_OP_IDIV_SIMD                             0        0.000%                0        0.000%
FU_REJECTED_OP_ICMP_SIMD                             0        0.000%                0        0.000%
FU_REJECTED_OP_LOGIC_SIMD                           11        0.000%               11        0.000%
FU_REJECTED_OP_SHIFT_SIMD                           39        0.000%               39        0.000%
FU_REJECTED_OP_FMEM_SIMD                             1        0.000%                1        0.000%
FU_REJECTED_OP_FCVT_SIMD                            51        0.000%               51        0.000%
FU_REJECTED_OP_FADD_SIMD                     102931085       94.051%        102931085       94.051%
FU_REJECTED_OP_FMUL_SIMD                             0        0.000%                0        0.000%
FU_REJECTED_OP_FMA_SIMD                              0        0.000%                0        0.000%
FU_REJECTED_OP_FDIV_SIMD                             0        0.000%                0        0.000%
FU_REJECTED_OP_FCMP_SIMD                             0        0.000%                0        0.000%
FU_REJECTED_OP_FCMOV_SIMD                            0        0.000%                0        0.000%
FU_REJECTED_OP_GATHER_SIMD                           0        0.000%                0        0.000%
FU_REJECTED_OP_SCATTER_SIMD                          0        0.000%                0        0.000%
FU_REJECTED_OP_PIPELINED_FAST_SIMD                   0        0.000%                0        0.000%
FU_REJECTED_OP_PIPELINED_MEDIUM_SIMD                 0        0.000%                0        0.000%
FU_REJECTED_OP_PIPELINED_SLOW_SIMD                  17        0.000%               17        0.000%
FU_REJECTED_OP_NOTPIPELINED_MEDIUM_SIMD              0        0.000%                0        0.000%
FU_REJECTED_OP_NOTPIPELINED_SLOW_SIMD                0        0.000%                0        0.000%
FU_REJECTED_OP_NOTPIPELINED_VERY_SLOW_SIMD             0        0.000%                0        0.000%
                                             109441827      100.000%        109441827      100.000%
                                                 41.80         8.73             41.80         8.73

LSQ_FULL_TOTAL                                60620092                       60620092              

LSQ_FULL_LOAD_QUEUE                                  0                              0              

LSQ_FULL_STORE_QUEUE                          60620092                       60620092              

OP_WAIT_0                                     18435513                       18435513              

OP_WAIT_1                                      1677228                        1677228              

OP_WAIT_2                                       627058                         627058              

OP_WAIT_3                                       344649                         344649              

OP_WAIT_4                                       250257                         250257              

OP_WAIT_5                                       201383                         201383              

OP_WAIT_6                                       178515                         178515              

OP_WAIT_7                                       192599                         192599              

OP_WAIT_8                                       203396                         203396              

OP_WAIT_9                                       195390                         195390              

OP_WAIT_10                                      162013                         162013              

OP_WAIT_11                                      166660                         166660              

OP_WAIT_12                                      148277                         148277              

OP_WAIT_13                                      354169                         354169              

OP_WAIT_14                                      183650                         183650              

OP_WAIT_15                                      331889                         331889              

OP_WAIT_16                                      129029                         129029              

OP_WAIT_17                                      163461                         163461              

OP_WAIT_18                                       92391                          92391              

OP_WAIT_19                                       73055                          73055              

OP_WAIT_20                                       71667                          71667              

OP_WAIT_21                                       79836                          79836              

OP_WAIT_22                                       75534                          75534              

OP_WAIT_23                                       64442                          64442              

OP_WAIT_24                                       50106                          50106              

OP_WAIT_25                                       51549                          51549              

OP_WAIT_26                                       37774                          37774              

OP_WAIT_27                                       39875                          39875              

OP_WAIT_28                                       47881                          47881              

OP_WAIT_29                                       65267                          65267              

OP_WAIT_30                                       58769                          58769              

OP_WAIT_31                                     7013305                        7013305              

ROW_SIZE_0                                    60162515                       60162515              

ROW_SIZE_1                                      960828                         960828              

ROW_SIZE_2                                      486647                         486647              

ROW_SIZE_3                                       97375                          97375              

ROW_SIZE_4                                      853023                         853023              

ROW_SIZE_5                                     1028953                        1028953              

ROW_SIZE_6                                      424945                         424945              

ROW_SIZE_7                                       56107                          56107              

ROW_SIZE_8                                     2255133                        2255133              

ROW_SIZE_9                                           0                              0              

ROW_SIZE_10                                          0                              0              

ROW_SIZE_11                                          0                              0              

ROW_SIZE_12                                          0                              0              

ROW_SIZE_13                                          0                              0              

ROW_SIZE_14                                          0                              0              

ROW_SIZE_15                                          0                              0              

ROW_SIZE_16                                          0                              0              

ROW_SIZE_17                                          0                              0              

ROW_SIZE_18                                          0                              0              

ROW_SIZE_19                                          0                              0              

ROW_SIZE_20                                          0                              0              

ROW_SIZE_21                                          0                              0              

ROW_SIZE_22                                          0                              0              

ROW_SIZE_23                                          0                              0              

ROW_SIZE_24                                          0                              0              

ROW_SIZE_25                                          0                              0              

ROW_SIZE_26                                          0                              0              

ROW_SIZE_27                                          0                              0              

ROW_SIZE_28                                          0                              0              

ROW_SIZE_29                                          0                              0              

ROW_SIZE_30                                          0                              0              

ROW_SIZE_31                                          0                              0              

RET_OP_EXEC_COUNT_0                                  0        0.000%                0        0.000%
RET_OP_EXEC_COUNT_1                           31766587      100.000%         31766587      100.000%
RET_OP_EXEC_COUNT_2                                  0        0.000%                0        0.000%
RET_OP_EXEC_COUNT_3                                  0        0.000%                0        0.000%
RET_OP_EXEC_COUNT_4                                  0        0.000%                0        0.000%
RET_OP_EXEC_COUNT_5                                  0        0.000%                0        0.000%
RET_OP_EXEC_COUNT_6                                  0        0.000%                0        0.000%
RET_OP_EXEC_COUNT_7                                  0        0.000%                0        0.000%
RET_OP_EXEC_COUNT_8                                  0        0.000%                0        0.000%
RET_OP_EXEC_COUNT_9                                  0        0.000%                0        0.000%
RET_OP_EXEC_COUNT_10                                 0        0.000%                0        0.000%
RET_OP_EXEC_COUNT_11                                 0        0.000%                0        0.000%
RET_OP_EXEC_COUNT_12                                 0        0.000%                0        0.000%
RET_OP_EXEC_COUNT_13                                 0        0.000%                0        0.000%
RET_OP_EXEC_COUNT_14                                 0        0.000%                0        0.000%
RET_OP_EXEC_COUNT_15                                 0        0.000%                0        0.000%
RET_OP_EXEC_COUNT_16                                 0        0.000%                0        0.000%
RET_OP_EXEC_COUNT_17                                 0        0.000%                0        0.000%
RET_OP_EXEC_COUNT_18                                 0        0.000%                0        0.000%
RET_OP_EXEC_COUNT_19                                 0        0.000%                0        0.000%
RET_OP_EXEC_COUNT_20                                 0        0.000%                0        0.000%
RET_OP_EXEC_COUNT_21                                 0        0.000%                0        0.000%
RET_OP_EXEC_COUNT_22                                 0        0.000%                0        0.000%
RET_OP_EXEC_COUNT_23                                 0        0.000%                0        0.000%
RET_OP_EXEC_COUNT_24                                 0        0.000%                0        0.000%
RET_OP_EXEC_COUNT_25                                 0        0.000%                0        0.000%
RET_OP_EXEC_COUNT_26                                 0        0.000%                0        0.000%
RET_OP_EXEC_COUNT_27                                 0        0.000%                0        0.000%
RET_OP_EXEC_COUNT_28                                 0        0.000%                0        0.000%
RET_OP_EXEC_COUNT_29                                 0        0.000%                0        0.000%
RET_OP_EXEC_COUNT_30                                 0        0.000%                0        0.000%
RET_OP_EXEC_COUNT_31                                 0        0.000%                0        0.000%
RET_OP_EXEC_COUNT_32                                 0        0.000%                0        0.000%
                                              31766587      100.000%         31766587      100.000%
                                                  1.00         0.00              1.00         0.00

RET_STALL_LENGTH_0                            31672966       99.705%         31672966       99.705%
RET_STALL_LENGTH_100                             12896        0.041%            12896        0.041%
RET_STALL_LENGTH_200                              2553        0.008%             2553        0.008%
RET_STALL_LENGTH_300                             14083        0.044%            14083        0.044%
RET_STALL_LENGTH_400                             35384        0.111%            35384        0.111%
RET_STALL_LENGTH_500                             16802        0.053%            16802        0.053%
RET_STALL_LENGTH_600                              5893        0.019%             5893        0.019%
RET_STALL_LENGTH_700                              1782        0.006%             1782        0.006%
RET_STALL_LENGTH_800                               632        0.002%              632        0.002%
RET_STALL_LENGTH_900                               245        0.001%              245        0.001%
RET_STALL_LENGTH_1000                              129        0.000%              129        0.000%
RET_STALL_LENGTH_1100                              159        0.001%              159        0.001%
RET_STALL_LENGTH_1200                              952        0.003%              952        0.003%
RET_STALL_LENGTH_1300                              281        0.001%              281        0.001%
RET_STALL_LENGTH_1400                              165        0.001%              165        0.001%
RET_STALL_LENGTH_1500                              186        0.001%              186        0.001%
RET_STALL_LENGTH_1600                              570        0.002%              570        0.002%
RET_STALL_LENGTH_1700                              513        0.002%              513        0.002%
RET_STALL_LENGTH_1800                              243        0.001%              243        0.001%
RET_STALL_LENGTH_1900                               74        0.000%               74        0.000%
RET_STALL_LENGTH_2000                               17        0.000%               17        0.000%
RET_STALL_LENGTH_2100                               10        0.000%               10        0.000%
RET_STALL_LENGTH_2200                                9        0.000%                9        0.000%
RET_STALL_LENGTH_2300                                8        0.000%                8        0.000%
RET_STALL_LENGTH_2400                                9        0.000%                9        0.000%
RET_STALL_LENGTH_2500                                4        0.000%                4        0.000%
RET_STALL_LENGTH_2600                                6        0.000%                6        0.000%
RET_STALL_LENGTH_2700                                5        0.000%                5        0.000%
RET_STALL_LENGTH_2800                                2        0.000%                2        0.000%
RET_STALL_LENGTH_2900                                3        0.000%                3        0.000%
RET_STALL_LENGTH_3000                                1        0.000%                1        0.000%
RET_STALL_LENGTH_3100                                1        0.000%                1        0.000%
RET_STALL_LENGTH_3200                                0        0.000%                0        0.000%
RET_STALL_LENGTH_3300                                0        0.000%                0        0.000%
RET_STALL_LENGTH_3400                                1        0.000%                1        0.000%
RET_STALL_LENGTH_3500                                1        0.000%                1        0.000%
RET_STALL_LENGTH_3600                                1        0.000%                1        0.000%
RET_STALL_LENGTH_3700                                0        0.000%                0        0.000%
RET_STALL_LENGTH_3800                                1        0.000%                1        0.000%
RET_STALL_LENGTH_3900                                0        0.000%                0        0.000%
RET_STALL_LENGTH_4000                                0        0.000%                0        0.000%
RET_STALL_LENGTH_4100                                0        0.000%                0        0.000%
RET_STALL_LENGTH_4200                                0        0.000%                0        0.000%
RET_STALL_LENGTH_4300                                0        0.000%                0        0.000%
RET_STALL_LENGTH_4400                                0        0.000%                0        0.000%
RET_STALL_LENGTH_4500                                0        0.000%                0        0.000%
RET_STALL_LENGTH_4600                                0        0.000%                0        0.000%
RET_STALL_LENGTH_4700                                0        0.000%                0        0.000%
RET_STALL_LENGTH_4800                                0        0.000%                0        0.000%
RET_STALL_LENGTH_4900                                0        0.000%                0        0.000%
RET_STALL_LENGTH_5000                                0        0.000%                0        0.000%
                                              31766587      100.000%         31766587      100.000%
                                                  0.01         0.26              0.01         0.26

MEM_BLOCK_LENGTH_0                              116082       52.743%           116082       52.743%
MEM_BLOCK_LENGTH_100                             18332        8.329%            18332        8.329%
MEM_BLOCK_LENGTH_200                             12701        5.771%            12701        5.771%
MEM_BLOCK_LENGTH_300                              2818        1.280%             2818        1.280%
MEM_BLOCK_LENGTH_400                             12330        5.602%            12330        5.602%
MEM_BLOCK_LENGTH_500                             16520        7.506%            16520        7.506%
MEM_BLOCK_LENGTH_600                             15230        6.920%            15230        6.920%
MEM_BLOCK_LENGTH_700                             12251        5.566%            12251        5.566%
MEM_BLOCK_LENGTH_800                              6619        3.007%             6619        3.007%
MEM_BLOCK_LENGTH_900                              2604        1.183%             2604        1.183%
MEM_BLOCK_LENGTH_1000                              899        0.408%              899        0.408%
MEM_BLOCK_LENGTH_1100                              373        0.169%              373        0.169%
MEM_BLOCK_LENGTH_1200                              339        0.154%              339        0.154%
MEM_BLOCK_LENGTH_1300                              626        0.284%              626        0.284%
MEM_BLOCK_LENGTH_1400                              414        0.188%              414        0.188%
MEM_BLOCK_LENGTH_1500                              223        0.101%              223        0.101%
MEM_BLOCK_LENGTH_1600                              181        0.082%              181        0.082%
MEM_BLOCK_LENGTH_1700                              320        0.145%              320        0.145%
MEM_BLOCK_LENGTH_1800                              363        0.165%              363        0.165%
MEM_BLOCK_LENGTH_1900                              340        0.154%              340        0.154%
MEM_BLOCK_LENGTH_2000                              248        0.113%              248        0.113%
MEM_BLOCK_LENGTH_2100                              134        0.061%              134        0.061%
MEM_BLOCK_LENGTH_2200                               60        0.027%               60        0.027%
MEM_BLOCK_LENGTH_2300                               17        0.008%               17        0.008%
MEM_BLOCK_LENGTH_2400                               11        0.005%               11        0.005%
MEM_BLOCK_LENGTH_2500                               14        0.006%               14        0.006%
MEM_BLOCK_LENGTH_2600                               17        0.008%               17        0.008%
MEM_BLOCK_LENGTH_2700                               10        0.005%               10        0.005%
MEM_BLOCK_LENGTH_2800                                5        0.002%                5        0.002%
MEM_BLOCK_LENGTH_2900                                4        0.002%                4        0.002%
MEM_BLOCK_LENGTH_3000                                2        0.001%                2        0.001%
MEM_BLOCK_LENGTH_3100                                1        0.000%                1        0.000%
MEM_BLOCK_LENGTH_3200                                1        0.000%                1        0.000%
MEM_BLOCK_LENGTH_3300                                0        0.000%                0        0.000%
MEM_BLOCK_LENGTH_3400                                0        0.000%                0        0.000%
MEM_BLOCK_LENGTH_3500                                0        0.000%                0        0.000%
MEM_BLOCK_LENGTH_3600                                0        0.000%                0        0.000%
MEM_BLOCK_LENGTH_3700                                0        0.000%                0        0.000%
MEM_BLOCK_LENGTH_3800                                1        0.000%                1        0.000%
MEM_BLOCK_LENGTH_3900                                0        0.000%                0        0.000%
MEM_BLOCK_LENGTH_4000                                0        0.000%                0        0.000%
MEM_BLOCK_LENGTH_4100                                0        0.000%                0        0.000%
MEM_BLOCK_LENGTH_4200                                0        0.000%                0        0.000%
MEM_BLOCK_LENGTH_4300                                0        0.000%                0        0.000%
MEM_BLOCK_LENGTH_4400                                0        0.000%                0        0.000%
MEM_BLOCK_LENGTH_4500                                0        0.000%                0        0.000%
MEM_BLOCK_LENGTH_4600                                0        0.000%                0        0.000%
MEM_BLOCK_LENGTH_4700                                0        0.000%                0        0.000%
MEM_BLOCK_LENGTH_4800                                0        0.000%                0        0.000%
MEM_BLOCK_LENGTH_4900                                0        0.000%                0        0.000%
MEM_BLOCK_LENGTH_5000                                0        0.000%                0        0.000%
                                                220090      100.000%           220090      100.000%
                                                  2.29         2.83              2.29         2.83

FUS_BUSY_ON_PATH                             142083799        2.1404        142083799        2.1404

FUS_BUSY_OFF_PATH                               148398        0.0022           148398        0.0022

FU_BUSY_MEM_STALL                            109665808        1.6520        109665808        1.6520

FUS_EMPTY                                    521594673        7.8574        521594673        7.8574

FU_UNAVAILABLE                                  589044        0.0089           589044        0.0089

FU_MEM_UNAVAILABLE                           108852783        1.6398        108852783        1.6398

FU_OTHER_UNAVAILABLE                                 0        0.0000                0        0.0000

FU_REPLAY                                            0        0.0000                0        0.0000

FU_STARVED                                   521584447        7.8572        521584447        7.8572

CHIP_UTILIZATION                                     0        0.0000                0        0.0000

CYCLES_UNDER_MEM_REQ                                 0                              0              

CYCLES_UNDER_NO_MEM_REQ                              0                              0              

CYCLES_UNDER_CRITICAL_MEM_REQ                        0                              0              

CYCLES_UNDER_NONCRITICAL_MEM_REQ                     0                              0              

CHIP_UTILIZATION_UNDER_MEM_REQ                       0          -nan                0          -nan

CHIP_UTILIZATION_UNDER_NO_MEM_REQ                    0          -nan                0          -nan

CHIP_UTILIZATION_UNDER_CRITICAL_MEM_REQ              0          -nan                0          -nan

CHIP_UTILIZATION_UNDER_NONCRITICAL_MEM_REQ             0          -nan                0          -nan

CYCLES_NOT_WAITING_FOR_OFF_CHIP                      0        0.0000                0        0.0000

FUS_BUSY_NOT_WAITING_FOR_OFF_CHIP                    0          -nan                0          -nan

CYCLES_WAITING_FOR_OFF_CHIP                          0        0.0000                0        0.0000

FUS_BUSY_WAITING_FOR_OFF_CHIP                        0          -nan                0          -nan

TOTAL_OFF_CHIP_DELAYS_LEFT                           0                              0              

WRONG_IO_SCHED                                       0                              0              

DVFS_CONFIG_SWITCH                                   0                              0              

MAP_STAGE_RECEIVED_OPS_0                             0        0.000%                0        0.000%
MAP_STAGE_RECEIVED_OPS_1                          1299        0.025%             1299        0.025%
MAP_STAGE_RECEIVED_OPS_2                          1900        0.036%             1900        0.036%
MAP_STAGE_RECEIVED_OPS_3                          2464        0.047%             2464        0.047%
MAP_STAGE_RECEIVED_OPS_4                          2686        0.051%             2686        0.051%
MAP_STAGE_RECEIVED_OPS_5                          1784        0.034%             1784        0.034%
MAP_STAGE_RECEIVED_OPS_6                       5288268       99.809%          5288268       99.809%
MAP_STAGE_RECEIVED_OPS_7                             0        0.000%                0        0.000%
MAP_STAGE_RECEIVED_OPS_8                             0        0.000%                0        0.000%
MAP_STAGE_RECEIVED_OPS_MAX                           0        0.000%                0        0.000%
                                               5298401      100.000%          5298401      100.000%
                                                  5.99         0.14              5.99         0.14

MAP_STAGE_WAIT_FOR_DECODE                            0         -nan%                0         -nan%
MAP_STAGE_CONSUME_DECODE                             0         -nan%                0         -nan%
                                                     0         -nan%                0         -nan%
                                                  -nan         -nan              -nan         -nan

MAP_STAGE_WAIT_FOR_DECODE2                           0         -nan%                0         -nan%
MAP_STAGE_CONSUME_DECODE2                            0         -nan%                0         -nan%
                                                     0         -nan%                0         -nan%
                                                  -nan         -nan              -nan         -nan

FTQ_RECOVER_EXEC                                  2768                           2768              

FTQ_RECOVER_DECODE                                 446                            446              

FTQ_OFFPATH_CYCLES                              661530                         661530              

FTQ_CYCLES_OFFPATH                              661530                         661530              

FTQ_CYCLES_ONPATH                             65721157                       65721157              

FTQ_FETCHED_INS_ONPATH                        31766563                       31766563              

FTQ_FETCHED_INS_OFFPATH                        2878712                        2878712              

FTQ_BREAK_FULL_FT_ONPATH                      65377630                       65377630              

FTQ_BREAK_FULL_FT_OFFPATH                       498477                         498477              

FTQ_BREAK_PRED_BR_ONPATH                             0                              0              

FTQ_BREAK_PRED_BR_OFFPATH                            0                              0              

FTQ_BREAK_BAR_FETCH_ONPATH                           0                              0              

FTQ_BREAK_BAR_FETCH_OFFPATH                          0                              0              

FTQ_BREAK_MAX_CFS_TAKEN_ONPATH                       0                              0              

FTQ_BREAK_MAX_CFS_TAKEN_OFFPATH                      0                              0              

FTQ_BREAK_MAX_FT_ONPATH                         341486                         341486              

FTQ_BREAK_MAX_FT_OFFPATH                        163053                         163053              

DFE_GEN_ON_PATH_FT                             5131835                        5131835              

DFE_GEN_OFF_PATH_FT                             272075                         272075              

DFE_L0_ENABLED_PREDICTIONS                    31766587                       31766587              

DFE_L0_WRONG_MAIN_CORRECT                       132582                         132582              

DFE_L0_WRONG_MAIN_WRONG                           2743                           2743              

DFE_L0_CORRECT_MAIN_WRONG                          471                            471              

DFE_L0_CORRECT_MAIN_CORRECT                   31630791                       31630791              

DFE_L0_WRONG_MAIN_CORRECT_RECOVERY_SCHEDULED             0                              0              

FTQ_SAW_BAR_FETCH_OFFPATH                          790                            790              

FTQ_SAW_BAR_FETCH_ONPATH                           626                            626              

DFE_CONF_0_RECOVER_AT_EXEC                           0         -nan%                0         -nan%
DFE_CONF_1_RECOVER_AT_EXEC                           0         -nan%                0         -nan%
DFE_CONF_2_RECOVER_AT_EXEC                           0         -nan%                0         -nan%
DFE_CONF_3_RECOVER_AT_EXEC                           0         -nan%                0         -nan%
DFE_CONF_0_CORRECT                                   0         -nan%                0         -nan%
DFE_CONF_1_CORRECT                                   0         -nan%                0         -nan%
DFE_CONF_2_CORRECT                                   0         -nan%                0         -nan%
DFE_CONF_3_CORRECT                                   0         -nan%                0         -nan%
                                                     0         -nan%                0         -nan%
                                                  -nan         -nan              -nan         -nan

DFE_ON_CONF_ON_OPS                                   0         -nan%                0         -nan%
DFE_ON_CONF_OFF_OPS                                  0         -nan%                0         -nan%
DFE_OFF_CONF_ON_OPS                                  0         -nan%                0         -nan%
DFE_OFF_CONF_OFF_REALISTIC_OPS                       0         -nan%                0         -nan%
DFE_OFF_CONF_OFF_PERFECT_OPS                         0         -nan%                0         -nan%
                                                     0         -nan%                0         -nan%
                                                  -nan         -nan              -nan         -nan

DFE_ON_CONF_ON_FETCH_TARGETS                         0         -nan%                0         -nan%
DFE_ON_CONF_OFF_FETCH_TARGETS                        0         -nan%                0         -nan%
DFE_OFF_CONF_ON_FETCH_TARGETS                        0         -nan%                0         -nan%
DFE_OFF_CONF_OFF_REALISTIC_FETCH_TARGETS             0         -nan%                0         -nan%
DFE_OFF_CONF_OFF_PERFECT_FETCH_TARGETS               0         -nan%                0         -nan%
                                                     0         -nan%                0         -nan%
                                                  -nan         -nan              -nan         -nan

DFE_ON_CONF_ON_CYCLES                                0         -nan%                0         -nan%
DFE_ON_CONF_OFF_CYCLES                               0         -nan%                0         -nan%
DFE_OFF_CONF_ON_CYCLES                               0         -nan%                0         -nan%
DFE_OFF_CONF_OFF_REALISTIC_CYCLES                    0         -nan%                0         -nan%
DFE_OFF_CONF_OFF_PERFECT_CYCLES                      0         -nan%                0         -nan%
                                                     0         -nan%                0         -nan%
                                                  -nan         -nan              -nan         -nan

DFE_OFF_CONF_ON_NUM_EVENTS                           0                              0              

DFE_OFF_CONF_ON_NOT_IDENTIFIED_EVENTS                0         -nan%                0         -nan%
DFE_OFF_CONF_ON_IBTB_MISS_EVENTS                     0         -nan%                0         -nan%
DFE_OFF_CONF_ON_BTB_MISS_EVENTS                      0         -nan%                0         -nan%
DFE_OFF_CONF_ON_BTB_MISS_RECOVER_AT_EXEC_EVENTS             0         -nan%                0         -nan%
DFE_OFF_CONF_ON_RECOVER_AT_EXEC_EVENTS               0         -nan%                0         -nan%
DFE_OFF_CONF_ON_RECOVER_AT_DECODE_EVENTS             0         -nan%                0         -nan%
                                                     0         -nan%                0         -nan%
                                                  -nan         -nan              -nan         -nan

DFE_OFF_CONF_ON_LATE_BTB_HIT_EVENTS                  0                              0              

DFE_OFF_CONF_ON_NOT_IDENTIFIED_CYCLES                0         -nan%                0         -nan%
DFE_OFF_CONF_ON_IBTB_MISS_CYCLES                     0         -nan%                0         -nan%
DFE_OFF_CONF_ON_BTB_MISS_CYCLES                      0         -nan%                0         -nan%
DFE_OFF_CONF_ON_BTB_MISS_RECOVER_AT_EXEC_CYCLES             0         -nan%                0         -nan%
DFE_OFF_CONF_ON_RECOVER_AT_EXEC_CYCLES               0         -nan%                0         -nan%
DFE_OFF_CONF_ON_RECOVER_AT_DECODE_CYCLES             0         -nan%                0         -nan%
                                                     0         -nan%                0         -nan%
                                                  -nan         -nan              -nan         -nan

DFE_OFF_CONF_ON_LATE_BTB_HIT_CYCLES                  0                              0              

DFE_OFF_CONF_ON_NOT_IDENTIFIED_FETCH_TARGETS             0         -nan%                0         -nan%
DFE_OFF_CONF_ON_IBTB_MISS_FETCH_TARGETS              0         -nan%                0         -nan%
DFE_OFF_CONF_ON_BTB_MISS_FETCH_TARGETS               0         -nan%                0         -nan%
DFE_OFF_CONF_ON_BTB_MISS_RECOVER_AT_EXEC_FETCH_TARGETS             0         -nan%                0         -nan%
DFE_OFF_CONF_ON_RECOVER_AT_EXEC_FETCH_TARGETS             0         -nan%                0         -nan%
DFE_OFF_CONF_ON_RECOVER_AT_DECODE_FETCH_TARGETS             0         -nan%                0         -nan%
                                                     0         -nan%                0         -nan%
                                                  -nan         -nan              -nan         -nan

DFE_OFF_CONF_ON_LATE_BTB_HIT_FETCH_TARGETS             0                              0              

DFE_OFF_CONF_ON_BP_INCORRECT_0_CONF                  0         -nan%                0         -nan%
DFE_OFF_CONF_ON_BP_INCORRECT_1_CONF                  0         -nan%                0         -nan%
DFE_OFF_CONF_ON_BP_INCORRECT_2_CONF                  0         -nan%                0         -nan%
DFE_OFF_CONF_ON_BP_INCORRECT_3_CONF                  0         -nan%                0         -nan%
                                                     0         -nan%                0         -nan%
                                                  -nan         -nan              -nan         -nan

DFE_OFF_CONF_ON_BTB_MISS_CBR_0_CONF                  0         -nan%                0         -nan%
DFE_OFF_CONF_ON_BTB_MISS_CBR_1_CONF                  0         -nan%                0         -nan%
DFE_OFF_CONF_ON_BTB_MISS_CBR_2_CONF                  0         -nan%                0         -nan%
DFE_OFF_CONF_ON_BTB_MISS_CBR_3_CONF                  0         -nan%                0         -nan%
                                                     0         -nan%                0         -nan%
                                                  -nan         -nan              -nan         -nan

DFE_OFF_CONF_ON_BTB_MISS_NOT_CF                      0         -nan%                0         -nan%
DFE_OFF_CONF_ON_BTB_MISS_CF_BR                       0         -nan%                0         -nan%
DFE_OFF_CONF_ON_BTB_MISS_CF_CBR                      0         -nan%                0         -nan%
DFE_OFF_CONF_ON_BTB_MISS_CF_CALL                     0         -nan%                0         -nan%
DFE_OFF_CONF_ON_BTB_MISS_CF_IBR                      0         -nan%                0         -nan%
DFE_OFF_CONF_ON_BTB_MISS_CF_ICALL                    0         -nan%                0         -nan%
DFE_OFF_CONF_ON_BTB_MISS_CF_ICO                      0         -nan%                0         -nan%
DFE_OFF_CONF_ON_BTB_MISS_CF_RET                      0         -nan%                0         -nan%
DFE_OFF_CONF_ON_BTB_MISS_CF_SYS                      0         -nan%                0         -nan%
                                                     0         -nan%                0         -nan%
                                                  -nan         -nan              -nan         -nan

DFE_ON_CONF_OFF_NUM_EVENTS                           0                              0              

CONF_BTB_NUM_CYCLES_OFF_PATH_EVENT                   0                              0              

DFE_ON_CONF_OFF_IBTB_MISS_BP_TAKEN                   0         -nan%                0         -nan%
DFE_ON_CONF_OFF_BTB_MISS_BP_TAKEN_CONF_0             0         -nan%                0         -nan%
DFE_ON_CONF_OFF_BTB_MISS_BP_TAKEN_CONF_1             0         -nan%                0         -nan%
DFE_ON_CONF_OFF_BTB_MISS_BP_TAKEN_CONF_2             0         -nan%                0         -nan%
DFE_ON_CONF_OFF_BTB_MISS_BP_TAKEN_CONF_3             0         -nan%                0         -nan%
DFE_ON_CONF_OFF_BTB_MISS_RATE                        0         -nan%                0         -nan%
DFE_ON_CONF_OFF_IBTB_MISS_RATE                       0         -nan%                0         -nan%
DFE_ON_CONF_OFF_RECOVER_AT_DECODE_RATE               0         -nan%                0         -nan%
DFE_ON_CONF_OFF_RECOVER_AT_EXEC_RATE                 0         -nan%                0         -nan%
DFE_ON_CONF_OFF_INV_CONF_INC                         0         -nan%                0         -nan%
DFE_ON_CONF_OFF_PERFECT_CONF                         0         -nan%                0         -nan%
                                                     0         -nan%                0         -nan%
                                                  -nan         -nan              -nan         -nan

DFE_ON_CONF_OFF_IBTB_MISS_BP_TAKEN_CYCLES             0         -nan%                0         -nan%
DFE_ON_CONF_OFF_BTB_MISS_BP_TAKEN_CONF_0_CYCLES             0         -nan%                0         -nan%
DFE_ON_CONF_OFF_BTB_MISS_BP_TAKEN_CONF_1_CYCLES             0         -nan%                0         -nan%
DFE_ON_CONF_OFF_BTB_MISS_BP_TAKEN_CONF_2_CYCLES             0         -nan%                0         -nan%
DFE_ON_CONF_OFF_BTB_MISS_BP_TAKEN_CONF_3_CYCLES             0         -nan%                0         -nan%
DFE_ON_CONF_OFF_BTB_MISS_RATE_CYCLES                 0         -nan%                0         -nan%
DFE_ON_CONF_OFF_IBTB_MISS_RATE_CYCLES                0         -nan%                0         -nan%
DFE_ON_CONF_OFF_RECOVER_AT_DECODE_RATE_CYCLES             0         -nan%                0         -nan%
DFE_ON_CONF_OFF_RECOVER_AT_EXEC_RATE_CYCLES             0         -nan%                0         -nan%
DFE_ON_CONF_OFF_INV_CONF_INC_CYCLES                  0         -nan%                0         -nan%
DFE_ON_CONF_OFF_PERFECT_CONF_CYCLES                  0         -nan%                0         -nan%
                                                     0         -nan%                0         -nan%
                                                  -nan         -nan              -nan         -nan

DFE_ON_CONF_OFF_IBTB_MISS_BP_TAKEN_FETCH_TARGETS             0         -nan%                0         -nan%
DFE_ON_CONF_OFF_BTB_MISS_BP_TAKEN_CONF_0_FETCH_TARGETS             0         -nan%                0         -nan%
DFE_ON_CONF_OFF_BTB_MISS_BP_TAKEN_CONF_1_FETCH_TARGETS             0         -nan%                0         -nan%
DFE_ON_CONF_OFF_BTB_MISS_BP_TAKEN_CONF_2_FETCH_TARGETS             0         -nan%                0         -nan%
DFE_ON_CONF_OFF_BTB_MISS_BP_TAKEN_CONF_3_FETCH_TARGETS             0         -nan%                0         -nan%
DFE_ON_CONF_OFF_BTB_MISS_RATE_FETCH_TARGETS             0         -nan%                0         -nan%
DFE_ON_CONF_OFF_IBTB_MISS_RATE_FETCH_TARGETS             0         -nan%                0         -nan%
DFE_ON_CONF_OFF_RECOVER_AT_DECODE_RATE_FETCH_TARGETS             0         -nan%                0         -nan%
DFE_ON_CONF_OFF_RECOVER_AT_EXEC_RATE_FETCH_TARGETS             0         -nan%                0         -nan%
DFE_ON_CONF_OFF_INV_CONF_INC_FETCH_TARGETS             0         -nan%                0         -nan%
DFE_ON_CONF_OFF_PERFECT_CONF_FETCH_TARGETS             0         -nan%                0         -nan%
                                                     0         -nan%                0         -nan%
                                                  -nan         -nan              -nan         -nan

CONF_OFF_IBTB_MISS_BP_TAKEN                          0         -nan%                0         -nan%
CONF_OFF_BTB_MISS_BP_TAKEN_CONF_0                    0         -nan%                0         -nan%
CONF_OFF_BTB_MISS_BP_TAKEN_CONF_1                    0         -nan%                0         -nan%
CONF_OFF_BTB_MISS_BP_TAKEN_CONF_2                    0         -nan%                0         -nan%
CONF_OFF_BTB_MISS_BP_TAKEN_CONF_3                    0         -nan%                0         -nan%
CONF_OFF_BTB_MISS_RATE                               0         -nan%                0         -nan%
CONF_OFF_IBTB_MISS_RATE                              0         -nan%                0         -nan%
CONF_OFF_RECOVER_AT_DECODE_RATE                      0         -nan%                0         -nan%
CONF_OFF_RECOVER_AT_EXEC_RATE                        0         -nan%                0         -nan%
CONF_OFF_INV_CONF_INC                                0         -nan%                0         -nan%
CONF_OFF_PERFECT_CONF                                0         -nan%                0         -nan%
                                                     0         -nan%                0         -nan%
                                                  -nan         -nan              -nan         -nan

TOPDOWN_TOTAL_SLOTS                          398296122                      398296122              

TOPDOWN_ISSUED_SLOTS                          32137996                       32137996              

TOPDOWN_RETIRED_SLOTS                         31766587                       31766587              

TOPDOWN_FETCH_BUBBLES_SLOTS                     461985                         461985              

TOPDOWN_RECOVERY_BUBBLES_SLOTS                   70731                          70731              

TOPDOWN_MEM_LOAD_STALLS_CYCLES                20577129                       20577129              

TOPDOWN_MEM_STORE_STALLS_CYCLES               38942888                       38942888              

TOPDOWN_EXEC_STALLS_CYCLES                    55582857                       55582857              

TOPDOWN_BACKEND_STALLS_CYCLES                 60813638                       60813638              

TOPDOWN_FETCH_BUBBLES_GT_MIW_CYCLES              71501                          71501              

TOPDOWN_BR_RECOVER_AT_EXEC_RETIRED_CYCLES          2768                           2768              

TOPDOWN_MACHINE_CLEAR_CYCLES                    135796                         135796              

TOPDOWN_FRONTEND_BOUND                              11                             11              

TOPDOWN_BACKEND_BOUND                             9181                           9181              

TOPDOWN_BAD_SPEC_BOUND                              11                             11              

TOPDOWN_RETIRING_BOUND                             797                            797              

TOPDOWN_FETCH_LATENCY_BOUND                         10                             10              

TOPDOWN_FETCH_BANDWIDTH_BOUND                        1                              1              

TOPDOWN_MEM_BOUND                                 8985                           8985              

TOPDOWN_CORE_BOUND                                 196                            196              

TOPDOWN_BR_RECOVER_AT_EXEC_BOUND                     0                              0              

TOPDOWN_MACHINE_CLEARS_BOUND                        11                             11              

H2P_SEEN_MAIN                                        0                              0              



