Scarab gitrev: f31bf3d3
Warning: Scarab expects the trace file type to include OFFLINE_FILE_TYPE_ARCH_REGDEPS (0x20000), but got type: 0xe40
Scarab started at Sat Jul 11 05:51:29 2026

FCT preload: loaded 33 PC-pair(s) from '/home/deepmish/pgo-candidates/pgo-candidates-frequency-10000/sssp_ego_fb/296.csv' at confidence 500 (skipped 0 duplicate LD1 PCs)
Initialized Ramulator. 
Expected data2 but found type 'instr'
Stray memory record detected at seq. 181733: PC: 0x7f53b4bf5ce1, PID: 397553, TID: 397553, Addr: 0x7ffcb2283f40. Suppressing further messages.
Patching gap in trace by injecting a Jmp, prior PC: 7f53b4bf5cd4 next PC: 7f53b4bf5ce5
Expected data2 but found type 'instr'
Patching gap in trace by injecting a Jmp, prior PC: 7f53b4bf5cd4 next PC: 7f53b4bf5ce5
** Heartbeat:   1% -- { 1000000 } -- 0.00 KIPS (76.92 KIPS)
** Heartbeat:   2% -- { 2000000 } -- 100.00 KIPS (86.96 KIPS)
** Heartbeat:   3% -- { 3000000 } -- 90.91 KIPS (88.24 KIPS)
** Heartbeat:   4% -- { 4000003 } -- 100.00 KIPS (90.91 KIPS)
** Heartbeat:   5% -- { 5000010 } -- 111.11 KIPS (94.34 KIPS)
** Heartbeat:   6% -- { 6000015 } -- 142.86 KIPS (100.00 KIPS)
** Heartbeat:   7% -- { 7000018 } -- 111.11 KIPS (101.45 KIPS)
** Heartbeat:   8% -- { 8000019 } -- 100.00 KIPS (101.27 KIPS)
** Heartbeat:   9% -- { 9000024 } -- 100.00 KIPS (101.12 KIPS)
Patching gap in trace by injecting a Jmp, prior PC: 7f53b41ba749 next PC: 7f53abc006b0
** Heartbeat:  10% -- { 10000024 } -- 100.00 KIPS (101.01 KIPS)
** Heartbeat:  11% -- { 11000026 } -- 71.43 KIPS (97.35 KIPS)
** Heartbeat:  12% -- { 12000026 } -- 76.92 KIPS (95.24 KIPS)
** Heartbeat:  13% -- { 13000027 } -- 76.92 KIPS (93.53 KIPS)
** Heartbeat:  14% -- { 14000027 } -- 45.45 KIPS (86.96 KIPS)
** Heartbeat:  15% -- { 15000031 } -- 43.48 KIPS (81.52 KIPS)
** Heartbeat:  16% -- { 16000032 } -- 52.63 KIPS (78.82 KIPS)
** Heartbeat:  17% -- { 17000038 } -- 125.00 KIPS (80.57 KIPS)
** Heartbeat:  18% -- { 18000038 } -- 111.11 KIPS (81.82 KIPS)
** Heartbeat:  19% -- { 19000038 } -- 125.00 KIPS (83.33 KIPS)
** Heartbeat:  20% -- { 20000038 } -- 125.00 KIPS (84.75 KIPS)
** Heartbeat:  21% -- { 21000038 } -- 125.00 KIPS (86.07 KIPS)
** Heartbeat:  22% -- { 22000038 } -- 125.00 KIPS (87.30 KIPS)
** Heartbeat:  23% -- { 23000038 } -- 125.00 KIPS (88.46 KIPS)
** Heartbeat:  24% -- { 24000038 } -- 125.00 KIPS (89.55 KIPS)
** Heartbeat:  25% -- { 25000038 } -- 125.00 KIPS (90.58 KIPS)
** Heartbeat:  26% -- { 26000038 } -- 125.00 KIPS (91.55 KIPS)
** Heartbeat:  27% -- { 27000038 } -- 125.00 KIPS (92.47 KIPS)
** Heartbeat:  28% -- { 28000038 } -- 125.00 KIPS (93.33 KIPS)
** Heartbeat:  29% -- { 29000038 } -- 125.00 KIPS (94.16 KIPS)
Reached end of trace (last_inst) pc=0x7f53abc00ed9
** Core 0 Finished:    insts:29999995    cycles:15935830    time:4979946875000       -- 1.88 IPC (1.88 IPC) --  N/A  KIPS (94.94 KIPS)
Scarab finished at Sat Jul 11 05:56:45 2026

