/* -*- Mode: c -*- */
####################################################################################################
Core 0
####################################################################################################
Cumulative:        Cycles: 104718292             Instructions: 59999999              IPC: 0.57297

Periodic:          Cycles: 104718292             Instructions: 59999999              IPC: 0.57297

DCACHE_PREF_HIT                                      0                              0              

IFETCH_WB_FIRST_SCHEDULE                             0         -nan%                0         -nan%
PREFETCH_LAST_SCHEDULE                               0         -nan%                0         -nan%
DEMAND_PASS_PREF_SCHEDULE                            0         -nan%                0         -nan%
DEMAND_PASS_LOW_OP_SCHEDULE                          0         -nan%                0         -nan%
DEMAND_LAST_SCHEDULE                                 0         -nan%                0         -nan%
                                                     0         -nan%                0         -nan%
                                                  -nan         -nan              -nan         -nan

SEND_MISS_REQ_QUEUE                            1815417                        1815417              

L1_DATA_EVICT                                  1842452                        1842452              

STREAM_BUFFER_REQ                                    0                              0              

PREF_SEND_TO_MEM_REQ                                 0         -nan%                0         -nan%
PREF_SEND_TO_MEM_REQ_FAIL                            0         -nan%                0         -nan%
                                                     0         -nan%                0         -nan%
                                                  -nan         -nan              -nan         -nan

HIT_TRAIN_STREAM                                320627       20.302%           320627       20.302%
MISS_TRAIN_STREAM                              1258665       79.698%          1258665       79.698%
                                               1579292      100.000%          1579292      100.000%
                                                  0.80         0.73              0.80         0.73

STREAM_TRAIN_CREATE                             982924                         982924              

MEM_REQ_MISS_HWP_PREF_Q                              0         -nan%                0         -nan%
MEM_REQ_MISS_SW_PREF_Q                               0         -nan%                0         -nan%
MEM_REQ_MISS_IFETCH_Q                                0         -nan%                0         -nan%
MEM_REQ_MISS_DFETCH_Q                                0         -nan%                0         -nan%
MEM_REQ_MISS_DSTORE_Q                                0         -nan%                0         -nan%
MEM_REQ_MISS_DPRF_Q                                  0         -nan%                0         -nan%
MEM_REQ_MISS_WB_Q                                    0         -nan%                0         -nan%
                                                     0         -nan%                0         -nan%
                                                  -nan         -nan              -nan         -nan

PREF_HIT_BY_DEMAND_IFETCH                            0         -nan%                0         -nan%
PREF_HIT_BY_DEMAND_DFETCH                            0         -nan%                0         -nan%
PREF_HIT_BY_DEMAND_DSTORE                            0         -nan%                0         -nan%
PREF_HIT_BY_DEMAND_IPREF                             0         -nan%                0         -nan%
PREF_HIT_BY_DEMAND_DPRF                              0         -nan%                0         -nan%
PREF_HIT_BY_DEMAND_WB                                0         -nan%                0         -nan%
PREF_HIT_BY_PREF                                     0         -nan%                0         -nan%
                                                     0         -nan%                0         -nan%
                                                  -nan         -nan              -nan         -nan

PREF_HIT_DEMAND_IFETCH                               0         -nan%                0         -nan%
PREF_HIT_DEMAND_DFETCH                               0         -nan%                0         -nan%
PREF_HIT_DEMAND_DSTORE                               0         -nan%                0         -nan%
PREF_HIT_DEMAND_IPREF                                0         -nan%                0         -nan%
PREF_HIT_DEMAND_DPRF                                 0         -nan%                0         -nan%
PREF_HIT_DEMAND_WB                                   0         -nan%                0         -nan%
                                                     0         -nan%                0         -nan%
                                                  -nan         -nan              -nan         -nan

PREF_L1_FILL                                         0         -nan%                0         -nan%
DEMAND_L1_FILL                                       0         -nan%                0         -nan%
                                                     0         -nan%                0         -nan%
                                                  -nan         -nan              -nan         -nan

TOUCH_L1_REPLACE                                     0        0.000%                0        0.000%
NO_TOUCH_L1_REPLACE                            1842452      100.000%          1842452      100.000%
                                               1842452      100.000%          1842452      100.000%
                                                  1.00         1.00              1.00         1.00

PREF_REQ_QUE_FULL                                    0                              0              

STREAM_REQ_QUEUE_HIT_BY_DEMAND                       0                              0              

L2HIT_STREAM_PREF_REQ_QUE_FULL                       0                              0              

L2HIT_HIT_TRAIN_STREAM                               0         -nan%                0         -nan%
L2HIT_MISS_TRAIN_STREAM                              0         -nan%                0         -nan%
                                                     0         -nan%                0         -nan%
                                                  -nan         -nan              -nan         -nan

L2HIT_STREAM_TRAIN_CREATE                            0                              0              

L2HIT_STREAM_BUFFER_REQ                              0                              0              

L2HIT_STREAM_PREF_DCACHE_HIT                         0         -nan%                0         -nan%
L2HIT_STREAM_PREF_DCACHE_INSERT                      0         -nan%                0         -nan%
L2HIT_STREAM_L2_MISS                                 0         -nan%                0         -nan%
                                                     0         -nan%                0         -nan%
                                                  -nan         -nan              -nan         -nan

L2HIT_STREAM_DCACHE_PORT_FULL                        0                              0              

L2HIT_STREAM_PREF_L1_PORT_FULL                       0                              0              

L2HIT_TRAIN_HIT_DEMAND                               0         -nan%                0         -nan%
L2HIT_TRAIN_MISS_REQ                                 0         -nan%                0         -nan%
                                                     0         -nan%                0         -nan%
                                                  -nan         -nan              -nan         -nan

L2HIT_TRAIN_FILTER_MISS                              0         -nan%                0         -nan%
L2HIT_TRAIN_FILTER_HIT                               0         -nan%                0         -nan%
                                                     0         -nan%                0         -nan%
                                                  -nan         -nan              -nan         -nan

L2HIT_PREF_REQ_DCACHE_HIT                            0         -nan%                0         -nan%
L2HIT_PREF_REQ_DCACHE_MISS                           0         -nan%                0         -nan%
                                                     0         -nan%                0         -nan%
                                                  -nan         -nan              -nan         -nan

L2HIT_L2SEND_Q_FULL                                  0         -nan%                0         -nan%
L2HIT_L2SEND_Q_ENTER                                 0         -nan%                0         -nan%
                                                     0         -nan%                0         -nan%
                                                  -nan         -nan              -nan         -nan

L2HIT_MEM_REQ                                        0                              0              

REMOVE_REDUNDANT_STREAM_STAT                         0                              0              

REPLACE_OLD_STREAM                              982908                         982908              

REQ_SEND_QUEUE_STALL                                 0                              0              

STREAM_ENTER_RA                                      0                              0              

CORE_STREAM_LENGTH_0                              1233        5.806%             1233        5.806%
CORE_STREAM_LENGTH_10                            12523       58.968%            12523       58.968%
CORE_STREAM_LENGTH_20                             4789       22.550%             4789       22.550%
CORE_STREAM_LENGTH_30                              975        4.591%              975        4.591%
CORE_STREAM_LENGTH_40                              492        2.317%              492        2.317%
CORE_STREAM_LENGTH_50                              282        1.328%              282        1.328%
CORE_STREAM_LENGTH_60                              149        0.702%              149        0.702%
CORE_STREAM_LENGTH_70                              124        0.584%              124        0.584%
CORE_STREAM_LENGTH_80                              107        0.504%              107        0.504%
CORE_STREAM_LENGTH_90                               71        0.334%               71        0.334%
CORE_STREAM_LENGTH_100_P                           492        2.317%              492        2.317%
                                                 21237      100.000%            21237      100.000%
                                                  1.72         1.73              1.72         1.73

CORE_CUM_STREAM_LENGTH_0                         10084        1.039%            10084        1.039%
CORE_CUM_STREAM_LENGTH_10                       188000       19.373%           188000       19.373%
CORE_CUM_STREAM_LENGTH_20                       108577       11.189%           108577       11.189%
CORE_CUM_STREAM_LENGTH_30                        32602        3.360%            32602        3.360%
CORE_CUM_STREAM_LENGTH_40                        21828        2.249%            21828        2.249%
CORE_CUM_STREAM_LENGTH_50                        15320        1.579%            15320        1.579%
CORE_CUM_STREAM_LENGTH_60                         9549        0.984%             9549        0.984%
CORE_CUM_STREAM_LENGTH_70                         9232        0.951%             9232        0.951%
CORE_CUM_STREAM_LENGTH_80                         9083        0.936%             9083        0.936%
CORE_CUM_STREAM_LENGTH_90                         6657        0.686%             6657        0.686%
CORE_CUM_STREAM_LENGTH_100_P                    559490       57.654%           559490       57.654%
                                                970422      100.000%           970422      100.000%
                                                  6.71         6.46              6.71         6.46

CORE_STREAM_TRAIN_HITS_0                         18260       85.982%            18260       85.982%
CORE_STREAM_TRAIN_HITS_10                         1929        9.083%             1929        9.083%
CORE_STREAM_TRAIN_HITS_20                          480        2.260%              480        2.260%
CORE_STREAM_TRAIN_HITS_30                          156        0.735%              156        0.735%
CORE_STREAM_TRAIN_HITS_40                           80        0.377%               80        0.377%
CORE_STREAM_TRAIN_HITS_50                           34        0.160%               34        0.160%
CORE_STREAM_TRAIN_HITS_60                           35        0.165%               35        0.165%
CORE_STREAM_TRAIN_HITS_70                           29        0.137%               29        0.137%
CORE_STREAM_TRAIN_HITS_80                           17        0.080%               17        0.080%
CORE_STREAM_TRAIN_HITS_90                            6        0.028%                6        0.028%
CORE_STREAM_TRAIN_HITS_100_P                       211        0.994%              211        0.994%
                                                 21237      100.000%            21237      100.000%
                                                  0.31         1.17              0.31         1.17

CORE_CUM_STREAM_TRAIN_HITS_0                    107613       26.533%           107613       26.533%
CORE_CUM_STREAM_TRAIN_HITS_10                    24468        6.033%            24468        6.033%
CORE_CUM_STREAM_TRAIN_HITS_20                    11340        2.796%            11340        2.796%
CORE_CUM_STREAM_TRAIN_HITS_30                     5302        1.307%             5302        1.307%
CORE_CUM_STREAM_TRAIN_HITS_40                     3497        0.862%             3497        0.862%
CORE_CUM_STREAM_TRAIN_HITS_50                     1841        0.454%             1841        0.454%
CORE_CUM_STREAM_TRAIN_HITS_60                     2233        0.551%             2233        0.551%
CORE_CUM_STREAM_TRAIN_HITS_70                     2175        0.536%             2175        0.536%
CORE_CUM_STREAM_TRAIN_HITS_80                     1429        0.352%             1429        0.352%
CORE_CUM_STREAM_TRAIN_HITS_90                      572        0.141%              572        0.141%
CORE_CUM_STREAM_TRAIN_HITS_100_P                245105       60.434%           245105       60.434%
                                                405575      100.000%           405575      100.000%
                                                  6.37         5.91              6.37         5.91

CORE_STREAM_TRAIN_CREATE                        982924                         982924              



