Scarab gitrev: 377a8dea
Warning: Scarab expects the trace file type to include OFFLINE_FILE_TYPE_ARCH_REGDEPS (0x20000), but got type: 0xe40
Scarab started at Thu Jul 16 23:50:27 2026

Initialized Ramulator. 
** Heartbeat:   1% -- { 1000007 } -- 0.00 KIPS (62.50 KIPS)
** Heartbeat:   2% -- { 2000011 } -- 33.33 KIPS (43.48 KIPS)
** Heartbeat:   3% -- { 3000011 } -- 47.62 KIPS (44.78 KIPS)
** Heartbeat:   4% -- { 4000016 } -- 52.63 KIPS (46.51 KIPS)
** Heartbeat:   5% -- { 5000021 } -- 52.63 KIPS (47.62 KIPS)
** Heartbeat:   6% -- { 6000025 } -- 38.46 KIPS (45.80 KIPS)
** Heartbeat:   7% -- { 7000032 } -- 32.26 KIPS (43.21 KIPS)
** Heartbeat:   8% -- { 8000039 } -- 32.26 KIPS (41.45 KIPS)
** Heartbeat:   9% -- { 9000043 } -- 31.25 KIPS (40.00 KIPS)
** Heartbeat:  10% -- { 10000050 } -- 29.41 KIPS (38.61 KIPS)
** Heartbeat:  11% -- { 11000052 } -- 33.33 KIPS (38.06 KIPS)
** Heartbeat:  12% -- { 12000053 } -- 34.48 KIPS (37.74 KIPS)
** Heartbeat:  13% -- { 13000057 } -- 55.56 KIPS (38.69 KIPS)
** Heartbeat:  14% -- { 14000058 } -- 62.50 KIPS (39.77 KIPS)
** Heartbeat:  15% -- { 15000058 } -- 35.71 KIPS (39.47 KIPS)
** Heartbeat:  16% -- { 16000064 } -- 45.45 KIPS (39.80 KIPS)
** Heartbeat:  17% -- { 17000069 } -- 27.78 KIPS (38.81 KIPS)
** Heartbeat:  18% -- { 18000069 } -- 32.26 KIPS (38.38 KIPS)
** Heartbeat:  19% -- { 19000076 } -- 31.25 KIPS (37.92 KIPS)
** Heartbeat:  20% -- { 20000076 } -- 33.33 KIPS (37.66 KIPS)
** Heartbeat:  21% -- { 21000080 } -- 32.26 KIPS (37.37 KIPS)
** Heartbeat:  22% -- { 22000082 } -- 30.30 KIPS (36.97 KIPS)
** Heartbeat:  23% -- { 23000082 } -- 33.33 KIPS (36.80 KIPS)
** Heartbeat:  24% -- { 24000086 } -- 47.62 KIPS (37.15 KIPS)
** Heartbeat:  25% -- { 25000092 } -- 71.43 KIPS (37.88 KIPS)
** Heartbeat:  26% -- { 26000093 } -- 45.45 KIPS (38.12 KIPS)
** Heartbeat:  27% -- { 27000097 } -- 38.46 KIPS (38.14 KIPS)
** Heartbeat:  28% -- { 28000102 } -- 40.00 KIPS (38.20 KIPS)
** Heartbeat:  29% -- { 29000103 } -- 35.71 KIPS (38.11 KIPS)
** Heartbeat:  30% -- { 30000103 } -- 32.26 KIPS (37.88 KIPS)
** Heartbeat:  31% -- { 31000110 } -- 33.33 KIPS (37.71 KIPS)
** Heartbeat:  32% -- { 32000113 } -- 47.62 KIPS (37.96 KIPS)
** Heartbeat:  33% -- { 33000118 } -- 52.63 KIPS (38.28 KIPS)
** Heartbeat:  34% -- { 34000120 } -- 45.45 KIPS (38.46 KIPS)
** Heartbeat:  35% -- { 35000127 } -- 30.30 KIPS (38.17 KIPS)
** Heartbeat:  36% -- { 36000127 } -- 31.25 KIPS (37.93 KIPS)
** Heartbeat:  37% -- { 37000131 } -- 29.41 KIPS (37.64 KIPS)
** Heartbeat:  38% -- { 38000134 } -- 33.33 KIPS (37.51 KIPS)
** Heartbeat:  39% -- { 39000135 } -- 38.46 KIPS (37.54 KIPS)
** Heartbeat:  40% -- { 40000137 } -- 35.71 KIPS (37.49 KIPS)
** Heartbeat:  41% -- { 41000144 } -- 33.33 KIPS (37.37 KIPS)
** Heartbeat:  42% -- { 42000146 } -- 33.33 KIPS (37.27 KIPS)
** Heartbeat:  43% -- { 43000147 } -- 34.48 KIPS (37.20 KIPS)
** Heartbeat:  44% -- { 44000147 } -- 35.71 KIPS (37.16 KIPS)
** Heartbeat:  45% -- { 45000148 } -- 34.48 KIPS (37.10 KIPS)
** Heartbeat:  46% -- { 46000148 } -- 35.71 KIPS (37.07 KIPS)
** Heartbeat:  47% -- { 47000148 } -- 40.00 KIPS (37.12 KIPS)
** Heartbeat:  48% -- { 48000148 } -- 35.71 KIPS (37.09 KIPS)
** Heartbeat:  49% -- { 49000151 } -- 40.00 KIPS (37.15 KIPS)
** Heartbeat:  50% -- { 50000153 } -- 40.00 KIPS (37.20 KIPS)
** Heartbeat:  51% -- { 51000159 } -- 37.04 KIPS (37.20 KIPS)
** Heartbeat:  52% -- { 52000160 } -- 45.45 KIPS (37.33 KIPS)
** Heartbeat:  53% -- { 53000166 } -- 66.67 KIPS (37.64 KIPS)
** Heartbeat:  54% -- { 54000170 } -- 52.63 KIPS (37.84 KIPS)
** Heartbeat:  55% -- { 55000174 } -- 5.35 KIPS (34.08 KIPS)
** Heartbeat:  56% -- { 56000174 } -- 125.00 KIPS (34.53 KIPS)
** Heartbeat:  57% -- { 57000176 } -- 125.00 KIPS (34.97 KIPS)
** Heartbeat:  58% -- { 58000181 } -- 83.33 KIPS (35.32 KIPS)
** Heartbeat:  59% -- { 59000187 } -- 90.91 KIPS (35.69 KIPS)
Reached end of trace (last_inst) pc=0x7ffff3daa0f1
** Core 0 Finished:    insts:59999999    cycles:86456078    time:27017524375000      -- 0.69 IPC (0.69 IPC) --  N/A  KIPS (36.06 KIPS)
Scarab finished at Fri Jul 17 00:18:11 2026

