/* -*- Mode: c -*- */
####################################################################################################
Core 0
####################################################################################################
Cumulative:        Cycles: 17565961              Instructions: 30000000              IPC: 1.70785

Periodic:          Cycles: 5932455               Instructions: 9999998               IPC: 1.68564

EXECUTION_TIME                           1853892187500                  5489362812500              

SIM_HOST_WALL_SECONDS                       160.930427                     160.930427              

NODE_CYCLE                                     5932455                       17565961              

NODE_INST_COUNT                               10635101                       31897067              

NODE_INST_COUNT_FETCHED                        9999998                       30000000              

NODE_UOP_COUNT                                15181310                       45507425              

EXEC_STAGE_NO_ISSUE_STALL_CYCLE                3476385                       10435772              

EXEC_STAGE_NO_ISSUE_STALL_CYCLE_ONPATH         3176637                        9516764              

FULL_WINDOW_STALL                                  513        0.009%             5882        0.033%

FULL_WINDOW_MEM_OP                                 489       99.796%             5671       99.789%
FULL_WINDOW_FP_OP                                    0        0.000%                0        0.000%
FULL_WINDOW_OTHER_OP                                 1        0.204%               12        0.211%
                                                   490      100.000%             5683      100.000%
                                                  0.00         0.09              0.00         0.09

RET_BLOCKED_DC_MISS                            2688405       45.317%          7792582       44.362%

RET_BLOCKED_L1_MISS                            1892834       31.906%          5425419       30.886%

RET_BLOCKED_L1_MISS_BW_PREF                          0        0.000%              361        0.002%

RET_BLOCKED_L1_ACCESS                           795691       13.413%          2367807       13.480%

RET_BLOCKED_MEM_STALL                          1892834       31.906%          5425484       30.886%

RET_BLOCKED_OFFCHIP_DEMAND                           0        0.000%                0        0.000%

OP_ISSUED                                     16012024                       48073459              

OP_RETIRED                                    15181310                       45507425              

OP_MACRO_FUSION_ONPATH                         1051950                        3157690              

OP_MACRO_FUSION_OFFPATH                          89441                         282208              

REPLAY_SIGNALED                                      0                              0              

REPLAY_COUNTED                                       0                              0              

OFF_CRITICAL_PATH                                    0         -nan%                0         -nan%
ON_CRITICAL_PATH                                     0         -nan%                0         -nan%
                                                     0         -nan%                0         -nan%
                                                  -nan         -nan              -nan         -nan

LD_NO_DEPENDENTS                                202870        8.610%           607726        8.598%
LD_DEPENDENTS                                  2153311       91.390%          6460232       91.402%
                                               2356181      100.000%          7067958      100.000%
                                                  0.91         0.88              0.91         0.88

LD_EXEC_CYCLES_0                                     0        0.000%                0        0.000%
LD_EXEC_CYCLES_1                                     0        0.000%                0        0.000%
LD_EXEC_CYCLES_2                                224014       43.444%           671677       43.330%
LD_EXEC_CYCLES_3                                 39060        7.575%           117171        7.559%
LD_EXEC_CYCLES_4                                252568       48.981%           761286       49.111%
                                                515642      100.000%          1550134      100.000%
                                                  3.06         2.34              3.06         2.35

LD_EXEC_MINUS_FETCH_LATENCY                  152937907                      445721573              

LD_RETIRE_MINUS_FETCH_LATENCY                302225245                      880068246              

LD_EXEC_TO_DONE_LATENCY                       21157322                       62425265              

ICACHE_STAGE_STARVED                            345417        7.788%          1051935        8.037%
ICACHE_STAGE_NOT_STARVED                       4089774       92.212%         12036467       91.963%
                                               4435191      100.000%         13088402      100.000%
                                                  0.92         0.89              0.92         0.89

ICACHE_STAGE_STALLED                           1426833       24.051%          4060331       23.115%
ICACHE_STAGE_NOT_STALLED                       3008358       50.710%          9028071       51.395%
ICACHE_STAGE_OFF_PATH                          1497264       25.239%          4477559       25.490%
                                               5932455      100.000%         17565961      100.000%
                                                  1.01         0.71              1.02         0.71

DECODE_STAGE_STARVED                           4026401       82.521%         11887957       82.344%
DECODE_STAGE_NOT_STARVED                        852829       17.479%          2549059       17.656%
                                               4879230      100.000%         14437016      100.000%
                                                  0.17         0.35              0.18         0.35

DECODE_STAGE_STALLED                            454855        7.667%          1328485        7.563%
DECODE_STAGE_NOT_STALLED                       4424375       74.579%         13108531       74.625%
DECODE_STAGE_OFF_PATH                          1053225       17.754%          3128945       17.813%
                                               5932455      100.000%         17565961      100.000%
                                                  1.10         0.61              1.10         0.61

UOPQ_STAGE_STARVED                             1353211       41.878%          4095937       42.197%
UOPQ_STAGE_NOT_STARVED                         1878096       58.122%          5610712       57.803%
                                               3231307      100.000%          9706649      100.000%
                                                  0.58         0.55              0.58         0.54

UOPQ_STAGE_STALLED                             1315506       22.175%          3749753       21.347%
UOPQ_STAGE_NOT_STALLED                         3231307       54.468%          9706649       55.258%
UOPQ_STAGE_OFF_PATH                            1385642       23.357%          4109559       23.395%
                                               5932455      100.000%         17565961      100.000%
                                                  1.01         0.68              1.02         0.68

RS_OP_READY_NOT_ISSUED_TOTAL                   7309182                       21908449              

RS_0_OP_READY_NOT_ISSUED                       6878883                       20612673              

RS_1_OP_READY_NOT_ISSUED                        239673                         727952              

RS_2_OP_READY_NOT_ISSUED                        190626                         567824              

RS_3_OP_READY_NOT_ISSUED                             0                              0              

RS_4_OP_READY_NOT_ISSUED                             0                              0              

RS_5_OP_READY_NOT_ISSUED                             0                              0              

RS_6_OP_READY_NOT_ISSUED                             0                              0              

RS_7_OP_READY_NOT_ISSUED                             0                              0              

RS_7_PLUS_OP_READY_NOT_ISSUED                        0                              0              

FU_IDLE_NO_READY_OPS_TOTAL                    32264074                       94416742              

FU_0_IDLE_NO_READY_OPS                         2464195                        7151893              

FU_1_IDLE_NO_READY_OPS                         2554379                        7424539              

FU_2_IDLE_NO_READY_OPS                         3969192                       11666357              

FU_3_IDLE_NO_READY_OPS                         3969367                       11666158              

FU_4_IDLE_NO_READY_OPS                         2565706                        7457802              

FU_5_IDLE_NO_READY_OPS                         2464288                        7151565              

FU_6_IDLE_NO_READY_OPS                         3868110                       11379792              

FU_7_IDLE_NO_READY_OPS                         3868545                       11380530              

FU_8_IDLE_NO_READY_OPS                         2570202                        7470596              

FU_9_IDLE_NO_READY_OPS                         3970090                       11667510              

FU_10_IDLE_NO_READY_OPS                              0                              0              

FU_11_IDLE_NO_READY_OPS                              0                              0              

FU_12_IDLE_NO_READY_OPS                              0                              0              

FU_13_IDLE_NO_READY_OPS                              0                              0              

FU_14_IDLE_NO_READY_OPS                              0                              0              

FU_15_IDLE_NO_READY_OPS                              0                              0              

FU_16_IDLE_NO_READY_OPS                              0                              0              

FU_17_IDLE_NO_READY_OPS                              0                              0              

FU_18_IDLE_NO_READY_OPS                              0                              0              

FU_19_IDLE_NO_READY_OPS                              0                              0              

FU_20_IDLE_NO_READY_OPS                              0                              0              

FU_21_IDLE_NO_READY_OPS                              0                              0              

FU_22_IDLE_NO_READY_OPS                              0                              0              

FU_23_IDLE_NO_READY_OPS                              0                              0              

FU_24_IDLE_NO_READY_OPS                              0                              0              

FU_25_IDLE_NO_READY_OPS                              0                              0              

FU_26_IDLE_NO_READY_OPS                              0                              0              

FU_27_IDLE_NO_READY_OPS                              0                              0              

FU_28_IDLE_NO_READY_OPS                              0                              0              

FU_29_IDLE_NO_READY_OPS                              0                              0              

FU_30_IDLE_NO_READY_OPS                              0                              0              

FU_31_IDLE_NO_READY_OPS                              0                              0              

FU_31_PLUS_IDLE_NO_READY_OPS                         0                              0              

MAP_STAGE_STARVED                               312545       10.053%           968602       10.350%
MAP_STAGE_NOT_STARVED                          2796302       89.947%          8390138       89.650%
                                               3108847      100.000%          9358740      100.000%
                                                  0.90         0.86              0.90         0.85

MAP_STAGE_STALLED                                 5827        0.173%            18344        0.181%
MAP_STAGE_NOT_STALLED                          3103020       92.339%          9340396       92.012%
MAP_STAGE_OFF_PATH                              251603        7.487%           792498        7.807%
                                               3360450      100.000%         10151238      100.000%
                                                  1.07         0.39              1.08         0.40

MAP_STAGE_STALL_ITSELF                         2572005       43.355%          7414723       42.211%
MAP_STAGE_NOT_STALL_ITSELF                     3360450       56.645%         10151238       57.789%
                                               5932455      100.000%         17565961      100.000%
                                                  0.57         0.54              0.58         0.54

MAP_STAGE_LATE_ALLOCATE_SEND_BACK                    0                              0              

MAP_STAGE_RENAME_OP_ONPATH                    15181204                       45507425              

MAP_STAGE_RENAME_OP_OFFPATH                    1308608                        4052650              

MAP_STAGE_RENAME_INT_REG_ONPATH               11962857                       35860856              

MAP_STAGE_RENAME_INT_REG_OFFPATH               1093592                        3350245              

MAP_STAGE_RENAME_VEC_REG_ONPATH                  45085                         135363              

MAP_STAGE_RENAME_VEC_REG_OFFPATH                  2757                           9192              

MAP_STAGE_RENAME_MOVE_ELIM_ONPATH                    0                              0              

MAP_STAGE_RENAME_MOVE_ELIM_OFFPATH                   0                              0              

REG_FILE_UTIL_SAMPLES                          5932455                       17565961              

REG_FILE_INT_PHYS_REGS_SUM                  1661087400                     4918469080              

REG_FILE_VEC_PHYS_REGS_SUM                  1969575060                     5831899052              

REG_FILE_INT_OCCUPIED_SUM                   1137641202                     3332996064              

REG_FILE_VEC_OCCUPIED_SUM                    196201413                      580740443              

MAP_STAGE_ONPATH_INT_REG_NUM_ALLOC            11962940                       35860836              

MAP_STAGE_ONPATH_VEC_REG_NUM_ALLOC               45085                         135359              

MAP_STAGE_ONPATH_INT_REG_NUM_SHORTLIVE         4921332                       14754775              

MAP_STAGE_ONPATH_VEC_REG_NUM_SHORTLIVE           20810                          62357              

MAP_STAGE_ONPATH_INT_REG_USE_COUNT_0           2440027                        7313175              

MAP_STAGE_ONPATH_VEC_REG_USE_COUNT_0                 0                              0              

MAP_STAGE_ONPATH_INT_REG_USE_COUNT_1           5351443                       16050257              

MAP_STAGE_ONPATH_VEC_REG_USE_COUNT_1             39077                         117287              

MAP_STAGE_ONPATH_INT_REG_USE_COUNT_2           3324210                        9957793              

MAP_STAGE_ONPATH_VEC_REG_USE_COUNT_2              5748                          17296              

MAP_STAGE_ONPATH_INT_REG_USE_COUNT_3            508589                        1524691              

MAP_STAGE_ONPATH_VEC_REG_USE_COUNT_3               260                            776              

MAP_STAGE_ONPATH_INT_REG_USE_COUNT_4            101100                         302402              

MAP_STAGE_ONPATH_VEC_REG_USE_COUNT_4                 0                              0              

MAP_STAGE_ONPATH_INT_REG_USE_COUNT_5             61048                         182475              

MAP_STAGE_ONPATH_VEC_REG_USE_COUNT_5                 0                              0              

MAP_STAGE_ONPATH_INT_REG_USE_COUNT_6             35353                         106701              

MAP_STAGE_ONPATH_VEC_REG_USE_COUNT_6                 0                              0              

MAP_STAGE_ONPATH_INT_REG_USE_COUNT_7_PLUS        141170                         423342              

MAP_STAGE_ONPATH_VEC_REG_USE_COUNT_7_PLUS             0                              0              

MAP_STAGE_ONPATH_INT_REG_CONSUME_DIST_0              0        0.0000                0        0.0000

MAP_STAGE_ONPATH_VEC_REG_CONSUME_DIST_0              0          -nan                0          -nan

MAP_STAGE_ONPATH_INT_REG_CONSUME_DIST_1              0        0.0000                0        0.0000

MAP_STAGE_ONPATH_VEC_REG_CONSUME_DIST_1              0        0.0000                0        0.0000

MAP_STAGE_ONPATH_INT_REG_CONSUME_DIST_2        9845304        2.9617         29056547        2.9180

MAP_STAGE_ONPATH_VEC_REG_CONSUME_DIST_2        2190927      381.1634          6510984      376.4445

MAP_STAGE_ONPATH_INT_REG_CONSUME_DIST_3       12257264       24.1005         35493291       23.2790

MAP_STAGE_ONPATH_VEC_REG_CONSUME_DIST_3            522        2.0077             1566        2.0180

MAP_STAGE_ONPATH_INT_REG_CONSUME_DIST_4        3209196       31.7428          9277139       30.6782

MAP_STAGE_ONPATH_VEC_REG_CONSUME_DIST_4              0          -nan                0          -nan

MAP_STAGE_ONPATH_INT_REG_CONSUME_DIST_5        2667527       43.6956          7814914       42.8273

MAP_STAGE_ONPATH_VEC_REG_CONSUME_DIST_5              0          -nan                0          -nan

MAP_STAGE_ONPATH_INT_REG_CONSUME_DIST_6         946100       26.7615          2773563       25.9938

MAP_STAGE_ONPATH_VEC_REG_CONSUME_DIST_6              0          -nan                0          -nan

MAP_STAGE_ONPATH_INT_REG_CONSUME_DIST_7_PLUS       8499491       60.2075         25105936       59.3041

MAP_STAGE_ONPATH_VEC_REG_CONSUME_DIST_7_PLUS             0          -nan                0          -nan

MAP_STAGE_INT_REG_ISSUE_READ_TOTAL_CONSUMED      18387735        5.2893         55145038        5.2842

MAP_STAGE_VEC_REG_ISSUE_READ_TOTAL_CONSUMED         51646        0.0149           155174        0.0149

MAP_STAGE_INT_REG_ISSUE_READ_MULTI_CONSUMED       8379972        2.4105         25119508        2.4071

MAP_STAGE_VEC_REG_ISSUE_READ_MULTI_CONSUMED          6269        0.0018            18851        0.0018

MAP_STAGE_INT_REG_ISSUE_READ_SAME_CYCLE_CONSUMED       4136822        1.1900         12403128        1.1885

MAP_STAGE_VEC_REG_ISSUE_READ_SAME_CYCLE_CONSUMED             0        0.0000                1        0.0000

MAP_STAGE_INT_REG_ISSUE_READ_TOTAL_CONSUMED_ONPATH      17582351        5.5349         52682174        5.5357

MAP_STAGE_VEC_REG_ISSUE_READ_TOTAL_CONSUMED_ONPATH         51353        0.0162           154212        0.0162

MAP_STAGE_INT_REG_ISSUE_READ_MULTI_CONSUMED_ONPATH       8059467        2.5371         24134488        2.5360

MAP_STAGE_VEC_REG_ISSUE_READ_MULTI_CONSUMED_ONPATH          6268        0.0020            18848        0.0020

MAP_STAGE_INT_REG_ISSUE_READ_SAME_CYCLE_CONSUMED_ONPATH       3930642        1.2374         11775998        1.2374

MAP_STAGE_VEC_REG_ISSUE_READ_SAME_CYCLE_CONSUMED_ONPATH             0        0.0000                1        0.0000

MAP_STAGE_ONPATH_INT_REG_LIFECYCLE_EMPTY     296811853                      873740323              

MAP_STAGE_ONPATH_VEC_REG_LIFECYCLE_EMPTY       5422864                       15767107              

MAP_STAGE_ONPATH_INT_REG_LIFECYCLE_IN_USE     489570620                     1438594352              

MAP_STAGE_ONPATH_VEC_REG_LIFECYCLE_IN_USE       7825880                       22916355              

MAP_STAGE_ONPATH_INT_REG_LIFECYCLE_SPEC_RELEASE     908417334                     2664630066              

MAP_STAGE_ONPATH_VEC_REG_LIFECYCLE_SPEC_RELEASE      29773840                       87845233              

MAP_STAGE_ONPATH_INT_REG_LIFECYCLE_NONSPEC_RELEASE     908417334                     2664630066              

MAP_STAGE_ONPATH_VEC_REG_LIFECYCLE_NONSPEC_RELEASE      29773840                       87845233              

MAP_STAGE_ONPATH_INT_REG_LIFECYCLE_TOTAL     908417334                     2664630066              

MAP_STAGE_ONPATH_VEC_REG_LIFECYCLE_TOTAL      29773840                       87845233              

MAP_STAGE_ONPATH_INT_REG_NUM_NONBRANCH        11962940                       35860836              

MAP_STAGE_ONPATH_VEC_REG_NUM_NONBRANCH           45085                         135359              

MAP_STAGE_ONPATH_INT_REG_NUM_NONEXCEPT        11962940                       35860836              

MAP_STAGE_ONPATH_VEC_REG_NUM_NONEXCEPT           45085                         135359              

MAP_STAGE_ONPATH_INT_REG_NUM_ATOMIC           11962940                       35860836              

MAP_STAGE_ONPATH_VEC_REG_NUM_ATOMIC              45085                         135359              

MAP_STAGE_ONPATH_INT_REG_ATOMIC_REDEFINED_DIST_TOTAL     908417334       75.9360       2664630066       74.3047

MAP_STAGE_ONPATH_VEC_REG_ATOMIC_REDEFINED_DIST_TOTAL      29773840      660.3935         87845233      648.9796

MAP_STAGE_ONPATH_INT_REG_ATOMIC_CONSUMED_DIST_TOTAL     489570620       40.9239       1438594352       40.1160

MAP_STAGE_ONPATH_VEC_REG_ATOMIC_CONSUMED_DIST_TOTAL       7825880      173.5806         22916355      169.3006

MAP_STAGE_ONPATH_INT_REG_ATOMIC_RELEASE_DIST_TOTAL     908417334       75.9360       2664630066       74.3047

MAP_STAGE_ONPATH_VEC_REG_ATOMIC_RELEASE_DIST_TOTAL      29773840      660.3935         87845233      648.9796

EXEC_STAGE_STARVED                             4542319       76.567%         13440784       76.516%
EXEC_STAGE_NOT_STARVED                          282801        4.767%           846649        4.820%
EXEC_STAGE_OFF_PATH                            1107335       18.666%          3278528       18.664%
                                               5932455      100.000%         17565961      100.000%
                                                  0.42         0.72              0.42         0.72

FU_BUSY_0                                      2598186                        7799361              

FU_BUSY_1                                      2092405                        6283498              

FU_BUSY_2                                       887295                        2666396              

FU_BUSY_3                                       886978                        2667802              

FU_BUSY_4                                      1970007                        5919401              

FU_BUSY_5                                      2717718                        8157744              

FU_BUSY_6                                      1065670                        3194201              

FU_BUSY_7                                      1064814                        3192606              

FU_BUSY_8                                      2041315                        6127855              

FU_BUSY_9                                       886914                        2666644              

FU_BUSY_10                                           0                              0              

FU_BUSY_11                                           0                              0              

FU_BUSY_12                                           0                              0              

FU_BUSY_13                                           0                              0              

FU_BUSY_14                                           0                              0              

FU_BUSY_15                                           0                              0              

FU_BUSY_16                                           0                              0              

FU_BUSY_17                                           0                              0              

FU_BUSY_18                                           0                              0              

FU_BUSY_19                                           0                              0              

FU_BUSY_20                                           0                              0              

FU_BUSY_21                                           0                              0              

FU_BUSY_22                                           0                              0              

FU_BUSY_23                                           0                              0              

FU_BUSY_24                                           0                              0              

FU_BUSY_25                                           0                              0              

FU_BUSY_26                                           0                              0              

FU_BUSY_27                                           0                              0              

FU_BUSY_28                                           0                              0              

FU_BUSY_29                                           0                              0              

FU_BUSY_30                                           0                              0              

FU_BUSY_31                                           0                              0              

FU_REJECTED_OP_INV_NOT_SIMD                          0        0.000%                0        0.000%
FU_REJECTED_OP_NOP_NOT_SIMD                        156        0.149%              464        0.147%
FU_REJECTED_OP_CF_NOT_SIMD                       15578       14.888%            47533       15.070%
FU_REJECTED_OP_MOV_NOT_SIMD                       3271        3.126%             9844        3.121%
FU_REJECTED_OP_CMOV_NOT_SIMD                         0        0.000%                0        0.000%
FU_REJECTED_OP_LDA_NOT_SIMD                       4132        3.949%            12228        3.877%
FU_REJECTED_OP_IMEM_NOT_SIMD                     54370       51.962%           164003       51.995%
FU_REJECTED_OP_IADD_NOT_SIMD                     14657       14.008%            44195       14.012%
FU_REJECTED_OP_IMUL_NOT_SIMD                      7385        7.058%            21872        6.934%
FU_REJECTED_OP_IDIV_NOT_SIMD                         1        0.001%                8        0.003%
FU_REJECTED_OP_ICMP_NOT_SIMD                         0        0.000%                0        0.000%
FU_REJECTED_OP_LOGIC_NOT_SIMD                      547        0.523%             1603        0.508%
FU_REJECTED_OP_SHIFT_NOT_SIMD                      682        0.652%             2019        0.640%
FU_REJECTED_OP_FMEM_NOT_SIMD                      2672        2.554%             8231        2.610%
FU_REJECTED_OP_FCVT_NOT_SIMD                         0        0.000%                0        0.000%
FU_REJECTED_OP_FADD_NOT_SIMD                         0        0.000%                0        0.000%
FU_REJECTED_OP_FMUL_NOT_SIMD                         0        0.000%                0        0.000%
FU_REJECTED_OP_FMA_NOT_SIMD                          0        0.000%                0        0.000%
FU_REJECTED_OP_FDIV_NOT_SIMD                         0        0.000%                0        0.000%
FU_REJECTED_OP_FCMP_NOT_SIMD                         0        0.000%                0        0.000%
FU_REJECTED_OP_FCMOV_NOT_SIMD                        0        0.000%                0        0.000%
FU_REJECTED_OP_GATHER_NOT_SIMD                       0        0.000%                0        0.000%
FU_REJECTED_OP_SCATTER_NOT_SIMD                      0        0.000%                0        0.000%
FU_REJECTED_OP_PIPELINED_FAST_NOT_SIMD               0        0.000%                0        0.000%
FU_REJECTED_OP_PIPELINED_MEDIUM_NOT_SIMD             0        0.000%                0        0.000%
FU_REJECTED_OP_PIPELINED_SLOW_NOT_SIMD               0        0.000%                0        0.000%
FU_REJECTED_OP_NOTPIPELINED_MEDIUM_NOT_SIMD             0        0.000%                0        0.000%
FU_REJECTED_OP_NOTPIPELINED_SLOW_NOT_SIMD             0        0.000%                0        0.000%
FU_REJECTED_OP_NOTPIPELINED_VERY_SLOW_NOT_SIMD             0        0.000%                3        0.001%
FU_REJECTED_OP_INV_SIMD                              0        0.000%                0        0.000%
FU_REJECTED_OP_NOP_SIMD                              0        0.000%                0        0.000%
FU_REJECTED_OP_CF_SIMD                               0        0.000%                0        0.000%
FU_REJECTED_OP_MOV_SIMD                              0        0.000%                0        0.000%
FU_REJECTED_OP_CMOV_SIMD                             0        0.000%                0        0.000%
FU_REJECTED_OP_LDA_SIMD                              0        0.000%                0        0.000%
FU_REJECTED_OP_IMEM_SIMD                             0        0.000%                0        0.000%
FU_REJECTED_OP_IADD_SIMD                             0        0.000%                0        0.000%
FU_REJECTED_OP_IMUL_SIMD                             0        0.000%                0        0.000%
FU_REJECTED_OP_IDIV_SIMD                             0        0.000%                0        0.000%
FU_REJECTED_OP_ICMP_SIMD                             0        0.000%                0        0.000%
FU_REJECTED_OP_LOGIC_SIMD                            9        0.009%               27        0.009%
FU_REJECTED_OP_SHIFT_SIMD                            0        0.000%                0        0.000%
FU_REJECTED_OP_FMEM_SIMD                             0        0.000%                0        0.000%
FU_REJECTED_OP_FCVT_SIMD                           225        0.215%              632        0.200%
FU_REJECTED_OP_FADD_SIMD                            19        0.018%               62        0.020%
FU_REJECTED_OP_FMUL_SIMD                             0        0.000%                0        0.000%
FU_REJECTED_OP_FMA_SIMD                              0        0.000%                0        0.000%
FU_REJECTED_OP_FDIV_SIMD                             0        0.000%                0        0.000%
FU_REJECTED_OP_FCMP_SIMD                             0        0.000%                0        0.000%
FU_REJECTED_OP_FCMOV_SIMD                            0        0.000%                0        0.000%
FU_REJECTED_OP_GATHER_SIMD                           0        0.000%                0        0.000%
FU_REJECTED_OP_SCATTER_SIMD                          0        0.000%                0        0.000%
FU_REJECTED_OP_PIPELINED_FAST_SIMD                   0        0.000%                0        0.000%
FU_REJECTED_OP_PIPELINED_MEDIUM_SIMD                 0        0.000%                0        0.000%
FU_REJECTED_OP_PIPELINED_SLOW_SIMD                 930        0.889%             2695        0.854%
FU_REJECTED_OP_NOTPIPELINED_MEDIUM_SIMD              0        0.000%                0        0.000%
FU_REJECTED_OP_NOTPIPELINED_SLOW_SIMD                0        0.000%                0        0.000%
FU_REJECTED_OP_NOTPIPELINED_VERY_SLOW_SIMD             0        0.000%                0        0.000%
                                                104634      100.000%           315419      100.000%
                                                  6.31         5.34              6.28         5.25

LSQ_FULL_TOTAL                                    5827                          18349              

LSQ_FULL_LOAD_QUEUE                                  0                              0              

LSQ_FULL_STORE_QUEUE                              5827                          18349              

OP_WAIT_0                                     10945824                       32800221              

OP_WAIT_1                                      2497207                        7518101              

OP_WAIT_2                                       535256                        1602885              

OP_WAIT_3                                       214538                         649902              

OP_WAIT_4                                       127759                         384062              

OP_WAIT_5                                        94757                         282564              

OP_WAIT_6                                        56806                         171707              

OP_WAIT_7                                        52229                         155714              

OP_WAIT_8                                        44073                         134584              

OP_WAIT_9                                        31517                          94968              

OP_WAIT_10                                       32158                          95909              

OP_WAIT_11                                       27683                          82804              

OP_WAIT_12                                       36455                         108715              

OP_WAIT_13                                       26790                          78307              

OP_WAIT_14                                       19623                          58282              

OP_WAIT_15                                       17510                          50365              

OP_WAIT_16                                       16269                          49381              

OP_WAIT_17                                       14695                          44081              

OP_WAIT_18                                       13541                          40628              

OP_WAIT_19                                       12388                          37476              

OP_WAIT_20                                       13409                          38709              

OP_WAIT_21                                       12886                          38041              

OP_WAIT_22                                       13824                          40259              

OP_WAIT_23                                       13749                          39459              

OP_WAIT_24                                       10759                          32128              

OP_WAIT_25                                       14273                          41697              

OP_WAIT_26                                       18448                          54345              

OP_WAIT_27                                       10155                          30353              

OP_WAIT_28                                        7804                          23420              

OP_WAIT_29                                        6543                          19314              

OP_WAIT_30                                        5469                          15814              

OP_WAIT_31                                      236913                         693230              

ROW_SIZE_0                                     3160231                        9223594              

ROW_SIZE_1                                      399394                        1203184              

ROW_SIZE_2                                      129365                         390519              

ROW_SIZE_3                                       73961                         221706              

ROW_SIZE_4                                      507714                        1515680              

ROW_SIZE_5                                       61285                         184621              

ROW_SIZE_6                                       60527                         182098              

ROW_SIZE_7                                       51100                         153800              

ROW_SIZE_8                                     1405395                        4212884              

ROW_SIZE_9                                           0                              0              

ROW_SIZE_10                                          0                              0              

ROW_SIZE_11                                          0                              0              

ROW_SIZE_12                                          0                              0              

ROW_SIZE_13                                          0                              0              

ROW_SIZE_14                                          0                              0              

ROW_SIZE_15                                          0                              0              

ROW_SIZE_16                                          0                              0              

ROW_SIZE_17                                          0                              0              

ROW_SIZE_18                                          0                              0              

ROW_SIZE_19                                          0                              0              

ROW_SIZE_20                                          0                              0              

ROW_SIZE_21                                          0                              0              

ROW_SIZE_22                                          0                              0              

ROW_SIZE_23                                          0                              0              

ROW_SIZE_24                                          0                              0              

ROW_SIZE_25                                          0                              0              

ROW_SIZE_26                                          0                              0              

ROW_SIZE_27                                          0                              0              

ROW_SIZE_28                                          0                              0              

ROW_SIZE_29                                          0                              0              

ROW_SIZE_30                                          0                              0              

ROW_SIZE_31                                          0                              0              

RET_OP_EXEC_COUNT_0                                  0        0.000%                0        0.000%
RET_OP_EXEC_COUNT_1                           15181310      100.000%         45507425      100.000%
RET_OP_EXEC_COUNT_2                                  0        0.000%                0        0.000%
RET_OP_EXEC_COUNT_3                                  0        0.000%                0        0.000%
RET_OP_EXEC_COUNT_4                                  0        0.000%                0        0.000%
RET_OP_EXEC_COUNT_5                                  0        0.000%                0        0.000%
RET_OP_EXEC_COUNT_6                                  0        0.000%                0        0.000%
RET_OP_EXEC_COUNT_7                                  0        0.000%                0        0.000%
RET_OP_EXEC_COUNT_8                                  0        0.000%                0        0.000%
RET_OP_EXEC_COUNT_9                                  0        0.000%                0        0.000%
RET_OP_EXEC_COUNT_10                                 0        0.000%                0        0.000%
RET_OP_EXEC_COUNT_11                                 0        0.000%                0        0.000%
RET_OP_EXEC_COUNT_12                                 0        0.000%                0        0.000%
RET_OP_EXEC_COUNT_13                                 0        0.000%                0        0.000%
RET_OP_EXEC_COUNT_14                                 0        0.000%                0        0.000%
RET_OP_EXEC_COUNT_15                                 0        0.000%                0        0.000%
RET_OP_EXEC_COUNT_16                                 0        0.000%                0        0.000%
RET_OP_EXEC_COUNT_17                                 0        0.000%                0        0.000%
RET_OP_EXEC_COUNT_18                                 0        0.000%                0        0.000%
RET_OP_EXEC_COUNT_19                                 0        0.000%                0        0.000%
RET_OP_EXEC_COUNT_20                                 0        0.000%                0        0.000%
RET_OP_EXEC_COUNT_21                                 0        0.000%                0        0.000%
RET_OP_EXEC_COUNT_22                                 0        0.000%                0        0.000%
RET_OP_EXEC_COUNT_23                                 0        0.000%                0        0.000%
RET_OP_EXEC_COUNT_24                                 0        0.000%                0        0.000%
RET_OP_EXEC_COUNT_25                                 0        0.000%                0        0.000%
RET_OP_EXEC_COUNT_26                                 0        0.000%                0        0.000%
RET_OP_EXEC_COUNT_27                                 0        0.000%                0        0.000%
RET_OP_EXEC_COUNT_28                                 0        0.000%                0        0.000%
RET_OP_EXEC_COUNT_29                                 0        0.000%                0        0.000%
RET_OP_EXEC_COUNT_30                                 0        0.000%                0        0.000%
RET_OP_EXEC_COUNT_31                                 0        0.000%                0        0.000%
RET_OP_EXEC_COUNT_32                                 0        0.000%                0        0.000%
                                              15181310      100.000%         45507425      100.000%
                                                  1.00         0.00              1.00         0.00

RET_STALL_LENGTH_0                            15168152       99.913%         45468137       99.914%
RET_STALL_LENGTH_100                              9089        0.060%            28093        0.062%
RET_STALL_LENGTH_200                              3626        0.024%            10255        0.023%
RET_STALL_LENGTH_300                                 9        0.000%               25        0.000%
RET_STALL_LENGTH_400                                48        0.000%               84        0.000%
RET_STALL_LENGTH_500                               132        0.001%              178        0.000%
RET_STALL_LENGTH_600                                46        0.000%               70        0.000%
RET_STALL_LENGTH_700                                13        0.000%               42        0.000%
RET_STALL_LENGTH_800                                19        0.000%               49        0.000%
RET_STALL_LENGTH_900                                15        0.000%               51        0.000%
RET_STALL_LENGTH_1000                               19        0.000%               51        0.000%
RET_STALL_LENGTH_1100                               28        0.000%               68        0.000%
RET_STALL_LENGTH_1200                               76        0.001%              235        0.001%
RET_STALL_LENGTH_1300                               28        0.000%               76        0.000%
RET_STALL_LENGTH_1400                                1        0.000%                1        0.000%
RET_STALL_LENGTH_1500                                1        0.000%                1        0.000%
RET_STALL_LENGTH_1600                                0        0.000%                0        0.000%
RET_STALL_LENGTH_1700                                6        0.000%                7        0.000%
RET_STALL_LENGTH_1800                                2        0.000%                2        0.000%
RET_STALL_LENGTH_1900                                0        0.000%                0        0.000%
RET_STALL_LENGTH_2000                                0        0.000%                0        0.000%
RET_STALL_LENGTH_2100                                0        0.000%                0        0.000%
RET_STALL_LENGTH_2200                                0        0.000%                0        0.000%
RET_STALL_LENGTH_2300                                0        0.000%                0        0.000%
RET_STALL_LENGTH_2400                                0        0.000%                0        0.000%
RET_STALL_LENGTH_2500                                0        0.000%                0        0.000%
RET_STALL_LENGTH_2600                                0        0.000%                0        0.000%
RET_STALL_LENGTH_2700                                0        0.000%                0        0.000%
RET_STALL_LENGTH_2800                                0        0.000%                0        0.000%
RET_STALL_LENGTH_2900                                0        0.000%                0        0.000%
RET_STALL_LENGTH_3000                                0        0.000%                0        0.000%
RET_STALL_LENGTH_3100                                0        0.000%                0        0.000%
RET_STALL_LENGTH_3200                                0        0.000%                0        0.000%
RET_STALL_LENGTH_3300                                0        0.000%                0        0.000%
RET_STALL_LENGTH_3400                                0        0.000%                0        0.000%
RET_STALL_LENGTH_3500                                0        0.000%                0        0.000%
RET_STALL_LENGTH_3600                                0        0.000%                0        0.000%
RET_STALL_LENGTH_3700                                0        0.000%                0        0.000%
RET_STALL_LENGTH_3800                                0        0.000%                0        0.000%
RET_STALL_LENGTH_3900                                0        0.000%                0        0.000%
RET_STALL_LENGTH_4000                                0        0.000%                0        0.000%
RET_STALL_LENGTH_4100                                0        0.000%                0        0.000%
RET_STALL_LENGTH_4200                                0        0.000%                0        0.000%
RET_STALL_LENGTH_4300                                0        0.000%                0        0.000%
RET_STALL_LENGTH_4400                                0        0.000%                0        0.000%
RET_STALL_LENGTH_4500                                0        0.000%                0        0.000%
RET_STALL_LENGTH_4600                                0        0.000%                0        0.000%
RET_STALL_LENGTH_4700                                0        0.000%                0        0.000%
RET_STALL_LENGTH_4800                                0        0.000%                0        0.000%
RET_STALL_LENGTH_4900                                0        0.000%                0        0.000%
RET_STALL_LENGTH_5000                                0        0.000%                0        0.000%
                                              15181310      100.000%         45507425      100.000%
                                                  0.00         0.06              0.00         0.06

MEM_BLOCK_LENGTH_0                                   0         -nan%                1       33.333%
MEM_BLOCK_LENGTH_100                                 0         -nan%                2       66.667%
MEM_BLOCK_LENGTH_200                                 0         -nan%                0        0.000%
MEM_BLOCK_LENGTH_300                                 0         -nan%                0        0.000%
MEM_BLOCK_LENGTH_400                                 0         -nan%                0        0.000%
MEM_BLOCK_LENGTH_500                                 0         -nan%                0        0.000%
MEM_BLOCK_LENGTH_600                                 0         -nan%                0        0.000%
MEM_BLOCK_LENGTH_700                                 0         -nan%                0        0.000%
MEM_BLOCK_LENGTH_800                                 0         -nan%                0        0.000%
MEM_BLOCK_LENGTH_900                                 0         -nan%                0        0.000%
MEM_BLOCK_LENGTH_1000                                0         -nan%                0        0.000%
MEM_BLOCK_LENGTH_1100                                0         -nan%                0        0.000%
MEM_BLOCK_LENGTH_1200                                0         -nan%                0        0.000%
MEM_BLOCK_LENGTH_1300                                0         -nan%                0        0.000%
MEM_BLOCK_LENGTH_1400                                0         -nan%                0        0.000%
MEM_BLOCK_LENGTH_1500                                0         -nan%                0        0.000%
MEM_BLOCK_LENGTH_1600                                0         -nan%                0        0.000%
MEM_BLOCK_LENGTH_1700                                0         -nan%                0        0.000%
MEM_BLOCK_LENGTH_1800                                0         -nan%                0        0.000%
MEM_BLOCK_LENGTH_1900                                0         -nan%                0        0.000%
MEM_BLOCK_LENGTH_2000                                0         -nan%                0        0.000%
MEM_BLOCK_LENGTH_2100                                0         -nan%                0        0.000%
MEM_BLOCK_LENGTH_2200                                0         -nan%                0        0.000%
MEM_BLOCK_LENGTH_2300                                0         -nan%                0        0.000%
MEM_BLOCK_LENGTH_2400                                0         -nan%                0        0.000%
MEM_BLOCK_LENGTH_2500                                0         -nan%                0        0.000%
MEM_BLOCK_LENGTH_2600                                0         -nan%                0        0.000%
MEM_BLOCK_LENGTH_2700                                0         -nan%                0        0.000%
MEM_BLOCK_LENGTH_2800                                0         -nan%                0        0.000%
MEM_BLOCK_LENGTH_2900                                0         -nan%                0        0.000%
MEM_BLOCK_LENGTH_3000                                0         -nan%                0        0.000%
MEM_BLOCK_LENGTH_3100                                0         -nan%                0        0.000%
MEM_BLOCK_LENGTH_3200                                0         -nan%                0        0.000%
MEM_BLOCK_LENGTH_3300                                0         -nan%                0        0.000%
MEM_BLOCK_LENGTH_3400                                0         -nan%                0        0.000%
MEM_BLOCK_LENGTH_3500                                0         -nan%                0        0.000%
MEM_BLOCK_LENGTH_3600                                0         -nan%                0        0.000%
MEM_BLOCK_LENGTH_3700                                0         -nan%                0        0.000%
MEM_BLOCK_LENGTH_3800                                0         -nan%                0        0.000%
MEM_BLOCK_LENGTH_3900                                0         -nan%                0        0.000%
MEM_BLOCK_LENGTH_4000                                0         -nan%                0        0.000%
MEM_BLOCK_LENGTH_4100                                0         -nan%                0        0.000%
MEM_BLOCK_LENGTH_4200                                0         -nan%                0        0.000%
MEM_BLOCK_LENGTH_4300                                0         -nan%                0        0.000%
MEM_BLOCK_LENGTH_4400                                0         -nan%                0        0.000%
MEM_BLOCK_LENGTH_4500                                0         -nan%                0        0.000%
MEM_BLOCK_LENGTH_4600                                0         -nan%                0        0.000%
MEM_BLOCK_LENGTH_4700                                0         -nan%                0        0.000%
MEM_BLOCK_LENGTH_4800                                0         -nan%                0        0.000%
MEM_BLOCK_LENGTH_4900                                0         -nan%                0        0.000%
MEM_BLOCK_LENGTH_5000                                0         -nan%                0        0.000%
                                                     0         -nan%                3      100.000%
                                                  -nan         -nan              0.67         0.33

FUS_BUSY_ON_PATH                              15373350        2.5914         46084692        2.6235

FUS_BUSY_OFF_PATH                               837952        0.1412          2590816        0.1475

FU_BUSY_MEM_STALL                               149872        0.0253           453179        0.0258

FUS_EMPTY                                     43113248        7.2674        126984102        7.2290

FU_UNAVAILABLE                                   35445        0.0060           106820        0.0061

FU_MEM_UNAVAILABLE                               69189        0.0117           208599        0.0119

FU_OTHER_UNAVAILABLE                                 0        0.0000                0        0.0000

FU_REPLAY                                            0        0.0000                0        0.0000

FU_STARVED                                    43081988        7.2621        126883941        7.2233

CHIP_UTILIZATION                                     0        0.0000                0        0.0000

CYCLES_UNDER_MEM_REQ                                 0                              0              

CYCLES_UNDER_NO_MEM_REQ                              0                              0              

CYCLES_UNDER_CRITICAL_MEM_REQ                        0                              0              

CYCLES_UNDER_NONCRITICAL_MEM_REQ                     0                              0              

CHIP_UTILIZATION_UNDER_MEM_REQ                       0          -nan                0          -nan

CHIP_UTILIZATION_UNDER_NO_MEM_REQ                    0          -nan                0          -nan

CHIP_UTILIZATION_UNDER_CRITICAL_MEM_REQ              0          -nan                0          -nan

CHIP_UTILIZATION_UNDER_NONCRITICAL_MEM_REQ             0          -nan                0          -nan

CYCLES_NOT_WAITING_FOR_OFF_CHIP                      0        0.0000                0        0.0000

FUS_BUSY_NOT_WAITING_FOR_OFF_CHIP                    0          -nan                0          -nan

CYCLES_WAITING_FOR_OFF_CHIP                          0        0.0000                0        0.0000

FUS_BUSY_WAITING_FOR_OFF_CHIP                        0          -nan                0          -nan

TOTAL_OFF_CHIP_DELAYS_LEFT                           0                              0              

WRONG_IO_SCHED                                       0                              0              

DVFS_CONFIG_SWITCH                                   0                              0              

MAP_STAGE_RECEIVED_OPS_0                             0        0.000%                0        0.000%
MAP_STAGE_RECEIVED_OPS_1                         34930        1.256%           104549        1.253%
MAP_STAGE_RECEIVED_OPS_2                         31540        1.134%            97425        1.168%
MAP_STAGE_RECEIVED_OPS_3                         57701        2.074%           176334        2.113%
MAP_STAGE_RECEIVED_OPS_4                        489210       17.586%          1472012       17.640%
MAP_STAGE_RECEIVED_OPS_5                         73529        2.643%           225540        2.703%
MAP_STAGE_RECEIVED_OPS_6                       2094928       75.307%          6268675       75.123%
MAP_STAGE_RECEIVED_OPS_7                             0        0.000%                0        0.000%
MAP_STAGE_RECEIVED_OPS_8                             0        0.000%                0        0.000%
MAP_STAGE_RECEIVED_OPS_MAX                           0        0.000%                0        0.000%
                                               2781838      100.000%          8344535      100.000%
                                                  5.45         1.05              5.45         1.06

MAP_STAGE_WAIT_FOR_DECODE                            0         -nan%                0         -nan%
MAP_STAGE_CONSUME_DECODE                             0         -nan%                0         -nan%
                                                     0         -nan%                0         -nan%
                                                  -nan         -nan              -nan         -nan

MAP_STAGE_WAIT_FOR_DECODE2                           0         -nan%                0         -nan%
MAP_STAGE_CONSUME_DECODE2                            0         -nan%                0         -nan%
                                                     0         -nan%                0         -nan%
                                                  -nan         -nan              -nan         -nan

FTQ_RECOVER_EXEC                                  8637                          27264              

FTQ_RECOVER_DECODE                                   0                            213              

FTQ_OFFPATH_CYCLES                             3059222                        9183705              

FTQ_CYCLES_OFFPATH                             3059222                        9183705              

FTQ_CYCLES_ONPATH                              2873233                        8382256              

FTQ_FETCHED_INS_ONPATH                        15181094                       45507425              

FTQ_FETCHED_INS_OFFPATH                       16514108                       50068152              

FTQ_BREAK_FULL_FT_ONPATH                       1660611                        4723212              

FTQ_BREAK_FULL_FT_OFFPATH                      1292900                        3832690              

FTQ_BREAK_PRED_BR_ONPATH                             0                              0              

FTQ_BREAK_PRED_BR_OFFPATH                            0                              0              

FTQ_BREAK_BAR_FETCH_ONPATH                           0                              0              

FTQ_BREAK_BAR_FETCH_OFFPATH                          0                              0              

FTQ_BREAK_MAX_CFS_TAKEN_ONPATH                       0                              0              

FTQ_BREAK_MAX_CFS_TAKEN_OFFPATH                      0                              0              

FTQ_BREAK_MAX_FT_ONPATH                        1212588                        3659010              

FTQ_BREAK_MAX_FT_OFFPATH                       1766321                        5351014              

DFE_GEN_ON_PATH_FT                             2239344                        6711751              

DFE_GEN_OFF_PATH_FT                            1354776                        4118312              

DFE_L0_ENABLED_PREDICTIONS                    15181094                       45507425              

DFE_L0_WRONG_MAIN_CORRECT                       631315                        1891569              

DFE_L0_WRONG_MAIN_WRONG                           6766                          21224              

DFE_L0_CORRECT_MAIN_WRONG                         1871                           6253              

DFE_L0_CORRECT_MAIN_CORRECT                   14541142                       43588379              

DFE_L0_WRONG_MAIN_CORRECT_RECOVERY_SCHEDULED             0                              0              

FTQ_SAW_BAR_FETCH_OFFPATH                         1616                           5462              

FTQ_SAW_BAR_FETCH_ONPATH                          2340                           7203              

DFE_CONF_0_RECOVER_AT_EXEC                           0         -nan%                0         -nan%
DFE_CONF_1_RECOVER_AT_EXEC                           0         -nan%                0         -nan%
DFE_CONF_2_RECOVER_AT_EXEC                           0         -nan%                0         -nan%
DFE_CONF_3_RECOVER_AT_EXEC                           0         -nan%                0         -nan%
DFE_CONF_0_CORRECT                                   0         -nan%                0         -nan%
DFE_CONF_1_CORRECT                                   0         -nan%                0         -nan%
DFE_CONF_2_CORRECT                                   0         -nan%                0         -nan%
DFE_CONF_3_CORRECT                                   0         -nan%                0         -nan%
                                                     0         -nan%                0         -nan%
                                                  -nan         -nan              -nan         -nan

DFE_ON_CONF_ON_OPS                                   0         -nan%                0         -nan%
DFE_ON_CONF_OFF_OPS                                  0         -nan%                0         -nan%
DFE_OFF_CONF_ON_OPS                                  0         -nan%                0         -nan%
DFE_OFF_CONF_OFF_REALISTIC_OPS                       0         -nan%                0         -nan%
DFE_OFF_CONF_OFF_PERFECT_OPS                         0         -nan%                0         -nan%
                                                     0         -nan%                0         -nan%
                                                  -nan         -nan              -nan         -nan

DFE_ON_CONF_ON_FETCH_TARGETS                         0         -nan%                0         -nan%
DFE_ON_CONF_OFF_FETCH_TARGETS                        0         -nan%                0         -nan%
DFE_OFF_CONF_ON_FETCH_TARGETS                        0         -nan%                0         -nan%
DFE_OFF_CONF_OFF_REALISTIC_FETCH_TARGETS             0         -nan%                0         -nan%
DFE_OFF_CONF_OFF_PERFECT_FETCH_TARGETS               0         -nan%                0         -nan%
                                                     0         -nan%                0         -nan%
                                                  -nan         -nan              -nan         -nan

DFE_ON_CONF_ON_CYCLES                                0         -nan%                0         -nan%
DFE_ON_CONF_OFF_CYCLES                               0         -nan%                0         -nan%
DFE_OFF_CONF_ON_CYCLES                               0         -nan%                0         -nan%
DFE_OFF_CONF_OFF_REALISTIC_CYCLES                    0         -nan%                0         -nan%
DFE_OFF_CONF_OFF_PERFECT_CYCLES                      0         -nan%                0         -nan%
                                                     0         -nan%                0         -nan%
                                                  -nan         -nan              -nan         -nan

DFE_OFF_CONF_ON_NUM_EVENTS                           0                              0              

DFE_OFF_CONF_ON_NOT_IDENTIFIED_EVENTS                0         -nan%                0         -nan%
DFE_OFF_CONF_ON_IBTB_MISS_EVENTS                     0         -nan%                0         -nan%
DFE_OFF_CONF_ON_BTB_MISS_EVENTS                      0         -nan%                0         -nan%
DFE_OFF_CONF_ON_BTB_MISS_RECOVER_AT_EXEC_EVENTS             0         -nan%                0         -nan%
DFE_OFF_CONF_ON_RECOVER_AT_EXEC_EVENTS               0         -nan%                0         -nan%
DFE_OFF_CONF_ON_RECOVER_AT_DECODE_EVENTS             0         -nan%                0         -nan%
                                                     0         -nan%                0         -nan%
                                                  -nan         -nan              -nan         -nan

DFE_OFF_CONF_ON_LATE_BTB_HIT_EVENTS                  0                              0              

DFE_OFF_CONF_ON_NOT_IDENTIFIED_CYCLES                0         -nan%                0         -nan%
DFE_OFF_CONF_ON_IBTB_MISS_CYCLES                     0         -nan%                0         -nan%
DFE_OFF_CONF_ON_BTB_MISS_CYCLES                      0         -nan%                0         -nan%
DFE_OFF_CONF_ON_BTB_MISS_RECOVER_AT_EXEC_CYCLES             0         -nan%                0         -nan%
DFE_OFF_CONF_ON_RECOVER_AT_EXEC_CYCLES               0         -nan%                0         -nan%
DFE_OFF_CONF_ON_RECOVER_AT_DECODE_CYCLES             0         -nan%                0         -nan%
                                                     0         -nan%                0         -nan%
                                                  -nan         -nan              -nan         -nan

DFE_OFF_CONF_ON_LATE_BTB_HIT_CYCLES                  0                              0              

DFE_OFF_CONF_ON_NOT_IDENTIFIED_FETCH_TARGETS             0         -nan%                0         -nan%
DFE_OFF_CONF_ON_IBTB_MISS_FETCH_TARGETS              0         -nan%                0         -nan%
DFE_OFF_CONF_ON_BTB_MISS_FETCH_TARGETS               0         -nan%                0         -nan%
DFE_OFF_CONF_ON_BTB_MISS_RECOVER_AT_EXEC_FETCH_TARGETS             0         -nan%                0         -nan%
DFE_OFF_CONF_ON_RECOVER_AT_EXEC_FETCH_TARGETS             0         -nan%                0         -nan%
DFE_OFF_CONF_ON_RECOVER_AT_DECODE_FETCH_TARGETS             0         -nan%                0         -nan%
                                                     0         -nan%                0         -nan%
                                                  -nan         -nan              -nan         -nan

DFE_OFF_CONF_ON_LATE_BTB_HIT_FETCH_TARGETS             0                              0              

DFE_OFF_CONF_ON_BP_INCORRECT_0_CONF                  0         -nan%                0         -nan%
DFE_OFF_CONF_ON_BP_INCORRECT_1_CONF                  0         -nan%                0         -nan%
DFE_OFF_CONF_ON_BP_INCORRECT_2_CONF                  0         -nan%                0         -nan%
DFE_OFF_CONF_ON_BP_INCORRECT_3_CONF                  0         -nan%                0         -nan%
                                                     0         -nan%                0         -nan%
                                                  -nan         -nan              -nan         -nan

DFE_OFF_CONF_ON_BTB_MISS_CBR_0_CONF                  0         -nan%                0         -nan%
DFE_OFF_CONF_ON_BTB_MISS_CBR_1_CONF                  0         -nan%                0         -nan%
DFE_OFF_CONF_ON_BTB_MISS_CBR_2_CONF                  0         -nan%                0         -nan%
DFE_OFF_CONF_ON_BTB_MISS_CBR_3_CONF                  0         -nan%                0         -nan%
                                                     0         -nan%                0         -nan%
                                                  -nan         -nan              -nan         -nan

DFE_OFF_CONF_ON_BTB_MISS_NOT_CF                      0         -nan%                0         -nan%
DFE_OFF_CONF_ON_BTB_MISS_CF_BR                       0         -nan%                0         -nan%
DFE_OFF_CONF_ON_BTB_MISS_CF_CBR                      0         -nan%                0         -nan%
DFE_OFF_CONF_ON_BTB_MISS_CF_CALL                     0         -nan%                0         -nan%
DFE_OFF_CONF_ON_BTB_MISS_CF_IBR                      0         -nan%                0         -nan%
DFE_OFF_CONF_ON_BTB_MISS_CF_ICALL                    0         -nan%                0         -nan%
DFE_OFF_CONF_ON_BTB_MISS_CF_ICO                      0         -nan%                0         -nan%
DFE_OFF_CONF_ON_BTB_MISS_CF_RET                      0         -nan%                0         -nan%
DFE_OFF_CONF_ON_BTB_MISS_CF_SYS                      0         -nan%                0         -nan%
                                                     0         -nan%                0         -nan%
                                                  -nan         -nan              -nan         -nan

DFE_ON_CONF_OFF_NUM_EVENTS                           0                              0              

CONF_BTB_NUM_CYCLES_OFF_PATH_EVENT                   0                              0              

DFE_ON_CONF_OFF_IBTB_MISS_BP_TAKEN                   0         -nan%                0         -nan%
DFE_ON_CONF_OFF_BTB_MISS_BP_TAKEN_CONF_0             0         -nan%                0         -nan%
DFE_ON_CONF_OFF_BTB_MISS_BP_TAKEN_CONF_1             0         -nan%                0         -nan%
DFE_ON_CONF_OFF_BTB_MISS_BP_TAKEN_CONF_2             0         -nan%                0         -nan%
DFE_ON_CONF_OFF_BTB_MISS_BP_TAKEN_CONF_3             0         -nan%                0         -nan%
DFE_ON_CONF_OFF_BTB_MISS_RATE                        0         -nan%                0         -nan%
DFE_ON_CONF_OFF_IBTB_MISS_RATE                       0         -nan%                0         -nan%
DFE_ON_CONF_OFF_RECOVER_AT_DECODE_RATE               0         -nan%                0         -nan%
DFE_ON_CONF_OFF_RECOVER_AT_EXEC_RATE                 0         -nan%                0         -nan%
DFE_ON_CONF_OFF_INV_CONF_INC                         0         -nan%                0         -nan%
DFE_ON_CONF_OFF_PERFECT_CONF                         0         -nan%                0         -nan%
                                                     0         -nan%                0         -nan%
                                                  -nan         -nan              -nan         -nan

DFE_ON_CONF_OFF_IBTB_MISS_BP_TAKEN_CYCLES             0         -nan%                0         -nan%
DFE_ON_CONF_OFF_BTB_MISS_BP_TAKEN_CONF_0_CYCLES             0         -nan%                0         -nan%
DFE_ON_CONF_OFF_BTB_MISS_BP_TAKEN_CONF_1_CYCLES             0         -nan%                0         -nan%
DFE_ON_CONF_OFF_BTB_MISS_BP_TAKEN_CONF_2_CYCLES             0         -nan%                0         -nan%
DFE_ON_CONF_OFF_BTB_MISS_BP_TAKEN_CONF_3_CYCLES             0         -nan%                0         -nan%
DFE_ON_CONF_OFF_BTB_MISS_RATE_CYCLES                 0         -nan%                0         -nan%
DFE_ON_CONF_OFF_IBTB_MISS_RATE_CYCLES                0         -nan%                0         -nan%
DFE_ON_CONF_OFF_RECOVER_AT_DECODE_RATE_CYCLES             0         -nan%                0         -nan%
DFE_ON_CONF_OFF_RECOVER_AT_EXEC_RATE_CYCLES             0         -nan%                0         -nan%
DFE_ON_CONF_OFF_INV_CONF_INC_CYCLES                  0         -nan%                0         -nan%
DFE_ON_CONF_OFF_PERFECT_CONF_CYCLES                  0         -nan%                0         -nan%
                                                     0         -nan%                0         -nan%
                                                  -nan         -nan              -nan         -nan

DFE_ON_CONF_OFF_IBTB_MISS_BP_TAKEN_FETCH_TARGETS             0         -nan%                0         -nan%
DFE_ON_CONF_OFF_BTB_MISS_BP_TAKEN_CONF_0_FETCH_TARGETS             0         -nan%                0         -nan%
DFE_ON_CONF_OFF_BTB_MISS_BP_TAKEN_CONF_1_FETCH_TARGETS             0         -nan%                0         -nan%
DFE_ON_CONF_OFF_BTB_MISS_BP_TAKEN_CONF_2_FETCH_TARGETS             0         -nan%                0         -nan%
DFE_ON_CONF_OFF_BTB_MISS_BP_TAKEN_CONF_3_FETCH_TARGETS             0         -nan%                0         -nan%
DFE_ON_CONF_OFF_BTB_MISS_RATE_FETCH_TARGETS             0         -nan%                0         -nan%
DFE_ON_CONF_OFF_IBTB_MISS_RATE_FETCH_TARGETS             0         -nan%                0         -nan%
DFE_ON_CONF_OFF_RECOVER_AT_DECODE_RATE_FETCH_TARGETS             0         -nan%                0         -nan%
DFE_ON_CONF_OFF_RECOVER_AT_EXEC_RATE_FETCH_TARGETS             0         -nan%                0         -nan%
DFE_ON_CONF_OFF_INV_CONF_INC_FETCH_TARGETS             0         -nan%                0         -nan%
DFE_ON_CONF_OFF_PERFECT_CONF_FETCH_TARGETS             0         -nan%                0         -nan%
                                                     0         -nan%                0         -nan%
                                                  -nan         -nan              -nan         -nan

CONF_OFF_IBTB_MISS_BP_TAKEN                          0         -nan%                0         -nan%
CONF_OFF_BTB_MISS_BP_TAKEN_CONF_0                    0         -nan%                0         -nan%
CONF_OFF_BTB_MISS_BP_TAKEN_CONF_1                    0         -nan%                0         -nan%
CONF_OFF_BTB_MISS_BP_TAKEN_CONF_2                    0         -nan%                0         -nan%
CONF_OFF_BTB_MISS_BP_TAKEN_CONF_3                    0         -nan%                0         -nan%
CONF_OFF_BTB_MISS_RATE                               0         -nan%                0         -nan%
CONF_OFF_IBTB_MISS_RATE                              0         -nan%                0         -nan%
CONF_OFF_RECOVER_AT_DECODE_RATE                      0         -nan%                0         -nan%
CONF_OFF_RECOVER_AT_EXEC_RATE                        0         -nan%                0         -nan%
CONF_OFF_INV_CONF_INC                                0         -nan%                0         -nan%
CONF_OFF_PERFECT_CONF                                0         -nan%                0         -nan%
                                                     0         -nan%                0         -nan%
                                                  -nan         -nan              -nan         -nan

TOPDOWN_TOTAL_SLOTS                           35594730                      105395766              

TOPDOWN_ISSUED_SLOTS                          16749664                       50376025              

TOPDOWN_RETIRED_SLOTS                         15181174                       45507425              

TOPDOWN_FETCH_BUBBLES_SLOTS                    1864585                        5852167              

TOPDOWN_RECOVERY_BUBBLES_SLOTS                 1516750                        4559642              

TOPDOWN_MEM_LOAD_STALLS_CYCLES                 2471447                        7117445              

TOPDOWN_MEM_STORE_STALLS_CYCLES                      0                              0              

TOPDOWN_EXEC_STALLS_CYCLES                     2349877                        6781514              

TOPDOWN_BACKEND_STALLS_CYCLES                  2471947                        7118940              

TOPDOWN_FETCH_BUBBLES_GT_MIW_CYCLES             134061                         438839              

TOPDOWN_BR_RECOVER_AT_EXEC_RETIRED_CYCLES          8637                          27264              

TOPDOWN_MACHINE_CLEAR_CYCLES                    639952                        1919046              

TOPDOWN_FRONTEND_BOUND                             523                            523              

TOPDOWN_BACKEND_BOUND                             4346                           4346              

TOPDOWN_BAD_SPEC_BOUND                             866                            866              

TOPDOWN_RETIRING_BOUND                            4265                           4265              

TOPDOWN_FETCH_LATENCY_BOUND                        225                            225              

TOPDOWN_FETCH_BANDWIDTH_BOUND                      298                            298              

TOPDOWN_MEM_BOUND                                 4345                           4345              

TOPDOWN_CORE_BOUND                                   1                              1              

TOPDOWN_BR_RECOVER_AT_EXEC_BOUND                    11                             11              

TOPDOWN_MACHINE_CLEARS_BOUND                       855                            855              

H2P_SEEN_MAIN                                     8912                          35807              



