/* -*- Mode: c -*- */
####################################################################################################
Core 0
####################################################################################################
Cumulative:        Cycles: 84986671              Instructions: 59999999              IPC: 0.70599

Periodic:          Cycles: 84986671              Instructions: 59999999              IPC: 0.70599

MISS_WAIT_TIME                             23829639522                    23829639522              

ICACHE_STAGE_MISS                                  405                            405              

ICACHE_CYCLE                                  84986671                       84986671              

TCACHE_CYCLE                                         0                              0              

ICACHE_SERVING_CYCLE_ON_PATH                      2538                           2538              

ICACHE_SERVING_CYCLE_OFF_PATH                    18280                          18280              

UCACHE_SERVING_CYCLE_ON_PATH                  36324350                       36324350              

UCACHE_SERVING_CYCLE_OFF_PATH                 47915686                       47915686              

ICACHE_CYCLE_ONPATH                           36362561       42.786%         36362561       42.786%
ICACHE_CYCLE_OFFPATH                          48624110       57.214%         48624110       57.214%
                                              84986671      100.000%         84986671      100.000%
                                                  0.57         0.54              0.57         0.54

FETCH_ON_PATH                                 37048833       43.594%         37048833       43.594%
FETCH_OFF_PATH                                47937838       56.406%         47937838       56.406%
                                              84986671      100.000%         84986671      100.000%
                                                  0.56         0.54              0.56         0.54

FETCHED_OPS_ON_PATH                                  0         -nan%                0         -nan%
FETCHED_OPS_OFF_PATH                                 0         -nan%                0         -nan%
                                                     0         -nan%                0         -nan%
                                                  -nan         -nan              -nan         -nan

INST_LOST_FETCH                               81688620       14.049%         81688620       14.049%
INST_LOST_OFF_PATH                            78228493       13.454%         78228493       13.454%
INST_LOST_FULL_WINDOW                           886124        0.152%           886124        0.152%
INST_LOST_ROB_STALL_OTHER                     52701064        9.064%         52701064        9.064%
INST_LOST_ROB_STALL_WAIT_FOR_RECOVERY                0        0.000%                0        0.000%
INST_LOST_ROB_STALL_WAIT_FOR_REDIRECT                0        0.000%                0        0.000%
INST_LOST_ROB_STALL_WAIT_FOR_GAP_FILL                0        0.000%                0        0.000%
INST_LOST_ROB_STALL_WAIT_FOR_L1_MISS                 0        0.000%                0        0.000%
INST_LOST_ROB_STALL_WAIT_FOR_MEMORY               4424        0.001%             4424        0.001%
INST_LOST_ROB_STALL_WAIT_FOR_DC_MISS          64462554       11.086%         64462554       11.086%
INST_LOST_ROB_BLOCK_ISSUE_FULL                       0        0.000%                0        0.000%
INST_LOST_ROB_BLOCK_ISSUE_GAP_TOO_LARGE              0        0.000%                0        0.000%
INST_LOST_BREAK_DONT                                 0        0.000%                0        0.000%
INST_LOST_BREAK_FT_UNAVAILABLE                 4218033        0.725%          4218033        0.725%
INST_LOST_BREAK_ICACHE_STAGE_RESTEER              4041        0.001%             4041        0.001%
INST_LOST_BREAK_ICACHE_MISS_REQ_SUCCESS           1542        0.000%             1542        0.000%
INST_LOST_BREAK_ICACHE_MISS_REQ_FAILURE              0        0.000%                0        0.000%
INST_LOST_BREAK_ICACHE_WAIT_FOR_MISS            128366        0.022%           128366        0.022%
INST_LOST_BREAK_ICACHE_STALLED                    6789        0.001%             6789        0.001%
INST_LOST_BREAK_ICACHE_TO_UOP_CACHE_SWITCH          3348        0.001%             3348        0.001%
INST_LOST_BREAK_ICACHE_READ_LIMIT                 1864        0.000%             1864        0.000%
INST_LOST_BREAK_ICACHE_ISSUE_WIDTH                   0        0.000%                0        0.000%
INST_LOST_BREAK_UOP_CACHE_STALLED            121320571       20.865%        121320571       20.865%
INST_LOST_BREAK_UOP_CACHE_TO_ICACHE_SWITCH          3715        0.001%             3715        0.001%
INST_LOST_BREAK_UOP_CACHE_READ_LIMIT         177796508       30.578%        177796508       30.578%
INST_LOST_BREAK_UOP_CACHE_ISSUE_WIDTH                0        0.000%                0        0.000%
                                             581456056      100.000%        581456056      100.000%
                                                 13.44         9.08             13.44         9.08

INST_LOST_TOTAL                              678403116                      678403116              

INST_LOST_WAIT_FOR_ICACHE_MISS_NOT_PREFETCHED         28092       26.669%            28092       26.669%
INST_LOST_WAIT_FOR_ICACHE_MISS_PREFETCHED_AND_EVICTED_BY_IFETCH             0        0.000%                0        0.000%
INST_LOST_WAIT_FOR_ICACHE_MISS_PREFETCHED_AND_EVICTED_BY_FDIP             0        0.000%                0        0.000%
INST_LOST_WAIT_FOR_ICACHE_MISS_MSHR_HIT_PREF_OFFPATH           162        0.154%              162        0.154%
INST_LOST_WAIT_FOR_ICACHE_MISS_MSHR_HIT_PREF_ONPATH         77082       73.177%            77082       73.177%
                                                105336      100.000%           105336      100.000%
                                                  2.93         2.67              2.93         2.67

FETCH_0_OPS                                     724956        0.853%           724956        0.853%
FETCH_1_OPS                                   13672904       16.088%         13672904       16.088%
FETCH_2_OPS                                   13938613       16.401%         13938613       16.401%
FETCH_3_OPS                                    9628065       11.329%          9628065       11.329%
FETCH_4_OPS                                    5564488        6.547%          5564488        6.547%
FETCH_5_OPS                                   15917424       18.729%         15917424       18.729%
FETCH_6_OPS                                     211671        0.249%           211671        0.249%
FETCH_7_OPS                                    1259484        1.482%          1259484        1.482%
FETCH_8_OPS                                   24069066       28.321%         24069066       28.321%
FETCH_9_OPS                                          0        0.000%                0        0.000%
FETCH_10_OPS                                         0        0.000%                0        0.000%
FETCH_11_OPS                                         0        0.000%                0        0.000%
FETCH_12_OPS                                         0        0.000%                0        0.000%
FETCH_13_OPS                                         0        0.000%                0        0.000%
FETCH_14_OPS                                         0        0.000%                0        0.000%
FETCH_15_OPS                                         0        0.000%                0        0.000%
FETCH_16_OPS                                         0        0.000%                0        0.000%
                                              84986671      100.000%         84986671      100.000%
                                                  4.41         2.62              4.41         2.62

ST_BREAK_DONT                                        0        0.000%                0        0.000%
ST_BREAK_FT_UNAVAILABLE                         703125        0.827%           703125        0.827%
ST_BREAK_ICACHE_STAGE_RESTEER                      754        0.001%              754        0.001%
ST_BREAK_ICACHE_MISS_REQ_SUCCESS                   405        0.000%              405        0.000%
ST_BREAK_ICACHE_MISS_REQ_FAILURE                     0        0.000%                0        0.000%
ST_BREAK_ICACHE_WAIT_FOR_MISS                    21396        0.025%            21396        0.025%
ST_BREAK_ICACHE_STALLED                          11270        0.013%            11270        0.013%
ST_BREAK_ICACHE_TO_UOP_CACHE_SWITCH               1204        0.001%             1204        0.001%
ST_BREAK_ICACHE_READ_LIMIT                         690        0.001%              690        0.001%
ST_BREAK_ICACHE_ISSUE_WIDTH                       7302        0.009%             7302        0.009%
ST_BREAK_UOP_CACHE_STALLED                    42032320       49.458%         42032320       49.458%
ST_BREAK_UOP_CACHE_TO_ICACHE_SWITCH                856        0.001%              856        0.001%
ST_BREAK_UOP_CACHE_READ_LIMIT                 35984508       42.341%         35984508       42.341%
ST_BREAK_UOP_CACHE_ISSUE_WIDTH                 6222841        7.322%          6222841        7.322%
                                              84986671      100.000%         84986671      100.000%
                                                 10.99         3.30             10.99         3.30

ORACLE_ON_PATH_INST                           81688620       51.082%         81688620       51.082%
ORACLE_OFF_PATH_INST                          78228493       48.918%         78228493       48.918%
                                             159917113      100.000%        159917113      100.000%
                                                  0.49         0.49              0.49         0.49

ORACLE_ON_PATH_INST_MEM                       15255332        9.540%         15255332        9.540%
ORACLE_ON_PATH_INST_NOTMEM                    66433288       41.542%         66433288       41.542%
ORACLE_OFF_PATH_INST_MEM                      12603218        7.881%         12603218        7.881%
ORACLE_OFF_PATH_INST_NOTMEM                   65625275       41.037%         65625275       41.037%
                                             159917113      100.000%        159917113      100.000%
                                                  1.80         1.48              1.80         1.48

ICACHE_CYCLE_NONRA_ONPATH                            0         -nan%                0         -nan%
ICACHE_CYCLE_NONRA_OFFPATH                           0         -nan%                0         -nan%
ICACHE_CYCLE_RA_ONPATH                               0         -nan%                0         -nan%
ICACHE_CYCLE_RA_OFFPATH                              0         -nan%                0         -nan%
                                                     0         -nan%                0         -nan%
                                                  -nan         -nan              -nan         -nan

ICACHE_CYCLE_ONPATH_NONRA                            0         -nan%                0         -nan%
ICACHE_CYCLE_OFFPATH_NONRA                           0         -nan%                0         -nan%
                                                     0         -nan%                0         -nan%
                                                  -nan         -nan              -nan         -nan

ICACHE_CYCLE_ONPATH_RA                               0         -nan%                0         -nan%
ICACHE_CYCLE_OFFPATH_RA                              0         -nan%                0         -nan%
                                                     0         -nan%                0         -nan%
                                                  -nan         -nan              -nan         -nan

INACCURATE_OFFPATH_CYCLES                            0        0.0000                0        0.0000

FETCH_ALL_INST                               159917113                      159917113              

EXEC_ALL_INST                                 94613461                       94613461              

RET_ALL_INST                                  81688620                       81688620              

EXEC_ON_PATH_INST                             81688620       86.339%         81688620       86.339%
EXEC_OFF_PATH_INST                            12924841       13.661%         12924841       13.661%
                                              94613461      100.000%         94613461      100.000%
                                                  0.14         0.32              0.14         0.32

EXEC_ON_PATH_INST_MEM                         15255332       16.124%         15255332       16.124%
EXEC_ON_PATH_INST_NOTMEM                      66433288       70.215%         66433288       70.215%
EXEC_OFF_PATH_INST_MEM                         2326651        2.459%          2326651        2.459%
EXEC_OFF_PATH_INST_NOTMEM                     10598190       11.202%         10598190       11.202%
                                              94613461      100.000%         94613461      100.000%
                                                  1.09         0.75              1.09         0.75

EXEC_RA_INST                                         0         -nan%                0         -nan%
EXEC_NONRA_INST                                      0         -nan%                0         -nan%
                                                     0         -nan%                0         -nan%
                                                  -nan         -nan              -nan         -nan

EXEC_ON_PATH_INST_RA                                 0         -nan%                0         -nan%
EXEC_OFF_PATH_INST_RA                                0         -nan%                0         -nan%
                                                     0         -nan%                0         -nan%
                                                  -nan         -nan              -nan         -nan

EXEC_ON_PATH_INST_NONRA                              0         -nan%                0         -nan%
EXEC_OFF_PATH_INST_NONRA                             0         -nan%                0         -nan%
                                                     0         -nan%                0         -nan%
                                                  -nan         -nan              -nan         -nan

EXEC_RA_ON_PATH_INST                                 0         -nan%                0         -nan%
EXEC_RA_OFF_PATH_INST                                0         -nan%                0         -nan%
EXEC_NONRA_ON_PATH_INST                              0         -nan%                0         -nan%
EXEC_NONRA_OFF_PATH_INST                             0         -nan%                0         -nan%
                                                     0         -nan%                0         -nan%
                                                  -nan         -nan              -nan         -nan

ICACHE_THROTTLE_CYCLE                                0                              0              

FETCH_ENABLE_THROTTLE_OFF_PATH                       0         -nan%                0         -nan%
FETCH_ENABLE_THROTTLE_ON_PATH                        0         -nan%                0         -nan%
                                                     0         -nan%                0         -nan%
                                                  -nan         -nan              -nan         -nan

FETCH_DISABLE_THROTTLE_OFF_PATH                      0         -nan%                0         -nan%
FETCH_DISABLE_THROTTLE_ON_PATH                       0         -nan%                0         -nan%
                                                     0         -nan%                0         -nan%
                                                  -nan         -nan              -nan         -nan

FETCH_TH_ADJUST__0                                   0         -nan%                0         -nan%
FETCH_TH_ADJUST__1                                   0         -nan%                0         -nan%
FETCH_TH_ADJUST__2                                   0         -nan%                0         -nan%
FETCH_TH_ADJUST__3                                   0         -nan%                0         -nan%
FETCH_TH_ADJUST__4                                   0         -nan%                0         -nan%
FETCH_TH_ADJUST__5                                   0         -nan%                0         -nan%
FETCH_TH_ADJUST__6                                   0         -nan%                0         -nan%
FETCH_TH_ADJUST__7                                   0         -nan%                0         -nan%
FETCH_TH_ADJUST__8                                   0         -nan%                0         -nan%
FETCH_TH_ADJUST__9                                   0         -nan%                0         -nan%
FETCH_TH_ADJUST__MAX                                 0         -nan%                0         -nan%
                                                     0         -nan%                0         -nan%
                                                  -nan         -nan              -nan         -nan

FETCH_TH_ADJUST_UP                                   0         -nan%                0         -nan%
FETCH_TH_ADJUST_DOWN                                 0         -nan%                0         -nan%
FETCH_TH_ADJUST_SAME                                 0         -nan%                0         -nan%
                                                     0         -nan%                0         -nan%
                                                  -nan         -nan              -nan         -nan

THROTTLE_ADJUST_CACHE_MISS_INFO                      0                              0              

LOW_CONF_COUNT_BP_MIS_0                              0         -nan%                0         -nan%
LOW_CONF_COUNT_BP_MIS_1                              0         -nan%                0         -nan%
LOW_CONF_COUNT_BP_MIS_2                              0         -nan%                0         -nan%
LOW_CONF_COUNT_BP_MIS_3                              0         -nan%                0         -nan%
LOW_CONF_COUNT_BP_MIS_4                              0         -nan%                0         -nan%
LOW_CONF_COUNT_BP_MIS_5                              0         -nan%                0         -nan%
LOW_CONF_COUNT_BP_MIS_6                              0         -nan%                0         -nan%
LOW_CONF_COUNT_BP_MIS_7                              0         -nan%                0         -nan%
LOW_CONF_COUNT_BP_MIS_8                              0         -nan%                0         -nan%
LOW_CONF_COUNT_BP_MIS_9                              0         -nan%                0         -nan%
LOW_CONF_COUNT_BP_MIS_10                             0         -nan%                0         -nan%
LOW_CONF_COUNT_BP_MIS_11                             0         -nan%                0         -nan%
LOW_CONF_COUNT_BP_MIS_12                             0         -nan%                0         -nan%
LOW_CONF_COUNT_BP_MIS_13                             0         -nan%                0         -nan%
LOW_CONF_COUNT_BP_MIS_14                             0         -nan%                0         -nan%
LOW_CONF_COUNT_BP_MIS_15                             0         -nan%                0         -nan%
LOW_CONF_COUNT_BP_MIS_16                             0         -nan%                0         -nan%
LOW_CONF_COUNT_BP_MIS_17                             0         -nan%                0         -nan%
LOW_CONF_COUNT_BP_MIS_18                             0         -nan%                0         -nan%
LOW_CONF_COUNT_BP_MIS_19                             0         -nan%                0         -nan%
LOW_CONF_COUNT_BP_MIS_20                             0         -nan%                0         -nan%
                                                     0         -nan%                0         -nan%
                                                  -nan         -nan              -nan         -nan

LOW_CONF_COUNT_RET_0                                 0         -nan%                0         -nan%
LOW_CONF_COUNT_RET_1                                 0         -nan%                0         -nan%
LOW_CONF_COUNT_RET_2                                 0         -nan%                0         -nan%
LOW_CONF_COUNT_RET_3                                 0         -nan%                0         -nan%
LOW_CONF_COUNT_RET_4                                 0         -nan%                0         -nan%
LOW_CONF_COUNT_RET_5                                 0         -nan%                0         -nan%
LOW_CONF_COUNT_RET_6                                 0         -nan%                0         -nan%
LOW_CONF_COUNT_RET_7                                 0         -nan%                0         -nan%
LOW_CONF_COUNT_RET_8                                 0         -nan%                0         -nan%
LOW_CONF_COUNT_RET_9                                 0         -nan%                0         -nan%
LOW_CONF_COUNT_RET_10                                0         -nan%                0         -nan%
LOW_CONF_COUNT_RET_11                                0         -nan%                0         -nan%
LOW_CONF_COUNT_RET_12                                0         -nan%                0         -nan%
LOW_CONF_COUNT_RET_13                                0         -nan%                0         -nan%
LOW_CONF_COUNT_RET_14                                0         -nan%                0         -nan%
LOW_CONF_COUNT_RET_15                                0         -nan%                0         -nan%
LOW_CONF_COUNT_RET_16                                0         -nan%                0         -nan%
LOW_CONF_COUNT_RET_17                                0         -nan%                0         -nan%
LOW_CONF_COUNT_RET_18                                0         -nan%                0         -nan%
LOW_CONF_COUNT_RET_19                                0         -nan%                0         -nan%
LOW_CONF_COUNT_RET_20                                0         -nan%                0         -nan%
                                                     0         -nan%                0         -nan%
                                                  -nan         -nan              -nan         -nan

CYCLES_RESTEER_RECOVER_AT_EXEC                       0         -nan%                0         -nan%
CYCLES_RESTEER_RECOVER_AT_DECODE                     0         -nan%                0         -nan%
CYCLES_RESTEER_BTB_MISS                              0         -nan%                0         -nan%
                                                     0         -nan%                0         -nan%
                                                  -nan         -nan              -nan         -nan

CYCLES_RESTEER_RECOVER_AT_EXEC_SAVED_UC_FETCH             0         -nan%                0         -nan%
CYCLES_RESTEER_RECOVER_AT_EXEC_COULD_BE_SAVED_UC_FETCH             0         -nan%                0         -nan%
CYCLES_RESTEER_RECOVER_AT_DECODE_SAVED_UC_FETCH             0         -nan%                0         -nan%
CYCLES_RESTEER_RECOVER_AT_DECODE_COULD_BE_SAVED_UC_FETCH             0         -nan%                0         -nan%
CYCLES_RESTEER_BTB_MISS_SAVED_UC_FETCH               0         -nan%                0         -nan%
CYCLES_RESTEER_BTB_MISS_COULD_BE_SAVED_UC_FETCH             0         -nan%                0         -nan%
                                                     0         -nan%                0         -nan%
                                                  -nan         -nan              -nan         -nan

CYCLES_UOC_IC_SWITCH                                 0                              0              



