/* -*- Mode: c -*- */
####################################################################################################
Core 0
####################################################################################################
Cumulative:        Cycles: 22706854              Instructions: 30000000              IPC: 1.32119

Periodic:          Cycles: 7621276               Instructions: 10000000              IPC: 1.31212

EXECUTION_TIME                           2381648750000                  7095891875000              

SIM_HOST_WALL_SECONDS                       275.107114                     275.107114              

NODE_CYCLE                                     7621276                       22706854              

NODE_INST_COUNT                               11059946                       33169591              

NODE_INST_COUNT_FETCHED                       10000000                       30000000              

NODE_UOP_COUNT                                16729240                       50150063              

EXEC_STAGE_NO_ISSUE_STALL_CYCLE                4007719                       12058769              

EXEC_STAGE_NO_ISSUE_STALL_CYCLE_ONPATH         3618551                       10839411              

FULL_WINDOW_STALL                                    0        0.000%             2731        0.012%

FULL_WINDOW_MEM_OP                                   0         -nan%             2650       99.887%
FULL_WINDOW_FP_OP                                    0         -nan%                0        0.000%
FULL_WINDOW_OTHER_OP                                 0         -nan%                3        0.113%
                                                     0         -nan%             2653      100.000%
                                                  -nan         -nan              0.00         0.07

RET_BLOCKED_DC_MISS                            3962055       51.987%         11724435       51.634%

RET_BLOCKED_L1_MISS                            2908890       38.168%          8576259       37.769%

RET_BLOCKED_L1_MISS_BW_PREF                          0        0.000%             1771        0.008%

RET_BLOCKED_L1_ACCESS                          1053166       13.819%          3150204       13.873%

RET_BLOCKED_MEM_STALL                          2908890       38.168%          8576259       37.769%

RET_BLOCKED_OFFCHIP_DEMAND                           0        0.000%                0        0.000%

OP_ISSUED                                     16977664                       51098627              

OP_RETIRED                                    16729240                       50150063              

OP_MACRO_FUSION_ONPATH                         1061643                        3184877              

OP_MACRO_FUSION_OFFPATH                         153306                         429445              

REPLAY_SIGNALED                                      0                              0              

REPLAY_COUNTED                                       0                              0              

OFF_CRITICAL_PATH                                    0         -nan%                0         -nan%
ON_CRITICAL_PATH                                     0         -nan%                0         -nan%
                                                     0         -nan%                0         -nan%
                                                  -nan         -nan              -nan         -nan

LD_NO_DEPENDENTS                                174037        7.717%           522069        7.714%
LD_DEPENDENTS                                  2081091       92.283%          6245543       92.286%
                                               2255128      100.000%          6767612      100.000%
                                                  0.92         0.89              0.92         0.89

LD_EXEC_CYCLES_0                                     0        0.000%                0        0.000%
LD_EXEC_CYCLES_1                                     0        0.000%                0        0.000%
LD_EXEC_CYCLES_2                                     0        0.000%                0        0.000%
LD_EXEC_CYCLES_3                                    79       45.402%              279       49.556%
LD_EXEC_CYCLES_4                                    95       54.598%              284       50.444%
                                                   174      100.000%              563      100.000%
                                                  3.55         2.67              3.50         2.54

LD_EXEC_MINUS_FETCH_LATENCY                  181276772                      542145352              

LD_RETIRE_MINUS_FETCH_LATENCY                400134099                     1195320768              

ICACHE_STAGE_STARVED                            145697        2.727%           441749        2.774%
ICACHE_STAGE_NOT_STARVED                       5196194       97.273%         15485462       97.226%
                                               5341891      100.000%         15927211      100.000%
                                                  0.97         0.96              0.97         0.96

ICACHE_STAGE_STALLED                           2241045       29.405%          6632210       29.208%
ICACHE_STAGE_NOT_STALLED                       3100846       40.687%          9295001       40.935%
ICACHE_STAGE_OFF_PATH                          2279385       29.908%          6779643       29.857%
                                               7621276      100.000%         22706854      100.000%
                                                  1.01         0.77              1.01         0.77

DECODE_STAGE_STARVED                           5917526       94.953%         16900865       94.736%
DECODE_STAGE_NOT_STARVED                        314558        5.047%           939069        5.264%
                                               6232084      100.000%         17839934      100.000%
                                                  0.05         0.21              0.05         0.22

DECODE_STAGE_STALLED                            255182        3.348%           760922        3.351%
DECODE_STAGE_NOT_STALLED                       5976902       78.424%         17079012       75.215%
DECODE_STAGE_OFF_PATH                          1389192       18.228%          4866920       21.434%
                                               7621276      100.000%         22706854      100.000%
                                                  1.15         0.62              1.18         0.68

UOPQ_STAGE_STARVED                              757514       23.180%          2351366       23.960%
UOPQ_STAGE_NOT_STARVED                         2510435       76.820%          7462305       76.040%
                                               3267949      100.000%          9813671      100.000%
                                                  0.77         0.70              0.76         0.70

UOPQ_STAGE_STALLED                             2230395       29.265%          6598339       29.059%
UOPQ_STAGE_NOT_STALLED                         3267949       42.879%          9813671       43.219%
UOPQ_STAGE_OFF_PATH                            2122932       27.855%          6294844       27.722%
                                               7621276      100.000%         22706854      100.000%
                                                  0.99         0.75              0.99         0.74

RS_OP_READY_NOT_ISSUED_TOTAL                  11128778                       33330002              

RS_0_OP_READY_NOT_ISSUED                      10930813                       32714426              

RS_1_OP_READY_NOT_ISSUED                        100206                         309735              

RS_2_OP_READY_NOT_ISSUED                         97759                         305841              

RS_3_OP_READY_NOT_ISSUED                             0                              0              

RS_4_OP_READY_NOT_ISSUED                             0                              0              

RS_5_OP_READY_NOT_ISSUED                             0                              0              

RS_6_OP_READY_NOT_ISSUED                             0                              0              

RS_7_OP_READY_NOT_ISSUED                             0                              0              

RS_7_PLUS_OP_READY_NOT_ISSUED                        0                              0              

FU_IDLE_NO_READY_OPS_TOTAL                    47148535                      139477840              

FU_0_IDLE_NO_READY_OPS                         3588533                       10584714              

FU_1_IDLE_NO_READY_OPS                         3755324                       11065496              

FU_2_IDLE_NO_READY_OPS                         6060990                       17972194              

FU_3_IDLE_NO_READY_OPS                         6061058                       17973235              

FU_4_IDLE_NO_READY_OPS                         3766233                       11096916              

FU_5_IDLE_NO_READY_OPS                         3585652                       10581173              

FU_6_IDLE_NO_READY_OPS                         5247730                       15554395              

FU_7_IDLE_NO_READY_OPS                         5246707                       15552657              

FU_8_IDLE_NO_READY_OPS                         3775031                       11123701              

FU_9_IDLE_NO_READY_OPS                         6061277                       17973359              

FU_10_IDLE_NO_READY_OPS                              0                              0              

FU_11_IDLE_NO_READY_OPS                              0                              0              

FU_12_IDLE_NO_READY_OPS                              0                              0              

FU_13_IDLE_NO_READY_OPS                              0                              0              

FU_14_IDLE_NO_READY_OPS                              0                              0              

FU_15_IDLE_NO_READY_OPS                              0                              0              

FU_16_IDLE_NO_READY_OPS                              0                              0              

FU_17_IDLE_NO_READY_OPS                              0                              0              

FU_18_IDLE_NO_READY_OPS                              0                              0              

FU_19_IDLE_NO_READY_OPS                              0                              0              

FU_20_IDLE_NO_READY_OPS                              0                              0              

FU_21_IDLE_NO_READY_OPS                              0                              0              

FU_22_IDLE_NO_READY_OPS                              0                              0              

FU_23_IDLE_NO_READY_OPS                              0                              0              

FU_24_IDLE_NO_READY_OPS                              0                              0              

FU_25_IDLE_NO_READY_OPS                              0                              0              

FU_26_IDLE_NO_READY_OPS                              0                              0              

FU_27_IDLE_NO_READY_OPS                              0                              0              

FU_28_IDLE_NO_READY_OPS                              0                              0              

FU_29_IDLE_NO_READY_OPS                              0                              0              

FU_30_IDLE_NO_READY_OPS                              0                              0              

FU_31_IDLE_NO_READY_OPS                              0                              0              

FU_31_PLUS_IDLE_NO_READY_OPS                         0                              0              

MAP_STAGE_STARVED                               158433        4.937%           480775        4.994%
MAP_STAGE_NOT_STARVED                          3050608       95.063%          9146791       95.006%
                                               3209041      100.000%          9627566      100.000%
                                                  0.95         0.93              0.95         0.93

MAP_STAGE_STALLED                                  989        0.028%             4166        0.040%
MAP_STAGE_NOT_STALLED                          3208052       91.629%          9623400       91.364%
MAP_STAGE_OFF_PATH                              292092        8.343%           905495        8.597%
                                               3501133      100.000%         10533061      100.000%
                                                  1.08         0.42              1.09         0.42

MAP_STAGE_STALL_ITSELF                         4120143       54.061%         12173793       53.613%
MAP_STAGE_NOT_STALL_ITSELF                     3501133       45.939%         10533061       46.387%
                                               7621276      100.000%         22706854      100.000%
                                                  0.46         0.48              0.46         0.48

MAP_STAGE_LATE_ALLOCATE_SEND_BACK                    0                              0              

MAP_STAGE_RENAME_OP_ONPATH                    16729019                       50150063              

MAP_STAGE_RENAME_OP_OFFPATH                    1521883                        4656602              

MAP_STAGE_RENAME_INT_REG_ONPATH               13068712                       39185542              

MAP_STAGE_RENAME_INT_REG_OFFPATH               1233714                        3754419              

MAP_STAGE_RENAME_VEC_REG_ONPATH                  35651                         106679              

MAP_STAGE_RENAME_VEC_REG_OFFPATH                 33774                          79138              

MAP_STAGE_RENAME_MOVE_ELIM_ONPATH                    0                              0              

MAP_STAGE_RENAME_MOVE_ELIM_OFFPATH                   0                              0              

MAP_STAGE_ONPATH_INT_REG_NUM_ALLOC            13937645                       41746062              

MAP_STAGE_ONPATH_VEC_REG_NUM_ALLOC               35651                         106675              

MAP_STAGE_ONPATH_INT_REG_NUM_SHORTLIVE         5042493                       15139385              

MAP_STAGE_ONPATH_VEC_REG_NUM_SHORTLIVE           20821                          62192              

MAP_STAGE_ONPATH_INT_REG_USE_COUNT_0           3607124                       10771897              

MAP_STAGE_ONPATH_VEC_REG_USE_COUNT_0                 0                              0              

MAP_STAGE_ONPATH_INT_REG_USE_COUNT_1           5528856                       16587587              

MAP_STAGE_ONPATH_VEC_REG_USE_COUNT_1             33648                         100647              

MAP_STAGE_ONPATH_INT_REG_USE_COUNT_2           3929507                       11771691              

MAP_STAGE_ONPATH_VEC_REG_USE_COUNT_2               194                            626              

MAP_STAGE_ONPATH_INT_REG_USE_COUNT_3            497977                        1492907              

MAP_STAGE_ONPATH_VEC_REG_USE_COUNT_3                61                            182              

MAP_STAGE_ONPATH_INT_REG_USE_COUNT_4            123682                         370447              

MAP_STAGE_ONPATH_VEC_REG_USE_COUNT_4               293                            868              

MAP_STAGE_ONPATH_INT_REG_USE_COUNT_5             78567                         235334              

MAP_STAGE_ONPATH_VEC_REG_USE_COUNT_5               858                           2566              

MAP_STAGE_ONPATH_INT_REG_USE_COUNT_6             18945                          57158              

MAP_STAGE_ONPATH_VEC_REG_USE_COUNT_6               597                           1786              

MAP_STAGE_ONPATH_INT_REG_USE_COUNT_7_PLUS        152987                         459041              

MAP_STAGE_ONPATH_VEC_REG_USE_COUNT_7_PLUS             0                              0              

MAP_STAGE_ONPATH_INT_REG_CONSUME_DIST_0              0        0.0000                0        0.0000

MAP_STAGE_ONPATH_VEC_REG_CONSUME_DIST_0              0          -nan                0          -nan

MAP_STAGE_ONPATH_INT_REG_CONSUME_DIST_1              0        0.0000                0        0.0000

MAP_STAGE_ONPATH_VEC_REG_CONSUME_DIST_1              0        0.0000                0        0.0000

MAP_STAGE_ONPATH_INT_REG_CONSUME_DIST_2       50069717       12.7420        148354836       12.6027

MAP_STAGE_ONPATH_VEC_REG_CONSUME_DIST_2         113092      582.9485           377060      602.3323

MAP_STAGE_ONPATH_INT_REG_CONSUME_DIST_3       18895281       37.9441         56242106       37.6729

MAP_STAGE_ONPATH_VEC_REG_CONSUME_DIST_3            113        1.8525              335        1.8407

MAP_STAGE_ONPATH_INT_REG_CONSUME_DIST_4        6375333       51.5462         18823369       50.8126

MAP_STAGE_ONPATH_VEC_REG_CONSUME_DIST_4           1665        5.6826             5031        5.7961

MAP_STAGE_ONPATH_INT_REG_CONSUME_DIST_5        5073603       64.5768         15155701       64.4008

MAP_STAGE_ONPATH_VEC_REG_CONSUME_DIST_5         254480      296.5967           766217      298.6037

MAP_STAGE_ONPATH_INT_REG_CONSUME_DIST_6         958600       50.5991          2905963       50.8409

MAP_STAGE_ONPATH_VEC_REG_CONSUME_DIST_6         301110      504.3719           917563      513.7531

MAP_STAGE_ONPATH_INT_REG_CONSUME_DIST_7_PLUS      17524194      114.5469         52671803      114.7431

MAP_STAGE_ONPATH_VEC_REG_CONSUME_DIST_7_PLUS             0          -nan                0          -nan

MAP_STAGE_INT_REG_ISSUE_READ_TOTAL_CONSUMED      21450362        5.3523         64452784        5.3449

MAP_STAGE_VEC_REG_ISSUE_READ_TOTAL_CONSUMED         61646        0.0154           173100        0.0144

MAP_STAGE_INT_REG_ISSUE_READ_MULTI_CONSUMED      10530186        2.6275         31595804        2.6202

MAP_STAGE_VEC_REG_ISSUE_READ_MULTI_CONSUMED          7817        0.0020            23502        0.0019

MAP_STAGE_INT_REG_ISSUE_READ_SAME_CYCLE_CONSUMED       4435820        1.1068         13380861        1.1096

MAP_STAGE_VEC_REG_ISSUE_READ_SAME_CYCLE_CONSUMED          1411        0.0004             4250        0.0004

MAP_STAGE_INT_REG_ISSUE_READ_TOTAL_CONSUMED_ONPATH      20468071        5.6564         61333342        5.6584

MAP_STAGE_VEC_REG_ISSUE_READ_TOTAL_CONSUMED_ONPATH         43263        0.0120           129469        0.0119

MAP_STAGE_INT_REG_ISSUE_READ_MULTI_CONSUMED_ONPATH      10137653        2.8016         30359159        2.8008

MAP_STAGE_VEC_REG_ISSUE_READ_MULTI_CONSUMED_ONPATH          7612        0.0021            22790        0.0021

MAP_STAGE_INT_REG_ISSUE_READ_SAME_CYCLE_CONSUMED_ONPATH       4216989        1.1654         12654501        1.1675

MAP_STAGE_VEC_REG_ISSUE_READ_SAME_CYCLE_CONSUMED_ONPATH          1401        0.0004             4226        0.0004

MAP_STAGE_ONPATH_INT_REG_LIFECYCLE_EMPTY     556014052                     1621027632              

MAP_STAGE_ONPATH_VEC_REG_LIFECYCLE_EMPTY       7069836                       20885616              

MAP_STAGE_ONPATH_INT_REG_LIFECYCLE_IN_USE     850525360                     2500607139              

MAP_STAGE_ONPATH_VEC_REG_LIFECYCLE_IN_USE       7869377                       23323667              

MAP_STAGE_ONPATH_INT_REG_LIFECYCLE_SPEC_RELEASE    1353266334                     4008404644              

MAP_STAGE_ONPATH_VEC_REG_LIFECYCLE_SPEC_RELEASE      37771189                      112114606              

MAP_STAGE_ONPATH_INT_REG_LIFECYCLE_NONSPEC_RELEASE    1353266334                     4008404644              

MAP_STAGE_ONPATH_VEC_REG_LIFECYCLE_NONSPEC_RELEASE      37771189                      112114606              

MAP_STAGE_ONPATH_INT_REG_LIFECYCLE_TOTAL    1353266334                     4008404644              

MAP_STAGE_ONPATH_VEC_REG_LIFECYCLE_TOTAL      37771189                      112114606              

MAP_STAGE_ONPATH_INT_REG_NUM_NONBRANCH        13937645                       41746062              

MAP_STAGE_ONPATH_VEC_REG_NUM_NONBRANCH           35651                         106675              

MAP_STAGE_ONPATH_INT_REG_NUM_NONEXCEPT        13937645                       41746062              

MAP_STAGE_ONPATH_VEC_REG_NUM_NONEXCEPT           35651                         106675              

MAP_STAGE_ONPATH_INT_REG_NUM_ATOMIC           13937645                       41746062              

MAP_STAGE_ONPATH_VEC_REG_NUM_ATOMIC              35651                         106675              

MAP_STAGE_ONPATH_INT_REG_ATOMIC_REDEFINED_DIST_TOTAL    1353266334       97.0943       4008404644       96.0187

MAP_STAGE_ONPATH_VEC_REG_ATOMIC_REDEFINED_DIST_TOTAL      37771189     1059.4707        112114606     1050.9923

MAP_STAGE_ONPATH_INT_REG_ATOMIC_CONSUMED_DIST_TOTAL     850525360       61.0236       2500607139       59.9004

MAP_STAGE_ONPATH_VEC_REG_ATOMIC_CONSUMED_DIST_TOTAL       7869377      220.7337         23323667      218.6423

MAP_STAGE_ONPATH_INT_REG_ATOMIC_RELEASE_DIST_TOTAL    1353266334       97.0943       4008404644       96.0187

MAP_STAGE_ONPATH_VEC_REG_ATOMIC_RELEASE_DIST_TOTAL      37771189     1059.4707        112114606     1050.9923

EXEC_STAGE_STARVED                             5617907       73.713%         16781401       73.905%
EXEC_STAGE_NOT_STARVED                          251909        3.305%           755727        3.328%
EXEC_STAGE_OFF_PATH                            1751460       22.981%          5169726       22.767%
                                               7621276      100.000%         22706854      100.000%
                                                  0.49         0.77              0.49         0.76

FU_BUSY_0                                      3030752                        9092070              

FU_BUSY_1                                      2308051                        6937334              

FU_BUSY_2                                       576428                        1763885              

FU_BUSY_3                                       576580                        1762302              

FU_BUSY_4                                      2180236                        6548000              

FU_BUSY_5                                      3170769                        9512208              

FU_BUSY_6                                      1211390                        3649091              

FU_BUSY_7                                      1212207                        3651760              

FU_BUSY_8                                      2247669                        6757609              

FU_BUSY_9                                       575527                        1761982              

FU_BUSY_10                                           0                              0              

FU_BUSY_11                                           0                              0              

FU_BUSY_12                                           0                              0              

FU_BUSY_13                                           0                              0              

FU_BUSY_14                                           0                              0              

FU_BUSY_15                                           0                              0              

FU_BUSY_16                                           0                              0              

FU_BUSY_17                                           0                              0              

FU_BUSY_18                                           0                              0              

FU_BUSY_19                                           0                              0              

FU_BUSY_20                                           0                              0              

FU_BUSY_21                                           0                              0              

FU_BUSY_22                                           0                              0              

FU_BUSY_23                                           0                              0              

FU_BUSY_24                                           0                              0              

FU_BUSY_25                                           0                              0              

FU_BUSY_26                                           0                              0              

FU_BUSY_27                                           0                              0              

FU_BUSY_28                                           0                              0              

FU_BUSY_29                                           0                              0              

FU_BUSY_30                                           0                              0              

FU_BUSY_31                                           0                              0              

FU_REJECTED_OP_INV_NOT_SIMD                          0        0.000%                0        0.000%
FU_REJECTED_OP_NOP_NOT_SIMD                          7        0.018%               24        0.021%
FU_REJECTED_OP_CF_NOT_SIMD                        6748       16.986%            17554       15.221%
FU_REJECTED_OP_MOV_NOT_SIMD                        816        2.054%             2124        1.842%
FU_REJECTED_OP_CMOV_NOT_SIMD                         0        0.000%                0        0.000%
FU_REJECTED_OP_LDA_NOT_SIMD                        272        0.685%              796        0.690%
FU_REJECTED_OP_IMEM_NOT_SIMD                      9231       23.236%            30970       26.854%
FU_REJECTED_OP_IADD_NOT_SIMD                     16957       42.684%            49509       42.930%
FU_REJECTED_OP_IMUL_NOT_SIMD                      1715        4.317%             4737        4.107%
FU_REJECTED_OP_IDIV_NOT_SIMD                        17        0.043%               58        0.050%
FU_REJECTED_OP_ICMP_NOT_SIMD                         0        0.000%                0        0.000%
FU_REJECTED_OP_LOGIC_NOT_SIMD                      168        0.423%              451        0.391%
FU_REJECTED_OP_SHIFT_NOT_SIMD                      363        0.914%              703        0.610%
FU_REJECTED_OP_FMEM_NOT_SIMD                      1394        3.509%             4427        3.839%
FU_REJECTED_OP_FCVT_NOT_SIMD                         0        0.000%                0        0.000%
FU_REJECTED_OP_FADD_NOT_SIMD                         0        0.000%                0        0.000%
FU_REJECTED_OP_FMUL_NOT_SIMD                         0        0.000%                0        0.000%
FU_REJECTED_OP_FMA_NOT_SIMD                          0        0.000%                0        0.000%
FU_REJECTED_OP_FDIV_NOT_SIMD                         0        0.000%                0        0.000%
FU_REJECTED_OP_FCMP_NOT_SIMD                         0        0.000%                0        0.000%
FU_REJECTED_OP_FCMOV_NOT_SIMD                        0        0.000%                0        0.000%
FU_REJECTED_OP_GATHER_NOT_SIMD                       0        0.000%                0        0.000%
FU_REJECTED_OP_SCATTER_NOT_SIMD                      0        0.000%                0        0.000%
FU_REJECTED_OP_PIPELINED_FAST_NOT_SIMD               0        0.000%                0        0.000%
FU_REJECTED_OP_PIPELINED_MEDIUM_NOT_SIMD             0        0.000%                0        0.000%
FU_REJECTED_OP_PIPELINED_SLOW_NOT_SIMD               0        0.000%                0        0.000%
FU_REJECTED_OP_NOTPIPELINED_MEDIUM_NOT_SIMD             0        0.000%                0        0.000%
FU_REJECTED_OP_NOTPIPELINED_SLOW_NOT_SIMD             0        0.000%                0        0.000%
FU_REJECTED_OP_NOTPIPELINED_VERY_SLOW_NOT_SIMD           933        2.349%             1639        1.421%
FU_REJECTED_OP_INV_SIMD                              0        0.000%                0        0.000%
FU_REJECTED_OP_NOP_SIMD                              0        0.000%                0        0.000%
FU_REJECTED_OP_CF_SIMD                               0        0.000%                0        0.000%
FU_REJECTED_OP_MOV_SIMD                              0        0.000%                0        0.000%
FU_REJECTED_OP_CMOV_SIMD                             0        0.000%                0        0.000%
FU_REJECTED_OP_LDA_SIMD                              0        0.000%                0        0.000%
FU_REJECTED_OP_IMEM_SIMD                             0        0.000%                0        0.000%
FU_REJECTED_OP_IADD_SIMD                             0        0.000%                0        0.000%
FU_REJECTED_OP_IMUL_SIMD                             0        0.000%                0        0.000%
FU_REJECTED_OP_IDIV_SIMD                             0        0.000%                0        0.000%
FU_REJECTED_OP_ICMP_SIMD                             0        0.000%                0        0.000%
FU_REJECTED_OP_LOGIC_SIMD                            2        0.005%                8        0.007%
FU_REJECTED_OP_SHIFT_SIMD                            0        0.000%                0        0.000%
FU_REJECTED_OP_FMEM_SIMD                             0        0.000%                0        0.000%
FU_REJECTED_OP_FCVT_SIMD                             7        0.018%               29        0.025%
FU_REJECTED_OP_FADD_SIMD                             7        0.018%               27        0.023%
FU_REJECTED_OP_FMUL_SIMD                             0        0.000%                0        0.000%
FU_REJECTED_OP_FMA_SIMD                              0        0.000%                0        0.000%
FU_REJECTED_OP_FDIV_SIMD                             0        0.000%                0        0.000%
FU_REJECTED_OP_FCMP_SIMD                             0        0.000%                0        0.000%
FU_REJECTED_OP_FCMOV_SIMD                            0        0.000%                0        0.000%
FU_REJECTED_OP_GATHER_SIMD                           0        0.000%                0        0.000%
FU_REJECTED_OP_SCATTER_SIMD                          0        0.000%                0        0.000%
FU_REJECTED_OP_PIPELINED_FAST_SIMD                   0        0.000%                0        0.000%
FU_REJECTED_OP_PIPELINED_MEDIUM_SIMD                 0        0.000%                0        0.000%
FU_REJECTED_OP_PIPELINED_SLOW_SIMD                1090        2.744%             2270        1.968%
FU_REJECTED_OP_NOTPIPELINED_MEDIUM_SIMD              0        0.000%                0        0.000%
FU_REJECTED_OP_NOTPIPELINED_SLOW_SIMD                0        0.000%                0        0.000%
FU_REJECTED_OP_NOTPIPELINED_VERY_SLOW_SIMD             0        0.000%                0        0.000%
                                                 39727      100.000%           115326      100.000%
                                                  7.94         8.78              7.44         7.50

LSQ_FULL_TOTAL                                     989                           4166              

LSQ_FULL_LOAD_QUEUE                                  0                              0              

LSQ_FULL_STORE_QUEUE                               989                           4166              

OP_WAIT_0                                     11285334                       33854491              

OP_WAIT_1                                      2335370                        6992279              

OP_WAIT_2                                       497097                        1497638              

OP_WAIT_3                                       223752                         675744              

OP_WAIT_4                                       126985                         380909              

OP_WAIT_5                                        67174                         204749              

OP_WAIT_6                                        65982                         202165              

OP_WAIT_7                                        43960                         133250              

OP_WAIT_8                                        43758                         133171              

OP_WAIT_9                                        53816                         161123              

OP_WAIT_10                                       58248                         173234              

OP_WAIT_11                                       48321                         142449              

OP_WAIT_12                                       35709                         107277              

OP_WAIT_13                                       36353                         110449              

OP_WAIT_14                                       41333                         125080              

OP_WAIT_15                                       34463                         103084              

OP_WAIT_16                                       33642                         102609              

OP_WAIT_17                                       30296                          92659              

OP_WAIT_18                                       32190                          95897              

OP_WAIT_19                                       34591                         102916              

OP_WAIT_20                                       32712                          97439              

OP_WAIT_21                                       30852                          91643              

OP_WAIT_22                                       27993                          82987              

OP_WAIT_23                                       29029                          87519              

OP_WAIT_24                                       26961                          79255              

OP_WAIT_25                                       24096                          72478              

OP_WAIT_26                                       21013                          62739              

OP_WAIT_27                                       18472                          56997              

OP_WAIT_28                                       15855                          47083              

OP_WAIT_29                                       14096                          43078              

OP_WAIT_30                                       12381                          36608              

OP_WAIT_31                                     1347406                        4001064              

ROW_SIZE_0                                     4403369                       13052935              

ROW_SIZE_1                                      595534                        1780644              

ROW_SIZE_2                                       92405                         274601              

ROW_SIZE_3                                       30092                          91116              

ROW_SIZE_4                                      821941                        2464694              

ROW_SIZE_5                                       47206                         142353              

ROW_SIZE_6                                       40177                         122017              

ROW_SIZE_7                                       60740                         182222              

ROW_SIZE_8                                     1458573                        4371084              

ROW_SIZE_9                                           0                              0              

ROW_SIZE_10                                          0                              0              

ROW_SIZE_11                                          0                              0              

ROW_SIZE_12                                          0                              0              

ROW_SIZE_13                                          0                              0              

ROW_SIZE_14                                          0                              0              

ROW_SIZE_15                                          0                              0              

ROW_SIZE_16                                          0                              0              

ROW_SIZE_17                                          0                              0              

ROW_SIZE_18                                          0                              0              

ROW_SIZE_19                                          0                              0              

ROW_SIZE_20                                          0                              0              

ROW_SIZE_21                                          0                              0              

ROW_SIZE_22                                          0                              0              

ROW_SIZE_23                                          0                              0              

ROW_SIZE_24                                          0                              0              

ROW_SIZE_25                                          0                              0              

ROW_SIZE_26                                          0                              0              

ROW_SIZE_27                                          0                              0              

ROW_SIZE_28                                          0                              0              

ROW_SIZE_29                                          0                              0              

ROW_SIZE_30                                          0                              0              

ROW_SIZE_31                                          0                              0              

RET_OP_EXEC_COUNT_0                             806802        4.823%          2391560        4.769%
RET_OP_EXEC_COUNT_1                           15922438       95.177%         47758503       95.231%
RET_OP_EXEC_COUNT_2                                  0        0.000%                0        0.000%
RET_OP_EXEC_COUNT_3                                  0        0.000%                0        0.000%
RET_OP_EXEC_COUNT_4                                  0        0.000%                0        0.000%
RET_OP_EXEC_COUNT_5                                  0        0.000%                0        0.000%
RET_OP_EXEC_COUNT_6                                  0        0.000%                0        0.000%
RET_OP_EXEC_COUNT_7                                  0        0.000%                0        0.000%
RET_OP_EXEC_COUNT_8                                  0        0.000%                0        0.000%
RET_OP_EXEC_COUNT_9                                  0        0.000%                0        0.000%
RET_OP_EXEC_COUNT_10                                 0        0.000%                0        0.000%
RET_OP_EXEC_COUNT_11                                 0        0.000%                0        0.000%
RET_OP_EXEC_COUNT_12                                 0        0.000%                0        0.000%
RET_OP_EXEC_COUNT_13                                 0        0.000%                0        0.000%
RET_OP_EXEC_COUNT_14                                 0        0.000%                0        0.000%
RET_OP_EXEC_COUNT_15                                 0        0.000%                0        0.000%
RET_OP_EXEC_COUNT_16                                 0        0.000%                0        0.000%
RET_OP_EXEC_COUNT_17                                 0        0.000%                0        0.000%
RET_OP_EXEC_COUNT_18                                 0        0.000%                0        0.000%
RET_OP_EXEC_COUNT_19                                 0        0.000%                0        0.000%
RET_OP_EXEC_COUNT_20                                 0        0.000%                0        0.000%
RET_OP_EXEC_COUNT_21                                 0        0.000%                0        0.000%
RET_OP_EXEC_COUNT_22                                 0        0.000%                0        0.000%
RET_OP_EXEC_COUNT_23                                 0        0.000%                0        0.000%
RET_OP_EXEC_COUNT_24                                 0        0.000%                0        0.000%
RET_OP_EXEC_COUNT_25                                 0        0.000%                0        0.000%
RET_OP_EXEC_COUNT_26                                 0        0.000%                0        0.000%
RET_OP_EXEC_COUNT_27                                 0        0.000%                0        0.000%
RET_OP_EXEC_COUNT_28                                 0        0.000%                0        0.000%
RET_OP_EXEC_COUNT_29                                 0        0.000%                0        0.000%
RET_OP_EXEC_COUNT_30                                 0        0.000%                0        0.000%
RET_OP_EXEC_COUNT_31                                 0        0.000%                0        0.000%
RET_OP_EXEC_COUNT_32                                 0        0.000%                0        0.000%
                                              16729240      100.000%         50150063      100.000%
                                                  0.95         0.05              0.95         0.05

RET_STALL_LENGTH_0                            16709744       99.883%         50091930       99.884%
RET_STALL_LENGTH_100                             15934        0.095%            47857        0.095%
RET_STALL_LENGTH_200                              3072        0.018%             9077        0.018%
RET_STALL_LENGTH_300                                13        0.000%               55        0.000%
RET_STALL_LENGTH_400                                55        0.000%               93        0.000%
RET_STALL_LENGTH_500                               121        0.001%              183        0.000%
RET_STALL_LENGTH_600                                39        0.000%               69        0.000%
RET_STALL_LENGTH_700                                 9        0.000%               21        0.000%
RET_STALL_LENGTH_800                                18        0.000%               43        0.000%
RET_STALL_LENGTH_900                                45        0.000%              113        0.000%
RET_STALL_LENGTH_1000                               25        0.000%               90        0.000%
RET_STALL_LENGTH_1100                               32        0.000%              111        0.000%
RET_STALL_LENGTH_1200                              107        0.001%              333        0.001%
RET_STALL_LENGTH_1300                               19        0.000%               76        0.000%
RET_STALL_LENGTH_1400                                3        0.000%                4        0.000%
RET_STALL_LENGTH_1500                                1        0.000%                1        0.000%
RET_STALL_LENGTH_1600                                0        0.000%                0        0.000%
RET_STALL_LENGTH_1700                                1        0.000%                3        0.000%
RET_STALL_LENGTH_1800                                2        0.000%                4        0.000%
RET_STALL_LENGTH_1900                                0        0.000%                0        0.000%
RET_STALL_LENGTH_2000                                0        0.000%                0        0.000%
RET_STALL_LENGTH_2100                                0        0.000%                0        0.000%
RET_STALL_LENGTH_2200                                0        0.000%                0        0.000%
RET_STALL_LENGTH_2300                                0        0.000%                0        0.000%
RET_STALL_LENGTH_2400                                0        0.000%                0        0.000%
RET_STALL_LENGTH_2500                                0        0.000%                0        0.000%
RET_STALL_LENGTH_2600                                0        0.000%                0        0.000%
RET_STALL_LENGTH_2700                                0        0.000%                0        0.000%
RET_STALL_LENGTH_2800                                0        0.000%                0        0.000%
RET_STALL_LENGTH_2900                                0        0.000%                0        0.000%
RET_STALL_LENGTH_3000                                0        0.000%                0        0.000%
RET_STALL_LENGTH_3100                                0        0.000%                0        0.000%
RET_STALL_LENGTH_3200                                0        0.000%                0        0.000%
RET_STALL_LENGTH_3300                                0        0.000%                0        0.000%
RET_STALL_LENGTH_3400                                0        0.000%                0        0.000%
RET_STALL_LENGTH_3500                                0        0.000%                0        0.000%
RET_STALL_LENGTH_3600                                0        0.000%                0        0.000%
RET_STALL_LENGTH_3700                                0        0.000%                0        0.000%
RET_STALL_LENGTH_3800                                0        0.000%                0        0.000%
RET_STALL_LENGTH_3900                                0        0.000%                0        0.000%
RET_STALL_LENGTH_4000                                0        0.000%                0        0.000%
RET_STALL_LENGTH_4100                                0        0.000%                0        0.000%
RET_STALL_LENGTH_4200                                0        0.000%                0        0.000%
RET_STALL_LENGTH_4300                                0        0.000%                0        0.000%
RET_STALL_LENGTH_4400                                0        0.000%                0        0.000%
RET_STALL_LENGTH_4500                                0        0.000%                0        0.000%
RET_STALL_LENGTH_4600                                0        0.000%                0        0.000%
RET_STALL_LENGTH_4700                                0        0.000%                0        0.000%
RET_STALL_LENGTH_4800                                0        0.000%                0        0.000%
RET_STALL_LENGTH_4900                                0        0.000%                0        0.000%
RET_STALL_LENGTH_5000                                0        0.000%                0        0.000%
                                              16729240      100.000%         50150063      100.000%
                                                  0.00         0.06              0.00         0.06

MEM_BLOCK_LENGTH_0                                   0         -nan%                1      100.000%
MEM_BLOCK_LENGTH_100                                 0         -nan%                0        0.000%
MEM_BLOCK_LENGTH_200                                 0         -nan%                0        0.000%
MEM_BLOCK_LENGTH_300                                 0         -nan%                0        0.000%
MEM_BLOCK_LENGTH_400                                 0         -nan%                0        0.000%
MEM_BLOCK_LENGTH_500                                 0         -nan%                0        0.000%
MEM_BLOCK_LENGTH_600                                 0         -nan%                0        0.000%
MEM_BLOCK_LENGTH_700                                 0         -nan%                0        0.000%
MEM_BLOCK_LENGTH_800                                 0         -nan%                0        0.000%
MEM_BLOCK_LENGTH_900                                 0         -nan%                0        0.000%
MEM_BLOCK_LENGTH_1000                                0         -nan%                0        0.000%
MEM_BLOCK_LENGTH_1100                                0         -nan%                0        0.000%
MEM_BLOCK_LENGTH_1200                                0         -nan%                0        0.000%
MEM_BLOCK_LENGTH_1300                                0         -nan%                0        0.000%
MEM_BLOCK_LENGTH_1400                                0         -nan%                0        0.000%
MEM_BLOCK_LENGTH_1500                                0         -nan%                0        0.000%
MEM_BLOCK_LENGTH_1600                                0         -nan%                0        0.000%
MEM_BLOCK_LENGTH_1700                                0         -nan%                0        0.000%
MEM_BLOCK_LENGTH_1800                                0         -nan%                0        0.000%
MEM_BLOCK_LENGTH_1900                                0         -nan%                0        0.000%
MEM_BLOCK_LENGTH_2000                                0         -nan%                0        0.000%
MEM_BLOCK_LENGTH_2100                                0         -nan%                0        0.000%
MEM_BLOCK_LENGTH_2200                                0         -nan%                0        0.000%
MEM_BLOCK_LENGTH_2300                                0         -nan%                0        0.000%
MEM_BLOCK_LENGTH_2400                                0         -nan%                0        0.000%
MEM_BLOCK_LENGTH_2500                                0         -nan%                0        0.000%
MEM_BLOCK_LENGTH_2600                                0         -nan%                0        0.000%
MEM_BLOCK_LENGTH_2700                                0         -nan%                0        0.000%
MEM_BLOCK_LENGTH_2800                                0         -nan%                0        0.000%
MEM_BLOCK_LENGTH_2900                                0         -nan%                0        0.000%
MEM_BLOCK_LENGTH_3000                                0         -nan%                0        0.000%
MEM_BLOCK_LENGTH_3100                                0         -nan%                0        0.000%
MEM_BLOCK_LENGTH_3200                                0         -nan%                0        0.000%
MEM_BLOCK_LENGTH_3300                                0         -nan%                0        0.000%
MEM_BLOCK_LENGTH_3400                                0         -nan%                0        0.000%
MEM_BLOCK_LENGTH_3500                                0         -nan%                0        0.000%
MEM_BLOCK_LENGTH_3600                                0         -nan%                0        0.000%
MEM_BLOCK_LENGTH_3700                                0         -nan%                0        0.000%
MEM_BLOCK_LENGTH_3800                                0         -nan%                0        0.000%
MEM_BLOCK_LENGTH_3900                                0         -nan%                0        0.000%
MEM_BLOCK_LENGTH_4000                                0         -nan%                0        0.000%
MEM_BLOCK_LENGTH_4100                                0         -nan%                0        0.000%
MEM_BLOCK_LENGTH_4200                                0         -nan%                0        0.000%
MEM_BLOCK_LENGTH_4300                                0         -nan%                0        0.000%
MEM_BLOCK_LENGTH_4400                                0         -nan%                0        0.000%
MEM_BLOCK_LENGTH_4500                                0         -nan%                0        0.000%
MEM_BLOCK_LENGTH_4600                                0         -nan%                0        0.000%
MEM_BLOCK_LENGTH_4700                                0         -nan%                0        0.000%
MEM_BLOCK_LENGTH_4800                                0         -nan%                0        0.000%
MEM_BLOCK_LENGTH_4900                                0         -nan%                0        0.000%
MEM_BLOCK_LENGTH_5000                                0         -nan%                0        0.000%
                                                     0         -nan%                1      100.000%
                                                  -nan         -nan              0.00         -nan

FUS_BUSY_ON_PATH                              16024120        2.1026         48066409        2.1168

FUS_BUSY_OFF_PATH                              1065489        0.1398          3369832        0.1484

FU_BUSY_MEM_STALL                                84434        0.0111           260712        0.0115

FUS_EMPTY                                     59123151        7.7576        175632299        7.7348

FU_UNAVAILABLE                                   13813        0.0018            35687        0.0016

FU_MEM_UNAVAILABLE                               25914        0.0034            79639        0.0035

FU_OTHER_UNAVAILABLE                                 0        0.0000                0        0.0000

FU_REPLAY                                            0        0.0000                0        0.0000

FU_STARVED                                    59082877        7.7524        175509474        7.7294

CHIP_UTILIZATION                                     0        0.0000                0        0.0000

CYCLES_UNDER_MEM_REQ                                 0                              0              

CYCLES_UNDER_NO_MEM_REQ                              0                              0              

CYCLES_UNDER_CRITICAL_MEM_REQ                        0                              0              

CYCLES_UNDER_NONCRITICAL_MEM_REQ                     0                              0              

CHIP_UTILIZATION_UNDER_MEM_REQ                       0          -nan                0          -nan

CHIP_UTILIZATION_UNDER_NO_MEM_REQ                    0          -nan                0          -nan

CHIP_UTILIZATION_UNDER_CRITICAL_MEM_REQ              0          -nan                0          -nan

CHIP_UTILIZATION_UNDER_NONCRITICAL_MEM_REQ             0          -nan                0          -nan

CYCLES_NOT_WAITING_FOR_OFF_CHIP                      0        0.0000                0        0.0000

FUS_BUSY_NOT_WAITING_FOR_OFF_CHIP                    0          -nan                0          -nan

CYCLES_WAITING_FOR_OFF_CHIP                          0        0.0000                0        0.0000

FUS_BUSY_WAITING_FOR_OFF_CHIP                        0          -nan                0          -nan

TOTAL_OFF_CHIP_DELAYS_LEFT                           0                              0              

WRONG_IO_SCHED                                       0                              0              

DVFS_CONFIG_SWITCH                                   0                              0              

MAP_STAGE_RECEIVED_OPS_0                             0        0.000%                0        0.000%
MAP_STAGE_RECEIVED_OPS_1                         12124        0.399%            37213        0.408%
MAP_STAGE_RECEIVED_OPS_2                          9050        0.298%            29101        0.319%
MAP_STAGE_RECEIVED_OPS_3                         12278        0.404%            35739        0.392%
MAP_STAGE_RECEIVED_OPS_4                        679287       22.344%          2033222       22.310%
MAP_STAGE_RECEIVED_OPS_5                         38796        1.276%           113492        1.245%
MAP_STAGE_RECEIVED_OPS_6                       2288551       75.279%          6864561       75.324%
MAP_STAGE_RECEIVED_OPS_7                             0        0.000%                0        0.000%
MAP_STAGE_RECEIVED_OPS_8                             0        0.000%                0        0.000%
MAP_STAGE_RECEIVED_OPS_MAX                           0        0.000%                0        0.000%
                                               3040086      100.000%          9113328      100.000%
                                                  5.50         0.91              5.50         0.92

MAP_STAGE_WAIT_FOR_DECODE                            0         -nan%                0         -nan%
MAP_STAGE_CONSUME_DECODE                             0         -nan%                0         -nan%
                                                     0         -nan%                0         -nan%
                                                  -nan         -nan              -nan         -nan

MAP_STAGE_WAIT_FOR_DECODE2                           0         -nan%                0         -nan%
MAP_STAGE_CONSUME_DECODE2                            0         -nan%                0         -nan%
                                                     0         -nan%                0         -nan%
                                                  -nan         -nan              -nan         -nan

FTQ_RECOVER_EXEC                                  9427                          28993              

FTQ_RECOVER_DECODE                                   4                            205              

FTQ_OFFPATH_CYCLES                             3309864                        9904721              

FTQ_CYCLES_OFFPATH                             3309864                        9904721              

FTQ_CYCLES_ONPATH                              4311412                       12802133              

FTQ_FETCHED_INS_ONPATH                        16728423                       50149752              

FTQ_FETCHED_INS_OFFPATH                        8274127                       25181818              

FTQ_BREAK_FULL_FT_ONPATH                       2992393                        8818448              

FTQ_BREAK_FULL_FT_OFFPATH                      2470578                        7373606              

FTQ_BREAK_PRED_BR_ONPATH                             0                              0              

FTQ_BREAK_PRED_BR_OFFPATH                            0                              0              

FTQ_BREAK_BAR_FETCH_ONPATH                           0                              0              

FTQ_BREAK_BAR_FETCH_OFFPATH                          0                              0              

FTQ_BREAK_MAX_CFS_TAKEN_ONPATH                       0                              0              

FTQ_BREAK_MAX_CFS_TAKEN_OFFPATH                      0                              0              

FTQ_BREAK_MAX_FT_ONPATH                        1318977                        3983643              

FTQ_BREAK_MAX_FT_OFFPATH                        839286                        2531115              

DFE_GEN_ON_PATH_FT                             2624142                        7863594              

DFE_GEN_OFF_PATH_FT                            1074893                        3207424              

DFE_L0_ENABLED_PREDICTIONS                    16728530                       50150063              

DFE_L0_WRONG_MAIN_CORRECT                       267778                         798950              

DFE_L0_WRONG_MAIN_WRONG                           8675                          26808              

DFE_L0_CORRECT_MAIN_WRONG                          756                           2390              

DFE_L0_CORRECT_MAIN_CORRECT                   16451321                       49321915              

DFE_L0_WRONG_MAIN_CORRECT_RECOVERY_SCHEDULED             0                              0              

FTQ_SAW_BAR_FETCH_OFFPATH                          608                           1318              

FTQ_SAW_BAR_FETCH_ONPATH                           585                           1677              

DFE_CONF_0_RECOVER_AT_EXEC                           0         -nan%                0         -nan%
DFE_CONF_1_RECOVER_AT_EXEC                           0         -nan%                0         -nan%
DFE_CONF_2_RECOVER_AT_EXEC                           0         -nan%                0         -nan%
DFE_CONF_3_RECOVER_AT_EXEC                           0         -nan%                0         -nan%
DFE_CONF_0_CORRECT                                   0         -nan%                0         -nan%
DFE_CONF_1_CORRECT                                   0         -nan%                0         -nan%
DFE_CONF_2_CORRECT                                   0         -nan%                0         -nan%
DFE_CONF_3_CORRECT                                   0         -nan%                0         -nan%
                                                     0         -nan%                0         -nan%
                                                  -nan         -nan              -nan         -nan

DFE_ON_CONF_ON_OPS                                   0         -nan%                0         -nan%
DFE_ON_CONF_OFF_OPS                                  0         -nan%                0         -nan%
DFE_OFF_CONF_ON_OPS                                  0         -nan%                0         -nan%
DFE_OFF_CONF_OFF_REALISTIC_OPS                       0         -nan%                0         -nan%
DFE_OFF_CONF_OFF_PERFECT_OPS                         0         -nan%                0         -nan%
                                                     0         -nan%                0         -nan%
                                                  -nan         -nan              -nan         -nan

DFE_ON_CONF_ON_FETCH_TARGETS                         0         -nan%                0         -nan%
DFE_ON_CONF_OFF_FETCH_TARGETS                        0         -nan%                0         -nan%
DFE_OFF_CONF_ON_FETCH_TARGETS                        0         -nan%                0         -nan%
DFE_OFF_CONF_OFF_REALISTIC_FETCH_TARGETS             0         -nan%                0         -nan%
DFE_OFF_CONF_OFF_PERFECT_FETCH_TARGETS               0         -nan%                0         -nan%
                                                     0         -nan%                0         -nan%
                                                  -nan         -nan              -nan         -nan

DFE_ON_CONF_ON_CYCLES                                0         -nan%                0         -nan%
DFE_ON_CONF_OFF_CYCLES                               0         -nan%                0         -nan%
DFE_OFF_CONF_ON_CYCLES                               0         -nan%                0         -nan%
DFE_OFF_CONF_OFF_REALISTIC_CYCLES                    0         -nan%                0         -nan%
DFE_OFF_CONF_OFF_PERFECT_CYCLES                      0         -nan%                0         -nan%
                                                     0         -nan%                0         -nan%
                                                  -nan         -nan              -nan         -nan

DFE_OFF_CONF_ON_NUM_EVENTS                           0                              0              

DFE_OFF_CONF_ON_NOT_IDENTIFIED_EVENTS                0         -nan%                0         -nan%
DFE_OFF_CONF_ON_IBTB_MISS_EVENTS                     0         -nan%                0         -nan%
DFE_OFF_CONF_ON_BTB_MISS_EVENTS                      0         -nan%                0         -nan%
DFE_OFF_CONF_ON_BTB_MISS_RECOVER_AT_EXEC_EVENTS             0         -nan%                0         -nan%
DFE_OFF_CONF_ON_RECOVER_AT_EXEC_EVENTS               0         -nan%                0         -nan%
DFE_OFF_CONF_ON_RECOVER_AT_DECODE_EVENTS             0         -nan%                0         -nan%
                                                     0         -nan%                0         -nan%
                                                  -nan         -nan              -nan         -nan

DFE_OFF_CONF_ON_LATE_BTB_HIT_EVENTS                  0                              0              

DFE_OFF_CONF_ON_NOT_IDENTIFIED_CYCLES                0         -nan%                0         -nan%
DFE_OFF_CONF_ON_IBTB_MISS_CYCLES                     0         -nan%                0         -nan%
DFE_OFF_CONF_ON_BTB_MISS_CYCLES                      0         -nan%                0         -nan%
DFE_OFF_CONF_ON_BTB_MISS_RECOVER_AT_EXEC_CYCLES             0         -nan%                0         -nan%
DFE_OFF_CONF_ON_RECOVER_AT_EXEC_CYCLES               0         -nan%                0         -nan%
DFE_OFF_CONF_ON_RECOVER_AT_DECODE_CYCLES             0         -nan%                0         -nan%
                                                     0         -nan%                0         -nan%
                                                  -nan         -nan              -nan         -nan

DFE_OFF_CONF_ON_LATE_BTB_HIT_CYCLES                  0                              0              

DFE_OFF_CONF_ON_NOT_IDENTIFIED_FETCH_TARGETS             0         -nan%                0         -nan%
DFE_OFF_CONF_ON_IBTB_MISS_FETCH_TARGETS              0         -nan%                0         -nan%
DFE_OFF_CONF_ON_BTB_MISS_FETCH_TARGETS               0         -nan%                0         -nan%
DFE_OFF_CONF_ON_BTB_MISS_RECOVER_AT_EXEC_FETCH_TARGETS             0         -nan%                0         -nan%
DFE_OFF_CONF_ON_RECOVER_AT_EXEC_FETCH_TARGETS             0         -nan%                0         -nan%
DFE_OFF_CONF_ON_RECOVER_AT_DECODE_FETCH_TARGETS             0         -nan%                0         -nan%
                                                     0         -nan%                0         -nan%
                                                  -nan         -nan              -nan         -nan

DFE_OFF_CONF_ON_LATE_BTB_HIT_FETCH_TARGETS             0                              0              

DFE_OFF_CONF_ON_BP_INCORRECT_0_CONF                  0         -nan%                0         -nan%
DFE_OFF_CONF_ON_BP_INCORRECT_1_CONF                  0         -nan%                0         -nan%
DFE_OFF_CONF_ON_BP_INCORRECT_2_CONF                  0         -nan%                0         -nan%
DFE_OFF_CONF_ON_BP_INCORRECT_3_CONF                  0         -nan%                0         -nan%
                                                     0         -nan%                0         -nan%
                                                  -nan         -nan              -nan         -nan

DFE_OFF_CONF_ON_BTB_MISS_CBR_0_CONF                  0         -nan%                0         -nan%
DFE_OFF_CONF_ON_BTB_MISS_CBR_1_CONF                  0         -nan%                0         -nan%
DFE_OFF_CONF_ON_BTB_MISS_CBR_2_CONF                  0         -nan%                0         -nan%
DFE_OFF_CONF_ON_BTB_MISS_CBR_3_CONF                  0         -nan%                0         -nan%
                                                     0         -nan%                0         -nan%
                                                  -nan         -nan              -nan         -nan

DFE_OFF_CONF_ON_BTB_MISS_NOT_CF                      0         -nan%                0         -nan%
DFE_OFF_CONF_ON_BTB_MISS_CF_BR                       0         -nan%                0         -nan%
DFE_OFF_CONF_ON_BTB_MISS_CF_CBR                      0         -nan%                0         -nan%
DFE_OFF_CONF_ON_BTB_MISS_CF_CALL                     0         -nan%                0         -nan%
DFE_OFF_CONF_ON_BTB_MISS_CF_IBR                      0         -nan%                0         -nan%
DFE_OFF_CONF_ON_BTB_MISS_CF_ICALL                    0         -nan%                0         -nan%
DFE_OFF_CONF_ON_BTB_MISS_CF_ICO                      0         -nan%                0         -nan%
DFE_OFF_CONF_ON_BTB_MISS_CF_RET                      0         -nan%                0         -nan%
DFE_OFF_CONF_ON_BTB_MISS_CF_SYS                      0         -nan%                0         -nan%
                                                     0         -nan%                0         -nan%
                                                  -nan         -nan              -nan         -nan

DFE_ON_CONF_OFF_NUM_EVENTS                           0                              0              

CONF_BTB_NUM_CYCLES_OFF_PATH_EVENT                   0                              0              

DFE_ON_CONF_OFF_IBTB_MISS_BP_TAKEN                   0         -nan%                0         -nan%
DFE_ON_CONF_OFF_BTB_MISS_BP_TAKEN_CONF_0             0         -nan%                0         -nan%
DFE_ON_CONF_OFF_BTB_MISS_BP_TAKEN_CONF_1             0         -nan%                0         -nan%
DFE_ON_CONF_OFF_BTB_MISS_BP_TAKEN_CONF_2             0         -nan%                0         -nan%
DFE_ON_CONF_OFF_BTB_MISS_BP_TAKEN_CONF_3             0         -nan%                0         -nan%
DFE_ON_CONF_OFF_BTB_MISS_RATE                        0         -nan%                0         -nan%
DFE_ON_CONF_OFF_IBTB_MISS_RATE                       0         -nan%                0         -nan%
DFE_ON_CONF_OFF_RECOVER_AT_DECODE_RATE               0         -nan%                0         -nan%
DFE_ON_CONF_OFF_RECOVER_AT_EXEC_RATE                 0         -nan%                0         -nan%
DFE_ON_CONF_OFF_INV_CONF_INC                         0         -nan%                0         -nan%
DFE_ON_CONF_OFF_PERFECT_CONF                         0         -nan%                0         -nan%
                                                     0         -nan%                0         -nan%
                                                  -nan         -nan              -nan         -nan

DFE_ON_CONF_OFF_IBTB_MISS_BP_TAKEN_CYCLES             0         -nan%                0         -nan%
DFE_ON_CONF_OFF_BTB_MISS_BP_TAKEN_CONF_0_CYCLES             0         -nan%                0         -nan%
DFE_ON_CONF_OFF_BTB_MISS_BP_TAKEN_CONF_1_CYCLES             0         -nan%                0         -nan%
DFE_ON_CONF_OFF_BTB_MISS_BP_TAKEN_CONF_2_CYCLES             0         -nan%                0         -nan%
DFE_ON_CONF_OFF_BTB_MISS_BP_TAKEN_CONF_3_CYCLES             0         -nan%                0         -nan%
DFE_ON_CONF_OFF_BTB_MISS_RATE_CYCLES                 0         -nan%                0         -nan%
DFE_ON_CONF_OFF_IBTB_MISS_RATE_CYCLES                0         -nan%                0         -nan%
DFE_ON_CONF_OFF_RECOVER_AT_DECODE_RATE_CYCLES             0         -nan%                0         -nan%
DFE_ON_CONF_OFF_RECOVER_AT_EXEC_RATE_CYCLES             0         -nan%                0         -nan%
DFE_ON_CONF_OFF_INV_CONF_INC_CYCLES                  0         -nan%                0         -nan%
DFE_ON_CONF_OFF_PERFECT_CONF_CYCLES                  0         -nan%                0         -nan%
                                                     0         -nan%                0         -nan%
                                                  -nan         -nan              -nan         -nan

DFE_ON_CONF_OFF_IBTB_MISS_BP_TAKEN_FETCH_TARGETS             0         -nan%                0         -nan%
DFE_ON_CONF_OFF_BTB_MISS_BP_TAKEN_CONF_0_FETCH_TARGETS             0         -nan%                0         -nan%
DFE_ON_CONF_OFF_BTB_MISS_BP_TAKEN_CONF_1_FETCH_TARGETS             0         -nan%                0         -nan%
DFE_ON_CONF_OFF_BTB_MISS_BP_TAKEN_CONF_2_FETCH_TARGETS             0         -nan%                0         -nan%
DFE_ON_CONF_OFF_BTB_MISS_BP_TAKEN_CONF_3_FETCH_TARGETS             0         -nan%                0         -nan%
DFE_ON_CONF_OFF_BTB_MISS_RATE_FETCH_TARGETS             0         -nan%                0         -nan%
DFE_ON_CONF_OFF_IBTB_MISS_RATE_FETCH_TARGETS             0         -nan%                0         -nan%
DFE_ON_CONF_OFF_RECOVER_AT_DECODE_RATE_FETCH_TARGETS             0         -nan%                0         -nan%
DFE_ON_CONF_OFF_RECOVER_AT_EXEC_RATE_FETCH_TARGETS             0         -nan%                0         -nan%
DFE_ON_CONF_OFF_INV_CONF_INC_FETCH_TARGETS             0         -nan%                0         -nan%
DFE_ON_CONF_OFF_PERFECT_CONF_FETCH_TARGETS             0         -nan%                0         -nan%
                                                     0         -nan%                0         -nan%
                                                  -nan         -nan              -nan         -nan

CONF_OFF_IBTB_MISS_BP_TAKEN                          0         -nan%                0         -nan%
CONF_OFF_BTB_MISS_BP_TAKEN_CONF_0                    0         -nan%                0         -nan%
CONF_OFF_BTB_MISS_BP_TAKEN_CONF_1                    0         -nan%                0         -nan%
CONF_OFF_BTB_MISS_BP_TAKEN_CONF_2                    0         -nan%                0         -nan%
CONF_OFF_BTB_MISS_BP_TAKEN_CONF_3                    0         -nan%                0         -nan%
CONF_OFF_BTB_MISS_RATE                               0         -nan%                0         -nan%
CONF_OFF_IBTB_MISS_RATE                              0         -nan%                0         -nan%
CONF_OFF_RECOVER_AT_DECODE_RATE                      0         -nan%                0         -nan%
CONF_OFF_RECOVER_AT_EXEC_RATE                        0         -nan%                0         -nan%
CONF_OFF_INV_CONF_INC                                0         -nan%                0         -nan%
CONF_OFF_PERFECT_CONF                                0         -nan%                0         -nan%
                                                     0         -nan%                0         -nan%
                                                  -nan         -nan              -nan         -nan

TOPDOWN_TOTAL_SLOTS                           45727656                      136241124              

TOPDOWN_ISSUED_SLOTS                          18532128                       55668653              

TOPDOWN_RETIRED_SLOTS                         16728989                       50150063              

TOPDOWN_FETCH_BUBBLES_SLOTS                    1836019                        5605815              

TOPDOWN_RECOVERY_BUBBLES_SLOTS                  638283                        1897516              

TOPDOWN_MEM_LOAD_STALLS_CYCLES                 4046118                       11955984              

TOPDOWN_MEM_STORE_STALLS_CYCLES                    302                            862              

TOPDOWN_EXEC_STALLS_CYCLES                     3517952                       10348623              

TOPDOWN_BACKEND_STALLS_CYCLES                  4046861                       11958077              

TOPDOWN_FETCH_BUBBLES_GT_MIW_CYCLES              81355                         260338              

TOPDOWN_BR_RECOVER_AT_EXEC_RETIRED_CYCLES          9427                          28993              

TOPDOWN_MACHINE_CLEAR_CYCLES                    277209                         828148              

TOPDOWN_FRONTEND_BOUND                             401                            401              

TOPDOWN_BACKEND_BOUND                             5408                           5408              

TOPDOWN_BAD_SPEC_BOUND                             533                            533              

TOPDOWN_RETIRING_BOUND                            3658                           3658              

TOPDOWN_FETCH_LATENCY_BOUND                        106                            106              

TOPDOWN_FETCH_BANDWIDTH_BOUND                      295                            295              

TOPDOWN_MEM_BOUND                                 5407                           5407              

TOPDOWN_CORE_BOUND                                   1                              1              

TOPDOWN_BR_RECOVER_AT_EXEC_BOUND                    17                             17              

TOPDOWN_MACHINE_CLEARS_BOUND                       516                            516              

H2P_SEEN_MAIN                                     2901                          12809              

PRF_WRITE_OBSERVED_CYCLES                      7621276                       22706854              

PRF_WRITES_BEYOND_RING                               0                              0              

PRF_WRITES_GP                                 13870310                       41751193              

PRF_WRITES_VEC                                   62324                         168229              

PRF_WRITE_PORTS_PER_CYCLE_GP                  13870310        1.8199         41751193        1.8387

PRF_WRITE_PORTS_PER_CYCLE_VEC                    62324        0.0082           168229        0.0074

PRF_WRITE_PORTS_GP_0                           3594824       47.168%         10591017       46.642%
PRF_WRITE_PORTS_GP_1                            534370        7.012%          1584993        6.980%
PRF_WRITE_PORTS_GP_2                           1410002       18.501%          4242947       18.686%
PRF_WRITE_PORTS_GP_3                            523723        6.872%          1598644        7.040%
PRF_WRITE_PORTS_GP_4                            451989        5.931%          1368919        6.029%
PRF_WRITE_PORTS_GP_5                            378635        4.968%          1141622        5.028%
PRF_WRITE_PORTS_GP_6                            312206        4.097%           936895        4.126%
PRF_WRITE_PORTS_GP_7                            205186        2.692%           609668        2.685%
PRF_WRITE_PORTS_GP_8                            210341        2.760%           632149        2.784%
                                               7621276      100.000%         22706854      100.000%
                                                  1.79         1.89              1.81         1.89

PRF_WRITE_PORTS_VEC_0                          7573302       99.371%         22574528       99.417%
PRF_WRITE_PORTS_VEC_1                            40001        0.525%           110708        0.488%
PRF_WRITE_PORTS_VEC_2                             5584        0.073%            15967        0.070%
PRF_WRITE_PORTS_VEC_3                              502        0.007%             1736        0.008%
PRF_WRITE_PORTS_VEC_4                              605        0.008%             1129        0.005%
PRF_WRITE_PORTS_VEC_5                              683        0.009%             1509        0.007%
PRF_WRITE_PORTS_VEC_6                              379        0.005%              621        0.003%
PRF_WRITE_PORTS_VEC_7                              220        0.003%              656        0.003%
PRF_WRITE_PORTS_VEC_8                                0        0.000%                0        0.000%
                                               7621276      100.000%         22706854      100.000%
                                                  0.01         0.12              0.01         0.11



