/* -*- Mode: c -*- */
####################################################################################################
Core 0
####################################################################################################
Cumulative:        Cycles: 9194513               Instructions: 30000000              IPC: 3.26282

Periodic:          Cycles: 3028955               Instructions: 9999995               IPC: 3.30147

EXECUTION_TIME                            946548437500                  2873285312500              

SIM_HOST_WALL_SECONDS                       274.644502                     274.644502              

NODE_CYCLE                                     3028955                        9194513              

NODE_INST_COUNT                                9999995                       30000078              

NODE_INST_COUNT_FETCHED                        9999995                       30000000              

NODE_UOP_COUNT                                11696958                       35088741              

EXEC_STAGE_NO_ISSUE_STALL_CYCLE                2649092                        7959260              

EXEC_STAGE_NO_ISSUE_STALL_CYCLE_ONPATH         2644326                        7933356              

FULL_WINDOW_STALL                                    0        0.000%             2352        0.026%

FULL_WINDOW_MEM_OP                                   0         -nan%             2068       90.821%
FULL_WINDOW_FP_OP                                    0         -nan%                0        0.000%
FULL_WINDOW_OTHER_OP                                 0         -nan%              209        9.179%
                                                     0         -nan%             2277      100.000%
                                                  -nan         -nan              0.18         0.55

RET_BLOCKED_DC_MISS                            1001669       33.070%          3066609       33.353%

RET_BLOCKED_L1_MISS                                528        0.017%            64524        0.702%

RET_BLOCKED_L1_MISS_BW_PREF                        524        0.017%            54787        0.596%

RET_BLOCKED_L1_ACCESS                          1001141       33.052%          3002196       32.652%

RET_BLOCKED_MEM_STALL                              528        0.017%            64760        0.704%

RET_BLOCKED_OFFCHIP_DEMAND                           0        0.000%                0        0.000%

OP_ISSUED                                     11705273                       35156120              

OP_RETIRED                                    11696958                       35088741              

OP_MACRO_FUSION_ONPATH                         1476459                        4432786              

OP_MACRO_FUSION_OFFPATH                           4375                          20466              

REPLAY_SIGNALED                                      0                              0              

REPLAY_COUNTED                                       0                              0              

OFF_CRITICAL_PATH                                    0         -nan%                0         -nan%
ON_CRITICAL_PATH                                     0         -nan%                0         -nan%
                                                     0         -nan%                0         -nan%
                                                  -nan         -nan              -nan         -nan

LD_NO_DEPENDENTS                                249738       12.985%           748678       12.976%
LD_DEPENDENTS                                  1673563       87.015%          5020904       87.024%
                                               1923301      100.000%          5769582      100.000%
                                                  0.87         0.82              0.87         0.82

LD_EXEC_CYCLES_0                                     0         -nan%                0        0.000%
LD_EXEC_CYCLES_1                                     0         -nan%                0        0.000%
LD_EXEC_CYCLES_2                                     0         -nan%                0        0.000%
LD_EXEC_CYCLES_3                                     0         -nan%                7       70.000%
LD_EXEC_CYCLES_4                                     0         -nan%                3       30.000%
                                                     0         -nan%               10      100.000%
                                                  -nan         -nan              3.30         1.97

LD_EXEC_MINUS_FETCH_LATENCY                  171275632                      515544157              

LD_RETIRE_MINUS_FETCH_LATENCY                251870075                      759081211              

ICACHE_STAGE_STARVED                              2427        0.081%            34980        0.385%
ICACHE_STAGE_NOT_STARVED                       3005239       99.919%          9059650       99.615%
                                               3007666      100.000%          9094630      100.000%
                                                  1.00         1.00              1.00         0.99

ICACHE_STAGE_STALLED                           1426235       47.087%          4323230       47.020%
ICACHE_STAGE_NOT_STALLED                       1581431       52.210%          4771400       51.894%
ICACHE_STAGE_OFF_PATH                            21289        0.703%            99883        1.086%
                                               3028955      100.000%          9194513      100.000%
                                                  0.54         0.36              0.54         0.37

DECODE_STAGE_STARVED                           3025204       99.978%          9156979       99.948%
DECODE_STAGE_NOT_STARVED                           651        0.022%             4786        0.052%
                                               3025855      100.000%          9161765      100.000%
                                                  0.00         0.01              0.00         0.02

DECODE_STAGE_STALLED                               352        0.012%             1228        0.013%
DECODE_STAGE_NOT_STALLED                       3025503       99.886%          9160537       99.630%
DECODE_STAGE_OFF_PATH                             3100        0.102%            32748        0.356%
                                               3028955      100.000%          9194513      100.000%
                                                  1.00         0.05              1.00         0.08

UOPQ_STAGE_STARVED                               17864        1.126%           105878        2.202%
UOPQ_STAGE_NOT_STARVED                         1569017       98.874%          4701877       97.798%
                                               1586881      100.000%          4807755      100.000%
                                                  0.99         0.98              0.98         0.97

UOPQ_STAGE_STALLED                             1425247       47.054%          4318741       46.971%
UOPQ_STAGE_NOT_STALLED                         1586881       52.390%          4807755       52.289%
UOPQ_STAGE_OFF_PATH                              16827        0.556%            68017        0.740%
                                               3028955      100.000%          9194513      100.000%
                                                  0.54         0.36              0.54         0.36

RS_OP_READY_NOT_ISSUED_TOTAL                   2921427                        8886484              

RS_0_OP_READY_NOT_ISSUED                       2398058                        7310159              

RS_1_OP_READY_NOT_ISSUED                         35982                         108611              

RS_2_OP_READY_NOT_ISSUED                        487387                        1467714              

RS_3_OP_READY_NOT_ISSUED                             0                              0              

RS_4_OP_READY_NOT_ISSUED                             0                              0              

RS_5_OP_READY_NOT_ISSUED                             0                              0              

RS_6_OP_READY_NOT_ISSUED                             0                              0              

RS_7_OP_READY_NOT_ISSUED                             0                              0              

RS_7_PLUS_OP_READY_NOT_ISSUED                        0                              0              

FU_IDLE_NO_READY_OPS_TOTAL                    10412606                       32229851              

FU_0_IDLE_NO_READY_OPS                          426921                        1374545              

FU_1_IDLE_NO_READY_OPS                          551106                        1746670              

FU_2_IDLE_NO_READY_OPS                         1477232                        4534342              

FU_3_IDLE_NO_READY_OPS                         1477286                        4534182              

FU_4_IDLE_NO_READY_OPS                          581662                        1837630              

FU_5_IDLE_NO_READY_OPS                          410633                        1325635              

FU_6_IDLE_NO_READY_OPS                         1734160                        5307818              

FU_7_IDLE_NO_READY_OPS                         1728465                        5297291              

FU_8_IDLE_NO_READY_OPS                          547562                        1737245              

FU_9_IDLE_NO_READY_OPS                         1477579                        4534493              

FU_10_IDLE_NO_READY_OPS                              0                              0              

FU_11_IDLE_NO_READY_OPS                              0                              0              

FU_12_IDLE_NO_READY_OPS                              0                              0              

FU_13_IDLE_NO_READY_OPS                              0                              0              

FU_14_IDLE_NO_READY_OPS                              0                              0              

FU_15_IDLE_NO_READY_OPS                              0                              0              

FU_16_IDLE_NO_READY_OPS                              0                              0              

FU_17_IDLE_NO_READY_OPS                              0                              0              

FU_18_IDLE_NO_READY_OPS                              0                              0              

FU_19_IDLE_NO_READY_OPS                              0                              0              

FU_20_IDLE_NO_READY_OPS                              0                              0              

FU_21_IDLE_NO_READY_OPS                              0                              0              

FU_22_IDLE_NO_READY_OPS                              0                              0              

FU_23_IDLE_NO_READY_OPS                              0                              0              

FU_24_IDLE_NO_READY_OPS                              0                              0              

FU_25_IDLE_NO_READY_OPS                              0                              0              

FU_26_IDLE_NO_READY_OPS                              0                              0              

FU_27_IDLE_NO_READY_OPS                              0                              0              

FU_28_IDLE_NO_READY_OPS                              0                              0              

FU_29_IDLE_NO_READY_OPS                              0                              0              

FU_30_IDLE_NO_READY_OPS                              0                              0              

FU_31_IDLE_NO_READY_OPS                              0                              0              

FU_31_PLUS_IDLE_NO_READY_OPS                         0                              0              

MAP_STAGE_STARVED                                 2668        0.137%            43026        0.730%
MAP_STAGE_NOT_STARVED                          1950012       99.863%          5852136       99.270%
                                               1952680      100.000%          5895162      100.000%
                                                  1.00         1.00              0.99         0.99

MAP_STAGE_STALLED                                    0        0.000%                0        0.000%
MAP_STAGE_NOT_STALLED                          1952680       99.667%          5895162       99.340%
MAP_STAGE_OFF_PATH                                6526        0.333%            39170        0.660%
                                               1959206      100.000%          5934332      100.000%
                                                  1.00         0.08              1.01         0.12

MAP_STAGE_STALL_ITSELF                         1069749       35.317%          3260181       35.458%
MAP_STAGE_NOT_STALL_ITSELF                     1959206       64.683%          5934332       64.542%
                                               3028955      100.000%          9194513      100.000%
                                                  0.65         0.59              0.65         0.59

MAP_STAGE_LATE_ALLOCATE_SEND_BACK                    0                              0              

MAP_STAGE_RENAME_OP_ONPATH                    11696696                       35088741              

MAP_STAGE_RENAME_OP_OFFPATH                      34531                         171460              

MAP_STAGE_RENAME_INT_REG_ONPATH                9993560                       29978131              

MAP_STAGE_RENAME_INT_REG_OFFPATH                 28480                         122300              

MAP_STAGE_RENAME_VEC_REG_ONPATH                 211270                         633815              

MAP_STAGE_RENAME_VEC_REG_OFFPATH                  1638                           5118              

MAP_STAGE_RENAME_MOVE_ELIM_ONPATH                    0                              0              

MAP_STAGE_RENAME_MOVE_ELIM_OFFPATH                   0                              0              

MAP_STAGE_ONPATH_INT_REG_NUM_ALLOC             9993783                       29978112              

MAP_STAGE_ONPATH_VEC_REG_NUM_ALLOC              211272                         633804              

MAP_STAGE_ONPATH_INT_REG_NUM_SHORTLIVE         4263857                       12790267              

MAP_STAGE_ONPATH_VEC_REG_NUM_SHORTLIVE           75485                         226515              

MAP_STAGE_ONPATH_INT_REG_USE_COUNT_0           2150350                        6450795              

MAP_STAGE_ONPATH_VEC_REG_USE_COUNT_0             75411                         226059              

MAP_STAGE_ONPATH_INT_REG_USE_COUNT_1           5011596                       15033694              

MAP_STAGE_ONPATH_VEC_REG_USE_COUNT_1            120811                         362583              

MAP_STAGE_ONPATH_INT_REG_USE_COUNT_2           1998914                        5994167              

MAP_STAGE_ONPATH_VEC_REG_USE_COUNT_2                 0                             34              

MAP_STAGE_ONPATH_INT_REG_USE_COUNT_3            295119                         887120              

MAP_STAGE_ONPATH_VEC_REG_USE_COUNT_3                 0                              2              

MAP_STAGE_ONPATH_INT_REG_USE_COUNT_4            204590                         613245              

MAP_STAGE_ONPATH_VEC_REG_USE_COUNT_4             15050                          45123              

MAP_STAGE_ONPATH_INT_REG_USE_COUNT_5             75794                         227553              

MAP_STAGE_ONPATH_VEC_REG_USE_COUNT_5                 0                              1              

MAP_STAGE_ONPATH_INT_REG_USE_COUNT_6            121051                         362594              

MAP_STAGE_ONPATH_VEC_REG_USE_COUNT_6                 0                              0              

MAP_STAGE_ONPATH_INT_REG_USE_COUNT_7_PLUS        136369                         408944              

MAP_STAGE_ONPATH_VEC_REG_USE_COUNT_7_PLUS             0                              2              

MAP_STAGE_ONPATH_INT_REG_CONSUME_DIST_0              0        0.0000                0        0.0000

MAP_STAGE_ONPATH_VEC_REG_CONSUME_DIST_0              0        0.0000                0        0.0000

MAP_STAGE_ONPATH_INT_REG_CONSUME_DIST_1              0        0.0000                0        0.0000

MAP_STAGE_ONPATH_VEC_REG_CONSUME_DIST_1              0        0.0000                0        0.0000

MAP_STAGE_ONPATH_INT_REG_CONSUME_DIST_2        4869828        2.4362         14737394        2.4586

MAP_STAGE_ONPATH_VEC_REG_CONSUME_DIST_2              0          -nan            26437      777.5588

MAP_STAGE_ONPATH_INT_REG_CONSUME_DIST_3        1504920        5.0994          4619729        5.2076

MAP_STAGE_ONPATH_VEC_REG_CONSUME_DIST_3              0          -nan             3908     1954.0000

MAP_STAGE_ONPATH_INT_REG_CONSUME_DIST_4        2126771       10.3953          6446465       10.5121

MAP_STAGE_ONPATH_VEC_REG_CONSUME_DIST_4          15050        1.0000            45128        1.0001

MAP_STAGE_ONPATH_INT_REG_CONSUME_DIST_5        1502702       19.8261          4575989       20.1096

MAP_STAGE_ONPATH_VEC_REG_CONSUME_DIST_5              0          -nan                3        3.0000

MAP_STAGE_ONPATH_INT_REG_CONSUME_DIST_6        3339216       27.5852         10069725       27.7714

MAP_STAGE_ONPATH_VEC_REG_CONSUME_DIST_6              0          -nan                0          -nan

MAP_STAGE_ONPATH_INT_REG_CONSUME_DIST_7_PLUS       7651004       56.1052         23147088       56.6021

MAP_STAGE_ONPATH_VEC_REG_CONSUME_DIST_7_PLUS             0          -nan             6529     3264.5000

MAP_STAGE_INT_REG_ISSUE_READ_TOTAL_CONSUMED      13628157        5.1445         40903047        5.1391

MAP_STAGE_VEC_REG_ISSUE_READ_TOTAL_CONSUMED        181227        0.0684           543927        0.0683

MAP_STAGE_INT_REG_ISSUE_READ_MULTI_CONSUMED       5780846        2.1822         17351497        2.1800

MAP_STAGE_VEC_REG_ISSUE_READ_MULTI_CONSUMED         45150        0.0170           135478        0.0170

MAP_STAGE_INT_REG_ISSUE_READ_SAME_CYCLE_CONSUMED       2933835        1.1075          8804155        1.1062

MAP_STAGE_VEC_REG_ISSUE_READ_SAME_CYCLE_CONSUMED         30100        0.0114            90262        0.0113

MAP_STAGE_INT_REG_ISSUE_READ_TOTAL_CONSUMED_ONPATH      13618907        5.1502         40851082        5.1493

MAP_STAGE_VEC_REG_ISSUE_READ_TOTAL_CONSUMED_ONPATH        181010        0.0685           543213        0.0685

MAP_STAGE_INT_REG_ISSUE_READ_MULTI_CONSUMED_ONPATH       5775613        2.1842         17323736        2.1837

MAP_STAGE_VEC_REG_ISSUE_READ_MULTI_CONSUMED_ONPATH         45150        0.0171           135458        0.0171

MAP_STAGE_INT_REG_ISSUE_READ_SAME_CYCLE_CONSUMED_ONPATH       2931525        1.1086          8791601        1.1082

MAP_STAGE_VEC_REG_ISSUE_READ_SAME_CYCLE_CONSUMED_ONPATH         30100        0.0114            90256        0.0114

MAP_STAGE_ONPATH_INT_REG_LIFECYCLE_EMPTY     304922065                      916340037              

MAP_STAGE_ONPATH_VEC_REG_LIFECYCLE_EMPTY      12475384                       37406640              

MAP_STAGE_ONPATH_INT_REG_LIFECYCLE_IN_USE     434540198                     1308504527              

MAP_STAGE_ONPATH_VEC_REG_LIFECYCLE_IN_USE      19802354                       59466022              

MAP_STAGE_ONPATH_INT_REG_LIFECYCLE_SPEC_RELEASE     719787474                     2171623260              

MAP_STAGE_ONPATH_VEC_REG_LIFECYCLE_SPEC_RELEASE      29107159                       87777603              

MAP_STAGE_ONPATH_INT_REG_LIFECYCLE_NONSPEC_RELEASE     719787474                     2171623260              

MAP_STAGE_ONPATH_VEC_REG_LIFECYCLE_NONSPEC_RELEASE      29107159                       87777603              

MAP_STAGE_ONPATH_INT_REG_LIFECYCLE_TOTAL     719787474                     2171623260              

MAP_STAGE_ONPATH_VEC_REG_LIFECYCLE_TOTAL      29107159                       87777603              

MAP_STAGE_ONPATH_INT_REG_NUM_NONBRANCH         9993783                       29978112              

MAP_STAGE_ONPATH_VEC_REG_NUM_NONBRANCH          211272                         633804              

MAP_STAGE_ONPATH_INT_REG_NUM_NONEXCEPT         9993783                       29978112              

MAP_STAGE_ONPATH_VEC_REG_NUM_NONEXCEPT          211272                         633804              

MAP_STAGE_ONPATH_INT_REG_NUM_ATOMIC            9993783                       29978112              

MAP_STAGE_ONPATH_VEC_REG_NUM_ATOMIC             211272                         633804              

MAP_STAGE_ONPATH_INT_REG_ATOMIC_REDEFINED_DIST_TOTAL     719787474       72.0235       2171623260       72.4403

MAP_STAGE_ONPATH_VEC_REG_ATOMIC_REDEFINED_DIST_TOTAL      29107159      137.7710         87777603      138.4933

MAP_STAGE_ONPATH_INT_REG_ATOMIC_CONSUMED_DIST_TOTAL     434540198       43.4811       1308504527       43.6487

MAP_STAGE_ONPATH_VEC_REG_ATOMIC_CONSUMED_DIST_TOTAL      19802354       93.7292         59466022       93.8240

MAP_STAGE_ONPATH_INT_REG_ATOMIC_RELEASE_DIST_TOTAL     719787474       72.0235       2171623260       72.4403

MAP_STAGE_ONPATH_VEC_REG_ATOMIC_RELEASE_DIST_TOTAL      29107159      137.7710         87777603      138.4933

EXEC_STAGE_STARVED                             2433333       80.336%          7386893       80.340%
EXEC_STAGE_NOT_STARVED                          589589       19.465%          1770277       19.254%
EXEC_STAGE_OFF_PATH                               6033        0.199%            37343        0.406%
                                               3028955      100.000%          9194513      100.000%
                                                  0.20         0.36              0.20         0.37

FU_BUSY_0                                      1950317                        5858331              

FU_BUSY_1                                      1846879                        5547917              

FU_BUSY_2                                       643426                        1931215              

FU_BUSY_3                                       643147                        1931290              

FU_BUSY_4                                      1529547                        4598190              

FU_BUSY_5                                      2051899                        6163576              

FU_BUSY_6                                       684602                        2056436              

FU_BUSY_7                                       689192                        2063940              

FU_BUSY_8                                      1627415                        4891488              

FU_BUSY_9                                       642713                        1930750              

FU_BUSY_10                                           0                              0              

FU_BUSY_11                                           0                              0              

FU_BUSY_12                                           0                              0              

FU_BUSY_13                                           0                              0              

FU_BUSY_14                                           0                              0              

FU_BUSY_15                                           0                              0              

FU_BUSY_16                                           0                              0              

FU_BUSY_17                                           0                              0              

FU_BUSY_18                                           0                              0              

FU_BUSY_19                                           0                              0              

FU_BUSY_20                                           0                              0              

FU_BUSY_21                                           0                              0              

FU_BUSY_22                                           0                              0              

FU_BUSY_23                                           0                              0              

FU_BUSY_24                                           0                              0              

FU_BUSY_25                                           0                              0              

FU_BUSY_26                                           0                              0              

FU_BUSY_27                                           0                              0              

FU_BUSY_28                                           0                              0              

FU_BUSY_29                                           0                              0              

FU_BUSY_30                                           0                              0              

FU_BUSY_31                                           0                              0              

FU_REJECTED_OP_INV_NOT_SIMD                          0        0.000%                0        0.000%
FU_REJECTED_OP_NOP_NOT_SIMD                       2512        0.701%             7927        0.734%
FU_REJECTED_OP_CF_NOT_SIMD                           0        0.000%               54        0.005%
FU_REJECTED_OP_MOV_NOT_SIMD                      55592       15.505%           167003       15.470%
FU_REJECTED_OP_CMOV_NOT_SIMD                         0        0.000%                0        0.000%
FU_REJECTED_OP_LDA_NOT_SIMD                      10131        2.826%            30588        2.834%
FU_REJECTED_OP_IMEM_NOT_SIMD                      3808        1.062%            11535        1.069%
FU_REJECTED_OP_IADD_NOT_SIMD                      4146        1.156%            12313        1.141%
FU_REJECTED_OP_IMUL_NOT_SIMD                    109908       30.654%           329240       30.499%
FU_REJECTED_OP_IDIV_NOT_SIMD                         0        0.000%               36        0.003%
FU_REJECTED_OP_ICMP_NOT_SIMD                         0        0.000%               13        0.001%
FU_REJECTED_OP_LOGIC_NOT_SIMD                    16434        4.583%            49569        4.592%
FU_REJECTED_OP_SHIFT_NOT_SIMD                   156004       43.510%           467180       43.277%
FU_REJECTED_OP_FMEM_NOT_SIMD                         0        0.000%                7        0.001%
FU_REJECTED_OP_FCVT_NOT_SIMD                         0        0.000%                0        0.000%
FU_REJECTED_OP_FADD_NOT_SIMD                         0        0.000%                0        0.000%
FU_REJECTED_OP_FMUL_NOT_SIMD                         0        0.000%                0        0.000%
FU_REJECTED_OP_FMA_NOT_SIMD                          0        0.000%                0        0.000%
FU_REJECTED_OP_FDIV_NOT_SIMD                         0        0.000%                0        0.000%
FU_REJECTED_OP_FCMP_NOT_SIMD                         0        0.000%                0        0.000%
FU_REJECTED_OP_FCMOV_NOT_SIMD                        0        0.000%                0        0.000%
FU_REJECTED_OP_GATHER_NOT_SIMD                       0        0.000%                0        0.000%
FU_REJECTED_OP_SCATTER_NOT_SIMD                      0        0.000%                0        0.000%
FU_REJECTED_OP_PIPELINED_FAST_NOT_SIMD               0        0.000%                0        0.000%
FU_REJECTED_OP_PIPELINED_MEDIUM_NOT_SIMD             0        0.000%                0        0.000%
FU_REJECTED_OP_PIPELINED_SLOW_NOT_SIMD               0        0.000%                0        0.000%
FU_REJECTED_OP_NOTPIPELINED_MEDIUM_NOT_SIMD             0        0.000%                0        0.000%
FU_REJECTED_OP_NOTPIPELINED_SLOW_NOT_SIMD             0        0.000%                0        0.000%
FU_REJECTED_OP_NOTPIPELINED_VERY_SLOW_NOT_SIMD             0        0.000%                0        0.000%
FU_REJECTED_OP_INV_SIMD                              0        0.000%                0        0.000%
FU_REJECTED_OP_NOP_SIMD                              0        0.000%             3435        0.318%
FU_REJECTED_OP_CF_SIMD                               0        0.000%                0        0.000%
FU_REJECTED_OP_MOV_SIMD                              0        0.000%                9        0.001%
FU_REJECTED_OP_CMOV_SIMD                             0        0.000%                0        0.000%
FU_REJECTED_OP_LDA_SIMD                              0        0.000%                0        0.000%
FU_REJECTED_OP_IMEM_SIMD                             0        0.000%                0        0.000%
FU_REJECTED_OP_IADD_SIMD                             0        0.000%                0        0.000%
FU_REJECTED_OP_IMUL_SIMD                             0        0.000%                0        0.000%
FU_REJECTED_OP_IDIV_SIMD                             0        0.000%                0        0.000%
FU_REJECTED_OP_ICMP_SIMD                             0        0.000%                0        0.000%
FU_REJECTED_OP_LOGIC_SIMD                            0        0.000%                0        0.000%
FU_REJECTED_OP_SHIFT_SIMD                            0        0.000%                0        0.000%
FU_REJECTED_OP_FMEM_SIMD                             0        0.000%                0        0.000%
FU_REJECTED_OP_FCVT_SIMD                             0        0.000%                4        0.000%
FU_REJECTED_OP_FADD_SIMD                            13        0.004%              587        0.054%
FU_REJECTED_OP_FMUL_SIMD                             0        0.000%                0        0.000%
FU_REJECTED_OP_FMA_SIMD                              0        0.000%                0        0.000%
FU_REJECTED_OP_FDIV_SIMD                             0        0.000%                0        0.000%
FU_REJECTED_OP_FCMP_SIMD                             0        0.000%                0        0.000%
FU_REJECTED_OP_FCMOV_SIMD                            0        0.000%                0        0.000%
FU_REJECTED_OP_GATHER_SIMD                           0        0.000%                0        0.000%
FU_REJECTED_OP_SCATTER_SIMD                          0        0.000%                0        0.000%
FU_REJECTED_OP_PIPELINED_FAST_SIMD                   0        0.000%                0        0.000%
FU_REJECTED_OP_PIPELINED_MEDIUM_SIMD                 0        0.000%                0        0.000%
FU_REJECTED_OP_PIPELINED_SLOW_SIMD                   0        0.000%                0        0.000%
FU_REJECTED_OP_NOTPIPELINED_MEDIUM_SIMD              0        0.000%                0        0.000%
FU_REJECTED_OP_NOTPIPELINED_SLOW_SIMD                0        0.000%                0        0.000%
FU_REJECTED_OP_NOTPIPELINED_VERY_SLOW_SIMD             0        0.000%                0        0.000%
                                                358548      100.000%          1079500      100.000%
                                                  8.94         3.33              9.02         3.62

LSQ_FULL_TOTAL                                       0                             19              

LSQ_FULL_LOAD_QUEUE                                  0                              0              

LSQ_FULL_STORE_QUEUE                                 0                             19              

OP_WAIT_0                                      8808371                       26421338              

OP_WAIT_1                                      1642445                        4928461              

OP_WAIT_2                                       503889                        1512405              

OP_WAIT_3                                       248605                         744466              

OP_WAIT_4                                       149795                         449947              

OP_WAIT_5                                        92365                         276785              

OP_WAIT_6                                        25417                          76524              

OP_WAIT_7                                        21561                          64895              

OP_WAIT_8                                         7914                          23889              

OP_WAIT_9                                        15220                          45613              

OP_WAIT_10                                        2648                           8088              

OP_WAIT_11                                        1335                           4103              

OP_WAIT_12                                          78                            308              

OP_WAIT_13                                        3359                          10532              

OP_WAIT_14                                       16022                          47219              

OP_WAIT_15                                        3406                          10943              

OP_WAIT_16                                        3481                          10055              

OP_WAIT_17                                         275                            940              

OP_WAIT_18                                        3634                          10918              

OP_WAIT_19                                          53                            173              

OP_WAIT_20                                        3005                           9033              

OP_WAIT_21                                        8990                          26946              

OP_WAIT_22                                        3031                           9103              

OP_WAIT_23                                          29                             90              

OP_WAIT_24                                          38                            117              

OP_WAIT_25                                       11952                          35845              

OP_WAIT_26                                        2992                           8962              

OP_WAIT_27                                        4679                          14018              

OP_WAIT_28                                        4485                          13461              

OP_WAIT_29                                        2626                           7878              

OP_WAIT_30                                        1104                           3303              

OP_WAIT_31                                      104154                         312383              

ROW_SIZE_0                                     1213686                        3715901              

ROW_SIZE_1                                      297564                         896506              

ROW_SIZE_2                                       31105                          95271              

ROW_SIZE_3                                       54782                         164781              

ROW_SIZE_4                                       40920                         123134              

ROW_SIZE_5                                        7900                          24018              

ROW_SIZE_6                                       30608                          92201              

ROW_SIZE_7                                       30310                          91954              

ROW_SIZE_8                                     1321730                        3962230              

ROW_SIZE_9                                           0                              0              

ROW_SIZE_10                                          0                              0              

ROW_SIZE_11                                          0                              0              

ROW_SIZE_12                                          0                              0              

ROW_SIZE_13                                          0                              0              

ROW_SIZE_14                                          0                              0              

ROW_SIZE_15                                          0                              0              

ROW_SIZE_16                                          0                              0              

ROW_SIZE_17                                          0                              0              

ROW_SIZE_18                                          0                              0              

ROW_SIZE_19                                          0                              0              

ROW_SIZE_20                                          0                              0              

ROW_SIZE_21                                          0                              0              

ROW_SIZE_22                                          0                              0              

ROW_SIZE_23                                          0                              0              

ROW_SIZE_24                                          0                              0              

ROW_SIZE_25                                          0                              0              

ROW_SIZE_26                                          0                              0              

ROW_SIZE_27                                          0                              0              

ROW_SIZE_28                                          0                              0              

ROW_SIZE_29                                          0                              0              

ROW_SIZE_30                                          0                              0              

ROW_SIZE_31                                          0                              0              

RET_OP_EXEC_COUNT_0                                  0        0.000%                0        0.000%
RET_OP_EXEC_COUNT_1                           11696958      100.000%         35088741      100.000%
RET_OP_EXEC_COUNT_2                                  0        0.000%                0        0.000%
RET_OP_EXEC_COUNT_3                                  0        0.000%                0        0.000%
RET_OP_EXEC_COUNT_4                                  0        0.000%                0        0.000%
RET_OP_EXEC_COUNT_5                                  0        0.000%                0        0.000%
RET_OP_EXEC_COUNT_6                                  0        0.000%                0        0.000%
RET_OP_EXEC_COUNT_7                                  0        0.000%                0        0.000%
RET_OP_EXEC_COUNT_8                                  0        0.000%                0        0.000%
RET_OP_EXEC_COUNT_9                                  0        0.000%                0        0.000%
RET_OP_EXEC_COUNT_10                                 0        0.000%                0        0.000%
RET_OP_EXEC_COUNT_11                                 0        0.000%                0        0.000%
RET_OP_EXEC_COUNT_12                                 0        0.000%                0        0.000%
RET_OP_EXEC_COUNT_13                                 0        0.000%                0        0.000%
RET_OP_EXEC_COUNT_14                                 0        0.000%                0        0.000%
RET_OP_EXEC_COUNT_15                                 0        0.000%                0        0.000%
RET_OP_EXEC_COUNT_16                                 0        0.000%                0        0.000%
RET_OP_EXEC_COUNT_17                                 0        0.000%                0        0.000%
RET_OP_EXEC_COUNT_18                                 0        0.000%                0        0.000%
RET_OP_EXEC_COUNT_19                                 0        0.000%                0        0.000%
RET_OP_EXEC_COUNT_20                                 0        0.000%                0        0.000%
RET_OP_EXEC_COUNT_21                                 0        0.000%                0        0.000%
RET_OP_EXEC_COUNT_22                                 0        0.000%                0        0.000%
RET_OP_EXEC_COUNT_23                                 0        0.000%                0        0.000%
RET_OP_EXEC_COUNT_24                                 0        0.000%                0        0.000%
RET_OP_EXEC_COUNT_25                                 0        0.000%                0        0.000%
RET_OP_EXEC_COUNT_26                                 0        0.000%                0        0.000%
RET_OP_EXEC_COUNT_27                                 0        0.000%                0        0.000%
RET_OP_EXEC_COUNT_28                                 0        0.000%                0        0.000%
RET_OP_EXEC_COUNT_29                                 0        0.000%                0        0.000%
RET_OP_EXEC_COUNT_30                                 0        0.000%                0        0.000%
RET_OP_EXEC_COUNT_31                                 0        0.000%                0        0.000%
RET_OP_EXEC_COUNT_32                                 0        0.000%                0        0.000%
                                              11696958      100.000%         35088741      100.000%
                                                  1.00         0.00              1.00         0.00

RET_STALL_LENGTH_0                            11696955      100.000%         35088582      100.000%
RET_STALL_LENGTH_100                                 1        0.000%               69        0.000%
RET_STALL_LENGTH_200                                 1        0.000%               15        0.000%
RET_STALL_LENGTH_300                                 0        0.000%                3        0.000%
RET_STALL_LENGTH_400                                 0        0.000%                2        0.000%
RET_STALL_LENGTH_500                                 1        0.000%                4        0.000%
RET_STALL_LENGTH_600                                 0        0.000%                0        0.000%
RET_STALL_LENGTH_700                                 0        0.000%               55        0.000%
RET_STALL_LENGTH_800                                 0        0.000%                9        0.000%
RET_STALL_LENGTH_900                                 0        0.000%                1        0.000%
RET_STALL_LENGTH_1000                                0        0.000%                1        0.000%
RET_STALL_LENGTH_1100                                0        0.000%                0        0.000%
RET_STALL_LENGTH_1200                                0        0.000%                0        0.000%
RET_STALL_LENGTH_1300                                0        0.000%                0        0.000%
RET_STALL_LENGTH_1400                                0        0.000%                0        0.000%
RET_STALL_LENGTH_1500                                0        0.000%                0        0.000%
RET_STALL_LENGTH_1600                                0        0.000%                0        0.000%
RET_STALL_LENGTH_1700                                0        0.000%                0        0.000%
RET_STALL_LENGTH_1800                                0        0.000%                0        0.000%
RET_STALL_LENGTH_1900                                0        0.000%                0        0.000%
RET_STALL_LENGTH_2000                                0        0.000%                0        0.000%
RET_STALL_LENGTH_2100                                0        0.000%                0        0.000%
RET_STALL_LENGTH_2200                                0        0.000%                0        0.000%
RET_STALL_LENGTH_2300                                0        0.000%                0        0.000%
RET_STALL_LENGTH_2400                                0        0.000%                0        0.000%
RET_STALL_LENGTH_2500                                0        0.000%                0        0.000%
RET_STALL_LENGTH_2600                                0        0.000%                0        0.000%
RET_STALL_LENGTH_2700                                0        0.000%                0        0.000%
RET_STALL_LENGTH_2800                                0        0.000%                0        0.000%
RET_STALL_LENGTH_2900                                0        0.000%                0        0.000%
RET_STALL_LENGTH_3000                                0        0.000%                0        0.000%
RET_STALL_LENGTH_3100                                0        0.000%                0        0.000%
RET_STALL_LENGTH_3200                                0        0.000%                0        0.000%
RET_STALL_LENGTH_3300                                0        0.000%                0        0.000%
RET_STALL_LENGTH_3400                                0        0.000%                0        0.000%
RET_STALL_LENGTH_3500                                0        0.000%                0        0.000%
RET_STALL_LENGTH_3600                                0        0.000%                0        0.000%
RET_STALL_LENGTH_3700                                0        0.000%                0        0.000%
RET_STALL_LENGTH_3800                                0        0.000%                0        0.000%
RET_STALL_LENGTH_3900                                0        0.000%                0        0.000%
RET_STALL_LENGTH_4000                                0        0.000%                0        0.000%
RET_STALL_LENGTH_4100                                0        0.000%                0        0.000%
RET_STALL_LENGTH_4200                                0        0.000%                0        0.000%
RET_STALL_LENGTH_4300                                0        0.000%                0        0.000%
RET_STALL_LENGTH_4400                                0        0.000%                0        0.000%
RET_STALL_LENGTH_4500                                0        0.000%                0        0.000%
RET_STALL_LENGTH_4600                                0        0.000%                0        0.000%
RET_STALL_LENGTH_4700                                0        0.000%                0        0.000%
RET_STALL_LENGTH_4800                                0        0.000%                0        0.000%
RET_STALL_LENGTH_4900                                0        0.000%                0        0.000%
RET_STALL_LENGTH_5000                                0        0.000%                0        0.000%
                                              11696958      100.000%         35088741      100.000%
                                                  0.00         0.00              0.00         0.01

MEM_BLOCK_LENGTH_0                                  57      100.000%              136       99.270%
MEM_BLOCK_LENGTH_100                                 0        0.000%                0        0.000%
MEM_BLOCK_LENGTH_200                                 0        0.000%                1        0.730%
MEM_BLOCK_LENGTH_300                                 0        0.000%                0        0.000%
MEM_BLOCK_LENGTH_400                                 0        0.000%                0        0.000%
MEM_BLOCK_LENGTH_500                                 0        0.000%                0        0.000%
MEM_BLOCK_LENGTH_600                                 0        0.000%                0        0.000%
MEM_BLOCK_LENGTH_700                                 0        0.000%                0        0.000%
MEM_BLOCK_LENGTH_800                                 0        0.000%                0        0.000%
MEM_BLOCK_LENGTH_900                                 0        0.000%                0        0.000%
MEM_BLOCK_LENGTH_1000                                0        0.000%                0        0.000%
MEM_BLOCK_LENGTH_1100                                0        0.000%                0        0.000%
MEM_BLOCK_LENGTH_1200                                0        0.000%                0        0.000%
MEM_BLOCK_LENGTH_1300                                0        0.000%                0        0.000%
MEM_BLOCK_LENGTH_1400                                0        0.000%                0        0.000%
MEM_BLOCK_LENGTH_1500                                0        0.000%                0        0.000%
MEM_BLOCK_LENGTH_1600                                0        0.000%                0        0.000%
MEM_BLOCK_LENGTH_1700                                0        0.000%                0        0.000%
MEM_BLOCK_LENGTH_1800                                0        0.000%                0        0.000%
MEM_BLOCK_LENGTH_1900                                0        0.000%                0        0.000%
MEM_BLOCK_LENGTH_2000                                0        0.000%                0        0.000%
MEM_BLOCK_LENGTH_2100                                0        0.000%                0        0.000%
MEM_BLOCK_LENGTH_2200                                0        0.000%                0        0.000%
MEM_BLOCK_LENGTH_2300                                0        0.000%                0        0.000%
MEM_BLOCK_LENGTH_2400                                0        0.000%                0        0.000%
MEM_BLOCK_LENGTH_2500                                0        0.000%                0        0.000%
MEM_BLOCK_LENGTH_2600                                0        0.000%                0        0.000%
MEM_BLOCK_LENGTH_2700                                0        0.000%                0        0.000%
MEM_BLOCK_LENGTH_2800                                0        0.000%                0        0.000%
MEM_BLOCK_LENGTH_2900                                0        0.000%                0        0.000%
MEM_BLOCK_LENGTH_3000                                0        0.000%                0        0.000%
MEM_BLOCK_LENGTH_3100                                0        0.000%                0        0.000%
MEM_BLOCK_LENGTH_3200                                0        0.000%                0        0.000%
MEM_BLOCK_LENGTH_3300                                0        0.000%                0        0.000%
MEM_BLOCK_LENGTH_3400                                0        0.000%                0        0.000%
MEM_BLOCK_LENGTH_3500                                0        0.000%                0        0.000%
MEM_BLOCK_LENGTH_3600                                0        0.000%                0        0.000%
MEM_BLOCK_LENGTH_3700                                0        0.000%                0        0.000%
MEM_BLOCK_LENGTH_3800                                0        0.000%                0        0.000%
MEM_BLOCK_LENGTH_3900                                0        0.000%                0        0.000%
MEM_BLOCK_LENGTH_4000                                0        0.000%                0        0.000%
MEM_BLOCK_LENGTH_4100                                0        0.000%                0        0.000%
MEM_BLOCK_LENGTH_4200                                0        0.000%                0        0.000%
MEM_BLOCK_LENGTH_4300                                0        0.000%                0        0.000%
MEM_BLOCK_LENGTH_4400                                0        0.000%                0        0.000%
MEM_BLOCK_LENGTH_4500                                0        0.000%                0        0.000%
MEM_BLOCK_LENGTH_4600                                0        0.000%                0        0.000%
MEM_BLOCK_LENGTH_4700                                0        0.000%                0        0.000%
MEM_BLOCK_LENGTH_4800                                0        0.000%                0        0.000%
MEM_BLOCK_LENGTH_4900                                0        0.000%                0        0.000%
MEM_BLOCK_LENGTH_5000                                0        0.000%                0        0.000%
                                                    57      100.000%              137      100.000%
                                                  0.00         0.00              0.01         0.17

FUS_BUSY_ON_PATH                              12300562        4.0610         36905453        4.0139

FUS_BUSY_OFF_PATH                                 8575        0.0028            67680        0.0074

FU_BUSY_MEM_STALL                                28700        0.0095            87307        0.0095

FUS_EMPTY                                     17980413        5.9362         54971997        5.9788

FU_UNAVAILABLE                                  350581        0.1157          1055062        0.1147

FU_MEM_UNAVAILABLE                                7967        0.0026            24438        0.0027

FU_OTHER_UNAVAILABLE                                 0        0.0000                0        0.0000

FU_REPLAY                                            0        0.0000                0        0.0000

FU_STARVED                                    17979364        5.9358         54965897        5.9781

CHIP_UTILIZATION                                     0        0.0000                0        0.0000

CYCLES_UNDER_MEM_REQ                                 0                              0              

CYCLES_UNDER_NO_MEM_REQ                              0                              0              

CYCLES_UNDER_CRITICAL_MEM_REQ                        0                              0              

CYCLES_UNDER_NONCRITICAL_MEM_REQ                     0                              0              

CHIP_UTILIZATION_UNDER_MEM_REQ                       0          -nan                0          -nan

CHIP_UTILIZATION_UNDER_NO_MEM_REQ                    0          -nan                0          -nan

CHIP_UTILIZATION_UNDER_CRITICAL_MEM_REQ              0          -nan                0          -nan

CHIP_UTILIZATION_UNDER_NONCRITICAL_MEM_REQ             0          -nan                0          -nan

CYCLES_NOT_WAITING_FOR_OFF_CHIP                      0        0.0000                0        0.0000

FUS_BUSY_NOT_WAITING_FOR_OFF_CHIP                    0          -nan                0          -nan

CYCLES_WAITING_FOR_OFF_CHIP                          0        0.0000                0        0.0000

FUS_BUSY_WAITING_FOR_OFF_CHIP                        0          -nan                0          -nan

TOTAL_OFF_CHIP_DELAYS_LEFT                           0                              0              

WRONG_IO_SCHED                                       0                              0              

DVFS_CONFIG_SWITCH                                   0                              0              

MAP_STAGE_RECEIVED_OPS_0                             0        0.000%                0        0.000%
MAP_STAGE_RECEIVED_OPS_1                           150        0.008%              827        0.014%
MAP_STAGE_RECEIVED_OPS_2                            50        0.003%              772        0.013%
MAP_STAGE_RECEIVED_OPS_3                           375        0.019%             1833        0.031%
MAP_STAGE_RECEIVED_OPS_4                           225        0.012%             2313        0.040%
MAP_STAGE_RECEIVED_OPS_5                           250        0.013%             1074        0.018%
MAP_STAGE_RECEIVED_OPS_6                       1948762       99.946%          5843986       99.883%
MAP_STAGE_RECEIVED_OPS_7                             0        0.000%                0        0.000%
MAP_STAGE_RECEIVED_OPS_8                             0        0.000%                0        0.000%
MAP_STAGE_RECEIVED_OPS_MAX                           0        0.000%                0        0.000%
                                               1949812      100.000%          5850805      100.000%
                                                  6.00         0.07              6.00         0.10

MAP_STAGE_WAIT_FOR_DECODE                            0         -nan%                0         -nan%
MAP_STAGE_CONSUME_DECODE                             0         -nan%                0         -nan%
                                                     0         -nan%                0         -nan%
                                                  -nan         -nan              -nan         -nan

MAP_STAGE_WAIT_FOR_DECODE2                           0         -nan%                0         -nan%
MAP_STAGE_CONSUME_DECODE2                            0         -nan%                0         -nan%
                                                     0         -nan%                0         -nan%
                                                  -nan         -nan              -nan         -nan

FTQ_RECOVER_EXEC                                   200                           1334              

FTQ_RECOVER_DECODE                                   0                            231              

FTQ_OFFPATH_CYCLES                               34916                         170327              

FTQ_CYCLES_OFFPATH                               34916                         170327              

FTQ_CYCLES_ONPATH                              2994039                        9024186              

FTQ_FETCHED_INS_ONPATH                        11696168                       35088741              

FTQ_FETCHED_INS_OFFPATH                         113260                         696457              

FTQ_BREAK_FULL_FT_ONPATH                       2978752                        8971333              

FTQ_BREAK_FULL_FT_OFFPATH                        26854                         115719              

FTQ_BREAK_PRED_BR_ONPATH                             0                              0              

FTQ_BREAK_PRED_BR_OFFPATH                            0                              0              

FTQ_BREAK_BAR_FETCH_ONPATH                           0                              0              

FTQ_BREAK_BAR_FETCH_OFFPATH                          0                              0              

FTQ_BREAK_MAX_CFS_TAKEN_ONPATH                       0                              0              

FTQ_BREAK_MAX_CFS_TAKEN_OFFPATH                      0                              0              

FTQ_BREAK_MAX_FT_ONPATH                          15075                          52641              

FTQ_BREAK_MAX_FT_OFFPATH                          8062                          54608              

DFE_GEN_ON_PATH_FT                             1113548                        3345072              

DFE_GEN_OFF_PATH_FT                              15262                          76456              

DFE_L0_ENABLED_PREDICTIONS                    11696168                       35088741              

DFE_L0_WRONG_MAIN_CORRECT                         1300                           5119              

DFE_L0_WRONG_MAIN_WRONG                            201                           1430              

DFE_L0_CORRECT_MAIN_WRONG                            0                            136              

DFE_L0_CORRECT_MAIN_CORRECT                   11694667                       35082056              

DFE_L0_WRONG_MAIN_CORRECT_RECOVERY_SCHEDULED             0                              0              

FTQ_SAW_BAR_FETCH_OFFPATH                            0                            128              

FTQ_SAW_BAR_FETCH_ONPATH                            75                            297              

DFE_CONF_0_RECOVER_AT_EXEC                           0         -nan%                0         -nan%
DFE_CONF_1_RECOVER_AT_EXEC                           0         -nan%                0         -nan%
DFE_CONF_2_RECOVER_AT_EXEC                           0         -nan%                0         -nan%
DFE_CONF_3_RECOVER_AT_EXEC                           0         -nan%                0         -nan%
DFE_CONF_0_CORRECT                                   0         -nan%                0         -nan%
DFE_CONF_1_CORRECT                                   0         -nan%                0         -nan%
DFE_CONF_2_CORRECT                                   0         -nan%                0         -nan%
DFE_CONF_3_CORRECT                                   0         -nan%                0         -nan%
                                                     0         -nan%                0         -nan%
                                                  -nan         -nan              -nan         -nan

DFE_ON_CONF_ON_OPS                                   0         -nan%                0         -nan%
DFE_ON_CONF_OFF_OPS                                  0         -nan%                0         -nan%
DFE_OFF_CONF_ON_OPS                                  0         -nan%                0         -nan%
DFE_OFF_CONF_OFF_REALISTIC_OPS                       0         -nan%                0         -nan%
DFE_OFF_CONF_OFF_PERFECT_OPS                         0         -nan%                0         -nan%
                                                     0         -nan%                0         -nan%
                                                  -nan         -nan              -nan         -nan

DFE_ON_CONF_ON_FETCH_TARGETS                         0         -nan%                0         -nan%
DFE_ON_CONF_OFF_FETCH_TARGETS                        0         -nan%                0         -nan%
DFE_OFF_CONF_ON_FETCH_TARGETS                        0         -nan%                0         -nan%
DFE_OFF_CONF_OFF_REALISTIC_FETCH_TARGETS             0         -nan%                0         -nan%
DFE_OFF_CONF_OFF_PERFECT_FETCH_TARGETS               0         -nan%                0         -nan%
                                                     0         -nan%                0         -nan%
                                                  -nan         -nan              -nan         -nan

DFE_ON_CONF_ON_CYCLES                                0         -nan%                0         -nan%
DFE_ON_CONF_OFF_CYCLES                               0         -nan%                0         -nan%
DFE_OFF_CONF_ON_CYCLES                               0         -nan%                0         -nan%
DFE_OFF_CONF_OFF_REALISTIC_CYCLES                    0         -nan%                0         -nan%
DFE_OFF_CONF_OFF_PERFECT_CYCLES                      0         -nan%                0         -nan%
                                                     0         -nan%                0         -nan%
                                                  -nan         -nan              -nan         -nan

DFE_OFF_CONF_ON_NUM_EVENTS                           0                              0              

DFE_OFF_CONF_ON_NOT_IDENTIFIED_EVENTS                0         -nan%                0         -nan%
DFE_OFF_CONF_ON_IBTB_MISS_EVENTS                     0         -nan%                0         -nan%
DFE_OFF_CONF_ON_BTB_MISS_EVENTS                      0         -nan%                0         -nan%
DFE_OFF_CONF_ON_BTB_MISS_RECOVER_AT_EXEC_EVENTS             0         -nan%                0         -nan%
DFE_OFF_CONF_ON_RECOVER_AT_EXEC_EVENTS               0         -nan%                0         -nan%
DFE_OFF_CONF_ON_RECOVER_AT_DECODE_EVENTS             0         -nan%                0         -nan%
                                                     0         -nan%                0         -nan%
                                                  -nan         -nan              -nan         -nan

DFE_OFF_CONF_ON_LATE_BTB_HIT_EVENTS                  0                              0              

DFE_OFF_CONF_ON_NOT_IDENTIFIED_CYCLES                0         -nan%                0         -nan%
DFE_OFF_CONF_ON_IBTB_MISS_CYCLES                     0         -nan%                0         -nan%
DFE_OFF_CONF_ON_BTB_MISS_CYCLES                      0         -nan%                0         -nan%
DFE_OFF_CONF_ON_BTB_MISS_RECOVER_AT_EXEC_CYCLES             0         -nan%                0         -nan%
DFE_OFF_CONF_ON_RECOVER_AT_EXEC_CYCLES               0         -nan%                0         -nan%
DFE_OFF_CONF_ON_RECOVER_AT_DECODE_CYCLES             0         -nan%                0         -nan%
                                                     0         -nan%                0         -nan%
                                                  -nan         -nan              -nan         -nan

DFE_OFF_CONF_ON_LATE_BTB_HIT_CYCLES                  0                              0              

DFE_OFF_CONF_ON_NOT_IDENTIFIED_FETCH_TARGETS             0         -nan%                0         -nan%
DFE_OFF_CONF_ON_IBTB_MISS_FETCH_TARGETS              0         -nan%                0         -nan%
DFE_OFF_CONF_ON_BTB_MISS_FETCH_TARGETS               0         -nan%                0         -nan%
DFE_OFF_CONF_ON_BTB_MISS_RECOVER_AT_EXEC_FETCH_TARGETS             0         -nan%                0         -nan%
DFE_OFF_CONF_ON_RECOVER_AT_EXEC_FETCH_TARGETS             0         -nan%                0         -nan%
DFE_OFF_CONF_ON_RECOVER_AT_DECODE_FETCH_TARGETS             0         -nan%                0         -nan%
                                                     0         -nan%                0         -nan%
                                                  -nan         -nan              -nan         -nan

DFE_OFF_CONF_ON_LATE_BTB_HIT_FETCH_TARGETS             0                              0              

DFE_OFF_CONF_ON_BP_INCORRECT_0_CONF                  0         -nan%                0         -nan%
DFE_OFF_CONF_ON_BP_INCORRECT_1_CONF                  0         -nan%                0         -nan%
DFE_OFF_CONF_ON_BP_INCORRECT_2_CONF                  0         -nan%                0         -nan%
DFE_OFF_CONF_ON_BP_INCORRECT_3_CONF                  0         -nan%                0         -nan%
                                                     0         -nan%                0         -nan%
                                                  -nan         -nan              -nan         -nan

DFE_OFF_CONF_ON_BTB_MISS_CBR_0_CONF                  0         -nan%                0         -nan%
DFE_OFF_CONF_ON_BTB_MISS_CBR_1_CONF                  0         -nan%                0         -nan%
DFE_OFF_CONF_ON_BTB_MISS_CBR_2_CONF                  0         -nan%                0         -nan%
DFE_OFF_CONF_ON_BTB_MISS_CBR_3_CONF                  0         -nan%                0         -nan%
                                                     0         -nan%                0         -nan%
                                                  -nan         -nan              -nan         -nan

DFE_OFF_CONF_ON_BTB_MISS_NOT_CF                      0         -nan%                0         -nan%
DFE_OFF_CONF_ON_BTB_MISS_CF_BR                       0         -nan%                0         -nan%
DFE_OFF_CONF_ON_BTB_MISS_CF_CBR                      0         -nan%                0         -nan%
DFE_OFF_CONF_ON_BTB_MISS_CF_CALL                     0         -nan%                0         -nan%
DFE_OFF_CONF_ON_BTB_MISS_CF_IBR                      0         -nan%                0         -nan%
DFE_OFF_CONF_ON_BTB_MISS_CF_ICALL                    0         -nan%                0         -nan%
DFE_OFF_CONF_ON_BTB_MISS_CF_ICO                      0         -nan%                0         -nan%
DFE_OFF_CONF_ON_BTB_MISS_CF_RET                      0         -nan%                0         -nan%
DFE_OFF_CONF_ON_BTB_MISS_CF_SYS                      0         -nan%                0         -nan%
                                                     0         -nan%                0         -nan%
                                                  -nan         -nan              -nan         -nan

DFE_ON_CONF_OFF_NUM_EVENTS                           0                              0              

CONF_BTB_NUM_CYCLES_OFF_PATH_EVENT                   0                              0              

DFE_ON_CONF_OFF_IBTB_MISS_BP_TAKEN                   0         -nan%                0         -nan%
DFE_ON_CONF_OFF_BTB_MISS_BP_TAKEN_CONF_0             0         -nan%                0         -nan%
DFE_ON_CONF_OFF_BTB_MISS_BP_TAKEN_CONF_1             0         -nan%                0         -nan%
DFE_ON_CONF_OFF_BTB_MISS_BP_TAKEN_CONF_2             0         -nan%                0         -nan%
DFE_ON_CONF_OFF_BTB_MISS_BP_TAKEN_CONF_3             0         -nan%                0         -nan%
DFE_ON_CONF_OFF_BTB_MISS_RATE                        0         -nan%                0         -nan%
DFE_ON_CONF_OFF_IBTB_MISS_RATE                       0         -nan%                0         -nan%
DFE_ON_CONF_OFF_RECOVER_AT_DECODE_RATE               0         -nan%                0         -nan%
DFE_ON_CONF_OFF_RECOVER_AT_EXEC_RATE                 0         -nan%                0         -nan%
DFE_ON_CONF_OFF_INV_CONF_INC                         0         -nan%                0         -nan%
DFE_ON_CONF_OFF_PERFECT_CONF                         0         -nan%                0         -nan%
                                                     0         -nan%                0         -nan%
                                                  -nan         -nan              -nan         -nan

DFE_ON_CONF_OFF_IBTB_MISS_BP_TAKEN_CYCLES             0         -nan%                0         -nan%
DFE_ON_CONF_OFF_BTB_MISS_BP_TAKEN_CONF_0_CYCLES             0         -nan%                0         -nan%
DFE_ON_CONF_OFF_BTB_MISS_BP_TAKEN_CONF_1_CYCLES             0         -nan%                0         -nan%
DFE_ON_CONF_OFF_BTB_MISS_BP_TAKEN_CONF_2_CYCLES             0         -nan%                0         -nan%
DFE_ON_CONF_OFF_BTB_MISS_BP_TAKEN_CONF_3_CYCLES             0         -nan%                0         -nan%
DFE_ON_CONF_OFF_BTB_MISS_RATE_CYCLES                 0         -nan%                0         -nan%
DFE_ON_CONF_OFF_IBTB_MISS_RATE_CYCLES                0         -nan%                0         -nan%
DFE_ON_CONF_OFF_RECOVER_AT_DECODE_RATE_CYCLES             0         -nan%                0         -nan%
DFE_ON_CONF_OFF_RECOVER_AT_EXEC_RATE_CYCLES             0         -nan%                0         -nan%
DFE_ON_CONF_OFF_INV_CONF_INC_CYCLES                  0         -nan%                0         -nan%
DFE_ON_CONF_OFF_PERFECT_CONF_CYCLES                  0         -nan%                0         -nan%
                                                     0         -nan%                0         -nan%
                                                  -nan         -nan              -nan         -nan

DFE_ON_CONF_OFF_IBTB_MISS_BP_TAKEN_FETCH_TARGETS             0         -nan%                0         -nan%
DFE_ON_CONF_OFF_BTB_MISS_BP_TAKEN_CONF_0_FETCH_TARGETS             0         -nan%                0         -nan%
DFE_ON_CONF_OFF_BTB_MISS_BP_TAKEN_CONF_1_FETCH_TARGETS             0         -nan%                0         -nan%
DFE_ON_CONF_OFF_BTB_MISS_BP_TAKEN_CONF_2_FETCH_TARGETS             0         -nan%                0         -nan%
DFE_ON_CONF_OFF_BTB_MISS_BP_TAKEN_CONF_3_FETCH_TARGETS             0         -nan%                0         -nan%
DFE_ON_CONF_OFF_BTB_MISS_RATE_FETCH_TARGETS             0         -nan%                0         -nan%
DFE_ON_CONF_OFF_IBTB_MISS_RATE_FETCH_TARGETS             0         -nan%                0         -nan%
DFE_ON_CONF_OFF_RECOVER_AT_DECODE_RATE_FETCH_TARGETS             0         -nan%                0         -nan%
DFE_ON_CONF_OFF_RECOVER_AT_EXEC_RATE_FETCH_TARGETS             0         -nan%                0         -nan%
DFE_ON_CONF_OFF_INV_CONF_INC_FETCH_TARGETS             0         -nan%                0         -nan%
DFE_ON_CONF_OFF_PERFECT_CONF_FETCH_TARGETS             0         -nan%                0         -nan%
                                                     0         -nan%                0         -nan%
                                                  -nan         -nan              -nan         -nan

CONF_OFF_IBTB_MISS_BP_TAKEN                          0         -nan%                0         -nan%
CONF_OFF_BTB_MISS_BP_TAKEN_CONF_0                    0         -nan%                0         -nan%
CONF_OFF_BTB_MISS_BP_TAKEN_CONF_1                    0         -nan%                0         -nan%
CONF_OFF_BTB_MISS_BP_TAKEN_CONF_2                    0         -nan%                0         -nan%
CONF_OFF_BTB_MISS_BP_TAKEN_CONF_3                    0         -nan%                0         -nan%
CONF_OFF_BTB_MISS_RATE                               0         -nan%                0         -nan%
CONF_OFF_IBTB_MISS_RATE                              0         -nan%                0         -nan%
CONF_OFF_RECOVER_AT_DECODE_RATE                      0         -nan%                0         -nan%
CONF_OFF_RECOVER_AT_EXEC_RATE                        0         -nan%                0         -nan%
CONF_OFF_INV_CONF_INC                                0         -nan%                0         -nan%
CONF_OFF_PERFECT_CONF                                0         -nan%                0         -nan%
                                                     0         -nan%                0         -nan%
                                                  -nan         -nan              -nan         -nan

TOPDOWN_TOTAL_SLOTS                           18173730                       55167078              

TOPDOWN_ISSUED_SLOTS                          11737083                       35296430              

TOPDOWN_RETIRED_SLOTS                         11696666                       35088741              

TOPDOWN_FETCH_BUBBLES_SLOTS                      12203                         254857              

TOPDOWN_RECOVERY_BUBBLES_SLOTS                    5950                          40893              

TOPDOWN_MEM_LOAD_STALLS_CYCLES                 1069699                        3261579              

TOPDOWN_MEM_STORE_STALLS_CYCLES                      0                             12              

TOPDOWN_EXEC_STALLS_CYCLES                      374197                        1185237              

TOPDOWN_BACKEND_STALLS_CYCLES                  1069699                        3262209              

TOPDOWN_FETCH_BUBBLES_GT_MIW_CYCLES               1544                          38728              

TOPDOWN_BR_RECOVER_AT_EXEC_RETIRED_CYCLES           200                           1334              

TOPDOWN_MACHINE_CLEAR_CYCLES                      1500                           6684              

TOPDOWN_FRONTEND_BOUND                               6                              6              

TOPDOWN_BACKEND_BOUND                             3533                           3533              

TOPDOWN_BAD_SPEC_BOUND                              25                             25              

TOPDOWN_RETIRING_BOUND                            6436                           6436              

TOPDOWN_FETCH_LATENCY_BOUND                          5                              5              

TOPDOWN_FETCH_BANDWIDTH_BOUND                        1                              1              

TOPDOWN_MEM_BOUND                                 3533                           3533              

TOPDOWN_CORE_BOUND                                   0                              0              

TOPDOWN_BR_RECOVER_AT_EXEC_BOUND                     2                              2              

TOPDOWN_MACHINE_CLEARS_BOUND                        23                             23              

H2P_SEEN_MAIN                                        0                              0              

PRF_WRITE_OBSERVED_CYCLES                      3028955                        9194513              

PRF_WRITES_BEYOND_RING                               0                              0              

PRF_WRITES_GP                                 10000253                       30019193              

PRF_WRITES_VEC                                  211570                         634831              

PRF_WRITE_PORTS_PER_CYCLE_GP                  10000253        3.3016         30019193        3.2649

PRF_WRITE_PORTS_PER_CYCLE_VEC                   211570        0.0698           634831        0.0690

PRF_WRITE_PORTS_GP_0                            471088       15.553%          1511185       16.436%
PRF_WRITE_PORTS_GP_1                            290935        9.605%           875283        9.520%
PRF_WRITE_PORTS_GP_2                            356222       11.761%          1071992       11.659%
PRF_WRITE_PORTS_GP_3                            452342       14.934%          1360697       14.799%
PRF_WRITE_PORTS_GP_4                            516977       17.068%          1553827       16.900%
PRF_WRITE_PORTS_GP_5                            414898       13.698%          1242466       13.513%
PRF_WRITE_PORTS_GP_6                            284289        9.386%           853287        9.280%
PRF_WRITE_PORTS_GP_7                            165043        5.449%           494595        5.379%
PRF_WRITE_PORTS_GP_8                             77161        2.547%           231181        2.514%
                                               3028955      100.000%          9194513      100.000%
                                                  3.30         1.86              3.26         1.86

PRF_WRITE_PORTS_VEC_0                          2826552       93.318%          8587282       93.396%
PRF_WRITE_PORTS_VEC_1                           193236        6.380%           579640        6.304%
PRF_WRITE_PORTS_VEC_2                             9167        0.303%            27583        0.300%
PRF_WRITE_PORTS_VEC_3                                0        0.000%                7        0.000%
PRF_WRITE_PORTS_VEC_4                                0        0.000%                1        0.000%
PRF_WRITE_PORTS_VEC_5                                0        0.000%                0        0.000%
PRF_WRITE_PORTS_VEC_6                                0        0.000%                0        0.000%
PRF_WRITE_PORTS_VEC_7                                0        0.000%                0        0.000%
PRF_WRITE_PORTS_VEC_8                                0        0.000%                0        0.000%
                                               3028955      100.000%          9194513      100.000%
                                                  0.07         0.26              0.07         0.26



