/* -*- Mode: c -*- */
####################################################################################################
Core 0
####################################################################################################
Cumulative:        Cycles: 16743101              Instructions: 30000000              IPC: 1.79178

Periodic:          Cycles: 5411943               Instructions: 9999998               IPC: 1.84776

MISS_WAIT_TIME                            147930077406                   263872848149              

ICACHE_STAGE_MISS                                11103                          33206              

ICACHE_CYCLE                                   5411943                       16743101              

TCACHE_CYCLE                                         0                              0              

ICACHE_SERVING_CYCLE_ON_PATH                    747153                        2094881              

ICACHE_SERVING_CYCLE_OFF_PATH                   338452                        1106627              

UCACHE_SERVING_CYCLE_ON_PATH                   2449955                        7513051              

UCACHE_SERVING_CYCLE_OFF_PATH                  1550808                        4996617              

ICACHE_CYCLE_ONPATH                            3359865       62.082%         10131808       60.513%
ICACHE_CYCLE_OFFPATH                           2052078       37.918%          6611293       39.487%
                                               5411943      100.000%         16743101      100.000%
                                                  0.38         0.45              0.39         0.45

FETCH_ON_PATH                                  3512949       64.911%         10596469       63.289%
FETCH_OFF_PATH                                 1898994       35.089%          6146632       36.711%
                                               5411943      100.000%         16743101      100.000%
                                                  0.35         0.44              0.37         0.44

FETCHED_OPS_ON_PATH                                  0         -nan%                0         -nan%
FETCHED_OPS_OFF_PATH                                 0         -nan%                0         -nan%
                                                     0         -nan%                0         -nan%
                                                  -nan         -nan              -nan         -nan

INST_LOST_FETCH                               10797333       30.285%         32449299       29.585%
INST_LOST_OFF_PATH                             6370520       17.868%         19898642       18.142%
INST_LOST_FULL_WINDOW                           460070        1.290%          1408740        1.284%
INST_LOST_ROB_STALL_OTHER                      3107340        8.716%          8628722        7.867%
INST_LOST_ROB_STALL_WAIT_FOR_RECOVERY                0        0.000%                0        0.000%
INST_LOST_ROB_STALL_WAIT_FOR_REDIRECT                0        0.000%                0        0.000%
INST_LOST_ROB_STALL_WAIT_FOR_GAP_FILL                0        0.000%                0        0.000%
INST_LOST_ROB_STALL_WAIT_FOR_L1_MISS                 0        0.000%                0        0.000%
INST_LOST_ROB_STALL_WAIT_FOR_MEMORY               2288        0.006%             4920        0.004%
INST_LOST_ROB_STALL_WAIT_FOR_DC_MISS           6034362       16.926%         19364512       17.655%
INST_LOST_ROB_BLOCK_ISSUE_FULL                       0        0.000%                0        0.000%
INST_LOST_ROB_BLOCK_ISSUE_GAP_TOO_LARGE              0        0.000%                0        0.000%
INST_LOST_BREAK_DONT                                 0        0.000%                0        0.000%
INST_LOST_BREAK_FT_UNAVAILABLE                 1358072        3.809%          4019710        3.665%
INST_LOST_BREAK_ICACHE_STAGE_RESTEER             71718        0.201%           210911        0.192%
INST_LOST_BREAK_ICACHE_MISS_REQ_SUCCESS          48861        0.137%           146011        0.133%
INST_LOST_BREAK_ICACHE_MISS_REQ_FAILURE             87        0.000%              538        0.000%
INST_LOST_BREAK_ICACHE_WAIT_FOR_MISS            556705        1.561%          2060780        1.879%
INST_LOST_BREAK_ICACHE_STALLED                  245689        0.689%           734018        0.669%
INST_LOST_BREAK_ICACHE_TO_UOP_CACHE_SWITCH        332106        0.932%          1002834        0.914%
INST_LOST_BREAK_ICACHE_READ_LIMIT               285135        0.800%           848411        0.774%
INST_LOST_BREAK_ICACHE_ISSUE_WIDTH                   0        0.000%                0        0.000%
INST_LOST_BREAK_UOP_CACHE_STALLED              1999058        5.607%          6502856        5.929%
INST_LOST_BREAK_UOP_CACHE_TO_ICACHE_SWITCH        372280        1.044%          1147831        1.047%
INST_LOST_BREAK_UOP_CACHE_READ_LIMIT           3610618       10.127%         11253818       10.260%
INST_LOST_BREAK_UOP_CACHE_ISSUE_WIDTH                0        0.000%                0        0.000%
                                              35652242      100.000%        109682553      100.000%
                                                  7.16         7.70              7.33         7.73

INST_LOST_TOTAL                               40658244                      126057006              

INST_LOST_WAIT_FOR_ICACHE_MISS_NOT_PREFETCHED          2040        0.407%           105102        5.802%
INST_LOST_WAIT_FOR_ICACHE_MISS_PREFETCHED_AND_EVICTED_BY_IFETCH             0        0.000%                0        0.000%
INST_LOST_WAIT_FOR_ICACHE_MISS_PREFETCHED_AND_EVICTED_BY_FDIP             0        0.000%                0        0.000%
INST_LOST_WAIT_FOR_ICACHE_MISS_MSHR_HIT_PREF_OFFPATH          9240        1.842%            34164        1.886%
INST_LOST_WAIT_FOR_ICACHE_MISS_MSHR_HIT_PREF_ONPATH        490386       97.751%          1672164       92.312%
                                                501666      100.000%          1811430      100.000%
                                                  3.97         3.92              3.75         3.61

FETCH_0_OPS                                     322818        5.965%          1024647        6.120%
FETCH_1_OPS                                     205063        3.789%           596345        3.562%
FETCH_2_OPS                                     260000        4.804%           827130        4.940%
FETCH_3_OPS                                     290161        5.361%           962512        5.749%
FETCH_4_OPS                                     384060        7.097%          1213411        7.247%
FETCH_5_OPS                                     218274        4.033%           692965        4.139%
FETCH_6_OPS                                    1080614       19.967%          3142736       18.770%
FETCH_7_OPS                                     136549        2.523%           450578        2.691%
FETCH_8_OPS                                    2514404       46.460%          7832777       46.782%
FETCH_9_OPS                                          0        0.000%                0        0.000%
FETCH_10_OPS                                         0        0.000%                0        0.000%
FETCH_11_OPS                                         0        0.000%                0        0.000%
FETCH_12_OPS                                         0        0.000%                0        0.000%
FETCH_13_OPS                                         0        0.000%                0        0.000%
FETCH_14_OPS                                         0        0.000%                0        0.000%
FETCH_15_OPS                                         0        0.000%                0        0.000%
FETCH_16_OPS                                         0        0.000%                0        0.000%
                                               5411943      100.000%         16743101      100.000%
                                                  5.87         2.12              5.86         2.12

ST_BREAK_DONT                                        0        0.000%                0        0.000%
ST_BREAK_FT_UNAVAILABLE                         227518        4.204%           673049        4.020%
ST_BREAK_ICACHE_STAGE_RESTEER                    17281        0.319%            51085        0.305%
ST_BREAK_ICACHE_MISS_REQ_SUCCESS                 11103        0.205%            33206        0.198%
ST_BREAK_ICACHE_MISS_REQ_FAILURE                    15        0.000%               92        0.001%
ST_BREAK_ICACHE_WAIT_FOR_MISS                    92829        1.715%           343546        2.052%
ST_BREAK_ICACHE_STALLED                         313770        5.798%           889050        5.310%
ST_BREAK_ICACHE_TO_UOP_CACHE_SWITCH              99417        1.837%           299682        1.790%
ST_BREAK_ICACHE_READ_LIMIT                      107791        1.992%           319892        1.911%
ST_BREAK_ICACHE_ISSUE_WIDTH                     457365        8.451%          1359252        8.118%
ST_BREAK_UOP_CACHE_STALLED                     1870042       34.554%          5956588       35.576%
ST_BREAK_UOP_CACHE_TO_ICACHE_SWITCH              84384        1.559%           257526        1.538%
ST_BREAK_UOP_CACHE_READ_LIMIT                   965563       17.841%          2979956       17.798%
ST_BREAK_UOP_CACHE_ISSUE_WIDTH                 1164865       21.524%          3580177       21.383%
                                               5411943      100.000%         16743101      100.000%
                                                 10.10         5.48             10.12         5.46

ORACLE_ON_PATH_INST                           10797333       62.893%         32449299       61.988%
ORACLE_OFF_PATH_INST                           6370520       37.107%         19898642       38.012%
                                              17167853      100.000%         52347941      100.000%
                                                  0.37         0.44              0.38         0.45

ORACLE_ON_PATH_INST_MEM                        3330006       19.397%         10179541       19.446%
ORACLE_ON_PATH_INST_NOTMEM                     7467327       43.496%         22269758       42.542%
ORACLE_OFF_PATH_INST_MEM                       1660266        9.671%          5208035        9.949%
ORACLE_OFF_PATH_INST_NOTMEM                    4710254       27.436%         14690607       28.063%
                                              17167853      100.000%         52347941      100.000%
                                                  1.45         1.16              1.47         1.18

ICACHE_CYCLE_NONRA_ONPATH                            0         -nan%                0         -nan%
ICACHE_CYCLE_NONRA_OFFPATH                           0         -nan%                0         -nan%
ICACHE_CYCLE_RA_ONPATH                               0         -nan%                0         -nan%
ICACHE_CYCLE_RA_OFFPATH                              0         -nan%                0         -nan%
                                                     0         -nan%                0         -nan%
                                                  -nan         -nan              -nan         -nan

ICACHE_CYCLE_ONPATH_NONRA                            0         -nan%                0         -nan%
ICACHE_CYCLE_OFFPATH_NONRA                           0         -nan%                0         -nan%
                                                     0         -nan%                0         -nan%
                                                  -nan         -nan              -nan         -nan

ICACHE_CYCLE_ONPATH_RA                               0         -nan%                0         -nan%
ICACHE_CYCLE_OFFPATH_RA                              0         -nan%                0         -nan%
                                                     0         -nan%                0         -nan%
                                                  -nan         -nan              -nan         -nan

INACCURATE_OFFPATH_CYCLES                            0        0.0000                0        0.0000

FETCH_ALL_INST                                17167853                       52347941              

EXEC_ALL_INST                                 11067105                       33325181              

RET_ALL_INST                                  10797550                       32449299              

EXEC_ON_PATH_INST                             10797545       97.564%         32449299       97.372%
EXEC_OFF_PATH_INST                              269560        2.436%           875882        2.628%
                                              11067105      100.000%         33325181      100.000%
                                                  0.02         0.15              0.03         0.16

EXEC_ON_PATH_INST_MEM                          3330006       30.089%         10179541       30.546%
EXEC_ON_PATH_INST_NOTMEM                       7467539       67.475%         22269758       66.826%
EXEC_OFF_PATH_INST_MEM                           58542        0.529%           186472        0.560%
EXEC_OFF_PATH_INST_NOTMEM                       211018        1.907%           689410        2.069%
                                              11067105      100.000%         33325181      100.000%
                                                  0.74         0.40              0.74         0.41

EXEC_RA_INST                                         0         -nan%                0         -nan%
EXEC_NONRA_INST                                      0         -nan%                0         -nan%
                                                     0         -nan%                0         -nan%
                                                  -nan         -nan              -nan         -nan

EXEC_ON_PATH_INST_RA                                 0         -nan%                0         -nan%
EXEC_OFF_PATH_INST_RA                                0         -nan%                0         -nan%
                                                     0         -nan%                0         -nan%
                                                  -nan         -nan              -nan         -nan

EXEC_ON_PATH_INST_NONRA                              0         -nan%                0         -nan%
EXEC_OFF_PATH_INST_NONRA                             0         -nan%                0         -nan%
                                                     0         -nan%                0         -nan%
                                                  -nan         -nan              -nan         -nan

EXEC_RA_ON_PATH_INST                                 0         -nan%                0         -nan%
EXEC_RA_OFF_PATH_INST                                0         -nan%                0         -nan%
EXEC_NONRA_ON_PATH_INST                              0         -nan%                0         -nan%
EXEC_NONRA_OFF_PATH_INST                             0         -nan%                0         -nan%
                                                     0         -nan%                0         -nan%
                                                  -nan         -nan              -nan         -nan

ICACHE_THROTTLE_CYCLE                                0                              0              

FETCH_ENABLE_THROTTLE_OFF_PATH                       0         -nan%                0         -nan%
FETCH_ENABLE_THROTTLE_ON_PATH                        0         -nan%                0         -nan%
                                                     0         -nan%                0         -nan%
                                                  -nan         -nan              -nan         -nan

FETCH_DISABLE_THROTTLE_OFF_PATH                      0         -nan%                0         -nan%
FETCH_DISABLE_THROTTLE_ON_PATH                       0         -nan%                0         -nan%
                                                     0         -nan%                0         -nan%
                                                  -nan         -nan              -nan         -nan

FETCH_TH_ADJUST__0                                   0         -nan%                0         -nan%
FETCH_TH_ADJUST__1                                   0         -nan%                0         -nan%
FETCH_TH_ADJUST__2                                   0         -nan%                0         -nan%
FETCH_TH_ADJUST__3                                   0         -nan%                0         -nan%
FETCH_TH_ADJUST__4                                   0         -nan%                0         -nan%
FETCH_TH_ADJUST__5                                   0         -nan%                0         -nan%
FETCH_TH_ADJUST__6                                   0         -nan%                0         -nan%
FETCH_TH_ADJUST__7                                   0         -nan%                0         -nan%
FETCH_TH_ADJUST__8                                   0         -nan%                0         -nan%
FETCH_TH_ADJUST__9                                   0         -nan%                0         -nan%
FETCH_TH_ADJUST__MAX                                 0         -nan%                0         -nan%
                                                     0         -nan%                0         -nan%
                                                  -nan         -nan              -nan         -nan

FETCH_TH_ADJUST_UP                                   0         -nan%                0         -nan%
FETCH_TH_ADJUST_DOWN                                 0         -nan%                0         -nan%
FETCH_TH_ADJUST_SAME                                 0         -nan%                0         -nan%
                                                     0         -nan%                0         -nan%
                                                  -nan         -nan              -nan         -nan

THROTTLE_ADJUST_CACHE_MISS_INFO                      0                              0              

LOW_CONF_COUNT_BP_MIS_0                              0         -nan%                0         -nan%
LOW_CONF_COUNT_BP_MIS_1                              0         -nan%                0         -nan%
LOW_CONF_COUNT_BP_MIS_2                              0         -nan%                0         -nan%
LOW_CONF_COUNT_BP_MIS_3                              0         -nan%                0         -nan%
LOW_CONF_COUNT_BP_MIS_4                              0         -nan%                0         -nan%
LOW_CONF_COUNT_BP_MIS_5                              0         -nan%                0         -nan%
LOW_CONF_COUNT_BP_MIS_6                              0         -nan%                0         -nan%
LOW_CONF_COUNT_BP_MIS_7                              0         -nan%                0         -nan%
LOW_CONF_COUNT_BP_MIS_8                              0         -nan%                0         -nan%
LOW_CONF_COUNT_BP_MIS_9                              0         -nan%                0         -nan%
LOW_CONF_COUNT_BP_MIS_10                             0         -nan%                0         -nan%
LOW_CONF_COUNT_BP_MIS_11                             0         -nan%                0         -nan%
LOW_CONF_COUNT_BP_MIS_12                             0         -nan%                0         -nan%
LOW_CONF_COUNT_BP_MIS_13                             0         -nan%                0         -nan%
LOW_CONF_COUNT_BP_MIS_14                             0         -nan%                0         -nan%
LOW_CONF_COUNT_BP_MIS_15                             0         -nan%                0         -nan%
LOW_CONF_COUNT_BP_MIS_16                             0         -nan%                0         -nan%
LOW_CONF_COUNT_BP_MIS_17                             0         -nan%                0         -nan%
LOW_CONF_COUNT_BP_MIS_18                             0         -nan%                0         -nan%
LOW_CONF_COUNT_BP_MIS_19                             0         -nan%                0         -nan%
LOW_CONF_COUNT_BP_MIS_20                             0         -nan%                0         -nan%
                                                     0         -nan%                0         -nan%
                                                  -nan         -nan              -nan         -nan

LOW_CONF_COUNT_RET_0                                 0         -nan%                0         -nan%
LOW_CONF_COUNT_RET_1                                 0         -nan%                0         -nan%
LOW_CONF_COUNT_RET_2                                 0         -nan%                0         -nan%
LOW_CONF_COUNT_RET_3                                 0         -nan%                0         -nan%
LOW_CONF_COUNT_RET_4                                 0         -nan%                0         -nan%
LOW_CONF_COUNT_RET_5                                 0         -nan%                0         -nan%
LOW_CONF_COUNT_RET_6                                 0         -nan%                0         -nan%
LOW_CONF_COUNT_RET_7                                 0         -nan%                0         -nan%
LOW_CONF_COUNT_RET_8                                 0         -nan%                0         -nan%
LOW_CONF_COUNT_RET_9                                 0         -nan%                0         -nan%
LOW_CONF_COUNT_RET_10                                0         -nan%                0         -nan%
LOW_CONF_COUNT_RET_11                                0         -nan%                0         -nan%
LOW_CONF_COUNT_RET_12                                0         -nan%                0         -nan%
LOW_CONF_COUNT_RET_13                                0         -nan%                0         -nan%
LOW_CONF_COUNT_RET_14                                0         -nan%                0         -nan%
LOW_CONF_COUNT_RET_15                                0         -nan%                0         -nan%
LOW_CONF_COUNT_RET_16                                0         -nan%                0         -nan%
LOW_CONF_COUNT_RET_17                                0         -nan%                0         -nan%
LOW_CONF_COUNT_RET_18                                0         -nan%                0         -nan%
LOW_CONF_COUNT_RET_19                                0         -nan%                0         -nan%
LOW_CONF_COUNT_RET_20                                0         -nan%                0         -nan%
                                                     0         -nan%                0         -nan%
                                                  -nan         -nan              -nan         -nan

CYCLES_RESTEER_RECOVER_AT_EXEC                       0         -nan%                0         -nan%
CYCLES_RESTEER_RECOVER_AT_DECODE                     0         -nan%                0         -nan%
CYCLES_RESTEER_BTB_MISS                              0         -nan%                0         -nan%
                                                     0         -nan%                0         -nan%
                                                  -nan         -nan              -nan         -nan

CYCLES_RESTEER_RECOVER_AT_EXEC_SAVED_UC_FETCH             0         -nan%                0         -nan%
CYCLES_RESTEER_RECOVER_AT_EXEC_COULD_BE_SAVED_UC_FETCH             0         -nan%                0         -nan%
CYCLES_RESTEER_RECOVER_AT_DECODE_SAVED_UC_FETCH             0         -nan%                0         -nan%
CYCLES_RESTEER_RECOVER_AT_DECODE_COULD_BE_SAVED_UC_FETCH             0         -nan%                0         -nan%
CYCLES_RESTEER_BTB_MISS_SAVED_UC_FETCH               0         -nan%                0         -nan%
CYCLES_RESTEER_BTB_MISS_COULD_BE_SAVED_UC_FETCH             0         -nan%                0         -nan%
                                                     0         -nan%                0         -nan%
                                                  -nan         -nan              -nan         -nan

CYCLES_UOC_IC_SWITCH                                 0                              0              



