/* -*- Mode: c -*- */
####################################################################################################
Core 0
####################################################################################################
Cumulative:        Cycles: 17907536              Instructions: 30000000              IPC: 1.67527

Periodic:          Cycles: 6321774               Instructions: 9999993               IPC: 1.58183

MISS_WAIT_TIME                            145349989696                   264348814802              

ICACHE_STAGE_MISS                                10045                          31538              

ICACHE_CYCLE                                   6321774                       17907536              

TCACHE_CYCLE                                         0                              0              

ICACHE_SERVING_CYCLE_ON_PATH                   1053607                        3167458              

ICACHE_SERVING_CYCLE_OFF_PATH                   307504                         922112              

UCACHE_SERVING_CYCLE_ON_PATH                   3592329                        9597206              

UCACHE_SERVING_CYCLE_OFF_PATH                   986798                        3049894              

ICACHE_CYCLE_ONPATH                            4953571       78.357%         13705027       76.532%
ICACHE_CYCLE_OFFPATH                           1368203       21.643%          4202509       23.468%
                                               6321774      100.000%         17907536      100.000%
                                                  0.22         0.38              0.23         0.39

FETCH_ON_PATH                                  5020719       79.419%         13911519       77.685%
FETCH_OFF_PATH                                 1301055       20.581%          3996017       22.315%
                                               6321774      100.000%         17907536      100.000%
                                                  0.21         0.37              0.22         0.38

FETCHED_OPS_ON_PATH                                  0         -nan%                0         -nan%
FETCHED_OPS_OFF_PATH                                 0         -nan%                0         -nan%
                                                     0         -nan%                0         -nan%
                                                  -nan         -nan              -nan         -nan

INST_LOST_FETCH                               14604907       32.791%         43827437       35.289%
INST_LOST_OFF_PATH                             2781423        6.245%          8621912        6.942%
INST_LOST_FULL_WINDOW                           166900        0.375%           485198        0.391%
INST_LOST_ROB_STALL_OTHER                      6175260       13.865%         12063290        9.713%
INST_LOST_ROB_STALL_WAIT_FOR_RECOVERY                0        0.000%                0        0.000%
INST_LOST_ROB_STALL_WAIT_FOR_REDIRECT                0        0.000%                0        0.000%
INST_LOST_ROB_STALL_WAIT_FOR_GAP_FILL                0        0.000%                0        0.000%
INST_LOST_ROB_STALL_WAIT_FOR_L1_MISS                 0        0.000%                0        0.000%
INST_LOST_ROB_STALL_WAIT_FOR_MEMORY            1970536        4.424%          3610128        2.907%
INST_LOST_ROB_STALL_WAIT_FOR_DC_MISS           7523850       16.892%         21800356       17.553%
INST_LOST_ROB_BLOCK_ISSUE_FULL                       0        0.000%                0        0.000%
INST_LOST_ROB_BLOCK_ISSUE_GAP_TOO_LARGE              0        0.000%                0        0.000%
INST_LOST_BREAK_DONT                                 0        0.000%                0        0.000%
INST_LOST_BREAK_FT_UNAVAILABLE                 1512047        3.395%          4576036        3.685%
INST_LOST_BREAK_ICACHE_STAGE_RESTEER             80622        0.181%           239126        0.193%
INST_LOST_BREAK_ICACHE_MISS_REQ_SUCCESS          45873        0.103%           143770        0.116%
INST_LOST_BREAK_ICACHE_MISS_REQ_FAILURE           4409        0.010%             4976        0.004%
INST_LOST_BREAK_ICACHE_WAIT_FOR_MISS            614946        1.381%          1979007        1.593%
INST_LOST_BREAK_ICACHE_STALLED                  345502        0.776%          1052549        0.847%
INST_LOST_BREAK_ICACHE_TO_UOP_CACHE_SWITCH        444465        0.998%          1340463        1.079%
INST_LOST_BREAK_ICACHE_READ_LIMIT               320835        0.720%           972988        0.783%
INST_LOST_BREAK_ICACHE_ISSUE_WIDTH                   0        0.000%                0        0.000%
INST_LOST_BREAK_UOP_CACHE_STALLED              3375040        7.578%          9706252        7.815%
INST_LOST_BREAK_UOP_CACHE_TO_ICACHE_SWITCH        545744        1.225%          1656312        1.334%
INST_LOST_BREAK_UOP_CACHE_READ_LIMIT           4027309        9.042%         12115738        9.755%
INST_LOST_BREAK_UOP_CACHE_ISSUE_WIDTH                0        0.000%                0        0.000%
                                              44539668      100.000%        124195538      100.000%
                                                  7.67         7.37              7.86         7.47

INST_LOST_TOTAL                               47264842                      133080994              

INST_LOST_WAIT_FOR_ICACHE_MISS_NOT_PREFETCHED          1218        0.207%            58854        3.164%
INST_LOST_WAIT_FOR_ICACHE_MISS_PREFETCHED_AND_EVICTED_BY_IFETCH             0        0.000%                0        0.000%
INST_LOST_WAIT_FOR_ICACHE_MISS_PREFETCHED_AND_EVICTED_BY_FDIP             0        0.000%                0        0.000%
INST_LOST_WAIT_FOR_ICACHE_MISS_MSHR_HIT_PREF_OFFPATH          1620        0.276%             5166        0.278%
INST_LOST_WAIT_FOR_ICACHE_MISS_MSHR_HIT_PREF_ONPATH        584700       99.517%          1796010       96.558%
                                                587538      100.000%          1860030      100.000%
                                                  3.99         3.98              3.87         3.81

FETCH_0_OPS                                     380697        6.022%          1168338        6.524%
FETCH_1_OPS                                     198227        3.136%           557418        3.113%
FETCH_2_OPS                                     280744        4.441%           829395        4.632%
FETCH_3_OPS                                     273069        4.319%           906254        5.061%
FETCH_4_OPS                                    1039509       16.443%          3010754       16.813%
FETCH_5_OPS                                     253455        4.009%           811571        4.532%
FETCH_6_OPS                                    1056617       16.714%          3218123       17.971%
FETCH_7_OPS                                     111533        1.764%           296266        1.654%
FETCH_8_OPS                                    2727923       43.151%          7109417       39.701%
FETCH_9_OPS                                          0        0.000%                0        0.000%
FETCH_10_OPS                                         0        0.000%                0        0.000%
FETCH_11_OPS                                         0        0.000%                0        0.000%
FETCH_12_OPS                                         0        0.000%                0        0.000%
FETCH_13_OPS                                         0        0.000%                0        0.000%
FETCH_14_OPS                                         0        0.000%                0        0.000%
FETCH_15_OPS                                         0        0.000%                0        0.000%
FETCH_16_OPS                                         0        0.000%                0        0.000%
                                               6321774      100.000%         17907536      100.000%
                                                  5.69         2.11              5.54         2.11

ST_BREAK_DONT                                        0        0.000%                0        0.000%
ST_BREAK_FT_UNAVAILABLE                         252431        3.993%           763883        4.266%
ST_BREAK_ICACHE_STAGE_RESTEER                    20848        0.330%            62658        0.350%
ST_BREAK_ICACHE_MISS_REQ_SUCCESS                 10045        0.159%            31538        0.176%
ST_BREAK_ICACHE_MISS_REQ_FAILURE                   735        0.012%              831        0.005%
ST_BREAK_ICACHE_WAIT_FOR_MISS                   102491        1.621%           329888        1.842%
ST_BREAK_ICACHE_STALLED                         347866        5.503%          1094087        6.110%
ST_BREAK_ICACHE_TO_UOP_CACHE_SWITCH             145619        2.303%           438455        2.448%
ST_BREAK_ICACHE_READ_LIMIT                      143131        2.264%           434703        2.427%
ST_BREAK_ICACHE_ISSUE_WIDTH                     643183       10.174%          1968606       10.993%
ST_BREAK_UOP_CACHE_STALLED                     2524034       39.926%          6378798       35.621%
ST_BREAK_UOP_CACHE_TO_ICACHE_SWITCH             123796        1.958%           374545        2.092%
ST_BREAK_UOP_CACHE_READ_LIMIT                  1037451       16.411%          3125637       17.454%
ST_BREAK_UOP_CACHE_ISSUE_WIDTH                  970144       15.346%          2903907       16.216%
                                               6321774      100.000%         17907536      100.000%
                                                  9.89         4.72              9.86         4.85

ORACLE_ON_PATH_INST                           14604907       84.002%         43827437       83.561%
ORACLE_OFF_PATH_INST                           2781423       15.998%          8621912       16.439%
                                              17386330      100.000%         52449349      100.000%
                                                  0.16         0.34              0.16         0.35

ORACLE_ON_PATH_INST_MEM                        4276160       24.595%         12800698       24.406%
ORACLE_ON_PATH_INST_NOTMEM                    10328747       59.407%         31026739       59.156%
ORACLE_OFF_PATH_INST_MEM                        778807        4.479%          2433891        4.640%
ORACLE_OFF_PATH_INST_NOTMEM                    2002616       11.518%          6188021       11.798%
                                              17386330      100.000%         52449349      100.000%
                                                  1.03         0.78              1.04         0.79

ICACHE_CYCLE_NONRA_ONPATH                            0         -nan%                0         -nan%
ICACHE_CYCLE_NONRA_OFFPATH                           0         -nan%                0         -nan%
ICACHE_CYCLE_RA_ONPATH                               0         -nan%                0         -nan%
ICACHE_CYCLE_RA_OFFPATH                              0         -nan%                0         -nan%
                                                     0         -nan%                0         -nan%
                                                  -nan         -nan              -nan         -nan

ICACHE_CYCLE_ONPATH_NONRA                            0         -nan%                0         -nan%
ICACHE_CYCLE_OFFPATH_NONRA                           0         -nan%                0         -nan%
                                                     0         -nan%                0         -nan%
                                                  -nan         -nan              -nan         -nan

ICACHE_CYCLE_ONPATH_RA                               0         -nan%                0         -nan%
ICACHE_CYCLE_OFFPATH_RA                              0         -nan%                0         -nan%
                                                     0         -nan%                0         -nan%
                                                  -nan         -nan              -nan         -nan

INACCURATE_OFFPATH_CYCLES                            0        0.0000                0        0.0000

FETCH_ALL_INST                                17386330                       52449349              

EXEC_ALL_INST                                 15275655                       45956929              

RET_ALL_INST                                  14605263                       43827437              

EXEC_ON_PATH_INST                             14605126       95.610%         43827437       95.366%
EXEC_OFF_PATH_INST                              670529        4.390%          2129492        4.634%
                                              15275655      100.000%         45956929      100.000%
                                                  0.04         0.20              0.05         0.21

EXEC_ON_PATH_INST_MEM                          4276234       27.994%         12800698       27.854%
EXEC_ON_PATH_INST_NOTMEM                      10328892       67.617%         31026739       67.513%
EXEC_OFF_PATH_INST_MEM                          217477        1.424%           693363        1.509%
EXEC_OFF_PATH_INST_NOTMEM                       453052        2.966%          1436129        3.125%
                                              15275655      100.000%         45956929      100.000%
                                                  0.79         0.46              0.80         0.47

EXEC_RA_INST                                         0         -nan%                0         -nan%
EXEC_NONRA_INST                                      0         -nan%                0         -nan%
                                                     0         -nan%                0         -nan%
                                                  -nan         -nan              -nan         -nan

EXEC_ON_PATH_INST_RA                                 0         -nan%                0         -nan%
EXEC_OFF_PATH_INST_RA                                0         -nan%                0         -nan%
                                                     0         -nan%                0         -nan%
                                                  -nan         -nan              -nan         -nan

EXEC_ON_PATH_INST_NONRA                              0         -nan%                0         -nan%
EXEC_OFF_PATH_INST_NONRA                             0         -nan%                0         -nan%
                                                     0         -nan%                0         -nan%
                                                  -nan         -nan              -nan         -nan

EXEC_RA_ON_PATH_INST                                 0         -nan%                0         -nan%
EXEC_RA_OFF_PATH_INST                                0         -nan%                0         -nan%
EXEC_NONRA_ON_PATH_INST                              0         -nan%                0         -nan%
EXEC_NONRA_OFF_PATH_INST                             0         -nan%                0         -nan%
                                                     0         -nan%                0         -nan%
                                                  -nan         -nan              -nan         -nan

ICACHE_THROTTLE_CYCLE                                0                              0              

FETCH_ENABLE_THROTTLE_OFF_PATH                       0         -nan%                0         -nan%
FETCH_ENABLE_THROTTLE_ON_PATH                        0         -nan%                0         -nan%
                                                     0         -nan%                0         -nan%
                                                  -nan         -nan              -nan         -nan

FETCH_DISABLE_THROTTLE_OFF_PATH                      0         -nan%                0         -nan%
FETCH_DISABLE_THROTTLE_ON_PATH                       0         -nan%                0         -nan%
                                                     0         -nan%                0         -nan%
                                                  -nan         -nan              -nan         -nan

FETCH_TH_ADJUST__0                                   0         -nan%                0         -nan%
FETCH_TH_ADJUST__1                                   0         -nan%                0         -nan%
FETCH_TH_ADJUST__2                                   0         -nan%                0         -nan%
FETCH_TH_ADJUST__3                                   0         -nan%                0         -nan%
FETCH_TH_ADJUST__4                                   0         -nan%                0         -nan%
FETCH_TH_ADJUST__5                                   0         -nan%                0         -nan%
FETCH_TH_ADJUST__6                                   0         -nan%                0         -nan%
FETCH_TH_ADJUST__7                                   0         -nan%                0         -nan%
FETCH_TH_ADJUST__8                                   0         -nan%                0         -nan%
FETCH_TH_ADJUST__9                                   0         -nan%                0         -nan%
FETCH_TH_ADJUST__MAX                                 0         -nan%                0         -nan%
                                                     0         -nan%                0         -nan%
                                                  -nan         -nan              -nan         -nan

FETCH_TH_ADJUST_UP                                   0         -nan%                0         -nan%
FETCH_TH_ADJUST_DOWN                                 0         -nan%                0         -nan%
FETCH_TH_ADJUST_SAME                                 0         -nan%                0         -nan%
                                                     0         -nan%                0         -nan%
                                                  -nan         -nan              -nan         -nan

THROTTLE_ADJUST_CACHE_MISS_INFO                      0                              0              

LOW_CONF_COUNT_BP_MIS_0                              0         -nan%                0         -nan%
LOW_CONF_COUNT_BP_MIS_1                              0         -nan%                0         -nan%
LOW_CONF_COUNT_BP_MIS_2                              0         -nan%                0         -nan%
LOW_CONF_COUNT_BP_MIS_3                              0         -nan%                0         -nan%
LOW_CONF_COUNT_BP_MIS_4                              0         -nan%                0         -nan%
LOW_CONF_COUNT_BP_MIS_5                              0         -nan%                0         -nan%
LOW_CONF_COUNT_BP_MIS_6                              0         -nan%                0         -nan%
LOW_CONF_COUNT_BP_MIS_7                              0         -nan%                0         -nan%
LOW_CONF_COUNT_BP_MIS_8                              0         -nan%                0         -nan%
LOW_CONF_COUNT_BP_MIS_9                              0         -nan%                0         -nan%
LOW_CONF_COUNT_BP_MIS_10                             0         -nan%                0         -nan%
LOW_CONF_COUNT_BP_MIS_11                             0         -nan%                0         -nan%
LOW_CONF_COUNT_BP_MIS_12                             0         -nan%                0         -nan%
LOW_CONF_COUNT_BP_MIS_13                             0         -nan%                0         -nan%
LOW_CONF_COUNT_BP_MIS_14                             0         -nan%                0         -nan%
LOW_CONF_COUNT_BP_MIS_15                             0         -nan%                0         -nan%
LOW_CONF_COUNT_BP_MIS_16                             0         -nan%                0         -nan%
LOW_CONF_COUNT_BP_MIS_17                             0         -nan%                0         -nan%
LOW_CONF_COUNT_BP_MIS_18                             0         -nan%                0         -nan%
LOW_CONF_COUNT_BP_MIS_19                             0         -nan%                0         -nan%
LOW_CONF_COUNT_BP_MIS_20                             0         -nan%                0         -nan%
                                                     0         -nan%                0         -nan%
                                                  -nan         -nan              -nan         -nan

LOW_CONF_COUNT_RET_0                                 0         -nan%                0         -nan%
LOW_CONF_COUNT_RET_1                                 0         -nan%                0         -nan%
LOW_CONF_COUNT_RET_2                                 0         -nan%                0         -nan%
LOW_CONF_COUNT_RET_3                                 0         -nan%                0         -nan%
LOW_CONF_COUNT_RET_4                                 0         -nan%                0         -nan%
LOW_CONF_COUNT_RET_5                                 0         -nan%                0         -nan%
LOW_CONF_COUNT_RET_6                                 0         -nan%                0         -nan%
LOW_CONF_COUNT_RET_7                                 0         -nan%                0         -nan%
LOW_CONF_COUNT_RET_8                                 0         -nan%                0         -nan%
LOW_CONF_COUNT_RET_9                                 0         -nan%                0         -nan%
LOW_CONF_COUNT_RET_10                                0         -nan%                0         -nan%
LOW_CONF_COUNT_RET_11                                0         -nan%                0         -nan%
LOW_CONF_COUNT_RET_12                                0         -nan%                0         -nan%
LOW_CONF_COUNT_RET_13                                0         -nan%                0         -nan%
LOW_CONF_COUNT_RET_14                                0         -nan%                0         -nan%
LOW_CONF_COUNT_RET_15                                0         -nan%                0         -nan%
LOW_CONF_COUNT_RET_16                                0         -nan%                0         -nan%
LOW_CONF_COUNT_RET_17                                0         -nan%                0         -nan%
LOW_CONF_COUNT_RET_18                                0         -nan%                0         -nan%
LOW_CONF_COUNT_RET_19                                0         -nan%                0         -nan%
LOW_CONF_COUNT_RET_20                                0         -nan%                0         -nan%
                                                     0         -nan%                0         -nan%
                                                  -nan         -nan              -nan         -nan

CYCLES_RESTEER_RECOVER_AT_EXEC                       0         -nan%                0         -nan%
CYCLES_RESTEER_RECOVER_AT_DECODE                     0         -nan%                0         -nan%
CYCLES_RESTEER_BTB_MISS                              0         -nan%                0         -nan%
                                                     0         -nan%                0         -nan%
                                                  -nan         -nan              -nan         -nan

CYCLES_RESTEER_RECOVER_AT_EXEC_SAVED_UC_FETCH             0         -nan%                0         -nan%
CYCLES_RESTEER_RECOVER_AT_EXEC_COULD_BE_SAVED_UC_FETCH             0         -nan%                0         -nan%
CYCLES_RESTEER_RECOVER_AT_DECODE_SAVED_UC_FETCH             0         -nan%                0         -nan%
CYCLES_RESTEER_RECOVER_AT_DECODE_COULD_BE_SAVED_UC_FETCH             0         -nan%                0         -nan%
CYCLES_RESTEER_BTB_MISS_SAVED_UC_FETCH               0         -nan%                0         -nan%
CYCLES_RESTEER_BTB_MISS_COULD_BE_SAVED_UC_FETCH             0         -nan%                0         -nan%
                                                     0         -nan%                0         -nan%
                                                  -nan         -nan              -nan         -nan

CYCLES_UOC_IC_SWITCH                                 0                              0              



