Scarab gitrev: 68196a708
Scarab started at Sat Jul 18 23:32:23 2026

FCT preload: loaded 384 PC-pair(s) from '/home/deepmish/pgo-candidates/pgo-candidates-frequency-100/leveldb/5.csv' at confidence 500 (skipped 192 duplicate LD1 PCs)
Initialized Ramulator. 
** Heartbeat:   1% -- { 1000000 } -- 0.00 KIPS (66.67 KIPS)
** Heartbeat:   2% -- { 2000007 } -- 71.43 KIPS (68.97 KIPS)
** Heartbeat:   3% -- { 3000011 } -- 66.67 KIPS (68.18 KIPS)
** Heartbeat:   4% -- { 4000011 } -- 66.67 KIPS (67.80 KIPS)
** Heartbeat:   5% -- { 5000012 } -- 66.67 KIPS (67.57 KIPS)
** Heartbeat:   6% -- { 6000015 } -- 76.92 KIPS (68.97 KIPS)
** Heartbeat:   7% -- { 7000018 } -- 76.92 KIPS (70.00 KIPS)
** Heartbeat:   8% -- { 8000020 } -- 66.67 KIPS (69.57 KIPS)
** Heartbeat:   9% -- { 9000023 } -- 66.67 KIPS (69.23 KIPS)
** Heartbeat:  10% -- { 10000029 } -- 66.67 KIPS (68.97 KIPS)
** Heartbeat:  12% -- { 11000034 } -- 66.67 KIPS (68.75 KIPS)
** Heartbeat:  13% -- { 12000037 } -- 62.50 KIPS (68.18 KIPS)
** Heartbeat:  14% -- { 13000042 } -- 76.92 KIPS (68.78 KIPS)
** Heartbeat:  15% -- { 14000042 } -- 71.43 KIPS (68.97 KIPS)
** Heartbeat:  16% -- { 15000045 } -- 62.50 KIPS (68.49 KIPS)
** Heartbeat:  17% -- { 16000051 } -- 66.67 KIPS (68.38 KIPS)
** Heartbeat:  18% -- { 17000053 } -- 66.67 KIPS (68.27 KIPS)
** Heartbeat:  19% -- { 18000055 } -- 76.92 KIPS (68.70 KIPS)
** Heartbeat:  20% -- { 19000059 } -- 71.43 KIPS (68.84 KIPS)
** Heartbeat:  21% -- { 20000062 } -- 62.50 KIPS (68.49 KIPS)
** Heartbeat:  23% -- { 21000064 } -- 71.43 KIPS (68.63 KIPS)
** Heartbeat:  24% -- { 22000065 } -- 90.91 KIPS (69.40 KIPS)
** Heartbeat:  25% -- { 23000068 } -- 66.67 KIPS (69.28 KIPS)
** Heartbeat:  26% -- { 24000071 } -- 66.67 KIPS (69.16 KIPS)
** Heartbeat:  27% -- { 25000071 } -- 66.67 KIPS (69.06 KIPS)
** Heartbeat:  28% -- { 26000072 } -- 71.43 KIPS (69.15 KIPS)
** Heartbeat:  29% -- { 27000073 } -- 100.00 KIPS (69.95 KIPS)
** Heartbeat:  30% -- { 28000074 } -- 90.91 KIPS (70.53 KIPS)
** Heartbeat:  31% -- { 29000075 } -- 66.67 KIPS (70.39 KIPS)
** Heartbeat:  32% -- { 30000081 } -- 71.43 KIPS (70.42 KIPS)
** Heartbeat:  34% -- { 31000085 } -- 83.33 KIPS (70.78 KIPS)
** Heartbeat:  35% -- { 32000086 } -- 66.67 KIPS (70.64 KIPS)
** Heartbeat:  36% -- { 33000089 } -- 83.33 KIPS (70.97 KIPS)
** Heartbeat:  37% -- { 34000093 } -- 66.67 KIPS (70.83 KIPS)
** Heartbeat:  38% -- { 35000099 } -- 66.67 KIPS (70.71 KIPS)
** Heartbeat:  39% -- { 36000104 } -- 66.67 KIPS (70.59 KIPS)
** Heartbeat:  40% -- { 37000104 } -- 71.43 KIPS (70.61 KIPS)
** Heartbeat:  41% -- { 38000107 } -- 62.50 KIPS (70.37 KIPS)
** Heartbeat:  42% -- { 39000112 } -- 66.67 KIPS (70.27 KIPS)
** Heartbeat:  43% -- { 40000114 } -- 71.43 KIPS (70.30 KIPS)
** Heartbeat:  45% -- { 41000119 } -- 76.92 KIPS (70.45 KIPS)
** Heartbeat:  46% -- { 42000123 } -- 76.92 KIPS (70.59 KIPS)
** Heartbeat:  47% -- { 43000127 } -- 66.67 KIPS (70.49 KIPS)
** Heartbeat:  48% -- { 44000127 } -- 66.67 KIPS (70.40 KIPS)
** Heartbeat:  49% -- { 45000133 } -- 66.67 KIPS (70.31 KIPS)
** Heartbeat:  50% -- { 46000133 } -- 66.67 KIPS (70.23 KIPS)
** Heartbeat:  51% -- { 47000136 } -- 62.50 KIPS (70.04 KIPS)
** Heartbeat:  52% -- { 48000136 } -- 66.67 KIPS (69.97 KIPS)
** Heartbeat:  53% -- { 49000137 } -- 66.67 KIPS (69.90 KIPS)
** Heartbeat:  54% -- { 50000142 } -- 66.67 KIPS (69.83 KIPS)
** Heartbeat:  56% -- { 51000143 } -- 66.67 KIPS (69.77 KIPS)
** Heartbeat:  57% -- { 52000147 } -- 66.67 KIPS (69.71 KIPS)
** Heartbeat:  58% -- { 53000153 } -- 66.67 KIPS (69.65 KIPS)
** Heartbeat:  59% -- { 54000155 } -- 66.67 KIPS (69.59 KIPS)
** Heartbeat:  60% -- { 55000158 } -- 66.67 KIPS (69.53 KIPS)
** Heartbeat:  61% -- { 56000158 } -- 83.33 KIPS (69.74 KIPS)
** Heartbeat:  62% -- { 57000160 } -- 66.67 KIPS (69.68 KIPS)
** Heartbeat:  63% -- { 58000161 } -- 66.67 KIPS (69.63 KIPS)
** Heartbeat:  64% -- { 59000163 } -- 71.43 KIPS (69.66 KIPS)
Reached end of trace (last_inst) pc=0x7fa53f6bf6e7
** Core 0 Finished:    insts:59999999    cycles:28703213    time:8969754062500       -- 2.09 IPC (2.09 IPC) --  N/A  KIPS (69.61 KIPS)
Scarab finished at Sat Jul 18 23:46:45 2026

