Scarab gitrev: 59b07a65e
Warning: Scarab expects the trace file type to include OFFLINE_FILE_TYPE_ARCH_REGDEPS (0x20000), but got type: 0xe40
Scarab started at Wed Jul 29 21:13:59 2026

Initialized Ramulator. 
Expected data2 but found type 'instr'
Stray memory record detected at seq. 198749: PC: 0x7ffff7d9ece1, PID: 48, TID: 48, Addr: 0x7fffffffe220. Suppressing further messages.
Expected data2 but found type 'instr'
Expected data2 but found type 'instr'
Expected data2 but found type 'instr'
Expected data2 but found type 'instr'
Expected data2 but found type 'instr'
** Heartbeat:   3% -- { 1000000 } -- 0.00 KIPS (18.87 KIPS)
** Heartbeat:   6% -- { 2000000 } -- 15.87 KIPS (17.24 KIPS)
** Heartbeat:  10% -- { 3000000 } -- 15.87 KIPS (16.76 KIPS)
** Heartbeat:  13% -- { 4000000 } -- 16.13 KIPS (16.60 KIPS)
** Heartbeat:  16% -- { 5000000 } -- 16.13 KIPS (16.50 KIPS)
** Heartbeat:  20% -- { 6000002 } -- 16.39 KIPS (16.48 KIPS)
** Heartbeat:  23% -- { 7000002 } -- 15.62 KIPS (16.36 KIPS)
** Heartbeat:  26% -- { 8000006 } -- 16.13 KIPS (16.33 KIPS)
** Heartbeat:  30% -- { 9000008 } -- 16.39 KIPS (16.33 KIPS)
Reached end of trace (last_inst) pc=0x4014fa
Running McPat...
Running CACTI...
Parsing scarab params...
Parsing scarab stats...
Use of uninitialized value in addition (+) at /home/deepmish/scarab_stage/ifuse/scarab/bin/power/power_intf.pl line 250, <$file> line 61.
Use of uninitialized value in addition (+) at /home/deepmish/scarab_stage/ifuse/scarab/bin/power/power_intf.pl line 251, <$file> line 61.
Use of uninitialized value in addition (+) at /home/deepmish/scarab_stage/ifuse/scarab/bin/power/power_intf.pl line 252, <$file> line 61.
Use of uninitialized value in addition (+) at /home/deepmish/scarab_stage/ifuse/scarab/bin/power/power_intf.pl line 253, <$file> line 61.
Use of uninitialized value in division (/) at /home/deepmish/scarab_stage/ifuse/scarab/bin/power/power_intf.pl line 279, <$file> line 61.
Illegal division by zero at /home/deepmish/scarab_stage/ifuse/scarab/bin/power/power_intf.pl line 296, <$file> line 61.
Parsing McPAT output (./mcpat.out) and CACTI output (./cacti_dram.out)...
Scarab power interface: executing command:
['perl', '/home/deepmish/scarab_stage/ifuse/scarab/bin/power/power_intf.pl', '/home/deepmish/toolchain/mcpat', '/home/deepmish/toolchain/cacti', '.', '0', '0']
Scarab power interface: command finished with exit code: 25
** Core 0 Finished:    insts:9999987     cycles:81280393    time:25400122812500      -- 0.12 IPC (0.12 IPC) --  N/A  KIPS (16.23 KIPS)

/scarab/src/power/power_intf.c:139: ASSERT FAILED (P=0  O=10022882  I=10000375  C=81280393):  rc == 0
/scarab/src/power/power_intf.c:139: ASSERT FAILED (P=0  O=10022882  I=10000375  C=81280393):  Command "python3 /home/deepmish/scarab_stage/ifuse/scarab/bin/power/power_intf.py . 0 0 " failed
Obtained 5 stack frames.
/home/deepmish/scarab_stage/ifuse/scarab/src/scarab_current(+0x274306) [0x5555557c8306]
/home/deepmish/scarab_stage/ifuse/scarab/src/scarab_current(+0x31812e) [0x55555586c12e]
/home/deepmish/scarab_stage/ifuse/scarab/src/scarab_current(+0x1e5fb3) [0x555555739fb3]
/lib/x86_64-linux-gnu/libc.so.6(__libc_start_main+0xf3) [0x7ffff7800083]
/home/deepmish/scarab_stage/ifuse/scarab/src/scarab_current(+0x1ea7ae) [0x55555573e7ae]
