/* -*- Mode: c -*- */
####################################################################################################
Core 0
####################################################################################################
Cumulative:        Cycles: 9473176               Instructions: 30000000              IPC: 3.16684

Periodic:          Cycles: 3121995               Instructions: 9999995               IPC: 3.20308

EXECUTION_TIME                            975623437500                  2960367500000              

SIM_HOST_WALL_SECONDS                       116.360544                     116.360544              

NODE_CYCLE                                     3121995                        9473176              

NODE_INST_COUNT                                9999995                       30000078              

NODE_INST_COUNT_FETCHED                        9999995                       30000000              

NODE_UOP_COUNT                                11694746                       35087723              

EXEC_STAGE_NO_ISSUE_STALL_CYCLE                2687849                        8073226              

EXEC_STAGE_NO_ISSUE_STALL_CYCLE_ONPATH         2683788                        8049221              

FULL_WINDOW_STALL                                    0        0.000%             2078        0.022%

FULL_WINDOW_MEM_OP                                   0         -nan%             1461       72.759%
FULL_WINDOW_FP_OP                                    0         -nan%                0        0.000%
FULL_WINDOW_OTHER_OP                                 0         -nan%              547       27.241%
                                                     0         -nan%             2008      100.000%
                                                  -nan         -nan              0.54         0.81

RET_BLOCKED_DC_MISS                            1071345       34.316%          3276067       34.583%

RET_BLOCKED_L1_MISS                                  0        0.000%            66451        0.701%

RET_BLOCKED_L1_MISS_BW_PREF                          0        0.000%            56058        0.592%

RET_BLOCKED_L1_ACCESS                          1071345       34.316%          3209739       33.882%

RET_BLOCKED_MEM_STALL                             1280        0.041%            68294        0.721%

RET_BLOCKED_OFFCHIP_DEMAND                           0        0.000%                0        0.000%

OP_ISSUED                                     11702823                       35157462              

OP_RETIRED                                    11694746                       35087723              

OP_MACRO_FUSION_ONPATH                         1492707                        4473101              

OP_MACRO_FUSION_OFFPATH                           3038                          16077              

REPLAY_SIGNALED                                      0                              0              

REPLAY_COUNTED                                       0                              0              

OFF_CRITICAL_PATH                                    0         -nan%                0         -nan%
ON_CRITICAL_PATH                                     0         -nan%                0         -nan%
                                                     0         -nan%                0         -nan%
                                                  -nan         -nan              -nan         -nan

LD_NO_DEPENDENTS                                242186       12.602%           726667       12.606%
LD_DEPENDENTS                                  1679641       87.398%          5037663       87.394%
                                               1921827      100.000%          5764330      100.000%
                                                  0.87         0.83              0.87         0.83

LD_EXEC_CYCLES_0                                     0        0.000%                0        0.000%
LD_EXEC_CYCLES_1                                     0        0.000%                0        0.000%
LD_EXEC_CYCLES_2                                114446       30.878%           344858       31.011%
LD_EXEC_CYCLES_3                                 10551        2.847%            31569        2.839%
LD_EXEC_CYCLES_4                                245648       66.276%           735623       66.150%
                                                370645      100.000%          1112050      100.000%
                                                  3.35         2.88              3.35         2.88

LD_EXEC_MINUS_FETCH_LATENCY                  178362474                      536059483              

LD_RETIRE_MINUS_FETCH_LATENCY                260217066                      783615243              

LD_EXEC_TO_DONE_LATENCY                       12532631                       37634894              

ICACHE_STAGE_STARVED                              1826        0.059%            34817        0.371%
ICACHE_STAGE_NOT_STARVED                       3101738       99.941%          9351308       99.629%
                                               3103564      100.000%          9386125      100.000%
                                                  1.00         1.00              1.00         0.99

ICACHE_STAGE_STALLED                           1488079       47.664%          4509642       47.604%
ICACHE_STAGE_NOT_STALLED                       1615485       51.745%          4876483       51.477%
ICACHE_STAGE_OFF_PATH                            18431        0.590%            87051        0.919%
                                               3121995      100.000%          9473176      100.000%
                                                  0.53         0.36              0.53         0.37

DECODE_STAGE_STARVED                           3120010       99.988%          9442085       99.954%
DECODE_STAGE_NOT_STARVED                           381        0.012%             4384        0.046%
                                               3120391      100.000%          9446469      100.000%
                                                  0.00         0.01              0.00         0.02

DECODE_STAGE_STALLED                                 2        0.000%              835        0.009%
DECODE_STAGE_NOT_STALLED                       3120389       99.949%          9445634       99.709%
DECODE_STAGE_OFF_PATH                             1604        0.051%            26707        0.282%
                                               3121995      100.000%          9473176      100.000%
                                                  1.00         0.03              1.00         0.08

UOPQ_STAGE_STARVED                                7667        0.473%            75230        1.533%
UOPQ_STAGE_NOT_STARVED                         1611744       99.527%          4831889       98.467%
                                               1619411      100.000%          4907119      100.000%
                                                  1.00         0.99              0.98         0.98

UOPQ_STAGE_STALLED                             1487476       47.645%          4506650       47.573%
UOPQ_STAGE_NOT_STALLED                         1619411       51.871%          4907119       51.800%
UOPQ_STAGE_OFF_PATH                              15108        0.484%            59407        0.627%
                                               3121995      100.000%          9473176      100.000%
                                                  0.53         0.36              0.53         0.36

RS_OP_READY_NOT_ISSUED_TOTAL                   3123217                        9433840              

RS_0_OP_READY_NOT_ISSUED                       2482738                        7547799              

RS_1_OP_READY_NOT_ISSUED                         86324                         231339              

RS_2_OP_READY_NOT_ISSUED                        554155                        1654702              

RS_3_OP_READY_NOT_ISSUED                             0                              0              

RS_4_OP_READY_NOT_ISSUED                             0                              0              

RS_5_OP_READY_NOT_ISSUED                             0                              0              

RS_6_OP_READY_NOT_ISSUED                             0                              0              

RS_7_OP_READY_NOT_ISSUED                             0                              0              

RS_7_PLUS_OP_READY_NOT_ISSUED                        0                              0              

FU_IDLE_NO_READY_OPS_TOTAL                    11236668                       34719134              

FU_0_IDLE_NO_READY_OPS                          487335                        1560020              

FU_1_IDLE_NO_READY_OPS                          619459                        1951469              

FU_2_IDLE_NO_READY_OPS                         1575291                        4830274              

FU_3_IDLE_NO_READY_OPS                         1575158                        4829917              

FU_4_IDLE_NO_READY_OPS                          666244                        2093846              

FU_5_IDLE_NO_READY_OPS                          479704                        1535116              

FU_6_IDLE_NO_READY_OPS                         1819594                        5568775              

FU_7_IDLE_NO_READY_OPS                         1814344                        5545581              

FU_8_IDLE_NO_READY_OPS                          624298                        1974235              

FU_9_IDLE_NO_READY_OPS                         1575241                        4829901              

FU_10_IDLE_NO_READY_OPS                              0                              0              

FU_11_IDLE_NO_READY_OPS                              0                              0              

FU_12_IDLE_NO_READY_OPS                              0                              0              

FU_13_IDLE_NO_READY_OPS                              0                              0              

FU_14_IDLE_NO_READY_OPS                              0                              0              

FU_15_IDLE_NO_READY_OPS                              0                              0              

FU_16_IDLE_NO_READY_OPS                              0                              0              

FU_17_IDLE_NO_READY_OPS                              0                              0              

FU_18_IDLE_NO_READY_OPS                              0                              0              

FU_19_IDLE_NO_READY_OPS                              0                              0              

FU_20_IDLE_NO_READY_OPS                              0                              0              

FU_21_IDLE_NO_READY_OPS                              0                              0              

FU_22_IDLE_NO_READY_OPS                              0                              0              

FU_23_IDLE_NO_READY_OPS                              0                              0              

FU_24_IDLE_NO_READY_OPS                              0                              0              

FU_25_IDLE_NO_READY_OPS                              0                              0              

FU_26_IDLE_NO_READY_OPS                              0                              0              

FU_27_IDLE_NO_READY_OPS                              0                              0              

FU_28_IDLE_NO_READY_OPS                              0                              0              

FU_29_IDLE_NO_READY_OPS                              0                              0              

FU_30_IDLE_NO_READY_OPS                              0                              0              

FU_31_IDLE_NO_READY_OPS                              0                              0              

FU_31_PLUS_IDLE_NO_READY_OPS                         0                              0              

MAP_STAGE_STARVED                                 2762        0.141%            44788        0.760%
MAP_STAGE_NOT_STARVED                          1949812       99.859%          5851967       99.240%
                                               1952574      100.000%          5896755      100.000%
                                                  1.00         1.00              0.99         0.99

MAP_STAGE_STALLED                                    0        0.000%                0        0.000%
MAP_STAGE_NOT_STALLED                          1952574       99.735%          5896755       99.405%
MAP_STAGE_OFF_PATH                                5196        0.265%            35316        0.595%
                                               1957770      100.000%          5932071      100.000%
                                                  1.00         0.07              1.01         0.11

MAP_STAGE_STALL_ITSELF                         1164225       37.291%          3541105       37.380%
MAP_STAGE_NOT_STALL_ITSELF                     1957770       62.709%          5932071       62.620%
                                               3121995      100.000%          9473176      100.000%
                                                  0.63         0.58              0.63         0.58

MAP_STAGE_LATE_ALLOCATE_SEND_BACK                    0                              0              

MAP_STAGE_RENAME_OP_ONPATH                    11694445                       35087723              

MAP_STAGE_RENAME_OP_OFFPATH                      27595                         147369              

MAP_STAGE_RENAME_INT_REG_ONPATH                9973808                       29938815              

MAP_STAGE_RENAME_INT_REG_OFFPATH                 23488                         103106              

MAP_STAGE_RENAME_VEC_REG_ONPATH                 212469                         631544              

MAP_STAGE_RENAME_VEC_REG_OFFPATH                   751                           1941              

MAP_STAGE_RENAME_MOVE_ELIM_ONPATH                    0                              0              

MAP_STAGE_RENAME_MOVE_ELIM_OFFPATH                   0                              0              

REG_FILE_UTIL_SAMPLES                          3121995                        9473176              

REG_FILE_INT_PHYS_REGS_SUM                   874158600                     2652489280              

REG_FILE_VEC_PHYS_REGS_SUM                  1036502340                     3145094432              

REG_FILE_INT_OCCUPIED_SUM                    754421352                     2276825369              

REG_FILE_VEC_OCCUPIED_SUM                    121160906                      366315539              

MAP_STAGE_ONPATH_INT_REG_NUM_ALLOC             9974043                       29938796              

MAP_STAGE_ONPATH_VEC_REG_NUM_ALLOC              212489                         631533              

MAP_STAGE_ONPATH_INT_REG_NUM_SHORTLIVE         4345808                       13039680              

MAP_STAGE_ONPATH_VEC_REG_NUM_SHORTLIVE           76630                         225827              

MAP_STAGE_ONPATH_INT_REG_USE_COUNT_0           2131478                        6402325              

MAP_STAGE_ONPATH_VEC_REG_USE_COUNT_0             75442                         225373              

MAP_STAGE_ONPATH_INT_REG_USE_COUNT_1           5022042                       15068342              

MAP_STAGE_ONPATH_VEC_REG_USE_COUNT_1            122014                         361162              

MAP_STAGE_ONPATH_INT_REG_USE_COUNT_2           1996156                        5993786              

MAP_STAGE_ONPATH_VEC_REG_USE_COUNT_2                 0                             33              

MAP_STAGE_ONPATH_INT_REG_USE_COUNT_3            279953                         841252              

MAP_STAGE_ONPATH_VEC_REG_USE_COUNT_3                 0                              0              

MAP_STAGE_ONPATH_INT_REG_USE_COUNT_4            211735                         635174              

MAP_STAGE_ONPATH_VEC_REG_USE_COUNT_4             15033                          44962              

MAP_STAGE_ONPATH_INT_REG_USE_COUNT_5             75321                         227407              

MAP_STAGE_ONPATH_VEC_REG_USE_COUNT_5                 0                              1              

MAP_STAGE_ONPATH_INT_REG_USE_COUNT_6            120782                         362708              

MAP_STAGE_ONPATH_VEC_REG_USE_COUNT_6                 0                              0              

MAP_STAGE_ONPATH_INT_REG_USE_COUNT_7_PLUS        136576                         407802              

MAP_STAGE_ONPATH_VEC_REG_USE_COUNT_7_PLUS             0                              2              

MAP_STAGE_ONPATH_INT_REG_CONSUME_DIST_0              0        0.0000                0        0.0000

MAP_STAGE_ONPATH_VEC_REG_CONSUME_DIST_0              0        0.0000                0        0.0000

MAP_STAGE_ONPATH_INT_REG_CONSUME_DIST_1              0        0.0000                0        0.0000

MAP_STAGE_ONPATH_VEC_REG_CONSUME_DIST_1              0        0.0000                0        0.0000

MAP_STAGE_ONPATH_INT_REG_CONSUME_DIST_2        5320106        2.6652         15966509        2.6638

MAP_STAGE_ONPATH_VEC_REG_CONSUME_DIST_2              0          -nan            26127      791.7273

MAP_STAGE_ONPATH_INT_REG_CONSUME_DIST_3        1371607        4.8994          4232156        5.0308

MAP_STAGE_ONPATH_VEC_REG_CONSUME_DIST_3              0          -nan                0          -nan

MAP_STAGE_ONPATH_INT_REG_CONSUME_DIST_4        2273229       10.7362          6898322       10.8605

MAP_STAGE_ONPATH_VEC_REG_CONSUME_DIST_4          15033        1.0000            44962        1.0000

MAP_STAGE_ONPATH_INT_REG_CONSUME_DIST_5        1512347       20.0787          4623053       20.3294

MAP_STAGE_ONPATH_VEC_REG_CONSUME_DIST_5              0          -nan                2        2.0000

MAP_STAGE_ONPATH_INT_REG_CONSUME_DIST_6        3418749       28.3051         10311373       28.4289

MAP_STAGE_ONPATH_VEC_REG_CONSUME_DIST_6              0          -nan                0          -nan

MAP_STAGE_ONPATH_INT_REG_CONSUME_DIST_7_PLUS       7999077       58.5687         23892082       58.5875

MAP_STAGE_ONPATH_VEC_REG_CONSUME_DIST_7_PLUS             0          -nan             6731     3365.5000

MAP_STAGE_INT_REG_ISSUE_READ_TOTAL_CONSUMED      13616855        5.0661         40871575        5.0626

MAP_STAGE_VEC_REG_ISSUE_READ_TOTAL_CONSUMED        182231        0.0678           541490        0.0671

MAP_STAGE_INT_REG_ISSUE_READ_MULTI_CONSUMED       5770363        2.1468         17309383        2.1440

MAP_STAGE_VEC_REG_ISSUE_READ_MULTI_CONSUMED         45096        0.0168           135031        0.0167

MAP_STAGE_INT_REG_ISSUE_READ_SAME_CYCLE_CONSUMED       2950197        1.0976          8852137        1.0965

MAP_STAGE_VEC_REG_ISSUE_READ_SAME_CYCLE_CONSUMED         30064        0.0112            89944        0.0111

MAP_STAGE_INT_REG_ISSUE_READ_TOTAL_CONSUMED_ONPATH      13608751        5.0707         40820628        5.0714

MAP_STAGE_VEC_REG_ISSUE_READ_TOTAL_CONSUMED_ONPATH        182139        0.0679           541142        0.0672

MAP_STAGE_INT_REG_ISSUE_READ_MULTI_CONSUMED_ONPATH       5766221        2.1485         17284133        2.1473

MAP_STAGE_VEC_REG_ISSUE_READ_MULTI_CONSUMED_ONPATH         45096        0.0168           134972        0.0168

MAP_STAGE_INT_REG_ISSUE_READ_SAME_CYCLE_CONSUMED_ONPATH       2948044        1.0985          8839674        1.0982

MAP_STAGE_VEC_REG_ISSUE_READ_SAME_CYCLE_CONSUMED_ONPATH         30064        0.0112            89936        0.0112

MAP_STAGE_ONPATH_INT_REG_LIFECYCLE_EMPTY     324936848                      973770100              

MAP_STAGE_ONPATH_VEC_REG_LIFECYCLE_EMPTY      13320021                       39422554              

MAP_STAGE_ONPATH_INT_REG_LIFECYCLE_IN_USE     454754779                     1366473595              

MAP_STAGE_ONPATH_VEC_REG_LIFECYCLE_IN_USE      21070612                       62714556              

MAP_STAGE_ONPATH_INT_REG_LIFECYCLE_SPEC_RELEASE     744980833                     2246174231              

MAP_STAGE_ONPATH_VEC_REG_LIFECYCLE_SPEC_RELEASE      30848927                       92198543              

MAP_STAGE_ONPATH_INT_REG_LIFECYCLE_NONSPEC_RELEASE     744980833                     2246174231              

MAP_STAGE_ONPATH_VEC_REG_LIFECYCLE_NONSPEC_RELEASE      30848927                       92198543              

MAP_STAGE_ONPATH_INT_REG_LIFECYCLE_TOTAL     744980833                     2246174231              

MAP_STAGE_ONPATH_VEC_REG_LIFECYCLE_TOTAL      30848927                       92198543              

MAP_STAGE_ONPATH_INT_REG_NUM_NONBRANCH         9974043                       29938796              

MAP_STAGE_ONPATH_VEC_REG_NUM_NONBRANCH          212489                         631533              

MAP_STAGE_ONPATH_INT_REG_NUM_NONEXCEPT         9974043                       29938796              

MAP_STAGE_ONPATH_VEC_REG_NUM_NONEXCEPT          212489                         631533              

MAP_STAGE_ONPATH_INT_REG_NUM_ATOMIC            9974043                       29938796              

MAP_STAGE_ONPATH_VEC_REG_NUM_ATOMIC             212489                         631533              

MAP_STAGE_ONPATH_INT_REG_ATOMIC_REDEFINED_DIST_TOTAL     744980833       74.6920       2246174231       75.0255

MAP_STAGE_ONPATH_VEC_REG_ATOMIC_REDEFINED_DIST_TOTAL      30848927      145.1789         92198543      145.9916

MAP_STAGE_ONPATH_INT_REG_ATOMIC_CONSUMED_DIST_TOTAL     454754779       45.5938       1366473595       45.6422

MAP_STAGE_ONPATH_VEC_REG_ATOMIC_CONSUMED_DIST_TOTAL      21070612       99.1610         62714556       99.3053

MAP_STAGE_ONPATH_INT_REG_ATOMIC_RELEASE_DIST_TOTAL     744980833       74.6920       2246174231       75.0255

MAP_STAGE_ONPATH_VEC_REG_ATOMIC_RELEASE_DIST_TOTAL      30848927      145.1789         92198543      145.9916

EXEC_STAGE_STARVED                             2470521       79.133%          7498049       79.150%
EXEC_STAGE_NOT_STARVED                          646456       20.707%          1941828       20.498%
EXEC_STAGE_OFF_PATH                               5018        0.161%            33299        0.352%
                                               3121995      100.000%          9473176      100.000%
                                                  0.21         0.37              0.21         0.37

FU_BUSY_0                                      1943344                        5839432              

FU_BUSY_1                                      1859030                        5585164              

FU_BUSY_2                                       661719                        1983746              

FU_BUSY_3                                       661806                        1984281              

FU_BUSY_4                                      1545859                        4646067              

FU_BUSY_5                                      2079018                        6245783              

FU_BUSY_6                                       684222                        2053804              

FU_BUSY_7                                       697576                        2089685              

FU_BUSY_8                                      1579119                        4755581              

FU_BUSY_9                                       661697                        1984094              

FU_BUSY_10                                           0                              0              

FU_BUSY_11                                           0                              0              

FU_BUSY_12                                           0                              0              

FU_BUSY_13                                           0                              0              

FU_BUSY_14                                           0                              0              

FU_BUSY_15                                           0                              0              

FU_BUSY_16                                           0                              0              

FU_BUSY_17                                           0                              0              

FU_BUSY_18                                           0                              0              

FU_BUSY_19                                           0                              0              

FU_BUSY_20                                           0                              0              

FU_BUSY_21                                           0                              0              

FU_BUSY_22                                           0                              0              

FU_BUSY_23                                           0                              0              

FU_BUSY_24                                           0                              0              

FU_BUSY_25                                           0                              0              

FU_BUSY_26                                           0                              0              

FU_BUSY_27                                           0                              0              

FU_BUSY_28                                           0                              0              

FU_BUSY_29                                           0                              0              

FU_BUSY_30                                           0                              0              

FU_BUSY_31                                           0                              0              

FU_REJECTED_OP_INV_NOT_SIMD                          0        0.000%                0        0.000%
FU_REJECTED_OP_NOP_NOT_SIMD                       6613        1.859%            20379        1.920%
FU_REJECTED_OP_CF_NOT_SIMD                           7        0.002%               64        0.006%
FU_REJECTED_OP_MOV_NOT_SIMD                      47083       13.238%           139826       13.171%
FU_REJECTED_OP_CMOV_NOT_SIMD                         0        0.000%                1        0.000%
FU_REJECTED_OP_LDA_NOT_SIMD                      10799        3.036%            33771        3.181%
FU_REJECTED_OP_IMEM_NOT_SIMD                      9322        2.621%            21694        2.043%
FU_REJECTED_OP_IADD_NOT_SIMD                      3183        0.895%             6312        0.595%
FU_REJECTED_OP_IMUL_NOT_SIMD                    126722       35.629%           385001       36.264%
FU_REJECTED_OP_IDIV_NOT_SIMD                         0        0.000%               40        0.004%
FU_REJECTED_OP_ICMP_NOT_SIMD                         0        0.000%               12        0.001%
FU_REJECTED_OP_LOGIC_NOT_SIMD                     9471        2.663%            29346        2.764%
FU_REJECTED_OP_SHIFT_NOT_SIMD                   142461       40.054%           421456       39.698%
FU_REJECTED_OP_FMEM_NOT_SIMD                         0        0.000%                7        0.001%
FU_REJECTED_OP_FCVT_NOT_SIMD                         0        0.000%                0        0.000%
FU_REJECTED_OP_FADD_NOT_SIMD                         0        0.000%                0        0.000%
FU_REJECTED_OP_FMUL_NOT_SIMD                         0        0.000%                0        0.000%
FU_REJECTED_OP_FMA_NOT_SIMD                          0        0.000%                0        0.000%
FU_REJECTED_OP_FDIV_NOT_SIMD                         0        0.000%                0        0.000%
FU_REJECTED_OP_FCMP_NOT_SIMD                         0        0.000%                0        0.000%
FU_REJECTED_OP_FCMOV_NOT_SIMD                        0        0.000%                0        0.000%
FU_REJECTED_OP_GATHER_NOT_SIMD                       0        0.000%                0        0.000%
FU_REJECTED_OP_SCATTER_NOT_SIMD                      0        0.000%                0        0.000%
FU_REJECTED_OP_PIPELINED_FAST_NOT_SIMD               0        0.000%                0        0.000%
FU_REJECTED_OP_PIPELINED_MEDIUM_NOT_SIMD             0        0.000%                0        0.000%
FU_REJECTED_OP_PIPELINED_SLOW_NOT_SIMD               0        0.000%                0        0.000%
FU_REJECTED_OP_NOTPIPELINED_MEDIUM_NOT_SIMD             0        0.000%                0        0.000%
FU_REJECTED_OP_NOTPIPELINED_SLOW_NOT_SIMD             0        0.000%                0        0.000%
FU_REJECTED_OP_NOTPIPELINED_VERY_SLOW_NOT_SIMD             0        0.000%                0        0.000%
FU_REJECTED_OP_INV_SIMD                              0        0.000%                0        0.000%
FU_REJECTED_OP_NOP_SIMD                              0        0.000%             3392        0.320%
FU_REJECTED_OP_CF_SIMD                               0        0.000%                0        0.000%
FU_REJECTED_OP_MOV_SIMD                              0        0.000%                7        0.001%
FU_REJECTED_OP_CMOV_SIMD                             0        0.000%                0        0.000%
FU_REJECTED_OP_LDA_SIMD                              0        0.000%                0        0.000%
FU_REJECTED_OP_IMEM_SIMD                             0        0.000%                0        0.000%
FU_REJECTED_OP_IADD_SIMD                             0        0.000%                0        0.000%
FU_REJECTED_OP_IMUL_SIMD                             0        0.000%                0        0.000%
FU_REJECTED_OP_IDIV_SIMD                             0        0.000%                0        0.000%
FU_REJECTED_OP_ICMP_SIMD                             0        0.000%                0        0.000%
FU_REJECTED_OP_LOGIC_SIMD                            0        0.000%                0        0.000%
FU_REJECTED_OP_SHIFT_SIMD                            0        0.000%                0        0.000%
FU_REJECTED_OP_FMEM_SIMD                             0        0.000%                0        0.000%
FU_REJECTED_OP_FCVT_SIMD                             0        0.000%                6        0.001%
FU_REJECTED_OP_FADD_SIMD                             8        0.002%              343        0.032%
FU_REJECTED_OP_FMUL_SIMD                             0        0.000%                0        0.000%
FU_REJECTED_OP_FMA_SIMD                              0        0.000%                0        0.000%
FU_REJECTED_OP_FDIV_SIMD                             0        0.000%                0        0.000%
FU_REJECTED_OP_FCMP_SIMD                             0        0.000%                0        0.000%
FU_REJECTED_OP_FCMOV_SIMD                            0        0.000%                0        0.000%
FU_REJECTED_OP_GATHER_SIMD                           0        0.000%                0        0.000%
FU_REJECTED_OP_SCATTER_SIMD                          0        0.000%                0        0.000%
FU_REJECTED_OP_PIPELINED_FAST_SIMD                   0        0.000%                0        0.000%
FU_REJECTED_OP_PIPELINED_MEDIUM_SIMD                 0        0.000%                0        0.000%
FU_REJECTED_OP_PIPELINED_SLOW_SIMD                   0        0.000%                0        0.000%
FU_REJECTED_OP_NOTPIPELINED_MEDIUM_SIMD              0        0.000%                0        0.000%
FU_REJECTED_OP_NOTPIPELINED_SLOW_SIMD                0        0.000%                0        0.000%
FU_REJECTED_OP_NOTPIPELINED_VERY_SLOW_SIMD             0        0.000%                0        0.000%
                                                355669      100.000%          1061657      100.000%
                                                  8.74         3.28              8.82         3.54

LSQ_FULL_TOTAL                                       0                             11              

LSQ_FULL_LOAD_QUEUE                                  0                              0              

LSQ_FULL_STORE_QUEUE                                 0                             11              

OP_WAIT_0                                      8745149                       26244214              

OP_WAIT_1                                      1722609                        5175078              

OP_WAIT_2                                       465338                        1398431              

OP_WAIT_3                                       224878                         672888              

OP_WAIT_4                                       147551                         439403              

OP_WAIT_5                                       101678                         304091              

OP_WAIT_6                                        34993                         102161              

OP_WAIT_7                                        28926                          88762              

OP_WAIT_8                                        14272                          43101              

OP_WAIT_9                                        20237                          60011              

OP_WAIT_10                                        8608                          25625              

OP_WAIT_11                                         374                           1214              

OP_WAIT_12                                         153                            519              

OP_WAIT_13                                       12108                          35776              

OP_WAIT_14                                        5731                          16469              

OP_WAIT_15                                        2433                           7207              

OP_WAIT_16                                         953                           2742              

OP_WAIT_17                                         183                            863              

OP_WAIT_18                                        1865                           5700              

OP_WAIT_19                                          24                             85              

OP_WAIT_20                                         515                           1402              

OP_WAIT_21                                       14499                          42388              

OP_WAIT_22                                         464                           1297              

OP_WAIT_23                                          77                            201              

OP_WAIT_24                                          43                            164              

OP_WAIT_25                                          15                            620              

OP_WAIT_26                                        5363                          15947              

OP_WAIT_27                                        7984                          23335              

OP_WAIT_28                                       10904                          31990              

OP_WAIT_29                                        2691                           7826              

OP_WAIT_30                                        1106                           3222              

OP_WAIT_31                                      113022                         334991              

ROW_SIZE_0                                     1297632                        3966291              

ROW_SIZE_1                                      291721                         878673              

ROW_SIZE_2                                       46076                         139477              

ROW_SIZE_3                                       55888                         168431              

ROW_SIZE_4                                       42098                         126493              

ROW_SIZE_5                                        7758                          23659              

ROW_SIZE_6                                       31020                          91894              

ROW_SIZE_7                                       45781                         136100              

ROW_SIZE_8                                     1303680                        3912059              

ROW_SIZE_9                                           0                              0              

ROW_SIZE_10                                          0                              0              

ROW_SIZE_11                                          0                              0              

ROW_SIZE_12                                          0                              0              

ROW_SIZE_13                                          0                              0              

ROW_SIZE_14                                          0                              0              

ROW_SIZE_15                                          0                              0              

ROW_SIZE_16                                          0                              0              

ROW_SIZE_17                                          0                              0              

ROW_SIZE_18                                          0                              0              

ROW_SIZE_19                                          0                              0              

ROW_SIZE_20                                          0                              0              

ROW_SIZE_21                                          0                              0              

ROW_SIZE_22                                          0                              0              

ROW_SIZE_23                                          0                              0              

ROW_SIZE_24                                          0                              0              

ROW_SIZE_25                                          0                              0              

ROW_SIZE_26                                          0                              0              

ROW_SIZE_27                                          0                              0              

ROW_SIZE_28                                          0                              0              

ROW_SIZE_29                                          0                              0              

ROW_SIZE_30                                          0                              0              

ROW_SIZE_31                                          0                              0              

RET_OP_EXEC_COUNT_0                                  0        0.000%                0        0.000%
RET_OP_EXEC_COUNT_1                           11694746      100.000%         35087723      100.000%
RET_OP_EXEC_COUNT_2                                  0        0.000%                0        0.000%
RET_OP_EXEC_COUNT_3                                  0        0.000%                0        0.000%
RET_OP_EXEC_COUNT_4                                  0        0.000%                0        0.000%
RET_OP_EXEC_COUNT_5                                  0        0.000%                0        0.000%
RET_OP_EXEC_COUNT_6                                  0        0.000%                0        0.000%
RET_OP_EXEC_COUNT_7                                  0        0.000%                0        0.000%
RET_OP_EXEC_COUNT_8                                  0        0.000%                0        0.000%
RET_OP_EXEC_COUNT_9                                  0        0.000%                0        0.000%
RET_OP_EXEC_COUNT_10                                 0        0.000%                0        0.000%
RET_OP_EXEC_COUNT_11                                 0        0.000%                0        0.000%
RET_OP_EXEC_COUNT_12                                 0        0.000%                0        0.000%
RET_OP_EXEC_COUNT_13                                 0        0.000%                0        0.000%
RET_OP_EXEC_COUNT_14                                 0        0.000%                0        0.000%
RET_OP_EXEC_COUNT_15                                 0        0.000%                0        0.000%
RET_OP_EXEC_COUNT_16                                 0        0.000%                0        0.000%
RET_OP_EXEC_COUNT_17                                 0        0.000%                0        0.000%
RET_OP_EXEC_COUNT_18                                 0        0.000%                0        0.000%
RET_OP_EXEC_COUNT_19                                 0        0.000%                0        0.000%
RET_OP_EXEC_COUNT_20                                 0        0.000%                0        0.000%
RET_OP_EXEC_COUNT_21                                 0        0.000%                0        0.000%
RET_OP_EXEC_COUNT_22                                 0        0.000%                0        0.000%
RET_OP_EXEC_COUNT_23                                 0        0.000%                0        0.000%
RET_OP_EXEC_COUNT_24                                 0        0.000%                0        0.000%
RET_OP_EXEC_COUNT_25                                 0        0.000%                0        0.000%
RET_OP_EXEC_COUNT_26                                 0        0.000%                0        0.000%
RET_OP_EXEC_COUNT_27                                 0        0.000%                0        0.000%
RET_OP_EXEC_COUNT_28                                 0        0.000%                0        0.000%
RET_OP_EXEC_COUNT_29                                 0        0.000%                0        0.000%
RET_OP_EXEC_COUNT_30                                 0        0.000%                0        0.000%
RET_OP_EXEC_COUNT_31                                 0        0.000%                0        0.000%
RET_OP_EXEC_COUNT_32                                 0        0.000%                0        0.000%
                                              11694746      100.000%         35087723      100.000%
                                                  1.00         0.00              1.00         0.00

RET_STALL_LENGTH_0                            11694731      100.000%         35087524       99.999%
RET_STALL_LENGTH_100                                 6        0.000%               72        0.000%
RET_STALL_LENGTH_200                                 6        0.000%               34        0.000%
RET_STALL_LENGTH_300                                 2        0.000%               11        0.000%
RET_STALL_LENGTH_400                                 1        0.000%                3        0.000%
RET_STALL_LENGTH_500                                 0        0.000%                4        0.000%
RET_STALL_LENGTH_600                                 0        0.000%               64        0.000%
RET_STALL_LENGTH_700                                 0        0.000%                2        0.000%
RET_STALL_LENGTH_800                                 0        0.000%                2        0.000%
RET_STALL_LENGTH_900                                 0        0.000%                2        0.000%
RET_STALL_LENGTH_1000                                0        0.000%                3        0.000%
RET_STALL_LENGTH_1100                                0        0.000%                2        0.000%
RET_STALL_LENGTH_1200                                0        0.000%                0        0.000%
RET_STALL_LENGTH_1300                                0        0.000%                0        0.000%
RET_STALL_LENGTH_1400                                0        0.000%                0        0.000%
RET_STALL_LENGTH_1500                                0        0.000%                0        0.000%
RET_STALL_LENGTH_1600                                0        0.000%                0        0.000%
RET_STALL_LENGTH_1700                                0        0.000%                0        0.000%
RET_STALL_LENGTH_1800                                0        0.000%                0        0.000%
RET_STALL_LENGTH_1900                                0        0.000%                0        0.000%
RET_STALL_LENGTH_2000                                0        0.000%                0        0.000%
RET_STALL_LENGTH_2100                                0        0.000%                0        0.000%
RET_STALL_LENGTH_2200                                0        0.000%                0        0.000%
RET_STALL_LENGTH_2300                                0        0.000%                0        0.000%
RET_STALL_LENGTH_2400                                0        0.000%                0        0.000%
RET_STALL_LENGTH_2500                                0        0.000%                0        0.000%
RET_STALL_LENGTH_2600                                0        0.000%                0        0.000%
RET_STALL_LENGTH_2700                                0        0.000%                0        0.000%
RET_STALL_LENGTH_2800                                0        0.000%                0        0.000%
RET_STALL_LENGTH_2900                                0        0.000%                0        0.000%
RET_STALL_LENGTH_3000                                0        0.000%                0        0.000%
RET_STALL_LENGTH_3100                                0        0.000%                0        0.000%
RET_STALL_LENGTH_3200                                0        0.000%                0        0.000%
RET_STALL_LENGTH_3300                                0        0.000%                0        0.000%
RET_STALL_LENGTH_3400                                0        0.000%                0        0.000%
RET_STALL_LENGTH_3500                                0        0.000%                0        0.000%
RET_STALL_LENGTH_3600                                0        0.000%                0        0.000%
RET_STALL_LENGTH_3700                                0        0.000%                0        0.000%
RET_STALL_LENGTH_3800                                0        0.000%                0        0.000%
RET_STALL_LENGTH_3900                                0        0.000%                0        0.000%
RET_STALL_LENGTH_4000                                0        0.000%                0        0.000%
RET_STALL_LENGTH_4100                                0        0.000%                0        0.000%
RET_STALL_LENGTH_4200                                0        0.000%                0        0.000%
RET_STALL_LENGTH_4300                                0        0.000%                0        0.000%
RET_STALL_LENGTH_4400                                0        0.000%                0        0.000%
RET_STALL_LENGTH_4500                                0        0.000%                0        0.000%
RET_STALL_LENGTH_4600                                0        0.000%                0        0.000%
RET_STALL_LENGTH_4700                                0        0.000%                0        0.000%
RET_STALL_LENGTH_4800                                0        0.000%                0        0.000%
RET_STALL_LENGTH_4900                                0        0.000%                0        0.000%
RET_STALL_LENGTH_5000                                0        0.000%                0        0.000%
                                              11694746      100.000%         35087723      100.000%
                                                  0.00         0.00              0.00         0.01

MEM_BLOCK_LENGTH_0                                  45       86.538%               83       85.567%
MEM_BLOCK_LENGTH_100                                 2        3.846%                6        6.186%
MEM_BLOCK_LENGTH_200                                 4        7.692%                6        6.186%
MEM_BLOCK_LENGTH_300                                 1        1.923%                2        2.062%
MEM_BLOCK_LENGTH_400                                 0        0.000%                0        0.000%
MEM_BLOCK_LENGTH_500                                 0        0.000%                0        0.000%
MEM_BLOCK_LENGTH_600                                 0        0.000%                0        0.000%
MEM_BLOCK_LENGTH_700                                 0        0.000%                0        0.000%
MEM_BLOCK_LENGTH_800                                 0        0.000%                0        0.000%
MEM_BLOCK_LENGTH_900                                 0        0.000%                0        0.000%
MEM_BLOCK_LENGTH_1000                                0        0.000%                0        0.000%
MEM_BLOCK_LENGTH_1100                                0        0.000%                0        0.000%
MEM_BLOCK_LENGTH_1200                                0        0.000%                0        0.000%
MEM_BLOCK_LENGTH_1300                                0        0.000%                0        0.000%
MEM_BLOCK_LENGTH_1400                                0        0.000%                0        0.000%
MEM_BLOCK_LENGTH_1500                                0        0.000%                0        0.000%
MEM_BLOCK_LENGTH_1600                                0        0.000%                0        0.000%
MEM_BLOCK_LENGTH_1700                                0        0.000%                0        0.000%
MEM_BLOCK_LENGTH_1800                                0        0.000%                0        0.000%
MEM_BLOCK_LENGTH_1900                                0        0.000%                0        0.000%
MEM_BLOCK_LENGTH_2000                                0        0.000%                0        0.000%
MEM_BLOCK_LENGTH_2100                                0        0.000%                0        0.000%
MEM_BLOCK_LENGTH_2200                                0        0.000%                0        0.000%
MEM_BLOCK_LENGTH_2300                                0        0.000%                0        0.000%
MEM_BLOCK_LENGTH_2400                                0        0.000%                0        0.000%
MEM_BLOCK_LENGTH_2500                                0        0.000%                0        0.000%
MEM_BLOCK_LENGTH_2600                                0        0.000%                0        0.000%
MEM_BLOCK_LENGTH_2700                                0        0.000%                0        0.000%
MEM_BLOCK_LENGTH_2800                                0        0.000%                0        0.000%
MEM_BLOCK_LENGTH_2900                                0        0.000%                0        0.000%
MEM_BLOCK_LENGTH_3000                                0        0.000%                0        0.000%
MEM_BLOCK_LENGTH_3100                                0        0.000%                0        0.000%
MEM_BLOCK_LENGTH_3200                                0        0.000%                0        0.000%
MEM_BLOCK_LENGTH_3300                                0        0.000%                0        0.000%
MEM_BLOCK_LENGTH_3400                                0        0.000%                0        0.000%
MEM_BLOCK_LENGTH_3500                                0        0.000%                0        0.000%
MEM_BLOCK_LENGTH_3600                                0        0.000%                0        0.000%
MEM_BLOCK_LENGTH_3700                                0        0.000%                0        0.000%
MEM_BLOCK_LENGTH_3800                                0        0.000%                0        0.000%
MEM_BLOCK_LENGTH_3900                                0        0.000%                0        0.000%
MEM_BLOCK_LENGTH_4000                                0        0.000%                0        0.000%
MEM_BLOCK_LENGTH_4100                                0        0.000%                0        0.000%
MEM_BLOCK_LENGTH_4200                                0        0.000%                0        0.000%
MEM_BLOCK_LENGTH_4300                                0        0.000%                0        0.000%
MEM_BLOCK_LENGTH_4400                                0        0.000%                0        0.000%
MEM_BLOCK_LENGTH_4500                                0        0.000%                0        0.000%
MEM_BLOCK_LENGTH_4600                                0        0.000%                0        0.000%
MEM_BLOCK_LENGTH_4700                                0        0.000%                0        0.000%
MEM_BLOCK_LENGTH_4800                                0        0.000%                0        0.000%
MEM_BLOCK_LENGTH_4900                                0        0.000%                0        0.000%
MEM_BLOCK_LENGTH_5000                                0        0.000%                0        0.000%
                                                    52      100.000%               97      100.000%
                                                  0.25         0.64              0.25         0.62

FUS_BUSY_ON_PATH                              12365208        3.9607         37097463        3.9161

FUS_BUSY_OFF_PATH                                 8182        0.0026            70174        0.0074

FU_BUSY_MEM_STALL                                96610        0.0309           278532        0.0294

FUS_EMPTY                                     18846560        6.0367         57564123        6.0765

FU_UNAVAILABLE                                  343156        0.1099          1033306        0.1091

FU_MEM_UNAVAILABLE                               12513        0.0040            28351        0.0030

FU_OTHER_UNAVAILABLE                                 0        0.0000                0        0.0000

FU_REPLAY                                            0        0.0000                0        0.0000

FU_STARVED                                    18845794        6.0365         57558723        6.0760

CHIP_UTILIZATION                                     0        0.0000                0        0.0000

CYCLES_UNDER_MEM_REQ                                 0                              0              

CYCLES_UNDER_NO_MEM_REQ                              0                              0              

CYCLES_UNDER_CRITICAL_MEM_REQ                        0                              0              

CYCLES_UNDER_NONCRITICAL_MEM_REQ                     0                              0              

CHIP_UTILIZATION_UNDER_MEM_REQ                       0          -nan                0          -nan

CHIP_UTILIZATION_UNDER_NO_MEM_REQ                    0          -nan                0          -nan

CHIP_UTILIZATION_UNDER_CRITICAL_MEM_REQ              0          -nan                0          -nan

CHIP_UTILIZATION_UNDER_NONCRITICAL_MEM_REQ             0          -nan                0          -nan

CYCLES_NOT_WAITING_FOR_OFF_CHIP                      0        0.0000                0        0.0000

FUS_BUSY_NOT_WAITING_FOR_OFF_CHIP                    0          -nan                0          -nan

CYCLES_WAITING_FOR_OFF_CHIP                          0        0.0000                0        0.0000

FUS_BUSY_WAITING_FOR_OFF_CHIP                        0          -nan                0          -nan

TOTAL_OFF_CHIP_DELAYS_LEFT                           0                              0              

WRONG_IO_SCHED                                       0                              0              

DVFS_CONFIG_SWITCH                                   0                              0              

MAP_STAGE_RECEIVED_OPS_0                             0        0.000%                0        0.000%
MAP_STAGE_RECEIVED_OPS_1                            75        0.004%              602        0.010%
MAP_STAGE_RECEIVED_OPS_2                            78        0.004%              712        0.012%
MAP_STAGE_RECEIVED_OPS_3                           297        0.015%             1490        0.025%
MAP_STAGE_RECEIVED_OPS_4                           878        0.045%             3662        0.063%
MAP_STAGE_RECEIVED_OPS_5                           478        0.025%             1589        0.027%
MAP_STAGE_RECEIVED_OPS_6                       1947832       99.907%          5842650       99.862%
MAP_STAGE_RECEIVED_OPS_7                             0        0.000%                0        0.000%
MAP_STAGE_RECEIVED_OPS_8                             0        0.000%                0        0.000%
MAP_STAGE_RECEIVED_OPS_MAX                           0        0.000%                0        0.000%
                                               1949638      100.000%          5850705      100.000%
                                                  6.00         0.07              6.00         0.10

MAP_STAGE_WAIT_FOR_DECODE                            0         -nan%                0         -nan%
MAP_STAGE_CONSUME_DECODE                             0         -nan%                0         -nan%
                                                     0         -nan%                0         -nan%
                                                  -nan         -nan              -nan         -nan

MAP_STAGE_WAIT_FOR_DECODE2                           0         -nan%                0         -nan%
MAP_STAGE_CONSUME_DECODE2                            0         -nan%                0         -nan%
                                                     0         -nan%                0         -nan%
                                                  -nan         -nan              -nan         -nan

FTQ_RECOVER_EXEC                                   174                           1265              

FTQ_RECOVER_DECODE                                   0                            230              

FTQ_OFFPATH_CYCLES                               29656                         150432              

FTQ_CYCLES_OFFPATH                               29656                         150432              

FTQ_CYCLES_ONPATH                              3092339                        9322744              

FTQ_FETCHED_INS_ONPATH                        11694034                       35087723              

FTQ_FETCHED_INS_OFFPATH                         113771                         690891              

FTQ_BREAK_FULL_FT_ONPATH                       3078049                        9275429              

FTQ_BREAK_FULL_FT_OFFPATH                        23564                         101792              

FTQ_BREAK_PRED_BR_ONPATH                             0                              0              

FTQ_BREAK_PRED_BR_OFFPATH                            0                              0              

FTQ_BREAK_BAR_FETCH_ONPATH                           0                              0              

FTQ_BREAK_BAR_FETCH_OFFPATH                          0                              0              

FTQ_BREAK_MAX_CFS_TAKEN_ONPATH                       0                              0              

FTQ_BREAK_MAX_CFS_TAKEN_OFFPATH                      0                              0              

FTQ_BREAK_MAX_FT_ONPATH                          14067                          47092              

FTQ_BREAK_MAX_FT_OFFPATH                          6092                          48640              

DFE_GEN_ON_PATH_FT                             1179944                        3544268              

DFE_GEN_OFF_PATH_FT                              12903                          66465              

DFE_L0_ENABLED_PREDICTIONS                    11694034                       35087723              

DFE_L0_WRONG_MAIN_CORRECT                          946                           4132              

DFE_L0_WRONG_MAIN_WRONG                            175                           1341              

DFE_L0_CORRECT_MAIN_WRONG                            0                            155              

DFE_L0_CORRECT_MAIN_CORRECT                   11692913                       35082095              

DFE_L0_WRONG_MAIN_CORRECT_RECOVERY_SCHEDULED             0                              0              

FTQ_SAW_BAR_FETCH_OFFPATH                            0                            302              

FTQ_SAW_BAR_FETCH_ONPATH                            66                            255              

DFE_CONF_0_RECOVER_AT_EXEC                           0         -nan%                0         -nan%
DFE_CONF_1_RECOVER_AT_EXEC                           0         -nan%                0         -nan%
DFE_CONF_2_RECOVER_AT_EXEC                           0         -nan%                0         -nan%
DFE_CONF_3_RECOVER_AT_EXEC                           0         -nan%                0         -nan%
DFE_CONF_0_CORRECT                                   0         -nan%                0         -nan%
DFE_CONF_1_CORRECT                                   0         -nan%                0         -nan%
DFE_CONF_2_CORRECT                                   0         -nan%                0         -nan%
DFE_CONF_3_CORRECT                                   0         -nan%                0         -nan%
                                                     0         -nan%                0         -nan%
                                                  -nan         -nan              -nan         -nan

DFE_ON_CONF_ON_OPS                                   0         -nan%                0         -nan%
DFE_ON_CONF_OFF_OPS                                  0         -nan%                0         -nan%
DFE_OFF_CONF_ON_OPS                                  0         -nan%                0         -nan%
DFE_OFF_CONF_OFF_REALISTIC_OPS                       0         -nan%                0         -nan%
DFE_OFF_CONF_OFF_PERFECT_OPS                         0         -nan%                0         -nan%
                                                     0         -nan%                0         -nan%
                                                  -nan         -nan              -nan         -nan

DFE_ON_CONF_ON_FETCH_TARGETS                         0         -nan%                0         -nan%
DFE_ON_CONF_OFF_FETCH_TARGETS                        0         -nan%                0         -nan%
DFE_OFF_CONF_ON_FETCH_TARGETS                        0         -nan%                0         -nan%
DFE_OFF_CONF_OFF_REALISTIC_FETCH_TARGETS             0         -nan%                0         -nan%
DFE_OFF_CONF_OFF_PERFECT_FETCH_TARGETS               0         -nan%                0         -nan%
                                                     0         -nan%                0         -nan%
                                                  -nan         -nan              -nan         -nan

DFE_ON_CONF_ON_CYCLES                                0         -nan%                0         -nan%
DFE_ON_CONF_OFF_CYCLES                               0         -nan%                0         -nan%
DFE_OFF_CONF_ON_CYCLES                               0         -nan%                0         -nan%
DFE_OFF_CONF_OFF_REALISTIC_CYCLES                    0         -nan%                0         -nan%
DFE_OFF_CONF_OFF_PERFECT_CYCLES                      0         -nan%                0         -nan%
                                                     0         -nan%                0         -nan%
                                                  -nan         -nan              -nan         -nan

DFE_OFF_CONF_ON_NUM_EVENTS                           0                              0              

DFE_OFF_CONF_ON_NOT_IDENTIFIED_EVENTS                0         -nan%                0         -nan%
DFE_OFF_CONF_ON_IBTB_MISS_EVENTS                     0         -nan%                0         -nan%
DFE_OFF_CONF_ON_BTB_MISS_EVENTS                      0         -nan%                0         -nan%
DFE_OFF_CONF_ON_BTB_MISS_RECOVER_AT_EXEC_EVENTS             0         -nan%                0         -nan%
DFE_OFF_CONF_ON_RECOVER_AT_EXEC_EVENTS               0         -nan%                0         -nan%
DFE_OFF_CONF_ON_RECOVER_AT_DECODE_EVENTS             0         -nan%                0         -nan%
                                                     0         -nan%                0         -nan%
                                                  -nan         -nan              -nan         -nan

DFE_OFF_CONF_ON_LATE_BTB_HIT_EVENTS                  0                              0              

DFE_OFF_CONF_ON_NOT_IDENTIFIED_CYCLES                0         -nan%                0         -nan%
DFE_OFF_CONF_ON_IBTB_MISS_CYCLES                     0         -nan%                0         -nan%
DFE_OFF_CONF_ON_BTB_MISS_CYCLES                      0         -nan%                0         -nan%
DFE_OFF_CONF_ON_BTB_MISS_RECOVER_AT_EXEC_CYCLES             0         -nan%                0         -nan%
DFE_OFF_CONF_ON_RECOVER_AT_EXEC_CYCLES               0         -nan%                0         -nan%
DFE_OFF_CONF_ON_RECOVER_AT_DECODE_CYCLES             0         -nan%                0         -nan%
                                                     0         -nan%                0         -nan%
                                                  -nan         -nan              -nan         -nan

DFE_OFF_CONF_ON_LATE_BTB_HIT_CYCLES                  0                              0              

DFE_OFF_CONF_ON_NOT_IDENTIFIED_FETCH_TARGETS             0         -nan%                0         -nan%
DFE_OFF_CONF_ON_IBTB_MISS_FETCH_TARGETS              0         -nan%                0         -nan%
DFE_OFF_CONF_ON_BTB_MISS_FETCH_TARGETS               0         -nan%                0         -nan%
DFE_OFF_CONF_ON_BTB_MISS_RECOVER_AT_EXEC_FETCH_TARGETS             0         -nan%                0         -nan%
DFE_OFF_CONF_ON_RECOVER_AT_EXEC_FETCH_TARGETS             0         -nan%                0         -nan%
DFE_OFF_CONF_ON_RECOVER_AT_DECODE_FETCH_TARGETS             0         -nan%                0         -nan%
                                                     0         -nan%                0         -nan%
                                                  -nan         -nan              -nan         -nan

DFE_OFF_CONF_ON_LATE_BTB_HIT_FETCH_TARGETS             0                              0              

DFE_OFF_CONF_ON_BP_INCORRECT_0_CONF                  0         -nan%                0         -nan%
DFE_OFF_CONF_ON_BP_INCORRECT_1_CONF                  0         -nan%                0         -nan%
DFE_OFF_CONF_ON_BP_INCORRECT_2_CONF                  0         -nan%                0         -nan%
DFE_OFF_CONF_ON_BP_INCORRECT_3_CONF                  0         -nan%                0         -nan%
                                                     0         -nan%                0         -nan%
                                                  -nan         -nan              -nan         -nan

DFE_OFF_CONF_ON_BTB_MISS_CBR_0_CONF                  0         -nan%                0         -nan%
DFE_OFF_CONF_ON_BTB_MISS_CBR_1_CONF                  0         -nan%                0         -nan%
DFE_OFF_CONF_ON_BTB_MISS_CBR_2_CONF                  0         -nan%                0         -nan%
DFE_OFF_CONF_ON_BTB_MISS_CBR_3_CONF                  0         -nan%                0         -nan%
                                                     0         -nan%                0         -nan%
                                                  -nan         -nan              -nan         -nan

DFE_OFF_CONF_ON_BTB_MISS_NOT_CF                      0         -nan%                0         -nan%
DFE_OFF_CONF_ON_BTB_MISS_CF_BR                       0         -nan%                0         -nan%
DFE_OFF_CONF_ON_BTB_MISS_CF_CBR                      0         -nan%                0         -nan%
DFE_OFF_CONF_ON_BTB_MISS_CF_CALL                     0         -nan%                0         -nan%
DFE_OFF_CONF_ON_BTB_MISS_CF_IBR                      0         -nan%                0         -nan%
DFE_OFF_CONF_ON_BTB_MISS_CF_ICALL                    0         -nan%                0         -nan%
DFE_OFF_CONF_ON_BTB_MISS_CF_ICO                      0         -nan%                0         -nan%
DFE_OFF_CONF_ON_BTB_MISS_CF_RET                      0         -nan%                0         -nan%
DFE_OFF_CONF_ON_BTB_MISS_CF_SYS                      0         -nan%                0         -nan%
                                                     0         -nan%                0         -nan%
                                                  -nan         -nan              -nan         -nan

DFE_ON_CONF_OFF_NUM_EVENTS                           0                              0              

CONF_BTB_NUM_CYCLES_OFF_PATH_EVENT                   0                              0              

DFE_ON_CONF_OFF_IBTB_MISS_BP_TAKEN                   0         -nan%                0         -nan%
DFE_ON_CONF_OFF_BTB_MISS_BP_TAKEN_CONF_0             0         -nan%                0         -nan%
DFE_ON_CONF_OFF_BTB_MISS_BP_TAKEN_CONF_1             0         -nan%                0         -nan%
DFE_ON_CONF_OFF_BTB_MISS_BP_TAKEN_CONF_2             0         -nan%                0         -nan%
DFE_ON_CONF_OFF_BTB_MISS_BP_TAKEN_CONF_3             0         -nan%                0         -nan%
DFE_ON_CONF_OFF_BTB_MISS_RATE                        0         -nan%                0         -nan%
DFE_ON_CONF_OFF_IBTB_MISS_RATE                       0         -nan%                0         -nan%
DFE_ON_CONF_OFF_RECOVER_AT_DECODE_RATE               0         -nan%                0         -nan%
DFE_ON_CONF_OFF_RECOVER_AT_EXEC_RATE                 0         -nan%                0         -nan%
DFE_ON_CONF_OFF_INV_CONF_INC                         0         -nan%                0         -nan%
DFE_ON_CONF_OFF_PERFECT_CONF                         0         -nan%                0         -nan%
                                                     0         -nan%                0         -nan%
                                                  -nan         -nan              -nan         -nan

DFE_ON_CONF_OFF_IBTB_MISS_BP_TAKEN_CYCLES             0         -nan%                0         -nan%
DFE_ON_CONF_OFF_BTB_MISS_BP_TAKEN_CONF_0_CYCLES             0         -nan%                0         -nan%
DFE_ON_CONF_OFF_BTB_MISS_BP_TAKEN_CONF_1_CYCLES             0         -nan%                0         -nan%
DFE_ON_CONF_OFF_BTB_MISS_BP_TAKEN_CONF_2_CYCLES             0         -nan%                0         -nan%
DFE_ON_CONF_OFF_BTB_MISS_BP_TAKEN_CONF_3_CYCLES             0         -nan%                0         -nan%
DFE_ON_CONF_OFF_BTB_MISS_RATE_CYCLES                 0         -nan%                0         -nan%
DFE_ON_CONF_OFF_IBTB_MISS_RATE_CYCLES                0         -nan%                0         -nan%
DFE_ON_CONF_OFF_RECOVER_AT_DECODE_RATE_CYCLES             0         -nan%                0         -nan%
DFE_ON_CONF_OFF_RECOVER_AT_EXEC_RATE_CYCLES             0         -nan%                0         -nan%
DFE_ON_CONF_OFF_INV_CONF_INC_CYCLES                  0         -nan%                0         -nan%
DFE_ON_CONF_OFF_PERFECT_CONF_CYCLES                  0         -nan%                0         -nan%
                                                     0         -nan%                0         -nan%
                                                  -nan         -nan              -nan         -nan

DFE_ON_CONF_OFF_IBTB_MISS_BP_TAKEN_FETCH_TARGETS             0         -nan%                0         -nan%
DFE_ON_CONF_OFF_BTB_MISS_BP_TAKEN_CONF_0_FETCH_TARGETS             0         -nan%                0         -nan%
DFE_ON_CONF_OFF_BTB_MISS_BP_TAKEN_CONF_1_FETCH_TARGETS             0         -nan%                0         -nan%
DFE_ON_CONF_OFF_BTB_MISS_BP_TAKEN_CONF_2_FETCH_TARGETS             0         -nan%                0         -nan%
DFE_ON_CONF_OFF_BTB_MISS_BP_TAKEN_CONF_3_FETCH_TARGETS             0         -nan%                0         -nan%
DFE_ON_CONF_OFF_BTB_MISS_RATE_FETCH_TARGETS             0         -nan%                0         -nan%
DFE_ON_CONF_OFF_IBTB_MISS_RATE_FETCH_TARGETS             0         -nan%                0         -nan%
DFE_ON_CONF_OFF_RECOVER_AT_DECODE_RATE_FETCH_TARGETS             0         -nan%                0         -nan%
DFE_ON_CONF_OFF_RECOVER_AT_EXEC_RATE_FETCH_TARGETS             0         -nan%                0         -nan%
DFE_ON_CONF_OFF_INV_CONF_INC_FETCH_TARGETS             0         -nan%                0         -nan%
DFE_ON_CONF_OFF_PERFECT_CONF_FETCH_TARGETS             0         -nan%                0         -nan%
                                                     0         -nan%                0         -nan%
                                                  -nan         -nan              -nan         -nan

CONF_OFF_IBTB_MISS_BP_TAKEN                          0         -nan%                0         -nan%
CONF_OFF_BTB_MISS_BP_TAKEN_CONF_0                    0         -nan%                0         -nan%
CONF_OFF_BTB_MISS_BP_TAKEN_CONF_1                    0         -nan%                0         -nan%
CONF_OFF_BTB_MISS_BP_TAKEN_CONF_2                    0         -nan%                0         -nan%
CONF_OFF_BTB_MISS_BP_TAKEN_CONF_3                    0         -nan%                0         -nan%
CONF_OFF_BTB_MISS_RATE                               0         -nan%                0         -nan%
CONF_OFF_IBTB_MISS_RATE                              0         -nan%                0         -nan%
CONF_OFF_RECOVER_AT_DECODE_RATE                      0         -nan%                0         -nan%
CONF_OFF_RECOVER_AT_EXEC_RATE                        0         -nan%                0         -nan%
CONF_OFF_INV_CONF_INC                                0         -nan%                0         -nan%
CONF_OFF_PERFECT_CONF                                0         -nan%                0         -nan%
                                                     0         -nan%                0         -nan%
                                                  -nan         -nan              -nan         -nan

TOPDOWN_TOTAL_SLOTS                           18731970                       56839056              

TOPDOWN_ISSUED_SLOTS                          11727230                       35267206              

TOPDOWN_RETIRED_SLOTS                         11694415                       35087723              

TOPDOWN_FETCH_BUBBLES_SLOTS                      12768                         272323              

TOPDOWN_RECOVERY_BUBBLES_SLOTS                    6622                          40552              

TOPDOWN_MEM_LOAD_STALLS_CYCLES                 1164141                        3541584              

TOPDOWN_MEM_STORE_STALLS_CYCLES                      0                             10              

TOPDOWN_EXEC_STALLS_CYCLES                      424956                        1338626              

TOPDOWN_BACKEND_STALLS_CYCLES                  1164141                        3542440              

TOPDOWN_FETCH_BUBBLES_GT_MIW_CYCLES               1688                          42042              

TOPDOWN_BR_RECOVER_AT_EXEC_RETIRED_CYCLES           174                           1265              

TOPDOWN_MACHINE_CLEAR_CYCLES                      1120                           5627              

TOPDOWN_FRONTEND_BOUND                               6                              6              

TOPDOWN_BACKEND_BOUND                             3730                           3730              

TOPDOWN_BAD_SPEC_BOUND                              21                             21              

TOPDOWN_RETIRING_BOUND                            6243                           6243              

TOPDOWN_FETCH_LATENCY_BOUND                          5                              5              

TOPDOWN_FETCH_BANDWIDTH_BOUND                        1                              1              

TOPDOWN_MEM_BOUND                                 3730                           3730              

TOPDOWN_CORE_BOUND                                   0                              0              

TOPDOWN_BR_RECOVER_AT_EXEC_BOUND                     2                              2              

TOPDOWN_MACHINE_CLEARS_BOUND                        19                             19              

H2P_SEEN_MAIN                                        0                              0              



