/* -*- Mode: c -*- */
####################################################################################################
Core 0
####################################################################################################
Cumulative:        Cycles: 17777270              Instructions: 30000000              IPC: 1.68755

Periodic:          Cycles: 11742292              Instructions: 19999999              IPC: 1.70324

MISS_WAIT_TIME                           1199971827932                  1355724639481              

ICACHE_STAGE_MISS                               101810                         153629              

ICACHE_CYCLE                                  11742292                       17777270              

TCACHE_CYCLE                                         0                              0              

ICACHE_SERVING_CYCLE_ON_PATH                   3727897                        5593922              

ICACHE_SERVING_CYCLE_OFF_PATH                   388577                         620363              

UCACHE_SERVING_CYCLE_ON_PATH                   3462487                        5207448              

UCACHE_SERVING_CYCLE_OFF_PATH                  3181611                        4816738              

ICACHE_CYCLE_ONPATH                            8061380       68.653%         12162129       68.414%
ICACHE_CYCLE_OFFPATH                           3680912       31.347%          5615141       31.586%
                                              11742292      100.000%         17777270      100.000%
                                                  0.31         0.42              0.32         0.42

FETCH_ON_PATH                                  8158442       69.479%         12311754       69.256%
FETCH_OFF_PATH                                 3583850       30.521%          5465516       30.744%
                                              11742292      100.000%         17777270      100.000%
                                                  0.31         0.42              0.31         0.42

FETCHED_OPS_ON_PATH                                  0         -nan%                0         -nan%
FETCHED_OPS_OFF_PATH                                 0         -nan%                0         -nan%
                                                     0         -nan%                0         -nan%
                                                  -nan         -nan              -nan         -nan

INST_LOST_FETCH                               22532532       30.054%         33800095       29.879%
INST_LOST_OFF_PATH                            11483465       15.317%         17402931       15.384%
INST_LOST_FULL_WINDOW                          1211286        1.616%          1819740        1.609%
INST_LOST_ROB_STALL_OTHER                      7302328        9.740%         10900258        9.636%
INST_LOST_ROB_STALL_WAIT_FOR_RECOVERY                0        0.000%                0        0.000%
INST_LOST_ROB_STALL_WAIT_FOR_REDIRECT                0        0.000%                0        0.000%
INST_LOST_ROB_STALL_WAIT_FOR_GAP_FILL                0        0.000%                0        0.000%
INST_LOST_ROB_STALL_WAIT_FOR_L1_MISS                 0        0.000%                0        0.000%
INST_LOST_ROB_STALL_WAIT_FOR_MEMORY                780        0.001%             1098        0.001%
INST_LOST_ROB_STALL_WAIT_FOR_DC_MISS          13901584       18.542%         21006620       18.570%
INST_LOST_ROB_BLOCK_ISSUE_FULL                       0        0.000%                0        0.000%
INST_LOST_ROB_BLOCK_ISSUE_GAP_TOO_LARGE              0        0.000%                0        0.000%
INST_LOST_BREAK_DONT                                 0        0.000%                0        0.000%
INST_LOST_BREAK_FT_UNAVAILABLE                 2656735        3.544%          3988808        3.526%
INST_LOST_BREAK_ICACHE_STAGE_RESTEER             41031        0.055%            63565        0.056%
INST_LOST_BREAK_ICACHE_MISS_REQ_SUCCESS         473164        0.631%           713211        0.630%
INST_LOST_BREAK_ICACHE_MISS_REQ_FAILURE              0        0.000%               72        0.000%
INST_LOST_BREAK_ICACHE_WAIT_FOR_MISS           2876434        3.837%          4707155        4.161%
INST_LOST_BREAK_ICACHE_STALLED                 1078315        1.438%          1633842        1.444%
INST_LOST_BREAK_ICACHE_TO_UOP_CACHE_SWITCH        373770        0.499%           560668        0.496%
INST_LOST_BREAK_ICACHE_READ_LIMIT              1481587        1.976%          2220568        1.963%
INST_LOST_BREAK_ICACHE_ISSUE_WIDTH                   0        0.000%                0        0.000%
INST_LOST_BREAK_UOP_CACHE_STALLED              4480111        5.976%          6628830        5.860%
INST_LOST_BREAK_UOP_CACHE_TO_ICACHE_SWITCH        261760        0.349%           396287        0.350%
INST_LOST_BREAK_UOP_CACHE_READ_LIMIT           4818600        6.427%          7278486        6.434%
INST_LOST_BREAK_UOP_CACHE_ISSUE_WIDTH                0        0.000%                0        0.000%
                                              74973482      100.000%        113122234      100.000%
                                                  7.05         7.23              7.08         7.23

INST_LOST_TOTAL                               83477160                      126323052              

INST_LOST_WAIT_FOR_ICACHE_MISS_NOT_PREFETCHED          5406        0.193%           114294        2.512%
INST_LOST_WAIT_FOR_ICACHE_MISS_PREFETCHED_AND_EVICTED_BY_IFETCH             0        0.000%                0        0.000%
INST_LOST_WAIT_FOR_ICACHE_MISS_PREFETCHED_AND_EVICTED_BY_FDIP             0        0.000%                0        0.000%
INST_LOST_WAIT_FOR_ICACHE_MISS_MSHR_HIT_PREF_OFFPATH         37122        1.325%            64038        1.408%
INST_LOST_WAIT_FOR_ICACHE_MISS_MSHR_HIT_PREF_ONPATH       2759916       98.482%          4371348       96.080%
                                               2802444      100.000%          4549680      100.000%
                                                  3.98         3.95              3.89         3.81

FETCH_0_OPS                                     972313        8.280%          1524701        8.577%
FETCH_1_OPS                                     161761        1.378%           250479        1.409%
FETCH_2_OPS                                     716362        6.101%          1065478        5.993%
FETCH_3_OPS                                     727594        6.196%          1092768        6.147%
FETCH_4_OPS                                     755218        6.432%          1128752        6.349%
FETCH_5_OPS                                     438063        3.731%           656279        3.692%
FETCH_6_OPS                                    3519058       29.969%          5307351       29.855%
FETCH_7_OPS                                     782533        6.664%          1180384        6.640%
FETCH_8_OPS                                    3669390       31.249%          5571078       31.338%
FETCH_9_OPS                                          0        0.000%                0        0.000%
FETCH_10_OPS                                         0        0.000%                0        0.000%
FETCH_11_OPS                                         0        0.000%                0        0.000%
FETCH_12_OPS                                         0        0.000%                0        0.000%
FETCH_13_OPS                                         0        0.000%                0        0.000%
FETCH_14_OPS                                         0        0.000%                0        0.000%
FETCH_15_OPS                                         0        0.000%                0        0.000%
FETCH_16_OPS                                         0        0.000%                0        0.000%
                                              11742292      100.000%         17777270      100.000%
                                                  5.53         1.93              5.52         1.93

ST_BREAK_DONT                                        0        0.000%                0        0.000%
ST_BREAK_FT_UNAVAILABLE                         448917        3.823%           673946        3.791%
ST_BREAK_ICACHE_STAGE_RESTEER                    10998        0.094%            17075        0.096%
ST_BREAK_ICACHE_MISS_REQ_SUCCESS                101810        0.867%           153629        0.864%
ST_BREAK_ICACHE_MISS_REQ_FAILURE                     0        0.000%               12        0.000%
ST_BREAK_ICACHE_WAIT_FOR_MISS                   479441        4.083%           784589        4.413%
ST_BREAK_ICACHE_STALLED                        1833695       15.616%          2774803       15.609%
ST_BREAK_ICACHE_TO_UOP_CACHE_SWITCH             107500        0.915%           161499        0.908%
ST_BREAK_ICACHE_READ_LIMIT                      551022        4.693%           826244        4.648%
ST_BREAK_ICACHE_ISSUE_WIDTH                    1700920       14.485%          2561489       14.409%
ST_BREAK_UOP_CACHE_STALLED                     3179181       27.075%          4809851       27.056%
ST_BREAK_UOP_CACHE_TO_ICACHE_SWITCH              69536        0.592%           104888        0.590%
ST_BREAK_UOP_CACHE_READ_LIMIT                  1390147       11.839%          2098424       11.804%
ST_BREAK_UOP_CACHE_ISSUE_WIDTH                 1869125       15.918%          2810821       15.811%
                                              11742292      100.000%         17777270      100.000%
                                                  9.21         4.72              9.20         4.71

ORACLE_ON_PATH_INST                           22532532       66.241%         33800095       66.012%
ORACLE_OFF_PATH_INST                          11483465       33.759%         17402931       33.988%
                                              34015997      100.000%         51203026      100.000%
                                                  0.34         0.43              0.34         0.43

ORACLE_ON_PATH_INST_MEM                       10742923       31.582%         16113193       31.469%
ORACLE_ON_PATH_INST_NOTMEM                    11789609       34.659%         17686902       34.543%
ORACLE_OFF_PATH_INST_MEM                       4724738       13.890%          7143088       13.951%
ORACLE_OFF_PATH_INST_NOTMEM                    6758727       19.869%         10259843       20.038%
                                              34015997      100.000%         51203026      100.000%
                                                  1.22         1.01              1.23         1.02

ICACHE_CYCLE_NONRA_ONPATH                            0         -nan%                0         -nan%
ICACHE_CYCLE_NONRA_OFFPATH                           0         -nan%                0         -nan%
ICACHE_CYCLE_RA_ONPATH                               0         -nan%                0         -nan%
ICACHE_CYCLE_RA_OFFPATH                              0         -nan%                0         -nan%
                                                     0         -nan%                0         -nan%
                                                  -nan         -nan              -nan         -nan

ICACHE_CYCLE_ONPATH_NONRA                            0         -nan%                0         -nan%
ICACHE_CYCLE_OFFPATH_NONRA                           0         -nan%                0         -nan%
                                                     0         -nan%                0         -nan%
                                                  -nan         -nan              -nan         -nan

ICACHE_CYCLE_ONPATH_RA                               0         -nan%                0         -nan%
ICACHE_CYCLE_OFFPATH_RA                              0         -nan%                0         -nan%
                                                     0         -nan%                0         -nan%
                                                  -nan         -nan              -nan         -nan

INACCURATE_OFFPATH_CYCLES                            0        0.0000                0        0.0000

FETCH_ALL_INST                                34015997                       51203026              

EXEC_ALL_INST                                 24340228                       36515275              

RET_ALL_INST                                  22532547                       33800095              

EXEC_ON_PATH_INST                             22532536       92.573%         33800095       92.564%
EXEC_OFF_PATH_INST                             1807692        7.427%          2715180        7.436%
                                              24340228      100.000%         36515275      100.000%
                                                  0.07         0.25              0.07         0.25

EXEC_ON_PATH_INST_MEM                         10742925       44.137%         16113193       44.127%
EXEC_ON_PATH_INST_NOTMEM                      11789611       48.437%         17686902       48.437%
EXEC_OFF_PATH_INST_MEM                          463289        1.903%           693879        1.900%
EXEC_OFF_PATH_INST_NOTMEM                      1344403        5.523%          2021301        5.535%
                                              24340228      100.000%         36515275      100.000%
                                                  0.69         0.63              0.69         0.63

EXEC_RA_INST                                         0         -nan%                0         -nan%
EXEC_NONRA_INST                                      0         -nan%                0         -nan%
                                                     0         -nan%                0         -nan%
                                                  -nan         -nan              -nan         -nan

EXEC_ON_PATH_INST_RA                                 0         -nan%                0         -nan%
EXEC_OFF_PATH_INST_RA                                0         -nan%                0         -nan%
                                                     0         -nan%                0         -nan%
                                                  -nan         -nan              -nan         -nan

EXEC_ON_PATH_INST_NONRA                              0         -nan%                0         -nan%
EXEC_OFF_PATH_INST_NONRA                             0         -nan%                0         -nan%
                                                     0         -nan%                0         -nan%
                                                  -nan         -nan              -nan         -nan

EXEC_RA_ON_PATH_INST                                 0         -nan%                0         -nan%
EXEC_RA_OFF_PATH_INST                                0         -nan%                0         -nan%
EXEC_NONRA_ON_PATH_INST                              0         -nan%                0         -nan%
EXEC_NONRA_OFF_PATH_INST                             0         -nan%                0         -nan%
                                                     0         -nan%                0         -nan%
                                                  -nan         -nan              -nan         -nan

ICACHE_THROTTLE_CYCLE                                0                              0              

FETCH_ENABLE_THROTTLE_OFF_PATH                       0         -nan%                0         -nan%
FETCH_ENABLE_THROTTLE_ON_PATH                        0         -nan%                0         -nan%
                                                     0         -nan%                0         -nan%
                                                  -nan         -nan              -nan         -nan

FETCH_DISABLE_THROTTLE_OFF_PATH                      0         -nan%                0         -nan%
FETCH_DISABLE_THROTTLE_ON_PATH                       0         -nan%                0         -nan%
                                                     0         -nan%                0         -nan%
                                                  -nan         -nan              -nan         -nan

FETCH_TH_ADJUST__0                                   0         -nan%                0         -nan%
FETCH_TH_ADJUST__1                                   0         -nan%                0         -nan%
FETCH_TH_ADJUST__2                                   0         -nan%                0         -nan%
FETCH_TH_ADJUST__3                                   0         -nan%                0         -nan%
FETCH_TH_ADJUST__4                                   0         -nan%                0         -nan%
FETCH_TH_ADJUST__5                                   0         -nan%                0         -nan%
FETCH_TH_ADJUST__6                                   0         -nan%                0         -nan%
FETCH_TH_ADJUST__7                                   0         -nan%                0         -nan%
FETCH_TH_ADJUST__8                                   0         -nan%                0         -nan%
FETCH_TH_ADJUST__9                                   0         -nan%                0         -nan%
FETCH_TH_ADJUST__MAX                                 0         -nan%                0         -nan%
                                                     0         -nan%                0         -nan%
                                                  -nan         -nan              -nan         -nan

FETCH_TH_ADJUST_UP                                   0         -nan%                0         -nan%
FETCH_TH_ADJUST_DOWN                                 0         -nan%                0         -nan%
FETCH_TH_ADJUST_SAME                                 0         -nan%                0         -nan%
                                                     0         -nan%                0         -nan%
                                                  -nan         -nan              -nan         -nan

THROTTLE_ADJUST_CACHE_MISS_INFO                      0                              0              

LOW_CONF_COUNT_BP_MIS_0                              0         -nan%                0         -nan%
LOW_CONF_COUNT_BP_MIS_1                              0         -nan%                0         -nan%
LOW_CONF_COUNT_BP_MIS_2                              0         -nan%                0         -nan%
LOW_CONF_COUNT_BP_MIS_3                              0         -nan%                0         -nan%
LOW_CONF_COUNT_BP_MIS_4                              0         -nan%                0         -nan%
LOW_CONF_COUNT_BP_MIS_5                              0         -nan%                0         -nan%
LOW_CONF_COUNT_BP_MIS_6                              0         -nan%                0         -nan%
LOW_CONF_COUNT_BP_MIS_7                              0         -nan%                0         -nan%
LOW_CONF_COUNT_BP_MIS_8                              0         -nan%                0         -nan%
LOW_CONF_COUNT_BP_MIS_9                              0         -nan%                0         -nan%
LOW_CONF_COUNT_BP_MIS_10                             0         -nan%                0         -nan%
LOW_CONF_COUNT_BP_MIS_11                             0         -nan%                0         -nan%
LOW_CONF_COUNT_BP_MIS_12                             0         -nan%                0         -nan%
LOW_CONF_COUNT_BP_MIS_13                             0         -nan%                0         -nan%
LOW_CONF_COUNT_BP_MIS_14                             0         -nan%                0         -nan%
LOW_CONF_COUNT_BP_MIS_15                             0         -nan%                0         -nan%
LOW_CONF_COUNT_BP_MIS_16                             0         -nan%                0         -nan%
LOW_CONF_COUNT_BP_MIS_17                             0         -nan%                0         -nan%
LOW_CONF_COUNT_BP_MIS_18                             0         -nan%                0         -nan%
LOW_CONF_COUNT_BP_MIS_19                             0         -nan%                0         -nan%
LOW_CONF_COUNT_BP_MIS_20                             0         -nan%                0         -nan%
                                                     0         -nan%                0         -nan%
                                                  -nan         -nan              -nan         -nan

LOW_CONF_COUNT_RET_0                                 0         -nan%                0         -nan%
LOW_CONF_COUNT_RET_1                                 0         -nan%                0         -nan%
LOW_CONF_COUNT_RET_2                                 0         -nan%                0         -nan%
LOW_CONF_COUNT_RET_3                                 0         -nan%                0         -nan%
LOW_CONF_COUNT_RET_4                                 0         -nan%                0         -nan%
LOW_CONF_COUNT_RET_5                                 0         -nan%                0         -nan%
LOW_CONF_COUNT_RET_6                                 0         -nan%                0         -nan%
LOW_CONF_COUNT_RET_7                                 0         -nan%                0         -nan%
LOW_CONF_COUNT_RET_8                                 0         -nan%                0         -nan%
LOW_CONF_COUNT_RET_9                                 0         -nan%                0         -nan%
LOW_CONF_COUNT_RET_10                                0         -nan%                0         -nan%
LOW_CONF_COUNT_RET_11                                0         -nan%                0         -nan%
LOW_CONF_COUNT_RET_12                                0         -nan%                0         -nan%
LOW_CONF_COUNT_RET_13                                0         -nan%                0         -nan%
LOW_CONF_COUNT_RET_14                                0         -nan%                0         -nan%
LOW_CONF_COUNT_RET_15                                0         -nan%                0         -nan%
LOW_CONF_COUNT_RET_16                                0         -nan%                0         -nan%
LOW_CONF_COUNT_RET_17                                0         -nan%                0         -nan%
LOW_CONF_COUNT_RET_18                                0         -nan%                0         -nan%
LOW_CONF_COUNT_RET_19                                0         -nan%                0         -nan%
LOW_CONF_COUNT_RET_20                                0         -nan%                0         -nan%
                                                     0         -nan%                0         -nan%
                                                  -nan         -nan              -nan         -nan

CYCLES_RESTEER_RECOVER_AT_EXEC                       0         -nan%                0         -nan%
CYCLES_RESTEER_RECOVER_AT_DECODE                     0         -nan%                0         -nan%
CYCLES_RESTEER_BTB_MISS                              0         -nan%                0         -nan%
                                                     0         -nan%                0         -nan%
                                                  -nan         -nan              -nan         -nan

CYCLES_RESTEER_RECOVER_AT_EXEC_SAVED_UC_FETCH             0         -nan%                0         -nan%
CYCLES_RESTEER_RECOVER_AT_EXEC_COULD_BE_SAVED_UC_FETCH             0         -nan%                0         -nan%
CYCLES_RESTEER_RECOVER_AT_DECODE_SAVED_UC_FETCH             0         -nan%                0         -nan%
CYCLES_RESTEER_RECOVER_AT_DECODE_COULD_BE_SAVED_UC_FETCH             0         -nan%                0         -nan%
CYCLES_RESTEER_BTB_MISS_SAVED_UC_FETCH               0         -nan%                0         -nan%
CYCLES_RESTEER_BTB_MISS_COULD_BE_SAVED_UC_FETCH             0         -nan%                0         -nan%
                                                     0         -nan%                0         -nan%
                                                  -nan         -nan              -nan         -nan

CYCLES_UOC_IC_SWITCH                                 0                              0              



