Scarab gitrev: 68196a708
Scarab started at Sat Jul 18 22:22:37 2026

FCT preload: loaded 109 PC-pair(s) from '/home/deepmish/pgo-candidates/pgo-candidates-frequency-10000/appworld/9.csv' at confidence 500 (skipped 5 duplicate LD1 PCs)
Initialized Ramulator. 
** Heartbeat:   1% -- { 1000003 } -- 0.00 KIPS (47.62 KIPS)
** Heartbeat:   2% -- { 2000005 } -- 43.48 KIPS (45.45 KIPS)
** Heartbeat:   3% -- { 3000006 } -- 50.00 KIPS (46.88 KIPS)
** Heartbeat:   4% -- { 4000006 } -- 45.45 KIPS (46.51 KIPS)
** Heartbeat:   5% -- { 5000006 } -- 43.48 KIPS (45.87 KIPS)
** Heartbeat:   6% -- { 6000011 } -- 45.45 KIPS (45.80 KIPS)
** Heartbeat:   7% -- { 7000012 } -- 52.63 KIPS (46.67 KIPS)
** Heartbeat:   8% -- { 8000015 } -- 71.43 KIPS (48.78 KIPS)
** Heartbeat:   9% -- { 9000016 } -- 66.67 KIPS (50.28 KIPS)
** Heartbeat:  10% -- { 10000020 } -- 41.67 KIPS (49.26 KIPS)
** Heartbeat:  12% -- { 11000026 } -- 71.43 KIPS (50.69 KIPS)
** Heartbeat:  13% -- { 12000026 } -- 71.43 KIPS (51.95 KIPS)
** Heartbeat:  14% -- { 13000026 } -- 45.45 KIPS (51.38 KIPS)
** Heartbeat:  15% -- { 14000027 } -- 50.00 KIPS (51.28 KIPS)
** Heartbeat:  16% -- { 15000034 } -- 62.50 KIPS (51.90 KIPS)
** Heartbeat:  17% -- { 16000034 } -- 58.82 KIPS (52.29 KIPS)
** Heartbeat:  18% -- { 17000034 } -- 62.50 KIPS (52.80 KIPS)
** Heartbeat:  19% -- { 18000035 } -- 58.82 KIPS (53.10 KIPS)
** Heartbeat:  20% -- { 19000038 } -- 45.45 KIPS (52.63 KIPS)
** Heartbeat:  21% -- { 20000044 } -- 50.00 KIPS (52.49 KIPS)
** Heartbeat:  23% -- { 21000050 } -- 45.45 KIPS (52.11 KIPS)
** Heartbeat:  24% -- { 22000057 } -- 55.56 KIPS (52.26 KIPS)
** Heartbeat:  25% -- { 23000058 } -- 45.45 KIPS (51.92 KIPS)
** Heartbeat:  26% -- { 24000061 } -- 71.43 KIPS (52.52 KIPS)
** Heartbeat:  27% -- { 25000066 } -- 58.82 KIPS (52.74 KIPS)
** Heartbeat:  28% -- { 26000066 } -- 76.92 KIPS (53.39 KIPS)
** Heartbeat:  29% -- { 27000066 } -- 50.00 KIPS (53.25 KIPS)
** Heartbeat:  30% -- { 28000067 } -- 43.48 KIPS (52.83 KIPS)
** Heartbeat:  31% -- { 29000072 } -- 41.67 KIPS (52.35 KIPS)
** Heartbeat:  32% -- { 30000076 } -- 43.48 KIPS (51.99 KIPS)
** Heartbeat:  34% -- { 31000076 } -- 43.48 KIPS (51.67 KIPS)
** Heartbeat:  35% -- { 32000076 } -- 45.45 KIPS (51.45 KIPS)
** Heartbeat:  36% -- { 33000077 } -- 45.45 KIPS (51.24 KIPS)
** Heartbeat:  37% -- { 34000077 } -- 62.50 KIPS (51.52 KIPS)
** Heartbeat:  38% -- { 35000078 } -- 58.82 KIPS (51.70 KIPS)
** Heartbeat:  39% -- { 36000079 } -- 52.63 KIPS (51.72 KIPS)
** Heartbeat:  40% -- { 37000080 } -- 52.63 KIPS (51.75 KIPS)
** Heartbeat:  41% -- { 38000084 } -- 47.62 KIPS (51.63 KIPS)
** Heartbeat:  42% -- { 39000086 } -- 52.63 KIPS (51.66 KIPS)
** Heartbeat:  43% -- { 40000086 } -- 50.00 KIPS (51.61 KIPS)
** Heartbeat:  45% -- { 41000089 } -- 35.71 KIPS (51.06 KIPS)
** Heartbeat:  46% -- { 42000089 } -- 52.63 KIPS (51.09 KIPS)
** Heartbeat:  47% -- { 43000093 } -- 55.56 KIPS (51.19 KIPS)
** Heartbeat:  48% -- { 44000099 } -- 62.50 KIPS (51.40 KIPS)
** Heartbeat:  49% -- { 45000106 } -- 45.45 KIPS (51.25 KIPS)
** Heartbeat:  50% -- { 46000111 } -- 47.62 KIPS (51.17 KIPS)
** Heartbeat:  51% -- { 47000115 } -- 43.48 KIPS (50.98 KIPS)
** Heartbeat:  52% -- { 48000121 } -- 45.45 KIPS (50.85 KIPS)
** Heartbeat:  53% -- { 49000126 } -- 47.62 KIPS (50.78 KIPS)
** Heartbeat:  54% -- { 50000129 } -- 43.48 KIPS (50.61 KIPS)
** Heartbeat:  56% -- { 51000136 } -- 47.62 KIPS (50.55 KIPS)
** Heartbeat:  57% -- { 52000141 } -- 47.62 KIPS (50.49 KIPS)
** Heartbeat:  58% -- { 53000145 } -- 62.50 KIPS (50.67 KIPS)
** Heartbeat:  59% -- { 54000146 } -- 33.33 KIPS (50.19 KIPS)
** Heartbeat:  60% -- { 55000146 } -- 27.78 KIPS (49.46 KIPS)
** Heartbeat:  61% -- { 56000148 } -- 33.33 KIPS (49.04 KIPS)
** Heartbeat:  62% -- { 57000150 } -- 66.67 KIPS (49.27 KIPS)
** Heartbeat:  63% -- { 58000151 } -- 100.00 KIPS (49.70 KIPS)
** Heartbeat:  64% -- { 59000153 } -- 52.63 KIPS (49.75 KIPS)
** Heartbeat:  65% -- { 60000154 } -- 43.48 KIPS (49.63 KIPS)
** Heartbeat:  67% -- { 61000154 } -- 50.00 KIPS (49.63 KIPS)
** Heartbeat:  68% -- { 62000157 } -- 47.62 KIPS (49.60 KIPS)
** Heartbeat:  69% -- { 63000157 } -- 43.48 KIPS (49.49 KIPS)
** Heartbeat:  70% -- { 64000164 } -- 58.82 KIPS (49.61 KIPS)
** Heartbeat:  71% -- { 65000170 } -- 47.62 KIPS (49.58 KIPS)
** Heartbeat:  72% -- { 66000174 } -- 50.00 KIPS (49.59 KIPS)
** Heartbeat:  73% -- { 67000179 } -- 62.50 KIPS (49.74 KIPS)
** Heartbeat:  74% -- { 68000179 } -- 52.63 KIPS (49.78 KIPS)
** Heartbeat:  75% -- { 69000179 } -- 50.00 KIPS (49.78 KIPS)
** Heartbeat:  76% -- { 70000183 } -- 58.82 KIPS (49.89 KIPS)
** Heartbeat:  78% -- { 71000189 } -- 47.62 KIPS (49.86 KIPS)
** Heartbeat:  79% -- { 72000196 } -- 50.00 KIPS (49.86 KIPS)
** Heartbeat:  80% -- { 73000198 } -- 52.63 KIPS (49.90 KIPS)
** Heartbeat:  81% -- { 74000198 } -- 47.62 KIPS (49.87 KIPS)
** Heartbeat:  82% -- { 75000198 } -- 55.56 KIPS (49.93 KIPS)
** Heartbeat:  83% -- { 76000202 } -- 43.48 KIPS (49.84 KIPS)
** Heartbeat:  84% -- { 77000205 } -- 43.48 KIPS (49.74 KIPS)
** Heartbeat:  85% -- { 78000211 } -- 71.43 KIPS (49.94 KIPS)
** Heartbeat:  86% -- { 79000214 } -- 66.67 KIPS (50.10 KIPS)
** Heartbeat:  87% -- { 80000219 } -- 47.62 KIPS (50.06 KIPS)
** Heartbeat:  89% -- { 81000219 } -- 45.45 KIPS (50.00 KIPS)
** Heartbeat:  90% -- { 82000219 } -- 47.62 KIPS (49.97 KIPS)
** Heartbeat:  91% -- { 83000219 } -- 52.63 KIPS (50.00 KIPS)
** Heartbeat:  92% -- { 84000219 } -- 43.48 KIPS (49.91 KIPS)
** Heartbeat:  93% -- { 85000222 } -- 43.48 KIPS (49.82 KIPS)
** Heartbeat:  94% -- { 86000227 } -- 47.62 KIPS (49.80 KIPS)
** Heartbeat:  95% -- { 87000233 } -- 66.67 KIPS (49.94 KIPS)
** Heartbeat:  96% -- { 88000239 } -- 58.82 KIPS (50.03 KIPS)
** Heartbeat:  97% -- { 89000244 } -- 100.00 KIPS (50.31 KIPS)
** Heartbeat:  98% -- { 90000246 } -- 71.43 KIPS (50.48 KIPS)
advanceReader: ROI end reached (ordinal 91000002 > roi_end 91000000)
Reached end of trace (last_inst) pc=0x7fa78d122c90
** Core 0 Finished:    insts:91000000    cycles:78851356    time:24641048750000      -- 1.15 IPC (1.15 IPC) --  N/A  KIPS (50.67 KIPS)
Scarab finished at Sat Jul 18 22:52:33 2026

