/* -*- Mode: c -*- */
####################################################################################################
Core 0
####################################################################################################
Cumulative:        Cycles: 10509702              Instructions: 30000000              IPC: 2.85451

Periodic:          Cycles: 3473135               Instructions: 10000000              IPC: 2.87924

MISS_WAIT_TIME                            207998299117                   371245930229              

ICACHE_STAGE_MISS                                23744                          70119              

ICACHE_CYCLE                                   3473135                       10509702              

TCACHE_CYCLE                                         0                              0              

ICACHE_SERVING_CYCLE_ON_PATH                   1184899                        3635462              

ICACHE_SERVING_CYCLE_OFF_PATH                   305581                         815662              

UCACHE_SERVING_CYCLE_ON_PATH                   1146532                        3574763              

UCACHE_SERVING_CYCLE_OFF_PATH                   498372                        1411281              

ICACHE_CYCLE_ONPATH                            2614131       75.267%          8116124       77.225%
ICACHE_CYCLE_OFFPATH                            859004       24.733%          2393578       22.775%
                                               3473135      100.000%         10509702      100.000%
                                                  0.25         0.39              0.23         0.38

FETCH_ON_PATH                                  2653007       76.387%          8227052       78.281%
FETCH_OFF_PATH                                  820128       23.613%          2282650       21.719%
                                               3473135      100.000%         10509702      100.000%
                                                  0.24         0.39              0.22         0.38

FETCHED_OPS_ON_PATH                                  0         -nan%                0         -nan%
FETCHED_OPS_OFF_PATH                                 0         -nan%                0         -nan%
                                                     0         -nan%                0         -nan%
                                                  -nan         -nan              -nan         -nan

INST_LOST_FETCH                               11403076       48.586%         34139792       48.069%
INST_LOST_OFF_PATH                             4115554       17.536%         11164043       15.719%
INST_LOST_FULL_WINDOW                           445952        1.900%          1550638        2.183%
INST_LOST_ROB_STALL_OTHER                      2187502        9.321%          7928132       11.163%
INST_LOST_ROB_STALL_WAIT_FOR_RECOVERY                0        0.000%                0        0.000%
INST_LOST_ROB_STALL_WAIT_FOR_REDIRECT                0        0.000%                0        0.000%
INST_LOST_ROB_STALL_WAIT_FOR_GAP_FILL                0        0.000%                0        0.000%
INST_LOST_ROB_STALL_WAIT_FOR_L1_MISS                 0        0.000%                0        0.000%
INST_LOST_ROB_STALL_WAIT_FOR_MEMORY                  8        0.000%            13768        0.019%
INST_LOST_ROB_STALL_WAIT_FOR_DC_MISS            284464        1.212%           893512        1.258%
INST_LOST_ROB_BLOCK_ISSUE_FULL                       0        0.000%                0        0.000%
INST_LOST_ROB_BLOCK_ISSUE_GAP_TOO_LARGE              0        0.000%                0        0.000%
INST_LOST_BREAK_DONT                                 0        0.000%                0        0.000%
INST_LOST_BREAK_FT_UNAVAILABLE                  859078        3.660%          2552883        3.594%
INST_LOST_BREAK_ICACHE_STAGE_RESTEER             39317        0.168%           102126        0.144%
INST_LOST_BREAK_ICACHE_MISS_REQ_SUCCESS         110617        0.471%           322376        0.454%
INST_LOST_BREAK_ICACHE_MISS_REQ_FAILURE             96        0.000%             5811        0.008%
INST_LOST_BREAK_ICACHE_WAIT_FOR_MISS           1078546        4.595%          3617018        5.093%
INST_LOST_BREAK_ICACHE_STALLED                  119103        0.507%           377467        0.531%
INST_LOST_BREAK_ICACHE_TO_UOP_CACHE_SWITCH        405179        1.726%          1164779        1.640%
INST_LOST_BREAK_ICACHE_READ_LIMIT               402065        1.713%          1257720        1.771%
INST_LOST_BREAK_ICACHE_ISSUE_WIDTH                   0        0.000%                0        0.000%
INST_LOST_BREAK_UOP_CACHE_STALLED               382896        1.631%          1151952        1.622%
INST_LOST_BREAK_UOP_CACHE_TO_ICACHE_SWITCH        534125        2.276%          1567940        2.208%
INST_LOST_BREAK_UOP_CACHE_READ_LIMIT           1102065        4.696%          3212354        4.523%
INST_LOST_BREAK_UOP_CACHE_ISSUE_WIDTH                0        0.000%                0        0.000%
                                              23469643      100.000%         71022311      100.000%
                                                  4.72         7.17              4.78         7.13

INST_LOST_TOTAL                               24158418                       73155110              

INST_LOST_WAIT_FOR_ICACHE_MISS_NOT_PREFETCHED           816        0.083%           145944        4.423%
INST_LOST_WAIT_FOR_ICACHE_MISS_PREFETCHED_AND_EVICTED_BY_IFETCH             0        0.000%                0        0.000%
INST_LOST_WAIT_FOR_ICACHE_MISS_PREFETCHED_AND_EVICTED_BY_FDIP             0        0.000%                0        0.000%
INST_LOST_WAIT_FOR_ICACHE_MISS_MSHR_HIT_PREF_OFFPATH          6864        0.696%            28236        0.856%
INST_LOST_WAIT_FOR_ICACHE_MISS_MSHR_HIT_PREF_ONPATH        978330       99.221%          3125592       94.721%
                                                986010      100.000%          3299772      100.000%
                                                  3.99         3.98              3.81         3.72

FETCH_0_OPS                                     334010        9.617%          1060345       10.089%
FETCH_1_OPS                                     117185        3.374%           348445        3.315%
FETCH_2_OPS                                     107879        3.106%           325079        3.093%
FETCH_3_OPS                                     169346        4.876%           498505        4.743%
FETCH_4_OPS                                     182687        5.260%           558026        5.310%
FETCH_5_OPS                                     151941        4.375%           426178        4.055%
FETCH_6_OPS                                    1190666       34.282%          3524199       33.533%
FETCH_7_OPS                                     105467        3.037%           331022        3.150%
FETCH_8_OPS                                    1113954       32.073%          3437903       32.712%
FETCH_9_OPS                                          0        0.000%                0        0.000%
FETCH_10_OPS                                         0        0.000%                0        0.000%
FETCH_11_OPS                                         0        0.000%                0        0.000%
FETCH_12_OPS                                         0        0.000%                0        0.000%
FETCH_13_OPS                                         0        0.000%                0        0.000%
FETCH_14_OPS                                         0        0.000%                0        0.000%
FETCH_15_OPS                                         0        0.000%                0        0.000%
FETCH_16_OPS                                         0        0.000%                0        0.000%
                                               3473135      100.000%         10509702      100.000%
                                                  5.51         1.91              5.50         1.92

ST_BREAK_DONT                                        0        0.000%                0        0.000%
ST_BREAK_FT_UNAVAILABLE                         145468        4.188%           433242        4.122%
ST_BREAK_ICACHE_STAGE_RESTEER                    10424        0.300%            25921        0.247%
ST_BREAK_ICACHE_MISS_REQ_SUCCESS                 23744        0.684%            70119        0.667%
ST_BREAK_ICACHE_MISS_REQ_FAILURE                    16        0.000%             1012        0.010%
ST_BREAK_ICACHE_WAIT_FOR_MISS                   179848        5.178%           603063        5.738%
ST_BREAK_ICACHE_STALLED                         211532        6.091%           697057        6.633%
ST_BREAK_ICACHE_TO_UOP_CACHE_SWITCH             133764        3.851%           385771        3.671%
ST_BREAK_ICACHE_READ_LIMIT                      157069        4.522%           477981        4.548%
ST_BREAK_ICACHE_ISSUE_WIDTH                     959360       27.622%          2790401       26.551%
ST_BREAK_UOP_CACHE_STALLED                      352581       10.152%          1225390       11.660%
ST_BREAK_UOP_CACHE_TO_ICACHE_SWITCH             123256        3.549%           355614        3.384%
ST_BREAK_UOP_CACHE_READ_LIMIT                   314221        9.047%           910660        8.665%
ST_BREAK_UOP_CACHE_ISSUE_WIDTH                  861852       24.815%          2533471       24.106%
                                               3473135      100.000%         10509702      100.000%
                                                  9.53         5.65              9.47         5.57

ORACLE_ON_PATH_INST                           11403076       73.480%         34139792       75.357%
ORACLE_OFF_PATH_INST                           4115554       26.520%         11164043       24.643%
                                              15518630      100.000%         45303835      100.000%
                                                  0.27         0.40              0.25         0.39

ORACLE_ON_PATH_INST_MEM                        4505182       29.031%         13414617       29.610%
ORACLE_ON_PATH_INST_NOTMEM                     6897894       44.449%         20725175       45.747%
ORACLE_OFF_PATH_INST_MEM                       1590485       10.249%          4271480        9.429%
ORACLE_OFF_PATH_INST_NOTMEM                    2525069       16.271%          6892563       15.214%
                                              15518630      100.000%         45303835      100.000%
                                                  1.14         0.93              1.10         0.90

ICACHE_CYCLE_NONRA_ONPATH                            0         -nan%                0         -nan%
ICACHE_CYCLE_NONRA_OFFPATH                           0         -nan%                0         -nan%
ICACHE_CYCLE_RA_ONPATH                               0         -nan%                0         -nan%
ICACHE_CYCLE_RA_OFFPATH                              0         -nan%                0         -nan%
                                                     0         -nan%                0         -nan%
                                                  -nan         -nan              -nan         -nan

ICACHE_CYCLE_ONPATH_NONRA                            0         -nan%                0         -nan%
ICACHE_CYCLE_OFFPATH_NONRA                           0         -nan%                0         -nan%
                                                     0         -nan%                0         -nan%
                                                  -nan         -nan              -nan         -nan

ICACHE_CYCLE_ONPATH_RA                               0         -nan%                0         -nan%
ICACHE_CYCLE_OFFPATH_RA                              0         -nan%                0         -nan%
                                                     0         -nan%                0         -nan%
                                                  -nan         -nan              -nan         -nan

INACCURATE_OFFPATH_CYCLES                            0        0.0000                0        0.0000

FETCH_ALL_INST                                15518630                       45303835              

EXEC_ALL_INST                                 12205987                       36348718              

RET_ALL_INST                                  11403611                       34139792              

EXEC_ON_PATH_INST                             11403431       93.425%         34139792       93.923%
EXEC_OFF_PATH_INST                              802556        6.575%          2208926        6.077%
                                              12205987      100.000%         36348718      100.000%
                                                  0.07         0.24              0.06         0.23

EXEC_ON_PATH_INST_MEM                          4505338       36.911%         13414617       36.905%
EXEC_ON_PATH_INST_NOTMEM                       6898093       56.514%         20725175       57.018%
EXEC_OFF_PATH_INST_MEM                          258823        2.120%           705321        1.940%
EXEC_OFF_PATH_INST_NOTMEM                       543733        4.455%          1503605        4.137%
                                              12205987      100.000%         36348718      100.000%
                                                  0.74         0.57              0.73         0.55

EXEC_RA_INST                                         0         -nan%                0         -nan%
EXEC_NONRA_INST                                      0         -nan%                0         -nan%
                                                     0         -nan%                0         -nan%
                                                  -nan         -nan              -nan         -nan

EXEC_ON_PATH_INST_RA                                 0         -nan%                0         -nan%
EXEC_OFF_PATH_INST_RA                                0         -nan%                0         -nan%
                                                     0         -nan%                0         -nan%
                                                  -nan         -nan              -nan         -nan

EXEC_ON_PATH_INST_NONRA                              0         -nan%                0         -nan%
EXEC_OFF_PATH_INST_NONRA                             0         -nan%                0         -nan%
                                                     0         -nan%                0         -nan%
                                                  -nan         -nan              -nan         -nan

EXEC_RA_ON_PATH_INST                                 0         -nan%                0         -nan%
EXEC_RA_OFF_PATH_INST                                0         -nan%                0         -nan%
EXEC_NONRA_ON_PATH_INST                              0         -nan%                0         -nan%
EXEC_NONRA_OFF_PATH_INST                             0         -nan%                0         -nan%
                                                     0         -nan%                0         -nan%
                                                  -nan         -nan              -nan         -nan

ICACHE_THROTTLE_CYCLE                                0                              0              

FETCH_ENABLE_THROTTLE_OFF_PATH                       0         -nan%                0         -nan%
FETCH_ENABLE_THROTTLE_ON_PATH                        0         -nan%                0         -nan%
                                                     0         -nan%                0         -nan%
                                                  -nan         -nan              -nan         -nan

FETCH_DISABLE_THROTTLE_OFF_PATH                      0         -nan%                0         -nan%
FETCH_DISABLE_THROTTLE_ON_PATH                       0         -nan%                0         -nan%
                                                     0         -nan%                0         -nan%
                                                  -nan         -nan              -nan         -nan

FETCH_TH_ADJUST__0                                   0         -nan%                0         -nan%
FETCH_TH_ADJUST__1                                   0         -nan%                0         -nan%
FETCH_TH_ADJUST__2                                   0         -nan%                0         -nan%
FETCH_TH_ADJUST__3                                   0         -nan%                0         -nan%
FETCH_TH_ADJUST__4                                   0         -nan%                0         -nan%
FETCH_TH_ADJUST__5                                   0         -nan%                0         -nan%
FETCH_TH_ADJUST__6                                   0         -nan%                0         -nan%
FETCH_TH_ADJUST__7                                   0         -nan%                0         -nan%
FETCH_TH_ADJUST__8                                   0         -nan%                0         -nan%
FETCH_TH_ADJUST__9                                   0         -nan%                0         -nan%
FETCH_TH_ADJUST__MAX                                 0         -nan%                0         -nan%
                                                     0         -nan%                0         -nan%
                                                  -nan         -nan              -nan         -nan

FETCH_TH_ADJUST_UP                                   0         -nan%                0         -nan%
FETCH_TH_ADJUST_DOWN                                 0         -nan%                0         -nan%
FETCH_TH_ADJUST_SAME                                 0         -nan%                0         -nan%
                                                     0         -nan%                0         -nan%
                                                  -nan         -nan              -nan         -nan

THROTTLE_ADJUST_CACHE_MISS_INFO                      0                              0              

LOW_CONF_COUNT_BP_MIS_0                              0         -nan%                0         -nan%
LOW_CONF_COUNT_BP_MIS_1                              0         -nan%                0         -nan%
LOW_CONF_COUNT_BP_MIS_2                              0         -nan%                0         -nan%
LOW_CONF_COUNT_BP_MIS_3                              0         -nan%                0         -nan%
LOW_CONF_COUNT_BP_MIS_4                              0         -nan%                0         -nan%
LOW_CONF_COUNT_BP_MIS_5                              0         -nan%                0         -nan%
LOW_CONF_COUNT_BP_MIS_6                              0         -nan%                0         -nan%
LOW_CONF_COUNT_BP_MIS_7                              0         -nan%                0         -nan%
LOW_CONF_COUNT_BP_MIS_8                              0         -nan%                0         -nan%
LOW_CONF_COUNT_BP_MIS_9                              0         -nan%                0         -nan%
LOW_CONF_COUNT_BP_MIS_10                             0         -nan%                0         -nan%
LOW_CONF_COUNT_BP_MIS_11                             0         -nan%                0         -nan%
LOW_CONF_COUNT_BP_MIS_12                             0         -nan%                0         -nan%
LOW_CONF_COUNT_BP_MIS_13                             0         -nan%                0         -nan%
LOW_CONF_COUNT_BP_MIS_14                             0         -nan%                0         -nan%
LOW_CONF_COUNT_BP_MIS_15                             0         -nan%                0         -nan%
LOW_CONF_COUNT_BP_MIS_16                             0         -nan%                0         -nan%
LOW_CONF_COUNT_BP_MIS_17                             0         -nan%                0         -nan%
LOW_CONF_COUNT_BP_MIS_18                             0         -nan%                0         -nan%
LOW_CONF_COUNT_BP_MIS_19                             0         -nan%                0         -nan%
LOW_CONF_COUNT_BP_MIS_20                             0         -nan%                0         -nan%
                                                     0         -nan%                0         -nan%
                                                  -nan         -nan              -nan         -nan

LOW_CONF_COUNT_RET_0                                 0         -nan%                0         -nan%
LOW_CONF_COUNT_RET_1                                 0         -nan%                0         -nan%
LOW_CONF_COUNT_RET_2                                 0         -nan%                0         -nan%
LOW_CONF_COUNT_RET_3                                 0         -nan%                0         -nan%
LOW_CONF_COUNT_RET_4                                 0         -nan%                0         -nan%
LOW_CONF_COUNT_RET_5                                 0         -nan%                0         -nan%
LOW_CONF_COUNT_RET_6                                 0         -nan%                0         -nan%
LOW_CONF_COUNT_RET_7                                 0         -nan%                0         -nan%
LOW_CONF_COUNT_RET_8                                 0         -nan%                0         -nan%
LOW_CONF_COUNT_RET_9                                 0         -nan%                0         -nan%
LOW_CONF_COUNT_RET_10                                0         -nan%                0         -nan%
LOW_CONF_COUNT_RET_11                                0         -nan%                0         -nan%
LOW_CONF_COUNT_RET_12                                0         -nan%                0         -nan%
LOW_CONF_COUNT_RET_13                                0         -nan%                0         -nan%
LOW_CONF_COUNT_RET_14                                0         -nan%                0         -nan%
LOW_CONF_COUNT_RET_15                                0         -nan%                0         -nan%
LOW_CONF_COUNT_RET_16                                0         -nan%                0         -nan%
LOW_CONF_COUNT_RET_17                                0         -nan%                0         -nan%
LOW_CONF_COUNT_RET_18                                0         -nan%                0         -nan%
LOW_CONF_COUNT_RET_19                                0         -nan%                0         -nan%
LOW_CONF_COUNT_RET_20                                0         -nan%                0         -nan%
                                                     0         -nan%                0         -nan%
                                                  -nan         -nan              -nan         -nan

CYCLES_RESTEER_RECOVER_AT_EXEC                       0         -nan%                0         -nan%
CYCLES_RESTEER_RECOVER_AT_DECODE                     0         -nan%                0         -nan%
CYCLES_RESTEER_BTB_MISS                              0         -nan%                0         -nan%
                                                     0         -nan%                0         -nan%
                                                  -nan         -nan              -nan         -nan

CYCLES_RESTEER_RECOVER_AT_EXEC_SAVED_UC_FETCH             0         -nan%                0         -nan%
CYCLES_RESTEER_RECOVER_AT_EXEC_COULD_BE_SAVED_UC_FETCH             0         -nan%                0         -nan%
CYCLES_RESTEER_RECOVER_AT_DECODE_SAVED_UC_FETCH             0         -nan%                0         -nan%
CYCLES_RESTEER_RECOVER_AT_DECODE_COULD_BE_SAVED_UC_FETCH             0         -nan%                0         -nan%
CYCLES_RESTEER_BTB_MISS_SAVED_UC_FETCH               0         -nan%                0         -nan%
CYCLES_RESTEER_BTB_MISS_COULD_BE_SAVED_UC_FETCH             0         -nan%                0         -nan%
                                                     0         -nan%                0         -nan%
                                                  -nan         -nan              -nan         -nan

CYCLES_UOC_IC_SWITCH                                 0                              0              



