/* -*- Mode: c -*- */
####################################################################################################
Core 0
####################################################################################################
Cumulative:        Cycles: 19809307              Instructions: 59999999              IPC: 3.02888

Periodic:          Cycles: 19809307              Instructions: 59999999              IPC: 3.02888

MISS_WAIT_TIME                            197382935625                   197382935625              

ICACHE_STAGE_MISS                                20783                          20783              

ICACHE_CYCLE                                  19809307                       19809307              

TCACHE_CYCLE                                         0                              0              

ICACHE_SERVING_CYCLE_ON_PATH                    475939                         475939              

ICACHE_SERVING_CYCLE_OFF_PATH                   171326                         171326              

UCACHE_SERVING_CYCLE_ON_PATH                  17163044                       17163044              

UCACHE_SERVING_CYCLE_OFF_PATH                  1471016                        1471016              

ICACHE_CYCLE_ONPATH                           18069234       91.216%         18069234       91.216%
ICACHE_CYCLE_OFFPATH                           1740073        8.784%          1740073        8.784%
                                              19809307      100.000%         19809307      100.000%
                                                  0.09         0.27              0.09         0.27

FETCH_ON_PATH                                 18141172       91.579%         18141172       91.579%
FETCH_OFF_PATH                                 1668135        8.421%          1668135        8.421%
                                              19809307      100.000%         19809307      100.000%
                                                  0.08         0.27              0.08         0.27

FETCHED_OPS_ON_PATH                                  0         -nan%                0         -nan%
FETCHED_OPS_OFF_PATH                                 0         -nan%                0         -nan%
                                                     0         -nan%                0         -nan%
                                                  -nan         -nan              -nan         -nan

INST_LOST_FETCH                               71189648       45.511%         71189648       45.511%
INST_LOST_OFF_PATH                             7295036        4.664%          7295036        4.664%
INST_LOST_FULL_WINDOW                          7796650        4.984%          7796650        4.984%
INST_LOST_ROB_STALL_OTHER                     33856354       21.644%         33856354       21.644%
INST_LOST_ROB_STALL_WAIT_FOR_RECOVERY                0        0.000%                0        0.000%
INST_LOST_ROB_STALL_WAIT_FOR_REDIRECT                0        0.000%                0        0.000%
INST_LOST_ROB_STALL_WAIT_FOR_GAP_FILL                0        0.000%                0        0.000%
INST_LOST_ROB_STALL_WAIT_FOR_L1_MISS                 0        0.000%                0        0.000%
INST_LOST_ROB_STALL_WAIT_FOR_MEMORY              16592        0.011%            16592        0.011%
INST_LOST_ROB_STALL_WAIT_FOR_DC_MISS           6631624        4.240%          6631624        4.240%
INST_LOST_ROB_BLOCK_ISSUE_FULL                       0        0.000%                0        0.000%
INST_LOST_ROB_BLOCK_ISSUE_GAP_TOO_LARGE              0        0.000%                0        0.000%
INST_LOST_BREAK_DONT                                 0        0.000%                0        0.000%
INST_LOST_BREAK_FT_UNAVAILABLE                 1083906        0.693%          1083906        0.693%
INST_LOST_BREAK_ICACHE_STAGE_RESTEER             41333        0.026%            41333        0.026%
INST_LOST_BREAK_ICACHE_MISS_REQ_SUCCESS          96298        0.062%            96298        0.062%
INST_LOST_BREAK_ICACHE_MISS_REQ_FAILURE            504        0.000%              504        0.000%
INST_LOST_BREAK_ICACHE_WAIT_FOR_MISS           2003330        1.281%          2003330        1.281%
INST_LOST_BREAK_ICACHE_STALLED                   53724        0.034%            53724        0.034%
INST_LOST_BREAK_ICACHE_TO_UOP_CACHE_SWITCH        196965        0.126%           196965        0.126%
INST_LOST_BREAK_ICACHE_READ_LIMIT               305035        0.195%           305035        0.195%
INST_LOST_BREAK_ICACHE_ISSUE_WIDTH                   0        0.000%                0        0.000%
INST_LOST_BREAK_UOP_CACHE_STALLED              4485668        2.868%          4485668        2.868%
INST_LOST_BREAK_UOP_CACHE_TO_ICACHE_SWITCH        189366        0.121%           189366        0.121%
INST_LOST_BREAK_UOP_CACHE_READ_LIMIT          21180582       13.541%         21180582       13.541%
INST_LOST_BREAK_UOP_CACHE_ISSUE_WIDTH                0        0.000%                0        0.000%
                                             156422615      100.000%        156422615      100.000%
                                                  5.48         7.80              5.48         7.80

INST_LOST_TOTAL                              156161654                      156161654              

INST_LOST_WAIT_FOR_ICACHE_MISS_NOT_PREFETCHED        266262       14.373%           266262       14.373%
INST_LOST_WAIT_FOR_ICACHE_MISS_PREFETCHED_AND_EVICTED_BY_IFETCH             0        0.000%                0        0.000%
INST_LOST_WAIT_FOR_ICACHE_MISS_PREFETCHED_AND_EVICTED_BY_FDIP             0        0.000%                0        0.000%
INST_LOST_WAIT_FOR_ICACHE_MISS_MSHR_HIT_PREF_OFFPATH         28776        1.553%            28776        1.553%
INST_LOST_WAIT_FOR_ICACHE_MISS_MSHR_HIT_PREF_ONPATH       1557528       84.074%          1557528       84.074%
                                               1852566      100.000%          1852566      100.000%
                                                  3.41         3.17              3.41         3.17

FETCH_0_OPS                                     523539        2.643%           523539        2.643%
FETCH_1_OPS                                     761762        3.845%           761762        3.845%
FETCH_2_OPS                                     311980        1.575%           311980        1.575%
FETCH_3_OPS                                    1433146        7.235%          1433146        7.235%
FETCH_4_OPS                                     741210        3.742%           741210        3.742%
FETCH_5_OPS                                    1815023        9.162%          1815023        9.162%
FETCH_6_OPS                                    2059676       10.398%          2059676       10.398%
FETCH_7_OPS                                     861996        4.351%           861996        4.351%
FETCH_8_OPS                                   11300975       57.049%         11300975       57.049%
FETCH_9_OPS                                          0        0.000%                0        0.000%
FETCH_10_OPS                                         0        0.000%                0        0.000%
FETCH_11_OPS                                         0        0.000%                0        0.000%
FETCH_12_OPS                                         0        0.000%                0        0.000%
FETCH_13_OPS                                         0        0.000%                0        0.000%
FETCH_14_OPS                                         0        0.000%                0        0.000%
FETCH_15_OPS                                         0        0.000%                0        0.000%
FETCH_16_OPS                                         0        0.000%                0        0.000%
                                              19809307      100.000%         19809307      100.000%
                                                  6.39         2.04              6.39         2.04

ST_BREAK_DONT                                        0        0.000%                0        0.000%
ST_BREAK_FT_UNAVAILABLE                         183247        0.925%           183247        0.925%
ST_BREAK_ICACHE_STAGE_RESTEER                    10838        0.055%            10838        0.055%
ST_BREAK_ICACHE_MISS_REQ_SUCCESS                 20783        0.105%            20783        0.105%
ST_BREAK_ICACHE_MISS_REQ_FAILURE                    84        0.000%               84        0.000%
ST_BREAK_ICACHE_WAIT_FOR_MISS                   333921        1.686%           333921        1.686%
ST_BREAK_ICACHE_STALLED                          80079        0.404%            80079        0.404%
ST_BREAK_ICACHE_TO_UOP_CACHE_SWITCH              60875        0.307%            60875        0.307%
ST_BREAK_ICACHE_READ_LIMIT                      118156        0.596%           118156        0.596%
ST_BREAK_ICACHE_ISSUE_WIDTH                     358001        1.807%           358001        1.807%
ST_BREAK_UOP_CACHE_STALLED                     6509481       32.861%          6509481       32.861%
ST_BREAK_UOP_CACHE_TO_ICACHE_SWITCH              45155        0.228%            45155        0.228%
ST_BREAK_UOP_CACHE_READ_LIMIT                  5824130       29.401%          5824130       29.401%
ST_BREAK_UOP_CACHE_ISSUE_WIDTH                 6264557       31.624%          6264557       31.624%
                                              19809307      100.000%         19809307      100.000%
                                                 11.30         6.64             11.30         6.64

ORACLE_ON_PATH_INST                           71189648       90.705%         71189648       90.705%
ORACLE_OFF_PATH_INST                           7295036        9.295%          7295036        9.295%
                                              78484684      100.000%         78484684      100.000%
                                                  0.09         0.28              0.09         0.28

ORACLE_ON_PATH_INST_MEM                       28049850       35.739%         28049850       35.739%
ORACLE_ON_PATH_INST_NOTMEM                    43139798       54.966%         43139798       54.966%
ORACLE_OFF_PATH_INST_MEM                       2570130        3.275%          2570130        3.275%
ORACLE_OFF_PATH_INST_NOTMEM                    4724906        6.020%          4724906        6.020%
                                              78484684      100.000%         78484684      100.000%
                                                  0.80         0.63              0.80         0.63

ICACHE_CYCLE_NONRA_ONPATH                            0         -nan%                0         -nan%
ICACHE_CYCLE_NONRA_OFFPATH                           0         -nan%                0         -nan%
ICACHE_CYCLE_RA_ONPATH                               0         -nan%                0         -nan%
ICACHE_CYCLE_RA_OFFPATH                              0         -nan%                0         -nan%
                                                     0         -nan%                0         -nan%
                                                  -nan         -nan              -nan         -nan

ICACHE_CYCLE_ONPATH_NONRA                            0         -nan%                0         -nan%
ICACHE_CYCLE_OFFPATH_NONRA                           0         -nan%                0         -nan%
                                                     0         -nan%                0         -nan%
                                                  -nan         -nan              -nan         -nan

ICACHE_CYCLE_ONPATH_RA                               0         -nan%                0         -nan%
ICACHE_CYCLE_OFFPATH_RA                              0         -nan%                0         -nan%
                                                     0         -nan%                0         -nan%
                                                  -nan         -nan              -nan         -nan

INACCURATE_OFFPATH_CYCLES                            0        0.0000                0        0.0000

FETCH_ALL_INST                                78484684                       78484684              

EXEC_ALL_INST                                 72250312                       72250312              

RET_ALL_INST                                  71189648                       71189648              

EXEC_ON_PATH_INST                             71189648       98.532%         71189648       98.532%
EXEC_OFF_PATH_INST                             1060664        1.468%          1060664        1.468%
                                              72250312      100.000%         72250312      100.000%
                                                  0.01         0.12              0.01         0.12

EXEC_ON_PATH_INST_MEM                         28049850       38.823%         28049850       38.823%
EXEC_ON_PATH_INST_NOTMEM                      43139798       59.709%         43139798       59.709%
EXEC_OFF_PATH_INST_MEM                          324044        0.449%           324044        0.449%
EXEC_OFF_PATH_INST_NOTMEM                       736620        1.020%           736620        1.020%
                                              72250312      100.000%         72250312      100.000%
                                                  0.64         0.39              0.64         0.39

EXEC_RA_INST                                         0         -nan%                0         -nan%
EXEC_NONRA_INST                                      0         -nan%                0         -nan%
                                                     0         -nan%                0         -nan%
                                                  -nan         -nan              -nan         -nan

EXEC_ON_PATH_INST_RA                                 0         -nan%                0         -nan%
EXEC_OFF_PATH_INST_RA                                0         -nan%                0         -nan%
                                                     0         -nan%                0         -nan%
                                                  -nan         -nan              -nan         -nan

EXEC_ON_PATH_INST_NONRA                              0         -nan%                0         -nan%
EXEC_OFF_PATH_INST_NONRA                             0         -nan%                0         -nan%
                                                     0         -nan%                0         -nan%
                                                  -nan         -nan              -nan         -nan

EXEC_RA_ON_PATH_INST                                 0         -nan%                0         -nan%
EXEC_RA_OFF_PATH_INST                                0         -nan%                0         -nan%
EXEC_NONRA_ON_PATH_INST                              0         -nan%                0         -nan%
EXEC_NONRA_OFF_PATH_INST                             0         -nan%                0         -nan%
                                                     0         -nan%                0         -nan%
                                                  -nan         -nan              -nan         -nan

ICACHE_THROTTLE_CYCLE                                0                              0              

FETCH_ENABLE_THROTTLE_OFF_PATH                       0         -nan%                0         -nan%
FETCH_ENABLE_THROTTLE_ON_PATH                        0         -nan%                0         -nan%
                                                     0         -nan%                0         -nan%
                                                  -nan         -nan              -nan         -nan

FETCH_DISABLE_THROTTLE_OFF_PATH                      0         -nan%                0         -nan%
FETCH_DISABLE_THROTTLE_ON_PATH                       0         -nan%                0         -nan%
                                                     0         -nan%                0         -nan%
                                                  -nan         -nan              -nan         -nan

FETCH_TH_ADJUST__0                                   0         -nan%                0         -nan%
FETCH_TH_ADJUST__1                                   0         -nan%                0         -nan%
FETCH_TH_ADJUST__2                                   0         -nan%                0         -nan%
FETCH_TH_ADJUST__3                                   0         -nan%                0         -nan%
FETCH_TH_ADJUST__4                                   0         -nan%                0         -nan%
FETCH_TH_ADJUST__5                                   0         -nan%                0         -nan%
FETCH_TH_ADJUST__6                                   0         -nan%                0         -nan%
FETCH_TH_ADJUST__7                                   0         -nan%                0         -nan%
FETCH_TH_ADJUST__8                                   0         -nan%                0         -nan%
FETCH_TH_ADJUST__9                                   0         -nan%                0         -nan%
FETCH_TH_ADJUST__MAX                                 0         -nan%                0         -nan%
                                                     0         -nan%                0         -nan%
                                                  -nan         -nan              -nan         -nan

FETCH_TH_ADJUST_UP                                   0         -nan%                0         -nan%
FETCH_TH_ADJUST_DOWN                                 0         -nan%                0         -nan%
FETCH_TH_ADJUST_SAME                                 0         -nan%                0         -nan%
                                                     0         -nan%                0         -nan%
                                                  -nan         -nan              -nan         -nan

THROTTLE_ADJUST_CACHE_MISS_INFO                      0                              0              

LOW_CONF_COUNT_BP_MIS_0                              0         -nan%                0         -nan%
LOW_CONF_COUNT_BP_MIS_1                              0         -nan%                0         -nan%
LOW_CONF_COUNT_BP_MIS_2                              0         -nan%                0         -nan%
LOW_CONF_COUNT_BP_MIS_3                              0         -nan%                0         -nan%
LOW_CONF_COUNT_BP_MIS_4                              0         -nan%                0         -nan%
LOW_CONF_COUNT_BP_MIS_5                              0         -nan%                0         -nan%
LOW_CONF_COUNT_BP_MIS_6                              0         -nan%                0         -nan%
LOW_CONF_COUNT_BP_MIS_7                              0         -nan%                0         -nan%
LOW_CONF_COUNT_BP_MIS_8                              0         -nan%                0         -nan%
LOW_CONF_COUNT_BP_MIS_9                              0         -nan%                0         -nan%
LOW_CONF_COUNT_BP_MIS_10                             0         -nan%                0         -nan%
LOW_CONF_COUNT_BP_MIS_11                             0         -nan%                0         -nan%
LOW_CONF_COUNT_BP_MIS_12                             0         -nan%                0         -nan%
LOW_CONF_COUNT_BP_MIS_13                             0         -nan%                0         -nan%
LOW_CONF_COUNT_BP_MIS_14                             0         -nan%                0         -nan%
LOW_CONF_COUNT_BP_MIS_15                             0         -nan%                0         -nan%
LOW_CONF_COUNT_BP_MIS_16                             0         -nan%                0         -nan%
LOW_CONF_COUNT_BP_MIS_17                             0         -nan%                0         -nan%
LOW_CONF_COUNT_BP_MIS_18                             0         -nan%                0         -nan%
LOW_CONF_COUNT_BP_MIS_19                             0         -nan%                0         -nan%
LOW_CONF_COUNT_BP_MIS_20                             0         -nan%                0         -nan%
                                                     0         -nan%                0         -nan%
                                                  -nan         -nan              -nan         -nan

LOW_CONF_COUNT_RET_0                                 0         -nan%                0         -nan%
LOW_CONF_COUNT_RET_1                                 0         -nan%                0         -nan%
LOW_CONF_COUNT_RET_2                                 0         -nan%                0         -nan%
LOW_CONF_COUNT_RET_3                                 0         -nan%                0         -nan%
LOW_CONF_COUNT_RET_4                                 0         -nan%                0         -nan%
LOW_CONF_COUNT_RET_5                                 0         -nan%                0         -nan%
LOW_CONF_COUNT_RET_6                                 0         -nan%                0         -nan%
LOW_CONF_COUNT_RET_7                                 0         -nan%                0         -nan%
LOW_CONF_COUNT_RET_8                                 0         -nan%                0         -nan%
LOW_CONF_COUNT_RET_9                                 0         -nan%                0         -nan%
LOW_CONF_COUNT_RET_10                                0         -nan%                0         -nan%
LOW_CONF_COUNT_RET_11                                0         -nan%                0         -nan%
LOW_CONF_COUNT_RET_12                                0         -nan%                0         -nan%
LOW_CONF_COUNT_RET_13                                0         -nan%                0         -nan%
LOW_CONF_COUNT_RET_14                                0         -nan%                0         -nan%
LOW_CONF_COUNT_RET_15                                0         -nan%                0         -nan%
LOW_CONF_COUNT_RET_16                                0         -nan%                0         -nan%
LOW_CONF_COUNT_RET_17                                0         -nan%                0         -nan%
LOW_CONF_COUNT_RET_18                                0         -nan%                0         -nan%
LOW_CONF_COUNT_RET_19                                0         -nan%                0         -nan%
LOW_CONF_COUNT_RET_20                                0         -nan%                0         -nan%
                                                     0         -nan%                0         -nan%
                                                  -nan         -nan              -nan         -nan

CYCLES_RESTEER_RECOVER_AT_EXEC                       0         -nan%                0         -nan%
CYCLES_RESTEER_RECOVER_AT_DECODE                     0         -nan%                0         -nan%
CYCLES_RESTEER_BTB_MISS                              0         -nan%                0         -nan%
                                                     0         -nan%                0         -nan%
                                                  -nan         -nan              -nan         -nan

CYCLES_RESTEER_RECOVER_AT_EXEC_SAVED_UC_FETCH             0         -nan%                0         -nan%
CYCLES_RESTEER_RECOVER_AT_EXEC_COULD_BE_SAVED_UC_FETCH             0         -nan%                0         -nan%
CYCLES_RESTEER_RECOVER_AT_DECODE_SAVED_UC_FETCH             0         -nan%                0         -nan%
CYCLES_RESTEER_RECOVER_AT_DECODE_COULD_BE_SAVED_UC_FETCH             0         -nan%                0         -nan%
CYCLES_RESTEER_BTB_MISS_SAVED_UC_FETCH               0         -nan%                0         -nan%
CYCLES_RESTEER_BTB_MISS_COULD_BE_SAVED_UC_FETCH             0         -nan%                0         -nan%
                                                     0         -nan%                0         -nan%
                                                  -nan         -nan              -nan         -nan

CYCLES_UOC_IC_SWITCH                                 0                              0              



