/* -*- Mode: c -*- */
####################################################################################################
Core 0
####################################################################################################
Cumulative:        Cycles: 105926556             Instructions: 59999999              IPC: 0.56643

Periodic:          Cycles: 62354429              Instructions: 39999998              IPC: 0.64149

DCACHE_PREF_HIT                                      0                              0              

IFETCH_WB_FIRST_SCHEDULE                             0         -nan%                0         -nan%
PREFETCH_LAST_SCHEDULE                               0         -nan%                0         -nan%
DEMAND_PASS_PREF_SCHEDULE                            0         -nan%                0         -nan%
DEMAND_PASS_LOW_OP_SCHEDULE                          0         -nan%                0         -nan%
DEMAND_LAST_SCHEDULE                                 0         -nan%                0         -nan%
                                                     0         -nan%                0         -nan%
                                                  -nan         -nan              -nan         -nan

SEND_MISS_REQ_QUEUE                            1109599                        1829231              

L1_DATA_EVICT                                  1135713                        1849301              

STREAM_BUFFER_REQ                                    0                              0              

PREF_SEND_TO_MEM_REQ                                 0         -nan%                0         -nan%
PREF_SEND_TO_MEM_REQ_FAIL                            0         -nan%                0         -nan%
                                                     0         -nan%                0         -nan%
                                                  -nan         -nan              -nan         -nan

HIT_TRAIN_STREAM                                208056       21.612%           313562       19.426%
MISS_TRAIN_STREAM                               754645       78.388%          1300582       80.574%
                                                962701      100.000%          1614144      100.000%
                                                  0.78         0.72              0.81         0.74

STREAM_TRAIN_CREATE                             572402                         992254              

MEM_REQ_MISS_HWP_PREF_Q                              0         -nan%                0         -nan%
MEM_REQ_MISS_SW_PREF_Q                               0         -nan%                0         -nan%
MEM_REQ_MISS_IFETCH_Q                                0         -nan%                0         -nan%
MEM_REQ_MISS_DFETCH_Q                                0         -nan%                0         -nan%
MEM_REQ_MISS_DSTORE_Q                                0         -nan%                0         -nan%
MEM_REQ_MISS_DPRF_Q                                  0         -nan%                0         -nan%
MEM_REQ_MISS_WB_Q                                    0         -nan%                0         -nan%
                                                     0         -nan%                0         -nan%
                                                  -nan         -nan              -nan         -nan

PREF_HIT_BY_DEMAND_IFETCH                            0         -nan%                0         -nan%
PREF_HIT_BY_DEMAND_DFETCH                            0         -nan%                0         -nan%
PREF_HIT_BY_DEMAND_DSTORE                            0         -nan%                0         -nan%
PREF_HIT_BY_DEMAND_IPREF                             0         -nan%                0         -nan%
PREF_HIT_BY_DEMAND_DPRF                              0         -nan%                0         -nan%
PREF_HIT_BY_DEMAND_WB                                0         -nan%                0         -nan%
PREF_HIT_BY_PREF                                     0         -nan%                0         -nan%
                                                     0         -nan%                0         -nan%
                                                  -nan         -nan              -nan         -nan

PREF_HIT_DEMAND_IFETCH                               0         -nan%                0         -nan%
PREF_HIT_DEMAND_DFETCH                               0         -nan%                0         -nan%
PREF_HIT_DEMAND_DSTORE                               0         -nan%                0         -nan%
PREF_HIT_DEMAND_IPREF                                0         -nan%                0         -nan%
PREF_HIT_DEMAND_DPRF                                 0         -nan%                0         -nan%
PREF_HIT_DEMAND_WB                                   0         -nan%                0         -nan%
                                                     0         -nan%                0         -nan%
                                                  -nan         -nan              -nan         -nan

PREF_L1_FILL                                         0         -nan%                0         -nan%
DEMAND_L1_FILL                                       0         -nan%                0         -nan%
                                                     0         -nan%                0         -nan%
                                                  -nan         -nan              -nan         -nan

TOUCH_L1_REPLACE                                     0        0.000%                0        0.000%
NO_TOUCH_L1_REPLACE                            1135713      100.000%          1849301      100.000%
                                               1135713      100.000%          1849301      100.000%
                                                  1.00         1.00              1.00         1.00

PREF_REQ_QUE_FULL                                    0                              0              

STREAM_REQ_QUEUE_HIT_BY_DEMAND                       0                              0              

L2HIT_STREAM_PREF_REQ_QUE_FULL                       0                              0              

L2HIT_HIT_TRAIN_STREAM                               0         -nan%                0         -nan%
L2HIT_MISS_TRAIN_STREAM                              0         -nan%                0         -nan%
                                                     0         -nan%                0         -nan%
                                                  -nan         -nan              -nan         -nan

L2HIT_STREAM_TRAIN_CREATE                            0                              0              

L2HIT_STREAM_BUFFER_REQ                              0                              0              

L2HIT_STREAM_PREF_DCACHE_HIT                         0         -nan%                0         -nan%
L2HIT_STREAM_PREF_DCACHE_INSERT                      0         -nan%                0         -nan%
L2HIT_STREAM_L2_MISS                                 0         -nan%                0         -nan%
                                                     0         -nan%                0         -nan%
                                                  -nan         -nan              -nan         -nan

L2HIT_STREAM_DCACHE_PORT_FULL                        0                              0              

L2HIT_STREAM_PREF_L1_PORT_FULL                       0                              0              

L2HIT_TRAIN_HIT_DEMAND                               0         -nan%                0         -nan%
L2HIT_TRAIN_MISS_REQ                                 0         -nan%                0         -nan%
                                                     0         -nan%                0         -nan%
                                                  -nan         -nan              -nan         -nan

L2HIT_TRAIN_FILTER_MISS                              0         -nan%                0         -nan%
L2HIT_TRAIN_FILTER_HIT                               0         -nan%                0         -nan%
                                                     0         -nan%                0         -nan%
                                                  -nan         -nan              -nan         -nan

L2HIT_PREF_REQ_DCACHE_HIT                            0         -nan%                0         -nan%
L2HIT_PREF_REQ_DCACHE_MISS                           0         -nan%                0         -nan%
                                                     0         -nan%                0         -nan%
                                                  -nan         -nan              -nan         -nan

L2HIT_L2SEND_Q_FULL                                  0         -nan%                0         -nan%
L2HIT_L2SEND_Q_ENTER                                 0         -nan%                0         -nan%
                                                     0         -nan%                0         -nan%
                                                  -nan         -nan              -nan         -nan

L2HIT_MEM_REQ                                        0                              0              

REMOVE_REDUNDANT_STREAM_STAT                         0                              0              

REPLACE_OLD_STREAM                              572402                         992238              

REQ_SEND_QUEUE_STALL                                 0                              0              

STREAM_ENTER_RA                                      0                              0              

CORE_STREAM_LENGTH_0                               738        4.973%             1682        6.831%
CORE_STREAM_LENGTH_10                             9627       64.872%            15994       64.958%
CORE_STREAM_LENGTH_20                             2993       20.168%             4633       18.817%
CORE_STREAM_LENGTH_30                              544        3.666%              860        3.493%
CORE_STREAM_LENGTH_40                              242        1.631%              384        1.560%
CORE_STREAM_LENGTH_50                              132        0.889%              243        0.987%
CORE_STREAM_LENGTH_60                               73        0.492%              118        0.479%
CORE_STREAM_LENGTH_70                               68        0.458%              111        0.451%
CORE_STREAM_LENGTH_80                               64        0.431%              103        0.418%
CORE_STREAM_LENGTH_90                               37        0.249%               51        0.207%
CORE_STREAM_LENGTH_100_P                           322        2.170%              443        1.799%
                                                 14840      100.000%            24622      100.000%
                                                  1.61         1.63              1.53         1.54

CORE_CUM_STREAM_LENGTH_0                          6135        0.948%            13721        1.417%
CORE_CUM_STREAM_LENGTH_10                       144830       22.372%           238526       24.635%
CORE_CUM_STREAM_LENGTH_20                        67026       10.353%           104045       10.746%
CORE_CUM_STREAM_LENGTH_30                        18182        2.809%            28742        2.969%
CORE_CUM_STREAM_LENGTH_40                        10719        1.656%            17039        1.760%
CORE_CUM_STREAM_LENGTH_50                         7149        1.104%            13203        1.364%
CORE_CUM_STREAM_LENGTH_60                         4687        0.724%             7559        0.781%
CORE_CUM_STREAM_LENGTH_70                         5068        0.783%             8248        0.852%
CORE_CUM_STREAM_LENGTH_80                         5469        0.845%             8779        0.907%
CORE_CUM_STREAM_LENGTH_90                         3474        0.537%             4781        0.494%
CORE_CUM_STREAM_LENGTH_100_P                    374641       57.870%           523580       54.076%
                                                647380      100.000%           968223      100.000%
                                                  6.64         6.48              6.32         6.20

CORE_STREAM_TRAIN_HITS_0                         13012       87.682%            21731       88.258%
CORE_STREAM_TRAIN_HITS_10                         1230        8.288%             1950        7.920%
CORE_STREAM_TRAIN_HITS_20                          232        1.563%              408        1.657%
CORE_STREAM_TRAIN_HITS_30                           99        0.667%              150        0.609%
CORE_STREAM_TRAIN_HITS_40                           44        0.296%               75        0.305%
CORE_STREAM_TRAIN_HITS_50                           21        0.142%               33        0.134%
CORE_STREAM_TRAIN_HITS_60                           16        0.108%               28        0.114%
CORE_STREAM_TRAIN_HITS_70                           19        0.128%               27        0.110%
CORE_STREAM_TRAIN_HITS_80                           13        0.088%               14        0.057%
CORE_STREAM_TRAIN_HITS_90                            5        0.034%                5        0.020%
CORE_STREAM_TRAIN_HITS_100_P                       149        1.004%              201        0.816%
                                                 14840      100.000%            24622      100.000%
                                                  0.28         1.15              0.25         1.06

CORE_CUM_STREAM_TRAIN_HITS_0                     75899       28.382%           127602       30.968%
CORE_CUM_STREAM_TRAIN_HITS_10                    15573        5.823%            24622        5.975%
CORE_CUM_STREAM_TRAIN_HITS_20                     5446        2.036%             9648        2.341%
CORE_CUM_STREAM_TRAIN_HITS_30                     3384        1.265%             5131        1.245%
CORE_CUM_STREAM_TRAIN_HITS_40                     1934        0.723%             3288        0.798%
CORE_CUM_STREAM_TRAIN_HITS_50                     1139        0.426%             1796        0.436%
CORE_CUM_STREAM_TRAIN_HITS_60                     1020        0.381%             1791        0.435%
CORE_CUM_STREAM_TRAIN_HITS_70                     1438        0.538%             2038        0.495%
CORE_CUM_STREAM_TRAIN_HITS_80                     1097        0.410%             1182        0.287%
CORE_CUM_STREAM_TRAIN_HITS_90                      482        0.180%              482        0.117%
CORE_CUM_STREAM_TRAIN_HITS_100_P                160009       59.834%           234470       56.903%
                                                267421      100.000%           412050      100.000%
                                                  6.28         5.84              5.98         5.62

CORE_STREAM_TRAIN_CREATE                        572402                         992254              



