/* -*- Mode: c -*- */
####################################################################################################
Core 0
####################################################################################################
Cumulative:        Cycles: 14063546              Instructions: 30000000              IPC: 2.13317

Periodic:          Cycles: 4605033               Instructions: 10000000              IPC: 2.17154

EXECUTION_TIME                           1439072812500                  4394858125000              

SIM_HOST_WALL_SECONDS                       266.145342                     266.145342              

NODE_CYCLE                                     4605033                       14063546              

NODE_INST_COUNT                               10007326                       30034952              

NODE_INST_COUNT_FETCHED                       10000000                       30000000              

NODE_UOP_COUNT                                11403611                       34139792              

EXEC_STAGE_NO_ISSUE_STALL_CYCLE                3265648                        9739906              

EXEC_STAGE_NO_ISSUE_STALL_CYCLE_ONPATH         2840720                        8679229              

FULL_WINDOW_STALL                                 4417        0.096%            27170        0.193%

FULL_WINDOW_MEM_OP                                4076      100.000%            25788      100.000%
FULL_WINDOW_FP_OP                                    0        0.000%                0        0.000%
FULL_WINDOW_OTHER_OP                                 0        0.000%                0        0.000%
                                                  4076      100.000%            25788      100.000%
                                                  0.00         0.00              0.00         0.00

RET_BLOCKED_DC_MISS                             327378        7.109%           961348        6.836%

RET_BLOCKED_L1_MISS                              38867        0.844%           250363        1.780%

RET_BLOCKED_L1_MISS_BW_PREF                       2203        0.048%             7437        0.053%

RET_BLOCKED_L1_ACCESS                           288518        6.265%           711149        5.057%

RET_BLOCKED_MEM_STALL                            38867        0.844%           253482        1.802%

RET_BLOCKED_OFFCHIP_DEMAND                           0        0.000%                0        0.000%

OP_ISSUED                                     12483955                       36964729              

OP_RETIRED                                    11403611                       34139792              

OP_MACRO_FUSION_ONPATH                               0                              0              

OP_MACRO_FUSION_OFFPATH                              0                              0              

REPLAY_SIGNALED                                      0                              0              

REPLAY_COUNTED                                       0                              0              

OFF_CRITICAL_PATH                                    0         -nan%                0         -nan%
ON_CRITICAL_PATH                                     0         -nan%                0         -nan%
                                                     0         -nan%                0         -nan%
                                                  -nan         -nan              -nan         -nan

LD_NO_DEPENDENTS                                311558       11.085%           926979       11.037%
LD_DEPENDENTS                                  2499149       88.915%          7471657       88.963%
                                               2810707      100.000%          8398636      100.000%
                                                  0.89         0.84              0.89         0.85

LD_EXEC_CYCLES_0                                     0        0.000%                0        0.000%
LD_EXEC_CYCLES_1                                     0        0.000%                0        0.000%
LD_EXEC_CYCLES_2                                257104       75.323%           835248       78.970%
LD_EXEC_CYCLES_3                                 18984        5.562%            54298        5.134%
LD_EXEC_CYCLES_4                                 65246       19.115%           168133       15.896%
                                                341334      100.000%          1057679      100.000%
                                                  2.44         1.33              2.37         1.20

LD_EXEC_MINUS_FETCH_LATENCY                  340442769                     1118487218              

LD_RETIRE_MINUS_FETCH_LATENCY                449308135                     1440469211              

LD_EXEC_TO_DONE_LATENCY                       14954693                       44224648              

ICACHE_STAGE_STARVED                            297427        9.147%           922916        8.841%
ICACHE_STAGE_NOT_STARVED                       2954165       90.853%          9515604       91.159%
                                               3251592      100.000%         10438520      100.000%
                                                  0.91         0.87              0.91         0.87

ICACHE_STAGE_STALLED                           1068051       23.193%          3852003       27.390%
ICACHE_STAGE_NOT_STALLED                       2183541       47.416%          6586517       46.834%
ICACHE_STAGE_OFF_PATH                          1353441       29.390%          3625026       25.776%
                                               4605033      100.000%         14063546      100.000%
                                                  1.06         0.77              0.98         0.72

DECODE_STAGE_STARVED                           2023758       56.394%          6411193       56.490%
DECODE_STAGE_NOT_STARVED                       1564851       43.606%          4937969       43.510%
                                               3588609      100.000%         11349162      100.000%
                                                  0.44         0.47              0.44         0.47

DECODE_STAGE_STALLED                            898464       19.510%          3300009       23.465%
DECODE_STAGE_NOT_STALLED                       2690145       58.417%          8049153       57.234%
DECODE_STAGE_OFF_PATH                          1016424       22.072%          2714384       19.301%
                                               4605033      100.000%         14063546      100.000%
                                                  1.03         0.66              0.96         0.62

UOPQ_STAGE_STARVED                             2024797       70.402%          6230050       70.717%
UOPQ_STAGE_NOT_STARVED                          851247       29.598%          2579816       29.283%
                                               2876044      100.000%          8809866      100.000%
                                                  0.30         0.42              0.29         0.41

UOPQ_STAGE_STALLED                              572901       12.441%          2174374       15.461%
UOPQ_STAGE_NOT_STALLED                         2876044       62.454%          8809866       62.643%
UOPQ_STAGE_OFF_PATH                            1156088       25.105%          3079306       21.896%
                                               4605033      100.000%         14063546      100.000%
                                                  1.13         0.72              1.06         0.67

RS_OP_READY_NOT_ISSUED_TOTAL                   8708949                       26738358              

RS_0_OP_READY_NOT_ISSUED                       7251290                       22417057              

RS_1_OP_READY_NOT_ISSUED                        558568                        1517185              

RS_2_OP_READY_NOT_ISSUED                        899091                        2804116              

RS_3_OP_READY_NOT_ISSUED                             0                              0              

RS_4_OP_READY_NOT_ISSUED                             0                              0              

RS_5_OP_READY_NOT_ISSUED                             0                              0              

RS_6_OP_READY_NOT_ISSUED                             0                              0              

RS_7_OP_READY_NOT_ISSUED                             0                              0              

RS_7_PLUS_OP_READY_NOT_ISSUED                        0                              0              

FU_IDLE_NO_READY_OPS_TOTAL                    21735693                       68322780              

FU_0_IDLE_NO_READY_OPS                         1595234                        5111796              

FU_1_IDLE_NO_READY_OPS                         2006080                        6318641              

FU_2_IDLE_NO_READY_OPS                         2234004                        7012308              

FU_3_IDLE_NO_READY_OPS                         2233080                        7011646              

FU_4_IDLE_NO_READY_OPS                         2031581                        6397197              

FU_5_IDLE_NO_READY_OPS                         1564696                        5019582              

FU_6_IDLE_NO_READY_OPS                         2913002                        9052763              

FU_7_IDLE_NO_READY_OPS                         2914294                        9053553              

FU_8_IDLE_NO_READY_OPS                         2011029                        6333278              

FU_9_IDLE_NO_READY_OPS                         2232693                        7012016              

FU_10_IDLE_NO_READY_OPS                              0                              0              

FU_11_IDLE_NO_READY_OPS                              0                              0              

FU_12_IDLE_NO_READY_OPS                              0                              0              

FU_13_IDLE_NO_READY_OPS                              0                              0              

FU_14_IDLE_NO_READY_OPS                              0                              0              

FU_15_IDLE_NO_READY_OPS                              0                              0              

FU_16_IDLE_NO_READY_OPS                              0                              0              

FU_17_IDLE_NO_READY_OPS                              0                              0              

FU_18_IDLE_NO_READY_OPS                              0                              0              

FU_19_IDLE_NO_READY_OPS                              0                              0              

FU_20_IDLE_NO_READY_OPS                              0                              0              

FU_21_IDLE_NO_READY_OPS                              0                              0              

FU_22_IDLE_NO_READY_OPS                              0                              0              

FU_23_IDLE_NO_READY_OPS                              0                              0              

FU_24_IDLE_NO_READY_OPS                              0                              0              

FU_25_IDLE_NO_READY_OPS                              0                              0              

FU_26_IDLE_NO_READY_OPS                              0                              0              

FU_27_IDLE_NO_READY_OPS                              0                              0              

FU_28_IDLE_NO_READY_OPS                              0                              0              

FU_29_IDLE_NO_READY_OPS                              0                              0              

FU_30_IDLE_NO_READY_OPS                              0                              0              

FU_31_IDLE_NO_READY_OPS                              0                              0              

FU_31_PLUS_IDLE_NO_READY_OPS                         0                              0              

MAP_STAGE_STARVED                               333355       12.907%          1001444       12.965%
MAP_STAGE_NOT_STARVED                          2249336       87.093%          6722518       87.035%
                                               2582691      100.000%          7723962      100.000%
                                                  0.87         0.82              0.87         0.82

MAP_STAGE_STALLED                               267356        8.423%           810485        8.643%
MAP_STAGE_NOT_STALLED                          2315335       72.946%          6913477       73.725%
MAP_STAGE_OFF_PATH                              591354       18.631%          1653445       17.632%
                                               3174045      100.000%          9377407      100.000%
                                                  1.10         0.62              1.09         0.60

MAP_STAGE_STALL_ITSELF                         1430988       31.074%          4686139       33.321%
MAP_STAGE_NOT_STALL_ITSELF                     3174045       68.926%          9377407       66.679%
                                               4605033      100.000%         14063546      100.000%
                                                  0.69         0.63              0.67         0.61

MAP_STAGE_LATE_ALLOCATE_SEND_BACK                    0                              0              

MAP_STAGE_RENAME_OP_ONPATH                    11403243                       34139792              

MAP_STAGE_RENAME_OP_OFFPATH                    2723972                        7075701              

MAP_STAGE_RENAME_INT_REG_ONPATH                6954763                       20865133              

MAP_STAGE_RENAME_INT_REG_OFFPATH               1647898                        4266006              

MAP_STAGE_RENAME_VEC_REG_ONPATH                  45888                         139039              

MAP_STAGE_RENAME_VEC_REG_OFFPATH                 10761                          31779              

MAP_STAGE_RENAME_MOVE_ELIM_ONPATH                    0                              0              

MAP_STAGE_RENAME_MOVE_ELIM_OFFPATH                   0                              0              

REG_FILE_UTIL_SAMPLES                          4605033                       14063546              

REG_FILE_INT_PHYS_REGS_SUM                  1289409240                     3937792880              

REG_FILE_VEC_PHYS_REGS_SUM                  1528870956                     4669097272              

REG_FILE_INT_OCCUPIED_SUM                    934171207                     2910873997              

REG_FILE_VEC_OCCUPIED_SUM                    151244941                      462317468              

MAP_STAGE_ONPATH_INT_REG_NUM_ALLOC             6954985                       20865115              

MAP_STAGE_ONPATH_VEC_REG_NUM_ALLOC               45888                         139029              

MAP_STAGE_ONPATH_INT_REG_NUM_SHORTLIVE         2170462                        6607895              

MAP_STAGE_ONPATH_VEC_REG_NUM_SHORTLIVE           25106                          74036              

MAP_STAGE_ONPATH_INT_REG_USE_COUNT_0            940032                        2845984              

MAP_STAGE_ONPATH_VEC_REG_USE_COUNT_0              2434                           6865              

MAP_STAGE_ONPATH_INT_REG_USE_COUNT_1           3761430                       11254957              

MAP_STAGE_ONPATH_VEC_REG_USE_COUNT_1             31024                          96946              

MAP_STAGE_ONPATH_INT_REG_USE_COUNT_2           1380378                        4152291              

MAP_STAGE_ONPATH_VEC_REG_USE_COUNT_2              9348                          26903              

MAP_STAGE_ONPATH_INT_REG_USE_COUNT_3            405069                        1219525              

MAP_STAGE_ONPATH_VEC_REG_USE_COUNT_3               858                           1967              

MAP_STAGE_ONPATH_INT_REG_USE_COUNT_4            173499                         515159              

MAP_STAGE_ONPATH_VEC_REG_USE_COUNT_4               802                           2031              

MAP_STAGE_ONPATH_INT_REG_USE_COUNT_5            108769                         325630              

MAP_STAGE_ONPATH_VEC_REG_USE_COUNT_5              1268                           3954              

MAP_STAGE_ONPATH_INT_REG_USE_COUNT_6             51190                         152322              

MAP_STAGE_ONPATH_VEC_REG_USE_COUNT_6                 0                              1              

MAP_STAGE_ONPATH_INT_REG_USE_COUNT_7_PLUS        134618                         399247              

MAP_STAGE_ONPATH_VEC_REG_USE_COUNT_7_PLUS           154                            362              

MAP_STAGE_ONPATH_INT_REG_CONSUME_DIST_0              0        0.0000                0        0.0000

MAP_STAGE_ONPATH_VEC_REG_CONSUME_DIST_0              0        0.0000                0        0.0000

MAP_STAGE_ONPATH_INT_REG_CONSUME_DIST_1              0        0.0000                0        0.0000

MAP_STAGE_ONPATH_VEC_REG_CONSUME_DIST_1              0        0.0000                0        0.0000

MAP_STAGE_ONPATH_INT_REG_CONSUME_DIST_2        6343026        4.5951         19744264        4.7550

MAP_STAGE_ONPATH_VEC_REG_CONSUME_DIST_2        3316440      354.7754         11200448      416.3271

MAP_STAGE_ONPATH_INT_REG_CONSUME_DIST_3        3190768        7.8771          9651836        7.9144

MAP_STAGE_ONPATH_VEC_REG_CONSUME_DIST_3          81761       95.2925           194318       98.7890

MAP_STAGE_ONPATH_INT_REG_CONSUME_DIST_4        2801188       16.1453          9087697       17.6406

MAP_STAGE_ONPATH_VEC_REG_CONSUME_DIST_4          59532       74.2294           460352      226.6627

MAP_STAGE_ONPATH_INT_REG_CONSUME_DIST_5        1992149       18.3154          6187380       19.0013

MAP_STAGE_ONPATH_VEC_REG_CONSUME_DIST_5         156491      123.4156           745978      188.6641

MAP_STAGE_ONPATH_INT_REG_CONSUME_DIST_6         971443       18.9772          3063758       20.1137

MAP_STAGE_ONPATH_VEC_REG_CONSUME_DIST_6              0          -nan               27       27.0000

MAP_STAGE_ONPATH_INT_REG_CONSUME_DIST_7_PLUS       4717045       35.0402         15200404       38.0727

MAP_STAGE_ONPATH_VEC_REG_CONSUME_DIST_7_PLUS         17804      115.6104            58903      162.7155

MAP_STAGE_INT_REG_ISSUE_READ_TOTAL_CONSUMED      11379292        3.4845         33727956        3.4629

MAP_STAGE_VEC_REG_ISSUE_READ_TOTAL_CONSUMED         70625        0.0216           208543        0.0214

MAP_STAGE_INT_REG_ISSUE_READ_MULTI_CONSUMED       4950586        1.5160         14643931        1.5035

MAP_STAGE_VEC_REG_ISSUE_READ_MULTI_CONSUMED         24558        0.0075            69126        0.0071

MAP_STAGE_INT_REG_ISSUE_READ_SAME_CYCLE_CONSUMED       2834874        0.8681          8445879        0.8671

MAP_STAGE_VEC_REG_ISSUE_READ_SAME_CYCLE_CONSUMED          9333        0.0029            23575        0.0024

MAP_STAGE_INT_REG_ISSUE_READ_TOTAL_CONSUMED_ONPATH      10572441        3.7217         31659933        3.6478

MAP_STAGE_VEC_REG_ISSUE_READ_TOTAL_CONSUMED_ONPATH         64357        0.0227           192750        0.0222

MAP_STAGE_INT_REG_ISSUE_READ_MULTI_CONSUMED_ONPATH       4557530        1.6044         13640782        1.5717

MAP_STAGE_VEC_REG_ISSUE_READ_MULTI_CONSUMED_ONPATH         20905        0.0074            60575        0.0070

MAP_STAGE_INT_REG_ISSUE_READ_SAME_CYCLE_CONSUMED_ONPATH       2638999        0.9290          7947181        0.9157

MAP_STAGE_VEC_REG_ISSUE_READ_SAME_CYCLE_CONSUMED_ONPATH          8781        0.0031            22171        0.0026

MAP_STAGE_ONPATH_INT_REG_LIFECYCLE_EMPTY     465528624                     1526828763              

MAP_STAGE_ONPATH_VEC_REG_LIFECYCLE_EMPTY       1700132                        5328079              

MAP_STAGE_ONPATH_INT_REG_LIFECYCLE_IN_USE     572910715                     1857277149              

MAP_STAGE_ONPATH_VEC_REG_LIFECYCLE_IN_USE      11728787                       40461333              

MAP_STAGE_ONPATH_INT_REG_LIFECYCLE_SPEC_RELEASE     840138547                     2656764184              

MAP_STAGE_ONPATH_VEC_REG_LIFECYCLE_SPEC_RELEASE      45593374                      147683277              

MAP_STAGE_ONPATH_INT_REG_LIFECYCLE_NONSPEC_RELEASE     840138547                     2656764184              

MAP_STAGE_ONPATH_VEC_REG_LIFECYCLE_NONSPEC_RELEASE      45593374                      147683277              

MAP_STAGE_ONPATH_INT_REG_LIFECYCLE_TOTAL     840138547                     2656764184              

MAP_STAGE_ONPATH_VEC_REG_LIFECYCLE_TOTAL      45593374                      147683277              

MAP_STAGE_ONPATH_INT_REG_NUM_NONBRANCH         6954985                       20865115              

MAP_STAGE_ONPATH_VEC_REG_NUM_NONBRANCH           45888                         139029              

MAP_STAGE_ONPATH_INT_REG_NUM_NONEXCEPT         6954985                       20865115              

MAP_STAGE_ONPATH_VEC_REG_NUM_NONEXCEPT           45888                         139029              

MAP_STAGE_ONPATH_INT_REG_NUM_ATOMIC            6954985                       20865115              

MAP_STAGE_ONPATH_VEC_REG_NUM_ATOMIC              45888                         139029              

MAP_STAGE_ONPATH_INT_REG_ATOMIC_REDEFINED_DIST_TOTAL     840138547      120.7966       2656764184      127.3304

MAP_STAGE_ONPATH_VEC_REG_ATOMIC_REDEFINED_DIST_TOTAL      45593374      993.5795        147683277     1062.2480

MAP_STAGE_ONPATH_INT_REG_ATOMIC_CONSUMED_DIST_TOTAL     572910715       82.3741       1857277149       89.0135

MAP_STAGE_ONPATH_VEC_REG_ATOMIC_CONSUMED_DIST_TOTAL      11728787      255.5960         40461333      291.0280

MAP_STAGE_ONPATH_INT_REG_ATOMIC_RELEASE_DIST_TOTAL     840138547      120.7966       2656764184      127.3304

MAP_STAGE_ONPATH_VEC_REG_ATOMIC_RELEASE_DIST_TOTAL      45593374      993.5795        147683277     1062.2480

EXEC_STAGE_STARVED                             3877518       84.202%         12132935       86.272%
EXEC_STAGE_NOT_STARVED                          201191        4.369%           608546        4.327%
EXEC_STAGE_OFF_PATH                             526324       11.429%          1322065        9.401%
                                               4605033      100.000%         14063546      100.000%
                                                  0.27         0.61              0.23         0.57

FU_BUSY_0                                      1979790                        5859234              

FU_BUSY_1                                      1221403                        3639449              

FU_BUSY_2                                      1064378                        3149235              

FU_BUSY_3                                      1065070                        3150092              

FU_BUSY_4                                      1125500                        3357047              

FU_BUSY_5                                      2103731                        6216391              

FU_BUSY_6                                       952922                        2804824              

FU_BUSY_7                                       951960                        2804095              

FU_BUSY_8                                      1204590                        3587712              

FU_BUSY_9                                      1064608                        3149033              

FU_BUSY_10                                           0                              0              

FU_BUSY_11                                           0                              0              

FU_BUSY_12                                           0                              0              

FU_BUSY_13                                           0                              0              

FU_BUSY_14                                           0                              0              

FU_BUSY_15                                           0                              0              

FU_BUSY_16                                           0                              0              

FU_BUSY_17                                           0                              0              

FU_BUSY_18                                           0                              0              

FU_BUSY_19                                           0                              0              

FU_BUSY_20                                           0                              0              

FU_BUSY_21                                           0                              0              

FU_BUSY_22                                           0                              0              

FU_BUSY_23                                           0                              0              

FU_BUSY_24                                           0                              0              

FU_BUSY_25                                           0                              0              

FU_BUSY_26                                           0                              0              

FU_BUSY_27                                           0                              0              

FU_BUSY_28                                           0                              0              

FU_BUSY_29                                           0                              0              

FU_BUSY_30                                           0                              0              

FU_BUSY_31                                           0                              0              

FU_REJECTED_OP_INV_NOT_SIMD                          0        0.000%                0        0.000%
FU_REJECTED_OP_NOP_NOT_SIMD                          0        0.000%                0        0.000%
FU_REJECTED_OP_CF_NOT_SIMD                         416        0.340%             1159        0.317%
FU_REJECTED_OP_MOV_NOT_SIMD                        322        0.263%              849        0.232%
FU_REJECTED_OP_CMOV_NOT_SIMD                         0        0.000%                0        0.000%
FU_REJECTED_OP_LDA_NOT_SIMD                          0        0.000%                0        0.000%
FU_REJECTED_OP_IMEM_NOT_SIMD                     81979       67.018%           222548       60.862%
FU_REJECTED_OP_IADD_NOT_SIMD                     34079       27.860%            96232       26.317%
FU_REJECTED_OP_IMUL_NOT_SIMD                      2789        2.280%             6872        1.879%
FU_REJECTED_OP_IDIV_NOT_SIMD                         0        0.000%                0        0.000%
FU_REJECTED_OP_ICMP_NOT_SIMD                         0        0.000%                0        0.000%
FU_REJECTED_OP_LOGIC_NOT_SIMD                        0        0.000%                0        0.000%
FU_REJECTED_OP_SHIFT_NOT_SIMD                        0        0.000%                0        0.000%
FU_REJECTED_OP_FMEM_NOT_SIMD                         0        0.000%                0        0.000%
FU_REJECTED_OP_FCVT_NOT_SIMD                        25        0.020%               83        0.023%
FU_REJECTED_OP_FADD_NOT_SIMD                        33        0.027%               38        0.010%
FU_REJECTED_OP_FMUL_NOT_SIMD                         0        0.000%                0        0.000%
FU_REJECTED_OP_FMA_NOT_SIMD                          0        0.000%                0        0.000%
FU_REJECTED_OP_FDIV_NOT_SIMD                         0        0.000%                0        0.000%
FU_REJECTED_OP_FCMP_NOT_SIMD                         0        0.000%                0        0.000%
FU_REJECTED_OP_FCMOV_NOT_SIMD                        0        0.000%                0        0.000%
FU_REJECTED_OP_GATHER_NOT_SIMD                       0        0.000%                0        0.000%
FU_REJECTED_OP_SCATTER_NOT_SIMD                      0        0.000%                0        0.000%
FU_REJECTED_OP_PIPELINED_FAST_NOT_SIMD               0        0.000%                0        0.000%
FU_REJECTED_OP_PIPELINED_MEDIUM_NOT_SIMD             0        0.000%                0        0.000%
FU_REJECTED_OP_PIPELINED_SLOW_NOT_SIMD               0        0.000%                0        0.000%
FU_REJECTED_OP_NOTPIPELINED_MEDIUM_NOT_SIMD             0        0.000%                0        0.000%
FU_REJECTED_OP_NOTPIPELINED_SLOW_NOT_SIMD             0        0.000%                0        0.000%
FU_REJECTED_OP_NOTPIPELINED_VERY_SLOW_NOT_SIMD             0        0.000%                0        0.000%
FU_REJECTED_OP_INV_SIMD                              0        0.000%                0        0.000%
FU_REJECTED_OP_NOP_SIMD                              0        0.000%                0        0.000%
FU_REJECTED_OP_CF_SIMD                               0        0.000%                0        0.000%
FU_REJECTED_OP_MOV_SIMD                             88        0.072%              248        0.068%
FU_REJECTED_OP_CMOV_SIMD                             0        0.000%                0        0.000%
FU_REJECTED_OP_LDA_SIMD                              0        0.000%                0        0.000%
FU_REJECTED_OP_IMEM_SIMD                             0        0.000%                0        0.000%
FU_REJECTED_OP_IADD_SIMD                             0        0.000%                0        0.000%
FU_REJECTED_OP_IMUL_SIMD                             0        0.000%                2        0.001%
FU_REJECTED_OP_IDIV_SIMD                             0        0.000%                0        0.000%
FU_REJECTED_OP_ICMP_SIMD                             0        0.000%                0        0.000%
FU_REJECTED_OP_LOGIC_SIMD                            0        0.000%                0        0.000%
FU_REJECTED_OP_SHIFT_SIMD                            0        0.000%                0        0.000%
FU_REJECTED_OP_FMEM_SIMD                             0        0.000%                0        0.000%
FU_REJECTED_OP_FCVT_SIMD                          1453        1.188%             4595        1.257%
FU_REJECTED_OP_FADD_SIMD                          1140        0.932%            33033        9.034%
FU_REJECTED_OP_FMUL_SIMD                             0        0.000%                0        0.000%
FU_REJECTED_OP_FMA_SIMD                              0        0.000%                0        0.000%
FU_REJECTED_OP_FDIV_SIMD                             0        0.000%                0        0.000%
FU_REJECTED_OP_FCMP_SIMD                             0        0.000%                0        0.000%
FU_REJECTED_OP_FCMOV_SIMD                            0        0.000%                0        0.000%
FU_REJECTED_OP_GATHER_SIMD                           0        0.000%                0        0.000%
FU_REJECTED_OP_SCATTER_SIMD                          0        0.000%                0        0.000%
FU_REJECTED_OP_PIPELINED_FAST_SIMD                   0        0.000%                0        0.000%
FU_REJECTED_OP_PIPELINED_MEDIUM_SIMD                 0        0.000%                0        0.000%
FU_REJECTED_OP_PIPELINED_SLOW_SIMD                   0        0.000%                0        0.000%
FU_REJECTED_OP_NOTPIPELINED_MEDIUM_SIMD              0        0.000%                0        0.000%
FU_REJECTED_OP_NOTPIPELINED_SLOW_SIMD                0        0.000%                0        0.000%
FU_REJECTED_OP_NOTPIPELINED_VERY_SLOW_SIMD             0        0.000%                0        0.000%
                                                122324      100.000%           365659      100.000%
                                                  7.12         5.43             10.20        11.44

LSQ_FULL_TOTAL                                  347004                        1101976              

LSQ_FULL_LOAD_QUEUE                              18022                          40438              

LSQ_FULL_STORE_QUEUE                            328982                        1061538              

OP_WAIT_0                                      7214777                       21760188              

OP_WAIT_1                                      1744886                        4812484              

OP_WAIT_2                                       409848                        1119976              

OP_WAIT_3                                       192792                         557239              

OP_WAIT_4                                       124807                         366441              

OP_WAIT_5                                        87834                         267464              

OP_WAIT_6                                        72171                         223194              

OP_WAIT_7                                        53284                         168470              

OP_WAIT_8                                        54316                         176416              

OP_WAIT_9                                        45462                         154828              

OP_WAIT_10                                       40042                         140528              

OP_WAIT_11                                       39426                         130026              

OP_WAIT_12                                       33541                         113855              

OP_WAIT_13                                       26288                          91709              

OP_WAIT_14                                       27928                          88455              

OP_WAIT_15                                       28536                          83262              

OP_WAIT_16                                       28113                          82211              

OP_WAIT_17                                       30863                         100474              

OP_WAIT_18                                       32683                         100130              

OP_WAIT_19                                       29015                          88517              

OP_WAIT_20                                       25970                          77579              

OP_WAIT_21                                       27679                          75958              

OP_WAIT_22                                       29678                          82843              

OP_WAIT_23                                       25473                          77850              

OP_WAIT_24                                       24636                          73314              

OP_WAIT_25                                       25907                          73927              

OP_WAIT_26                                       25750                          73900              

OP_WAIT_27                                       22486                          68993              

OP_WAIT_28                                       19736                          62737              

OP_WAIT_29                                       16100                          52836              

OP_WAIT_30                                       15621                          51003              

OP_WAIT_31                                      827963                        2742985              

ROW_SIZE_0                                     2501209                        7680917              

ROW_SIZE_1                                      481512                        1496032              

ROW_SIZE_2                                       98953                         301823              

ROW_SIZE_3                                       54185                         180821              

ROW_SIZE_4                                       62622                         190978              

ROW_SIZE_5                                       46475                         141391              

ROW_SIZE_6                                       41449                         120428              

ROW_SIZE_7                                       38895                         114392              

ROW_SIZE_8                                     1194727                        3562934              

ROW_SIZE_9                                           0                              0              

ROW_SIZE_10                                          0                              0              

ROW_SIZE_11                                          0                              0              

ROW_SIZE_12                                          0                              0              

ROW_SIZE_13                                          0                              0              

ROW_SIZE_14                                          0                              0              

ROW_SIZE_15                                          0                              0              

ROW_SIZE_16                                          0                              0              

ROW_SIZE_17                                          0                              0              

ROW_SIZE_18                                          0                              0              

ROW_SIZE_19                                          0                              0              

ROW_SIZE_20                                          0                              0              

ROW_SIZE_21                                          0                              0              

ROW_SIZE_22                                          0                              0              

ROW_SIZE_23                                          0                              0              

ROW_SIZE_24                                          0                              0              

ROW_SIZE_25                                          0                              0              

ROW_SIZE_26                                          0                              0              

ROW_SIZE_27                                          0                              0              

ROW_SIZE_28                                          0                              0              

ROW_SIZE_29                                          0                              0              

ROW_SIZE_30                                          0                              0              

ROW_SIZE_31                                          0                              0              

RET_OP_EXEC_COUNT_0                                  0        0.000%                0        0.000%
RET_OP_EXEC_COUNT_1                           11403611      100.000%         34139792      100.000%
RET_OP_EXEC_COUNT_2                                  0        0.000%                0        0.000%
RET_OP_EXEC_COUNT_3                                  0        0.000%                0        0.000%
RET_OP_EXEC_COUNT_4                                  0        0.000%                0        0.000%
RET_OP_EXEC_COUNT_5                                  0        0.000%                0        0.000%
RET_OP_EXEC_COUNT_6                                  0        0.000%                0        0.000%
RET_OP_EXEC_COUNT_7                                  0        0.000%                0        0.000%
RET_OP_EXEC_COUNT_8                                  0        0.000%                0        0.000%
RET_OP_EXEC_COUNT_9                                  0        0.000%                0        0.000%
RET_OP_EXEC_COUNT_10                                 0        0.000%                0        0.000%
RET_OP_EXEC_COUNT_11                                 0        0.000%                0        0.000%
RET_OP_EXEC_COUNT_12                                 0        0.000%                0        0.000%
RET_OP_EXEC_COUNT_13                                 0        0.000%                0        0.000%
RET_OP_EXEC_COUNT_14                                 0        0.000%                0        0.000%
RET_OP_EXEC_COUNT_15                                 0        0.000%                0        0.000%
RET_OP_EXEC_COUNT_16                                 0        0.000%                0        0.000%
RET_OP_EXEC_COUNT_17                                 0        0.000%                0        0.000%
RET_OP_EXEC_COUNT_18                                 0        0.000%                0        0.000%
RET_OP_EXEC_COUNT_19                                 0        0.000%                0        0.000%
RET_OP_EXEC_COUNT_20                                 0        0.000%                0        0.000%
RET_OP_EXEC_COUNT_21                                 0        0.000%                0        0.000%
RET_OP_EXEC_COUNT_22                                 0        0.000%                0        0.000%
RET_OP_EXEC_COUNT_23                                 0        0.000%                0        0.000%
RET_OP_EXEC_COUNT_24                                 0        0.000%                0        0.000%
RET_OP_EXEC_COUNT_25                                 0        0.000%                0        0.000%
RET_OP_EXEC_COUNT_26                                 0        0.000%                0        0.000%
RET_OP_EXEC_COUNT_27                                 0        0.000%                0        0.000%
RET_OP_EXEC_COUNT_28                                 0        0.000%                0        0.000%
RET_OP_EXEC_COUNT_29                                 0        0.000%                0        0.000%
RET_OP_EXEC_COUNT_30                                 0        0.000%                0        0.000%
RET_OP_EXEC_COUNT_31                                 0        0.000%                0        0.000%
RET_OP_EXEC_COUNT_32                                 0        0.000%                0        0.000%
                                              11403611      100.000%         34139792      100.000%
                                                  1.00         0.00              1.00         0.00

RET_STALL_LENGTH_0                            11403405       99.998%         34138287       99.996%
RET_STALL_LENGTH_100                               185        0.002%             1175        0.003%
RET_STALL_LENGTH_200                                 8        0.000%              261        0.001%
RET_STALL_LENGTH_300                                 1        0.000%               12        0.000%
RET_STALL_LENGTH_400                                 4        0.000%               12        0.000%
RET_STALL_LENGTH_500                                 1        0.000%               10        0.000%
RET_STALL_LENGTH_600                                 0        0.000%                6        0.000%
RET_STALL_LENGTH_700                                 0        0.000%                3        0.000%
RET_STALL_LENGTH_800                                 0        0.000%                1        0.000%
RET_STALL_LENGTH_900                                 2        0.000%                2        0.000%
RET_STALL_LENGTH_1000                                0        0.000%                4        0.000%
RET_STALL_LENGTH_1100                                1        0.000%                5        0.000%
RET_STALL_LENGTH_1200                                4        0.000%               12        0.000%
RET_STALL_LENGTH_1300                                0        0.000%                2        0.000%
RET_STALL_LENGTH_1400                                0        0.000%                0        0.000%
RET_STALL_LENGTH_1500                                0        0.000%                0        0.000%
RET_STALL_LENGTH_1600                                0        0.000%                0        0.000%
RET_STALL_LENGTH_1700                                0        0.000%                0        0.000%
RET_STALL_LENGTH_1800                                0        0.000%                0        0.000%
RET_STALL_LENGTH_1900                                0        0.000%                0        0.000%
RET_STALL_LENGTH_2000                                0        0.000%                0        0.000%
RET_STALL_LENGTH_2100                                0        0.000%                0        0.000%
RET_STALL_LENGTH_2200                                0        0.000%                0        0.000%
RET_STALL_LENGTH_2300                                0        0.000%                0        0.000%
RET_STALL_LENGTH_2400                                0        0.000%                0        0.000%
RET_STALL_LENGTH_2500                                0        0.000%                0        0.000%
RET_STALL_LENGTH_2600                                0        0.000%                0        0.000%
RET_STALL_LENGTH_2700                                0        0.000%                0        0.000%
RET_STALL_LENGTH_2800                                0        0.000%                0        0.000%
RET_STALL_LENGTH_2900                                0        0.000%                0        0.000%
RET_STALL_LENGTH_3000                                0        0.000%                0        0.000%
RET_STALL_LENGTH_3100                                0        0.000%                0        0.000%
RET_STALL_LENGTH_3200                                0        0.000%                0        0.000%
RET_STALL_LENGTH_3300                                0        0.000%                0        0.000%
RET_STALL_LENGTH_3400                                0        0.000%                0        0.000%
RET_STALL_LENGTH_3500                                0        0.000%                0        0.000%
RET_STALL_LENGTH_3600                                0        0.000%                0        0.000%
RET_STALL_LENGTH_3700                                0        0.000%                0        0.000%
RET_STALL_LENGTH_3800                                0        0.000%                0        0.000%
RET_STALL_LENGTH_3900                                0        0.000%                0        0.000%
RET_STALL_LENGTH_4000                                0        0.000%                0        0.000%
RET_STALL_LENGTH_4100                                0        0.000%                0        0.000%
RET_STALL_LENGTH_4200                                0        0.000%                0        0.000%
RET_STALL_LENGTH_4300                                0        0.000%                0        0.000%
RET_STALL_LENGTH_4400                                0        0.000%                0        0.000%
RET_STALL_LENGTH_4500                                0        0.000%                0        0.000%
RET_STALL_LENGTH_4600                                0        0.000%                0        0.000%
RET_STALL_LENGTH_4700                                0        0.000%                0        0.000%
RET_STALL_LENGTH_4800                                0        0.000%                0        0.000%
RET_STALL_LENGTH_4900                                0        0.000%                0        0.000%
RET_STALL_LENGTH_5000                                0        0.000%                0        0.000%
                                              11403611      100.000%         34139792      100.000%
                                                  0.00         0.01              0.00         0.01

MEM_BLOCK_LENGTH_0                                  25      100.000%              509       95.677%
MEM_BLOCK_LENGTH_100                                 0        0.000%               21        3.947%
MEM_BLOCK_LENGTH_200                                 0        0.000%                0        0.000%
MEM_BLOCK_LENGTH_300                                 0        0.000%                0        0.000%
MEM_BLOCK_LENGTH_400                                 0        0.000%                1        0.188%
MEM_BLOCK_LENGTH_500                                 0        0.000%                0        0.000%
MEM_BLOCK_LENGTH_600                                 0        0.000%                0        0.000%
MEM_BLOCK_LENGTH_700                                 0        0.000%                0        0.000%
MEM_BLOCK_LENGTH_800                                 0        0.000%                0        0.000%
MEM_BLOCK_LENGTH_900                                 0        0.000%                0        0.000%
MEM_BLOCK_LENGTH_1000                                0        0.000%                0        0.000%
MEM_BLOCK_LENGTH_1100                                0        0.000%                0        0.000%
MEM_BLOCK_LENGTH_1200                                0        0.000%                0        0.000%
MEM_BLOCK_LENGTH_1300                                0        0.000%                1        0.188%
MEM_BLOCK_LENGTH_1400                                0        0.000%                0        0.000%
MEM_BLOCK_LENGTH_1500                                0        0.000%                0        0.000%
MEM_BLOCK_LENGTH_1600                                0        0.000%                0        0.000%
MEM_BLOCK_LENGTH_1700                                0        0.000%                0        0.000%
MEM_BLOCK_LENGTH_1800                                0        0.000%                0        0.000%
MEM_BLOCK_LENGTH_1900                                0        0.000%                0        0.000%
MEM_BLOCK_LENGTH_2000                                0        0.000%                0        0.000%
MEM_BLOCK_LENGTH_2100                                0        0.000%                0        0.000%
MEM_BLOCK_LENGTH_2200                                0        0.000%                0        0.000%
MEM_BLOCK_LENGTH_2300                                0        0.000%                0        0.000%
MEM_BLOCK_LENGTH_2400                                0        0.000%                0        0.000%
MEM_BLOCK_LENGTH_2500                                0        0.000%                0        0.000%
MEM_BLOCK_LENGTH_2600                                0        0.000%                0        0.000%
MEM_BLOCK_LENGTH_2700                                0        0.000%                0        0.000%
MEM_BLOCK_LENGTH_2800                                0        0.000%                0        0.000%
MEM_BLOCK_LENGTH_2900                                0        0.000%                0        0.000%
MEM_BLOCK_LENGTH_3000                                0        0.000%                0        0.000%
MEM_BLOCK_LENGTH_3100                                0        0.000%                0        0.000%
MEM_BLOCK_LENGTH_3200                                0        0.000%                0        0.000%
MEM_BLOCK_LENGTH_3300                                0        0.000%                0        0.000%
MEM_BLOCK_LENGTH_3400                                0        0.000%                0        0.000%
MEM_BLOCK_LENGTH_3500                                0        0.000%                0        0.000%
MEM_BLOCK_LENGTH_3600                                0        0.000%                0        0.000%
MEM_BLOCK_LENGTH_3700                                0        0.000%                0        0.000%
MEM_BLOCK_LENGTH_3800                                0        0.000%                0        0.000%
MEM_BLOCK_LENGTH_3900                                0        0.000%                0        0.000%
MEM_BLOCK_LENGTH_4000                                0        0.000%                0        0.000%
MEM_BLOCK_LENGTH_4100                                0        0.000%                0        0.000%
MEM_BLOCK_LENGTH_4200                                0        0.000%                0        0.000%
MEM_BLOCK_LENGTH_4300                                0        0.000%                0        0.000%
MEM_BLOCK_LENGTH_4400                                0        0.000%                0        0.000%
MEM_BLOCK_LENGTH_4500                                0        0.000%                0        0.000%
MEM_BLOCK_LENGTH_4600                                0        0.000%                0        0.000%
MEM_BLOCK_LENGTH_4700                                0        0.000%                0        0.000%
MEM_BLOCK_LENGTH_4800                                0        0.000%                0        0.000%
MEM_BLOCK_LENGTH_4900                                0        0.000%                0        0.000%
MEM_BLOCK_LENGTH_5000                                0        0.000%                0        0.000%
                                                    25      100.000%              532      100.000%
                                                  0.00         0.00              0.07         0.61

FUS_BUSY_ON_PATH                              11632146        2.5260         34836775        2.4771

FUS_BUSY_OFF_PATH                              1101806        0.2393          2880337        0.2048

FU_BUSY_MEM_STALL                               249997        0.0543           752383        0.0535

FUS_EMPTY                                     33316378        7.2348        102918348        7.3181

FU_UNAVAILABLE                                    3868        0.0008            10002        0.0007

FU_MEM_UNAVAILABLE                              118456        0.0257           355657        0.0253

FU_OTHER_UNAVAILABLE                                 0        0.0000                0        0.0000

FU_REPLAY                                            0        0.0000                0        0.0000

FU_STARVED                                    33263107        7.2232        102769623        7.3075

CHIP_UTILIZATION                                     0        0.0000                0        0.0000

CYCLES_UNDER_MEM_REQ                                 0                              0              

CYCLES_UNDER_NO_MEM_REQ                              0                              0              

CYCLES_UNDER_CRITICAL_MEM_REQ                        0                              0              

CYCLES_UNDER_NONCRITICAL_MEM_REQ                     0                              0              

CHIP_UTILIZATION_UNDER_MEM_REQ                       0          -nan                0          -nan

CHIP_UTILIZATION_UNDER_NO_MEM_REQ                    0          -nan                0          -nan

CHIP_UTILIZATION_UNDER_CRITICAL_MEM_REQ              0          -nan                0          -nan

CHIP_UTILIZATION_UNDER_NONCRITICAL_MEM_REQ             0          -nan                0          -nan

CYCLES_NOT_WAITING_FOR_OFF_CHIP                      0        0.0000                0        0.0000

FUS_BUSY_NOT_WAITING_FOR_OFF_CHIP                    0          -nan                0          -nan

CYCLES_WAITING_FOR_OFF_CHIP                          0        0.0000                0        0.0000

FUS_BUSY_WAITING_FOR_OFF_CHIP                        0          -nan                0          -nan

TOTAL_OFF_CHIP_DELAYS_LEFT                           0                              0              

WRONG_IO_SCHED                                       0                              0              

DVFS_CONFIG_SWITCH                                   0                              0              

MAP_STAGE_RECEIVED_OPS_0                             0        0.000%                0        0.000%
MAP_STAGE_RECEIVED_OPS_1                         23570        1.198%            63867        1.088%
MAP_STAGE_RECEIVED_OPS_2                         25674        1.305%            69611        1.186%
MAP_STAGE_RECEIVED_OPS_3                         34486        1.753%            96632        1.646%
MAP_STAGE_RECEIVED_OPS_4                         34701        1.764%            93121        1.586%
MAP_STAGE_RECEIVED_OPS_5                         34530        1.756%            93183        1.587%
MAP_STAGE_RECEIVED_OPS_6                       1813847       92.223%          5454031       92.907%
MAP_STAGE_RECEIVED_OPS_7                             0        0.000%                0        0.000%
MAP_STAGE_RECEIVED_OPS_8                             0        0.000%                0        0.000%
MAP_STAGE_RECEIVED_OPS_MAX                           0        0.000%                0        0.000%
                                               1966808      100.000%          5870445      100.000%
                                                  5.78         0.84              5.80         0.81

MAP_STAGE_WAIT_FOR_DECODE                            0         -nan%                0         -nan%
MAP_STAGE_CONSUME_DECODE                             0         -nan%                0         -nan%
                                                     0         -nan%                0         -nan%
                                                  -nan         -nan              -nan         -nan

MAP_STAGE_WAIT_FOR_DECODE2                           0         -nan%                0         -nan%
MAP_STAGE_CONSUME_DECODE2                            0         -nan%                0         -nan%
                                                     0         -nan%                0         -nan%
                                                  -nan         -nan              -nan         -nan

FTQ_RECOVER_EXEC                                 15670                          42826              

FTQ_RECOVER_DECODE                                  39                            959              

FTQ_OFFPATH_CYCLES                             2982315                        8636024              

FTQ_CYCLES_OFFPATH                             2982315                        8636024              

FTQ_CYCLES_ONPATH                              1622718                        5427522              

FTQ_FETCHED_INS_ONPATH                        11402896                       34139792              

FTQ_FETCHED_INS_OFFPATH                       16971040                       48527854              

FTQ_BREAK_FULL_FT_ONPATH                        890649                        3379249              

FTQ_BREAK_FULL_FT_OFFPATH                      1446579                        4451989              

FTQ_BREAK_PRED_BR_ONPATH                             0                              0              

FTQ_BREAK_PRED_BR_OFFPATH                            0                              0              

FTQ_BREAK_BAR_FETCH_ONPATH                           0                              0              

FTQ_BREAK_BAR_FETCH_OFFPATH                          0                              0              

FTQ_BREAK_MAX_CFS_TAKEN_ONPATH                       0                              0              

FTQ_BREAK_MAX_CFS_TAKEN_OFFPATH                      0                              0              

FTQ_BREAK_MAX_FT_ONPATH                         731762                        2047965              

FTQ_BREAK_MAX_FT_OFFPATH                       1535735                        4184035              

DFE_GEN_ON_PATH_FT                             1387619                        4155478              

DFE_GEN_OFF_PATH_FT                            1589277                        4399481              

DFE_L0_ENABLED_PREDICTIONS                    11402902                       34139792              

DFE_L0_WRONG_MAIN_CORRECT                       465946                        1405965              

DFE_L0_WRONG_MAIN_WRONG                          14378                          39649              

DFE_L0_CORRECT_MAIN_WRONG                         1331                           4136              

DFE_L0_CORRECT_MAIN_CORRECT                   10921247                       32690042              

DFE_L0_WRONG_MAIN_CORRECT_RECOVERY_SCHEDULED             0                              0              

FTQ_SAW_BAR_FETCH_OFFPATH                            0                              0              

FTQ_SAW_BAR_FETCH_ONPATH                             0                              0              

DFE_CONF_0_RECOVER_AT_EXEC                           0         -nan%                0         -nan%
DFE_CONF_1_RECOVER_AT_EXEC                           0         -nan%                0         -nan%
DFE_CONF_2_RECOVER_AT_EXEC                           0         -nan%                0         -nan%
DFE_CONF_3_RECOVER_AT_EXEC                           0         -nan%                0         -nan%
DFE_CONF_0_CORRECT                                   0         -nan%                0         -nan%
DFE_CONF_1_CORRECT                                   0         -nan%                0         -nan%
DFE_CONF_2_CORRECT                                   0         -nan%                0         -nan%
DFE_CONF_3_CORRECT                                   0         -nan%                0         -nan%
                                                     0         -nan%                0         -nan%
                                                  -nan         -nan              -nan         -nan

DFE_ON_CONF_ON_OPS                                   0         -nan%                0         -nan%
DFE_ON_CONF_OFF_OPS                                  0         -nan%                0         -nan%
DFE_OFF_CONF_ON_OPS                                  0         -nan%                0         -nan%
DFE_OFF_CONF_OFF_REALISTIC_OPS                       0         -nan%                0         -nan%
DFE_OFF_CONF_OFF_PERFECT_OPS                         0         -nan%                0         -nan%
                                                     0         -nan%                0         -nan%
                                                  -nan         -nan              -nan         -nan

DFE_ON_CONF_ON_FETCH_TARGETS                         0         -nan%                0         -nan%
DFE_ON_CONF_OFF_FETCH_TARGETS                        0         -nan%                0         -nan%
DFE_OFF_CONF_ON_FETCH_TARGETS                        0         -nan%                0         -nan%
DFE_OFF_CONF_OFF_REALISTIC_FETCH_TARGETS             0         -nan%                0         -nan%
DFE_OFF_CONF_OFF_PERFECT_FETCH_TARGETS               0         -nan%                0         -nan%
                                                     0         -nan%                0         -nan%
                                                  -nan         -nan              -nan         -nan

DFE_ON_CONF_ON_CYCLES                                0         -nan%                0         -nan%
DFE_ON_CONF_OFF_CYCLES                               0         -nan%                0         -nan%
DFE_OFF_CONF_ON_CYCLES                               0         -nan%                0         -nan%
DFE_OFF_CONF_OFF_REALISTIC_CYCLES                    0         -nan%                0         -nan%
DFE_OFF_CONF_OFF_PERFECT_CYCLES                      0         -nan%                0         -nan%
                                                     0         -nan%                0         -nan%
                                                  -nan         -nan              -nan         -nan

DFE_OFF_CONF_ON_NUM_EVENTS                           0                              0              

DFE_OFF_CONF_ON_NOT_IDENTIFIED_EVENTS                0         -nan%                0         -nan%
DFE_OFF_CONF_ON_IBTB_MISS_EVENTS                     0         -nan%                0         -nan%
DFE_OFF_CONF_ON_BTB_MISS_EVENTS                      0         -nan%                0         -nan%
DFE_OFF_CONF_ON_BTB_MISS_RECOVER_AT_EXEC_EVENTS             0         -nan%                0         -nan%
DFE_OFF_CONF_ON_RECOVER_AT_EXEC_EVENTS               0         -nan%                0         -nan%
DFE_OFF_CONF_ON_RECOVER_AT_DECODE_EVENTS             0         -nan%                0         -nan%
                                                     0         -nan%                0         -nan%
                                                  -nan         -nan              -nan         -nan

DFE_OFF_CONF_ON_LATE_BTB_HIT_EVENTS                  0                              0              

DFE_OFF_CONF_ON_NOT_IDENTIFIED_CYCLES                0         -nan%                0         -nan%
DFE_OFF_CONF_ON_IBTB_MISS_CYCLES                     0         -nan%                0         -nan%
DFE_OFF_CONF_ON_BTB_MISS_CYCLES                      0         -nan%                0         -nan%
DFE_OFF_CONF_ON_BTB_MISS_RECOVER_AT_EXEC_CYCLES             0         -nan%                0         -nan%
DFE_OFF_CONF_ON_RECOVER_AT_EXEC_CYCLES               0         -nan%                0         -nan%
DFE_OFF_CONF_ON_RECOVER_AT_DECODE_CYCLES             0         -nan%                0         -nan%
                                                     0         -nan%                0         -nan%
                                                  -nan         -nan              -nan         -nan

DFE_OFF_CONF_ON_LATE_BTB_HIT_CYCLES                  0                              0              

DFE_OFF_CONF_ON_NOT_IDENTIFIED_FETCH_TARGETS             0         -nan%                0         -nan%
DFE_OFF_CONF_ON_IBTB_MISS_FETCH_TARGETS              0         -nan%                0         -nan%
DFE_OFF_CONF_ON_BTB_MISS_FETCH_TARGETS               0         -nan%                0         -nan%
DFE_OFF_CONF_ON_BTB_MISS_RECOVER_AT_EXEC_FETCH_TARGETS             0         -nan%                0         -nan%
DFE_OFF_CONF_ON_RECOVER_AT_EXEC_FETCH_TARGETS             0         -nan%                0         -nan%
DFE_OFF_CONF_ON_RECOVER_AT_DECODE_FETCH_TARGETS             0         -nan%                0         -nan%
                                                     0         -nan%                0         -nan%
                                                  -nan         -nan              -nan         -nan

DFE_OFF_CONF_ON_LATE_BTB_HIT_FETCH_TARGETS             0                              0              

DFE_OFF_CONF_ON_BP_INCORRECT_0_CONF                  0         -nan%                0         -nan%
DFE_OFF_CONF_ON_BP_INCORRECT_1_CONF                  0         -nan%                0         -nan%
DFE_OFF_CONF_ON_BP_INCORRECT_2_CONF                  0         -nan%                0         -nan%
DFE_OFF_CONF_ON_BP_INCORRECT_3_CONF                  0         -nan%                0         -nan%
                                                     0         -nan%                0         -nan%
                                                  -nan         -nan              -nan         -nan

DFE_OFF_CONF_ON_BTB_MISS_CBR_0_CONF                  0         -nan%                0         -nan%
DFE_OFF_CONF_ON_BTB_MISS_CBR_1_CONF                  0         -nan%                0         -nan%
DFE_OFF_CONF_ON_BTB_MISS_CBR_2_CONF                  0         -nan%                0         -nan%
DFE_OFF_CONF_ON_BTB_MISS_CBR_3_CONF                  0         -nan%                0         -nan%
                                                     0         -nan%                0         -nan%
                                                  -nan         -nan              -nan         -nan

DFE_OFF_CONF_ON_BTB_MISS_NOT_CF                      0         -nan%                0         -nan%
DFE_OFF_CONF_ON_BTB_MISS_CF_BR                       0         -nan%                0         -nan%
DFE_OFF_CONF_ON_BTB_MISS_CF_CBR                      0         -nan%                0         -nan%
DFE_OFF_CONF_ON_BTB_MISS_CF_CALL                     0         -nan%                0         -nan%
DFE_OFF_CONF_ON_BTB_MISS_CF_IBR                      0         -nan%                0         -nan%
DFE_OFF_CONF_ON_BTB_MISS_CF_ICALL                    0         -nan%                0         -nan%
DFE_OFF_CONF_ON_BTB_MISS_CF_ICO                      0         -nan%                0         -nan%
DFE_OFF_CONF_ON_BTB_MISS_CF_RET                      0         -nan%                0         -nan%
DFE_OFF_CONF_ON_BTB_MISS_CF_SYS                      0         -nan%                0         -nan%
                                                     0         -nan%                0         -nan%
                                                  -nan         -nan              -nan         -nan

DFE_ON_CONF_OFF_NUM_EVENTS                           0                              0              

CONF_BTB_NUM_CYCLES_OFF_PATH_EVENT                   0                              0              

DFE_ON_CONF_OFF_IBTB_MISS_BP_TAKEN                   0         -nan%                0         -nan%
DFE_ON_CONF_OFF_BTB_MISS_BP_TAKEN_CONF_0             0         -nan%                0         -nan%
DFE_ON_CONF_OFF_BTB_MISS_BP_TAKEN_CONF_1             0         -nan%                0         -nan%
DFE_ON_CONF_OFF_BTB_MISS_BP_TAKEN_CONF_2             0         -nan%                0         -nan%
DFE_ON_CONF_OFF_BTB_MISS_BP_TAKEN_CONF_3             0         -nan%                0         -nan%
DFE_ON_CONF_OFF_BTB_MISS_RATE                        0         -nan%                0         -nan%
DFE_ON_CONF_OFF_IBTB_MISS_RATE                       0         -nan%                0         -nan%
DFE_ON_CONF_OFF_RECOVER_AT_DECODE_RATE               0         -nan%                0         -nan%
DFE_ON_CONF_OFF_RECOVER_AT_EXEC_RATE                 0         -nan%                0         -nan%
DFE_ON_CONF_OFF_INV_CONF_INC                         0         -nan%                0         -nan%
DFE_ON_CONF_OFF_PERFECT_CONF                         0         -nan%                0         -nan%
                                                     0         -nan%                0         -nan%
                                                  -nan         -nan              -nan         -nan

DFE_ON_CONF_OFF_IBTB_MISS_BP_TAKEN_CYCLES             0         -nan%                0         -nan%
DFE_ON_CONF_OFF_BTB_MISS_BP_TAKEN_CONF_0_CYCLES             0         -nan%                0         -nan%
DFE_ON_CONF_OFF_BTB_MISS_BP_TAKEN_CONF_1_CYCLES             0         -nan%                0         -nan%
DFE_ON_CONF_OFF_BTB_MISS_BP_TAKEN_CONF_2_CYCLES             0         -nan%                0         -nan%
DFE_ON_CONF_OFF_BTB_MISS_BP_TAKEN_CONF_3_CYCLES             0         -nan%                0         -nan%
DFE_ON_CONF_OFF_BTB_MISS_RATE_CYCLES                 0         -nan%                0         -nan%
DFE_ON_CONF_OFF_IBTB_MISS_RATE_CYCLES                0         -nan%                0         -nan%
DFE_ON_CONF_OFF_RECOVER_AT_DECODE_RATE_CYCLES             0         -nan%                0         -nan%
DFE_ON_CONF_OFF_RECOVER_AT_EXEC_RATE_CYCLES             0         -nan%                0         -nan%
DFE_ON_CONF_OFF_INV_CONF_INC_CYCLES                  0         -nan%                0         -nan%
DFE_ON_CONF_OFF_PERFECT_CONF_CYCLES                  0         -nan%                0         -nan%
                                                     0         -nan%                0         -nan%
                                                  -nan         -nan              -nan         -nan

DFE_ON_CONF_OFF_IBTB_MISS_BP_TAKEN_FETCH_TARGETS             0         -nan%                0         -nan%
DFE_ON_CONF_OFF_BTB_MISS_BP_TAKEN_CONF_0_FETCH_TARGETS             0         -nan%                0         -nan%
DFE_ON_CONF_OFF_BTB_MISS_BP_TAKEN_CONF_1_FETCH_TARGETS             0         -nan%                0         -nan%
DFE_ON_CONF_OFF_BTB_MISS_BP_TAKEN_CONF_2_FETCH_TARGETS             0         -nan%                0         -nan%
DFE_ON_CONF_OFF_BTB_MISS_BP_TAKEN_CONF_3_FETCH_TARGETS             0         -nan%                0         -nan%
DFE_ON_CONF_OFF_BTB_MISS_RATE_FETCH_TARGETS             0         -nan%                0         -nan%
DFE_ON_CONF_OFF_IBTB_MISS_RATE_FETCH_TARGETS             0         -nan%                0         -nan%
DFE_ON_CONF_OFF_RECOVER_AT_DECODE_RATE_FETCH_TARGETS             0         -nan%                0         -nan%
DFE_ON_CONF_OFF_RECOVER_AT_EXEC_RATE_FETCH_TARGETS             0         -nan%                0         -nan%
DFE_ON_CONF_OFF_INV_CONF_INC_FETCH_TARGETS             0         -nan%                0         -nan%
DFE_ON_CONF_OFF_PERFECT_CONF_FETCH_TARGETS             0         -nan%                0         -nan%
                                                     0         -nan%                0         -nan%
                                                  -nan         -nan              -nan         -nan

CONF_OFF_IBTB_MISS_BP_TAKEN                          0         -nan%                0         -nan%
CONF_OFF_BTB_MISS_BP_TAKEN_CONF_0                    0         -nan%                0         -nan%
CONF_OFF_BTB_MISS_BP_TAKEN_CONF_1                    0         -nan%                0         -nan%
CONF_OFF_BTB_MISS_BP_TAKEN_CONF_2                    0         -nan%                0         -nan%
CONF_OFF_BTB_MISS_BP_TAKEN_CONF_3                    0         -nan%                0         -nan%
CONF_OFF_BTB_MISS_RATE                               0         -nan%                0         -nan%
CONF_OFF_IBTB_MISS_RATE                              0         -nan%                0         -nan%
CONF_OFF_RECOVER_AT_DECODE_RATE                      0         -nan%                0         -nan%
CONF_OFF_RECOVER_AT_EXEC_RATE                        0         -nan%                0         -nan%
CONF_OFF_INV_CONF_INC                                0         -nan%                0         -nan%
CONF_OFF_PERFECT_CONF                                0         -nan%                0         -nan%
                                                     0         -nan%                0         -nan%
                                                  -nan         -nan              -nan         -nan

TOPDOWN_TOTAL_SLOTS                           27630198                       84381276              

TOPDOWN_ISSUED_SLOTS                          14576696                       42431379              

TOPDOWN_RETIRED_SLOTS                         11403213                       34139792              

TOPDOWN_FETCH_BUBBLES_SLOTS                    1396416                        4426458              

TOPDOWN_RECOVERY_BUBBLES_SLOTS                 1037446                        2822370              

TOPDOWN_MEM_LOAD_STALLS_CYCLES                 1559703                        5053134              

TOPDOWN_MEM_STORE_STALLS_CYCLES                    194                          13793              

TOPDOWN_EXEC_STALLS_CYCLES                     1235978                        4000196              

TOPDOWN_BACKEND_STALLS_CYCLES                  1559949                        5068027              

TOPDOWN_FETCH_BUBBLES_GT_MIW_CYCLES             182698                         604951              

TOPDOWN_BR_RECOVER_AT_EXEC_RETIRED_CYCLES         15670                          42826              

TOPDOWN_MACHINE_CLEAR_CYCLES                    481656                        1449750              

TOPDOWN_FRONTEND_BOUND                             505                            505              

TOPDOWN_BACKEND_BOUND                             3844                           3844              

TOPDOWN_BAD_SPEC_BOUND                            1524                           1524              

TOPDOWN_RETIRING_BOUND                            4127                           4127              

TOPDOWN_FETCH_LATENCY_BOUND                        396                            396              

TOPDOWN_FETCH_BANDWIDTH_BOUND                      109                            109              

TOPDOWN_MEM_BOUND                                 3843                           3843              

TOPDOWN_CORE_BOUND                                   1                              1              

TOPDOWN_BR_RECOVER_AT_EXEC_BOUND                    48                             48              

TOPDOWN_MACHINE_CLEARS_BOUND                      1476                           1476              

H2P_SEEN_MAIN                                        0                           2139              



