/* -*- Mode: c -*- */
####################################################################################################
Core 0
####################################################################################################
Cumulative:        Cycles: 70134506              Instructions: 89999999              IPC: 1.28325

Periodic:          Cycles: 70134506              Instructions: 89999999              IPC: 1.28325

PREF_DL0REQ_QUEUE_HIT_BY_DEMAND                      0                              0              

PREF_UMLC_REQ_QUEUE_HIT_BY_DEMAND                    0                              0              

PREF_UL1REQ_QUEUE_HIT_BY_DEMAND                      0                              0              

PREF_DL0REQ_QUEUE_FULL                               0                              0              

PREF_UMLC_REQ_QUEUE_FULL                             0                              0              

PREF_UL1REQ_QUEUE_FULL                               0                              0              

PREF_DC_HIT_NOSEND                                   0                              0              

PREF_WBQDC_HIT_NOSEND                                0                              0              

PREF_MLCQ_STALL                                      0                              0              

PREF_L1Q_STALL                                       0                              0              

PREF_UMLC_REQ_SEND_QUEUE_STALL                       0                              0              

PREF_UL1REQ_SEND_QUEUE_STALL                  55341903                       55341903              

PREF_UMLC_REQ_QUEUE_SENTREQ                          0                              0              

PREF_UL1REQ_QUEUE_SENTREQ                       346604                         346604              

PREF_NEWREQ_MATCHED                                172                            172              

PREF_UMLC_REQ_QUEUE_MATCHED_REQ                      0                              0              

PREF_UL1REQ_QUEUE_MATCHED_REQ                    77543                          77543              

PREF_DL0REQ_QUEUE_MATCHED_REQ                        0                              0              

L1_PREF_HIT                                     296266                         296266              

L1_PREF_UNIQUE_HIT                              296266                         296266              

L1_PREF_LATE                                      3809                           3809              

L1_LATE_PREF_CYCLES                            2687398                        2687398              

L1_LATE_PREF_CYCLES_DIST_0                         217        5.697%              217        5.697%
L1_LATE_PREF_CYCLES_DIST_100                       236        6.196%              236        6.196%
L1_LATE_PREF_CYCLES_DIST_200                       254        6.668%              254        6.668%
L1_LATE_PREF_CYCLES_DIST_300                       434       11.394%              434       11.394%
L1_LATE_PREF_CYCLES_DIST_400                       687       18.036%              687       18.036%
L1_LATE_PREF_CYCLES_DIST_500                       375        9.845%              375        9.845%
L1_LATE_PREF_CYCLES_DIST_600                       178        4.673%              178        4.673%
L1_LATE_PREF_CYCLES_DIST_700                       243        6.380%              243        6.380%
L1_LATE_PREF_CYCLES_DIST_800                       178        4.673%              178        4.673%
L1_LATE_PREF_CYCLES_DIST_900                       205        5.382%              205        5.382%
L1_LATE_PREF_CYCLES_DIST_1000                      151        3.964%              151        3.964%
L1_LATE_PREF_CYCLES_DIST_1100                       68        1.785%               68        1.785%
L1_LATE_PREF_CYCLES_DIST_1200                       59        1.549%               59        1.549%
L1_LATE_PREF_CYCLES_DIST_1300                       89        2.337%               89        2.337%
L1_LATE_PREF_CYCLES_DIST_1400                       52        1.365%               52        1.365%
L1_LATE_PREF_CYCLES_DIST_1500                       35        0.919%               35        0.919%
L1_LATE_PREF_CYCLES_DIST_1600                       28        0.735%               28        0.735%
L1_LATE_PREF_CYCLES_DIST_1700                       15        0.394%               15        0.394%
L1_LATE_PREF_CYCLES_DIST_1800                       13        0.341%               13        0.341%
L1_LATE_PREF_CYCLES_DIST_1900                       13        0.341%               13        0.341%
L1_LATE_PREF_CYCLES_DIST_2000                      279        7.325%              279        7.325%
                                                  3809      100.000%             3809      100.000%
                                                  6.52         5.36              6.52         5.36

MLC_PREF_HIT                                     13219                          13219              

MLC_PREF_UNIQUE_HIT                               1405                           1405              

MLC_PREF_LATE                                        0                              0              

PREF_HYBRID_SEL_0                                    0         -nan%                0         -nan%
PREF_HYBRID_SEL_1                                    0         -nan%                0         -nan%
PREF_HYBRID_SEL_2                                    0         -nan%                0         -nan%
PREF_HYBRID_SEL_3                                    0         -nan%                0         -nan%
PREF_HYBRID_SEL_4                                    0         -nan%                0         -nan%
PREF_HYBRID_SEL_5                                    0         -nan%                0         -nan%
PREF_HYBRID_SEL_6                                    0         -nan%                0         -nan%
                                                     0         -nan%                0         -nan%
                                                  -nan         -nan              -nan         -nan

PREF_DISTANCE_1                                      0        0.000%                0        0.000%
PREF_DISTANCE_2                                      0        0.000%                0        0.000%
PREF_DISTANCE_3                                      0        0.000%                0        0.000%
PREF_DISTANCE_4                                      1        0.353%                1        0.353%
PREF_DISTANCE_5                                    282       99.647%              282       99.647%
PREF_DISTANCE_6                                      0        0.000%                0        0.000%
PREF_DISTANCE_7                                      0        0.000%                0        0.000%
PREF_DISTANCE_8                                      0        0.000%                0        0.000%
PREF_DISTANCE_9                                      0        0.000%                0        0.000%
PREF_DISTANCE_10                                     0        0.000%                0        0.000%
                                                   283      100.000%              283      100.000%
                                                  4.00         0.06              4.00         0.06

PREF_REPL_MRU                                        0         -nan%                0         -nan%
PREF_REPL_MID                                        0         -nan%                0         -nan%
PREF_REPL_LOWQTR                                     0         -nan%                0         -nan%
PREF_REPL_LRU                                        0         -nan%                0         -nan%
                                                     0         -nan%                0         -nan%
                                                  -nan         -nan              -nan         -nan

PREF_REPL_MOVEDOWN                                   0         -nan%                0         -nan%
PREF_REPL_MOVEUP                                     0         -nan%                0         -nan%
                                                     0         -nan%                0         -nan%
                                                  -nan         -nan              -nan         -nan

PREF_COV_1                                           0         -nan%                0         -nan%
PREF_COV_2                                           0         -nan%                0         -nan%
PREF_COV_3                                           0         -nan%                0         -nan%
PREF_COV_4                                           0         -nan%                0         -nan%
PREF_COV_5                                           0         -nan%                0         -nan%
PREF_COV_6                                           0         -nan%                0         -nan%
PREF_COV_7                                           0         -nan%                0         -nan%
PREF_COV_8                                           0         -nan%                0         -nan%
PREF_COV_9                                           0         -nan%                0         -nan%
PREF_COV_10                                          0         -nan%                0         -nan%
                                                     0         -nan%                0         -nan%
                                                  -nan         -nan              -nan         -nan

PREF_POL_1                                           0        0.000%                0        0.000%
PREF_POL_2                                           0        0.000%                0        0.000%
PREF_POL_3                                           0        0.000%                0        0.000%
PREF_POL_4                                           0        0.000%                0        0.000%
PREF_POL_5                                           0        0.000%                0        0.000%
PREF_POL_6                                           0        0.000%                0        0.000%
PREF_POL_7                                           0        0.000%                0        0.000%
PREF_POL_8                                           0        0.000%                0        0.000%
PREF_POL_9                                           0        0.000%                0        0.000%
PREF_POL_10                                        283      100.000%              283      100.000%
                                                   283      100.000%              283      100.000%
                                                  9.00         9.02              9.00         9.02

PREF_ACC_1                                         256       90.459%              256       90.459%
PREF_ACC_2                                           3        1.060%                3        1.060%
PREF_ACC_3                                           2        0.707%                2        0.707%
PREF_ACC_4                                          22        7.774%               22        7.774%
PREF_ACC_5                                           0        0.000%                0        0.000%
PREF_ACC_6                                           0        0.000%                0        0.000%
PREF_ACC_7                                           0        0.000%                0        0.000%
PREF_ACC_8                                           0        0.000%                0        0.000%
PREF_ACC_9                                           0        0.000%                0        0.000%
PREF_ACC_10                                          0        0.000%                0        0.000%
                                                   283      100.000%              283      100.000%
                                                  0.26         0.78              0.26         0.78

PREF_TIMELY_1                                        0        0.000%                0        0.000%
PREF_TIMELY_2                                        0        0.000%                0        0.000%
PREF_TIMELY_3                                        0        0.000%                0        0.000%
PREF_TIMELY_4                                        0        0.000%                0        0.000%
PREF_TIMELY_5                                        0        0.000%                0        0.000%
PREF_TIMELY_6                                        0        0.000%                0        0.000%
PREF_TIMELY_7                                        0        0.000%                0        0.000%
PREF_TIMELY_8                                        0        0.000%                0        0.000%
PREF_TIMELY_9                                        0        0.000%                0        0.000%
PREF_TIMELY_10                                     283      100.000%              283      100.000%
                                                   283      100.000%              283      100.000%
                                                  9.00         9.02              9.00         9.02

PREF_UNUSED_EVICT                                46219                          46219              

PREF_REGION_SENT                                     0                              0              

PREF_REGION_USEFUL                                   0                              0              

PREF_REGION_EVICT                                    0                              0              

PREF_PFPOL                                           0                              0              

PREF_PHASE_NEWPHASE_DET                              0                              0              

PREF_PHASE_NEWPHASE_NOTVALID                         0                              0              

PREF_PHASE_SENTPREF                                  0                              0              

PREF_PHASE_OVERWRITE_PAGE                            0                              0              

PREF_UPDATE_COUNT                                  283                            283              

PREF_ACC1_HT_HP                                      0        0.000%                0        0.000%
PREF_ACC1_HT_LP                                    258       91.166%              258       91.166%
PREF_ACC1_LT_HP                                      0        0.000%                0        0.000%
PREF_ACC1_LT_LP                                      1        0.353%                1        0.353%
PREF_ACC2_HT_HP                                      0        0.000%                0        0.000%
PREF_ACC2_HT_LP                                      2        0.707%                2        0.707%
PREF_ACC2_LT_HP                                      0        0.000%                0        0.000%
PREF_ACC2_LT_LP                                     22        7.774%               22        7.774%
PREF_ACC3_HT_HP                                      0        0.000%                0        0.000%
PREF_ACC3_HT_LP                                      0        0.000%                0        0.000%
PREF_ACC3_LT_HP                                      0        0.000%                0        0.000%
PREF_ACC3_LT_LP                                      0        0.000%                0        0.000%
PREF_ACC4_HT_HP                                      0        0.000%                0        0.000%
PREF_ACC4_HT_LP                                      0        0.000%                0        0.000%
PREF_ACC4_LT_HP                                      0        0.000%                0        0.000%
PREF_ACC4_LT_LP                                      0        0.000%                0        0.000%
                                                   283      100.000%              283      100.000%
                                                  1.50         1.64              1.50         1.64

FDIP_DECIDE_PREF_ONPATH0                      20335871                       20335871              

FDIP_DECIDE_PREF_OFFPATH0                      3549122                        3549122              

FDIP_NEW_PREFETCHES_ONPATH0                        147                            147              

FDIP_NEW_PREFETCHES_OFFPATH0                      2688                           2688              

FDIP_PREF_ICACHE_PROBE_HIT_ONPATH0            20335505                       20335505              

FDIP_PREF_ICACHE_PROBE_HIT_OFFPATH0            3544546                        3544546              

FDIP_PREF_MSHR_PROBE_HIT_ONPATH0                   174                            174              

FDIP_PREF_MSHR_PROBE_HIT_OFFPATH0                 1873                           1873              

FDIP_PREF_FAILED_ONPATH0                            45                             45              

FDIP_PREF_FAILED_OFFPATH0                           15                             15              

FDIP_ATTEMPTED_PREF_ONPATH0                   20336039                       20336039              

FDIP_ATTEMPTED_PREF_OFFPATH0                   3576457                        3576457              

FDIP_DECIDE_PREF_ONPATH1                             0                              0              

FDIP_DECIDE_PREF_OFFPATH1                            0                              0              

FDIP_NEW_PREFETCHES_ONPATH1                          0                              0              

FDIP_NEW_PREFETCHES_OFFPATH1                         0                              0              

FDIP_PREF_ICACHE_PROBE_HIT_ONPATH1                   0                              0              

FDIP_PREF_ICACHE_PROBE_HIT_OFFPATH1                  0                              0              

FDIP_PREF_MSHR_PROBE_HIT_ONPATH1                     0                              0              

FDIP_PREF_MSHR_PROBE_HIT_OFFPATH1                    0                              0              

FDIP_PREF_FAILED_ONPATH1                             0                              0              

FDIP_PREF_FAILED_OFFPATH1                            0                              0              

FDIP_ATTEMPTED_PREF_ONPATH1                          0                              0              

FDIP_ATTEMPTED_PREF_OFFPATH1                         0                              0              

FDIP_DECIDE_PREF_ONPATH2                             0                              0              

FDIP_DECIDE_PREF_OFFPATH2                            0                              0              

FDIP_NEW_PREFETCHES_ONPATH2                          0                              0              

FDIP_NEW_PREFETCHES_OFFPATH2                         0                              0              

FDIP_PREF_ICACHE_PROBE_HIT_ONPATH2                   0                              0              

FDIP_PREF_ICACHE_PROBE_HIT_OFFPATH2                  0                              0              

FDIP_PREF_MSHR_PROBE_HIT_ONPATH2                     0                              0              

FDIP_PREF_MSHR_PROBE_HIT_OFFPATH2                    0                              0              

FDIP_PREF_FAILED_ONPATH2                             0                              0              

FDIP_PREF_FAILED_OFFPATH2                            0                              0              

FDIP_ATTEMPTED_PREF_ONPATH2                          0                              0              

FDIP_ATTEMPTED_PREF_OFFPATH2                         0                              0              

FDIP_DECIDE_PREF_ONPATH3                             0                              0              

FDIP_DECIDE_PREF_OFFPATH3                            0                              0              

FDIP_NEW_PREFETCHES_ONPATH3                          0                              0              

FDIP_NEW_PREFETCHES_OFFPATH3                         0                              0              

FDIP_PREF_ICACHE_PROBE_HIT_ONPATH3                   0                              0              

FDIP_PREF_ICACHE_PROBE_HIT_OFFPATH3                  0                              0              

FDIP_PREF_MSHR_PROBE_HIT_ONPATH3                     0                              0              

FDIP_PREF_MSHR_PROBE_HIT_OFFPATH3                    0                              0              

FDIP_PREF_FAILED_ONPATH3                             0                              0              

FDIP_PREF_FAILED_OFFPATH3                            0                              0              

FDIP_ATTEMPTED_PREF_ONPATH3                          0                              0              

FDIP_ATTEMPTED_PREF_OFFPATH3                         0                              0              

FDIP_DECIDE_PREF_ONPATH4                             0                              0              

FDIP_DECIDE_PREF_OFFPATH4                            0                              0              

FDIP_NEW_PREFETCHES_ONPATH4                          0                              0              

FDIP_NEW_PREFETCHES_OFFPATH4                         0                              0              

FDIP_PREF_ICACHE_PROBE_HIT_ONPATH4                   0                              0              

FDIP_PREF_ICACHE_PROBE_HIT_OFFPATH4                  0                              0              

FDIP_PREF_MSHR_PROBE_HIT_ONPATH4                     0                              0              

FDIP_PREF_MSHR_PROBE_HIT_OFFPATH4                    0                              0              

FDIP_PREF_FAILED_ONPATH4                             0                              0              

FDIP_PREF_FAILED_OFFPATH4                            0                              0              

FDIP_ATTEMPTED_PREF_ONPATH4                          0                              0              

FDIP_ATTEMPTED_PREF_OFFPATH4                         0                              0              

FDIP_ALT_PATH_PREFETCHES_IC_EMITTED                  0                              0              

FDIP_ALT_PATH_PREFETCHES_IC_TRIGGERED                0                              0              

FDIP_ALT_PATH_PREFETCHES_UOC_EMITTED_OFF_PATH             0         -nan%                0         -nan%
FDIP_ALT_PATH_PREFETCHES_UOC_EMITTED_ON_PATH             0         -nan%                0         -nan%
                                                     0         -nan%                0         -nan%
                                                  -nan         -nan              -nan         -nan

FDIP_ALT_PATH_PREFETCHES_UOC_TRIGGERED               0                              0              

FDIP_BREAK_REACH_FTQ_END0                     70106811       99.961%         70106811       99.961%
FDIP_BREAK_FTQ_EMPTY0                               82        0.000%               82        0.000%
FDIP_BREAK_MAX_FTQ_ENTRY_CYC0                      110        0.000%              110        0.000%
FDIP_BREAK_FULL_MEM_REQ_BUF0                     27503        0.039%            27503        0.039%
                                              70134506      100.000%         70134506      100.000%
                                                  0.00         0.06              0.00         0.06

FDIP_BREAK_REACH_FTQ_END1                            0         -nan%                0         -nan%
FDIP_BREAK_FTQ_EMPTY1                                0         -nan%                0         -nan%
FDIP_BREAK_MAX_FTQ_ENTRY_CYC1                        0         -nan%                0         -nan%
FDIP_BREAK_FULL_MEM_REQ_BUF1                         0         -nan%                0         -nan%
                                                     0         -nan%                0         -nan%
                                                  -nan         -nan              -nan         -nan

FDIP_BREAK_REACH_FTQ_END2                            0         -nan%                0         -nan%
FDIP_BREAK_FTQ_EMPTY2                                0         -nan%                0         -nan%
FDIP_BREAK_MAX_FTQ_ENTRY_CYC2                        0         -nan%                0         -nan%
FDIP_BREAK_FULL_MEM_REQ_BUF2                         0         -nan%                0         -nan%
                                                     0         -nan%                0         -nan%
                                                  -nan         -nan              -nan         -nan

FDIP_BREAK_REACH_FTQ_END3                            0         -nan%                0         -nan%
FDIP_BREAK_FTQ_EMPTY3                                0         -nan%                0         -nan%
FDIP_BREAK_MAX_FTQ_ENTRY_CYC3                        0         -nan%                0         -nan%
FDIP_BREAK_FULL_MEM_REQ_BUF3                         0         -nan%                0         -nan%
                                                     0         -nan%                0         -nan%
                                                  -nan         -nan              -nan         -nan

FDIP_BREAK_REACH_FTQ_END4                            0         -nan%                0         -nan%
FDIP_BREAK_FTQ_EMPTY4                                0         -nan%                0         -nan%
FDIP_BREAK_MAX_FTQ_ENTRY_CYC4                        0         -nan%                0         -nan%
FDIP_BREAK_FULL_MEM_REQ_BUF4                         0         -nan%                0         -nan%
                                                     0         -nan%                0         -nan%
                                                  -nan         -nan              -nan         -nan

FDIP_CYCLE_COUNT                                     0                              0              

ICACHE_USEFUL_FETCHES                              222                            222              

USEFUL_CACHELINES_RETIRED                            0                              0              

ICACHE_UNUSEFUL_FETCHES                           1986                           1986              

UNIQUE_MISSED_LINES                                222                            222              

UNIQUE_HIT_LINES                                     0                              0              

UNIQUE_PREFETCHED_LINES                              0                              0              

FDIP_BTB_MISS_NT_RESTEER_ONPATH                  11411                          11411              

FDIP_BTB_MISS_NT_RESTEER_OFFPATH                  2213                           2213              

FDIP_UTILITY_HASH_HIT                                0         -nan%                0         -nan%
FDIP_UTILITY_HASH_MISS                               0         -nan%                0         -nan%
                                                     0         -nan%                0         -nan%
                                                  -nan         -nan              -nan         -nan

FDIP_UC_HIT                                          0         -nan%                0         -nan%
FDIP_UC_MISS                                         0         -nan%                0         -nan%
                                                     0         -nan%                0         -nan%
                                                  -nan         -nan              -nan         -nan

FDIP_UC_USEFUL_LINES                                 0                              0              

FDIP_UC_REPLACEMENT                                  0                              0              

FDIP_BLOOM_HIT                                       0         -nan%                0         -nan%
FDIP_BLOOM_MISS                                      0         -nan%                0         -nan%
                                                     0         -nan%                0         -nan%
                                                  -nan         -nan              -nan         -nan

FDIP_BLOOM_INSERTED                                  0                              0              

FDIP_BLOOM_CLEAR1                                    0                              0              

FDIP_BLOOM_CLEAR2                                    0                              0              

FDIP_BLOOM_CLEAR4                                    0                              0              

FDIP_BLOOM_1STREAM                                   0                              0              

FDIP_BLOOM_2STREAM                                   0                              0              

FDIP_BLOOM_3STREAM                                   0                              0              

FDIP_BLOOM_4STREAM                                   0                              0              

FDIP_BLOOM_5STREAM                                   0                              0              

FDIP_BLOOM_6STREAM                                   0                              0              

FDIP_BLOOM_7STREAM                                   0                              0              

FDIP_BLOOM_8STREAM                                   0                              0              

FDIP_BLOOM_1INSERT                                   0                              0              

FDIP_BLOOM_2INSERT                                   0                              0              

FDIP_BLOOM_4INSERT                                   0                              0              

FDIP_BLOOM_NOSTREAM                                  0                              0              

FDIP_AVG_FTQ_OCCUPANCY_OPS                         129                            129              

FDIP_AVG_FTQ_OCCUPANCY                              30                             30              

FDIP_AVG_FTQ_OCCUPANCY_OPS1                          0                              0              

FDIP_AVG_FTQ_OCCUPANCY1                              0                              0              

FDIP_AVG_FTQ_OCCUPANCY_OPS2                          0                              0              

FDIP_AVG_FTQ_OCCUPANCY2                              0                              0              

FDIP_AVG_FTQ_OCCUPANCY_OPS3                          0                              0              

FDIP_AVG_FTQ_OCCUPANCY3                              0                              0              

FDIP_AVG_FTQ_OCCUPANCY_OPS4                          0                              0              

FDIP_AVG_FTQ_OCCUPANCY4                              0                              0              

FDIP_FTQ_OCCUPANCY_OPS_ACCUMULATED0         9067787204                     9067787204              

FDIP_FTQ_OCCUPANCY_BLOCKS_ACCUMULATED0      2123066399                     2123066399              

FDIP_FTQ_OCCUPANCY_OPS_ACCUMULATED1                  0                              0              

FDIP_FTQ_OCCUPANCY_BLOCKS_ACCUMULATED1               0                              0              

FDIP_FTQ_OCCUPANCY_OPS_ACCUMULATED2                  0                              0              

FDIP_FTQ_OCCUPANCY_BLOCKS_ACCUMULATED2               0                              0              

FDIP_FTQ_OCCUPANCY_OPS_ACCUMULATED3                  0                              0              

FDIP_FTQ_OCCUPANCY_BLOCKS_ACCUMULATED3               0                              0              

FDIP_FTQ_OCCUPANCY_OPS_ACCUMULATED4                  0                              0              

FDIP_FTQ_OCCUPANCY_BLOCKS_ACCUMULATED4               0                              0              

FDIP_TRAINING_SAMPLE                                 0                              0              

FDIP_SENIORITY_FTQ_ACCUMULATED                       0                              0              

FDIP_SENIORITY_FTQ_HIT                               0                              0              

FDIP_SENIORITY_FTQ_MISS                              0                              0              

FDIP_UFTQ_STAY_SAME_FTQ_NUM                          0         -nan%                0         -nan%
FDIP_UFTQ_DEC_FTQ_NUM                                0         -nan%                0         -nan%
FDIP_UFTQ_INC_FTQ_NUM                                0         -nan%                0         -nan%
                                                     0         -nan%                0         -nan%
                                                  -nan         -nan              -nan         -nan

FDIP_OFF_CONF_ON_PREF_CANDIDATES                     0         -nan%                0         -nan%
FDIP_OFF_CONF_OFF_PREF_CANDIDATES                    0         -nan%                0         -nan%
FDIP_ON_CONF_ON_PREF_CANDIDATES                      0         -nan%                0         -nan%
FDIP_ON_CONF_OFF_PREF_CANDIDATES                     0         -nan%                0         -nan%
                                                     0         -nan%                0         -nan%
                                                  -nan         -nan              -nan         -nan

FDIP_ON_CONF_ON_EMITTED                              0         -nan%                0         -nan%
FDIP_ON_CONF_OFF_EMITTED                             0         -nan%                0         -nan%
FDIP_OFF_CONF_ON_EMITTED                             0         -nan%                0         -nan%
FDIP_OFF_CONF_OFF_EMITTED                            0         -nan%                0         -nan%
                                                     0         -nan%                0         -nan%
                                                  -nan         -nan              -nan         -nan

FDIP_OFF_CONF_ON_NOT_IDENTIFIED_PREF_CANDIDATES             0         -nan%                0         -nan%
FDIP_OFF_CONF_ON_IBTB_MISS_PREF_CANDIDATES             0         -nan%                0         -nan%
FDIP_OFF_CONF_ON_BTB_MISS_PREF_CANDIDATES             0         -nan%                0         -nan%
FDIP_OFF_CONF_ON_BTB_MISS_RECOVER_AT_EXEC_PREF_CANDIDATES             0         -nan%                0         -nan%
FDIP_OFF_CONF_ON_RECOVER_AT_EXEC_PREF_CANDIDATES             0         -nan%                0         -nan%
FDIP_OFF_CONF_ON_RECOVER_AT_DECODE_PREF_CANDIDATES             0         -nan%                0         -nan%
                                                     0         -nan%                0         -nan%
                                                  -nan         -nan              -nan         -nan

FDIP_OFF_CONF_ON_NOT_IDENTIFIED_EMITTED              0         -nan%                0         -nan%
FDIP_OFF_CONF_ON_IBTB_MISS_EMITTED                   0         -nan%                0         -nan%
FDIP_OFF_CONF_ON_BTB_MISS_EMITTED                    0         -nan%                0         -nan%
FDIP_OFF_CONF_ON_BTB_MISS_RECOVER_AT_EXEC_EMITTED             0         -nan%                0         -nan%
FDIP_OFF_CONF_ON_RECOVER_AT_EXEC_EMITTED             0         -nan%                0         -nan%
FDIP_OFF_CONF_ON_RECOVER_AT_DECODE_EMITTED             0         -nan%                0         -nan%
                                                     0         -nan%                0         -nan%
                                                  -nan         -nan              -nan         -nan

FDIP_ON_CONF_OFF_IBTB_MISS_BP_TAKEN_PREF_CANDIDATES             0         -nan%                0         -nan%
FDIP_ON_CONF_OFF_BTB_MISS_BP_TAKEN_CONF_0_PREF_CANDIDATES             0         -nan%                0         -nan%
FDIP_ON_CONF_OFF_BTB_MISS_BP_TAKEN_CONF_1_PREF_CANDIDATES             0         -nan%                0         -nan%
FDIP_ON_CONF_OFF_BTB_MISS_BP_TAKEN_CONF_2_PREF_CANDIDATES             0         -nan%                0         -nan%
FDIP_ON_CONF_OFF_BTB_MISS_BP_TAKEN_CONF_3_PREF_CANDIDATES             0         -nan%                0         -nan%
FDIP_ON_CONF_OFF_BTB_MISS_RATE_PREF_CANDIDATES             0         -nan%                0         -nan%
FDIP_ON_CONF_OFF_IBTB_MISS_RATE_PREF_CANDIDATES             0         -nan%                0         -nan%
FDIP_ON_CONF_OFF_RECOVER_AT_DECODE_RATE_PREF_CANDIDATES             0         -nan%                0         -nan%
FDIP_ON_CONF_OFF_RECOVER_AT_EXEC_RATE_PREF_CANDIDATES             0         -nan%                0         -nan%
FDIP_ON_CONF_OFF_INV_CONF_INC_PREF_CANDIDATES             0         -nan%                0         -nan%
FDIP_ON_CONF_OFF_PERFECT_CONF_PREF_CANDIDATES             0         -nan%                0         -nan%
                                                     0         -nan%                0         -nan%
                                                  -nan         -nan              -nan         -nan

FDIP_ON_CONF_OFF_IBTB_MISS_BP_TAKEN_EMITTED             0         -nan%                0         -nan%
FDIP_ON_CONF_OFF_BTB_MISS_BP_TAKEN_CONF_0_EMITTED             0         -nan%                0         -nan%
FDIP_ON_CONF_OFF_BTB_MISS_BP_TAKEN_CONF_1_EMITTED             0         -nan%                0         -nan%
FDIP_ON_CONF_OFF_BTB_MISS_BP_TAKEN_CONF_2_EMITTED             0         -nan%                0         -nan%
FDIP_ON_CONF_OFF_BTB_MISS_BP_TAKEN_CONF_3_EMITTED             0         -nan%                0         -nan%
FDIP_ON_CONF_OFF_BTB_MISS_RATE_EMITTED               0         -nan%                0         -nan%
FDIP_ON_CONF_OFF_IBTB_MISS_RATE_EMITTED              0         -nan%                0         -nan%
FDIP_ON_CONF_OFF_RECOVER_AT_DECODE_RATE_EMITTED             0         -nan%                0         -nan%
FDIP_ON_CONF_OFF_RECOVER_AT_EXEC_RATE_EMITTED             0         -nan%                0         -nan%
FDIP_ON_CONF_OFF_INV_CONF_INC_EMITTED                0         -nan%                0         -nan%
FDIP_ON_CONF_OFF_PERFECT_CONF_EMITTED                0         -nan%                0         -nan%
                                                     0         -nan%                0         -nan%
                                                  -nan         -nan              -nan         -nan

ICACHE_FIRST_MISS_AFTER_WARMUP_SEEN_DURING_WARMUP             0         -nan%                0         -nan%
ICACHE_FIRST_MISS_AFTER_WARMUP_NOT_SEEN_DURING_WARMUP             0         -nan%                0         -nan%
                                                     0         -nan%                0         -nan%
                                                  -nan         -nan              -nan         -nan

ICACHE_FIRST_MISS_AFTER_WARMUP_NO_PREF_DURING_WARMUP             0         -nan%                0         -nan%
ICACHE_FIRST_MISS_AFTER_WARMUP_TRAINED_UNUSEFUL_DURING_WARMUP             0         -nan%                0         -nan%
ICACHE_FIRST_MISS_AFTER_WARMUP_TRAINED_USEFUL_DURING_WARMUP             0         -nan%                0         -nan%
                                                     0         -nan%                0         -nan%
                                                  -nan         -nan              -nan         -nan

FDIP_PREFETCH_EVICT_NO_HIT_ONLY_ONCE                 0                              0              

FDIP_PREFETCH_HIT_ICACHE0                     23880051       99.864%         23880051       99.864%
FDIP_PREFETCH_HIT_MLC0                             598        0.003%              598        0.003%
FDIP_PREFETCH_HIT_L10                               14        0.000%               14        0.000%
FDIP_PREFETCH_HIT_DRAM0                          31833        0.133%            31833        0.133%
                                              23912496      100.000%         23912496      100.000%
                                                  0.00         0.11              0.00         0.11

FDIP_PREFETCH_HIT_ICACHE1                            0         -nan%                0         -nan%
FDIP_PREFETCH_HIT_MLC1                               0         -nan%                0         -nan%
FDIP_PREFETCH_HIT_L11                                0         -nan%                0         -nan%
FDIP_PREFETCH_HIT_DRAM1                              0         -nan%                0         -nan%
                                                     0         -nan%                0         -nan%
                                                  -nan         -nan              -nan         -nan

FDIP_PREFETCH_HIT_ICACHE2                            0         -nan%                0         -nan%
FDIP_PREFETCH_HIT_MLC2                               0         -nan%                0         -nan%
FDIP_PREFETCH_HIT_L12                                0         -nan%                0         -nan%
FDIP_PREFETCH_HIT_DRAM2                              0         -nan%                0         -nan%
                                                     0         -nan%                0         -nan%
                                                  -nan         -nan              -nan         -nan

FDIP_PREFETCH_HIT_ICACHE3                            0         -nan%                0         -nan%
FDIP_PREFETCH_HIT_MLC3                               0         -nan%                0         -nan%
FDIP_PREFETCH_HIT_L13                                0         -nan%                0         -nan%
FDIP_PREFETCH_HIT_DRAM3                              0         -nan%                0         -nan%
                                                     0         -nan%                0         -nan%
                                                  -nan         -nan              -nan         -nan

FDIP_PREFETCH_HIT_ICACHE4                            0         -nan%                0         -nan%
FDIP_PREFETCH_HIT_MLC4                               0         -nan%                0         -nan%
FDIP_PREFETCH_HIT_L14                                0         -nan%                0         -nan%
FDIP_PREFETCH_HIT_DRAM4                              0         -nan%                0         -nan%
                                                     0         -nan%                0         -nan%
                                                  -nan         -nan              -nan         -nan

FDIP_MEM_BUF_MISS0                                   0         -nan%                0         -nan%
FDIP_MEM_BUF_FOUND0                                  0         -nan%                0         -nan%
                                                     0         -nan%                0         -nan%
                                                  -nan         -nan              -nan         -nan

FDIP_MEM_BUF_MISS1                                   0         -nan%                0         -nan%
FDIP_MEM_BUF_FOUND1                                  0         -nan%                0         -nan%
                                                     0         -nan%                0         -nan%
                                                  -nan         -nan              -nan         -nan

FDIP_MEM_BUF_MISS2                                   0         -nan%                0         -nan%
FDIP_MEM_BUF_FOUND2                                  0         -nan%                0         -nan%
                                                     0         -nan%                0         -nan%
                                                  -nan         -nan              -nan         -nan

FDIP_MEM_BUF_MISS3                                   0         -nan%                0         -nan%
FDIP_MEM_BUF_FOUND3                                  0         -nan%                0         -nan%
                                                     0         -nan%                0         -nan%
                                                  -nan         -nan              -nan         -nan

FDIP_MEM_BUF_MISS4                                   0         -nan%                0         -nan%
FDIP_MEM_BUF_FOUND4                                  0         -nan%                0         -nan%
                                                     0         -nan%                0         -nan%
                                                  -nan         -nan              -nan         -nan

DJOLT_PREFETCH_ENTRY                                 0                              0              

DJOLT_PREFETCH_INITIAL                               0                              0              

DJOLT_PREFETCH_SIG                                   0                              0              

FNLMMA_PREFETCH_TYPE0                                0         -nan%                0         -nan%
FNLMMA_PREFETCH_TYPE1                                0         -nan%                0         -nan%
FNLMMA_PREFETCH_TYPE2                                0         -nan%                0         -nan%
FNLMMA_PREFETCH_TYPE3                                0         -nan%                0         -nan%
FNLMMA_PREFETCH_TYPE4                                0         -nan%                0         -nan%
                                                     0         -nan%                0         -nan%
                                                  -nan         -nan              -nan         -nan



