/* -*- Mode: c -*- */
####################################################################################################
Core 0
####################################################################################################
Cumulative:        Cycles: 39640304              Instructions: 49999999              IPC: 1.26134

Periodic:          Cycles: 39640304              Instructions: 49999999              IPC: 1.26134

EXECUTION_TIME                           12387595000000                  12387595000000              

SIM_HOST_WALL_SECONDS                       519.521151                     519.521151              

NODE_CYCLE                                    39640304                       39640304              

NODE_INST_COUNT                               50281220                       50281220              

NODE_INST_COUNT_FETCHED                       49999999                       49999999              

NODE_UOP_COUNT                                55995277                       55995277              

EXEC_STAGE_NO_ISSUE_STALL_CYCLE               18868212                       18868212              

EXEC_STAGE_NO_ISSUE_STALL_CYCLE_ONPATH        14639562                       14639562              

FULL_WINDOW_STALL                               270011        0.681%           270011        0.681%

FULL_WINDOW_MEM_OP                              252006       99.998%           252006       99.998%
FULL_WINDOW_FP_OP                                    4        0.002%                4        0.002%
FULL_WINDOW_OTHER_OP                                 0        0.000%                0        0.000%
                                                252010      100.000%           252010      100.000%
                                                  0.00         0.00              0.00         0.00

RET_BLOCKED_DC_MISS                           19887265       50.169%         19887265       50.169%

RET_BLOCKED_L1_MISS                           13209648       33.324%         13209648       33.324%

RET_BLOCKED_L1_MISS_BW_PREF                     651423        1.643%           651423        1.643%

RET_BLOCKED_L1_ACCESS                          6682489       16.858%          6682489       16.858%

RET_BLOCKED_MEM_STALL                         13215846       33.339%         13215846       33.339%

RET_BLOCKED_OFFCHIP_DEMAND                           0        0.000%                0        0.000%

OP_ISSUED                                     67126731                       67126731              

OP_RETIRED                                    55995277                       55995277              

OP_MACRO_FUSION_ONPATH                               0                              0              

OP_MACRO_FUSION_OFFPATH                              0                              0              

REPLAY_SIGNALED                                      0                              0              

REPLAY_COUNTED                                       0                              0              

OFF_CRITICAL_PATH                                    0         -nan%                0         -nan%
ON_CRITICAL_PATH                                     0         -nan%                0         -nan%
                                                     0         -nan%                0         -nan%
                                                  -nan         -nan              -nan         -nan

LD_NO_DEPENDENTS                               2238034       15.239%          2238034       15.239%
LD_DEPENDENTS                                 12448400       84.761%         12448400       84.761%
                                              14686434      100.000%         14686434      100.000%
                                                  0.85         0.79              0.85         0.79

LD_EXEC_CYCLES_0                                     0        0.000%                0        0.000%
LD_EXEC_CYCLES_1                               1451912       92.810%          1451912       92.810%
LD_EXEC_CYCLES_2                                 49402        3.158%            49402        3.158%
LD_EXEC_CYCLES_3                                 25484        1.629%            25484        1.629%
LD_EXEC_CYCLES_4                                 37587        2.403%            37587        2.403%
                                               1564385      100.000%          1564385      100.000%
                                                  1.14         0.57              1.14         0.57

LD_EXEC_MINUS_FETCH_LATENCY                 2380007960                     2380007960              

LD_RETIRE_MINUS_FETCH_LATENCY               3677323440                     3677323440              

ICACHE_STAGE_STARVED                           2429536       11.707%          2429536       11.707%
ICACHE_STAGE_NOT_STARVED                      18324020       88.293%         18324020       88.293%
                                              20753556      100.000%         20753556      100.000%
                                                  0.88         0.84              0.88         0.84

ICACHE_STAGE_STALLED                           9438062       23.809%          9438062       23.809%
ICACHE_STAGE_NOT_STALLED                      11315494       28.545%         11315494       28.545%
ICACHE_STAGE_OFF_PATH                         18886748       47.645%         18886748       47.645%
                                              39640304      100.000%         39640304      100.000%
                                                  1.24         1.01              1.24         1.01

DECODE_STAGE_STARVED                          27021976       89.232%         27021976       89.232%
DECODE_STAGE_NOT_STARVED                       3260811       10.768%          3260811       10.768%
                                              30282787      100.000%         30282787      100.000%
                                                  0.11         0.29              0.11         0.29

DECODE_STAGE_STALLED                           1081989        2.730%          1081989        2.730%
DECODE_STAGE_NOT_STALLED                      29200798       73.664%         29200798       73.664%
DECODE_STAGE_OFF_PATH                          9357517       23.606%          9357517       23.606%
                                              39640304      100.000%         39640304      100.000%
                                                  1.21         0.72              1.21         0.72

UOPQ_STAGE_STARVED                            11491200       71.707%         11491200       71.707%
UOPQ_STAGE_NOT_STARVED                         4534016       28.293%          4534016       28.293%
                                              16025216      100.000%         16025216      100.000%
                                                  0.28         0.41              0.28         0.41

UOPQ_STAGE_STALLED                             9197861       23.203%          9197861       23.203%
UOPQ_STAGE_NOT_STALLED                        16025216       40.427%         16025216       40.427%
UOPQ_STAGE_OFF_PATH                           14417227       36.370%         14417227       36.370%
                                              39640304      100.000%         39640304      100.000%
                                                  1.13         0.86              1.13         0.86

RS_OP_READY_NOT_ISSUED_TOTAL                  36374082                       36374082              

RS_0_OP_READY_NOT_ISSUED                      28049484                       28049484              

RS_1_OP_READY_NOT_ISSUED                       5096361                        5096361              

RS_2_OP_READY_NOT_ISSUED                       3228237                        3228237              

RS_3_OP_READY_NOT_ISSUED                             0                              0              

RS_4_OP_READY_NOT_ISSUED                             0                              0              

RS_5_OP_READY_NOT_ISSUED                             0                              0              

RS_6_OP_READY_NOT_ISSUED                             0                              0              

RS_7_OP_READY_NOT_ISSUED                             0                              0              

RS_7_PLUS_OP_READY_NOT_ISSUED                        0                              0              

FU_IDLE_NO_READY_OPS_TOTAL                   257968808                      257968808              

FU_0_IDLE_NO_READY_OPS                        21243561                       21243561              

FU_1_IDLE_NO_READY_OPS                        24452505                       24452505              

FU_2_IDLE_NO_READY_OPS                        26065145                       26065145              

FU_3_IDLE_NO_READY_OPS                        26063811                       26063811              

FU_4_IDLE_NO_READY_OPS                        24605100                       24605100              

FU_5_IDLE_NO_READY_OPS                        21045233                       21045233              

FU_6_IDLE_NO_READY_OPS                        31978364                       31978364              

FU_7_IDLE_NO_READY_OPS                        31981440                       31981440              

FU_8_IDLE_NO_READY_OPS                        24472184                       24472184              

FU_9_IDLE_NO_READY_OPS                        26061465                       26061465              

FU_10_IDLE_NO_READY_OPS                              0                              0              

FU_11_IDLE_NO_READY_OPS                              0                              0              

FU_12_IDLE_NO_READY_OPS                              0                              0              

FU_13_IDLE_NO_READY_OPS                              0                              0              

FU_14_IDLE_NO_READY_OPS                              0                              0              

FU_15_IDLE_NO_READY_OPS                              0                              0              

FU_16_IDLE_NO_READY_OPS                              0                              0              

FU_17_IDLE_NO_READY_OPS                              0                              0              

FU_18_IDLE_NO_READY_OPS                              0                              0              

FU_19_IDLE_NO_READY_OPS                              0                              0              

FU_20_IDLE_NO_READY_OPS                              0                              0              

FU_21_IDLE_NO_READY_OPS                              0                              0              

FU_22_IDLE_NO_READY_OPS                              0                              0              

FU_23_IDLE_NO_READY_OPS                              0                              0              

FU_24_IDLE_NO_READY_OPS                              0                              0              

FU_25_IDLE_NO_READY_OPS                              0                              0              

FU_26_IDLE_NO_READY_OPS                              0                              0              

FU_27_IDLE_NO_READY_OPS                              0                              0              

FU_28_IDLE_NO_READY_OPS                              0                              0              

FU_29_IDLE_NO_READY_OPS                              0                              0              

FU_30_IDLE_NO_READY_OPS                              0                              0              

FU_31_IDLE_NO_READY_OPS                              0                              0              

FU_31_PLUS_IDLE_NO_READY_OPS                         0                              0              

MAP_STAGE_STARVED                              4317655       26.713%          4317655       26.713%
MAP_STAGE_NOT_STARVED                         11845600       73.287%         11845600       73.287%
                                              16163255      100.000%         16163255      100.000%
                                                  0.73         0.67              0.73         0.67

MAP_STAGE_STALLED                              1351498        5.860%          1351498        5.860%
MAP_STAGE_NOT_STALLED                         14811757       64.217%         14811757       64.217%
MAP_STAGE_OFF_PATH                             6901811       29.923%          6901811       29.923%
                                              23065066      100.000%         23065066      100.000%
                                                  1.24         0.82              1.24         0.82

MAP_STAGE_STALL_ITSELF                        16575238       41.814%         16575238       41.814%
MAP_STAGE_NOT_STALL_ITSELF                    23065066       58.186%         23065066       58.186%
                                              39640304      100.000%         39640304      100.000%
                                                  0.58         0.55              0.58         0.55

MAP_STAGE_LATE_ALLOCATE_SEND_BACK                    0                              0              

MAP_STAGE_RENAME_OP_ONPATH                    55995277                       55995277              

MAP_STAGE_RENAME_OP_OFFPATH                   27962328                       27962328              

MAP_STAGE_RENAME_INT_REG_ONPATH               34315084                       34315084              

MAP_STAGE_RENAME_INT_REG_OFFPATH              17061903                       17061903              

MAP_STAGE_RENAME_VEC_REG_ONPATH                 173977                         173977              

MAP_STAGE_RENAME_VEC_REG_OFFPATH                 89424                          89424              

MAP_STAGE_RENAME_MOVE_ELIM_ONPATH                    0                              0              

MAP_STAGE_RENAME_MOVE_ELIM_OFFPATH                   0                              0              

MAP_STAGE_ONPATH_INT_REG_NUM_ALLOC            36616345                       36616345              

MAP_STAGE_ONPATH_VEC_REG_NUM_ALLOC              173967                         173967              

MAP_STAGE_ONPATH_INT_REG_NUM_SHORTLIVE        10720703                       10720703              

MAP_STAGE_ONPATH_VEC_REG_NUM_SHORTLIVE           85882                          85882              

MAP_STAGE_ONPATH_INT_REG_USE_COUNT_0           6778684                        6778684              

MAP_STAGE_ONPATH_VEC_REG_USE_COUNT_0               919                            919              

MAP_STAGE_ONPATH_INT_REG_USE_COUNT_1          18464807                       18464807              

MAP_STAGE_ONPATH_VEC_REG_USE_COUNT_1            120508                         120508              

MAP_STAGE_ONPATH_INT_REG_USE_COUNT_2           7141784                        7141784              

MAP_STAGE_ONPATH_VEC_REG_USE_COUNT_2             44444                          44444              

MAP_STAGE_ONPATH_INT_REG_USE_COUNT_3           1905189                        1905189              

MAP_STAGE_ONPATH_VEC_REG_USE_COUNT_3              4615                           4615              

MAP_STAGE_ONPATH_INT_REG_USE_COUNT_4            969448                         969448              

MAP_STAGE_ONPATH_VEC_REG_USE_COUNT_4              2941                           2941              

MAP_STAGE_ONPATH_INT_REG_USE_COUNT_5            457331                         457331              

MAP_STAGE_ONPATH_VEC_REG_USE_COUNT_5               108                            108              

MAP_STAGE_ONPATH_INT_REG_USE_COUNT_6            263807                         263807              

MAP_STAGE_ONPATH_VEC_REG_USE_COUNT_6                 3                              3              

MAP_STAGE_ONPATH_INT_REG_USE_COUNT_7_PLUS        635295                         635295              

MAP_STAGE_ONPATH_VEC_REG_USE_COUNT_7_PLUS           429                            429              

MAP_STAGE_ONPATH_INT_REG_CONSUME_DIST_0              0        0.0000                0        0.0000

MAP_STAGE_ONPATH_VEC_REG_CONSUME_DIST_0              0        0.0000                0        0.0000

MAP_STAGE_ONPATH_INT_REG_CONSUME_DIST_1              0        0.0000                0        0.0000

MAP_STAGE_ONPATH_VEC_REG_CONSUME_DIST_1              0        0.0000                0        0.0000

MAP_STAGE_ONPATH_INT_REG_CONSUME_DIST_2       57427986        8.0411         57427986        8.0411

MAP_STAGE_ONPATH_VEC_REG_CONSUME_DIST_2       31001669      697.5445         31001669      697.5445

MAP_STAGE_ONPATH_INT_REG_CONSUME_DIST_3       33013715       17.3283         33013715       17.3283

MAP_STAGE_ONPATH_VEC_REG_CONSUME_DIST_3         717239      155.4147           717239      155.4147

MAP_STAGE_ONPATH_INT_REG_CONSUME_DIST_4       28826468       29.7349         28826468       29.7349

MAP_STAGE_ONPATH_VEC_REG_CONSUME_DIST_4         148932       50.6399           148932       50.6399

MAP_STAGE_ONPATH_INT_REG_CONSUME_DIST_5       25184922       55.0694         25184922       55.0694

MAP_STAGE_ONPATH_VEC_REG_CONSUME_DIST_5          14676      135.8889            14676      135.8889

MAP_STAGE_ONPATH_INT_REG_CONSUME_DIST_6        7405446       28.0715          7405446       28.0715

MAP_STAGE_ONPATH_VEC_REG_CONSUME_DIST_6            491      163.6667              491      163.6667

MAP_STAGE_ONPATH_INT_REG_CONSUME_DIST_7_PLUS      45536978       71.6785         45536978       71.6785

MAP_STAGE_ONPATH_VEC_REG_CONSUME_DIST_7_PLUS         83337      194.2587            83337      194.2587

MAP_STAGE_INT_REG_ISSUE_READ_TOTAL_CONSUMED      61473831        3.2581         61473831        3.2581

MAP_STAGE_VEC_REG_ISSUE_READ_TOTAL_CONSUMED        271097        0.0144           271097        0.0144

MAP_STAGE_INT_REG_ISSUE_READ_MULTI_CONSUMED      27431266        1.4538         27431266        1.4538

MAP_STAGE_VEC_REG_ISSUE_READ_MULTI_CONSUMED         77361        0.0041            77361        0.0041

MAP_STAGE_INT_REG_ISSUE_READ_SAME_CYCLE_CONSUMED      14607830        0.7742         14607830        0.7742

MAP_STAGE_VEC_REG_ISSUE_READ_SAME_CYCLE_CONSUMED         18260        0.0010            18260        0.0010

MAP_STAGE_INT_REG_ISSUE_READ_TOTAL_CONSUMED_ONPATH      52751838        3.6034         52751838        3.6034

MAP_STAGE_VEC_REG_ISSUE_READ_TOTAL_CONSUMED_ONPATH        240258        0.0164           240258        0.0164

MAP_STAGE_INT_REG_ISSUE_READ_MULTI_CONSUMED_ONPATH      22914156        1.5652         22914156        1.5652

MAP_STAGE_VEC_REG_ISSUE_READ_MULTI_CONSUMED_ONPATH         67198        0.0046            67198        0.0046

MAP_STAGE_INT_REG_ISSUE_READ_SAME_CYCLE_CONSUMED_ONPATH      12535092        0.8562         12535092        0.8562

MAP_STAGE_VEC_REG_ISSUE_READ_SAME_CYCLE_CONSUMED_ONPATH         16710        0.0011            16710        0.0011

MAP_STAGE_ONPATH_INT_REG_LIFECYCLE_EMPTY    3470980219                     3470980219              

MAP_STAGE_ONPATH_VEC_REG_LIFECYCLE_EMPTY       6645559                        6645559              

MAP_STAGE_ONPATH_INT_REG_LIFECYCLE_IN_USE    4361869832                     4361869832              

MAP_STAGE_ONPATH_VEC_REG_LIFECYCLE_IN_USE      40944732                       40944732              

MAP_STAGE_ONPATH_INT_REG_LIFECYCLE_SPEC_RELEASE    6893600413                     6893600413              

MAP_STAGE_ONPATH_VEC_REG_LIFECYCLE_SPEC_RELEASE     256744003                      256744003              

MAP_STAGE_ONPATH_INT_REG_LIFECYCLE_NONSPEC_RELEASE    6893600413                     6893600413              

MAP_STAGE_ONPATH_VEC_REG_LIFECYCLE_NONSPEC_RELEASE     256744003                      256744003              

MAP_STAGE_ONPATH_INT_REG_LIFECYCLE_TOTAL    6893600413                     6893600413              

MAP_STAGE_ONPATH_VEC_REG_LIFECYCLE_TOTAL     256744003                      256744003              

MAP_STAGE_ONPATH_INT_REG_NUM_NONBRANCH        36616345                       36616345              

MAP_STAGE_ONPATH_VEC_REG_NUM_NONBRANCH          173967                         173967              

MAP_STAGE_ONPATH_INT_REG_NUM_NONEXCEPT        36616345                       36616345              

MAP_STAGE_ONPATH_VEC_REG_NUM_NONEXCEPT          173967                         173967              

MAP_STAGE_ONPATH_INT_REG_NUM_ATOMIC           36616345                       36616345              

MAP_STAGE_ONPATH_VEC_REG_NUM_ATOMIC             173967                         173967              

MAP_STAGE_ONPATH_INT_REG_ATOMIC_REDEFINED_DIST_TOTAL    6893600413      188.2657       6893600413      188.2657

MAP_STAGE_ONPATH_VEC_REG_ATOMIC_REDEFINED_DIST_TOTAL     256744003     1475.8201        256744003     1475.8201

MAP_STAGE_ONPATH_INT_REG_ATOMIC_CONSUMED_DIST_TOTAL    4361869832      119.1236       4361869832      119.1236

MAP_STAGE_ONPATH_VEC_REG_ATOMIC_CONSUMED_DIST_TOTAL      40944732      235.3592         40944732      235.3592

MAP_STAGE_ONPATH_INT_REG_ATOMIC_RELEASE_DIST_TOTAL    6893600413      188.2657       6893600413      188.2657

MAP_STAGE_ONPATH_VEC_REG_ATOMIC_RELEASE_DIST_TOTAL     256744003     1475.8201        256744003     1475.8201

EXEC_STAGE_STARVED                            32232325       81.312%         32232325       81.312%
EXEC_STAGE_NOT_STARVED                         1608085        4.057%          1608085        4.057%
EXEC_STAGE_OFF_PATH                            5799894       14.631%          5799894       14.631%
                                              39640304      100.000%         39640304      100.000%
                                                  0.33         0.66              0.33         0.66

FU_BUSY_0                                     11248636                       11248636              

FU_BUSY_1                                      6457365                        6457365              

FU_BUSY_2                                      6714433                        6714433              

FU_BUSY_3                                      6715335                        6715335              

FU_BUSY_4                                      5906840                        5906840              

FU_BUSY_5                                     12128318                       12128318              

FU_BUSY_6                                      4035859                        4035859              

FU_BUSY_7                                      4031101                        4031101              

FU_BUSY_8                                      6369316                        6369316              

FU_BUSY_9                                      6715097                        6715097              

FU_BUSY_10                                           0                              0              

FU_BUSY_11                                           0                              0              

FU_BUSY_12                                           0                              0              

FU_BUSY_13                                           0                              0              

FU_BUSY_14                                           0                              0              

FU_BUSY_15                                           0                              0              

FU_BUSY_16                                           0                              0              

FU_BUSY_17                                           0                              0              

FU_BUSY_18                                           0                              0              

FU_BUSY_19                                           0                              0              

FU_BUSY_20                                           0                              0              

FU_BUSY_21                                           0                              0              

FU_BUSY_22                                           0                              0              

FU_BUSY_23                                           0                              0              

FU_BUSY_24                                           0                              0              

FU_BUSY_25                                           0                              0              

FU_BUSY_26                                           0                              0              

FU_BUSY_27                                           0                              0              

FU_BUSY_28                                           0                              0              

FU_BUSY_29                                           0                              0              

FU_BUSY_30                                           0                              0              

FU_BUSY_31                                           0                              0              

FU_REJECTED_OP_INV_NOT_SIMD                          0        0.000%                0        0.000%
FU_REJECTED_OP_NOP_NOT_SIMD                          0        0.000%                0        0.000%
FU_REJECTED_OP_CF_NOT_SIMD                        7296        0.374%             7296        0.374%
FU_REJECTED_OP_MOV_NOT_SIMD                       6830        0.350%             6830        0.350%
FU_REJECTED_OP_CMOV_NOT_SIMD                         0        0.000%                0        0.000%
FU_REJECTED_OP_LDA_NOT_SIMD                          0        0.000%                0        0.000%
FU_REJECTED_OP_IMEM_NOT_SIMD                   1753990       89.847%          1753990       89.847%
FU_REJECTED_OP_IADD_NOT_SIMD                    123203        6.311%           123203        6.311%
FU_REJECTED_OP_IMUL_NOT_SIMD                     35345        1.811%            35345        1.811%
FU_REJECTED_OP_IDIV_NOT_SIMD                         0        0.000%                0        0.000%
FU_REJECTED_OP_ICMP_NOT_SIMD                         0        0.000%                0        0.000%
FU_REJECTED_OP_LOGIC_NOT_SIMD                        0        0.000%                0        0.000%
FU_REJECTED_OP_SHIFT_NOT_SIMD                        0        0.000%                0        0.000%
FU_REJECTED_OP_FMEM_NOT_SIMD                         0        0.000%                0        0.000%
FU_REJECTED_OP_FCVT_NOT_SIMD                         0        0.000%                0        0.000%
FU_REJECTED_OP_FADD_NOT_SIMD                         0        0.000%                0        0.000%
FU_REJECTED_OP_FMUL_NOT_SIMD                         0        0.000%                0        0.000%
FU_REJECTED_OP_FMA_NOT_SIMD                          0        0.000%                0        0.000%
FU_REJECTED_OP_FDIV_NOT_SIMD                         0        0.000%                0        0.000%
FU_REJECTED_OP_FCMP_NOT_SIMD                         0        0.000%                0        0.000%
FU_REJECTED_OP_FCMOV_NOT_SIMD                        0        0.000%                0        0.000%
FU_REJECTED_OP_GATHER_NOT_SIMD                       0        0.000%                0        0.000%
FU_REJECTED_OP_SCATTER_NOT_SIMD                      0        0.000%                0        0.000%
FU_REJECTED_OP_PIPELINED_FAST_NOT_SIMD               0        0.000%                0        0.000%
FU_REJECTED_OP_PIPELINED_MEDIUM_NOT_SIMD             0        0.000%                0        0.000%
FU_REJECTED_OP_PIPELINED_SLOW_NOT_SIMD               0        0.000%                0        0.000%
FU_REJECTED_OP_NOTPIPELINED_MEDIUM_NOT_SIMD             0        0.000%                0        0.000%
FU_REJECTED_OP_NOTPIPELINED_SLOW_NOT_SIMD             0        0.000%                0        0.000%
FU_REJECTED_OP_NOTPIPELINED_VERY_SLOW_NOT_SIMD             0        0.000%                0        0.000%
FU_REJECTED_OP_INV_SIMD                              0        0.000%                0        0.000%
FU_REJECTED_OP_NOP_SIMD                              0        0.000%                0        0.000%
FU_REJECTED_OP_CF_SIMD                               0        0.000%                0        0.000%
FU_REJECTED_OP_MOV_SIMD                            862        0.044%              862        0.044%
FU_REJECTED_OP_CMOV_SIMD                             0        0.000%                0        0.000%
FU_REJECTED_OP_LDA_SIMD                              0        0.000%                0        0.000%
FU_REJECTED_OP_IMEM_SIMD                             0        0.000%                0        0.000%
FU_REJECTED_OP_IADD_SIMD                             0        0.000%                0        0.000%
FU_REJECTED_OP_IMUL_SIMD                            10        0.001%               10        0.001%
FU_REJECTED_OP_IDIV_SIMD                             0        0.000%                0        0.000%
FU_REJECTED_OP_ICMP_SIMD                             0        0.000%                0        0.000%
FU_REJECTED_OP_LOGIC_SIMD                            0        0.000%                0        0.000%
FU_REJECTED_OP_SHIFT_SIMD                            0        0.000%                0        0.000%
FU_REJECTED_OP_FMEM_SIMD                             0        0.000%                0        0.000%
FU_REJECTED_OP_FCVT_SIMD                          9705        0.497%             9705        0.497%
FU_REJECTED_OP_FADD_SIMD                         14953        0.766%            14953        0.766%
FU_REJECTED_OP_FMUL_SIMD                             0        0.000%                0        0.000%
FU_REJECTED_OP_FMA_SIMD                              2        0.000%                2        0.000%
FU_REJECTED_OP_FDIV_SIMD                             0        0.000%                0        0.000%
FU_REJECTED_OP_FCMP_SIMD                             0        0.000%                0        0.000%
FU_REJECTED_OP_FCMOV_SIMD                            0        0.000%                0        0.000%
FU_REJECTED_OP_GATHER_SIMD                           0        0.000%                0        0.000%
FU_REJECTED_OP_SCATTER_SIMD                          0        0.000%                0        0.000%
FU_REJECTED_OP_PIPELINED_FAST_SIMD                   0        0.000%                0        0.000%
FU_REJECTED_OP_PIPELINED_MEDIUM_SIMD                 0        0.000%                0        0.000%
FU_REJECTED_OP_PIPELINED_SLOW_SIMD                   0        0.000%                0        0.000%
FU_REJECTED_OP_NOTPIPELINED_MEDIUM_SIMD              0        0.000%                0        0.000%
FU_REJECTED_OP_NOTPIPELINED_SLOW_SIMD                0        0.000%                0        0.000%
FU_REJECTED_OP_NOTPIPELINED_VERY_SLOW_SIMD             0        0.000%                0        0.000%
                                               1952196      100.000%          1952196      100.000%
                                                  6.56         4.25              6.56         4.25

LSQ_FULL_TOTAL                                 2103056                        2103056              

LSQ_FULL_LOAD_QUEUE                            1983936                        1983936              

LSQ_FULL_STORE_QUEUE                            119120                         119120              

OP_WAIT_0                                     34960398                       34960398              

OP_WAIT_1                                     12823107                       12823107              

OP_WAIT_2                                      2371419                        2371419              

OP_WAIT_3                                       887564                         887564              

OP_WAIT_4                                       488970                         488970              

OP_WAIT_5                                       332943                         332943              

OP_WAIT_6                                       273601                         273601              

OP_WAIT_7                                       221026                         221026              

OP_WAIT_8                                       190122                         190122              

OP_WAIT_9                                       173084                         173084              

OP_WAIT_10                                      162098                         162098              

OP_WAIT_11                                      150265                         150265              

OP_WAIT_12                                      137169                         137169              

OP_WAIT_13                                      130595                         130595              

OP_WAIT_14                                      126674                         126674              

OP_WAIT_15                                      119724                         119724              

OP_WAIT_16                                      102627                         102627              

OP_WAIT_17                                       90929                          90929              

OP_WAIT_18                                       87475                          87475              

OP_WAIT_19                                       85152                          85152              

OP_WAIT_20                                       83981                          83981              

OP_WAIT_21                                       79862                          79862              

OP_WAIT_22                                       72443                          72443              

OP_WAIT_23                                       71417                          71417              

OP_WAIT_24                                       68314                          68314              

OP_WAIT_25                                       66883                          66883              

OP_WAIT_26                                       70232                          70232              

OP_WAIT_27                                       65834                          65834              

OP_WAIT_28                                       59687                          59687              

OP_WAIT_29                                       56062                          56062              

OP_WAIT_30                                       52955                          52955              

OP_WAIT_31                                     1332665                        1332665              

ROW_SIZE_0                                    28307431                       28307431              

ROW_SIZE_1                                     2242375                        2242375              

ROW_SIZE_2                                      713824                         713824              

ROW_SIZE_3                                      452004                         452004              

ROW_SIZE_4                                      358111                         358111              

ROW_SIZE_5                                      271969                         271969              

ROW_SIZE_6                                      221694                         221694              

ROW_SIZE_7                                      225971                         225971              

ROW_SIZE_8                                     5658124                        5658124              

ROW_SIZE_9                                           0                              0              

ROW_SIZE_10                                          0                              0              

ROW_SIZE_11                                          0                              0              

ROW_SIZE_12                                          0                              0              

ROW_SIZE_13                                          0                              0              

ROW_SIZE_14                                          0                              0              

ROW_SIZE_15                                          0                              0              

ROW_SIZE_16                                          0                              0              

ROW_SIZE_17                                          0                              0              

ROW_SIZE_18                                          0                              0              

ROW_SIZE_19                                          0                              0              

ROW_SIZE_20                                          0                              0              

ROW_SIZE_21                                          0                              0              

ROW_SIZE_22                                          0                              0              

ROW_SIZE_23                                          0                              0              

ROW_SIZE_24                                          0                              0              

ROW_SIZE_25                                          0                              0              

ROW_SIZE_26                                          0                              0              

ROW_SIZE_27                                          0                              0              

ROW_SIZE_28                                          0                              0              

ROW_SIZE_29                                          0                              0              

ROW_SIZE_30                                          0                              0              

ROW_SIZE_31                                          0                              0              

RET_OP_EXEC_COUNT_0                                  0        0.000%                0        0.000%
RET_OP_EXEC_COUNT_1                           55995277      100.000%         55995277      100.000%
RET_OP_EXEC_COUNT_2                                  0        0.000%                0        0.000%
RET_OP_EXEC_COUNT_3                                  0        0.000%                0        0.000%
RET_OP_EXEC_COUNT_4                                  0        0.000%                0        0.000%
RET_OP_EXEC_COUNT_5                                  0        0.000%                0        0.000%
RET_OP_EXEC_COUNT_6                                  0        0.000%                0        0.000%
RET_OP_EXEC_COUNT_7                                  0        0.000%                0        0.000%
RET_OP_EXEC_COUNT_8                                  0        0.000%                0        0.000%
RET_OP_EXEC_COUNT_9                                  0        0.000%                0        0.000%
RET_OP_EXEC_COUNT_10                                 0        0.000%                0        0.000%
RET_OP_EXEC_COUNT_11                                 0        0.000%                0        0.000%
RET_OP_EXEC_COUNT_12                                 0        0.000%                0        0.000%
RET_OP_EXEC_COUNT_13                                 0        0.000%                0        0.000%
RET_OP_EXEC_COUNT_14                                 0        0.000%                0        0.000%
RET_OP_EXEC_COUNT_15                                 0        0.000%                0        0.000%
RET_OP_EXEC_COUNT_16                                 0        0.000%                0        0.000%
RET_OP_EXEC_COUNT_17                                 0        0.000%                0        0.000%
RET_OP_EXEC_COUNT_18                                 0        0.000%                0        0.000%
RET_OP_EXEC_COUNT_19                                 0        0.000%                0        0.000%
RET_OP_EXEC_COUNT_20                                 0        0.000%                0        0.000%
RET_OP_EXEC_COUNT_21                                 0        0.000%                0        0.000%
RET_OP_EXEC_COUNT_22                                 0        0.000%                0        0.000%
RET_OP_EXEC_COUNT_23                                 0        0.000%                0        0.000%
RET_OP_EXEC_COUNT_24                                 0        0.000%                0        0.000%
RET_OP_EXEC_COUNT_25                                 0        0.000%                0        0.000%
RET_OP_EXEC_COUNT_26                                 0        0.000%                0        0.000%
RET_OP_EXEC_COUNT_27                                 0        0.000%                0        0.000%
RET_OP_EXEC_COUNT_28                                 0        0.000%                0        0.000%
RET_OP_EXEC_COUNT_29                                 0        0.000%                0        0.000%
RET_OP_EXEC_COUNT_30                                 0        0.000%                0        0.000%
RET_OP_EXEC_COUNT_31                                 0        0.000%                0        0.000%
RET_OP_EXEC_COUNT_32                                 0        0.000%                0        0.000%
                                              55995277      100.000%         55995277      100.000%
                                                  1.00         0.00              1.00         0.00

RET_STALL_LENGTH_0                            55935699       99.894%         55935699       99.894%
RET_STALL_LENGTH_100                             41995        0.075%            41995        0.075%
RET_STALL_LENGTH_200                              9811        0.018%             9811        0.018%
RET_STALL_LENGTH_300                              1428        0.003%             1428        0.003%
RET_STALL_LENGTH_400                              2094        0.004%             2094        0.004%
RET_STALL_LENGTH_500                              1864        0.003%             1864        0.003%
RET_STALL_LENGTH_600                               799        0.001%              799        0.001%
RET_STALL_LENGTH_700                               349        0.001%              349        0.001%
RET_STALL_LENGTH_800                               185        0.000%              185        0.000%
RET_STALL_LENGTH_900                               133        0.000%              133        0.000%
RET_STALL_LENGTH_1000                               94        0.000%               94        0.000%
RET_STALL_LENGTH_1100                              120        0.000%              120        0.000%
RET_STALL_LENGTH_1200                              393        0.001%              393        0.001%
RET_STALL_LENGTH_1300                              111        0.000%              111        0.000%
RET_STALL_LENGTH_1400                               32        0.000%               32        0.000%
RET_STALL_LENGTH_1500                               21        0.000%               21        0.000%
RET_STALL_LENGTH_1600                               31        0.000%               31        0.000%
RET_STALL_LENGTH_1700                               60        0.000%               60        0.000%
RET_STALL_LENGTH_1800                               26        0.000%               26        0.000%
RET_STALL_LENGTH_1900                               16        0.000%               16        0.000%
RET_STALL_LENGTH_2000                                7        0.000%                7        0.000%
RET_STALL_LENGTH_2100                                4        0.000%                4        0.000%
RET_STALL_LENGTH_2200                                3        0.000%                3        0.000%
RET_STALL_LENGTH_2300                                1        0.000%                1        0.000%
RET_STALL_LENGTH_2400                                1        0.000%                1        0.000%
RET_STALL_LENGTH_2500                                0        0.000%                0        0.000%
RET_STALL_LENGTH_2600                                0        0.000%                0        0.000%
RET_STALL_LENGTH_2700                                0        0.000%                0        0.000%
RET_STALL_LENGTH_2800                                0        0.000%                0        0.000%
RET_STALL_LENGTH_2900                                0        0.000%                0        0.000%
RET_STALL_LENGTH_3000                                0        0.000%                0        0.000%
RET_STALL_LENGTH_3100                                0        0.000%                0        0.000%
RET_STALL_LENGTH_3200                                0        0.000%                0        0.000%
RET_STALL_LENGTH_3300                                0        0.000%                0        0.000%
RET_STALL_LENGTH_3400                                0        0.000%                0        0.000%
RET_STALL_LENGTH_3500                                0        0.000%                0        0.000%
RET_STALL_LENGTH_3600                                0        0.000%                0        0.000%
RET_STALL_LENGTH_3700                                0        0.000%                0        0.000%
RET_STALL_LENGTH_3800                                0        0.000%                0        0.000%
RET_STALL_LENGTH_3900                                0        0.000%                0        0.000%
RET_STALL_LENGTH_4000                                0        0.000%                0        0.000%
RET_STALL_LENGTH_4100                                0        0.000%                0        0.000%
RET_STALL_LENGTH_4200                                0        0.000%                0        0.000%
RET_STALL_LENGTH_4300                                0        0.000%                0        0.000%
RET_STALL_LENGTH_4400                                0        0.000%                0        0.000%
RET_STALL_LENGTH_4500                                0        0.000%                0        0.000%
RET_STALL_LENGTH_4600                                0        0.000%                0        0.000%
RET_STALL_LENGTH_4700                                0        0.000%                0        0.000%
RET_STALL_LENGTH_4800                                0        0.000%                0        0.000%
RET_STALL_LENGTH_4900                                0        0.000%                0        0.000%
RET_STALL_LENGTH_5000                                0        0.000%                0        0.000%
                                              55995277      100.000%         55995277      100.000%
                                                  0.00         0.08              0.00         0.08

MEM_BLOCK_LENGTH_0                               12531       87.642%            12531       87.642%
MEM_BLOCK_LENGTH_100                               962        6.728%              962        6.728%
MEM_BLOCK_LENGTH_200                               271        1.895%              271        1.895%
MEM_BLOCK_LENGTH_300                               130        0.909%              130        0.909%
MEM_BLOCK_LENGTH_400                               158        1.105%              158        1.105%
MEM_BLOCK_LENGTH_500                               111        0.776%              111        0.776%
MEM_BLOCK_LENGTH_600                                55        0.385%               55        0.385%
MEM_BLOCK_LENGTH_700                                30        0.210%               30        0.210%
MEM_BLOCK_LENGTH_800                                13        0.091%               13        0.091%
MEM_BLOCK_LENGTH_900                                 6        0.042%                6        0.042%
MEM_BLOCK_LENGTH_1000                                2        0.014%                2        0.014%
MEM_BLOCK_LENGTH_1100                                4        0.028%                4        0.028%
MEM_BLOCK_LENGTH_1200                                2        0.014%                2        0.014%
MEM_BLOCK_LENGTH_1300                                6        0.042%                6        0.042%
MEM_BLOCK_LENGTH_1400                                2        0.014%                2        0.014%
MEM_BLOCK_LENGTH_1500                                2        0.014%                2        0.014%
MEM_BLOCK_LENGTH_1600                                4        0.028%                4        0.028%
MEM_BLOCK_LENGTH_1700                                3        0.021%                3        0.021%
MEM_BLOCK_LENGTH_1800                                4        0.028%                4        0.028%
MEM_BLOCK_LENGTH_1900                                1        0.007%                1        0.007%
MEM_BLOCK_LENGTH_2000                                1        0.007%                1        0.007%
MEM_BLOCK_LENGTH_2100                                0        0.000%                0        0.000%
MEM_BLOCK_LENGTH_2200                                0        0.000%                0        0.000%
MEM_BLOCK_LENGTH_2300                                0        0.000%                0        0.000%
MEM_BLOCK_LENGTH_2400                                0        0.000%                0        0.000%
MEM_BLOCK_LENGTH_2500                                0        0.000%                0        0.000%
MEM_BLOCK_LENGTH_2600                                0        0.000%                0        0.000%
MEM_BLOCK_LENGTH_2700                                0        0.000%                0        0.000%
MEM_BLOCK_LENGTH_2800                                0        0.000%                0        0.000%
MEM_BLOCK_LENGTH_2900                                0        0.000%                0        0.000%
MEM_BLOCK_LENGTH_3000                                0        0.000%                0        0.000%
MEM_BLOCK_LENGTH_3100                                0        0.000%                0        0.000%
MEM_BLOCK_LENGTH_3200                                0        0.000%                0        0.000%
MEM_BLOCK_LENGTH_3300                                0        0.000%                0        0.000%
MEM_BLOCK_LENGTH_3400                                0        0.000%                0        0.000%
MEM_BLOCK_LENGTH_3500                                0        0.000%                0        0.000%
MEM_BLOCK_LENGTH_3600                                0        0.000%                0        0.000%
MEM_BLOCK_LENGTH_3700                                0        0.000%                0        0.000%
MEM_BLOCK_LENGTH_3800                                0        0.000%                0        0.000%
MEM_BLOCK_LENGTH_3900                                0        0.000%                0        0.000%
MEM_BLOCK_LENGTH_4000                                0        0.000%                0        0.000%
MEM_BLOCK_LENGTH_4100                                0        0.000%                0        0.000%
MEM_BLOCK_LENGTH_4200                                0        0.000%                0        0.000%
MEM_BLOCK_LENGTH_4300                                0        0.000%                0        0.000%
MEM_BLOCK_LENGTH_4400                                0        0.000%                0        0.000%
MEM_BLOCK_LENGTH_4500                                0        0.000%                0        0.000%
MEM_BLOCK_LENGTH_4600                                0        0.000%                0        0.000%
MEM_BLOCK_LENGTH_4700                                0        0.000%                0        0.000%
MEM_BLOCK_LENGTH_4800                                0        0.000%                0        0.000%
MEM_BLOCK_LENGTH_4900                                0        0.000%                0        0.000%
MEM_BLOCK_LENGTH_5000                                0        0.000%                0        0.000%
                                                 14298      100.000%            14298      100.000%
                                                  0.30         1.11              0.30         1.11

FUS_BUSY_ON_PATH                              58789958        1.4831         58789958        1.4831

FUS_BUSY_OFF_PATH                             11532342        0.2909         11532342        0.2909

FU_BUSY_MEM_STALL                              3195569        0.0806          3195569        0.0806

FUS_EMPTY                                    326080740        8.2260        326080740        8.2260

FU_UNAVAILABLE                                   58701        0.0015            58701        0.0015

FU_MEM_UNAVAILABLE                             1893495        0.0478          1893495        0.0478

FU_OTHER_UNAVAILABLE                                 0        0.0000                0        0.0000

FU_REPLAY                                            0        0.0000                0        0.0000

FU_STARVED                                   325147967        8.2025        325147967        8.2025

CHIP_UTILIZATION                                     0        0.0000                0        0.0000

CYCLES_UNDER_MEM_REQ                                 0                              0              

CYCLES_UNDER_NO_MEM_REQ                              0                              0              

CYCLES_UNDER_CRITICAL_MEM_REQ                        0                              0              

CYCLES_UNDER_NONCRITICAL_MEM_REQ                     0                              0              

CHIP_UTILIZATION_UNDER_MEM_REQ                       0          -nan                0          -nan

CHIP_UTILIZATION_UNDER_NO_MEM_REQ                    0          -nan                0          -nan

CHIP_UTILIZATION_UNDER_CRITICAL_MEM_REQ              0          -nan                0          -nan

CHIP_UTILIZATION_UNDER_NONCRITICAL_MEM_REQ             0          -nan                0          -nan

CYCLES_NOT_WAITING_FOR_OFF_CHIP                      0        0.0000                0        0.0000

FUS_BUSY_NOT_WAITING_FOR_OFF_CHIP                    0          -nan                0          -nan

CYCLES_WAITING_FOR_OFF_CHIP                          0        0.0000                0        0.0000

FUS_BUSY_WAITING_FOR_OFF_CHIP                        0          -nan                0          -nan

TOTAL_OFF_CHIP_DELAYS_LEFT                           0                              0              

WRONG_IO_SCHED                                       0                              0              

DVFS_CONFIG_SWITCH                                   0                              0              

MAP_STAGE_RECEIVED_OPS_0                             0        0.000%                0        0.000%
MAP_STAGE_RECEIVED_OPS_1                        399518        3.927%           399518        3.927%
MAP_STAGE_RECEIVED_OPS_2                        312437        3.071%           312437        3.071%
MAP_STAGE_RECEIVED_OPS_3                        433946        4.266%           433946        4.266%
MAP_STAGE_RECEIVED_OPS_4                        360916        3.548%           360916        3.548%
MAP_STAGE_RECEIVED_OPS_5                        322269        3.168%           322269        3.168%
MAP_STAGE_RECEIVED_OPS_6                       8344151       82.021%          8344151       82.021%
MAP_STAGE_RECEIVED_OPS_7                             0        0.000%                0        0.000%
MAP_STAGE_RECEIVED_OPS_8                             0        0.000%                0        0.000%
MAP_STAGE_RECEIVED_OPS_MAX                           0        0.000%                0        0.000%
                                              10173237      100.000%         10173237      100.000%
                                                  5.45         1.31              5.45         1.31

MAP_STAGE_WAIT_FOR_DECODE                            0         -nan%                0         -nan%
MAP_STAGE_CONSUME_DECODE                             0         -nan%                0         -nan%
                                                     0         -nan%                0         -nan%
                                                  -nan         -nan              -nan         -nan

MAP_STAGE_WAIT_FOR_DECODE2                           0         -nan%                0         -nan%
MAP_STAGE_CONSUME_DECODE2                            0         -nan%                0         -nan%
                                                     0         -nan%                0         -nan%
                                                  -nan         -nan              -nan         -nan

FTQ_RECOVER_EXEC                                328621                         328621              

FTQ_RECOVER_DECODE                               11405                          11405              

FTQ_OFFPATH_CYCLES                            25919389                       25919389              

FTQ_CYCLES_OFFPATH                            25919389                       25919389              

FTQ_CYCLES_ONPATH                             13720915                       13720915              

FTQ_FETCHED_INS_ONPATH                        55995026                       55995026              

FTQ_FETCHED_INS_OFFPATH                      124316676                      124316676              

FTQ_BREAK_FULL_FT_ONPATH                       8502187                        8502187              

FTQ_BREAK_FULL_FT_OFFPATH                     10843283                       10843283              

FTQ_BREAK_PRED_BR_ONPATH                             0                              0              

FTQ_BREAK_PRED_BR_OFFPATH                            0                              0              

FTQ_BREAK_BAR_FETCH_ONPATH                           0                              0              

FTQ_BREAK_BAR_FETCH_OFFPATH                          0                              0              

FTQ_BREAK_MAX_CFS_TAKEN_ONPATH                       0                              0              

FTQ_BREAK_MAX_CFS_TAKEN_OFFPATH                      0                              0              

FTQ_BREAK_MAX_FT_ONPATH                        5218453                        5218453              

FTQ_BREAK_MAX_FT_OFFPATH                      15076106                       15076106              

DFE_GEN_ON_PATH_FT                             7729586                        7729586              

DFE_GEN_OFF_PATH_FT                           15152428                       15152428              

DFE_L0_ENABLED_PREDICTIONS                    55995277                       55995277              

DFE_L0_WRONG_MAIN_CORRECT                      1574117                        1574117              

DFE_L0_WRONG_MAIN_WRONG                         270557                         270557              

DFE_L0_CORRECT_MAIN_WRONG                        69469                          69469              

DFE_L0_CORRECT_MAIN_CORRECT                   54081134                       54081134              

DFE_L0_WRONG_MAIN_CORRECT_RECOVERY_SCHEDULED             0                              0              

FTQ_SAW_BAR_FETCH_OFFPATH                            0                              0              

FTQ_SAW_BAR_FETCH_ONPATH                             0                              0              

DFE_CONF_0_RECOVER_AT_EXEC                           0         -nan%                0         -nan%
DFE_CONF_1_RECOVER_AT_EXEC                           0         -nan%                0         -nan%
DFE_CONF_2_RECOVER_AT_EXEC                           0         -nan%                0         -nan%
DFE_CONF_3_RECOVER_AT_EXEC                           0         -nan%                0         -nan%
DFE_CONF_0_CORRECT                                   0         -nan%                0         -nan%
DFE_CONF_1_CORRECT                                   0         -nan%                0         -nan%
DFE_CONF_2_CORRECT                                   0         -nan%                0         -nan%
DFE_CONF_3_CORRECT                                   0         -nan%                0         -nan%
                                                     0         -nan%                0         -nan%
                                                  -nan         -nan              -nan         -nan

DFE_ON_CONF_ON_OPS                                   0         -nan%                0         -nan%
DFE_ON_CONF_OFF_OPS                                  0         -nan%                0         -nan%
DFE_OFF_CONF_ON_OPS                                  0         -nan%                0         -nan%
DFE_OFF_CONF_OFF_REALISTIC_OPS                       0         -nan%                0         -nan%
DFE_OFF_CONF_OFF_PERFECT_OPS                         0         -nan%                0         -nan%
                                                     0         -nan%                0         -nan%
                                                  -nan         -nan              -nan         -nan

DFE_ON_CONF_ON_FETCH_TARGETS                         0         -nan%                0         -nan%
DFE_ON_CONF_OFF_FETCH_TARGETS                        0         -nan%                0         -nan%
DFE_OFF_CONF_ON_FETCH_TARGETS                        0         -nan%                0         -nan%
DFE_OFF_CONF_OFF_REALISTIC_FETCH_TARGETS             0         -nan%                0         -nan%
DFE_OFF_CONF_OFF_PERFECT_FETCH_TARGETS               0         -nan%                0         -nan%
                                                     0         -nan%                0         -nan%
                                                  -nan         -nan              -nan         -nan

DFE_ON_CONF_ON_CYCLES                                0         -nan%                0         -nan%
DFE_ON_CONF_OFF_CYCLES                               0         -nan%                0         -nan%
DFE_OFF_CONF_ON_CYCLES                               0         -nan%                0         -nan%
DFE_OFF_CONF_OFF_REALISTIC_CYCLES                    0         -nan%                0         -nan%
DFE_OFF_CONF_OFF_PERFECT_CYCLES                      0         -nan%                0         -nan%
                                                     0         -nan%                0         -nan%
                                                  -nan         -nan              -nan         -nan

DFE_OFF_CONF_ON_NUM_EVENTS                           0                              0              

DFE_OFF_CONF_ON_NOT_IDENTIFIED_EVENTS                0         -nan%                0         -nan%
DFE_OFF_CONF_ON_IBTB_MISS_EVENTS                     0         -nan%                0         -nan%
DFE_OFF_CONF_ON_BTB_MISS_EVENTS                      0         -nan%                0         -nan%
DFE_OFF_CONF_ON_BTB_MISS_RECOVER_AT_EXEC_EVENTS             0         -nan%                0         -nan%
DFE_OFF_CONF_ON_RECOVER_AT_EXEC_EVENTS               0         -nan%                0         -nan%
DFE_OFF_CONF_ON_RECOVER_AT_DECODE_EVENTS             0         -nan%                0         -nan%
                                                     0         -nan%                0         -nan%
                                                  -nan         -nan              -nan         -nan

DFE_OFF_CONF_ON_LATE_BTB_HIT_EVENTS                  0                              0              

DFE_OFF_CONF_ON_NOT_IDENTIFIED_CYCLES                0         -nan%                0         -nan%
DFE_OFF_CONF_ON_IBTB_MISS_CYCLES                     0         -nan%                0         -nan%
DFE_OFF_CONF_ON_BTB_MISS_CYCLES                      0         -nan%                0         -nan%
DFE_OFF_CONF_ON_BTB_MISS_RECOVER_AT_EXEC_CYCLES             0         -nan%                0         -nan%
DFE_OFF_CONF_ON_RECOVER_AT_EXEC_CYCLES               0         -nan%                0         -nan%
DFE_OFF_CONF_ON_RECOVER_AT_DECODE_CYCLES             0         -nan%                0         -nan%
                                                     0         -nan%                0         -nan%
                                                  -nan         -nan              -nan         -nan

DFE_OFF_CONF_ON_LATE_BTB_HIT_CYCLES                  0                              0              

DFE_OFF_CONF_ON_NOT_IDENTIFIED_FETCH_TARGETS             0         -nan%                0         -nan%
DFE_OFF_CONF_ON_IBTB_MISS_FETCH_TARGETS              0         -nan%                0         -nan%
DFE_OFF_CONF_ON_BTB_MISS_FETCH_TARGETS               0         -nan%                0         -nan%
DFE_OFF_CONF_ON_BTB_MISS_RECOVER_AT_EXEC_FETCH_TARGETS             0         -nan%                0         -nan%
DFE_OFF_CONF_ON_RECOVER_AT_EXEC_FETCH_TARGETS             0         -nan%                0         -nan%
DFE_OFF_CONF_ON_RECOVER_AT_DECODE_FETCH_TARGETS             0         -nan%                0         -nan%
                                                     0         -nan%                0         -nan%
                                                  -nan         -nan              -nan         -nan

DFE_OFF_CONF_ON_LATE_BTB_HIT_FETCH_TARGETS             0                              0              

DFE_OFF_CONF_ON_BP_INCORRECT_0_CONF                  0         -nan%                0         -nan%
DFE_OFF_CONF_ON_BP_INCORRECT_1_CONF                  0         -nan%                0         -nan%
DFE_OFF_CONF_ON_BP_INCORRECT_2_CONF                  0         -nan%                0         -nan%
DFE_OFF_CONF_ON_BP_INCORRECT_3_CONF                  0         -nan%                0         -nan%
                                                     0         -nan%                0         -nan%
                                                  -nan         -nan              -nan         -nan

DFE_OFF_CONF_ON_BTB_MISS_CBR_0_CONF                  0         -nan%                0         -nan%
DFE_OFF_CONF_ON_BTB_MISS_CBR_1_CONF                  0         -nan%                0         -nan%
DFE_OFF_CONF_ON_BTB_MISS_CBR_2_CONF                  0         -nan%                0         -nan%
DFE_OFF_CONF_ON_BTB_MISS_CBR_3_CONF                  0         -nan%                0         -nan%
                                                     0         -nan%                0         -nan%
                                                  -nan         -nan              -nan         -nan

DFE_OFF_CONF_ON_BTB_MISS_NOT_CF                      0         -nan%                0         -nan%
DFE_OFF_CONF_ON_BTB_MISS_CF_BR                       0         -nan%                0         -nan%
DFE_OFF_CONF_ON_BTB_MISS_CF_CBR                      0         -nan%                0         -nan%
DFE_OFF_CONF_ON_BTB_MISS_CF_CALL                     0         -nan%                0         -nan%
DFE_OFF_CONF_ON_BTB_MISS_CF_IBR                      0         -nan%                0         -nan%
DFE_OFF_CONF_ON_BTB_MISS_CF_ICALL                    0         -nan%                0         -nan%
DFE_OFF_CONF_ON_BTB_MISS_CF_ICO                      0         -nan%                0         -nan%
DFE_OFF_CONF_ON_BTB_MISS_CF_RET                      0         -nan%                0         -nan%
DFE_OFF_CONF_ON_BTB_MISS_CF_SYS                      0         -nan%                0         -nan%
                                                     0         -nan%                0         -nan%
                                                  -nan         -nan              -nan         -nan

DFE_ON_CONF_OFF_NUM_EVENTS                           0                              0              

CONF_BTB_NUM_CYCLES_OFF_PATH_EVENT                   0                              0              

DFE_ON_CONF_OFF_IBTB_MISS_BP_TAKEN                   0         -nan%                0         -nan%
DFE_ON_CONF_OFF_BTB_MISS_BP_TAKEN_CONF_0             0         -nan%                0         -nan%
DFE_ON_CONF_OFF_BTB_MISS_BP_TAKEN_CONF_1             0         -nan%                0         -nan%
DFE_ON_CONF_OFF_BTB_MISS_BP_TAKEN_CONF_2             0         -nan%                0         -nan%
DFE_ON_CONF_OFF_BTB_MISS_BP_TAKEN_CONF_3             0         -nan%                0         -nan%
DFE_ON_CONF_OFF_BTB_MISS_RATE                        0         -nan%                0         -nan%
DFE_ON_CONF_OFF_IBTB_MISS_RATE                       0         -nan%                0         -nan%
DFE_ON_CONF_OFF_RECOVER_AT_DECODE_RATE               0         -nan%                0         -nan%
DFE_ON_CONF_OFF_RECOVER_AT_EXEC_RATE                 0         -nan%                0         -nan%
DFE_ON_CONF_OFF_INV_CONF_INC                         0         -nan%                0         -nan%
DFE_ON_CONF_OFF_PERFECT_CONF                         0         -nan%                0         -nan%
                                                     0         -nan%                0         -nan%
                                                  -nan         -nan              -nan         -nan

DFE_ON_CONF_OFF_IBTB_MISS_BP_TAKEN_CYCLES             0         -nan%                0         -nan%
DFE_ON_CONF_OFF_BTB_MISS_BP_TAKEN_CONF_0_CYCLES             0         -nan%                0         -nan%
DFE_ON_CONF_OFF_BTB_MISS_BP_TAKEN_CONF_1_CYCLES             0         -nan%                0         -nan%
DFE_ON_CONF_OFF_BTB_MISS_BP_TAKEN_CONF_2_CYCLES             0         -nan%                0         -nan%
DFE_ON_CONF_OFF_BTB_MISS_BP_TAKEN_CONF_3_CYCLES             0         -nan%                0         -nan%
DFE_ON_CONF_OFF_BTB_MISS_RATE_CYCLES                 0         -nan%                0         -nan%
DFE_ON_CONF_OFF_IBTB_MISS_RATE_CYCLES                0         -nan%                0         -nan%
DFE_ON_CONF_OFF_RECOVER_AT_DECODE_RATE_CYCLES             0         -nan%                0         -nan%
DFE_ON_CONF_OFF_RECOVER_AT_EXEC_RATE_CYCLES             0         -nan%                0         -nan%
DFE_ON_CONF_OFF_INV_CONF_INC_CYCLES                  0         -nan%                0         -nan%
DFE_ON_CONF_OFF_PERFECT_CONF_CYCLES                  0         -nan%                0         -nan%
                                                     0         -nan%                0         -nan%
                                                  -nan         -nan              -nan         -nan

DFE_ON_CONF_OFF_IBTB_MISS_BP_TAKEN_FETCH_TARGETS             0         -nan%                0         -nan%
DFE_ON_CONF_OFF_BTB_MISS_BP_TAKEN_CONF_0_FETCH_TARGETS             0         -nan%                0         -nan%
DFE_ON_CONF_OFF_BTB_MISS_BP_TAKEN_CONF_1_FETCH_TARGETS             0         -nan%                0         -nan%
DFE_ON_CONF_OFF_BTB_MISS_BP_TAKEN_CONF_2_FETCH_TARGETS             0         -nan%                0         -nan%
DFE_ON_CONF_OFF_BTB_MISS_BP_TAKEN_CONF_3_FETCH_TARGETS             0         -nan%                0         -nan%
DFE_ON_CONF_OFF_BTB_MISS_RATE_FETCH_TARGETS             0         -nan%                0         -nan%
DFE_ON_CONF_OFF_IBTB_MISS_RATE_FETCH_TARGETS             0         -nan%                0         -nan%
DFE_ON_CONF_OFF_RECOVER_AT_DECODE_RATE_FETCH_TARGETS             0         -nan%                0         -nan%
DFE_ON_CONF_OFF_RECOVER_AT_EXEC_RATE_FETCH_TARGETS             0         -nan%                0         -nan%
DFE_ON_CONF_OFF_INV_CONF_INC_FETCH_TARGETS             0         -nan%                0         -nan%
DFE_ON_CONF_OFF_PERFECT_CONF_FETCH_TARGETS             0         -nan%                0         -nan%
                                                     0         -nan%                0         -nan%
                                                  -nan         -nan              -nan         -nan

CONF_OFF_IBTB_MISS_BP_TAKEN                          0         -nan%                0         -nan%
CONF_OFF_BTB_MISS_BP_TAKEN_CONF_0                    0         -nan%                0         -nan%
CONF_OFF_BTB_MISS_BP_TAKEN_CONF_1                    0         -nan%                0         -nan%
CONF_OFF_BTB_MISS_BP_TAKEN_CONF_2                    0         -nan%                0         -nan%
CONF_OFF_BTB_MISS_BP_TAKEN_CONF_3                    0         -nan%                0         -nan%
CONF_OFF_BTB_MISS_RATE                               0         -nan%                0         -nan%
CONF_OFF_IBTB_MISS_RATE                              0         -nan%                0         -nan%
CONF_OFF_RECOVER_AT_DECODE_RATE                      0         -nan%                0         -nan%
CONF_OFF_RECOVER_AT_EXEC_RATE                        0         -nan%                0         -nan%
CONF_OFF_INV_CONF_INC                                0         -nan%                0         -nan%
CONF_OFF_PERFECT_CONF                                0         -nan%                0         -nan%
                                                     0         -nan%                0         -nan%
                                                  -nan         -nan              -nan         -nan

TOPDOWN_TOTAL_SLOTS                          237841824                      237841824              

TOPDOWN_ISSUED_SLOTS                          92905690                       92905690              

TOPDOWN_RETIRED_SLOTS                         55995277                       55995277              

TOPDOWN_FETCH_BUBBLES_SLOTS                   21455732                       21455732              

TOPDOWN_RECOVERY_BUBBLES_SLOTS                10545869                       10545869              

TOPDOWN_MEM_LOAD_STALLS_CYCLES                18355639                       18355639              

TOPDOWN_MEM_STORE_STALLS_CYCLES                     23                             23              

TOPDOWN_EXEC_STALLS_CYCLES                    19265580                       19265580              

TOPDOWN_BACKEND_STALLS_CYCLES                 18355812                       18355812              

TOPDOWN_FETCH_BUBBLES_GT_MIW_CYCLES            2598391                        2598391              

TOPDOWN_BR_RECOVER_AT_EXEC_RETIRED_CYCLES        328621                         328621              

TOPDOWN_MACHINE_CLEAR_CYCLES                   1914143                        1914143              

TOPDOWN_FRONTEND_BOUND                             902                            902              

TOPDOWN_BACKEND_BOUND                             4749                           4749              

TOPDOWN_BAD_SPEC_BOUND                            1995                           1995              

TOPDOWN_RETIRING_BOUND                            2354                           2354              

TOPDOWN_FETCH_LATENCY_BOUND                        655                            655              

TOPDOWN_FETCH_BANDWIDTH_BOUND                      247                            247              

TOPDOWN_MEM_BOUND                                 4748                           4748              

TOPDOWN_CORE_BOUND                                   1                              1              

TOPDOWN_BR_RECOVER_AT_EXEC_BOUND                   292                            292              

TOPDOWN_MACHINE_CLEARS_BOUND                      1703                           1703              

H2P_SEEN_MAIN                                   294401                         294401              



