Scarab gitrev: 87141ded1
Warning: Scarab expects the trace file type to include OFFLINE_FILE_TYPE_ARCH_REGDEPS (0x20000), but got type: 0xe40
Scarab started at Mon Jul 27 21:27:33 2026

Initialized Ramulator. 
** Heartbeat:   3% -- { 1000000 } -- 0.00 KIPS (83.33 KIPS)
** Heartbeat:   6% -- { 2000001 } -- 100.00 KIPS (90.91 KIPS)
** Heartbeat:  10% -- { 3000001 } -- 90.91 KIPS (90.91 KIPS)
** Heartbeat:  13% -- { 4000001 } -- 90.91 KIPS (90.91 KIPS)
** Heartbeat:  16% -- { 5000001 } -- 90.91 KIPS (90.91 KIPS)
** Heartbeat:  20% -- { 6000001 } -- 90.91 KIPS (90.91 KIPS)
** Heartbeat:  23% -- { 7000008 } -- 90.91 KIPS (90.91 KIPS)
** Heartbeat:  26% -- { 8000008 } -- 90.91 KIPS (90.91 KIPS)
** Heartbeat:  30% -- { 9000008 } -- 90.91 KIPS (90.91 KIPS)
** Heartbeat:  33% -- { 10000008 } -- 83.33 KIPS (90.09 KIPS)
** Heartbeat:  36% -- { 11000014 } -- 90.91 KIPS (90.16 KIPS)
** Heartbeat:  40% -- { 12000016 } -- 76.92 KIPS (88.89 KIPS)
** Heartbeat:  43% -- { 13000019 } -- 90.91 KIPS (89.04 KIPS)
** Heartbeat:  46% -- { 14000022 } -- 90.91 KIPS (89.17 KIPS)
** Heartbeat:  50% -- { 15000025 } -- 90.91 KIPS (89.29 KIPS)
** Heartbeat:  53% -- { 16000030 } -- 90.91 KIPS (89.39 KIPS)
** Heartbeat:  56% -- { 17000034 } -- 90.91 KIPS (89.47 KIPS)
** Heartbeat:  60% -- { 18000034 } -- 90.91 KIPS (89.55 KIPS)
** Heartbeat:  63% -- { 19000035 } -- 90.91 KIPS (89.62 KIPS)
** Heartbeat:  66% -- { 20000037 } -- 90.91 KIPS (89.69 KIPS)
** Heartbeat:  70% -- { 21000041 } -- 100.00 KIPS (90.13 KIPS)
** Heartbeat:  73% -- { 22000045 } -- 111.11 KIPS (90.91 KIPS)
** Heartbeat:  76% -- { 23000048 } -- 142.86 KIPS (92.37 KIPS)
** Heartbeat:  80% -- { 24000048 } -- 142.86 KIPS (93.75 KIPS)
** Heartbeat:  83% -- { 25000054 } -- 142.86 KIPS (95.06 KIPS)
** Heartbeat:  86% -- { 26000058 } -- 166.67 KIPS (96.65 KIPS)
** Heartbeat:  90% -- { 27000063 } -- 142.86 KIPS (97.83 KIPS)
** Heartbeat:  93% -- { 28000066 } -- 142.86 KIPS (98.94 KIPS)
** Heartbeat:  96% -- { 29000070 } -- 142.86 KIPS (100.00 KIPS)
advanceReader: ROI end reached (ordinal 30000002 > roi_end 30000000)
Reached end of trace (last_inst) pc=0x40d586
Running McPat...
Running CACTI...
Parsing scarab params...
Parsing scarab stats...
Parsing McPAT output (./mcpat.out) and CACTI output (./cacti_dram.out)...
Printing Power Results...
Power Finished Successfully!
Scarab power interface: executing command:
['perl', '/home/deepmish/scarab_stage/ifuse/scarab/bin/power/power_intf.pl', '/home/deepmish/toolchain/bin/mcpat', '/home/deepmish/toolchain/bin/cacti', '.', '0', '0']
Scarab power interface: command finished with exit code: 0
** Core 0 Finished:    insts:30000000    cycles:7778985     time:2430932812500       -- 3.86 IPC (3.86 IPC) --  N/A  KIPS (101.35 KIPS)
Scarab finished at Mon Jul 27 21:33:00 2026

