/* -*- Mode: c -*- */
####################################################################################################
Core 0
####################################################################################################
Cumulative:        Cycles: 37777122              Instructions: 89999999              IPC: 2.38239

Periodic:          Cycles: 37777122              Instructions: 89999999              IPC: 2.38239

EXECUTION_TIME                           11805350625000                  11805350625000              

SIM_HOST_WALL_SECONDS                       957.784867                     957.784867              

NODE_CYCLE                                    37777122                       37777122              

NODE_INST_COUNT                               90000077                       90000077              

NODE_INST_COUNT_FETCHED                       89999999                       89999999              

NODE_UOP_COUNT                               105939797                      105939797              

EXEC_STAGE_NO_ISSUE_STALL_CYCLE               23046034                       23046034              

EXEC_STAGE_NO_ISSUE_STALL_CYCLE_ONPATH        20603427                       20603427              

FULL_WINDOW_STALL                                 6989        0.019%             6989        0.019%

FULL_WINDOW_MEM_OP                                6654       97.011%             6654       97.011%
FULL_WINDOW_FP_OP                                    0        0.000%                0        0.000%
FULL_WINDOW_OTHER_OP                               205        2.989%              205        2.989%
                                                  6859      100.000%             6859      100.000%
                                                  0.06         0.34              0.06         0.34

RET_BLOCKED_DC_MISS                           10436778       27.627%         10436778       27.627%

RET_BLOCKED_L1_MISS                            5334920       14.122%          5334920       14.122%

RET_BLOCKED_L1_MISS_BW_PREF                     116379        0.308%           116379        0.308%

RET_BLOCKED_L1_ACCESS                          5131650       13.584%          5131650       13.584%

RET_BLOCKED_MEM_STALL                         11316052       29.955%         11316052       29.955%

RET_BLOCKED_OFFCHIP_DEMAND                           0        0.000%                0        0.000%

OP_ISSUED                                    113242489                      113242489              

OP_RETIRED                                   105939797                      105939797              

OP_MACRO_FUSION_ONPATH                        13767458                       13767458              

OP_MACRO_FUSION_OFFPATH                        2489170                        2489170              

REPLAY_SIGNALED                                      0                              0              

REPLAY_COUNTED                                       0                              0              

OFF_CRITICAL_PATH                                    0         -nan%                0         -nan%
ON_CRITICAL_PATH                                     0         -nan%                0         -nan%
                                                     0         -nan%                0         -nan%
                                                  -nan         -nan              -nan         -nan

LD_NO_DEPENDENTS                               1197175        6.259%          1197175        6.259%
LD_DEPENDENTS                                 17929439       93.741%         17929439       93.741%
                                              19126614      100.000%         19126614      100.000%
                                                  0.94         0.91              0.94         0.91

LD_EXEC_CYCLES_0                                     0        0.000%                0        0.000%
LD_EXEC_CYCLES_1                               1785292       60.645%          1785292       60.645%
LD_EXEC_CYCLES_2                                215924        7.335%           215924        7.335%
LD_EXEC_CYCLES_3                                272913        9.271%           272913        9.271%
LD_EXEC_CYCLES_4                                669696       22.749%           669696       22.749%
                                               2943825      100.000%          2943825      100.000%
                                                  1.94         1.57              1.94         1.57

LD_EXEC_MINUS_FETCH_LATENCY                 1178568458                     1178568458              

LD_RETIRE_MINUS_FETCH_LATENCY               1944478187                     1944478187              

ICACHE_STAGE_STARVED                            605721        2.062%           605721        2.062%
ICACHE_STAGE_NOT_STARVED                      28767251       97.938%         28767251       97.938%
                                              29372972      100.000%         29372972      100.000%
                                                  0.98         0.97              0.98         0.97

ICACHE_STAGE_STALLED                          13179505       34.888%         13179505       34.888%
ICACHE_STAGE_NOT_STALLED                      16193467       42.866%         16193467       42.866%
ICACHE_STAGE_OFF_PATH                          8404150       22.247%          8404150       22.247%
                                              37777122      100.000%         37777122      100.000%
                                                  0.87         0.68              0.87         0.68

DECODE_STAGE_STARVED                          33374479       97.899%         33374479       97.899%
DECODE_STAGE_NOT_STARVED                        716300        2.101%           716300        2.101%
                                              34090779      100.000%         34090779      100.000%
                                                  0.02         0.14              0.02         0.14

DECODE_STAGE_STALLED                            155900        0.413%           155900        0.413%
DECODE_STAGE_NOT_STALLED                      33934879       89.829%         33934879       89.829%
DECODE_STAGE_OFF_PATH                          3686343        9.758%          3686343        9.758%
                                              37777122      100.000%         37777122      100.000%
                                                  1.09         0.45              1.09         0.45

UOPQ_STAGE_STARVED                             4515460       24.445%          4515460       24.445%
UOPQ_STAGE_NOT_STARVED                        13956825       75.555%         13956825       75.555%
                                              18472285      100.000%         18472285      100.000%
                                                  0.76         0.69              0.76         0.69

UOPQ_STAGE_STALLED                            13302110       35.212%         13302110       35.212%
UOPQ_STAGE_NOT_STALLED                        18472285       48.898%         18472285       48.898%
UOPQ_STAGE_OFF_PATH                            6002727       15.890%          6002727       15.890%
                                              37777122      100.000%         37777122      100.000%
                                                  0.81         0.59              0.81         0.59

RS_OP_READY_NOT_ISSUED_TOTAL                 221290247                      221290247              

RS_0_OP_READY_NOT_ISSUED                      68129081                       68129081              

RS_1_OP_READY_NOT_ISSUED                       4224832                        4224832              

RS_2_OP_READY_NOT_ISSUED                     148936334                      148936334              

RS_3_OP_READY_NOT_ISSUED                             0                              0              

RS_4_OP_READY_NOT_ISSUED                             0                              0              

RS_5_OP_READY_NOT_ISSUED                             0                              0              

RS_6_OP_READY_NOT_ISSUED                             0                              0              

RS_7_OP_READY_NOT_ISSUED                             0                              0              

RS_7_PLUS_OP_READY_NOT_ISSUED                        0                              0              

FU_IDLE_NO_READY_OPS_TOTAL                   181870586                      181870586              

FU_0_IDLE_NO_READY_OPS                        14983541                       14983541              

FU_1_IDLE_NO_READY_OPS                        16034981                       16034981              

FU_2_IDLE_NO_READY_OPS                        22095624                       22095624              

FU_3_IDLE_NO_READY_OPS                        22099281                       22099281              

FU_4_IDLE_NO_READY_OPS                        16223889                       16223889              

FU_5_IDLE_NO_READY_OPS                        14886129                       14886129              

FU_6_IDLE_NO_READY_OPS                        18661593                       18661593              

FU_7_IDLE_NO_READY_OPS                        18671011                       18671011              

FU_8_IDLE_NO_READY_OPS                        16108005                       16108005              

FU_9_IDLE_NO_READY_OPS                        22106532                       22106532              

FU_10_IDLE_NO_READY_OPS                              0                              0              

FU_11_IDLE_NO_READY_OPS                              0                              0              

FU_12_IDLE_NO_READY_OPS                              0                              0              

FU_13_IDLE_NO_READY_OPS                              0                              0              

FU_14_IDLE_NO_READY_OPS                              0                              0              

FU_15_IDLE_NO_READY_OPS                              0                              0              

FU_16_IDLE_NO_READY_OPS                              0                              0              

FU_17_IDLE_NO_READY_OPS                              0                              0              

FU_18_IDLE_NO_READY_OPS                              0                              0              

FU_19_IDLE_NO_READY_OPS                              0                              0              

FU_20_IDLE_NO_READY_OPS                              0                              0              

FU_21_IDLE_NO_READY_OPS                              0                              0              

FU_22_IDLE_NO_READY_OPS                              0                              0              

FU_23_IDLE_NO_READY_OPS                              0                              0              

FU_24_IDLE_NO_READY_OPS                              0                              0              

FU_25_IDLE_NO_READY_OPS                              0                              0              

FU_26_IDLE_NO_READY_OPS                              0                              0              

FU_27_IDLE_NO_READY_OPS                              0                              0              

FU_28_IDLE_NO_READY_OPS                              0                              0              

FU_29_IDLE_NO_READY_OPS                              0                              0              

FU_30_IDLE_NO_READY_OPS                              0                              0              

FU_31_IDLE_NO_READY_OPS                              0                              0              

FU_31_PLUS_IDLE_NO_READY_OPS                         0                              0              

MAP_STAGE_STARVED                               763559        2.906%           763559        2.906%
MAP_STAGE_NOT_STARVED                         25511421       97.094%         25511421       97.094%
                                              26274980      100.000%         26274980      100.000%
                                                  0.97         0.96              0.97         0.96

MAP_STAGE_STALLED                              7591108       26.344%          7591108       26.344%
MAP_STAGE_NOT_STALLED                         18683872       64.841%         18683872       64.841%
MAP_STAGE_OFF_PATH                             2539815        8.814%          2539815        8.814%
                                              28814795      100.000%         28814795      100.000%
                                                  0.82         0.45              0.82         0.45

MAP_STAGE_STALL_ITSELF                         8962327       23.724%          8962327       23.724%
MAP_STAGE_NOT_STALL_ITSELF                    28814795       76.276%         28814795       76.276%
                                              37777122      100.000%         37777122      100.000%
                                                  0.76         0.70              0.76         0.70

MAP_STAGE_LATE_ALLOCATE_SEND_BACK                    0                              0              

MAP_STAGE_RENAME_OP_ONPATH                   105939797                      105939797              

MAP_STAGE_RENAME_OP_OFFPATH                   12368068                       12368068              

MAP_STAGE_RENAME_INT_REG_ONPATH               86204023                       86204023              

MAP_STAGE_RENAME_INT_REG_OFFPATH               9932364                        9932364              

MAP_STAGE_RENAME_VEC_REG_ONPATH                1303927                        1303927              

MAP_STAGE_RENAME_VEC_REG_OFFPATH                  3006                           3006              

MAP_STAGE_RENAME_MOVE_ELIM_ONPATH                    0                              0              

MAP_STAGE_RENAME_MOVE_ELIM_OFFPATH                   0                              0              

MAP_STAGE_ONPATH_INT_REG_NUM_ALLOC            93328339                       93328339              

MAP_STAGE_ONPATH_VEC_REG_NUM_ALLOC             1303915                        1303915              

MAP_STAGE_ONPATH_INT_REG_NUM_SHORTLIVE        30378174                       30378174              

MAP_STAGE_ONPATH_VEC_REG_NUM_SHORTLIVE          453471                         453471              

MAP_STAGE_ONPATH_INT_REG_USE_COUNT_0          24537256                       24537256              

MAP_STAGE_ONPATH_VEC_REG_USE_COUNT_0            225376                         225376              

MAP_STAGE_ONPATH_INT_REG_USE_COUNT_1          45498790                       45498790              

MAP_STAGE_ONPATH_VEC_REG_USE_COUNT_1            713290                         713290              

MAP_STAGE_ONPATH_INT_REG_USE_COUNT_2          14627922                       14627922              

MAP_STAGE_ONPATH_VEC_REG_USE_COUNT_2            273909                         273909              

MAP_STAGE_ONPATH_INT_REG_USE_COUNT_3           3707467                        3707467              

MAP_STAGE_ONPATH_VEC_REG_USE_COUNT_3             46370                          46370              

MAP_STAGE_ONPATH_INT_REG_USE_COUNT_4           2143209                        2143209              

MAP_STAGE_ONPATH_VEC_REG_USE_COUNT_4             44962                          44962              

MAP_STAGE_ONPATH_INT_REG_USE_COUNT_5           1503966                        1503966              

MAP_STAGE_ONPATH_VEC_REG_USE_COUNT_5                 2                              2              

MAP_STAGE_ONPATH_INT_REG_USE_COUNT_6            527070                         527070              

MAP_STAGE_ONPATH_VEC_REG_USE_COUNT_6                 1                              1              

MAP_STAGE_ONPATH_INT_REG_USE_COUNT_7_PLUS        782659                         782659              

MAP_STAGE_ONPATH_VEC_REG_USE_COUNT_7_PLUS             5                              5              

MAP_STAGE_ONPATH_INT_REG_CONSUME_DIST_0              0        0.0000                0        0.0000

MAP_STAGE_ONPATH_VEC_REG_CONSUME_DIST_0              0        0.0000                0        0.0000

MAP_STAGE_ONPATH_INT_REG_CONSUME_DIST_1              0        0.0000                0        0.0000

MAP_STAGE_ONPATH_VEC_REG_CONSUME_DIST_1              0        0.0000                0        0.0000

MAP_STAGE_ONPATH_INT_REG_CONSUME_DIST_2       78676111        5.3785         78676111        5.3785

MAP_STAGE_ONPATH_VEC_REG_CONSUME_DIST_2       43420991      158.5234         43420991      158.5234

MAP_STAGE_ONPATH_INT_REG_CONSUME_DIST_3       41208116       11.1149         41208116       11.1149

MAP_STAGE_ONPATH_VEC_REG_CONSUME_DIST_3       53928423     1163.0024         53928423     1163.0024

MAP_STAGE_ONPATH_INT_REG_CONSUME_DIST_4       93754089       43.7447         93754089       43.7447

MAP_STAGE_ONPATH_VEC_REG_CONSUME_DIST_4          44975        1.0003            44975        1.0003

MAP_STAGE_ONPATH_INT_REG_CONSUME_DIST_5       23233494       15.4482         23233494       15.4482

MAP_STAGE_ONPATH_VEC_REG_CONSUME_DIST_5              7        3.5000                7        3.5000

MAP_STAGE_ONPATH_INT_REG_CONSUME_DIST_6       18265071       34.6540         18265071       34.6540

MAP_STAGE_ONPATH_VEC_REG_CONSUME_DIST_6           8283     8283.0000             8283     8283.0000

MAP_STAGE_ONPATH_INT_REG_CONSUME_DIST_7_PLUS      98851760      126.3025         98851760      126.3025

MAP_STAGE_ONPATH_VEC_REG_CONSUME_DIST_7_PLUS      16064138  3212827.6000         16064138  3212827.6000

MAP_STAGE_INT_REG_ISSUE_READ_TOTAL_CONSUMED     129972120        5.6397        129972120        5.6397

MAP_STAGE_VEC_REG_ISSUE_READ_TOTAL_CONSUMED       2629188        0.1141          2629188        0.1141

MAP_STAGE_INT_REG_ISSUE_READ_MULTI_CONSUMED      57112609        2.4782         57112609        2.4782

MAP_STAGE_VEC_REG_ISSUE_READ_MULTI_CONSUMED       1550247        0.0673          1550247        0.0673

MAP_STAGE_INT_REG_ISSUE_READ_SAME_CYCLE_CONSUMED      26147499        1.1346         26147499        1.1346

MAP_STAGE_VEC_REG_ISSUE_READ_SAME_CYCLE_CONSUMED        203342        0.0088           203342        0.0088

MAP_STAGE_INT_REG_ISSUE_READ_TOTAL_CONSUMED_ONPATH     120788056        5.8625        120788056        5.8625

MAP_STAGE_VEC_REG_ISSUE_READ_TOTAL_CONSUMED_ONPATH       2628730        0.1276          2628730        0.1276

MAP_STAGE_INT_REG_ISSUE_READ_MULTI_CONSUMED_ONPATH      51996952        2.5237         51996952        2.5237

MAP_STAGE_VEC_REG_ISSUE_READ_MULTI_CONSUMED_ONPATH       1550179        0.0752          1550179        0.0752

MAP_STAGE_INT_REG_ISSUE_READ_SAME_CYCLE_CONSUMED_ONPATH      24512498        1.1897         24512498        1.1897

MAP_STAGE_VEC_REG_ISSUE_READ_SAME_CYCLE_CONSUMED_ONPATH        203326        0.0099           203326        0.0099

MAP_STAGE_ONPATH_INT_REG_LIFECYCLE_EMPTY    3185038081                     3185038081              

MAP_STAGE_ONPATH_VEC_REG_LIFECYCLE_EMPTY      41027018                       41027018              

MAP_STAGE_ONPATH_INT_REG_LIFECYCLE_IN_USE    4465405633                     4465405633              

MAP_STAGE_ONPATH_VEC_REG_LIFECYCLE_IN_USE     190222548                      190222548              

MAP_STAGE_ONPATH_INT_REG_LIFECYCLE_SPEC_RELEASE    6567756535                     6567756535              

MAP_STAGE_ONPATH_VEC_REG_LIFECYCLE_SPEC_RELEASE     426575117                      426575117              

MAP_STAGE_ONPATH_INT_REG_LIFECYCLE_NONSPEC_RELEASE    6567756535                     6567756535              

MAP_STAGE_ONPATH_VEC_REG_LIFECYCLE_NONSPEC_RELEASE     426575117                      426575117              

MAP_STAGE_ONPATH_INT_REG_LIFECYCLE_TOTAL    6567756535                     6567756535              

MAP_STAGE_ONPATH_VEC_REG_LIFECYCLE_TOTAL     426575117                      426575117              

MAP_STAGE_ONPATH_INT_REG_NUM_NONBRANCH        93328339                       93328339              

MAP_STAGE_ONPATH_VEC_REG_NUM_NONBRANCH         1303915                        1303915              

MAP_STAGE_ONPATH_INT_REG_NUM_NONEXCEPT        93328339                       93328339              

MAP_STAGE_ONPATH_VEC_REG_NUM_NONEXCEPT         1303915                        1303915              

MAP_STAGE_ONPATH_INT_REG_NUM_ATOMIC           93328339                       93328339              

MAP_STAGE_ONPATH_VEC_REG_NUM_ATOMIC            1303915                        1303915              

MAP_STAGE_ONPATH_INT_REG_ATOMIC_REDEFINED_DIST_TOTAL    6567756535       70.3726       6567756535       70.3726

MAP_STAGE_ONPATH_VEC_REG_ATOMIC_REDEFINED_DIST_TOTAL     426575117      327.1495        426575117      327.1495

MAP_STAGE_ONPATH_INT_REG_ATOMIC_CONSUMED_DIST_TOTAL    4465405633       47.8462       4465405633       47.8462

MAP_STAGE_ONPATH_VEC_REG_ATOMIC_CONSUMED_DIST_TOTAL     190222548      145.8857        190222548      145.8857

MAP_STAGE_ONPATH_INT_REG_ATOMIC_RELEASE_DIST_TOTAL    6567756535       70.3726       6567756535       70.3726

MAP_STAGE_ONPATH_VEC_REG_ATOMIC_RELEASE_DIST_TOTAL     426575117      327.1495        426575117      327.1495

EXEC_STAGE_STARVED                            21519545       56.964%         21519545       56.964%
EXEC_STAGE_NOT_STARVED                        11463765       30.346%         11463765       30.346%
EXEC_STAGE_OFF_PATH                            4793812       12.690%          4793812       12.690%
                                              37777122      100.000%         37777122      100.000%
                                                  0.56         0.60              0.56         0.60

FU_BUSY_0                                     17489369                       17489369              

FU_BUSY_1                                     15636780                       15636780              

FU_BUSY_2                                      7860861                        7860861              

FU_BUSY_3                                      7865297                        7865297              

FU_BUSY_4                                     14598641                       14598641              

FU_BUSY_5                                     17903441                       17903441              

FU_BUSY_6                                     14436659                       14436659              

FU_BUSY_7                                     14431261                       14431261              

FU_BUSY_8                                     15167402                       15167402              

FU_BUSY_9                                      7856034                        7856034              

FU_BUSY_10                                           0                              0              

FU_BUSY_11                                           0                              0              

FU_BUSY_12                                           0                              0              

FU_BUSY_13                                           0                              0              

FU_BUSY_14                                           0                              0              

FU_BUSY_15                                           0                              0              

FU_BUSY_16                                           0                              0              

FU_BUSY_17                                           0                              0              

FU_BUSY_18                                           0                              0              

FU_BUSY_19                                           0                              0              

FU_BUSY_20                                           0                              0              

FU_BUSY_21                                           0                              0              

FU_BUSY_22                                           0                              0              

FU_BUSY_23                                           0                              0              

FU_BUSY_24                                           0                              0              

FU_BUSY_25                                           0                              0              

FU_BUSY_26                                           0                              0              

FU_BUSY_27                                           0                              0              

FU_BUSY_28                                           0                              0              

FU_BUSY_29                                           0                              0              

FU_BUSY_30                                           0                              0              

FU_BUSY_31                                           0                              0              

FU_REJECTED_OP_INV_NOT_SIMD                          0        0.000%                0        0.000%
FU_REJECTED_OP_NOP_NOT_SIMD                      18514        0.100%            18514        0.100%
FU_REJECTED_OP_CF_NOT_SIMD                      193105        1.040%           193105        1.040%
FU_REJECTED_OP_MOV_NOT_SIMD                     267886        1.443%           267886        1.443%
FU_REJECTED_OP_CMOV_NOT_SIMD                         0        0.000%                0        0.000%
FU_REJECTED_OP_LDA_NOT_SIMD                     156915        0.845%           156915        0.845%
FU_REJECTED_OP_IMEM_NOT_SIMD                    904861        4.876%           904861        4.876%
FU_REJECTED_OP_IADD_NOT_SIMD                    697829        3.760%           697829        3.760%
FU_REJECTED_OP_IMUL_NOT_SIMD                    452894        2.440%           452894        2.440%
FU_REJECTED_OP_IDIV_NOT_SIMD                        40        0.000%               40        0.000%
FU_REJECTED_OP_ICMP_NOT_SIMD                        14        0.000%               14        0.000%
FU_REJECTED_OP_LOGIC_NOT_SIMD                   161032        0.868%           161032        0.868%
FU_REJECTED_OP_SHIFT_NOT_SIMD                   469473        2.530%           469473        2.530%
FU_REJECTED_OP_FMEM_NOT_SIMD                        19        0.000%               19        0.000%
FU_REJECTED_OP_FCVT_NOT_SIMD                         0        0.000%                0        0.000%
FU_REJECTED_OP_FADD_NOT_SIMD                         0        0.000%                0        0.000%
FU_REJECTED_OP_FMUL_NOT_SIMD                         0        0.000%                0        0.000%
FU_REJECTED_OP_FMA_NOT_SIMD                          0        0.000%                0        0.000%
FU_REJECTED_OP_FDIV_NOT_SIMD                         0        0.000%                0        0.000%
FU_REJECTED_OP_FCMP_NOT_SIMD                         0        0.000%                0        0.000%
FU_REJECTED_OP_FCMOV_NOT_SIMD                        0        0.000%                0        0.000%
FU_REJECTED_OP_GATHER_NOT_SIMD                       0        0.000%                0        0.000%
FU_REJECTED_OP_SCATTER_NOT_SIMD                      0        0.000%                0        0.000%
FU_REJECTED_OP_PIPELINED_FAST_NOT_SIMD               0        0.000%                0        0.000%
FU_REJECTED_OP_PIPELINED_MEDIUM_NOT_SIMD             0        0.000%                0        0.000%
FU_REJECTED_OP_PIPELINED_SLOW_NOT_SIMD               0        0.000%                0        0.000%
FU_REJECTED_OP_NOTPIPELINED_MEDIUM_NOT_SIMD             0        0.000%                0        0.000%
FU_REJECTED_OP_NOTPIPELINED_SLOW_NOT_SIMD             0        0.000%                0        0.000%
FU_REJECTED_OP_NOTPIPELINED_VERY_SLOW_NOT_SIMD             2        0.000%                2        0.000%
FU_REJECTED_OP_INV_SIMD                              0        0.000%                0        0.000%
FU_REJECTED_OP_NOP_SIMD                           3689        0.020%             3689        0.020%
FU_REJECTED_OP_CF_SIMD                               0        0.000%                0        0.000%
FU_REJECTED_OP_MOV_SIMD                             42        0.000%               42        0.000%
FU_REJECTED_OP_CMOV_SIMD                             0        0.000%                0        0.000%
FU_REJECTED_OP_LDA_SIMD                              0        0.000%                0        0.000%
FU_REJECTED_OP_IMEM_SIMD                             0        0.000%                0        0.000%
FU_REJECTED_OP_IADD_SIMD                             0        0.000%                0        0.000%
FU_REJECTED_OP_IMUL_SIMD                             0        0.000%                0        0.000%
FU_REJECTED_OP_IDIV_SIMD                             0        0.000%                0        0.000%
FU_REJECTED_OP_ICMP_SIMD                             0        0.000%                0        0.000%
FU_REJECTED_OP_LOGIC_SIMD                            0        0.000%                0        0.000%
FU_REJECTED_OP_SHIFT_SIMD                            3        0.000%                3        0.000%
FU_REJECTED_OP_FMEM_SIMD                             0        0.000%                0        0.000%
FU_REJECTED_OP_FCVT_SIMD                            87        0.000%               87        0.000%
FU_REJECTED_OP_FADD_SIMD                      15232709       82.077%         15232709       82.077%
FU_REJECTED_OP_FMUL_SIMD                             0        0.000%                0        0.000%
FU_REJECTED_OP_FMA_SIMD                              0        0.000%                0        0.000%
FU_REJECTED_OP_FDIV_SIMD                             0        0.000%                0        0.000%
FU_REJECTED_OP_FCMP_SIMD                             0        0.000%                0        0.000%
FU_REJECTED_OP_FCMOV_SIMD                            0        0.000%                0        0.000%
FU_REJECTED_OP_GATHER_SIMD                           0        0.000%                0        0.000%
FU_REJECTED_OP_SCATTER_SIMD                          0        0.000%                0        0.000%
FU_REJECTED_OP_PIPELINED_FAST_SIMD                   0        0.000%                0        0.000%
FU_REJECTED_OP_PIPELINED_MEDIUM_SIMD                 0        0.000%                0        0.000%
FU_REJECTED_OP_PIPELINED_SLOW_SIMD                   0        0.000%                0        0.000%
FU_REJECTED_OP_NOTPIPELINED_MEDIUM_SIMD              0        0.000%                0        0.000%
FU_REJECTED_OP_NOTPIPELINED_SLOW_SIMD                0        0.000%                0        0.000%
FU_REJECTED_OP_NOTPIPELINED_VERY_SLOW_SIMD             0        0.000%                0        0.000%
                                              18559114      100.000%         18559114      100.000%
                                                 37.38        14.23             37.38        14.23

LSQ_FULL_TOTAL                                 7591926                        7591926              

LSQ_FULL_LOAD_QUEUE                                  0                              0              

LSQ_FULL_STORE_QUEUE                           7591926                        7591926              

OP_WAIT_0                                     69532711                       69532711              

OP_WAIT_1                                     15857875                       15857875              

OP_WAIT_2                                      5786471                        5786471              

OP_WAIT_3                                      3265689                        3265689              

OP_WAIT_4                                      2478676                        2478676              

OP_WAIT_5                                      1645879                        1645879              

OP_WAIT_6                                      1284104                        1284104              

OP_WAIT_7                                       964644                         964644              

OP_WAIT_8                                       736705                         736705              

OP_WAIT_9                                       710160                         710160              

OP_WAIT_10                                      772283                         772283              

OP_WAIT_11                                      633577                         633577              

OP_WAIT_12                                      331275                         331275              

OP_WAIT_13                                      205686                         205686              

OP_WAIT_14                                      108619                         108619              

OP_WAIT_15                                       71708                          71708              

OP_WAIT_16                                       51836                          51836              

OP_WAIT_17                                       57903                          57903              

OP_WAIT_18                                       39785                          39785              

OP_WAIT_19                                       29069                          29069              

OP_WAIT_20                                       21346                          21346              

OP_WAIT_21                                       20970                          20970              

OP_WAIT_22                                       19132                          19132              

OP_WAIT_23                                       29597                          29597              

OP_WAIT_24                                       42136                          42136              

OP_WAIT_25                                       10659                          10659              

OP_WAIT_26                                        8770                           8770              

OP_WAIT_27                                        7818                           7818              

OP_WAIT_28                                       11208                          11208              

OP_WAIT_29                                       62157                          62157              

OP_WAIT_30                                       49682                          49682              

OP_WAIT_31                                     1091667                        1091667              

ROW_SIZE_0                                    21650588                       21650588              

ROW_SIZE_1                                     1657518                        1657518              

ROW_SIZE_2                                      434296                         434296              

ROW_SIZE_3                                      276490                         276490              

ROW_SIZE_4                                      298764                         298764              

ROW_SIZE_5                                      437121                         437121              

ROW_SIZE_6                                      603762                         603762              

ROW_SIZE_7                                      370024                         370024              

ROW_SIZE_8                                    11623852                       11623852              

ROW_SIZE_9                                           0                              0              

ROW_SIZE_10                                          0                              0              

ROW_SIZE_11                                          0                              0              

ROW_SIZE_12                                          0                              0              

ROW_SIZE_13                                          0                              0              

ROW_SIZE_14                                          0                              0              

ROW_SIZE_15                                          0                              0              

ROW_SIZE_16                                          0                              0              

ROW_SIZE_17                                          0                              0              

ROW_SIZE_18                                          0                              0              

ROW_SIZE_19                                          0                              0              

ROW_SIZE_20                                          0                              0              

ROW_SIZE_21                                          0                              0              

ROW_SIZE_22                                          0                              0              

ROW_SIZE_23                                          0                              0              

ROW_SIZE_24                                          0                              0              

ROW_SIZE_25                                          0                              0              

ROW_SIZE_26                                          0                              0              

ROW_SIZE_27                                          0                              0              

ROW_SIZE_28                                          0                              0              

ROW_SIZE_29                                          0                              0              

ROW_SIZE_30                                          0                              0              

ROW_SIZE_31                                          0                              0              

RET_OP_EXEC_COUNT_0                                  0        0.000%                0        0.000%
RET_OP_EXEC_COUNT_1                          105939797      100.000%        105939797      100.000%
RET_OP_EXEC_COUNT_2                                  0        0.000%                0        0.000%
RET_OP_EXEC_COUNT_3                                  0        0.000%                0        0.000%
RET_OP_EXEC_COUNT_4                                  0        0.000%                0        0.000%
RET_OP_EXEC_COUNT_5                                  0        0.000%                0        0.000%
RET_OP_EXEC_COUNT_6                                  0        0.000%                0        0.000%
RET_OP_EXEC_COUNT_7                                  0        0.000%                0        0.000%
RET_OP_EXEC_COUNT_8                                  0        0.000%                0        0.000%
RET_OP_EXEC_COUNT_9                                  0        0.000%                0        0.000%
RET_OP_EXEC_COUNT_10                                 0        0.000%                0        0.000%
RET_OP_EXEC_COUNT_11                                 0        0.000%                0        0.000%
RET_OP_EXEC_COUNT_12                                 0        0.000%                0        0.000%
RET_OP_EXEC_COUNT_13                                 0        0.000%                0        0.000%
RET_OP_EXEC_COUNT_14                                 0        0.000%                0        0.000%
RET_OP_EXEC_COUNT_15                                 0        0.000%                0        0.000%
RET_OP_EXEC_COUNT_16                                 0        0.000%                0        0.000%
RET_OP_EXEC_COUNT_17                                 0        0.000%                0        0.000%
RET_OP_EXEC_COUNT_18                                 0        0.000%                0        0.000%
RET_OP_EXEC_COUNT_19                                 0        0.000%                0        0.000%
RET_OP_EXEC_COUNT_20                                 0        0.000%                0        0.000%
RET_OP_EXEC_COUNT_21                                 0        0.000%                0        0.000%
RET_OP_EXEC_COUNT_22                                 0        0.000%                0        0.000%
RET_OP_EXEC_COUNT_23                                 0        0.000%                0        0.000%
RET_OP_EXEC_COUNT_24                                 0        0.000%                0        0.000%
RET_OP_EXEC_COUNT_25                                 0        0.000%                0        0.000%
RET_OP_EXEC_COUNT_26                                 0        0.000%                0        0.000%
RET_OP_EXEC_COUNT_27                                 0        0.000%                0        0.000%
RET_OP_EXEC_COUNT_28                                 0        0.000%                0        0.000%
RET_OP_EXEC_COUNT_29                                 0        0.000%                0        0.000%
RET_OP_EXEC_COUNT_30                                 0        0.000%                0        0.000%
RET_OP_EXEC_COUNT_31                                 0        0.000%                0        0.000%
RET_OP_EXEC_COUNT_32                                 0        0.000%                0        0.000%
                                             105939797      100.000%        105939797      100.000%
                                                  1.00         0.00              1.00         0.00

RET_STALL_LENGTH_0                           105898582       99.961%        105898582       99.961%
RET_STALL_LENGTH_100                             15927        0.015%            15927        0.015%
RET_STALL_LENGTH_200                             11848        0.011%            11848        0.011%
RET_STALL_LENGTH_300                              2164        0.002%             2164        0.002%
RET_STALL_LENGTH_400                              6592        0.006%             6592        0.006%
RET_STALL_LENGTH_500                              2555        0.002%             2555        0.002%
RET_STALL_LENGTH_600                               872        0.001%              872        0.001%
RET_STALL_LENGTH_700                               426        0.000%              426        0.000%
RET_STALL_LENGTH_800                                62        0.000%               62        0.000%
RET_STALL_LENGTH_900                                29        0.000%               29        0.000%
RET_STALL_LENGTH_1000                               25        0.000%               25        0.000%
RET_STALL_LENGTH_1100                               58        0.000%               58        0.000%
RET_STALL_LENGTH_1200                              282        0.000%              282        0.000%
RET_STALL_LENGTH_1300                               85        0.000%               85        0.000%
RET_STALL_LENGTH_1400                               14        0.000%               14        0.000%
RET_STALL_LENGTH_1500                               39        0.000%               39        0.000%
RET_STALL_LENGTH_1600                               83        0.000%               83        0.000%
RET_STALL_LENGTH_1700                              100        0.000%              100        0.000%
RET_STALL_LENGTH_1800                               41        0.000%               41        0.000%
RET_STALL_LENGTH_1900                                9        0.000%                9        0.000%
RET_STALL_LENGTH_2000                                4        0.000%                4        0.000%
RET_STALL_LENGTH_2100                                0        0.000%                0        0.000%
RET_STALL_LENGTH_2200                                0        0.000%                0        0.000%
RET_STALL_LENGTH_2300                                0        0.000%                0        0.000%
RET_STALL_LENGTH_2400                                0        0.000%                0        0.000%
RET_STALL_LENGTH_2500                                0        0.000%                0        0.000%
RET_STALL_LENGTH_2600                                0        0.000%                0        0.000%
RET_STALL_LENGTH_2700                                0        0.000%                0        0.000%
RET_STALL_LENGTH_2800                                0        0.000%                0        0.000%
RET_STALL_LENGTH_2900                                0        0.000%                0        0.000%
RET_STALL_LENGTH_3000                                0        0.000%                0        0.000%
RET_STALL_LENGTH_3100                                0        0.000%                0        0.000%
RET_STALL_LENGTH_3200                                0        0.000%                0        0.000%
RET_STALL_LENGTH_3300                                0        0.000%                0        0.000%
RET_STALL_LENGTH_3400                                0        0.000%                0        0.000%
RET_STALL_LENGTH_3500                                0        0.000%                0        0.000%
RET_STALL_LENGTH_3600                                0        0.000%                0        0.000%
RET_STALL_LENGTH_3700                                0        0.000%                0        0.000%
RET_STALL_LENGTH_3800                                0        0.000%                0        0.000%
RET_STALL_LENGTH_3900                                0        0.000%                0        0.000%
RET_STALL_LENGTH_4000                                0        0.000%                0        0.000%
RET_STALL_LENGTH_4100                                0        0.000%                0        0.000%
RET_STALL_LENGTH_4200                                0        0.000%                0        0.000%
RET_STALL_LENGTH_4300                                0        0.000%                0        0.000%
RET_STALL_LENGTH_4400                                0        0.000%                0        0.000%
RET_STALL_LENGTH_4500                                0        0.000%                0        0.000%
RET_STALL_LENGTH_4600                                0        0.000%                0        0.000%
RET_STALL_LENGTH_4700                                0        0.000%                0        0.000%
RET_STALL_LENGTH_4800                                0        0.000%                0        0.000%
RET_STALL_LENGTH_4900                                0        0.000%                0        0.000%
RET_STALL_LENGTH_5000                                0        0.000%                0        0.000%
                                             105939797      100.000%        105939797      100.000%
                                                  0.00         0.07              0.00         0.07

MEM_BLOCK_LENGTH_0                               18969       56.370%            18969       56.370%
MEM_BLOCK_LENGTH_100                              2331        6.927%             2331        6.927%
MEM_BLOCK_LENGTH_200                              1165        3.462%             1165        3.462%
MEM_BLOCK_LENGTH_300                               669        1.988%              669        1.988%
MEM_BLOCK_LENGTH_400                              1880        5.587%             1880        5.587%
MEM_BLOCK_LENGTH_500                              3023        8.983%             3023        8.983%
MEM_BLOCK_LENGTH_600                              2445        7.266%             2445        7.266%
MEM_BLOCK_LENGTH_700                              1698        5.046%             1698        5.046%
MEM_BLOCK_LENGTH_800                               636        1.890%              636        1.890%
MEM_BLOCK_LENGTH_900                               254        0.755%              254        0.755%
MEM_BLOCK_LENGTH_1000                               75        0.223%               75        0.223%
MEM_BLOCK_LENGTH_1100                               39        0.116%               39        0.116%
MEM_BLOCK_LENGTH_1200                               42        0.125%               42        0.125%
MEM_BLOCK_LENGTH_1300                               86        0.256%               86        0.256%
MEM_BLOCK_LENGTH_1400                               56        0.166%               56        0.166%
MEM_BLOCK_LENGTH_1500                               28        0.083%               28        0.083%
MEM_BLOCK_LENGTH_1600                               33        0.098%               33        0.098%
MEM_BLOCK_LENGTH_1700                               46        0.137%               46        0.137%
MEM_BLOCK_LENGTH_1800                               62        0.184%               62        0.184%
MEM_BLOCK_LENGTH_1900                               50        0.149%               50        0.149%
MEM_BLOCK_LENGTH_2000                               39        0.116%               39        0.116%
MEM_BLOCK_LENGTH_2100                               16        0.048%               16        0.048%
MEM_BLOCK_LENGTH_2200                                3        0.009%                3        0.009%
MEM_BLOCK_LENGTH_2300                                0        0.000%                0        0.000%
MEM_BLOCK_LENGTH_2400                                1        0.003%                1        0.003%
MEM_BLOCK_LENGTH_2500                                1        0.003%                1        0.003%
MEM_BLOCK_LENGTH_2600                                1        0.003%                1        0.003%
MEM_BLOCK_LENGTH_2700                                0        0.000%                0        0.000%
MEM_BLOCK_LENGTH_2800                                0        0.000%                0        0.000%
MEM_BLOCK_LENGTH_2900                                1        0.003%                1        0.003%
MEM_BLOCK_LENGTH_3000                                1        0.003%                1        0.003%
MEM_BLOCK_LENGTH_3100                                0        0.000%                0        0.000%
MEM_BLOCK_LENGTH_3200                                0        0.000%                0        0.000%
MEM_BLOCK_LENGTH_3300                                0        0.000%                0        0.000%
MEM_BLOCK_LENGTH_3400                                0        0.000%                0        0.000%
MEM_BLOCK_LENGTH_3500                                0        0.000%                0        0.000%
MEM_BLOCK_LENGTH_3600                                0        0.000%                0        0.000%
MEM_BLOCK_LENGTH_3700                                0        0.000%                0        0.000%
MEM_BLOCK_LENGTH_3800                                1        0.003%                1        0.003%
MEM_BLOCK_LENGTH_3900                                0        0.000%                0        0.000%
MEM_BLOCK_LENGTH_4000                                0        0.000%                0        0.000%
MEM_BLOCK_LENGTH_4100                                0        0.000%                0        0.000%
MEM_BLOCK_LENGTH_4200                                0        0.000%                0        0.000%
MEM_BLOCK_LENGTH_4300                                0        0.000%                0        0.000%
MEM_BLOCK_LENGTH_4400                                0        0.000%                0        0.000%
MEM_BLOCK_LENGTH_4500                                0        0.000%                0        0.000%
MEM_BLOCK_LENGTH_4600                                0        0.000%                0        0.000%
MEM_BLOCK_LENGTH_4700                                0        0.000%                0        0.000%
MEM_BLOCK_LENGTH_4800                                0        0.000%                0        0.000%
MEM_BLOCK_LENGTH_4900                                0        0.000%                0        0.000%
MEM_BLOCK_LENGTH_5000                                0        0.000%                0        0.000%
                                                 33651      100.000%            33651      100.000%
                                                  2.14         2.72              2.14         2.72

FUS_BUSY_ON_PATH                             125190897        3.3139        125190897        3.3139

FUS_BUSY_OFF_PATH                              8054848        0.2132          8054848        0.2132

FU_BUSY_MEM_STALL                             17799246        0.4712         17799246        0.4712

FUS_EMPTY                                    244525475        6.4728        244525475        6.4728

FU_UNAVAILABLE                                 1724481        0.0456          1724481        0.0456

FU_MEM_UNAVAILABLE                            16834633        0.4456         16834633        0.4456

FU_OTHER_UNAVAILABLE                                 0        0.0000                0        0.0000

FU_REPLAY                                            0        0.0000                0        0.0000

FU_STARVED                                   244065718        6.4607        244065718        6.4607

CHIP_UTILIZATION                                     0        0.0000                0        0.0000

CYCLES_UNDER_MEM_REQ                                 0                              0              

CYCLES_UNDER_NO_MEM_REQ                              0                              0              

CYCLES_UNDER_CRITICAL_MEM_REQ                        0                              0              

CYCLES_UNDER_NONCRITICAL_MEM_REQ                     0                              0              

CHIP_UTILIZATION_UNDER_MEM_REQ                       0          -nan                0          -nan

CHIP_UTILIZATION_UNDER_NO_MEM_REQ                    0          -nan                0          -nan

CHIP_UTILIZATION_UNDER_CRITICAL_MEM_REQ              0          -nan                0          -nan

CHIP_UTILIZATION_UNDER_NONCRITICAL_MEM_REQ             0          -nan                0          -nan

CYCLES_NOT_WAITING_FOR_OFF_CHIP                      0        0.0000                0        0.0000

FUS_BUSY_NOT_WAITING_FOR_OFF_CHIP                    0          -nan                0          -nan

CYCLES_WAITING_FOR_OFF_CHIP                          0        0.0000                0        0.0000

FUS_BUSY_WAITING_FOR_OFF_CHIP                        0          -nan                0          -nan

TOTAL_OFF_CHIP_DELAYS_LEFT                           0                              0              

WRONG_IO_SCHED                                       0                              0              

DVFS_CONFIG_SWITCH                                   0                              0              

MAP_STAGE_RECEIVED_OPS_0                             0        0.000%                0        0.000%
MAP_STAGE_RECEIVED_OPS_1                         12761        0.072%            12761        0.072%
MAP_STAGE_RECEIVED_OPS_2                         29751        0.167%            29751        0.167%
MAP_STAGE_RECEIVED_OPS_3                         80582        0.452%            80582        0.452%
MAP_STAGE_RECEIVED_OPS_4                        125866        0.707%           125866        0.707%
MAP_STAGE_RECEIVED_OPS_5                        380268        2.135%           380268        2.135%
MAP_STAGE_RECEIVED_OPS_6                      17179239       96.467%         17179239       96.467%
MAP_STAGE_RECEIVED_OPS_7                             0        0.000%                0        0.000%
MAP_STAGE_RECEIVED_OPS_8                             0        0.000%                0        0.000%
MAP_STAGE_RECEIVED_OPS_MAX                           0        0.000%                0        0.000%
                                              17808467      100.000%         17808467      100.000%
                                                  5.94         0.36              5.94         0.36

MAP_STAGE_WAIT_FOR_DECODE                            0         -nan%                0         -nan%
MAP_STAGE_CONSUME_DECODE                             0         -nan%                0         -nan%
                                                     0         -nan%                0         -nan%
                                                  -nan         -nan              -nan         -nan

MAP_STAGE_WAIT_FOR_DECODE2                           0         -nan%                0         -nan%
MAP_STAGE_CONSUME_DECODE2                            0         -nan%                0         -nan%
                                                     0         -nan%                0         -nan%
                                                  -nan         -nan              -nan         -nan

FTQ_RECOVER_EXEC                                111785                         111785              

FTQ_RECOVER_DECODE                                 314                            314              

FTQ_OFFPATH_CYCLES                            12454124                       12454124              

FTQ_CYCLES_OFFPATH                            12454124                       12454124              

FTQ_CYCLES_ONPATH                             25322998                       25322998              

FTQ_FETCHED_INS_ONPATH                       105939729                      105939729              

FTQ_FETCHED_INS_OFFPATH                       48981413                       48981413              

FTQ_BREAK_FULL_FT_ONPATH                      19551974                       19551974              

FTQ_BREAK_FULL_FT_OFFPATH                      5855936                        5855936              

FTQ_BREAK_PRED_BR_ONPATH                             0                              0              

FTQ_BREAK_PRED_BR_OFFPATH                            0                              0              

FTQ_BREAK_BAR_FETCH_ONPATH                           0                              0              

FTQ_BREAK_BAR_FETCH_OFFPATH                          0                              0              

FTQ_BREAK_MAX_CFS_TAKEN_ONPATH                       0                              0              

FTQ_BREAK_MAX_CFS_TAKEN_OFFPATH                      0                              0              

FTQ_BREAK_MAX_FT_ONPATH                        5770956                        5770956              

FTQ_BREAK_MAX_FT_OFFPATH                       6598188                        6598188              

DFE_GEN_ON_PATH_FT                            12854766                       12854766              

DFE_GEN_OFF_PATH_FT                            6758935                        6758935              

DFE_L0_ENABLED_PREDICTIONS                   105939797                      105939797              

DFE_L0_WRONG_MAIN_CORRECT                      1050214                        1050214              

DFE_L0_WRONG_MAIN_WRONG                          79856                          79856              

DFE_L0_CORRECT_MAIN_WRONG                        32243                          32243              

DFE_L0_CORRECT_MAIN_CORRECT                  104777484                      104777484              

DFE_L0_WRONG_MAIN_CORRECT_RECOVERY_SCHEDULED             0                              0              

FTQ_SAW_BAR_FETCH_OFFPATH                          648                            648              

FTQ_SAW_BAR_FETCH_ONPATH                           599                            599              

DFE_CONF_0_RECOVER_AT_EXEC                           0         -nan%                0         -nan%
DFE_CONF_1_RECOVER_AT_EXEC                           0         -nan%                0         -nan%
DFE_CONF_2_RECOVER_AT_EXEC                           0         -nan%                0         -nan%
DFE_CONF_3_RECOVER_AT_EXEC                           0         -nan%                0         -nan%
DFE_CONF_0_CORRECT                                   0         -nan%                0         -nan%
DFE_CONF_1_CORRECT                                   0         -nan%                0         -nan%
DFE_CONF_2_CORRECT                                   0         -nan%                0         -nan%
DFE_CONF_3_CORRECT                                   0         -nan%                0         -nan%
                                                     0         -nan%                0         -nan%
                                                  -nan         -nan              -nan         -nan

DFE_ON_CONF_ON_OPS                                   0         -nan%                0         -nan%
DFE_ON_CONF_OFF_OPS                                  0         -nan%                0         -nan%
DFE_OFF_CONF_ON_OPS                                  0         -nan%                0         -nan%
DFE_OFF_CONF_OFF_REALISTIC_OPS                       0         -nan%                0         -nan%
DFE_OFF_CONF_OFF_PERFECT_OPS                         0         -nan%                0         -nan%
                                                     0         -nan%                0         -nan%
                                                  -nan         -nan              -nan         -nan

DFE_ON_CONF_ON_FETCH_TARGETS                         0         -nan%                0         -nan%
DFE_ON_CONF_OFF_FETCH_TARGETS                        0         -nan%                0         -nan%
DFE_OFF_CONF_ON_FETCH_TARGETS                        0         -nan%                0         -nan%
DFE_OFF_CONF_OFF_REALISTIC_FETCH_TARGETS             0         -nan%                0         -nan%
DFE_OFF_CONF_OFF_PERFECT_FETCH_TARGETS               0         -nan%                0         -nan%
                                                     0         -nan%                0         -nan%
                                                  -nan         -nan              -nan         -nan

DFE_ON_CONF_ON_CYCLES                                0         -nan%                0         -nan%
DFE_ON_CONF_OFF_CYCLES                               0         -nan%                0         -nan%
DFE_OFF_CONF_ON_CYCLES                               0         -nan%                0         -nan%
DFE_OFF_CONF_OFF_REALISTIC_CYCLES                    0         -nan%                0         -nan%
DFE_OFF_CONF_OFF_PERFECT_CYCLES                      0         -nan%                0         -nan%
                                                     0         -nan%                0         -nan%
                                                  -nan         -nan              -nan         -nan

DFE_OFF_CONF_ON_NUM_EVENTS                           0                              0              

DFE_OFF_CONF_ON_NOT_IDENTIFIED_EVENTS                0         -nan%                0         -nan%
DFE_OFF_CONF_ON_IBTB_MISS_EVENTS                     0         -nan%                0         -nan%
DFE_OFF_CONF_ON_BTB_MISS_EVENTS                      0         -nan%                0         -nan%
DFE_OFF_CONF_ON_BTB_MISS_RECOVER_AT_EXEC_EVENTS             0         -nan%                0         -nan%
DFE_OFF_CONF_ON_RECOVER_AT_EXEC_EVENTS               0         -nan%                0         -nan%
DFE_OFF_CONF_ON_RECOVER_AT_DECODE_EVENTS             0         -nan%                0         -nan%
                                                     0         -nan%                0         -nan%
                                                  -nan         -nan              -nan         -nan

DFE_OFF_CONF_ON_LATE_BTB_HIT_EVENTS                  0                              0              

DFE_OFF_CONF_ON_NOT_IDENTIFIED_CYCLES                0         -nan%                0         -nan%
DFE_OFF_CONF_ON_IBTB_MISS_CYCLES                     0         -nan%                0         -nan%
DFE_OFF_CONF_ON_BTB_MISS_CYCLES                      0         -nan%                0         -nan%
DFE_OFF_CONF_ON_BTB_MISS_RECOVER_AT_EXEC_CYCLES             0         -nan%                0         -nan%
DFE_OFF_CONF_ON_RECOVER_AT_EXEC_CYCLES               0         -nan%                0         -nan%
DFE_OFF_CONF_ON_RECOVER_AT_DECODE_CYCLES             0         -nan%                0         -nan%
                                                     0         -nan%                0         -nan%
                                                  -nan         -nan              -nan         -nan

DFE_OFF_CONF_ON_LATE_BTB_HIT_CYCLES                  0                              0              

DFE_OFF_CONF_ON_NOT_IDENTIFIED_FETCH_TARGETS             0         -nan%                0         -nan%
DFE_OFF_CONF_ON_IBTB_MISS_FETCH_TARGETS              0         -nan%                0         -nan%
DFE_OFF_CONF_ON_BTB_MISS_FETCH_TARGETS               0         -nan%                0         -nan%
DFE_OFF_CONF_ON_BTB_MISS_RECOVER_AT_EXEC_FETCH_TARGETS             0         -nan%                0         -nan%
DFE_OFF_CONF_ON_RECOVER_AT_EXEC_FETCH_TARGETS             0         -nan%                0         -nan%
DFE_OFF_CONF_ON_RECOVER_AT_DECODE_FETCH_TARGETS             0         -nan%                0         -nan%
                                                     0         -nan%                0         -nan%
                                                  -nan         -nan              -nan         -nan

DFE_OFF_CONF_ON_LATE_BTB_HIT_FETCH_TARGETS             0                              0              

DFE_OFF_CONF_ON_BP_INCORRECT_0_CONF                  0         -nan%                0         -nan%
DFE_OFF_CONF_ON_BP_INCORRECT_1_CONF                  0         -nan%                0         -nan%
DFE_OFF_CONF_ON_BP_INCORRECT_2_CONF                  0         -nan%                0         -nan%
DFE_OFF_CONF_ON_BP_INCORRECT_3_CONF                  0         -nan%                0         -nan%
                                                     0         -nan%                0         -nan%
                                                  -nan         -nan              -nan         -nan

DFE_OFF_CONF_ON_BTB_MISS_CBR_0_CONF                  0         -nan%                0         -nan%
DFE_OFF_CONF_ON_BTB_MISS_CBR_1_CONF                  0         -nan%                0         -nan%
DFE_OFF_CONF_ON_BTB_MISS_CBR_2_CONF                  0         -nan%                0         -nan%
DFE_OFF_CONF_ON_BTB_MISS_CBR_3_CONF                  0         -nan%                0         -nan%
                                                     0         -nan%                0         -nan%
                                                  -nan         -nan              -nan         -nan

DFE_OFF_CONF_ON_BTB_MISS_NOT_CF                      0         -nan%                0         -nan%
DFE_OFF_CONF_ON_BTB_MISS_CF_BR                       0         -nan%                0         -nan%
DFE_OFF_CONF_ON_BTB_MISS_CF_CBR                      0         -nan%                0         -nan%
DFE_OFF_CONF_ON_BTB_MISS_CF_CALL                     0         -nan%                0         -nan%
DFE_OFF_CONF_ON_BTB_MISS_CF_IBR                      0         -nan%                0         -nan%
DFE_OFF_CONF_ON_BTB_MISS_CF_ICALL                    0         -nan%                0         -nan%
DFE_OFF_CONF_ON_BTB_MISS_CF_ICO                      0         -nan%                0         -nan%
DFE_OFF_CONF_ON_BTB_MISS_CF_RET                      0         -nan%                0         -nan%
DFE_OFF_CONF_ON_BTB_MISS_CF_SYS                      0         -nan%                0         -nan%
                                                     0         -nan%                0         -nan%
                                                  -nan         -nan              -nan         -nan

DFE_ON_CONF_OFF_NUM_EVENTS                           0                              0              

CONF_BTB_NUM_CYCLES_OFF_PATH_EVENT                   0                              0              

DFE_ON_CONF_OFF_IBTB_MISS_BP_TAKEN                   0         -nan%                0         -nan%
DFE_ON_CONF_OFF_BTB_MISS_BP_TAKEN_CONF_0             0         -nan%                0         -nan%
DFE_ON_CONF_OFF_BTB_MISS_BP_TAKEN_CONF_1             0         -nan%                0         -nan%
DFE_ON_CONF_OFF_BTB_MISS_BP_TAKEN_CONF_2             0         -nan%                0         -nan%
DFE_ON_CONF_OFF_BTB_MISS_BP_TAKEN_CONF_3             0         -nan%                0         -nan%
DFE_ON_CONF_OFF_BTB_MISS_RATE                        0         -nan%                0         -nan%
DFE_ON_CONF_OFF_IBTB_MISS_RATE                       0         -nan%                0         -nan%
DFE_ON_CONF_OFF_RECOVER_AT_DECODE_RATE               0         -nan%                0         -nan%
DFE_ON_CONF_OFF_RECOVER_AT_EXEC_RATE                 0         -nan%                0         -nan%
DFE_ON_CONF_OFF_INV_CONF_INC                         0         -nan%                0         -nan%
DFE_ON_CONF_OFF_PERFECT_CONF                         0         -nan%                0         -nan%
                                                     0         -nan%                0         -nan%
                                                  -nan         -nan              -nan         -nan

DFE_ON_CONF_OFF_IBTB_MISS_BP_TAKEN_CYCLES             0         -nan%                0         -nan%
DFE_ON_CONF_OFF_BTB_MISS_BP_TAKEN_CONF_0_CYCLES             0         -nan%                0         -nan%
DFE_ON_CONF_OFF_BTB_MISS_BP_TAKEN_CONF_1_CYCLES             0         -nan%                0         -nan%
DFE_ON_CONF_OFF_BTB_MISS_BP_TAKEN_CONF_2_CYCLES             0         -nan%                0         -nan%
DFE_ON_CONF_OFF_BTB_MISS_BP_TAKEN_CONF_3_CYCLES             0         -nan%                0         -nan%
DFE_ON_CONF_OFF_BTB_MISS_RATE_CYCLES                 0         -nan%                0         -nan%
DFE_ON_CONF_OFF_IBTB_MISS_RATE_CYCLES                0         -nan%                0         -nan%
DFE_ON_CONF_OFF_RECOVER_AT_DECODE_RATE_CYCLES             0         -nan%                0         -nan%
DFE_ON_CONF_OFF_RECOVER_AT_EXEC_RATE_CYCLES             0         -nan%                0         -nan%
DFE_ON_CONF_OFF_INV_CONF_INC_CYCLES                  0         -nan%                0         -nan%
DFE_ON_CONF_OFF_PERFECT_CONF_CYCLES                  0         -nan%                0         -nan%
                                                     0         -nan%                0         -nan%
                                                  -nan         -nan              -nan         -nan

DFE_ON_CONF_OFF_IBTB_MISS_BP_TAKEN_FETCH_TARGETS             0         -nan%                0         -nan%
DFE_ON_CONF_OFF_BTB_MISS_BP_TAKEN_CONF_0_FETCH_TARGETS             0         -nan%                0         -nan%
DFE_ON_CONF_OFF_BTB_MISS_BP_TAKEN_CONF_1_FETCH_TARGETS             0         -nan%                0         -nan%
DFE_ON_CONF_OFF_BTB_MISS_BP_TAKEN_CONF_2_FETCH_TARGETS             0         -nan%                0         -nan%
DFE_ON_CONF_OFF_BTB_MISS_BP_TAKEN_CONF_3_FETCH_TARGETS             0         -nan%                0         -nan%
DFE_ON_CONF_OFF_BTB_MISS_RATE_FETCH_TARGETS             0         -nan%                0         -nan%
DFE_ON_CONF_OFF_IBTB_MISS_RATE_FETCH_TARGETS             0         -nan%                0         -nan%
DFE_ON_CONF_OFF_RECOVER_AT_DECODE_RATE_FETCH_TARGETS             0         -nan%                0         -nan%
DFE_ON_CONF_OFF_RECOVER_AT_EXEC_RATE_FETCH_TARGETS             0         -nan%                0         -nan%
DFE_ON_CONF_OFF_INV_CONF_INC_FETCH_TARGETS             0         -nan%                0         -nan%
DFE_ON_CONF_OFF_PERFECT_CONF_FETCH_TARGETS             0         -nan%                0         -nan%
                                                     0         -nan%                0         -nan%
                                                  -nan         -nan              -nan         -nan

CONF_OFF_IBTB_MISS_BP_TAKEN                          0         -nan%                0         -nan%
CONF_OFF_BTB_MISS_BP_TAKEN_CONF_0                    0         -nan%                0         -nan%
CONF_OFF_BTB_MISS_BP_TAKEN_CONF_1                    0         -nan%                0         -nan%
CONF_OFF_BTB_MISS_BP_TAKEN_CONF_2                    0         -nan%                0         -nan%
CONF_OFF_BTB_MISS_BP_TAKEN_CONF_3                    0         -nan%                0         -nan%
CONF_OFF_BTB_MISS_RATE                               0         -nan%                0         -nan%
CONF_OFF_IBTB_MISS_RATE                              0         -nan%                0         -nan%
CONF_OFF_RECOVER_AT_DECODE_RATE                      0         -nan%                0         -nan%
CONF_OFF_RECOVER_AT_EXEC_RATE                        0         -nan%                0         -nan%
CONF_OFF_INV_CONF_INC                                0         -nan%                0         -nan%
CONF_OFF_PERFECT_CONF                                0         -nan%                0         -nan%
                                                     0         -nan%                0         -nan%
                                                  -nan         -nan              -nan         -nan

TOPDOWN_TOTAL_SLOTS                          226662732                      226662732              

TOPDOWN_ISSUED_SLOTS                         121493775                      121493775              

TOPDOWN_RETIRED_SLOTS                        105939797                      105939797              

TOPDOWN_FETCH_BUBBLES_SLOTS                    3517323                        3517323              

TOPDOWN_RECOVERY_BUBBLES_SLOTS                 2314572                        2314572              

TOPDOWN_MEM_LOAD_STALLS_CYCLES                 8804138                        8804138              

TOPDOWN_MEM_STORE_STALLS_CYCLES                7313724                        7313724              

TOPDOWN_EXEC_STALLS_CYCLES                    14143901                       14143901              

TOPDOWN_BACKEND_STALLS_CYCLES                 16396617                       16396617              

TOPDOWN_FETCH_BUBBLES_GT_MIW_CYCLES             304841                         304841              

TOPDOWN_BR_RECOVER_AT_EXEC_RETIRED_CYCLES        111785                         111785              

TOPDOWN_MACHINE_CLEAR_CYCLES                   1162313                        1162313              

TOPDOWN_FRONTEND_BOUND                             155                            155              

TOPDOWN_BACKEND_BOUND                             4384                           4384              

TOPDOWN_BAD_SPEC_BOUND                             788                            788              

TOPDOWN_RETIRING_BOUND                            4673                           4673              

TOPDOWN_FETCH_LATENCY_BOUND                         80                             80              

TOPDOWN_FETCH_BANDWIDTH_BOUND                       75                             75              

TOPDOWN_MEM_BOUND                                 4309                           4309              

TOPDOWN_CORE_BOUND                                  75                             75              

TOPDOWN_BR_RECOVER_AT_EXEC_BOUND                    69                             69              

TOPDOWN_MACHINE_CLEARS_BOUND                       719                            719              

H2P_SEEN_MAIN                                   231593                         231593              



