Scarab gitrev: cb2ec6957
Warning: Scarab expects the trace file type to include OFFLINE_FILE_TYPE_ARCH_REGDEPS (0x20000), but got type: 0xe40
Scarab started at Tue Jul 28 05:12:20 2026

Initialized Ramulator. 
** Heartbeat:   3% -- { 1000003 } -- 0.00 KIPS (66.67 KIPS)
** Heartbeat:   6% -- { 2000005 } -- 76.92 KIPS (71.43 KIPS)
** Heartbeat:  10% -- { 3000005 } -- 62.50 KIPS (68.18 KIPS)
** Heartbeat:  13% -- { 4000005 } -- 43.48 KIPS (59.70 KIPS)
** Heartbeat:  16% -- { 5000008 } -- 43.48 KIPS (55.56 KIPS)
** Heartbeat:  20% -- { 6000008 } -- 41.67 KIPS (52.63 KIPS)
** Heartbeat:  23% -- { 7000011 } -- 50.00 KIPS (52.24 KIPS)
** Heartbeat:  26% -- { 8000011 } -- 45.45 KIPS (51.28 KIPS)
** Heartbeat:  30% -- { 9000012 } -- 47.62 KIPS (50.85 KIPS)
** Heartbeat:  33% -- { 10000015 } -- 43.48 KIPS (50.00 KIPS)
** Heartbeat:  36% -- { 11000020 } -- 43.48 KIPS (49.33 KIPS)
** Heartbeat:  40% -- { 12000020 } -- 50.00 KIPS (49.38 KIPS)
** Heartbeat:  43% -- { 13000020 } -- 45.45 KIPS (49.06 KIPS)
** Heartbeat:  46% -- { 14000023 } -- 43.48 KIPS (48.61 KIPS)
** Heartbeat:  50% -- { 15000024 } -- 43.48 KIPS (48.23 KIPS)
** Heartbeat:  53% -- { 16000024 } -- 45.45 KIPS (48.05 KIPS)
** Heartbeat:  56% -- { 17000024 } -- 47.62 KIPS (48.02 KIPS)
** Heartbeat:  60% -- { 18000025 } -- 47.62 KIPS (48.00 KIPS)
** Heartbeat:  63% -- { 19000030 } -- 47.62 KIPS (47.98 KIPS)
** Heartbeat:  66% -- { 20000035 } -- 52.63 KIPS (48.19 KIPS)
** Heartbeat:  70% -- { 21000039 } -- 58.82 KIPS (48.61 KIPS)
** Heartbeat:  73% -- { 22000041 } -- 62.50 KIPS (49.11 KIPS)
** Heartbeat:  76% -- { 23000047 } -- 47.62 KIPS (49.04 KIPS)
** Heartbeat:  80% -- { 24000050 } -- 55.56 KIPS (49.28 KIPS)
** Heartbeat:  83% -- { 25000054 } -- 66.67 KIPS (49.80 KIPS)
** Heartbeat:  86% -- { 26000054 } -- 66.67 KIPS (50.29 KIPS)
** Heartbeat:  90% -- { 27000054 } -- 62.50 KIPS (50.66 KIPS)
** Heartbeat:  93% -- { 28000054 } -- 62.50 KIPS (51.00 KIPS)
** Heartbeat:  96% -- { 29000056 } -- 71.43 KIPS (51.51 KIPS)
advanceReader: ROI end reached (ordinal 30000002 > roi_end 30000000)
Reached end of trace (last_inst) pc=0x7ffff6bacf51
Running McPat...
Running CACTI...
Parsing scarab params...
Parsing scarab stats...
Parsing McPAT output (./mcpat.out) and CACTI output (./cacti_dram.out)...
Printing Power Results...
Power Finished Successfully!
Scarab power interface: executing command:
['perl', '/home/deepmish/scarab_stage/baseline/scarab/bin/power/power_intf.pl', '/home/deepmish/toolchain/bin/mcpat', '/home/deepmish/toolchain/bin/cacti', '.', '0', '0']
Scarab power interface: command finished with exit code: 0
** Core 0 Finished:    insts:30000000    cycles:12213655    time:3816767187500       -- 2.46 IPC (2.46 IPC) --  N/A  KIPS (51.99 KIPS)
Scarab finished at Tue Jul 28 05:22:05 2026

