/* -*- Mode: c -*- */
####################################################################################################
Core 0
####################################################################################################
Cumulative:        Cycles: 37520737              Instructions: 89999999              IPC: 2.39867

Periodic:          Cycles: 37520737              Instructions: 89999999              IPC: 2.39867

EXECUTION_TIME                           11725230312500                  11725230312500              

SIM_HOST_WALL_SECONDS                      1676.868143                    1676.868143              

NODE_CYCLE                                    37520737                       37520737              

NODE_INST_COUNT                               90000077                       90000077              

NODE_INST_COUNT_FETCHED                       89999999                       89999999              

NODE_UOP_COUNT                               105939797                      105939797              

EXEC_STAGE_NO_ISSUE_STALL_CYCLE               22949293                       22949293              

EXEC_STAGE_NO_ISSUE_STALL_CYCLE_ONPATH        20572935                       20572935              

FULL_WINDOW_STALL                                 7931        0.021%             7931        0.021%

FULL_WINDOW_MEM_OP                                7566       97.349%             7566       97.349%
FULL_WINDOW_FP_OP                                    0        0.000%                0        0.000%
FULL_WINDOW_OTHER_OP                               206        2.651%              206        2.651%
                                                  7772      100.000%             7772      100.000%
                                                  0.05         0.32              0.05         0.32

RET_BLOCKED_DC_MISS                           10179402       27.130%         10179402       27.130%

RET_BLOCKED_L1_MISS                            5283758       14.082%          5283758       14.082%

RET_BLOCKED_L1_MISS_BW_PREF                     112644        0.300%           112644        0.300%

RET_BLOCKED_L1_ACCESS                          4919470       13.111%          4919470       13.111%

RET_BLOCKED_MEM_STALL                         11239547       29.956%         11239547       29.956%

RET_BLOCKED_OFFCHIP_DEMAND                           0        0.000%                0        0.000%

OP_ISSUED                                    113035435                      113035435              

OP_RETIRED                                   105939797                      105939797              

OP_MACRO_FUSION_ONPATH                        13767464                       13767464              

OP_MACRO_FUSION_OFFPATH                        2175623                        2175623              

REPLAY_SIGNALED                                      0                              0              

REPLAY_COUNTED                                       0                              0              

OFF_CRITICAL_PATH                                    0         -nan%                0         -nan%
ON_CRITICAL_PATH                                     0         -nan%                0         -nan%
                                                     0         -nan%                0         -nan%
                                                  -nan         -nan              -nan         -nan

LD_NO_DEPENDENTS                               1197565        6.261%          1197565        6.261%
LD_DEPENDENTS                                 17929049       93.739%         17929049       93.739%
                                              19126614      100.000%         19126614      100.000%
                                                  0.94         0.91              0.94         0.91

LD_EXEC_CYCLES_0                                     0        0.000%                0        0.000%
LD_EXEC_CYCLES_1                               1986229       63.669%          1986229       63.669%
LD_EXEC_CYCLES_2                                200271        6.420%           200271        6.420%
LD_EXEC_CYCLES_3                                296959        9.519%           296959        9.519%
LD_EXEC_CYCLES_4                                636181       20.393%           636181       20.393%
                                               3119640      100.000%          3119640      100.000%
                                                  1.87         1.50              1.87         1.50

LD_EXEC_MINUS_FETCH_LATENCY                 1173265854                     1173265854              

LD_RETIRE_MINUS_FETCH_LATENCY               1929660762                     1929660762              

ICACHE_STAGE_STARVED                            651830        2.234%           651830        2.234%
ICACHE_STAGE_NOT_STARVED                      28527176       97.766%         28527176       97.766%
                                              29179006      100.000%         29179006      100.000%
                                                  0.98         0.97              0.98         0.97

ICACHE_STAGE_STALLED                          12903688       34.391%         12903688       34.391%
ICACHE_STAGE_NOT_STALLED                      16275318       43.377%         16275318       43.377%
ICACHE_STAGE_OFF_PATH                          8341731       22.232%          8341731       22.232%
                                              37520737      100.000%         37520737      100.000%
                                                  0.88         0.68              0.88         0.68

DECODE_STAGE_STARVED                          32635975       97.927%         32635975       97.927%
DECODE_STAGE_NOT_STARVED                        690853        2.073%           690853        2.073%
                                              33326828      100.000%         33326828      100.000%
                                                  0.02         0.14              0.02         0.14

DECODE_STAGE_STALLED                            121763        0.325%           121763        0.325%
DECODE_STAGE_NOT_STALLED                      33205065       88.498%         33205065       88.498%
DECODE_STAGE_OFF_PATH                          4193909       11.178%          4193909       11.178%
                                              37520737      100.000%         37520737      100.000%
                                                  1.11         0.49              1.11         0.49

UOPQ_STAGE_STARVED                             4535531       24.681%          4535531       24.681%
UOPQ_STAGE_NOT_STARVED                        13841064       75.319%         13841064       75.319%
                                              18376595      100.000%         18376595      100.000%
                                                  0.75         0.69              0.75         0.69

UOPQ_STAGE_STALLED                            13027880       34.722%         13027880       34.722%
UOPQ_STAGE_NOT_STALLED                        18376595       48.977%         18376595       48.977%
UOPQ_STAGE_OFF_PATH                            6116262       16.301%          6116262       16.301%
                                              37520737      100.000%         37520737      100.000%
                                                  0.82         0.59              0.82         0.59

RS_OP_READY_NOT_ISSUED_TOTAL                 225127475                      225127475              

RS_0_OP_READY_NOT_ISSUED                      72962817                       72962817              

RS_1_OP_READY_NOT_ISSUED                       3161655                        3161655              

RS_2_OP_READY_NOT_ISSUED                     149003003                      149003003              

RS_3_OP_READY_NOT_ISSUED                             0                              0              

RS_4_OP_READY_NOT_ISSUED                             0                              0              

RS_5_OP_READY_NOT_ISSUED                             0                              0              

RS_6_OP_READY_NOT_ISSUED                             0                              0              

RS_7_OP_READY_NOT_ISSUED                             0                              0              

RS_7_PLUS_OP_READY_NOT_ISSUED                        0                              0              

FU_IDLE_NO_READY_OPS_TOTAL                   179772438                      179772438              

FU_0_IDLE_NO_READY_OPS                        14711777                       14711777              

FU_1_IDLE_NO_READY_OPS                        15856522                       15856522              

FU_2_IDLE_NO_READY_OPS                        22011961                       22011961              

FU_3_IDLE_NO_READY_OPS                        22005102                       22005102              

FU_4_IDLE_NO_READY_OPS                        16057021                       16057021              

FU_5_IDLE_NO_READY_OPS                        14613485                       14613485              

FU_6_IDLE_NO_READY_OPS                        18277694                       18277694              

FU_7_IDLE_NO_READY_OPS                        18306642                       18306642              

FU_8_IDLE_NO_READY_OPS                        15916235                       15916235              

FU_9_IDLE_NO_READY_OPS                        22015999                       22015999              

FU_10_IDLE_NO_READY_OPS                              0                              0              

FU_11_IDLE_NO_READY_OPS                              0                              0              

FU_12_IDLE_NO_READY_OPS                              0                              0              

FU_13_IDLE_NO_READY_OPS                              0                              0              

FU_14_IDLE_NO_READY_OPS                              0                              0              

FU_15_IDLE_NO_READY_OPS                              0                              0              

FU_16_IDLE_NO_READY_OPS                              0                              0              

FU_17_IDLE_NO_READY_OPS                              0                              0              

FU_18_IDLE_NO_READY_OPS                              0                              0              

FU_19_IDLE_NO_READY_OPS                              0                              0              

FU_20_IDLE_NO_READY_OPS                              0                              0              

FU_21_IDLE_NO_READY_OPS                              0                              0              

FU_22_IDLE_NO_READY_OPS                              0                              0              

FU_23_IDLE_NO_READY_OPS                              0                              0              

FU_24_IDLE_NO_READY_OPS                              0                              0              

FU_25_IDLE_NO_READY_OPS                              0                              0              

FU_26_IDLE_NO_READY_OPS                              0                              0              

FU_27_IDLE_NO_READY_OPS                              0                              0              

FU_28_IDLE_NO_READY_OPS                              0                              0              

FU_29_IDLE_NO_READY_OPS                              0                              0              

FU_30_IDLE_NO_READY_OPS                              0                              0              

FU_31_IDLE_NO_READY_OPS                              0                              0              

FU_31_PLUS_IDLE_NO_READY_OPS                         0                              0              

MAP_STAGE_STARVED                               850528        3.223%           850528        3.223%
MAP_STAGE_NOT_STARVED                         25539823       96.777%         25539823       96.777%
                                              26390351      100.000%         26390351      100.000%
                                                  0.97         0.95              0.97         0.95

MAP_STAGE_STALLED                              7593895       26.150%          7593895       26.150%
MAP_STAGE_NOT_STALLED                         18796456       64.728%         18796456       64.728%
MAP_STAGE_OFF_PATH                             2648859        9.122%          2648859        9.122%
                                              29039210      100.000%         29039210      100.000%
                                                  0.83         0.45              0.83         0.45

MAP_STAGE_STALL_ITSELF                         8481527       22.605%          8481527       22.605%
MAP_STAGE_NOT_STALL_ITSELF                    29039210       77.395%         29039210       77.395%
                                              37520737      100.000%         37520737      100.000%
                                                  0.77         0.71              0.77         0.71

MAP_STAGE_LATE_ALLOCATE_SEND_BACK                    0                              0              

MAP_STAGE_RENAME_OP_ONPATH                   105939797                      105939797              

MAP_STAGE_RENAME_OP_OFFPATH                   12674910                       12674910              

MAP_STAGE_RENAME_INT_REG_ONPATH               86204023                       86204023              

MAP_STAGE_RENAME_INT_REG_OFFPATH              10134233                       10134233              

MAP_STAGE_RENAME_VEC_REG_ONPATH                1303927                        1303927              

MAP_STAGE_RENAME_VEC_REG_OFFPATH                  4430                           4430              

MAP_STAGE_RENAME_MOVE_ELIM_ONPATH                    0                              0              

MAP_STAGE_RENAME_MOVE_ELIM_OFFPATH                   0                              0              

MAP_STAGE_ONPATH_INT_REG_NUM_ALLOC            93619985                       93619985              

MAP_STAGE_ONPATH_VEC_REG_NUM_ALLOC             1303915                        1303915              

MAP_STAGE_ONPATH_INT_REG_NUM_SHORTLIVE        30388849                       30388849              

MAP_STAGE_ONPATH_VEC_REG_NUM_SHORTLIVE          460185                         460185              

MAP_STAGE_ONPATH_INT_REG_USE_COUNT_0          24828902                       24828902              

MAP_STAGE_ONPATH_VEC_REG_USE_COUNT_0            225376                         225376              

MAP_STAGE_ONPATH_INT_REG_USE_COUNT_1          45498790                       45498790              

MAP_STAGE_ONPATH_VEC_REG_USE_COUNT_1            713290                         713290              

MAP_STAGE_ONPATH_INT_REG_USE_COUNT_2          14627922                       14627922              

MAP_STAGE_ONPATH_VEC_REG_USE_COUNT_2            273909                         273909              

MAP_STAGE_ONPATH_INT_REG_USE_COUNT_3           3707467                        3707467              

MAP_STAGE_ONPATH_VEC_REG_USE_COUNT_3             46370                          46370              

MAP_STAGE_ONPATH_INT_REG_USE_COUNT_4           2143209                        2143209              

MAP_STAGE_ONPATH_VEC_REG_USE_COUNT_4             44962                          44962              

MAP_STAGE_ONPATH_INT_REG_USE_COUNT_5           1503966                        1503966              

MAP_STAGE_ONPATH_VEC_REG_USE_COUNT_5                 2                              2              

MAP_STAGE_ONPATH_INT_REG_USE_COUNT_6            527070                         527070              

MAP_STAGE_ONPATH_VEC_REG_USE_COUNT_6                 1                              1              

MAP_STAGE_ONPATH_INT_REG_USE_COUNT_7_PLUS        782659                         782659              

MAP_STAGE_ONPATH_VEC_REG_USE_COUNT_7_PLUS             5                              5              

MAP_STAGE_ONPATH_INT_REG_CONSUME_DIST_0              0        0.0000                0        0.0000

MAP_STAGE_ONPATH_VEC_REG_CONSUME_DIST_0              0        0.0000                0        0.0000

MAP_STAGE_ONPATH_INT_REG_CONSUME_DIST_1              0        0.0000                0        0.0000

MAP_STAGE_ONPATH_VEC_REG_CONSUME_DIST_1              0        0.0000                0        0.0000

MAP_STAGE_ONPATH_INT_REG_CONSUME_DIST_2       77148032        5.2740         77148032        5.2740

MAP_STAGE_ONPATH_VEC_REG_CONSUME_DIST_2       42489053      155.1211         42489053      155.1211

MAP_STAGE_ONPATH_INT_REG_CONSUME_DIST_3       40764768       10.9953         40764768       10.9953

MAP_STAGE_ONPATH_VEC_REG_CONSUME_DIST_3       53040808     1143.8604         53040808     1143.8604

MAP_STAGE_ONPATH_INT_REG_CONSUME_DIST_4       93388961       43.5744         93388961       43.5744

MAP_STAGE_ONPATH_VEC_REG_CONSUME_DIST_4          44971        1.0002            44971        1.0002

MAP_STAGE_ONPATH_INT_REG_CONSUME_DIST_5       23519388       15.6382         23519388       15.6382

MAP_STAGE_ONPATH_VEC_REG_CONSUME_DIST_5              9        4.5000                9        4.5000

MAP_STAGE_ONPATH_INT_REG_CONSUME_DIST_6       18350386       34.8158         18350386       34.8158

MAP_STAGE_ONPATH_VEC_REG_CONSUME_DIST_6           8338     8338.0000             8338     8338.0000

MAP_STAGE_ONPATH_INT_REG_CONSUME_DIST_7_PLUS      98248811      125.5321         98248811      125.5321

MAP_STAGE_ONPATH_VEC_REG_CONSUME_DIST_7_PLUS      16069916  3213983.2000         16069916  3213983.2000

MAP_STAGE_INT_REG_ISSUE_READ_TOTAL_CONSUMED     129131435        5.6268        129131435        5.6268

MAP_STAGE_VEC_REG_ISSUE_READ_TOTAL_CONSUMED       2629212        0.1146          2629212        0.1146

MAP_STAGE_INT_REG_ISSUE_READ_MULTI_CONSUMED      56674150        2.4695         56674150        2.4695

MAP_STAGE_VEC_REG_ISSUE_READ_MULTI_CONSUMED       1550306        0.0676          1550306        0.0676

MAP_STAGE_INT_REG_ISSUE_READ_SAME_CYCLE_CONSUMED      26465753        1.1532         26465753        1.1532

MAP_STAGE_VEC_REG_ISSUE_READ_SAME_CYCLE_CONSUMED        198359        0.0086           198359        0.0086

MAP_STAGE_INT_REG_ISSUE_READ_TOTAL_CONSUMED_ONPATH     120788056        5.8712        120788056        5.8712

MAP_STAGE_VEC_REG_ISSUE_READ_TOTAL_CONSUMED_ONPATH       2628730        0.1278          2628730        0.1278

MAP_STAGE_INT_REG_ISSUE_READ_MULTI_CONSUMED_ONPATH      51996952        2.5274         51996952        2.5274

MAP_STAGE_VEC_REG_ISSUE_READ_MULTI_CONSUMED_ONPATH       1550179        0.0754          1550179        0.0754

MAP_STAGE_INT_REG_ISSUE_READ_SAME_CYCLE_CONSUMED_ONPATH      24707921        1.2010         24707921        1.2010

MAP_STAGE_VEC_REG_ISSUE_READ_SAME_CYCLE_CONSUMED_ONPATH        198347        0.0096           198347        0.0096

MAP_STAGE_ONPATH_INT_REG_LIFECYCLE_EMPTY    3122356276                     3122356276              

MAP_STAGE_ONPATH_VEC_REG_LIFECYCLE_EMPTY      45625225                       45625225              

MAP_STAGE_ONPATH_INT_REG_LIFECYCLE_IN_USE    4408241565                     4408241565              

MAP_STAGE_ONPATH_VEC_REG_LIFECYCLE_IN_USE     193288499                      193288499              

MAP_STAGE_ONPATH_INT_REG_LIFECYCLE_SPEC_RELEASE    6516897294                     6516897294              

MAP_STAGE_ONPATH_VEC_REG_LIFECYCLE_SPEC_RELEASE     428877261                      428877261              

MAP_STAGE_ONPATH_INT_REG_LIFECYCLE_NONSPEC_RELEASE    6516897294                     6516897294              

MAP_STAGE_ONPATH_VEC_REG_LIFECYCLE_NONSPEC_RELEASE     428877261                      428877261              

MAP_STAGE_ONPATH_INT_REG_LIFECYCLE_TOTAL    6516897294                     6516897294              

MAP_STAGE_ONPATH_VEC_REG_LIFECYCLE_TOTAL     428877261                      428877261              

MAP_STAGE_ONPATH_INT_REG_NUM_NONBRANCH        93619985                       93619985              

MAP_STAGE_ONPATH_VEC_REG_NUM_NONBRANCH         1303915                        1303915              

MAP_STAGE_ONPATH_INT_REG_NUM_NONEXCEPT        93619985                       93619985              

MAP_STAGE_ONPATH_VEC_REG_NUM_NONEXCEPT         1303915                        1303915              

MAP_STAGE_ONPATH_INT_REG_NUM_ATOMIC           93619985                       93619985              

MAP_STAGE_ONPATH_VEC_REG_NUM_ATOMIC            1303915                        1303915              

MAP_STAGE_ONPATH_INT_REG_ATOMIC_REDEFINED_DIST_TOTAL    6516897294       69.6101       6516897294       69.6101

MAP_STAGE_ONPATH_VEC_REG_ATOMIC_REDEFINED_DIST_TOTAL     428877261      328.9150        428877261      328.9150

MAP_STAGE_ONPATH_INT_REG_ATOMIC_CONSUMED_DIST_TOTAL    4408241565       47.0865       4408241565       47.0865

MAP_STAGE_ONPATH_VEC_REG_ATOMIC_CONSUMED_DIST_TOTAL     193288499      148.2370        193288499      148.2370

MAP_STAGE_ONPATH_INT_REG_ATOMIC_RELEASE_DIST_TOTAL    6516897294       69.6101       6516897294       69.6101

MAP_STAGE_ONPATH_VEC_REG_ATOMIC_RELEASE_DIST_TOTAL     428877261      328.9150        428877261      328.9150

EXEC_STAGE_STARVED                            21639624       57.674%         21639624       57.674%
EXEC_STAGE_NOT_STARVED                        11340959       30.226%         11340959       30.226%
EXEC_STAGE_OFF_PATH                            4540154       12.100%          4540154       12.100%
                                              37520737      100.000%         37520737      100.000%
                                                  0.54         0.60              0.54         0.60

FU_BUSY_0                                     17446507                       17446507              

FU_BUSY_1                                     15544486                       15544486              

FU_BUSY_2                                      7546621                        7546621              

FU_BUSY_3                                      7562915                        7562915              

FU_BUSY_4                                     14578105                       14578105              

FU_BUSY_5                                     17952326                       17952326              

FU_BUSY_6                                     14540901                       14540901              

FU_BUSY_7                                     14523512                       14523512              

FU_BUSY_8                                     15241461                       15241461              

FU_BUSY_9                                      7551056                        7551056              

FU_BUSY_10                                           0                              0              

FU_BUSY_11                                           0                              0              

FU_BUSY_12                                           0                              0              

FU_BUSY_13                                           0                              0              

FU_BUSY_14                                           0                              0              

FU_BUSY_15                                           0                              0              

FU_BUSY_16                                           0                              0              

FU_BUSY_17                                           0                              0              

FU_BUSY_18                                           0                              0              

FU_BUSY_19                                           0                              0              

FU_BUSY_20                                           0                              0              

FU_BUSY_21                                           0                              0              

FU_BUSY_22                                           0                              0              

FU_BUSY_23                                           0                              0              

FU_BUSY_24                                           0                              0              

FU_BUSY_25                                           0                              0              

FU_BUSY_26                                           0                              0              

FU_BUSY_27                                           0                              0              

FU_BUSY_28                                           0                              0              

FU_BUSY_29                                           0                              0              

FU_BUSY_30                                           0                              0              

FU_BUSY_31                                           0                              0              

FU_REJECTED_OP_INV_NOT_SIMD                          0        0.000%                0        0.000%
FU_REJECTED_OP_NOP_NOT_SIMD                      17166        0.094%            17166        0.094%
FU_REJECTED_OP_CF_NOT_SIMD                      198095        1.088%           198095        1.088%
FU_REJECTED_OP_MOV_NOT_SIMD                     208141        1.143%           208141        1.143%
FU_REJECTED_OP_CMOV_NOT_SIMD                         3        0.000%                3        0.000%
FU_REJECTED_OP_LDA_NOT_SIMD                     166434        0.914%           166434        0.914%
FU_REJECTED_OP_IMEM_NOT_SIMD                    541058        2.970%           541058        2.970%
FU_REJECTED_OP_IADD_NOT_SIMD                    658614        3.616%           658614        3.616%
FU_REJECTED_OP_IMUL_NOT_SIMD                    458643        2.518%           458643        2.518%
FU_REJECTED_OP_IDIV_NOT_SIMD                        28        0.000%               28        0.000%
FU_REJECTED_OP_ICMP_NOT_SIMD                        14        0.000%               14        0.000%
FU_REJECTED_OP_LOGIC_NOT_SIMD                   183224        1.006%           183224        1.006%
FU_REJECTED_OP_SHIFT_NOT_SIMD                   527174        2.894%           527174        2.894%
FU_REJECTED_OP_FMEM_NOT_SIMD                       356        0.002%              356        0.002%
FU_REJECTED_OP_FCVT_NOT_SIMD                         0        0.000%                0        0.000%
FU_REJECTED_OP_FADD_NOT_SIMD                         0        0.000%                0        0.000%
FU_REJECTED_OP_FMUL_NOT_SIMD                         0        0.000%                0        0.000%
FU_REJECTED_OP_FMA_NOT_SIMD                          0        0.000%                0        0.000%
FU_REJECTED_OP_FDIV_NOT_SIMD                         0        0.000%                0        0.000%
FU_REJECTED_OP_FCMP_NOT_SIMD                         0        0.000%                0        0.000%
FU_REJECTED_OP_FCMOV_NOT_SIMD                        0        0.000%                0        0.000%
FU_REJECTED_OP_GATHER_NOT_SIMD                       0        0.000%                0        0.000%
FU_REJECTED_OP_SCATTER_NOT_SIMD                      0        0.000%                0        0.000%
FU_REJECTED_OP_PIPELINED_FAST_NOT_SIMD               0        0.000%                0        0.000%
FU_REJECTED_OP_PIPELINED_MEDIUM_NOT_SIMD             0        0.000%                0        0.000%
FU_REJECTED_OP_PIPELINED_SLOW_NOT_SIMD               0        0.000%                0        0.000%
FU_REJECTED_OP_NOTPIPELINED_MEDIUM_NOT_SIMD             0        0.000%                0        0.000%
FU_REJECTED_OP_NOTPIPELINED_SLOW_NOT_SIMD             0        0.000%                0        0.000%
FU_REJECTED_OP_NOTPIPELINED_VERY_SLOW_NOT_SIMD             0        0.000%                0        0.000%
FU_REJECTED_OP_INV_SIMD                              0        0.000%                0        0.000%
FU_REJECTED_OP_NOP_SIMD                           3480        0.019%             3480        0.019%
FU_REJECTED_OP_CF_SIMD                               0        0.000%                0        0.000%
FU_REJECTED_OP_MOV_SIMD                             15        0.000%               15        0.000%
FU_REJECTED_OP_CMOV_SIMD                             0        0.000%                0        0.000%
FU_REJECTED_OP_LDA_SIMD                              0        0.000%                0        0.000%
FU_REJECTED_OP_IMEM_SIMD                             0        0.000%                0        0.000%
FU_REJECTED_OP_IADD_SIMD                             0        0.000%                0        0.000%
FU_REJECTED_OP_IMUL_SIMD                             0        0.000%                0        0.000%
FU_REJECTED_OP_IDIV_SIMD                             0        0.000%                0        0.000%
FU_REJECTED_OP_ICMP_SIMD                             0        0.000%                0        0.000%
FU_REJECTED_OP_LOGIC_SIMD                            4        0.000%                4        0.000%
FU_REJECTED_OP_SHIFT_SIMD                            6        0.000%                6        0.000%
FU_REJECTED_OP_FMEM_SIMD                             0        0.000%                0        0.000%
FU_REJECTED_OP_FCVT_SIMD                           547        0.003%              547        0.003%
FU_REJECTED_OP_FADD_SIMD                      15251451       83.733%         15251451       83.733%
FU_REJECTED_OP_FMUL_SIMD                             0        0.000%                0        0.000%
FU_REJECTED_OP_FMA_SIMD                              0        0.000%                0        0.000%
FU_REJECTED_OP_FDIV_SIMD                             0        0.000%                0        0.000%
FU_REJECTED_OP_FCMP_SIMD                             0        0.000%                0        0.000%
FU_REJECTED_OP_FCMOV_SIMD                            0        0.000%                0        0.000%
FU_REJECTED_OP_GATHER_SIMD                           0        0.000%                0        0.000%
FU_REJECTED_OP_SCATTER_SIMD                          0        0.000%                0        0.000%
FU_REJECTED_OP_PIPELINED_FAST_SIMD                   0        0.000%                0        0.000%
FU_REJECTED_OP_PIPELINED_MEDIUM_SIMD                 0        0.000%                0        0.000%
FU_REJECTED_OP_PIPELINED_SLOW_SIMD                   1        0.000%                1        0.000%
FU_REJECTED_OP_NOTPIPELINED_MEDIUM_SIMD              0        0.000%                0        0.000%
FU_REJECTED_OP_NOTPIPELINED_SLOW_SIMD                0        0.000%                0        0.000%
FU_REJECTED_OP_NOTPIPELINED_VERY_SLOW_SIMD             0        0.000%                0        0.000%
                                              18214454      100.000%         18214454      100.000%
                                                 38.04        13.57             38.04        13.57

LSQ_FULL_TOTAL                                 7594809                        7594809              

LSQ_FULL_LOAD_QUEUE                                  0                              0              

LSQ_FULL_STORE_QUEUE                           7594809                        7594809              

OP_WAIT_0                                     69504175                       69504175              

OP_WAIT_1                                     15305066                       15305066              

OP_WAIT_2                                      5636597                        5636597              

OP_WAIT_3                                      3296568                        3296568              

OP_WAIT_4                                      2129874                        2129874              

OP_WAIT_5                                      1617883                        1617883              

OP_WAIT_6                                      1322973                        1322973              

OP_WAIT_7                                      1126321                        1126321              

OP_WAIT_8                                       777593                         777593              

OP_WAIT_9                                       822501                         822501              

OP_WAIT_10                                      809687                         809687              

OP_WAIT_11                                      803389                         803389              

OP_WAIT_12                                      386092                         386092              

OP_WAIT_13                                      270502                         270502              

OP_WAIT_14                                      165462                         165462              

OP_WAIT_15                                      106714                         106714              

OP_WAIT_16                                       60430                          60430              

OP_WAIT_17                                       68451                          68451              

OP_WAIT_18                                       48366                          48366              

OP_WAIT_19                                       38896                          38896              

OP_WAIT_20                                       74015                          74015              

OP_WAIT_21                                       50807                          50807              

OP_WAIT_22                                       29171                          29171              

OP_WAIT_23                                       56396                          56396              

OP_WAIT_24                                       14766                          14766              

OP_WAIT_25                                       10163                          10163              

OP_WAIT_26                                       10002                          10002              

OP_WAIT_27                                       59126                          59126              

OP_WAIT_28                                       38973                          38973              

OP_WAIT_29                                       66656                          66656              

OP_WAIT_30                                       55717                          55717              

OP_WAIT_31                                     1176465                        1176465              

ROW_SIZE_0                                    21411072                       21411072              

ROW_SIZE_1                                     1693429                        1693429              

ROW_SIZE_2                                      354580                         354580              

ROW_SIZE_3                                      295934                         295934              

ROW_SIZE_4                                      280071                         280071              

ROW_SIZE_5                                      393181                         393181              

ROW_SIZE_6                                      615991                         615991              

ROW_SIZE_7                                      319249                         319249              

ROW_SIZE_8                                    11704066                       11704066              

ROW_SIZE_9                                           0                              0              

ROW_SIZE_10                                          0                              0              

ROW_SIZE_11                                          0                              0              

ROW_SIZE_12                                          0                              0              

ROW_SIZE_13                                          0                              0              

ROW_SIZE_14                                          0                              0              

ROW_SIZE_15                                          0                              0              

ROW_SIZE_16                                          0                              0              

ROW_SIZE_17                                          0                              0              

ROW_SIZE_18                                          0                              0              

ROW_SIZE_19                                          0                              0              

ROW_SIZE_20                                          0                              0              

ROW_SIZE_21                                          0                              0              

ROW_SIZE_22                                          0                              0              

ROW_SIZE_23                                          0                              0              

ROW_SIZE_24                                          0                              0              

ROW_SIZE_25                                          0                              0              

ROW_SIZE_26                                          0                              0              

ROW_SIZE_27                                          0                              0              

ROW_SIZE_28                                          0                              0              

ROW_SIZE_29                                          0                              0              

ROW_SIZE_30                                          0                              0              

ROW_SIZE_31                                          0                              0              

RET_OP_EXEC_COUNT_0                                  0        0.000%                0        0.000%
RET_OP_EXEC_COUNT_1                          105939797      100.000%        105939797      100.000%
RET_OP_EXEC_COUNT_2                                  0        0.000%                0        0.000%
RET_OP_EXEC_COUNT_3                                  0        0.000%                0        0.000%
RET_OP_EXEC_COUNT_4                                  0        0.000%                0        0.000%
RET_OP_EXEC_COUNT_5                                  0        0.000%                0        0.000%
RET_OP_EXEC_COUNT_6                                  0        0.000%                0        0.000%
RET_OP_EXEC_COUNT_7                                  0        0.000%                0        0.000%
RET_OP_EXEC_COUNT_8                                  0        0.000%                0        0.000%
RET_OP_EXEC_COUNT_9                                  0        0.000%                0        0.000%
RET_OP_EXEC_COUNT_10                                 0        0.000%                0        0.000%
RET_OP_EXEC_COUNT_11                                 0        0.000%                0        0.000%
RET_OP_EXEC_COUNT_12                                 0        0.000%                0        0.000%
RET_OP_EXEC_COUNT_13                                 0        0.000%                0        0.000%
RET_OP_EXEC_COUNT_14                                 0        0.000%                0        0.000%
RET_OP_EXEC_COUNT_15                                 0        0.000%                0        0.000%
RET_OP_EXEC_COUNT_16                                 0        0.000%                0        0.000%
RET_OP_EXEC_COUNT_17                                 0        0.000%                0        0.000%
RET_OP_EXEC_COUNT_18                                 0        0.000%                0        0.000%
RET_OP_EXEC_COUNT_19                                 0        0.000%                0        0.000%
RET_OP_EXEC_COUNT_20                                 0        0.000%                0        0.000%
RET_OP_EXEC_COUNT_21                                 0        0.000%                0        0.000%
RET_OP_EXEC_COUNT_22                                 0        0.000%                0        0.000%
RET_OP_EXEC_COUNT_23                                 0        0.000%                0        0.000%
RET_OP_EXEC_COUNT_24                                 0        0.000%                0        0.000%
RET_OP_EXEC_COUNT_25                                 0        0.000%                0        0.000%
RET_OP_EXEC_COUNT_26                                 0        0.000%                0        0.000%
RET_OP_EXEC_COUNT_27                                 0        0.000%                0        0.000%
RET_OP_EXEC_COUNT_28                                 0        0.000%                0        0.000%
RET_OP_EXEC_COUNT_29                                 0        0.000%                0        0.000%
RET_OP_EXEC_COUNT_30                                 0        0.000%                0        0.000%
RET_OP_EXEC_COUNT_31                                 0        0.000%                0        0.000%
RET_OP_EXEC_COUNT_32                                 0        0.000%                0        0.000%
                                             105939797      100.000%        105939797      100.000%
                                                  1.00         0.00              1.00         0.00

RET_STALL_LENGTH_0                           105899708       99.962%        105899708       99.962%
RET_STALL_LENGTH_100                             15113        0.014%            15113        0.014%
RET_STALL_LENGTH_200                             11488        0.011%            11488        0.011%
RET_STALL_LENGTH_300                              2166        0.002%             2166        0.002%
RET_STALL_LENGTH_400                              6615        0.006%             6615        0.006%
RET_STALL_LENGTH_500                              2558        0.002%             2558        0.002%
RET_STALL_LENGTH_600                               906        0.001%              906        0.001%
RET_STALL_LENGTH_700                               427        0.000%              427        0.000%
RET_STALL_LENGTH_800                                58        0.000%               58        0.000%
RET_STALL_LENGTH_900                                23        0.000%               23        0.000%
RET_STALL_LENGTH_1000                               26        0.000%               26        0.000%
RET_STALL_LENGTH_1100                               63        0.000%               63        0.000%
RET_STALL_LENGTH_1200                              285        0.000%              285        0.000%
RET_STALL_LENGTH_1300                               90        0.000%               90        0.000%
RET_STALL_LENGTH_1400                               21        0.000%               21        0.000%
RET_STALL_LENGTH_1500                               31        0.000%               31        0.000%
RET_STALL_LENGTH_1600                               79        0.000%               79        0.000%
RET_STALL_LENGTH_1700                              104        0.000%              104        0.000%
RET_STALL_LENGTH_1800                               22        0.000%               22        0.000%
RET_STALL_LENGTH_1900                                7        0.000%                7        0.000%
RET_STALL_LENGTH_2000                                6        0.000%                6        0.000%
RET_STALL_LENGTH_2100                                0        0.000%                0        0.000%
RET_STALL_LENGTH_2200                                0        0.000%                0        0.000%
RET_STALL_LENGTH_2300                                1        0.000%                1        0.000%
RET_STALL_LENGTH_2400                                0        0.000%                0        0.000%
RET_STALL_LENGTH_2500                                0        0.000%                0        0.000%
RET_STALL_LENGTH_2600                                0        0.000%                0        0.000%
RET_STALL_LENGTH_2700                                0        0.000%                0        0.000%
RET_STALL_LENGTH_2800                                0        0.000%                0        0.000%
RET_STALL_LENGTH_2900                                0        0.000%                0        0.000%
RET_STALL_LENGTH_3000                                0        0.000%                0        0.000%
RET_STALL_LENGTH_3100                                0        0.000%                0        0.000%
RET_STALL_LENGTH_3200                                0        0.000%                0        0.000%
RET_STALL_LENGTH_3300                                0        0.000%                0        0.000%
RET_STALL_LENGTH_3400                                0        0.000%                0        0.000%
RET_STALL_LENGTH_3500                                0        0.000%                0        0.000%
RET_STALL_LENGTH_3600                                0        0.000%                0        0.000%
RET_STALL_LENGTH_3700                                0        0.000%                0        0.000%
RET_STALL_LENGTH_3800                                0        0.000%                0        0.000%
RET_STALL_LENGTH_3900                                0        0.000%                0        0.000%
RET_STALL_LENGTH_4000                                0        0.000%                0        0.000%
RET_STALL_LENGTH_4100                                0        0.000%                0        0.000%
RET_STALL_LENGTH_4200                                0        0.000%                0        0.000%
RET_STALL_LENGTH_4300                                0        0.000%                0        0.000%
RET_STALL_LENGTH_4400                                0        0.000%                0        0.000%
RET_STALL_LENGTH_4500                                0        0.000%                0        0.000%
RET_STALL_LENGTH_4600                                0        0.000%                0        0.000%
RET_STALL_LENGTH_4700                                0        0.000%                0        0.000%
RET_STALL_LENGTH_4800                                0        0.000%                0        0.000%
RET_STALL_LENGTH_4900                                0        0.000%                0        0.000%
RET_STALL_LENGTH_5000                                0        0.000%                0        0.000%
                                             105939797      100.000%        105939797      100.000%
                                                  0.00         0.07              0.00         0.07

MEM_BLOCK_LENGTH_0                               19020       56.481%            19020       56.481%
MEM_BLOCK_LENGTH_100                              2265        6.726%             2265        6.726%
MEM_BLOCK_LENGTH_200                              1189        3.531%             1189        3.531%
MEM_BLOCK_LENGTH_300                               705        2.094%              705        2.094%
MEM_BLOCK_LENGTH_400                              1779        5.283%             1779        5.283%
MEM_BLOCK_LENGTH_500                              3041        9.030%             3041        9.030%
MEM_BLOCK_LENGTH_600                              2622        7.786%             2622        7.786%
MEM_BLOCK_LENGTH_700                              1577        4.683%             1577        4.683%
MEM_BLOCK_LENGTH_800                               625        1.856%              625        1.856%
MEM_BLOCK_LENGTH_900                               259        0.769%              259        0.769%
MEM_BLOCK_LENGTH_1000                               79        0.235%               79        0.235%
MEM_BLOCK_LENGTH_1100                               35        0.104%               35        0.104%
MEM_BLOCK_LENGTH_1200                               46        0.137%               46        0.137%
MEM_BLOCK_LENGTH_1300                              116        0.344%              116        0.344%
MEM_BLOCK_LENGTH_1400                               48        0.143%               48        0.143%
MEM_BLOCK_LENGTH_1500                               29        0.086%               29        0.086%
MEM_BLOCK_LENGTH_1600                               27        0.080%               27        0.080%
MEM_BLOCK_LENGTH_1700                               47        0.140%               47        0.140%
MEM_BLOCK_LENGTH_1800                               69        0.205%               69        0.205%
MEM_BLOCK_LENGTH_1900                               45        0.134%               45        0.134%
MEM_BLOCK_LENGTH_2000                               21        0.062%               21        0.062%
MEM_BLOCK_LENGTH_2100                               14        0.042%               14        0.042%
MEM_BLOCK_LENGTH_2200                                2        0.006%                2        0.006%
MEM_BLOCK_LENGTH_2300                                2        0.006%                2        0.006%
MEM_BLOCK_LENGTH_2400                                4        0.012%                4        0.012%
MEM_BLOCK_LENGTH_2500                                1        0.003%                1        0.003%
MEM_BLOCK_LENGTH_2600                                0        0.000%                0        0.000%
MEM_BLOCK_LENGTH_2700                                4        0.012%                4        0.012%
MEM_BLOCK_LENGTH_2800                                2        0.006%                2        0.006%
MEM_BLOCK_LENGTH_2900                                0        0.000%                0        0.000%
MEM_BLOCK_LENGTH_3000                                1        0.003%                1        0.003%
MEM_BLOCK_LENGTH_3100                                1        0.003%                1        0.003%
MEM_BLOCK_LENGTH_3200                                0        0.000%                0        0.000%
MEM_BLOCK_LENGTH_3300                                0        0.000%                0        0.000%
MEM_BLOCK_LENGTH_3400                                0        0.000%                0        0.000%
MEM_BLOCK_LENGTH_3500                                0        0.000%                0        0.000%
MEM_BLOCK_LENGTH_3600                                0        0.000%                0        0.000%
MEM_BLOCK_LENGTH_3700                                0        0.000%                0        0.000%
MEM_BLOCK_LENGTH_3800                                0        0.000%                0        0.000%
MEM_BLOCK_LENGTH_3900                                0        0.000%                0        0.000%
MEM_BLOCK_LENGTH_4000                                0        0.000%                0        0.000%
MEM_BLOCK_LENGTH_4100                                0        0.000%                0        0.000%
MEM_BLOCK_LENGTH_4200                                0        0.000%                0        0.000%
MEM_BLOCK_LENGTH_4300                                0        0.000%                0        0.000%
MEM_BLOCK_LENGTH_4400                                0        0.000%                0        0.000%
MEM_BLOCK_LENGTH_4500                                0        0.000%                0        0.000%
MEM_BLOCK_LENGTH_4600                                0        0.000%                0        0.000%
MEM_BLOCK_LENGTH_4700                                0        0.000%                0        0.000%
MEM_BLOCK_LENGTH_4800                                0        0.000%                0        0.000%
MEM_BLOCK_LENGTH_4900                                0        0.000%                0        0.000%
MEM_BLOCK_LENGTH_5000                                0        0.000%                0        0.000%
                                                 33675      100.000%            33675      100.000%
                                                  2.14         2.72              2.14         2.72

FUS_BUSY_ON_PATH                             125065765        3.3332        125065765        3.3332

FUS_BUSY_OFF_PATH                              7422125        0.1978          7422125        0.1978

FU_BUSY_MEM_STALL                             17248458        0.4597         17248458        0.4597

FUS_EMPTY                                    242719480        6.4689        242719480        6.4689

FU_UNAVAILABLE                                 1763435        0.0470          1763435        0.0470

FU_MEM_UNAVAILABLE                            16451019        0.4385         16451019        0.4385

FU_OTHER_UNAVAILABLE                                 0        0.0000                0        0.0000

FU_REPLAY                                            0        0.0000                0        0.0000

FU_STARVED                                   242254473        6.4565        242254473        6.4565

CHIP_UTILIZATION                                     0        0.0000                0        0.0000

CYCLES_UNDER_MEM_REQ                                 0                              0              

CYCLES_UNDER_NO_MEM_REQ                              0                              0              

CYCLES_UNDER_CRITICAL_MEM_REQ                        0                              0              

CYCLES_UNDER_NONCRITICAL_MEM_REQ                     0                              0              

CHIP_UTILIZATION_UNDER_MEM_REQ                       0          -nan                0          -nan

CHIP_UTILIZATION_UNDER_NO_MEM_REQ                    0          -nan                0          -nan

CHIP_UTILIZATION_UNDER_CRITICAL_MEM_REQ              0          -nan                0          -nan

CHIP_UTILIZATION_UNDER_NONCRITICAL_MEM_REQ             0          -nan                0          -nan

CYCLES_NOT_WAITING_FOR_OFF_CHIP                      0        0.0000                0        0.0000

FUS_BUSY_NOT_WAITING_FOR_OFF_CHIP                    0          -nan                0          -nan

CYCLES_WAITING_FOR_OFF_CHIP                          0        0.0000                0        0.0000

FUS_BUSY_WAITING_FOR_OFF_CHIP                        0          -nan                0          -nan

TOTAL_OFF_CHIP_DELAYS_LEFT                           0                              0              

WRONG_IO_SCHED                                       0                              0              

DVFS_CONFIG_SWITCH                                   0                              0              

MAP_STAGE_RECEIVED_OPS_0                             0        0.000%                0        0.000%
MAP_STAGE_RECEIVED_OPS_1                         14750        0.083%            14750        0.083%
MAP_STAGE_RECEIVED_OPS_2                         39987        0.224%            39987        0.224%
MAP_STAGE_RECEIVED_OPS_3                         85516        0.480%            85516        0.480%
MAP_STAGE_RECEIVED_OPS_4                        138503        0.777%           138503        0.777%
MAP_STAGE_RECEIVED_OPS_5                        399157        2.240%           399157        2.240%
MAP_STAGE_RECEIVED_OPS_6                      17145574       96.197%         17145574       96.197%
MAP_STAGE_RECEIVED_OPS_7                             0        0.000%                0        0.000%
MAP_STAGE_RECEIVED_OPS_8                             0        0.000%                0        0.000%
MAP_STAGE_RECEIVED_OPS_MAX                           0        0.000%                0        0.000%
                                              17823487      100.000%         17823487      100.000%
                                                  5.93         0.39              5.93         0.39

MAP_STAGE_WAIT_FOR_DECODE                            0         -nan%                0         -nan%
MAP_STAGE_CONSUME_DECODE                             0         -nan%                0         -nan%
                                                     0         -nan%                0         -nan%
                                                  -nan         -nan              -nan         -nan

MAP_STAGE_WAIT_FOR_DECODE2                           0         -nan%                0         -nan%
MAP_STAGE_CONSUME_DECODE2                            0         -nan%                0         -nan%
                                                     0         -nan%                0         -nan%
                                                  -nan         -nan              -nan         -nan

FTQ_RECOVER_EXEC                                115497                         115497              

FTQ_RECOVER_DECODE                                 321                            321              

FTQ_OFFPATH_CYCLES                            12449272                       12449272              

FTQ_CYCLES_OFFPATH                            12449272                       12449272              

FTQ_CYCLES_ONPATH                             25071465                       25071465              

FTQ_FETCHED_INS_ONPATH                       105932835                      105932835              

FTQ_FETCHED_INS_OFFPATH                       54521325                       54521325              

FTQ_BREAK_FULL_FT_ONPATH                      18891105                       18891105              

FTQ_BREAK_FULL_FT_OFFPATH                      5489079                        5489079              

FTQ_BREAK_PRED_BR_ONPATH                             0                              0              

FTQ_BREAK_PRED_BR_OFFPATH                            0                              0              

FTQ_BREAK_BAR_FETCH_ONPATH                           0                              0              

FTQ_BREAK_BAR_FETCH_OFFPATH                          0                              0              

FTQ_BREAK_MAX_CFS_TAKEN_ONPATH                       0                              0              

FTQ_BREAK_MAX_CFS_TAKEN_OFFPATH                      0                              0              

FTQ_BREAK_MAX_FT_ONPATH                        6180290                        6180290              

FTQ_BREAK_MAX_FT_OFFPATH                       6960193                        6960193              

DFE_GEN_ON_PATH_FT                            12868310                       12868310              

DFE_GEN_OFF_PATH_FT                            6932506                        6932506              

DFE_L0_ENABLED_PREDICTIONS                   105939797                      105939797              

DFE_L0_WRONG_MAIN_CORRECT                      1056164                        1056164              

DFE_L0_WRONG_MAIN_WRONG                          83313                          83313              

DFE_L0_CORRECT_MAIN_WRONG                        32505                          32505              

DFE_L0_CORRECT_MAIN_CORRECT                  104767815                      104767815              

DFE_L0_WRONG_MAIN_CORRECT_RECOVERY_SCHEDULED             0                              0              

FTQ_SAW_BAR_FETCH_OFFPATH                          490                            490              

FTQ_SAW_BAR_FETCH_ONPATH                           599                            599              

DFE_CONF_0_RECOVER_AT_EXEC                           0         -nan%                0         -nan%
DFE_CONF_1_RECOVER_AT_EXEC                           0         -nan%                0         -nan%
DFE_CONF_2_RECOVER_AT_EXEC                           0         -nan%                0         -nan%
DFE_CONF_3_RECOVER_AT_EXEC                           0         -nan%                0         -nan%
DFE_CONF_0_CORRECT                                   0         -nan%                0         -nan%
DFE_CONF_1_CORRECT                                   0         -nan%                0         -nan%
DFE_CONF_2_CORRECT                                   0         -nan%                0         -nan%
DFE_CONF_3_CORRECT                                   0         -nan%                0         -nan%
                                                     0         -nan%                0         -nan%
                                                  -nan         -nan              -nan         -nan

DFE_ON_CONF_ON_OPS                                   0         -nan%                0         -nan%
DFE_ON_CONF_OFF_OPS                                  0         -nan%                0         -nan%
DFE_OFF_CONF_ON_OPS                                  0         -nan%                0         -nan%
DFE_OFF_CONF_OFF_REALISTIC_OPS                       0         -nan%                0         -nan%
DFE_OFF_CONF_OFF_PERFECT_OPS                         0         -nan%                0         -nan%
                                                     0         -nan%                0         -nan%
                                                  -nan         -nan              -nan         -nan

DFE_ON_CONF_ON_FETCH_TARGETS                         0         -nan%                0         -nan%
DFE_ON_CONF_OFF_FETCH_TARGETS                        0         -nan%                0         -nan%
DFE_OFF_CONF_ON_FETCH_TARGETS                        0         -nan%                0         -nan%
DFE_OFF_CONF_OFF_REALISTIC_FETCH_TARGETS             0         -nan%                0         -nan%
DFE_OFF_CONF_OFF_PERFECT_FETCH_TARGETS               0         -nan%                0         -nan%
                                                     0         -nan%                0         -nan%
                                                  -nan         -nan              -nan         -nan

DFE_ON_CONF_ON_CYCLES                                0         -nan%                0         -nan%
DFE_ON_CONF_OFF_CYCLES                               0         -nan%                0         -nan%
DFE_OFF_CONF_ON_CYCLES                               0         -nan%                0         -nan%
DFE_OFF_CONF_OFF_REALISTIC_CYCLES                    0         -nan%                0         -nan%
DFE_OFF_CONF_OFF_PERFECT_CYCLES                      0         -nan%                0         -nan%
                                                     0         -nan%                0         -nan%
                                                  -nan         -nan              -nan         -nan

DFE_OFF_CONF_ON_NUM_EVENTS                           0                              0              

DFE_OFF_CONF_ON_NOT_IDENTIFIED_EVENTS                0         -nan%                0         -nan%
DFE_OFF_CONF_ON_IBTB_MISS_EVENTS                     0         -nan%                0         -nan%
DFE_OFF_CONF_ON_BTB_MISS_EVENTS                      0         -nan%                0         -nan%
DFE_OFF_CONF_ON_BTB_MISS_RECOVER_AT_EXEC_EVENTS             0         -nan%                0         -nan%
DFE_OFF_CONF_ON_RECOVER_AT_EXEC_EVENTS               0         -nan%                0         -nan%
DFE_OFF_CONF_ON_RECOVER_AT_DECODE_EVENTS             0         -nan%                0         -nan%
                                                     0         -nan%                0         -nan%
                                                  -nan         -nan              -nan         -nan

DFE_OFF_CONF_ON_LATE_BTB_HIT_EVENTS                  0                              0              

DFE_OFF_CONF_ON_NOT_IDENTIFIED_CYCLES                0         -nan%                0         -nan%
DFE_OFF_CONF_ON_IBTB_MISS_CYCLES                     0         -nan%                0         -nan%
DFE_OFF_CONF_ON_BTB_MISS_CYCLES                      0         -nan%                0         -nan%
DFE_OFF_CONF_ON_BTB_MISS_RECOVER_AT_EXEC_CYCLES             0         -nan%                0         -nan%
DFE_OFF_CONF_ON_RECOVER_AT_EXEC_CYCLES               0         -nan%                0         -nan%
DFE_OFF_CONF_ON_RECOVER_AT_DECODE_CYCLES             0         -nan%                0         -nan%
                                                     0         -nan%                0         -nan%
                                                  -nan         -nan              -nan         -nan

DFE_OFF_CONF_ON_LATE_BTB_HIT_CYCLES                  0                              0              

DFE_OFF_CONF_ON_NOT_IDENTIFIED_FETCH_TARGETS             0         -nan%                0         -nan%
DFE_OFF_CONF_ON_IBTB_MISS_FETCH_TARGETS              0         -nan%                0         -nan%
DFE_OFF_CONF_ON_BTB_MISS_FETCH_TARGETS               0         -nan%                0         -nan%
DFE_OFF_CONF_ON_BTB_MISS_RECOVER_AT_EXEC_FETCH_TARGETS             0         -nan%                0         -nan%
DFE_OFF_CONF_ON_RECOVER_AT_EXEC_FETCH_TARGETS             0         -nan%                0         -nan%
DFE_OFF_CONF_ON_RECOVER_AT_DECODE_FETCH_TARGETS             0         -nan%                0         -nan%
                                                     0         -nan%                0         -nan%
                                                  -nan         -nan              -nan         -nan

DFE_OFF_CONF_ON_LATE_BTB_HIT_FETCH_TARGETS             0                              0              

DFE_OFF_CONF_ON_BP_INCORRECT_0_CONF                  0         -nan%                0         -nan%
DFE_OFF_CONF_ON_BP_INCORRECT_1_CONF                  0         -nan%                0         -nan%
DFE_OFF_CONF_ON_BP_INCORRECT_2_CONF                  0         -nan%                0         -nan%
DFE_OFF_CONF_ON_BP_INCORRECT_3_CONF                  0         -nan%                0         -nan%
                                                     0         -nan%                0         -nan%
                                                  -nan         -nan              -nan         -nan

DFE_OFF_CONF_ON_BTB_MISS_CBR_0_CONF                  0         -nan%                0         -nan%
DFE_OFF_CONF_ON_BTB_MISS_CBR_1_CONF                  0         -nan%                0         -nan%
DFE_OFF_CONF_ON_BTB_MISS_CBR_2_CONF                  0         -nan%                0         -nan%
DFE_OFF_CONF_ON_BTB_MISS_CBR_3_CONF                  0         -nan%                0         -nan%
                                                     0         -nan%                0         -nan%
                                                  -nan         -nan              -nan         -nan

DFE_OFF_CONF_ON_BTB_MISS_NOT_CF                      0         -nan%                0         -nan%
DFE_OFF_CONF_ON_BTB_MISS_CF_BR                       0         -nan%                0         -nan%
DFE_OFF_CONF_ON_BTB_MISS_CF_CBR                      0         -nan%                0         -nan%
DFE_OFF_CONF_ON_BTB_MISS_CF_CALL                     0         -nan%                0         -nan%
DFE_OFF_CONF_ON_BTB_MISS_CF_IBR                      0         -nan%                0         -nan%
DFE_OFF_CONF_ON_BTB_MISS_CF_ICALL                    0         -nan%                0         -nan%
DFE_OFF_CONF_ON_BTB_MISS_CF_ICO                      0         -nan%                0         -nan%
DFE_OFF_CONF_ON_BTB_MISS_CF_RET                      0         -nan%                0         -nan%
DFE_OFF_CONF_ON_BTB_MISS_CF_SYS                      0         -nan%                0         -nan%
                                                     0         -nan%                0         -nan%
                                                  -nan         -nan              -nan         -nan

DFE_ON_CONF_OFF_NUM_EVENTS                           0                              0              

CONF_BTB_NUM_CYCLES_OFF_PATH_EVENT                   0                              0              

DFE_ON_CONF_OFF_IBTB_MISS_BP_TAKEN                   0         -nan%                0         -nan%
DFE_ON_CONF_OFF_BTB_MISS_BP_TAKEN_CONF_0             0         -nan%                0         -nan%
DFE_ON_CONF_OFF_BTB_MISS_BP_TAKEN_CONF_1             0         -nan%                0         -nan%
DFE_ON_CONF_OFF_BTB_MISS_BP_TAKEN_CONF_2             0         -nan%                0         -nan%
DFE_ON_CONF_OFF_BTB_MISS_BP_TAKEN_CONF_3             0         -nan%                0         -nan%
DFE_ON_CONF_OFF_BTB_MISS_RATE                        0         -nan%                0         -nan%
DFE_ON_CONF_OFF_IBTB_MISS_RATE                       0         -nan%                0         -nan%
DFE_ON_CONF_OFF_RECOVER_AT_DECODE_RATE               0         -nan%                0         -nan%
DFE_ON_CONF_OFF_RECOVER_AT_EXEC_RATE                 0         -nan%                0         -nan%
DFE_ON_CONF_OFF_INV_CONF_INC                         0         -nan%                0         -nan%
DFE_ON_CONF_OFF_PERFECT_CONF                         0         -nan%                0         -nan%
                                                     0         -nan%                0         -nan%
                                                  -nan         -nan              -nan         -nan

DFE_ON_CONF_OFF_IBTB_MISS_BP_TAKEN_CYCLES             0         -nan%                0         -nan%
DFE_ON_CONF_OFF_BTB_MISS_BP_TAKEN_CONF_0_CYCLES             0         -nan%                0         -nan%
DFE_ON_CONF_OFF_BTB_MISS_BP_TAKEN_CONF_1_CYCLES             0         -nan%                0         -nan%
DFE_ON_CONF_OFF_BTB_MISS_BP_TAKEN_CONF_2_CYCLES             0         -nan%                0         -nan%
DFE_ON_CONF_OFF_BTB_MISS_BP_TAKEN_CONF_3_CYCLES             0         -nan%                0         -nan%
DFE_ON_CONF_OFF_BTB_MISS_RATE_CYCLES                 0         -nan%                0         -nan%
DFE_ON_CONF_OFF_IBTB_MISS_RATE_CYCLES                0         -nan%                0         -nan%
DFE_ON_CONF_OFF_RECOVER_AT_DECODE_RATE_CYCLES             0         -nan%                0         -nan%
DFE_ON_CONF_OFF_RECOVER_AT_EXEC_RATE_CYCLES             0         -nan%                0         -nan%
DFE_ON_CONF_OFF_INV_CONF_INC_CYCLES                  0         -nan%                0         -nan%
DFE_ON_CONF_OFF_PERFECT_CONF_CYCLES                  0         -nan%                0         -nan%
                                                     0         -nan%                0         -nan%
                                                  -nan         -nan              -nan         -nan

DFE_ON_CONF_OFF_IBTB_MISS_BP_TAKEN_FETCH_TARGETS             0         -nan%                0         -nan%
DFE_ON_CONF_OFF_BTB_MISS_BP_TAKEN_CONF_0_FETCH_TARGETS             0         -nan%                0         -nan%
DFE_ON_CONF_OFF_BTB_MISS_BP_TAKEN_CONF_1_FETCH_TARGETS             0         -nan%                0         -nan%
DFE_ON_CONF_OFF_BTB_MISS_BP_TAKEN_CONF_2_FETCH_TARGETS             0         -nan%                0         -nan%
DFE_ON_CONF_OFF_BTB_MISS_BP_TAKEN_CONF_3_FETCH_TARGETS             0         -nan%                0         -nan%
DFE_ON_CONF_OFF_BTB_MISS_RATE_FETCH_TARGETS             0         -nan%                0         -nan%
DFE_ON_CONF_OFF_IBTB_MISS_RATE_FETCH_TARGETS             0         -nan%                0         -nan%
DFE_ON_CONF_OFF_RECOVER_AT_DECODE_RATE_FETCH_TARGETS             0         -nan%                0         -nan%
DFE_ON_CONF_OFF_RECOVER_AT_EXEC_RATE_FETCH_TARGETS             0         -nan%                0         -nan%
DFE_ON_CONF_OFF_INV_CONF_INC_FETCH_TARGETS             0         -nan%                0         -nan%
DFE_ON_CONF_OFF_PERFECT_CONF_FETCH_TARGETS             0         -nan%                0         -nan%
                                                     0         -nan%                0         -nan%
                                                  -nan         -nan              -nan         -nan

CONF_OFF_IBTB_MISS_BP_TAKEN                          0         -nan%                0         -nan%
CONF_OFF_BTB_MISS_BP_TAKEN_CONF_0                    0         -nan%                0         -nan%
CONF_OFF_BTB_MISS_BP_TAKEN_CONF_1                    0         -nan%                0         -nan%
CONF_OFF_BTB_MISS_BP_TAKEN_CONF_2                    0         -nan%                0         -nan%
CONF_OFF_BTB_MISS_BP_TAKEN_CONF_3                    0         -nan%                0         -nan%
CONF_OFF_BTB_MISS_RATE                               0         -nan%                0         -nan%
CONF_OFF_IBTB_MISS_RATE                              0         -nan%                0         -nan%
CONF_OFF_RECOVER_AT_DECODE_RATE                      0         -nan%                0         -nan%
CONF_OFF_RECOVER_AT_EXEC_RATE                        0         -nan%                0         -nan%
CONF_OFF_INV_CONF_INC                                0         -nan%                0         -nan%
CONF_OFF_PERFECT_CONF                                0         -nan%                0         -nan%
                                                     0         -nan%                0         -nan%
                                                  -nan         -nan              -nan         -nan

TOPDOWN_TOTAL_SLOTS                          225124422                      225124422              

TOPDOWN_ISSUED_SLOTS                         122128815                      122128815              

TOPDOWN_RETIRED_SLOTS                        105939797                      105939797              

TOPDOWN_FETCH_BUBBLES_SLOTS                    4123124                        4123124              

TOPDOWN_RECOVERY_BUBBLES_SLOTS                 2406233                        2406233              

TOPDOWN_MEM_LOAD_STALLS_CYCLES                 8384387                        8384387              

TOPDOWN_MEM_STORE_STALLS_CYCLES                7316584                        7316584              

TOPDOWN_EXEC_STALLS_CYCLES                    13948180                       13948180              

TOPDOWN_BACKEND_STALLS_CYCLES                 15979348                       15979348              

TOPDOWN_FETCH_BUBBLES_GT_MIW_CYCLES             412315                         412315              

TOPDOWN_BR_RECOVER_AT_EXEC_RETIRED_CYCLES        115497                         115497              

TOPDOWN_MACHINE_CLEAR_CYCLES                   1171982                        1171982              

TOPDOWN_FRONTEND_BOUND                             183                            183              

TOPDOWN_BACKEND_BOUND                             4287                           4287              

TOPDOWN_BAD_SPEC_BOUND                             825                            825              

TOPDOWN_RETIRING_BOUND                            4705                           4705              

TOPDOWN_FETCH_LATENCY_BOUND                        109                            109              

TOPDOWN_FETCH_BANDWIDTH_BOUND                       74                             74              

TOPDOWN_MEM_BOUND                                 4212                           4212              

TOPDOWN_CORE_BOUND                                  75                             75              

TOPDOWN_BR_RECOVER_AT_EXEC_BOUND                    74                             74              

TOPDOWN_MACHINE_CLEARS_BOUND                       751                            751              

H2P_SEEN_MAIN                                   230060                         230060              



