Scarab gitrev: fb8eb647
Warning: Scarab expects the trace file type to include OFFLINE_FILE_TYPE_ARCH_REGDEPS (0x20000), but got type: 0xe40
Scarab started at Fri Jul 10 22:27:15 2026

FCT preload: loaded 169 PC-pair(s) from '/home/deepmish/pgo-candidates/pgo-candidates-frequency-100/cd/115.csv' at confidence 500 (skipped 50 duplicate LD1 PCs)
Initialized Ramulator. 
** Heartbeat:   1% -- { 1000004 } -- 0.00 KIPS (66.67 KIPS)
** Heartbeat:   2% -- { 2000004 } -- 125.00 KIPS (86.96 KIPS)
** Heartbeat:   3% -- { 3000011 } -- 142.86 KIPS (100.00 KIPS)
** Heartbeat:   4% -- { 4000014 } -- 142.86 KIPS (108.11 KIPS)
** Heartbeat:   5% -- { 5000015 } -- 83.33 KIPS (102.04 KIPS)
** Heartbeat:   6% -- { 6000022 } -- 90.91 KIPS (100.00 KIPS)
** Heartbeat:   7% -- { 7000023 } -- 90.91 KIPS (98.59 KIPS)
** Heartbeat:   8% -- { 8000027 } -- 90.91 KIPS (97.56 KIPS)
** Heartbeat:   9% -- { 9000028 } -- 90.91 KIPS (96.77 KIPS)
Patching gap in trace by injecting a Jmp, prior PC: 7eff1101abee next PC: 7eff1459c017
** Heartbeat:  10% -- { 10000032 } -- 90.91 KIPS (96.15 KIPS)
** Heartbeat:  11% -- { 11000032 } -- 83.33 KIPS (94.83 KIPS)
** Heartbeat:  12% -- { 12000037 } -- 90.91 KIPS (94.49 KIPS)
** Heartbeat:  13% -- { 13000044 } -- 90.91 KIPS (94.20 KIPS)
** Heartbeat:  14% -- { 14000045 } -- 83.33 KIPS (93.33 KIPS)
** Heartbeat:  15% -- { 15000050 } -- 90.91 KIPS (93.17 KIPS)
** Heartbeat:  16% -- { 16000053 } -- 83.33 KIPS (92.49 KIPS)
** Heartbeat:  17% -- { 17000053 } -- 83.33 KIPS (91.89 KIPS)
** Heartbeat:  18% -- { 18000058 } -- 90.91 KIPS (91.84 KIPS)
** Heartbeat:  19% -- { 19000065 } -- 83.33 KIPS (91.35 KIPS)
** Heartbeat:  20% -- { 20000070 } -- 47.62 KIPS (87.34 KIPS)
** Heartbeat:  21% -- { 21000072 } -- 40.00 KIPS (82.68 KIPS)
** Heartbeat:  22% -- { 22000078 } -- 76.92 KIPS (82.40 KIPS)
** Heartbeat:  23% -- { 23000082 } -- 76.92 KIPS (82.14 KIPS)
** Heartbeat:  24% -- { 24000085 } -- 83.33 KIPS (82.19 KIPS)
** Heartbeat:  25% -- { 25000092 } -- 83.33 KIPS (82.24 KIPS)
** Heartbeat:  26% -- { 26000097 } -- 90.91 KIPS (82.54 KIPS)
** Heartbeat:  27% -- { 27000099 } -- 71.43 KIPS (82.07 KIPS)
** Heartbeat:  28% -- { 28000099 } -- 83.33 KIPS (82.11 KIPS)
** Heartbeat:  29% -- { 29000106 } -- 83.33 KIPS (82.15 KIPS)
Reached end of trace (last_inst) pc=0x7eff145ad37d
** Core 0 Finished:    insts:29999999    cycles:7885908     time:2464346250000       -- 3.80 IPC (3.80 IPC) --  N/A  KIPS (81.97 KIPS)
Scarab finished at Fri Jul 10 22:33:21 2026

