/* -*- Mode: c -*- */
####################################################################################################
Core 0
####################################################################################################
Cumulative:        Cycles: 8387155               Instructions: 29999995              IPC: 3.57690

Periodic:          Cycles: 8387155               Instructions: 29999995              IPC: 3.57690

MISS_WAIT_TIME                               127937953                      127937953              

ICACHE_STAGE_MISS                                  854                            854              

ICACHE_CYCLE                                   8387155                        8387155              

TCACHE_CYCLE                                         0                              0              

ICACHE_SERVING_CYCLE_ON_PATH                     14491                          14491              

ICACHE_SERVING_CYCLE_OFF_PATH                    26898                          26898              

UCACHE_SERVING_CYCLE_ON_PATH                   8124536                        8124536              

UCACHE_SERVING_CYCLE_OFF_PATH                   136393                         136393              

ICACHE_CYCLE_ONPATH                            8204299       97.820%          8204299       97.820%
ICACHE_CYCLE_OFFPATH                            182856        2.180%           182856        2.180%
                                               8387155      100.000%          8387155      100.000%
                                                  0.02         0.14              0.02         0.14

FETCH_ON_PATH                                  8210550       97.894%          8210550       97.894%
FETCH_OFF_PATH                                  176605        2.106%           176605        2.106%
                                               8387155      100.000%          8387155      100.000%
                                                  0.02         0.14              0.02         0.14

FETCHED_OPS_ON_PATH                                  0         -nan%                0         -nan%
FETCHED_OPS_OFF_PATH                                 0         -nan%                0         -nan%
                                                     0         -nan%                0         -nan%
                                                  -nan         -nan              -nan         -nan

INST_LOST_FETCH                               34193232       51.316%         34193232       51.316%
INST_LOST_OFF_PATH                              645969        0.969%           645969        0.969%
INST_LOST_FULL_WINDOW                          7929020       11.900%          7929020       11.900%
INST_LOST_ROB_STALL_OTHER                      3311362        4.970%          3311362        4.970%
INST_LOST_ROB_STALL_WAIT_FOR_RECOVERY                0        0.000%                0        0.000%
INST_LOST_ROB_STALL_WAIT_FOR_REDIRECT                0        0.000%                0        0.000%
INST_LOST_ROB_STALL_WAIT_FOR_GAP_FILL                0        0.000%                0        0.000%
INST_LOST_ROB_STALL_WAIT_FOR_L1_MISS                 0        0.000%                0        0.000%
INST_LOST_ROB_STALL_WAIT_FOR_MEMORY             186166        0.279%           186166        0.279%
INST_LOST_ROB_STALL_WAIT_FOR_DC_MISS          18734184       28.116%         18734184       28.116%
INST_LOST_ROB_BLOCK_ISSUE_FULL                       0        0.000%                0        0.000%
INST_LOST_ROB_BLOCK_ISSUE_GAP_TOO_LARGE              0        0.000%                0        0.000%
INST_LOST_BREAK_DONT                                 0        0.000%                0        0.000%
INST_LOST_BREAK_FT_UNAVAILABLE                  120595        0.181%           120595        0.181%
INST_LOST_BREAK_ICACHE_STAGE_RESTEER              5612        0.008%             5612        0.008%
INST_LOST_BREAK_ICACHE_MISS_REQ_SUCCESS           3569        0.005%             3569        0.005%
INST_LOST_BREAK_ICACHE_MISS_REQ_FAILURE              0        0.000%                0        0.000%
INST_LOST_BREAK_ICACHE_WAIT_FOR_MISS            303162        0.455%           303162        0.455%
INST_LOST_BREAK_ICACHE_STALLED                   73770        0.111%            73770        0.111%
INST_LOST_BREAK_ICACHE_TO_UOP_CACHE_SWITCH         14406        0.022%            14406        0.022%
INST_LOST_BREAK_ICACHE_READ_LIMIT                10569        0.016%            10569        0.016%
INST_LOST_BREAK_ICACHE_ISSUE_WIDTH                   0        0.000%                0        0.000%
INST_LOST_BREAK_UOP_CACHE_STALLED               305185        0.458%           305185        0.458%
INST_LOST_BREAK_UOP_CACHE_TO_ICACHE_SWITCH         15469        0.023%            15469        0.023%
INST_LOST_BREAK_UOP_CACHE_READ_LIMIT            779939        1.171%           779939        1.171%
INST_LOST_BREAK_UOP_CACHE_ISSUE_WIDTH                0        0.000%                0        0.000%
                                              66632209      100.000%         66632209      100.000%
                                                  3.47         4.11              3.47         4.11

INST_LOST_TOTAL                               66857126                       66857126              

INST_LOST_WAIT_FOR_ICACHE_MISS_NOT_PREFETCHED         58590       22.818%            58590       22.818%
INST_LOST_WAIT_FOR_ICACHE_MISS_PREFETCHED_AND_EVICTED_BY_IFETCH             0        0.000%                0        0.000%
INST_LOST_WAIT_FOR_ICACHE_MISS_PREFETCHED_AND_EVICTED_BY_FDIP             0        0.000%                0        0.000%
INST_LOST_WAIT_FOR_ICACHE_MISS_MSHR_HIT_PREF_OFFPATH          3156        1.229%             3156        1.229%
INST_LOST_WAIT_FOR_ICACHE_MISS_MSHR_HIT_PREF_ONPATH        195030       75.953%           195030       75.953%
                                                256776      100.000%           256776      100.000%
                                                  3.08         2.80              3.08         2.80

FETCH_0_OPS                                      82531        0.984%            82531        0.984%
FETCH_1_OPS                                       5330        0.064%             5330        0.064%
FETCH_2_OPS                                      29142        0.347%            29142        0.347%
FETCH_3_OPS                                      35169        0.419%            35169        0.419%
FETCH_4_OPS                                      33354        0.398%            33354        0.398%
FETCH_5_OPS                                     105436        1.257%           105436        1.257%
FETCH_6_OPS                                     114006        1.359%           114006        1.359%
FETCH_7_OPS                                     146399        1.746%           146399        1.746%
FETCH_8_OPS                                    7835788       93.426%          7835788       93.426%
FETCH_9_OPS                                          0        0.000%                0        0.000%
FETCH_10_OPS                                         0        0.000%                0        0.000%
FETCH_11_OPS                                         0        0.000%                0        0.000%
FETCH_12_OPS                                         0        0.000%                0        0.000%
FETCH_13_OPS                                         0        0.000%                0        0.000%
FETCH_14_OPS                                         0        0.000%                0        0.000%
FETCH_15_OPS                                         0        0.000%                0        0.000%
FETCH_16_OPS                                         0        0.000%                0        0.000%
                                               8387155      100.000%          8387155      100.000%
                                                  7.78         0.70              7.78         0.70

ST_BREAK_DONT                                        0        0.000%                0        0.000%
ST_BREAK_FT_UNAVAILABLE                          21893        0.261%            21893        0.261%
ST_BREAK_ICACHE_STAGE_RESTEER                     1255        0.015%             1255        0.015%
ST_BREAK_ICACHE_MISS_REQ_SUCCESS                   854        0.010%              854        0.010%
ST_BREAK_ICACHE_MISS_REQ_FAILURE                     0        0.000%                0        0.000%
ST_BREAK_ICACHE_WAIT_FOR_MISS                    50527        0.602%            50527        0.602%
ST_BREAK_ICACHE_STALLED                          14885        0.177%            14885        0.177%
ST_BREAK_ICACHE_TO_UOP_CACHE_SWITCH               4327        0.052%             4327        0.052%
ST_BREAK_ICACHE_READ_LIMIT                        3715        0.044%             3715        0.044%
ST_BREAK_ICACHE_ISSUE_WIDTH                      26201        0.312%            26201        0.312%
ST_BREAK_UOP_CACHE_STALLED                     3832655       45.697%          3832655       45.697%
ST_BREAK_UOP_CACHE_TO_ICACHE_SWITCH               3640        0.043%             3640        0.043%
ST_BREAK_UOP_CACHE_READ_LIMIT                   285532        3.404%           285532        3.404%
ST_BREAK_UOP_CACHE_ISSUE_WIDTH                 4141671       49.381%          4141671       49.381%
                                               8387155      100.000%          8387155      100.000%
                                                 11.48         8.24             11.48         8.24

ORACLE_ON_PATH_INST                           34193232       98.146%         34193232       98.146%
ORACLE_OFF_PATH_INST                            645969        1.854%           645969        1.854%
                                              34839201      100.000%         34839201      100.000%
                                                  0.02         0.13              0.02         0.13

ORACLE_ON_PATH_INST_MEM                       10778058       30.937%         10778058       30.937%
ORACLE_ON_PATH_INST_NOTMEM                    23415174       67.209%         23415174       67.209%
ORACLE_OFF_PATH_INST_MEM                        141739        0.407%           141739        0.407%
ORACLE_OFF_PATH_INST_NOTMEM                     504230        1.447%           504230        1.447%
                                              34839201      100.000%         34839201      100.000%
                                                  0.72         0.37              0.72         0.37

ICACHE_CYCLE_NONRA_ONPATH                            0         -nan%                0         -nan%
ICACHE_CYCLE_NONRA_OFFPATH                           0         -nan%                0         -nan%
ICACHE_CYCLE_RA_ONPATH                               0         -nan%                0         -nan%
ICACHE_CYCLE_RA_OFFPATH                              0         -nan%                0         -nan%
                                                     0         -nan%                0         -nan%
                                                  -nan         -nan              -nan         -nan

ICACHE_CYCLE_ONPATH_NONRA                            0         -nan%                0         -nan%
ICACHE_CYCLE_OFFPATH_NONRA                           0         -nan%                0         -nan%
                                                     0         -nan%                0         -nan%
                                                  -nan         -nan              -nan         -nan

ICACHE_CYCLE_ONPATH_RA                               0         -nan%                0         -nan%
ICACHE_CYCLE_OFFPATH_RA                              0         -nan%                0         -nan%
                                                     0         -nan%                0         -nan%
                                                  -nan         -nan              -nan         -nan

INACCURATE_OFFPATH_CYCLES                            0        0.0000                0        0.0000

FETCH_ALL_INST                                34839201                       34839201              

EXEC_ALL_INST                                 34337357                       34337357              

RET_ALL_INST                                  34193232                       34193232              

EXEC_ON_PATH_INST                             34193232       99.580%         34193232       99.580%
EXEC_OFF_PATH_INST                              144125        0.420%           144125        0.420%
                                              34337357      100.000%         34337357      100.000%
                                                  0.00         0.06              0.00         0.06

EXEC_ON_PATH_INST_MEM                         10778058       31.389%         10778058       31.389%
EXEC_ON_PATH_INST_NOTMEM                      23415174       68.192%         23415174       68.192%
EXEC_OFF_PATH_INST_MEM                           34638        0.101%            34638        0.101%
EXEC_OFF_PATH_INST_NOTMEM                       109487        0.319%           109487        0.319%
                                              34337357      100.000%         34337357      100.000%
                                                  0.69         0.29              0.69         0.29

EXEC_RA_INST                                         0         -nan%                0         -nan%
EXEC_NONRA_INST                                      0         -nan%                0         -nan%
                                                     0         -nan%                0         -nan%
                                                  -nan         -nan              -nan         -nan

EXEC_ON_PATH_INST_RA                                 0         -nan%                0         -nan%
EXEC_OFF_PATH_INST_RA                                0         -nan%                0         -nan%
                                                     0         -nan%                0         -nan%
                                                  -nan         -nan              -nan         -nan

EXEC_ON_PATH_INST_NONRA                              0         -nan%                0         -nan%
EXEC_OFF_PATH_INST_NONRA                             0         -nan%                0         -nan%
                                                     0         -nan%                0         -nan%
                                                  -nan         -nan              -nan         -nan

EXEC_RA_ON_PATH_INST                                 0         -nan%                0         -nan%
EXEC_RA_OFF_PATH_INST                                0         -nan%                0         -nan%
EXEC_NONRA_ON_PATH_INST                              0         -nan%                0         -nan%
EXEC_NONRA_OFF_PATH_INST                             0         -nan%                0         -nan%
                                                     0         -nan%                0         -nan%
                                                  -nan         -nan              -nan         -nan

ICACHE_THROTTLE_CYCLE                                0                              0              

FETCH_ENABLE_THROTTLE_OFF_PATH                       0         -nan%                0         -nan%
FETCH_ENABLE_THROTTLE_ON_PATH                        0         -nan%                0         -nan%
                                                     0         -nan%                0         -nan%
                                                  -nan         -nan              -nan         -nan

FETCH_DISABLE_THROTTLE_OFF_PATH                      0         -nan%                0         -nan%
FETCH_DISABLE_THROTTLE_ON_PATH                       0         -nan%                0         -nan%
                                                     0         -nan%                0         -nan%
                                                  -nan         -nan              -nan         -nan

FETCH_TH_ADJUST__0                                   0         -nan%                0         -nan%
FETCH_TH_ADJUST__1                                   0         -nan%                0         -nan%
FETCH_TH_ADJUST__2                                   0         -nan%                0         -nan%
FETCH_TH_ADJUST__3                                   0         -nan%                0         -nan%
FETCH_TH_ADJUST__4                                   0         -nan%                0         -nan%
FETCH_TH_ADJUST__5                                   0         -nan%                0         -nan%
FETCH_TH_ADJUST__6                                   0         -nan%                0         -nan%
FETCH_TH_ADJUST__7                                   0         -nan%                0         -nan%
FETCH_TH_ADJUST__8                                   0         -nan%                0         -nan%
FETCH_TH_ADJUST__9                                   0         -nan%                0         -nan%
FETCH_TH_ADJUST__MAX                                 0         -nan%                0         -nan%
                                                     0         -nan%                0         -nan%
                                                  -nan         -nan              -nan         -nan

FETCH_TH_ADJUST_UP                                   0         -nan%                0         -nan%
FETCH_TH_ADJUST_DOWN                                 0         -nan%                0         -nan%
FETCH_TH_ADJUST_SAME                                 0         -nan%                0         -nan%
                                                     0         -nan%                0         -nan%
                                                  -nan         -nan              -nan         -nan

THROTTLE_ADJUST_CACHE_MISS_INFO                      0                              0              

LOW_CONF_COUNT_BP_MIS_0                              0         -nan%                0         -nan%
LOW_CONF_COUNT_BP_MIS_1                              0         -nan%                0         -nan%
LOW_CONF_COUNT_BP_MIS_2                              0         -nan%                0         -nan%
LOW_CONF_COUNT_BP_MIS_3                              0         -nan%                0         -nan%
LOW_CONF_COUNT_BP_MIS_4                              0         -nan%                0         -nan%
LOW_CONF_COUNT_BP_MIS_5                              0         -nan%                0         -nan%
LOW_CONF_COUNT_BP_MIS_6                              0         -nan%                0         -nan%
LOW_CONF_COUNT_BP_MIS_7                              0         -nan%                0         -nan%
LOW_CONF_COUNT_BP_MIS_8                              0         -nan%                0         -nan%
LOW_CONF_COUNT_BP_MIS_9                              0         -nan%                0         -nan%
LOW_CONF_COUNT_BP_MIS_10                             0         -nan%                0         -nan%
LOW_CONF_COUNT_BP_MIS_11                             0         -nan%                0         -nan%
LOW_CONF_COUNT_BP_MIS_12                             0         -nan%                0         -nan%
LOW_CONF_COUNT_BP_MIS_13                             0         -nan%                0         -nan%
LOW_CONF_COUNT_BP_MIS_14                             0         -nan%                0         -nan%
LOW_CONF_COUNT_BP_MIS_15                             0         -nan%                0         -nan%
LOW_CONF_COUNT_BP_MIS_16                             0         -nan%                0         -nan%
LOW_CONF_COUNT_BP_MIS_17                             0         -nan%                0         -nan%
LOW_CONF_COUNT_BP_MIS_18                             0         -nan%                0         -nan%
LOW_CONF_COUNT_BP_MIS_19                             0         -nan%                0         -nan%
LOW_CONF_COUNT_BP_MIS_20                             0         -nan%                0         -nan%
                                                     0         -nan%                0         -nan%
                                                  -nan         -nan              -nan         -nan

LOW_CONF_COUNT_RET_0                                 0         -nan%                0         -nan%
LOW_CONF_COUNT_RET_1                                 0         -nan%                0         -nan%
LOW_CONF_COUNT_RET_2                                 0         -nan%                0         -nan%
LOW_CONF_COUNT_RET_3                                 0         -nan%                0         -nan%
LOW_CONF_COUNT_RET_4                                 0         -nan%                0         -nan%
LOW_CONF_COUNT_RET_5                                 0         -nan%                0         -nan%
LOW_CONF_COUNT_RET_6                                 0         -nan%                0         -nan%
LOW_CONF_COUNT_RET_7                                 0         -nan%                0         -nan%
LOW_CONF_COUNT_RET_8                                 0         -nan%                0         -nan%
LOW_CONF_COUNT_RET_9                                 0         -nan%                0         -nan%
LOW_CONF_COUNT_RET_10                                0         -nan%                0         -nan%
LOW_CONF_COUNT_RET_11                                0         -nan%                0         -nan%
LOW_CONF_COUNT_RET_12                                0         -nan%                0         -nan%
LOW_CONF_COUNT_RET_13                                0         -nan%                0         -nan%
LOW_CONF_COUNT_RET_14                                0         -nan%                0         -nan%
LOW_CONF_COUNT_RET_15                                0         -nan%                0         -nan%
LOW_CONF_COUNT_RET_16                                0         -nan%                0         -nan%
LOW_CONF_COUNT_RET_17                                0         -nan%                0         -nan%
LOW_CONF_COUNT_RET_18                                0         -nan%                0         -nan%
LOW_CONF_COUNT_RET_19                                0         -nan%                0         -nan%
LOW_CONF_COUNT_RET_20                                0         -nan%                0         -nan%
                                                     0         -nan%                0         -nan%
                                                  -nan         -nan              -nan         -nan

CYCLES_RESTEER_RECOVER_AT_EXEC                       0         -nan%                0         -nan%
CYCLES_RESTEER_RECOVER_AT_DECODE                     0         -nan%                0         -nan%
CYCLES_RESTEER_BTB_MISS                              0         -nan%                0         -nan%
                                                     0         -nan%                0         -nan%
                                                  -nan         -nan              -nan         -nan

CYCLES_RESTEER_RECOVER_AT_EXEC_SAVED_UC_FETCH             0         -nan%                0         -nan%
CYCLES_RESTEER_RECOVER_AT_EXEC_COULD_BE_SAVED_UC_FETCH             0         -nan%                0         -nan%
CYCLES_RESTEER_RECOVER_AT_DECODE_SAVED_UC_FETCH             0         -nan%                0         -nan%
CYCLES_RESTEER_RECOVER_AT_DECODE_COULD_BE_SAVED_UC_FETCH             0         -nan%                0         -nan%
CYCLES_RESTEER_BTB_MISS_SAVED_UC_FETCH               0         -nan%                0         -nan%
CYCLES_RESTEER_BTB_MISS_COULD_BE_SAVED_UC_FETCH             0         -nan%                0         -nan%
                                                     0         -nan%                0         -nan%
                                                  -nan         -nan              -nan         -nan

CYCLES_UOC_IC_SWITCH                                 0                              0              



