/* -*- Mode: c -*- */
####################################################################################################
Core 0
####################################################################################################
Cumulative:        Cycles: 36062423              Instructions: 89999999              IPC: 2.49567

Periodic:          Cycles: 36062423              Instructions: 89999999              IPC: 2.49567

MISS_WAIT_TIME                              3026705605                     3026705605              

ICACHE_STAGE_MISS                                  654                            654              

ICACHE_CYCLE                                  36062423                       36062423              

TCACHE_CYCLE                                         0                              0              

ICACHE_SERVING_CYCLE_ON_PATH                     78681                          78681              

ICACHE_SERVING_CYCLE_OFF_PATH                    18103                          18103              

UCACHE_SERVING_CYCLE_ON_PATH                  35628832                       35628832              

UCACHE_SERVING_CYCLE_OFF_PATH                   208636                         208636              

ICACHE_CYCLE_ONPATH                           35815586       99.316%         35815586       99.316%
ICACHE_CYCLE_OFFPATH                            246837        0.684%           246837        0.684%
                                              36062423      100.000%         36062423      100.000%
                                                  0.01         0.08              0.01         0.08

FETCH_ON_PATH                                 35823982       99.339%         35823982       99.339%
FETCH_OFF_PATH                                  238441        0.661%           238441        0.661%
                                              36062423      100.000%         36062423      100.000%
                                                  0.01         0.08              0.01         0.08

FETCHED_OPS_ON_PATH                                  0         -nan%                0         -nan%
FETCHED_OPS_OFF_PATH                                 0         -nan%                0         -nan%
                                                     0         -nan%                0         -nan%
                                                  -nan         -nan              -nan         -nan

INST_LOST_FETCH                              118356601       36.838%        118356601       36.838%
INST_LOST_OFF_PATH                             1019555        0.317%          1019555        0.317%
INST_LOST_FULL_WINDOW                         14893450        4.636%         14893450        4.636%
INST_LOST_ROB_STALL_OTHER                     94501406       29.413%         94501406       29.413%
INST_LOST_ROB_STALL_WAIT_FOR_RECOVERY                0        0.000%                0        0.000%
INST_LOST_ROB_STALL_WAIT_FOR_REDIRECT                0        0.000%                0        0.000%
INST_LOST_ROB_STALL_WAIT_FOR_GAP_FILL                0        0.000%                0        0.000%
INST_LOST_ROB_STALL_WAIT_FOR_L1_MISS                 0        0.000%                0        0.000%
INST_LOST_ROB_STALL_WAIT_FOR_MEMORY           13686074        4.260%         13686074        4.260%
INST_LOST_ROB_STALL_WAIT_FOR_DC_MISS          24360460        7.582%         24360460        7.582%
INST_LOST_ROB_BLOCK_ISSUE_FULL                       0        0.000%                0        0.000%
INST_LOST_ROB_BLOCK_ISSUE_GAP_TOO_LARGE              0        0.000%                0        0.000%
INST_LOST_BREAK_DONT                                 0        0.000%                0        0.000%
INST_LOST_BREAK_FT_UNAVAILABLE                  343595        0.107%           343595        0.107%
INST_LOST_BREAK_ICACHE_STAGE_RESTEER              3307        0.001%             3307        0.001%
INST_LOST_BREAK_ICACHE_MISS_REQ_SUCCESS           2675        0.001%             2675        0.001%
INST_LOST_BREAK_ICACHE_MISS_REQ_FAILURE             54        0.000%               54        0.000%
INST_LOST_BREAK_ICACHE_WAIT_FOR_MISS            284262        0.088%           284262        0.088%
INST_LOST_BREAK_ICACHE_STALLED                  140869        0.044%           140869        0.044%
INST_LOST_BREAK_ICACHE_TO_UOP_CACHE_SWITCH        104256        0.032%           104256        0.032%
INST_LOST_BREAK_ICACHE_READ_LIMIT                25549        0.008%            25549        0.008%
INST_LOST_BREAK_ICACHE_ISSUE_WIDTH                   0        0.000%                0        0.000%
INST_LOST_BREAK_UOP_CACHE_STALLED             33703979       10.490%         33703979       10.490%
INST_LOST_BREAK_UOP_CACHE_TO_ICACHE_SWITCH         96294        0.030%            96294        0.030%
INST_LOST_BREAK_UOP_CACHE_READ_LIMIT          19767923        6.153%         19767923        6.153%
INST_LOST_BREAK_UOP_CACHE_ISSUE_WIDTH                0        0.000%                0        0.000%
                                             321290309      100.000%        321290309      100.000%
                                                  5.84         7.22              5.84         7.22

INST_LOST_TOTAL                              288052780                      288052780              

INST_LOST_WAIT_FOR_ICACHE_MISS_NOT_PREFETCHED         66666       28.611%            66666       28.611%
INST_LOST_WAIT_FOR_ICACHE_MISS_PREFETCHED_AND_EVICTED_BY_IFETCH             0        0.000%                0        0.000%
INST_LOST_WAIT_FOR_ICACHE_MISS_PREFETCHED_AND_EVICTED_BY_FDIP             0        0.000%                0        0.000%
INST_LOST_WAIT_FOR_ICACHE_MISS_MSHR_HIT_PREF_OFFPATH          2262        0.971%             2262        0.971%
INST_LOST_WAIT_FOR_ICACHE_MISS_MSHR_HIT_PREF_ONPATH        164082       70.418%           164082       70.418%
                                                233010      100.000%           233010      100.000%
                                                  2.85         2.58              2.85         2.58

FETCH_0_OPS                                     127872        0.355%           127872        0.355%
FETCH_1_OPS                                     593483        1.646%           593483        1.646%
FETCH_2_OPS                                     121915        0.338%           121915        0.338%
FETCH_3_OPS                                     441606        1.225%           441606        1.225%
FETCH_4_OPS                                   10515170       29.158%         10515170       29.158%
FETCH_5_OPS                                     336837        0.934%           336837        0.934%
FETCH_6_OPS                                     653740        1.813%           653740        1.813%
FETCH_7_OPS                                    2423819        6.721%          2423819        6.721%
FETCH_8_OPS                                   20847981       57.811%         20847981       57.811%
FETCH_9_OPS                                          0        0.000%                0        0.000%
FETCH_10_OPS                                         0        0.000%                0        0.000%
FETCH_11_OPS                                         0        0.000%                0        0.000%
FETCH_12_OPS                                         0        0.000%                0        0.000%
FETCH_13_OPS                                         0        0.000%                0        0.000%
FETCH_14_OPS                                         0        0.000%                0        0.000%
FETCH_15_OPS                                         0        0.000%                0        0.000%
FETCH_16_OPS                                         0        0.000%                0        0.000%
                                              36062423      100.000%         36062423      100.000%
                                                  6.48         1.97              6.48         1.97

ST_BREAK_DONT                                        0        0.000%                0        0.000%
ST_BREAK_FT_UNAVAILABLE                          57287        0.159%            57287        0.159%
ST_BREAK_ICACHE_STAGE_RESTEER                      755        0.002%              755        0.002%
ST_BREAK_ICACHE_MISS_REQ_SUCCESS                   654        0.002%              654        0.002%
ST_BREAK_ICACHE_MISS_REQ_FAILURE                     9        0.000%                9        0.000%
ST_BREAK_ICACHE_WAIT_FOR_MISS                    47386        0.131%            47386        0.131%
ST_BREAK_ICACHE_STALLED                          25440        0.071%            25440        0.071%
ST_BREAK_ICACHE_TO_UOP_CACHE_SWITCH              24586        0.068%            24586        0.068%
ST_BREAK_ICACHE_READ_LIMIT                       11723        0.033%            11723        0.033%
ST_BREAK_ICACHE_ISSUE_WIDTH                      56878        0.158%            56878        0.158%
ST_BREAK_UOP_CACHE_STALLED                    18487194       51.264%         18487194       51.264%
ST_BREAK_UOP_CACHE_TO_ICACHE_SWITCH              19892        0.055%            19892        0.055%
ST_BREAK_UOP_CACHE_READ_LIMIT                  5008134       13.887%          5008134       13.887%
ST_BREAK_UOP_CACHE_ISSUE_WIDTH                12322485       34.170%         12322485       34.170%
                                              36062423      100.000%         36062423      100.000%
                                                 11.28         6.75             11.28         6.75

ORACLE_ON_PATH_INST                          118356601       99.146%        118356601       99.146%
ORACLE_OFF_PATH_INST                           1019555        0.854%          1019555        0.854%
                                             119376156      100.000%        119376156      100.000%
                                                  0.01         0.09              0.01         0.09

ORACLE_ON_PATH_INST_MEM                       37174108       31.140%         37174108       31.140%
ORACLE_ON_PATH_INST_NOTMEM                    81182493       68.006%         81182493       68.006%
ORACLE_OFF_PATH_INST_MEM                        274029        0.230%           274029        0.230%
ORACLE_OFF_PATH_INST_NOTMEM                     745526        0.625%           745526        0.625%
                                             119376156      100.000%        119376156      100.000%
                                                  0.70         0.32              0.70         0.32

ICACHE_CYCLE_NONRA_ONPATH                            0         -nan%                0         -nan%
ICACHE_CYCLE_NONRA_OFFPATH                           0         -nan%                0         -nan%
ICACHE_CYCLE_RA_ONPATH                               0         -nan%                0         -nan%
ICACHE_CYCLE_RA_OFFPATH                              0         -nan%                0         -nan%
                                                     0         -nan%                0         -nan%
                                                  -nan         -nan              -nan         -nan

ICACHE_CYCLE_ONPATH_NONRA                            0         -nan%                0         -nan%
ICACHE_CYCLE_OFFPATH_NONRA                           0         -nan%                0         -nan%
                                                     0         -nan%                0         -nan%
                                                  -nan         -nan              -nan         -nan

ICACHE_CYCLE_ONPATH_RA                               0         -nan%                0         -nan%
ICACHE_CYCLE_OFFPATH_RA                              0         -nan%                0         -nan%
                                                     0         -nan%                0         -nan%
                                                  -nan         -nan              -nan         -nan

INACCURATE_OFFPATH_CYCLES                            0        0.0000                0        0.0000

FETCH_ALL_INST                               119376156                      119376156              

EXEC_ALL_INST                                118572565                      118572565              

RET_ALL_INST                                 118356601                      118356601              

EXEC_ON_PATH_INST                            118356601       99.818%        118356601       99.818%
EXEC_OFF_PATH_INST                              215964        0.182%           215964        0.182%
                                             118572565      100.000%        118572565      100.000%
                                                  0.00         0.04              0.00         0.04

EXEC_ON_PATH_INST_MEM                         37174108       31.351%         37174108       31.351%
EXEC_ON_PATH_INST_NOTMEM                      81182493       68.467%         81182493       68.467%
EXEC_OFF_PATH_INST_MEM                           60786        0.051%            60786        0.051%
EXEC_OFF_PATH_INST_NOTMEM                       155178        0.131%           155178        0.131%
                                             118572565      100.000%        118572565      100.000%
                                                  0.69         0.27              0.69         0.27

EXEC_RA_INST                                         0         -nan%                0         -nan%
EXEC_NONRA_INST                                      0         -nan%                0         -nan%
                                                     0         -nan%                0         -nan%
                                                  -nan         -nan              -nan         -nan

EXEC_ON_PATH_INST_RA                                 0         -nan%                0         -nan%
EXEC_OFF_PATH_INST_RA                                0         -nan%                0         -nan%
                                                     0         -nan%                0         -nan%
                                                  -nan         -nan              -nan         -nan

EXEC_ON_PATH_INST_NONRA                              0         -nan%                0         -nan%
EXEC_OFF_PATH_INST_NONRA                             0         -nan%                0         -nan%
                                                     0         -nan%                0         -nan%
                                                  -nan         -nan              -nan         -nan

EXEC_RA_ON_PATH_INST                                 0         -nan%                0         -nan%
EXEC_RA_OFF_PATH_INST                                0         -nan%                0         -nan%
EXEC_NONRA_ON_PATH_INST                              0         -nan%                0         -nan%
EXEC_NONRA_OFF_PATH_INST                             0         -nan%                0         -nan%
                                                     0         -nan%                0         -nan%
                                                  -nan         -nan              -nan         -nan

ICACHE_THROTTLE_CYCLE                                0                              0              

FETCH_ENABLE_THROTTLE_OFF_PATH                       0         -nan%                0         -nan%
FETCH_ENABLE_THROTTLE_ON_PATH                        0         -nan%                0         -nan%
                                                     0         -nan%                0         -nan%
                                                  -nan         -nan              -nan         -nan

FETCH_DISABLE_THROTTLE_OFF_PATH                      0         -nan%                0         -nan%
FETCH_DISABLE_THROTTLE_ON_PATH                       0         -nan%                0         -nan%
                                                     0         -nan%                0         -nan%
                                                  -nan         -nan              -nan         -nan

FETCH_TH_ADJUST__0                                   0         -nan%                0         -nan%
FETCH_TH_ADJUST__1                                   0         -nan%                0         -nan%
FETCH_TH_ADJUST__2                                   0         -nan%                0         -nan%
FETCH_TH_ADJUST__3                                   0         -nan%                0         -nan%
FETCH_TH_ADJUST__4                                   0         -nan%                0         -nan%
FETCH_TH_ADJUST__5                                   0         -nan%                0         -nan%
FETCH_TH_ADJUST__6                                   0         -nan%                0         -nan%
FETCH_TH_ADJUST__7                                   0         -nan%                0         -nan%
FETCH_TH_ADJUST__8                                   0         -nan%                0         -nan%
FETCH_TH_ADJUST__9                                   0         -nan%                0         -nan%
FETCH_TH_ADJUST__MAX                                 0         -nan%                0         -nan%
                                                     0         -nan%                0         -nan%
                                                  -nan         -nan              -nan         -nan

FETCH_TH_ADJUST_UP                                   0         -nan%                0         -nan%
FETCH_TH_ADJUST_DOWN                                 0         -nan%                0         -nan%
FETCH_TH_ADJUST_SAME                                 0         -nan%                0         -nan%
                                                     0         -nan%                0         -nan%
                                                  -nan         -nan              -nan         -nan

THROTTLE_ADJUST_CACHE_MISS_INFO                      0                              0              

LOW_CONF_COUNT_BP_MIS_0                              0         -nan%                0         -nan%
LOW_CONF_COUNT_BP_MIS_1                              0         -nan%                0         -nan%
LOW_CONF_COUNT_BP_MIS_2                              0         -nan%                0         -nan%
LOW_CONF_COUNT_BP_MIS_3                              0         -nan%                0         -nan%
LOW_CONF_COUNT_BP_MIS_4                              0         -nan%                0         -nan%
LOW_CONF_COUNT_BP_MIS_5                              0         -nan%                0         -nan%
LOW_CONF_COUNT_BP_MIS_6                              0         -nan%                0         -nan%
LOW_CONF_COUNT_BP_MIS_7                              0         -nan%                0         -nan%
LOW_CONF_COUNT_BP_MIS_8                              0         -nan%                0         -nan%
LOW_CONF_COUNT_BP_MIS_9                              0         -nan%                0         -nan%
LOW_CONF_COUNT_BP_MIS_10                             0         -nan%                0         -nan%
LOW_CONF_COUNT_BP_MIS_11                             0         -nan%                0         -nan%
LOW_CONF_COUNT_BP_MIS_12                             0         -nan%                0         -nan%
LOW_CONF_COUNT_BP_MIS_13                             0         -nan%                0         -nan%
LOW_CONF_COUNT_BP_MIS_14                             0         -nan%                0         -nan%
LOW_CONF_COUNT_BP_MIS_15                             0         -nan%                0         -nan%
LOW_CONF_COUNT_BP_MIS_16                             0         -nan%                0         -nan%
LOW_CONF_COUNT_BP_MIS_17                             0         -nan%                0         -nan%
LOW_CONF_COUNT_BP_MIS_18                             0         -nan%                0         -nan%
LOW_CONF_COUNT_BP_MIS_19                             0         -nan%                0         -nan%
LOW_CONF_COUNT_BP_MIS_20                             0         -nan%                0         -nan%
                                                     0         -nan%                0         -nan%
                                                  -nan         -nan              -nan         -nan

LOW_CONF_COUNT_RET_0                                 0         -nan%                0         -nan%
LOW_CONF_COUNT_RET_1                                 0         -nan%                0         -nan%
LOW_CONF_COUNT_RET_2                                 0         -nan%                0         -nan%
LOW_CONF_COUNT_RET_3                                 0         -nan%                0         -nan%
LOW_CONF_COUNT_RET_4                                 0         -nan%                0         -nan%
LOW_CONF_COUNT_RET_5                                 0         -nan%                0         -nan%
LOW_CONF_COUNT_RET_6                                 0         -nan%                0         -nan%
LOW_CONF_COUNT_RET_7                                 0         -nan%                0         -nan%
LOW_CONF_COUNT_RET_8                                 0         -nan%                0         -nan%
LOW_CONF_COUNT_RET_9                                 0         -nan%                0         -nan%
LOW_CONF_COUNT_RET_10                                0         -nan%                0         -nan%
LOW_CONF_COUNT_RET_11                                0         -nan%                0         -nan%
LOW_CONF_COUNT_RET_12                                0         -nan%                0         -nan%
LOW_CONF_COUNT_RET_13                                0         -nan%                0         -nan%
LOW_CONF_COUNT_RET_14                                0         -nan%                0         -nan%
LOW_CONF_COUNT_RET_15                                0         -nan%                0         -nan%
LOW_CONF_COUNT_RET_16                                0         -nan%                0         -nan%
LOW_CONF_COUNT_RET_17                                0         -nan%                0         -nan%
LOW_CONF_COUNT_RET_18                                0         -nan%                0         -nan%
LOW_CONF_COUNT_RET_19                                0         -nan%                0         -nan%
LOW_CONF_COUNT_RET_20                                0         -nan%                0         -nan%
                                                     0         -nan%                0         -nan%
                                                  -nan         -nan              -nan         -nan

CYCLES_RESTEER_RECOVER_AT_EXEC                       0         -nan%                0         -nan%
CYCLES_RESTEER_RECOVER_AT_DECODE                     0         -nan%                0         -nan%
CYCLES_RESTEER_BTB_MISS                              0         -nan%                0         -nan%
                                                     0         -nan%                0         -nan%
                                                  -nan         -nan              -nan         -nan

CYCLES_RESTEER_RECOVER_AT_EXEC_SAVED_UC_FETCH             0         -nan%                0         -nan%
CYCLES_RESTEER_RECOVER_AT_EXEC_COULD_BE_SAVED_UC_FETCH             0         -nan%                0         -nan%
CYCLES_RESTEER_RECOVER_AT_DECODE_SAVED_UC_FETCH             0         -nan%                0         -nan%
CYCLES_RESTEER_RECOVER_AT_DECODE_COULD_BE_SAVED_UC_FETCH             0         -nan%                0         -nan%
CYCLES_RESTEER_BTB_MISS_SAVED_UC_FETCH               0         -nan%                0         -nan%
CYCLES_RESTEER_BTB_MISS_COULD_BE_SAVED_UC_FETCH             0         -nan%                0         -nan%
                                                     0         -nan%                0         -nan%
                                                  -nan         -nan              -nan         -nan

CYCLES_UOC_IC_SWITCH                                 0                              0              



