/* -*- Mode: c -*- */
####################################################################################################
Core 0
####################################################################################################
Cumulative:        Cycles: 19060527              Instructions: 30000000              IPC: 1.57393

Periodic:          Cycles: 6383957               Instructions: 9999998               IPC: 1.56643

EXECUTION_TIME                           1994986562500                  5956414687500              

SIM_HOST_WALL_SECONDS                       556.238117                     556.238117              

NODE_CYCLE                                     6383957                       19060527              

NODE_INST_COUNT                               10811182                       32438616              

NODE_INST_COUNT_FETCHED                        9999998                       30000000              

NODE_UOP_COUNT                                15929131                       47809542              

EXEC_STAGE_NO_ISSUE_STALL_CYCLE                3608592                       10894419              

EXEC_STAGE_NO_ISSUE_STALL_CYCLE_ONPATH         3341714                       10024676              

FULL_WINDOW_STALL                                99771        1.563%           519751        2.727%

FULL_WINDOW_MEM_OP                                9497       94.554%           239075       98.957%
FULL_WINDOW_FP_OP                                    0        0.000%                0        0.000%
FULL_WINDOW_OTHER_OP                               547        5.446%             2519        1.043%
                                                 10044      100.000%           241594      100.000%
                                                  0.11         0.44              0.02         0.20

RET_BLOCKED_DC_MISS                            2956504       46.311%          8711326       45.703%

RET_BLOCKED_L1_MISS                            2257462       35.361%          6634279       34.806%

RET_BLOCKED_L1_MISS_BW_PREF                          0        0.000%              206        0.001%

RET_BLOCKED_L1_ACCESS                           699063       10.950%          2077322       10.899%

RET_BLOCKED_MEM_STALL                          2257462       35.361%          6634280       34.806%

RET_BLOCKED_OFFCHIP_DEMAND                           0        0.000%                0        0.000%

OP_ISSUED                                     16636207                       50139109              

OP_RETIRED                                    15929131                       47809542              

OP_MACRO_FUSION_ONPATH                         1037699                        3112824              

OP_MACRO_FUSION_OFFPATH                         111080                         317467              

REPLAY_SIGNALED                                      0                              0              

REPLAY_COUNTED                                       0                              0              

OFF_CRITICAL_PATH                                    0         -nan%                0         -nan%
ON_CRITICAL_PATH                                     0         -nan%                0         -nan%
                                                     0         -nan%                0         -nan%
                                                  -nan         -nan              -nan         -nan

LD_NO_DEPENDENTS                                202905        8.625%           607924        8.613%
LD_DEPENDENTS                                  2149670       91.375%          6449980       91.387%
                                               2352575      100.000%          7057904      100.000%
                                                  0.91         0.88              0.91         0.88

LD_EXEC_CYCLES_0                                     0        0.000%                0        0.000%
LD_EXEC_CYCLES_1                                243912       70.859%           720859       71.129%
LD_EXEC_CYCLES_2                                 25488        7.404%            74595        7.361%
LD_EXEC_CYCLES_3                                 37679       10.946%           107119       10.570%
LD_EXEC_CYCLES_4                                 37145       10.791%           110875       10.940%
                                                344224      100.000%          1013448      100.000%
                                                  1.62         1.18              1.61         1.18

LD_EXEC_MINUS_FETCH_LATENCY                  177286560                      526919794              

LD_RETIRE_MINUS_FETCH_LATENCY                333599922                      992971021              

ICACHE_STAGE_STARVED                            270008        5.677%           808482        5.711%
ICACHE_STAGE_NOT_STARVED                       4485778       94.323%         13347143       94.289%
                                               4755786      100.000%         14155625      100.000%
                                                  0.94         0.92              0.94         0.92

ICACHE_STAGE_STALLED                           1726264       27.041%          5085374       26.680%
ICACHE_STAGE_NOT_STALLED                       3029522       47.455%          9070251       47.587%
ICACHE_STAGE_OFF_PATH                          1628171       25.504%          4904902       25.733%
                                               6383957      100.000%         19060527      100.000%
                                                  0.98         0.71              0.99         0.72

DECODE_STAGE_STARVED                           4936889       89.782%         14146139       89.729%
DECODE_STAGE_NOT_STARVED                        561854       10.218%          1619294       10.271%
                                               5498743      100.000%         15765433      100.000%
                                                  0.10         0.29              0.10         0.29

DECODE_STAGE_STALLED                            265239        4.155%           706801        3.708%
DECODE_STAGE_NOT_STALLED                       5233504       81.979%         15058632       79.004%
DECODE_STAGE_OFF_PATH                           885214       13.866%          3295094       17.288%
                                               6383957      100.000%         19060527      100.000%
                                                  1.10         0.54              1.14         0.61

UOPQ_STAGE_STARVED                             1025768       31.804%          3081925       31.889%
UOPQ_STAGE_NOT_STARVED                         2199476       68.196%          6582506       68.111%
                                               3225244      100.000%          9664431      100.000%
                                                  0.68         0.62              0.68         0.62

UOPQ_STAGE_STALLED                             1648859       25.828%          4865338       25.526%
UOPQ_STAGE_NOT_STALLED                         3225244       50.521%          9664431       50.704%
UOPQ_STAGE_OFF_PATH                            1509854       23.651%          4530758       23.770%
                                               6383957      100.000%         19060527      100.000%
                                                  0.98         0.69              0.98         0.69

RS_OP_READY_NOT_ISSUED_TOTAL                   9089553                       27177718              

RS_0_OP_READY_NOT_ISSUED                       8648164                       25846235              

RS_1_OP_READY_NOT_ISSUED                        265089                         796895              

RS_2_OP_READY_NOT_ISSUED                        176300                         534588              

RS_3_OP_READY_NOT_ISSUED                             0                              0              

RS_4_OP_READY_NOT_ISSUED                             0                              0              

RS_5_OP_READY_NOT_ISSUED                             0                              0              

RS_6_OP_READY_NOT_ISSUED                             0                              0              

RS_7_OP_READY_NOT_ISSUED                             0                              0              

RS_7_PLUS_OP_READY_NOT_ISSUED                        0                              0              

FU_IDLE_NO_READY_OPS_TOTAL                    35875703                      106155641              

FU_0_IDLE_NO_READY_OPS                         2759930                        8129961              

FU_1_IDLE_NO_READY_OPS                         2878743                        8471576              

FU_2_IDLE_NO_READY_OPS                         4432928                       13162168              

FU_3_IDLE_NO_READY_OPS                         4433608                       13162246              

FU_4_IDLE_NO_READY_OPS                         2890916                        8506746              

FU_5_IDLE_NO_READY_OPS                         2759369                        8131221              

FU_6_IDLE_NO_READY_OPS                         4197468                       12459562              

FU_7_IDLE_NO_READY_OPS                         4197464                       12457974              

FU_8_IDLE_NO_READY_OPS                         2892270                        8511431              

FU_9_IDLE_NO_READY_OPS                         4433007                       13162756              

FU_10_IDLE_NO_READY_OPS                              0                              0              

FU_11_IDLE_NO_READY_OPS                              0                              0              

FU_12_IDLE_NO_READY_OPS                              0                              0              

FU_13_IDLE_NO_READY_OPS                              0                              0              

FU_14_IDLE_NO_READY_OPS                              0                              0              

FU_15_IDLE_NO_READY_OPS                              0                              0              

FU_16_IDLE_NO_READY_OPS                              0                              0              

FU_17_IDLE_NO_READY_OPS                              0                              0              

FU_18_IDLE_NO_READY_OPS                              0                              0              

FU_19_IDLE_NO_READY_OPS                              0                              0              

FU_20_IDLE_NO_READY_OPS                              0                              0              

FU_21_IDLE_NO_READY_OPS                              0                              0              

FU_22_IDLE_NO_READY_OPS                              0                              0              

FU_23_IDLE_NO_READY_OPS                              0                              0              

FU_24_IDLE_NO_READY_OPS                              0                              0              

FU_25_IDLE_NO_READY_OPS                              0                              0              

FU_26_IDLE_NO_READY_OPS                              0                              0              

FU_27_IDLE_NO_READY_OPS                              0                              0              

FU_28_IDLE_NO_READY_OPS                              0                              0              

FU_29_IDLE_NO_READY_OPS                              0                              0              

FU_30_IDLE_NO_READY_OPS                              0                              0              

FU_31_IDLE_NO_READY_OPS                              0                              0              

FU_31_PLUS_IDLE_NO_READY_OPS                         0                              0              

MAP_STAGE_STARVED                               236871        7.537%           725943        7.647%
MAP_STAGE_NOT_STARVED                          2905848       92.463%          8767264       92.353%
                                               3142719      100.000%          9493207      100.000%
                                                  0.92         0.89              0.92         0.89

MAP_STAGE_STALLED                                25547        0.759%           111328        1.080%
MAP_STAGE_NOT_STALLED                          3117172       92.618%          9381879       90.978%
MAP_STAGE_OFF_PATH                              222891        6.623%           819024        7.942%
                                               3365610      100.000%         10312231      100.000%
                                                  1.06         0.37              1.07         0.40

MAP_STAGE_STALL_ITSELF                         3018347       47.280%          8748296       45.897%
MAP_STAGE_NOT_STALL_ITSELF                     3365610       52.720%         10312231       54.103%
                                               6383957      100.000%         19060527      100.000%
                                                  0.53         0.51              0.54         0.52

MAP_STAGE_LATE_ALLOCATE_SEND_BACK                    0                              0              

MAP_STAGE_RENAME_OP_ONPATH                    15928935                       47809542              

MAP_STAGE_RENAME_OP_OFFPATH                    1106763                        3529273              

MAP_STAGE_RENAME_INT_REG_ONPATH               12489155                       37484978              

MAP_STAGE_RENAME_INT_REG_OFFPATH                887918                        2821992              

MAP_STAGE_RENAME_VEC_REG_ONPATH                  45680                         136805              

MAP_STAGE_RENAME_VEC_REG_OFFPATH                 24113                          52413              

MAP_STAGE_RENAME_MOVE_ELIM_ONPATH                    0                              0              

MAP_STAGE_RENAME_MOVE_ELIM_OFFPATH                   0                              0              

MAP_STAGE_ONPATH_INT_REG_NUM_ALLOC            13349561                       39985916              

MAP_STAGE_ONPATH_VEC_REG_NUM_ALLOC               45680                         136801              

MAP_STAGE_ONPATH_INT_REG_NUM_SHORTLIVE         4900775                       14711102              

MAP_STAGE_ONPATH_VEC_REG_NUM_SHORTLIVE           21252                          64402              

MAP_STAGE_ONPATH_INT_REG_USE_COUNT_0           3415058                       10169411              

MAP_STAGE_ONPATH_VEC_REG_USE_COUNT_0                 0                              0              

MAP_STAGE_ONPATH_INT_REG_USE_COUNT_1           5403177                       16212180              

MAP_STAGE_ONPATH_VEC_REG_USE_COUNT_1             39470                         118162              

MAP_STAGE_ONPATH_INT_REG_USE_COUNT_2           3648315                       10954437              

MAP_STAGE_ONPATH_VEC_REG_USE_COUNT_2              5881                          17648              

MAP_STAGE_ONPATH_INT_REG_USE_COUNT_3            534805                        1605017              

MAP_STAGE_ONPATH_VEC_REG_USE_COUNT_3               329                            991              

MAP_STAGE_ONPATH_INT_REG_USE_COUNT_4            110454                         331628              

MAP_STAGE_ONPATH_VEC_REG_USE_COUNT_4                 0                              0              

MAP_STAGE_ONPATH_INT_REG_USE_COUNT_5             70383                         211408              

MAP_STAGE_ONPATH_VEC_REG_USE_COUNT_5                 0                              0              

MAP_STAGE_ONPATH_INT_REG_USE_COUNT_6             23905                          71320              

MAP_STAGE_ONPATH_VEC_REG_USE_COUNT_6                 0                              0              

MAP_STAGE_ONPATH_INT_REG_USE_COUNT_7_PLUS        143464                         430515              

MAP_STAGE_ONPATH_VEC_REG_USE_COUNT_7_PLUS             0                              0              

MAP_STAGE_ONPATH_INT_REG_CONSUME_DIST_0              0        0.0000                0        0.0000

MAP_STAGE_ONPATH_VEC_REG_CONSUME_DIST_0              0          -nan                0          -nan

MAP_STAGE_ONPATH_INT_REG_CONSUME_DIST_1              0        0.0000                0        0.0000

MAP_STAGE_ONPATH_VEC_REG_CONSUME_DIST_1              0        0.0000                0        0.0000

MAP_STAGE_ONPATH_INT_REG_CONSUME_DIST_2       11019612        3.0205         33263768        3.0366

MAP_STAGE_ONPATH_VEC_REG_CONSUME_DIST_2        1530939      260.3195          4574829      259.2265

MAP_STAGE_ONPATH_INT_REG_CONSUME_DIST_3       11804828       22.0731         35797055       22.3032

MAP_STAGE_ONPATH_VEC_REG_CONSUME_DIST_3            730        2.2188             2198        2.2180

MAP_STAGE_ONPATH_INT_REG_CONSUME_DIST_4        3809488       34.4894         11250826       33.9260

MAP_STAGE_ONPATH_VEC_REG_CONSUME_DIST_4              0          -nan                0          -nan

MAP_STAGE_ONPATH_INT_REG_CONSUME_DIST_5        3084393       43.8230          9136133       43.2156

MAP_STAGE_ONPATH_VEC_REG_CONSUME_DIST_5              0          -nan                0          -nan

MAP_STAGE_ONPATH_INT_REG_CONSUME_DIST_6         754782       31.5742          2220776       31.1382

MAP_STAGE_ONPATH_VEC_REG_CONSUME_DIST_6              0          -nan                0          -nan

MAP_STAGE_ONPATH_INT_REG_CONSUME_DIST_7_PLUS       9679559       67.4703         29503111       68.5298

MAP_STAGE_ONPATH_VEC_REG_CONSUME_DIST_7_PLUS             0          -nan                0          -nan

MAP_STAGE_INT_REG_ISSUE_READ_TOTAL_CONSUMED      19562625        5.4211         58922970        5.4085

MAP_STAGE_VEC_REG_ISSUE_READ_TOTAL_CONSUMED         65004        0.0180           184374        0.0169

MAP_STAGE_INT_REG_ISSUE_READ_MULTI_CONSUMED       9240864        2.5608         27824849        2.5540

MAP_STAGE_VEC_REG_ISSUE_READ_MULTI_CONSUMED          6604        0.0018            20115        0.0018

MAP_STAGE_INT_REG_ISSUE_READ_SAME_CYCLE_CONSUMED       4365755        1.2098         13200892        1.2117

MAP_STAGE_VEC_REG_ISSUE_READ_SAME_CYCLE_CONSUMED             2        0.0000               19        0.0000

MAP_STAGE_INT_REG_ISSUE_READ_TOTAL_CONSUMED_ONPATH      18914048        5.6600         56781499        5.6642

MAP_STAGE_VEC_REG_ISSUE_READ_TOTAL_CONSUMED_ONPATH         52219        0.0156           156436        0.0156

MAP_STAGE_INT_REG_ISSUE_READ_MULTI_CONSUMED_ONPATH       8979647        2.6871         26964976        2.6899

MAP_STAGE_VEC_REG_ISSUE_READ_MULTI_CONSUMED_ONPATH          6539        0.0020            19630        0.0020

MAP_STAGE_INT_REG_ISSUE_READ_SAME_CYCLE_CONSUMED_ONPATH       4230547        1.2660         12705178        1.2674

MAP_STAGE_VEC_REG_ISSUE_READ_SAME_CYCLE_CONSUMED_ONPATH             2        0.0000               19        0.0000

MAP_STAGE_ONPATH_INT_REG_LIFECYCLE_EMPTY     474770251                     1375359747              

MAP_STAGE_ONPATH_VEC_REG_LIFECYCLE_EMPTY       6154197                       18240500              

MAP_STAGE_ONPATH_INT_REG_LIFECYCLE_IN_USE     683360119                     1999960908              

MAP_STAGE_ONPATH_VEC_REG_LIFECYCLE_IN_USE       7909449                       23474903              

MAP_STAGE_ONPATH_INT_REG_LIFECYCLE_SPEC_RELEASE    1127906525                     3329549750              

MAP_STAGE_ONPATH_VEC_REG_LIFECYCLE_SPEC_RELEASE      32355915                       96371234              

MAP_STAGE_ONPATH_INT_REG_LIFECYCLE_NONSPEC_RELEASE    1127906525                     3329549750              

MAP_STAGE_ONPATH_VEC_REG_LIFECYCLE_NONSPEC_RELEASE      32355915                       96371234              

MAP_STAGE_ONPATH_INT_REG_LIFECYCLE_TOTAL    1127906525                     3329549750              

MAP_STAGE_ONPATH_VEC_REG_LIFECYCLE_TOTAL      32355915                       96371234              

MAP_STAGE_ONPATH_INT_REG_NUM_NONBRANCH        13349561                       39985916              

MAP_STAGE_ONPATH_VEC_REG_NUM_NONBRANCH           45680                         136801              

MAP_STAGE_ONPATH_INT_REG_NUM_NONEXCEPT        13349561                       39985916              

MAP_STAGE_ONPATH_VEC_REG_NUM_NONEXCEPT           45680                         136801              

MAP_STAGE_ONPATH_INT_REG_NUM_ATOMIC           13349561                       39985916              

MAP_STAGE_ONPATH_VEC_REG_NUM_ATOMIC              45680                         136801              

MAP_STAGE_ONPATH_INT_REG_ATOMIC_REDEFINED_DIST_TOTAL    1127906525       84.4902       3329549750       83.2681

MAP_STAGE_ONPATH_VEC_REG_ATOMIC_REDEFINED_DIST_TOTAL      32355915      708.3169         96371234      704.4629

MAP_STAGE_ONPATH_INT_REG_ATOMIC_CONSUMED_DIST_TOTAL     683360119       51.1897       1999960908       50.0166

MAP_STAGE_ONPATH_VEC_REG_ATOMIC_CONSUMED_DIST_TOTAL       7909449      173.1491         23474903      171.5989

MAP_STAGE_ONPATH_INT_REG_ATOMIC_RELEASE_DIST_TOTAL    1127906525       84.4902       3329549750       83.2681

MAP_STAGE_ONPATH_VEC_REG_ATOMIC_RELEASE_DIST_TOTAL      32355915      708.3169         96371234      704.4629

EXEC_STAGE_STARVED                             4871468       76.308%         14553062       76.352%
EXEC_STAGE_NOT_STARVED                          281092        4.403%           845390        4.435%
EXEC_STAGE_OFF_PATH                            1231397       19.289%          3662075       19.213%
                                               6383957      100.000%         19060527      100.000%
                                                  0.43         0.72              0.43         0.72

FU_BUSY_0                                      2760885                        8305977              

FU_BUSY_1                                      2168055                        6528800              

FU_BUSY_2                                       864465                        2622132              

FU_BUSY_3                                       864530                        2620850              

FU_BUSY_4                                      2042963                        6146828              

FU_BUSY_5                                      2888959                        8690943              

FU_BUSY_6                                      1120908                        3381323              

FU_BUSY_7                                      1121043                        3383764              

FU_BUSY_8                                      2112095                        6363317              

FU_BUSY_9                                       864648                        2620411              

FU_BUSY_10                                           0                              0              

FU_BUSY_11                                           0                              0              

FU_BUSY_12                                           0                              0              

FU_BUSY_13                                           0                              0              

FU_BUSY_14                                           0                              0              

FU_BUSY_15                                           0                              0              

FU_BUSY_16                                           0                              0              

FU_BUSY_17                                           0                              0              

FU_BUSY_18                                           0                              0              

FU_BUSY_19                                           0                              0              

FU_BUSY_20                                           0                              0              

FU_BUSY_21                                           0                              0              

FU_BUSY_22                                           0                              0              

FU_BUSY_23                                           0                              0              

FU_BUSY_24                                           0                              0              

FU_BUSY_25                                           0                              0              

FU_BUSY_26                                           0                              0              

FU_BUSY_27                                           0                              0              

FU_BUSY_28                                           0                              0              

FU_BUSY_29                                           0                              0              

FU_BUSY_30                                           0                              0              

FU_BUSY_31                                           0                              0              

FU_REJECTED_OP_INV_NOT_SIMD                          0        0.000%                0        0.000%
FU_REJECTED_OP_NOP_NOT_SIMD                         49        0.056%              194        0.073%
FU_REJECTED_OP_CF_NOT_SIMD                       18852       21.588%            55439       20.858%
FU_REJECTED_OP_MOV_NOT_SIMD                       3110        3.561%             9965        3.749%
FU_REJECTED_OP_CMOV_NOT_SIMD                         0        0.000%                1        0.000%
FU_REJECTED_OP_LDA_NOT_SIMD                       2243        2.568%             6183        2.326%
FU_REJECTED_OP_IMEM_NOT_SIMD                     39607       45.354%           122749       46.182%
FU_REJECTED_OP_IADD_NOT_SIMD                      8665        9.922%            26372        9.922%
FU_REJECTED_OP_IMUL_NOT_SIMD                      7956        9.110%            23946        9.009%
FU_REJECTED_OP_IDIV_NOT_SIMD                         2        0.002%               14        0.005%
FU_REJECTED_OP_ICMP_NOT_SIMD                         0        0.000%                0        0.000%
FU_REJECTED_OP_LOGIC_NOT_SIMD                      410        0.469%             1287        0.484%
FU_REJECTED_OP_SHIFT_NOT_SIMD                      238        0.273%              730        0.275%
FU_REJECTED_OP_FMEM_NOT_SIMD                      5973        6.840%            18133        6.822%
FU_REJECTED_OP_FCVT_NOT_SIMD                         0        0.000%                0        0.000%
FU_REJECTED_OP_FADD_NOT_SIMD                         0        0.000%                0        0.000%
FU_REJECTED_OP_FMUL_NOT_SIMD                         0        0.000%                0        0.000%
FU_REJECTED_OP_FMA_NOT_SIMD                          0        0.000%                0        0.000%
FU_REJECTED_OP_FDIV_NOT_SIMD                         0        0.000%                0        0.000%
FU_REJECTED_OP_FCMP_NOT_SIMD                         0        0.000%                0        0.000%
FU_REJECTED_OP_FCMOV_NOT_SIMD                        0        0.000%                0        0.000%
FU_REJECTED_OP_GATHER_NOT_SIMD                       0        0.000%                0        0.000%
FU_REJECTED_OP_SCATTER_NOT_SIMD                      0        0.000%                0        0.000%
FU_REJECTED_OP_PIPELINED_FAST_NOT_SIMD               0        0.000%                0        0.000%
FU_REJECTED_OP_PIPELINED_MEDIUM_NOT_SIMD             0        0.000%                0        0.000%
FU_REJECTED_OP_PIPELINED_SLOW_NOT_SIMD               0        0.000%                0        0.000%
FU_REJECTED_OP_NOTPIPELINED_MEDIUM_NOT_SIMD             0        0.000%                0        0.000%
FU_REJECTED_OP_NOTPIPELINED_SLOW_NOT_SIMD             0        0.000%                0        0.000%
FU_REJECTED_OP_NOTPIPELINED_VERY_SLOW_NOT_SIMD            15        0.017%               47        0.018%
FU_REJECTED_OP_INV_SIMD                              0        0.000%                0        0.000%
FU_REJECTED_OP_NOP_SIMD                              0        0.000%                0        0.000%
FU_REJECTED_OP_CF_SIMD                               0        0.000%                0        0.000%
FU_REJECTED_OP_MOV_SIMD                              0        0.000%                0        0.000%
FU_REJECTED_OP_CMOV_SIMD                             0        0.000%                0        0.000%
FU_REJECTED_OP_LDA_SIMD                              0        0.000%                0        0.000%
FU_REJECTED_OP_IMEM_SIMD                             0        0.000%                0        0.000%
FU_REJECTED_OP_IADD_SIMD                             0        0.000%                0        0.000%
FU_REJECTED_OP_IMUL_SIMD                             0        0.000%                0        0.000%
FU_REJECTED_OP_IDIV_SIMD                             0        0.000%                0        0.000%
FU_REJECTED_OP_ICMP_SIMD                             0        0.000%                0        0.000%
FU_REJECTED_OP_LOGIC_SIMD                            3        0.003%               20        0.008%
FU_REJECTED_OP_SHIFT_SIMD                            0        0.000%                0        0.000%
FU_REJECTED_OP_FMEM_SIMD                             0        0.000%                0        0.000%
FU_REJECTED_OP_FCVT_SIMD                             5        0.006%               15        0.006%
FU_REJECTED_OP_FADD_SIMD                            96        0.110%              265        0.100%
FU_REJECTED_OP_FMUL_SIMD                             0        0.000%                0        0.000%
FU_REJECTED_OP_FMA_SIMD                              0        0.000%                0        0.000%
FU_REJECTED_OP_FDIV_SIMD                             0        0.000%                0        0.000%
FU_REJECTED_OP_FCMP_SIMD                             0        0.000%                0        0.000%
FU_REJECTED_OP_FCMOV_SIMD                            0        0.000%                0        0.000%
FU_REJECTED_OP_GATHER_SIMD                           0        0.000%                0        0.000%
FU_REJECTED_OP_SCATTER_SIMD                          0        0.000%                0        0.000%
FU_REJECTED_OP_PIPELINED_FAST_SIMD                   0        0.000%                0        0.000%
FU_REJECTED_OP_PIPELINED_MEDIUM_SIMD                 0        0.000%                0        0.000%
FU_REJECTED_OP_PIPELINED_SLOW_SIMD                 104        0.119%              436        0.164%
FU_REJECTED_OP_NOTPIPELINED_MEDIUM_SIMD              0        0.000%                0        0.000%
FU_REJECTED_OP_NOTPIPELINED_SLOW_SIMD                0        0.000%                0        0.000%
FU_REJECTED_OP_NOTPIPELINED_VERY_SLOW_SIMD             0        0.000%                0        0.000%
                                                 87328      100.000%           265796      100.000%
                                                  5.91         3.52              5.95         3.63

LSQ_FULL_TOTAL                                       0                              0              

LSQ_FULL_LOAD_QUEUE                                  0                              0              

LSQ_FULL_STORE_QUEUE                                 0                              0              

OP_WAIT_0                                     11129828                       33420086              

OP_WAIT_1                                      2768932                        8280741              

OP_WAIT_2                                       534313                        1613720              

OP_WAIT_3                                       198848                         600469              

OP_WAIT_4                                       120955                         366284              

OP_WAIT_5                                        90428                         271931              

OP_WAIT_6                                        69248                         208880              

OP_WAIT_7                                        71655                         215385              

OP_WAIT_8                                        54935                         174988              

OP_WAIT_9                                        41088                         130497              

OP_WAIT_10                                       28640                          94885              

OP_WAIT_11                                       29696                          93611              

OP_WAIT_12                                       29269                          89737              

OP_WAIT_13                                       29702                          89568              

OP_WAIT_14                                       29620                          90819              

OP_WAIT_15                                       24152                          75245              

OP_WAIT_16                                       23727                          70819              

OP_WAIT_17                                       28132                          83178              

OP_WAIT_18                                       28232                          81747              

OP_WAIT_19                                       28523                          83862              

OP_WAIT_20                                       24065                          71750              

OP_WAIT_21                                       21980                          66626              

OP_WAIT_22                                       18772                          57169              

OP_WAIT_23                                       14899                          47227              

OP_WAIT_24                                       13713                          43370              

OP_WAIT_25                                       12799                          38832              

OP_WAIT_26                                       12478                          36172              

OP_WAIT_27                                       10725                          31503              

OP_WAIT_28                                        8616                          25142              

OP_WAIT_29                                        8301                          23910              

OP_WAIT_30                                        5820                          16747              

OP_WAIT_31                                      417040                        1214642              

ROW_SIZE_0                                     3432368                       10153289              

ROW_SIZE_1                                      405185                        1232625              

ROW_SIZE_2                                       76479                         232363              

ROW_SIZE_3                                       77304                         232561              

ROW_SIZE_4                                      757657                        2277617              

ROW_SIZE_5                                       66280                         201131              

ROW_SIZE_6                                       62529                         186141              

ROW_SIZE_7                                       43774                         132741              

ROW_SIZE_8                                     1386932                        4156544              

ROW_SIZE_9                                           0                              0              

ROW_SIZE_10                                          0                              0              

ROW_SIZE_11                                          0                              0              

ROW_SIZE_12                                          0                              0              

ROW_SIZE_13                                          0                              0              

ROW_SIZE_14                                          0                              0              

ROW_SIZE_15                                          0                              0              

ROW_SIZE_16                                          0                              0              

ROW_SIZE_17                                          0                              0              

ROW_SIZE_18                                          0                              0              

ROW_SIZE_19                                          0                              0              

ROW_SIZE_20                                          0                              0              

ROW_SIZE_21                                          0                              0              

ROW_SIZE_22                                          0                              0              

ROW_SIZE_23                                          0                              0              

ROW_SIZE_24                                          0                              0              

ROW_SIZE_25                                          0                              0              

ROW_SIZE_26                                          0                              0              

ROW_SIZE_27                                          0                              0              

ROW_SIZE_28                                          0                              0              

ROW_SIZE_29                                          0                              0              

ROW_SIZE_30                                          0                              0              

ROW_SIZE_31                                          0                              0              

RET_OP_EXEC_COUNT_0                                  0        0.000%                0        0.000%
RET_OP_EXEC_COUNT_1                           15929131      100.000%         47809542      100.000%
RET_OP_EXEC_COUNT_2                                  0        0.000%                0        0.000%
RET_OP_EXEC_COUNT_3                                  0        0.000%                0        0.000%
RET_OP_EXEC_COUNT_4                                  0        0.000%                0        0.000%
RET_OP_EXEC_COUNT_5                                  0        0.000%                0        0.000%
RET_OP_EXEC_COUNT_6                                  0        0.000%                0        0.000%
RET_OP_EXEC_COUNT_7                                  0        0.000%                0        0.000%
RET_OP_EXEC_COUNT_8                                  0        0.000%                0        0.000%
RET_OP_EXEC_COUNT_9                                  0        0.000%                0        0.000%
RET_OP_EXEC_COUNT_10                                 0        0.000%                0        0.000%
RET_OP_EXEC_COUNT_11                                 0        0.000%                0        0.000%
RET_OP_EXEC_COUNT_12                                 0        0.000%                0        0.000%
RET_OP_EXEC_COUNT_13                                 0        0.000%                0        0.000%
RET_OP_EXEC_COUNT_14                                 0        0.000%                0        0.000%
RET_OP_EXEC_COUNT_15                                 0        0.000%                0        0.000%
RET_OP_EXEC_COUNT_16                                 0        0.000%                0        0.000%
RET_OP_EXEC_COUNT_17                                 0        0.000%                0        0.000%
RET_OP_EXEC_COUNT_18                                 0        0.000%                0        0.000%
RET_OP_EXEC_COUNT_19                                 0        0.000%                0        0.000%
RET_OP_EXEC_COUNT_20                                 0        0.000%                0        0.000%
RET_OP_EXEC_COUNT_21                                 0        0.000%                0        0.000%
RET_OP_EXEC_COUNT_22                                 0        0.000%                0        0.000%
RET_OP_EXEC_COUNT_23                                 0        0.000%                0        0.000%
RET_OP_EXEC_COUNT_24                                 0        0.000%                0        0.000%
RET_OP_EXEC_COUNT_25                                 0        0.000%                0        0.000%
RET_OP_EXEC_COUNT_26                                 0        0.000%                0        0.000%
RET_OP_EXEC_COUNT_27                                 0        0.000%                0        0.000%
RET_OP_EXEC_COUNT_28                                 0        0.000%                0        0.000%
RET_OP_EXEC_COUNT_29                                 0        0.000%                0        0.000%
RET_OP_EXEC_COUNT_30                                 0        0.000%                0        0.000%
RET_OP_EXEC_COUNT_31                                 0        0.000%                0        0.000%
RET_OP_EXEC_COUNT_32                                 0        0.000%                0        0.000%
                                              15929131      100.000%         47809542      100.000%
                                                  1.00         0.00              1.00         0.00

RET_STALL_LENGTH_0                            15913393       99.901%         47762680       99.902%
RET_STALL_LENGTH_100                             12121        0.076%            36916        0.077%
RET_STALL_LENGTH_200                              3225        0.020%             9000        0.019%
RET_STALL_LENGTH_300                                 6        0.000%               44        0.000%
RET_STALL_LENGTH_400                                27        0.000%               43        0.000%
RET_STALL_LENGTH_500                                94        0.001%              125        0.000%
RET_STALL_LENGTH_600                                29        0.000%               39        0.000%
RET_STALL_LENGTH_700                                19        0.000%               55        0.000%
RET_STALL_LENGTH_800                                34        0.000%               84        0.000%
RET_STALL_LENGTH_900                                30        0.000%               80        0.000%
RET_STALL_LENGTH_1000                               18        0.000%               72        0.000%
RET_STALL_LENGTH_1100                               25        0.000%               84        0.000%
RET_STALL_LENGTH_1200                               77        0.000%              246        0.001%
RET_STALL_LENGTH_1300                               28        0.000%               67        0.000%
RET_STALL_LENGTH_1400                                1        0.000%                2        0.000%
RET_STALL_LENGTH_1500                                0        0.000%                0        0.000%
RET_STALL_LENGTH_1600                                0        0.000%                0        0.000%
RET_STALL_LENGTH_1700                                3        0.000%                3        0.000%
RET_STALL_LENGTH_1800                                1        0.000%                2        0.000%
RET_STALL_LENGTH_1900                                0        0.000%                0        0.000%
RET_STALL_LENGTH_2000                                0        0.000%                0        0.000%
RET_STALL_LENGTH_2100                                0        0.000%                0        0.000%
RET_STALL_LENGTH_2200                                0        0.000%                0        0.000%
RET_STALL_LENGTH_2300                                0        0.000%                0        0.000%
RET_STALL_LENGTH_2400                                0        0.000%                0        0.000%
RET_STALL_LENGTH_2500                                0        0.000%                0        0.000%
RET_STALL_LENGTH_2600                                0        0.000%                0        0.000%
RET_STALL_LENGTH_2700                                0        0.000%                0        0.000%
RET_STALL_LENGTH_2800                                0        0.000%                0        0.000%
RET_STALL_LENGTH_2900                                0        0.000%                0        0.000%
RET_STALL_LENGTH_3000                                0        0.000%                0        0.000%
RET_STALL_LENGTH_3100                                0        0.000%                0        0.000%
RET_STALL_LENGTH_3200                                0        0.000%                0        0.000%
RET_STALL_LENGTH_3300                                0        0.000%                0        0.000%
RET_STALL_LENGTH_3400                                0        0.000%                0        0.000%
RET_STALL_LENGTH_3500                                0        0.000%                0        0.000%
RET_STALL_LENGTH_3600                                0        0.000%                0        0.000%
RET_STALL_LENGTH_3700                                0        0.000%                0        0.000%
RET_STALL_LENGTH_3800                                0        0.000%                0        0.000%
RET_STALL_LENGTH_3900                                0        0.000%                0        0.000%
RET_STALL_LENGTH_4000                                0        0.000%                0        0.000%
RET_STALL_LENGTH_4100                                0        0.000%                0        0.000%
RET_STALL_LENGTH_4200                                0        0.000%                0        0.000%
RET_STALL_LENGTH_4300                                0        0.000%                0        0.000%
RET_STALL_LENGTH_4400                                0        0.000%                0        0.000%
RET_STALL_LENGTH_4500                                0        0.000%                0        0.000%
RET_STALL_LENGTH_4600                                0        0.000%                0        0.000%
RET_STALL_LENGTH_4700                                0        0.000%                0        0.000%
RET_STALL_LENGTH_4800                                0        0.000%                0        0.000%
RET_STALL_LENGTH_4900                                0        0.000%                0        0.000%
RET_STALL_LENGTH_5000                                0        0.000%                0        0.000%
                                              15929131      100.000%         47809542      100.000%
                                                  0.00         0.06              0.00         0.06

MEM_BLOCK_LENGTH_0                                   0         -nan%                2       66.667%
MEM_BLOCK_LENGTH_100                                 0         -nan%                1       33.333%
MEM_BLOCK_LENGTH_200                                 0         -nan%                0        0.000%
MEM_BLOCK_LENGTH_300                                 0         -nan%                0        0.000%
MEM_BLOCK_LENGTH_400                                 0         -nan%                0        0.000%
MEM_BLOCK_LENGTH_500                                 0         -nan%                0        0.000%
MEM_BLOCK_LENGTH_600                                 0         -nan%                0        0.000%
MEM_BLOCK_LENGTH_700                                 0         -nan%                0        0.000%
MEM_BLOCK_LENGTH_800                                 0         -nan%                0        0.000%
MEM_BLOCK_LENGTH_900                                 0         -nan%                0        0.000%
MEM_BLOCK_LENGTH_1000                                0         -nan%                0        0.000%
MEM_BLOCK_LENGTH_1100                                0         -nan%                0        0.000%
MEM_BLOCK_LENGTH_1200                                0         -nan%                0        0.000%
MEM_BLOCK_LENGTH_1300                                0         -nan%                0        0.000%
MEM_BLOCK_LENGTH_1400                                0         -nan%                0        0.000%
MEM_BLOCK_LENGTH_1500                                0         -nan%                0        0.000%
MEM_BLOCK_LENGTH_1600                                0         -nan%                0        0.000%
MEM_BLOCK_LENGTH_1700                                0         -nan%                0        0.000%
MEM_BLOCK_LENGTH_1800                                0         -nan%                0        0.000%
MEM_BLOCK_LENGTH_1900                                0         -nan%                0        0.000%
MEM_BLOCK_LENGTH_2000                                0         -nan%                0        0.000%
MEM_BLOCK_LENGTH_2100                                0         -nan%                0        0.000%
MEM_BLOCK_LENGTH_2200                                0         -nan%                0        0.000%
MEM_BLOCK_LENGTH_2300                                0         -nan%                0        0.000%
MEM_BLOCK_LENGTH_2400                                0         -nan%                0        0.000%
MEM_BLOCK_LENGTH_2500                                0         -nan%                0        0.000%
MEM_BLOCK_LENGTH_2600                                0         -nan%                0        0.000%
MEM_BLOCK_LENGTH_2700                                0         -nan%                0        0.000%
MEM_BLOCK_LENGTH_2800                                0         -nan%                0        0.000%
MEM_BLOCK_LENGTH_2900                                0         -nan%                0        0.000%
MEM_BLOCK_LENGTH_3000                                0         -nan%                0        0.000%
MEM_BLOCK_LENGTH_3100                                0         -nan%                0        0.000%
MEM_BLOCK_LENGTH_3200                                0         -nan%                0        0.000%
MEM_BLOCK_LENGTH_3300                                0         -nan%                0        0.000%
MEM_BLOCK_LENGTH_3400                                0         -nan%                0        0.000%
MEM_BLOCK_LENGTH_3500                                0         -nan%                0        0.000%
MEM_BLOCK_LENGTH_3600                                0         -nan%                0        0.000%
MEM_BLOCK_LENGTH_3700                                0         -nan%                0        0.000%
MEM_BLOCK_LENGTH_3800                                0         -nan%                0        0.000%
MEM_BLOCK_LENGTH_3900                                0         -nan%                0        0.000%
MEM_BLOCK_LENGTH_4000                                0         -nan%                0        0.000%
MEM_BLOCK_LENGTH_4100                                0         -nan%                0        0.000%
MEM_BLOCK_LENGTH_4200                                0         -nan%                0        0.000%
MEM_BLOCK_LENGTH_4300                                0         -nan%                0        0.000%
MEM_BLOCK_LENGTH_4400                                0         -nan%                0        0.000%
MEM_BLOCK_LENGTH_4500                                0         -nan%                0        0.000%
MEM_BLOCK_LENGTH_4600                                0         -nan%                0        0.000%
MEM_BLOCK_LENGTH_4700                                0         -nan%                0        0.000%
MEM_BLOCK_LENGTH_4800                                0         -nan%                0        0.000%
MEM_BLOCK_LENGTH_4900                                0         -nan%                0        0.000%
MEM_BLOCK_LENGTH_5000                                0         -nan%                0        0.000%
                                                     0         -nan%                3      100.000%
                                                  -nan         -nan              0.33         0.47

FUS_BUSY_ON_PATH                              16095676        2.5213         48313185        2.5347

FUS_BUSY_OFF_PATH                               712875        0.1117          2351160        0.1234

FU_BUSY_MEM_STALL                               117638        0.0184           360886        0.0189

FUS_EMPTY                                     47031019        7.3671        139940925        7.3419

FU_UNAVAILABLE                                   39325        0.0062           117521        0.0062

FU_MEM_UNAVAILABLE                               48003        0.0075           148275        0.0078

FU_OTHER_UNAVAILABLE                                 0        0.0000                0        0.0000

FU_REPLAY                                            0        0.0000                0        0.0000

FU_STARVED                                    47001215        7.3624        139841947        7.3367

CHIP_UTILIZATION                                     0        0.0000                0        0.0000

CYCLES_UNDER_MEM_REQ                                 0                              0              

CYCLES_UNDER_NO_MEM_REQ                              0                              0              

CYCLES_UNDER_CRITICAL_MEM_REQ                        0                              0              

CYCLES_UNDER_NONCRITICAL_MEM_REQ                     0                              0              

CHIP_UTILIZATION_UNDER_MEM_REQ                       0          -nan                0          -nan

CHIP_UTILIZATION_UNDER_NO_MEM_REQ                    0          -nan                0          -nan

CHIP_UTILIZATION_UNDER_CRITICAL_MEM_REQ              0          -nan                0          -nan

CHIP_UTILIZATION_UNDER_NONCRITICAL_MEM_REQ             0          -nan                0          -nan

CYCLES_NOT_WAITING_FOR_OFF_CHIP                      0        0.0000                0        0.0000

FUS_BUSY_NOT_WAITING_FOR_OFF_CHIP                    0          -nan                0          -nan

CYCLES_WAITING_FOR_OFF_CHIP                          0        0.0000                0        0.0000

FUS_BUSY_WAITING_FOR_OFF_CHIP                        0          -nan                0          -nan

TOTAL_OFF_CHIP_DELAYS_LEFT                           0                              0              

WRONG_IO_SCHED                                       0                              0              

DVFS_CONFIG_SWITCH                                   0                              0              

MAP_STAGE_RECEIVED_OPS_0                             0        0.000%                0        0.000%
MAP_STAGE_RECEIVED_OPS_1                         19260        0.670%            58927        0.683%
MAP_STAGE_RECEIVED_OPS_2                         18427        0.641%            55738        0.646%
MAP_STAGE_RECEIVED_OPS_3                         35657        1.241%           105153        1.218%
MAP_STAGE_RECEIVED_OPS_4                        498187       17.339%          1524405       17.660%
MAP_STAGE_RECEIVED_OPS_5                         50936        1.773%           150841        1.747%
MAP_STAGE_RECEIVED_OPS_6                       2250706       78.335%          6737136       78.047%
MAP_STAGE_RECEIVED_OPS_7                             0        0.000%                0        0.000%
MAP_STAGE_RECEIVED_OPS_8                             0        0.000%                0        0.000%
MAP_STAGE_RECEIVED_OPS_MAX                           0        0.000%                0        0.000%
                                               2873173      100.000%          8632200      100.000%
                                                  5.54         0.94              5.53         0.94

MAP_STAGE_WAIT_FOR_DECODE                            0         -nan%                0         -nan%
MAP_STAGE_CONSUME_DECODE                             0         -nan%                0         -nan%
                                                     0         -nan%                0         -nan%
                                                  -nan         -nan              -nan         -nan

MAP_STAGE_WAIT_FOR_DECODE2                           0         -nan%                0         -nan%
MAP_STAGE_CONSUME_DECODE2                            0         -nan%                0         -nan%
                                                     0         -nan%                0         -nan%
                                                  -nan         -nan              -nan         -nan

FTQ_RECOVER_EXEC                                  7287                          24039              

FTQ_RECOVER_DECODE                                   4                            202              

FTQ_OFFPATH_CYCLES                             2989881                        9042904              

FTQ_CYCLES_OFFPATH                             2989881                        9042904              

FTQ_CYCLES_ONPATH                              3394076                       10017623              

FTQ_FETCHED_INS_ONPATH                        15927789                       47807449              

FTQ_FETCHED_INS_OFFPATH                        9924182                       30576662              

FTQ_BREAK_FULL_FT_ONPATH                       2198375                        6331109              

FTQ_BREAK_FULL_FT_OFFPATH                      1529125                        4682545              

FTQ_BREAK_PRED_BR_ONPATH                             0                              0              

FTQ_BREAK_PRED_BR_OFFPATH                            0                              0              

FTQ_BREAK_BAR_FETCH_ONPATH                           0                              0              

FTQ_BREAK_BAR_FETCH_OFFPATH                          0                              0              

FTQ_BREAK_MAX_CFS_TAKEN_ONPATH                       0                              0              

FTQ_BREAK_MAX_CFS_TAKEN_OFFPATH                      0                              0              

FTQ_BREAK_MAX_FT_ONPATH                        1195660                        3686473              

FTQ_BREAK_MAX_FT_OFFPATH                       1460756                        4360359              

DFE_GEN_ON_PATH_FT                             2398033                        7199149              

DFE_GEN_OFF_PATH_FT                            1215589                        3664755              

DFE_L0_ENABLED_PREDICTIONS                    15928482                       47809542              

DFE_L0_WRONG_MAIN_CORRECT                       517631                        1517885              

DFE_L0_WRONG_MAIN_WRONG                           6566                          21890              

DFE_L0_CORRECT_MAIN_WRONG                          725                           2351              

DFE_L0_CORRECT_MAIN_CORRECT                   15403560                       46267416              

DFE_L0_WRONG_MAIN_CORRECT_RECOVERY_SCHEDULED             0                              0              

FTQ_SAW_BAR_FETCH_OFFPATH                         1852                           5764              

FTQ_SAW_BAR_FETCH_ONPATH                          3009                           8967              

DFE_CONF_0_RECOVER_AT_EXEC                           0         -nan%                0         -nan%
DFE_CONF_1_RECOVER_AT_EXEC                           0         -nan%                0         -nan%
DFE_CONF_2_RECOVER_AT_EXEC                           0         -nan%                0         -nan%
DFE_CONF_3_RECOVER_AT_EXEC                           0         -nan%                0         -nan%
DFE_CONF_0_CORRECT                                   0         -nan%                0         -nan%
DFE_CONF_1_CORRECT                                   0         -nan%                0         -nan%
DFE_CONF_2_CORRECT                                   0         -nan%                0         -nan%
DFE_CONF_3_CORRECT                                   0         -nan%                0         -nan%
                                                     0         -nan%                0         -nan%
                                                  -nan         -nan              -nan         -nan

DFE_ON_CONF_ON_OPS                                   0         -nan%                0         -nan%
DFE_ON_CONF_OFF_OPS                                  0         -nan%                0         -nan%
DFE_OFF_CONF_ON_OPS                                  0         -nan%                0         -nan%
DFE_OFF_CONF_OFF_REALISTIC_OPS                       0         -nan%                0         -nan%
DFE_OFF_CONF_OFF_PERFECT_OPS                         0         -nan%                0         -nan%
                                                     0         -nan%                0         -nan%
                                                  -nan         -nan              -nan         -nan

DFE_ON_CONF_ON_FETCH_TARGETS                         0         -nan%                0         -nan%
DFE_ON_CONF_OFF_FETCH_TARGETS                        0         -nan%                0         -nan%
DFE_OFF_CONF_ON_FETCH_TARGETS                        0         -nan%                0         -nan%
DFE_OFF_CONF_OFF_REALISTIC_FETCH_TARGETS             0         -nan%                0         -nan%
DFE_OFF_CONF_OFF_PERFECT_FETCH_TARGETS               0         -nan%                0         -nan%
                                                     0         -nan%                0         -nan%
                                                  -nan         -nan              -nan         -nan

DFE_ON_CONF_ON_CYCLES                                0         -nan%                0         -nan%
DFE_ON_CONF_OFF_CYCLES                               0         -nan%                0         -nan%
DFE_OFF_CONF_ON_CYCLES                               0         -nan%                0         -nan%
DFE_OFF_CONF_OFF_REALISTIC_CYCLES                    0         -nan%                0         -nan%
DFE_OFF_CONF_OFF_PERFECT_CYCLES                      0         -nan%                0         -nan%
                                                     0         -nan%                0         -nan%
                                                  -nan         -nan              -nan         -nan

DFE_OFF_CONF_ON_NUM_EVENTS                           0                              0              

DFE_OFF_CONF_ON_NOT_IDENTIFIED_EVENTS                0         -nan%                0         -nan%
DFE_OFF_CONF_ON_IBTB_MISS_EVENTS                     0         -nan%                0         -nan%
DFE_OFF_CONF_ON_BTB_MISS_EVENTS                      0         -nan%                0         -nan%
DFE_OFF_CONF_ON_BTB_MISS_RECOVER_AT_EXEC_EVENTS             0         -nan%                0         -nan%
DFE_OFF_CONF_ON_RECOVER_AT_EXEC_EVENTS               0         -nan%                0         -nan%
DFE_OFF_CONF_ON_RECOVER_AT_DECODE_EVENTS             0         -nan%                0         -nan%
                                                     0         -nan%                0         -nan%
                                                  -nan         -nan              -nan         -nan

DFE_OFF_CONF_ON_LATE_BTB_HIT_EVENTS                  0                              0              

DFE_OFF_CONF_ON_NOT_IDENTIFIED_CYCLES                0         -nan%                0         -nan%
DFE_OFF_CONF_ON_IBTB_MISS_CYCLES                     0         -nan%                0         -nan%
DFE_OFF_CONF_ON_BTB_MISS_CYCLES                      0         -nan%                0         -nan%
DFE_OFF_CONF_ON_BTB_MISS_RECOVER_AT_EXEC_CYCLES             0         -nan%                0         -nan%
DFE_OFF_CONF_ON_RECOVER_AT_EXEC_CYCLES               0         -nan%                0         -nan%
DFE_OFF_CONF_ON_RECOVER_AT_DECODE_CYCLES             0         -nan%                0         -nan%
                                                     0         -nan%                0         -nan%
                                                  -nan         -nan              -nan         -nan

DFE_OFF_CONF_ON_LATE_BTB_HIT_CYCLES                  0                              0              

DFE_OFF_CONF_ON_NOT_IDENTIFIED_FETCH_TARGETS             0         -nan%                0         -nan%
DFE_OFF_CONF_ON_IBTB_MISS_FETCH_TARGETS              0         -nan%                0         -nan%
DFE_OFF_CONF_ON_BTB_MISS_FETCH_TARGETS               0         -nan%                0         -nan%
DFE_OFF_CONF_ON_BTB_MISS_RECOVER_AT_EXEC_FETCH_TARGETS             0         -nan%                0         -nan%
DFE_OFF_CONF_ON_RECOVER_AT_EXEC_FETCH_TARGETS             0         -nan%                0         -nan%
DFE_OFF_CONF_ON_RECOVER_AT_DECODE_FETCH_TARGETS             0         -nan%                0         -nan%
                                                     0         -nan%                0         -nan%
                                                  -nan         -nan              -nan         -nan

DFE_OFF_CONF_ON_LATE_BTB_HIT_FETCH_TARGETS             0                              0              

DFE_OFF_CONF_ON_BP_INCORRECT_0_CONF                  0         -nan%                0         -nan%
DFE_OFF_CONF_ON_BP_INCORRECT_1_CONF                  0         -nan%                0         -nan%
DFE_OFF_CONF_ON_BP_INCORRECT_2_CONF                  0         -nan%                0         -nan%
DFE_OFF_CONF_ON_BP_INCORRECT_3_CONF                  0         -nan%                0         -nan%
                                                     0         -nan%                0         -nan%
                                                  -nan         -nan              -nan         -nan

DFE_OFF_CONF_ON_BTB_MISS_CBR_0_CONF                  0         -nan%                0         -nan%
DFE_OFF_CONF_ON_BTB_MISS_CBR_1_CONF                  0         -nan%                0         -nan%
DFE_OFF_CONF_ON_BTB_MISS_CBR_2_CONF                  0         -nan%                0         -nan%
DFE_OFF_CONF_ON_BTB_MISS_CBR_3_CONF                  0         -nan%                0         -nan%
                                                     0         -nan%                0         -nan%
                                                  -nan         -nan              -nan         -nan

DFE_OFF_CONF_ON_BTB_MISS_NOT_CF                      0         -nan%                0         -nan%
DFE_OFF_CONF_ON_BTB_MISS_CF_BR                       0         -nan%                0         -nan%
DFE_OFF_CONF_ON_BTB_MISS_CF_CBR                      0         -nan%                0         -nan%
DFE_OFF_CONF_ON_BTB_MISS_CF_CALL                     0         -nan%                0         -nan%
DFE_OFF_CONF_ON_BTB_MISS_CF_IBR                      0         -nan%                0         -nan%
DFE_OFF_CONF_ON_BTB_MISS_CF_ICALL                    0         -nan%                0         -nan%
DFE_OFF_CONF_ON_BTB_MISS_CF_ICO                      0         -nan%                0         -nan%
DFE_OFF_CONF_ON_BTB_MISS_CF_RET                      0         -nan%                0         -nan%
DFE_OFF_CONF_ON_BTB_MISS_CF_SYS                      0         -nan%                0         -nan%
                                                     0         -nan%                0         -nan%
                                                  -nan         -nan              -nan         -nan

DFE_ON_CONF_OFF_NUM_EVENTS                           0                              0              

CONF_BTB_NUM_CYCLES_OFF_PATH_EVENT                   0                              0              

DFE_ON_CONF_OFF_IBTB_MISS_BP_TAKEN                   0         -nan%                0         -nan%
DFE_ON_CONF_OFF_BTB_MISS_BP_TAKEN_CONF_0             0         -nan%                0         -nan%
DFE_ON_CONF_OFF_BTB_MISS_BP_TAKEN_CONF_1             0         -nan%                0         -nan%
DFE_ON_CONF_OFF_BTB_MISS_BP_TAKEN_CONF_2             0         -nan%                0         -nan%
DFE_ON_CONF_OFF_BTB_MISS_BP_TAKEN_CONF_3             0         -nan%                0         -nan%
DFE_ON_CONF_OFF_BTB_MISS_RATE                        0         -nan%                0         -nan%
DFE_ON_CONF_OFF_IBTB_MISS_RATE                       0         -nan%                0         -nan%
DFE_ON_CONF_OFF_RECOVER_AT_DECODE_RATE               0         -nan%                0         -nan%
DFE_ON_CONF_OFF_RECOVER_AT_EXEC_RATE                 0         -nan%                0         -nan%
DFE_ON_CONF_OFF_INV_CONF_INC                         0         -nan%                0         -nan%
DFE_ON_CONF_OFF_PERFECT_CONF                         0         -nan%                0         -nan%
                                                     0         -nan%                0         -nan%
                                                  -nan         -nan              -nan         -nan

DFE_ON_CONF_OFF_IBTB_MISS_BP_TAKEN_CYCLES             0         -nan%                0         -nan%
DFE_ON_CONF_OFF_BTB_MISS_BP_TAKEN_CONF_0_CYCLES             0         -nan%                0         -nan%
DFE_ON_CONF_OFF_BTB_MISS_BP_TAKEN_CONF_1_CYCLES             0         -nan%                0         -nan%
DFE_ON_CONF_OFF_BTB_MISS_BP_TAKEN_CONF_2_CYCLES             0         -nan%                0         -nan%
DFE_ON_CONF_OFF_BTB_MISS_BP_TAKEN_CONF_3_CYCLES             0         -nan%                0         -nan%
DFE_ON_CONF_OFF_BTB_MISS_RATE_CYCLES                 0         -nan%                0         -nan%
DFE_ON_CONF_OFF_IBTB_MISS_RATE_CYCLES                0         -nan%                0         -nan%
DFE_ON_CONF_OFF_RECOVER_AT_DECODE_RATE_CYCLES             0         -nan%                0         -nan%
DFE_ON_CONF_OFF_RECOVER_AT_EXEC_RATE_CYCLES             0         -nan%                0         -nan%
DFE_ON_CONF_OFF_INV_CONF_INC_CYCLES                  0         -nan%                0         -nan%
DFE_ON_CONF_OFF_PERFECT_CONF_CYCLES                  0         -nan%                0         -nan%
                                                     0         -nan%                0         -nan%
                                                  -nan         -nan              -nan         -nan

DFE_ON_CONF_OFF_IBTB_MISS_BP_TAKEN_FETCH_TARGETS             0         -nan%                0         -nan%
DFE_ON_CONF_OFF_BTB_MISS_BP_TAKEN_CONF_0_FETCH_TARGETS             0         -nan%                0         -nan%
DFE_ON_CONF_OFF_BTB_MISS_BP_TAKEN_CONF_1_FETCH_TARGETS             0         -nan%                0         -nan%
DFE_ON_CONF_OFF_BTB_MISS_BP_TAKEN_CONF_2_FETCH_TARGETS             0         -nan%                0         -nan%
DFE_ON_CONF_OFF_BTB_MISS_BP_TAKEN_CONF_3_FETCH_TARGETS             0         -nan%                0         -nan%
DFE_ON_CONF_OFF_BTB_MISS_RATE_FETCH_TARGETS             0         -nan%                0         -nan%
DFE_ON_CONF_OFF_IBTB_MISS_RATE_FETCH_TARGETS             0         -nan%                0         -nan%
DFE_ON_CONF_OFF_RECOVER_AT_DECODE_RATE_FETCH_TARGETS             0         -nan%                0         -nan%
DFE_ON_CONF_OFF_RECOVER_AT_EXEC_RATE_FETCH_TARGETS             0         -nan%                0         -nan%
DFE_ON_CONF_OFF_INV_CONF_INC_FETCH_TARGETS             0         -nan%                0         -nan%
DFE_ON_CONF_OFF_PERFECT_CONF_FETCH_TARGETS             0         -nan%                0         -nan%
                                                     0         -nan%                0         -nan%
                                                  -nan         -nan              -nan         -nan

CONF_OFF_IBTB_MISS_BP_TAKEN                          0         -nan%                0         -nan%
CONF_OFF_BTB_MISS_BP_TAKEN_CONF_0                    0         -nan%                0         -nan%
CONF_OFF_BTB_MISS_BP_TAKEN_CONF_1                    0         -nan%                0         -nan%
CONF_OFF_BTB_MISS_BP_TAKEN_CONF_2                    0         -nan%                0         -nan%
CONF_OFF_BTB_MISS_BP_TAKEN_CONF_3                    0         -nan%                0         -nan%
CONF_OFF_BTB_MISS_RATE                               0         -nan%                0         -nan%
CONF_OFF_IBTB_MISS_RATE                              0         -nan%                0         -nan%
CONF_OFF_RECOVER_AT_DECODE_RATE                      0         -nan%                0         -nan%
CONF_OFF_RECOVER_AT_EXEC_RATE                        0         -nan%                0         -nan%
CONF_OFF_INV_CONF_INC                                0         -nan%                0         -nan%
CONF_OFF_PERFECT_CONF                                0         -nan%                0         -nan%
                                                     0         -nan%                0         -nan%
                                                  -nan         -nan              -nan         -nan

TOPDOWN_TOTAL_SLOTS                           38303742                      114363162              

TOPDOWN_ISSUED_SLOTS                          17269760                       52100071              

TOPDOWN_RETIRED_SLOTS                         15928905                       47809542              

TOPDOWN_FETCH_BUBBLES_SLOTS                    1604907                        5068737              

TOPDOWN_RECOVERY_BUBBLES_SLOTS                 1149951                        3372403              

TOPDOWN_MEM_LOAD_STALLS_CYCLES                 2919993                        8601182              

TOPDOWN_MEM_STORE_STALLS_CYCLES                      0                              0              

TOPDOWN_EXEC_STALLS_CYCLES                     2678738                        7843514              

TOPDOWN_BACKEND_STALLS_CYCLES                  2923047                        8610472              

TOPDOWN_FETCH_BUBBLES_GT_MIW_CYCLES              99518                         326256              

TOPDOWN_BR_RECOVER_AT_EXEC_RETIRED_CYCLES          7287                          24039              

TOPDOWN_MACHINE_CLEAR_CYCLES                    524922                        1542126              

TOPDOWN_FRONTEND_BOUND                             418                            418              

TOPDOWN_BACKEND_BOUND                             4774                           4774              

TOPDOWN_BAD_SPEC_BOUND                             650                            650              

TOPDOWN_RETIRING_BOUND                            4158                           4158              

TOPDOWN_FETCH_LATENCY_BOUND                        155                            155              

TOPDOWN_FETCH_BANDWIDTH_BOUND                      263                            263              

TOPDOWN_MEM_BOUND                                 4769                           4769              

TOPDOWN_CORE_BOUND                                   5                              5              

TOPDOWN_BR_RECOVER_AT_EXEC_BOUND                     8                              8              

TOPDOWN_MACHINE_CLEARS_BOUND                       642                            642              

H2P_SEEN_MAIN                                     1321                           7668              



