/* -*- Mode: c -*- */
####################################################################################################
Core 0
####################################################################################################
Cumulative:        Cycles: 16562725              Instructions: 30000000              IPC: 1.81130

Periodic:          Cycles: 5085044               Instructions: 9999997               IPC: 1.96655

EXECUTION_TIME                           1589076250000                  5175851562500              

SIM_HOST_WALL_SECONDS                       537.420070                     537.420070              

NODE_CYCLE                                     5085044                       16562725              

NODE_INST_COUNT                               10068398                       30212888              

NODE_INST_COUNT_FETCHED                        9999997                       30000000              

NODE_UOP_COUNT                                10820287                       32469605              

EXEC_STAGE_NO_ISSUE_STALL_CYCLE                2959215                        9165469              

EXEC_STAGE_NO_ISSUE_STALL_CYCLE_ONPATH         2845078                        8786876              

FULL_WINDOW_STALL                                 3381        0.066%            19650        0.119%

FULL_WINDOW_MEM_OP                                2802      100.000%            17222       99.959%
FULL_WINDOW_FP_OP                                    0        0.000%                7        0.041%
FULL_WINDOW_OTHER_OP                                 0        0.000%                0        0.000%
                                                  2802      100.000%            17229      100.000%
                                                  0.00         0.00              0.00         0.02

RET_BLOCKED_DC_MISS                            1568392       30.843%          5480634       33.090%

RET_BLOCKED_L1_MISS                             889655       17.496%          3143394       18.979%

RET_BLOCKED_L1_MISS_BW_PREF                        248        0.005%              826        0.005%

RET_BLOCKED_L1_ACCESS                           679605       13.365%          2341134       14.135%

RET_BLOCKED_MEM_STALL                           889725       17.497%          3143620       18.980%

RET_BLOCKED_OFFCHIP_DEMAND                           0        0.000%                0        0.000%

OP_ISSUED                                     11069027                       33311376              

OP_RETIRED                                    10820287                       32469605              

OP_MACRO_FUSION_ONPATH                               0                              0              

OP_MACRO_FUSION_OFFPATH                              0                              0              

REPLAY_SIGNALED                                      0                              0              

REPLAY_COUNTED                                       0                              0              

OFF_CRITICAL_PATH                                    0         -nan%                0         -nan%
ON_CRITICAL_PATH                                     0         -nan%                0         -nan%
                                                     0         -nan%                0         -nan%
                                                  -nan         -nan              -nan         -nan

LD_NO_DEPENDENTS                                307761       14.883%           929604       14.537%
LD_DEPENDENTS                                  1760083       85.117%          5465017       85.463%
                                               2067844      100.000%          6394621      100.000%
                                                  0.85         0.80              0.85         0.80

LD_EXEC_CYCLES_0                                     0        0.000%                0        0.000%
LD_EXEC_CYCLES_1                                 12716       86.562%            15870       78.810%
LD_EXEC_CYCLES_2                                   848        5.773%             1108        5.502%
LD_EXEC_CYCLES_3                                   500        3.404%             1224        6.078%
LD_EXEC_CYCLES_4                                   626        4.261%             1935        9.609%
                                                 14690      100.000%            20137      100.000%
                                                  1.25         0.76              1.46         1.07

LD_EXEC_MINUS_FETCH_LATENCY                  310206633                     1024378925              

LD_RETIRE_MINUS_FETCH_LATENCY                415333661                     1355033616              

ICACHE_STAGE_STARVED                            307037        9.467%          1017750       10.035%
ICACHE_STAGE_NOT_STARVED                       2936035       90.533%          9123801       89.965%
                                               3243072      100.000%         10141551      100.000%
                                                  0.91         0.87              0.90         0.86

ICACHE_STAGE_STALLED                           1161947       22.850%          3766872       22.743%
ICACHE_STAGE_NOT_STALLED                       2081125       40.926%          6374679       38.488%
ICACHE_STAGE_OFF_PATH                          1841972       36.223%          6421174       38.769%
                                               5085044      100.000%         16562725      100.000%
                                                  1.13         0.86              1.16         0.90

DECODE_STAGE_STARVED                           3330267       85.361%         10483554       85.070%
DECODE_STAGE_NOT_STARVED                        571115       14.639%          1839841       14.930%
                                               3901382      100.000%         12323395      100.000%
                                                  0.15         0.33              0.15         0.33

DECODE_STAGE_STALLED                            665008       13.078%          2127274       12.844%
DECODE_STAGE_NOT_STALLED                       3236374       63.645%         10196121       61.561%
DECODE_STAGE_OFF_PATH                          1183662       23.277%          4239330       25.596%
                                               5085044      100.000%         16562725      100.000%
                                                  1.10         0.69              1.13         0.73

UOPQ_STAGE_STARVED                             1334671       52.095%          4383097       54.894%
UOPQ_STAGE_NOT_STARVED                         1227345       47.905%          3601503       45.106%
                                               2562016      100.000%          7984600      100.000%
                                                  0.48         0.49              0.45         0.48

UOPQ_STAGE_STALLED                             1064899       20.942%          3477129       20.994%
UOPQ_STAGE_NOT_STALLED                         2562016       50.383%          7984600       48.208%
UOPQ_STAGE_OFF_PATH                            1458129       28.675%          5100996       30.798%
                                               5085044      100.000%         16562725      100.000%
                                                  1.08         0.76              1.10         0.79

RS_OP_READY_NOT_ISSUED_TOTAL                  18732987                       47686085              

RS_0_OP_READY_NOT_ISSUED                      17521129                       43890373              

RS_1_OP_READY_NOT_ISSUED                        333430                         959933              

RS_2_OP_READY_NOT_ISSUED                        878428                        2835779              

RS_3_OP_READY_NOT_ISSUED                             0                              0              

RS_4_OP_READY_NOT_ISSUED                             0                              0              

RS_5_OP_READY_NOT_ISSUED                             0                              0              

RS_6_OP_READY_NOT_ISSUED                             0                              0              

RS_7_OP_READY_NOT_ISSUED                             0                              0              

RS_7_PLUS_OP_READY_NOT_ISSUED                        0                              0              

FU_IDLE_NO_READY_OPS_TOTAL                    30575229                      102843171              

FU_0_IDLE_NO_READY_OPS                         2300358                        7973803              

FU_1_IDLE_NO_READY_OPS                         2673575                        9211960              

FU_2_IDLE_NO_READY_OPS                         3357171                       11110560              

FU_3_IDLE_NO_READY_OPS                         3359500                       11111810              

FU_4_IDLE_NO_READY_OPS                         2686187                        9253173              

FU_5_IDLE_NO_READY_OPS                         2275572                        7890510              

FU_6_IDLE_NO_READY_OPS                         3944491                       12980455              

FU_7_IDLE_NO_READY_OPS                         3945439                       12980365              

FU_8_IDLE_NO_READY_OPS                         2675646                        9221409              

FU_9_IDLE_NO_READY_OPS                         3357290                       11109126              

FU_10_IDLE_NO_READY_OPS                              0                              0              

FU_11_IDLE_NO_READY_OPS                              0                              0              

FU_12_IDLE_NO_READY_OPS                              0                              0              

FU_13_IDLE_NO_READY_OPS                              0                              0              

FU_14_IDLE_NO_READY_OPS                              0                              0              

FU_15_IDLE_NO_READY_OPS                              0                              0              

FU_16_IDLE_NO_READY_OPS                              0                              0              

FU_17_IDLE_NO_READY_OPS                              0                              0              

FU_18_IDLE_NO_READY_OPS                              0                              0              

FU_19_IDLE_NO_READY_OPS                              0                              0              

FU_20_IDLE_NO_READY_OPS                              0                              0              

FU_21_IDLE_NO_READY_OPS                              0                              0              

FU_22_IDLE_NO_READY_OPS                              0                              0              

FU_23_IDLE_NO_READY_OPS                              0                              0              

FU_24_IDLE_NO_READY_OPS                              0                              0              

FU_25_IDLE_NO_READY_OPS                              0                              0              

FU_26_IDLE_NO_READY_OPS                              0                              0              

FU_27_IDLE_NO_READY_OPS                              0                              0              

FU_28_IDLE_NO_READY_OPS                              0                              0              

FU_29_IDLE_NO_READY_OPS                              0                              0              

FU_30_IDLE_NO_READY_OPS                              0                              0              

FU_31_IDLE_NO_READY_OPS                              0                              0              

FU_31_PLUS_IDLE_NO_READY_OPS                         0                              0              

MAP_STAGE_STARVED                               478276       17.687%          1630519       19.500%
MAP_STAGE_NOT_STARVED                          2225779       82.313%          6731109       80.500%
                                               2704055      100.000%          8361628      100.000%
                                                  0.82         0.76              0.80         0.74

MAP_STAGE_STALLED                               213310        6.712%           643243        6.436%
MAP_STAGE_NOT_STALLED                          2490745       78.370%          7718385       77.229%
MAP_STAGE_OFF_PATH                              474131       14.918%          1632462       16.334%
                                               3178186      100.000%          9994090      100.000%
                                                  1.08         0.55              1.10         0.58

MAP_STAGE_STALL_ITSELF                         1906858       37.499%          6568635       39.659%
MAP_STAGE_NOT_STALL_ITSELF                     3178186       62.501%          9994090       60.341%
                                               5085044      100.000%         16562725      100.000%
                                                  0.63         0.58              0.60         0.56

MAP_STAGE_LATE_ALLOCATE_SEND_BACK                    0                              0              

MAP_STAGE_RENAME_OP_ONPATH                    10820103                       32469605              

MAP_STAGE_RENAME_OP_OFFPATH                    1940134                        6656912              

MAP_STAGE_RENAME_INT_REG_ONPATH                6227497                       18883913              

MAP_STAGE_RENAME_INT_REG_OFFPATH               1095519                        3693638              

MAP_STAGE_RENAME_VEC_REG_ONPATH                  73962                         229273              

MAP_STAGE_RENAME_VEC_REG_OFFPATH                  8717                          27193              

MAP_STAGE_RENAME_MOVE_ELIM_ONPATH                    0                              0              

MAP_STAGE_RENAME_MOVE_ELIM_OFFPATH                   0                              0              

MAP_STAGE_ONPATH_INT_REG_NUM_ALLOC             6246309                       18907805              

MAP_STAGE_ONPATH_VEC_REG_NUM_ALLOC               73962                         229257              

MAP_STAGE_ONPATH_INT_REG_NUM_SHORTLIVE         2279524                        6639571              

MAP_STAGE_ONPATH_VEC_REG_NUM_SHORTLIVE           42599                         131899              

MAP_STAGE_ONPATH_INT_REG_USE_COUNT_0            779414                        2387504              

MAP_STAGE_ONPATH_VEC_REG_USE_COUNT_0              5668                          14426              

MAP_STAGE_ONPATH_INT_REG_USE_COUNT_1           3427974                       10278087              

MAP_STAGE_ONPATH_VEC_REG_USE_COUNT_1             61249                         189987              

MAP_STAGE_ONPATH_INT_REG_USE_COUNT_2           1206532                        3604591              

MAP_STAGE_ONPATH_VEC_REG_USE_COUNT_2              6514                          22999              

MAP_STAGE_ONPATH_INT_REG_USE_COUNT_3            361276                        1145901              

MAP_STAGE_ONPATH_VEC_REG_USE_COUNT_3               147                            537              

MAP_STAGE_ONPATH_INT_REG_USE_COUNT_4            164889                         516250              

MAP_STAGE_ONPATH_VEC_REG_USE_COUNT_4               168                            606              

MAP_STAGE_ONPATH_INT_REG_USE_COUNT_5             79028                         257823              

MAP_STAGE_ONPATH_VEC_REG_USE_COUNT_5                 5                             19              

MAP_STAGE_ONPATH_INT_REG_USE_COUNT_6             76963                         249809              

MAP_STAGE_ONPATH_VEC_REG_USE_COUNT_6                59                            220              

MAP_STAGE_ONPATH_INT_REG_USE_COUNT_7_PLUS        150233                         467840              

MAP_STAGE_ONPATH_VEC_REG_USE_COUNT_7_PLUS           152                            463              

MAP_STAGE_ONPATH_INT_REG_CONSUME_DIST_0              0        0.0000                0        0.0000

MAP_STAGE_ONPATH_VEC_REG_CONSUME_DIST_0              0        0.0000                0        0.0000

MAP_STAGE_ONPATH_INT_REG_CONSUME_DIST_1              0        0.0000                0        0.0000

MAP_STAGE_ONPATH_VEC_REG_CONSUME_DIST_1              0        0.0000                0        0.0000

MAP_STAGE_ONPATH_INT_REG_CONSUME_DIST_2        8224503        6.8166         27467352        7.6201

MAP_STAGE_ONPATH_VEC_REG_CONSUME_DIST_2        7149389     1097.5421         24925866     1083.7804

MAP_STAGE_ONPATH_INT_REG_CONSUME_DIST_3        6227083       17.2364         21648821       18.8924

MAP_STAGE_ONPATH_VEC_REG_CONSUME_DIST_3         488320     3321.9048          3050482     5680.5996

MAP_STAGE_ONPATH_INT_REG_CONSUME_DIST_4        2738850       16.6103          8922191       17.2827

MAP_STAGE_ONPATH_VEC_REG_CONSUME_DIST_4            489        2.9107             1837        3.0314

MAP_STAGE_ONPATH_INT_REG_CONSUME_DIST_5        2363471       29.9068          7616121       29.5401

MAP_STAGE_ONPATH_VEC_REG_CONSUME_DIST_5              0        0.0000              703       37.0000

MAP_STAGE_ONPATH_INT_REG_CONSUME_DIST_6        2979144       38.7088         10377344       41.5411

MAP_STAGE_ONPATH_VEC_REG_CONSUME_DIST_6            311        5.2712             1696        7.7091

MAP_STAGE_ONPATH_INT_REG_CONSUME_DIST_7_PLUS       9967593       66.3476         31636110       67.6216

MAP_STAGE_ONPATH_VEC_REG_CONSUME_DIST_7_PLUS          3877       25.5066            11320       24.4492

MAP_STAGE_INT_REG_ISSUE_READ_TOTAL_CONSUMED      10631499        3.5927         32230291        3.5165

MAP_STAGE_VEC_REG_ISSUE_READ_TOTAL_CONSUMED         79584        0.0269           253398        0.0276

MAP_STAGE_INT_REG_ISSUE_READ_MULTI_CONSUMED       5088449        1.7195         15476805        1.6886

MAP_STAGE_VEC_REG_ISSUE_READ_MULTI_CONSUMED         11148        0.0038            37973        0.0041

MAP_STAGE_INT_REG_ISSUE_READ_SAME_CYCLE_CONSUMED       2479193        0.8378          7644741        0.8341

MAP_STAGE_VEC_REG_ISSUE_READ_SAME_CYCLE_CONSUMED          4777        0.0016            16695        0.0018

MAP_STAGE_INT_REG_ISSUE_READ_TOTAL_CONSUMED_ONPATH      10456261        3.6752         31677570        3.6051

MAP_STAGE_VEC_REG_ISSUE_READ_TOTAL_CONSUMED_ONPATH         79309        0.0279           252230        0.0287

MAP_STAGE_INT_REG_ISSUE_READ_MULTI_CONSUMED_ONPATH       4989390        1.7537         15157250        1.7250

MAP_STAGE_VEC_REG_ISSUE_READ_MULTI_CONSUMED_ONPATH         11015        0.0039            37380        0.0043

MAP_STAGE_INT_REG_ISSUE_READ_SAME_CYCLE_CONSUMED_ONPATH       2441369        0.8581          7523265        0.8562

MAP_STAGE_VEC_REG_ISSUE_READ_SAME_CYCLE_CONSUMED_ONPATH          4770        0.0017            16650        0.0019

MAP_STAGE_ONPATH_INT_REG_LIFECYCLE_EMPTY     526507082                     1760563326              

MAP_STAGE_ONPATH_VEC_REG_LIFECYCLE_EMPTY      10215327                       33695558              

MAP_STAGE_ONPATH_INT_REG_LIFECYCLE_IN_USE     653729522                     2176700473              

MAP_STAGE_ONPATH_VEC_REG_LIFECYCLE_IN_USE      18642569                       64310537              

MAP_STAGE_ONPATH_INT_REG_LIFECYCLE_SPEC_RELEASE     900289854                     2952847753              

MAP_STAGE_ONPATH_VEC_REG_LIFECYCLE_SPEC_RELEASE      95259701                      307455628              

MAP_STAGE_ONPATH_INT_REG_LIFECYCLE_NONSPEC_RELEASE     900289854                     2952847753              

MAP_STAGE_ONPATH_VEC_REG_LIFECYCLE_NONSPEC_RELEASE      95259701                      307455628              

MAP_STAGE_ONPATH_INT_REG_LIFECYCLE_TOTAL     900289854                     2952847753              

MAP_STAGE_ONPATH_VEC_REG_LIFECYCLE_TOTAL      95259701                      307455628              

MAP_STAGE_ONPATH_INT_REG_NUM_NONBRANCH         6246309                       18907805              

MAP_STAGE_ONPATH_VEC_REG_NUM_NONBRANCH           73962                         229257              

MAP_STAGE_ONPATH_INT_REG_NUM_NONEXCEPT         6246309                       18907805              

MAP_STAGE_ONPATH_VEC_REG_NUM_NONEXCEPT           73962                         229257              

MAP_STAGE_ONPATH_INT_REG_NUM_ATOMIC            6246309                       18907805              

MAP_STAGE_ONPATH_VEC_REG_NUM_ATOMIC              73962                         229257              

MAP_STAGE_ONPATH_INT_REG_ATOMIC_REDEFINED_DIST_TOTAL     900289854      144.1315       2952847753      156.1708

MAP_STAGE_ONPATH_VEC_REG_ATOMIC_REDEFINED_DIST_TOTAL      95259701     1287.9546        307455628     1341.0959

MAP_STAGE_ONPATH_INT_REG_ATOMIC_CONSUMED_DIST_TOTAL     653729522      104.6585       2176700473      115.1218

MAP_STAGE_ONPATH_VEC_REG_ATOMIC_CONSUMED_DIST_TOTAL      18642569      252.0560         64310537      280.5172

MAP_STAGE_ONPATH_INT_REG_ATOMIC_RELEASE_DIST_TOTAL     900289854      144.1315       2952847753      156.1708

MAP_STAGE_ONPATH_VEC_REG_ATOMIC_RELEASE_DIST_TOTAL      95259701     1287.9546        307455628     1341.0959

EXEC_STAGE_STARVED                             4793739       94.271%         15653569       94.511%
EXEC_STAGE_NOT_STARVED                          175377        3.449%           528960        3.194%
EXEC_STAGE_OFF_PATH                             115928        2.280%           380196        2.295%
                                               5085044      100.000%         16562725      100.000%
                                                  0.08         0.34              0.08         0.33

FU_BUSY_0                                      1864432                        5589114              

FU_BUSY_1                                      1315601                        3850524              

FU_BUSY_2                                       750603                        2317693              

FU_BUSY_3                                       748883                        2318016              

FU_BUSY_4                                      1260690                        3679976              

FU_BUSY_5                                      1978994                        5956257              

FU_BUSY_6                                       644256                        2022855              

FU_BUSY_7                                       643242                        2023154              

FU_BUSY_8                                      1306788                        3821988              

FU_BUSY_9                                       751235                        2320672              

FU_BUSY_10                                           0                              0              

FU_BUSY_11                                           0                              0              

FU_BUSY_12                                           0                              0              

FU_BUSY_13                                           0                              0              

FU_BUSY_14                                           0                              0              

FU_BUSY_15                                           0                              0              

FU_BUSY_16                                           0                              0              

FU_BUSY_17                                           0                              0              

FU_BUSY_18                                           0                              0              

FU_BUSY_19                                           0                              0              

FU_BUSY_20                                           0                              0              

FU_BUSY_21                                           0                              0              

FU_BUSY_22                                           0                              0              

FU_BUSY_23                                           0                              0              

FU_BUSY_24                                           0                              0              

FU_BUSY_25                                           0                              0              

FU_BUSY_26                                           0                              0              

FU_BUSY_27                                           0                              0              

FU_BUSY_28                                           0                              0              

FU_BUSY_29                                           0                              0              

FU_BUSY_30                                           0                              0              

FU_BUSY_31                                           0                              0              

FU_REJECTED_OP_INV_NOT_SIMD                          0        0.000%                0        0.000%
FU_REJECTED_OP_NOP_NOT_SIMD                          0        0.000%                0        0.000%
FU_REJECTED_OP_CF_NOT_SIMD                         395        0.403%             1507        0.509%
FU_REJECTED_OP_MOV_NOT_SIMD                       1691        1.727%             5543        1.870%
FU_REJECTED_OP_CMOV_NOT_SIMD                         0        0.000%                0        0.000%
FU_REJECTED_OP_LDA_NOT_SIMD                          0        0.000%                0        0.000%
FU_REJECTED_OP_IMEM_NOT_SIMD                     51404       52.506%           147502       49.774%
FU_REJECTED_OP_IADD_NOT_SIMD                     28805       29.423%            93038       31.395%
FU_REJECTED_OP_IMUL_NOT_SIMD                      4612        4.711%            15599        5.264%
FU_REJECTED_OP_IDIV_NOT_SIMD                         0        0.000%                0        0.000%
FU_REJECTED_OP_ICMP_NOT_SIMD                         0        0.000%                0        0.000%
FU_REJECTED_OP_LOGIC_NOT_SIMD                        0        0.000%                0        0.000%
FU_REJECTED_OP_SHIFT_NOT_SIMD                        0        0.000%                0        0.000%
FU_REJECTED_OP_FMEM_NOT_SIMD                         0        0.000%                0        0.000%
FU_REJECTED_OP_FCVT_NOT_SIMD                         0        0.000%                0        0.000%
FU_REJECTED_OP_FADD_NOT_SIMD                         0        0.000%                0        0.000%
FU_REJECTED_OP_FMUL_NOT_SIMD                         0        0.000%                0        0.000%
FU_REJECTED_OP_FMA_NOT_SIMD                          0        0.000%                0        0.000%
FU_REJECTED_OP_FDIV_NOT_SIMD                         0        0.000%                0        0.000%
FU_REJECTED_OP_FCMP_NOT_SIMD                         0        0.000%                0        0.000%
FU_REJECTED_OP_FCMOV_NOT_SIMD                        0        0.000%                0        0.000%
FU_REJECTED_OP_GATHER_NOT_SIMD                       0        0.000%                0        0.000%
FU_REJECTED_OP_SCATTER_NOT_SIMD                      0        0.000%                0        0.000%
FU_REJECTED_OP_PIPELINED_FAST_NOT_SIMD               0        0.000%                0        0.000%
FU_REJECTED_OP_PIPELINED_MEDIUM_NOT_SIMD             0        0.000%                0        0.000%
FU_REJECTED_OP_PIPELINED_SLOW_NOT_SIMD               0        0.000%                0        0.000%
FU_REJECTED_OP_NOTPIPELINED_MEDIUM_NOT_SIMD             0        0.000%                0        0.000%
FU_REJECTED_OP_NOTPIPELINED_SLOW_NOT_SIMD             0        0.000%                0        0.000%
FU_REJECTED_OP_NOTPIPELINED_VERY_SLOW_NOT_SIMD             0        0.000%                0        0.000%
FU_REJECTED_OP_INV_SIMD                              0        0.000%                0        0.000%
FU_REJECTED_OP_NOP_SIMD                              0        0.000%                0        0.000%
FU_REJECTED_OP_CF_SIMD                               0        0.000%                0        0.000%
FU_REJECTED_OP_MOV_SIMD                            662        0.676%             2209        0.745%
FU_REJECTED_OP_CMOV_SIMD                             0        0.000%                0        0.000%
FU_REJECTED_OP_LDA_SIMD                              0        0.000%                0        0.000%
FU_REJECTED_OP_IMEM_SIMD                             0        0.000%                0        0.000%
FU_REJECTED_OP_IADD_SIMD                             0        0.000%                0        0.000%
FU_REJECTED_OP_IMUL_SIMD                             1        0.001%                6        0.002%
FU_REJECTED_OP_IDIV_SIMD                             0        0.000%                0        0.000%
FU_REJECTED_OP_ICMP_SIMD                             0        0.000%                0        0.000%
FU_REJECTED_OP_LOGIC_SIMD                            0        0.000%                0        0.000%
FU_REJECTED_OP_SHIFT_SIMD                            0        0.000%                0        0.000%
FU_REJECTED_OP_FMEM_SIMD                             0        0.000%                0        0.000%
FU_REJECTED_OP_FCVT_SIMD                          5884        6.010%            17721        5.980%
FU_REJECTED_OP_FADD_SIMD                          4434        4.529%            13188        4.450%
FU_REJECTED_OP_FMUL_SIMD                             0        0.000%                0        0.000%
FU_REJECTED_OP_FMA_SIMD                             13        0.013%               32        0.011%
FU_REJECTED_OP_FDIV_SIMD                             0        0.000%                0        0.000%
FU_REJECTED_OP_FCMP_SIMD                             0        0.000%                0        0.000%
FU_REJECTED_OP_FCMOV_SIMD                            0        0.000%                0        0.000%
FU_REJECTED_OP_GATHER_SIMD                           0        0.000%                0        0.000%
FU_REJECTED_OP_SCATTER_SIMD                          0        0.000%                0        0.000%
FU_REJECTED_OP_PIPELINED_FAST_SIMD                   0        0.000%                0        0.000%
FU_REJECTED_OP_PIPELINED_MEDIUM_SIMD                 0        0.000%                0        0.000%
FU_REJECTED_OP_PIPELINED_SLOW_SIMD                   0        0.000%                0        0.000%
FU_REJECTED_OP_NOTPIPELINED_MEDIUM_SIMD              0        0.000%                0        0.000%
FU_REJECTED_OP_NOTPIPELINED_SLOW_SIMD                0        0.000%                0        0.000%
FU_REJECTED_OP_NOTPIPELINED_VERY_SLOW_SIMD             0        0.000%                0        0.000%
                                                 97901      100.000%           296345      100.000%
                                                 10.45        11.55             10.45        11.51

LSQ_FULL_TOTAL                                  268897                         815954              

LSQ_FULL_LOAD_QUEUE                                  0                              0              

LSQ_FULL_STORE_QUEUE                            268897                         815954              

OP_WAIT_0                                      6584728                       19954477              

OP_WAIT_1                                      1714902                        5281658              

OP_WAIT_2                                       347354                        1011433              

OP_WAIT_3                                       165407                         483732              

OP_WAIT_4                                        98784                         290147              

OP_WAIT_5                                        77252                         236374              

OP_WAIT_6                                        61409                         187481              

OP_WAIT_7                                        45291                         139486              

OP_WAIT_8                                        39566                         113021              

OP_WAIT_9                                        39547                         112685              

OP_WAIT_10                                       29320                          86319              

OP_WAIT_11                                       23978                          71060              

OP_WAIT_12                                       23357                          67895              

OP_WAIT_13                                       24633                          69078              

OP_WAIT_14                                       31015                          89964              

OP_WAIT_15                                       39716                         111570              

OP_WAIT_16                                       45275                         122906              

OP_WAIT_17                                       42775                         114082              

OP_WAIT_18                                       44987                         117197              

OP_WAIT_19                                       42366                         115258              

OP_WAIT_20                                       42910                         117305              

OP_WAIT_21                                       43762                         121708              

OP_WAIT_22                                       45557                         129291              

OP_WAIT_23                                       44365                         123989              

OP_WAIT_24                                       41746                         114206              

OP_WAIT_25                                       42318                         113792              

OP_WAIT_26                                       48266                         131272              

OP_WAIT_27                                       47395                         126759              

OP_WAIT_28                                       45533                         121711              

OP_WAIT_29                                       44347                         122599              

OP_WAIT_30                                       41323                         110876              

OP_WAIT_31                                      811103                        2360274              

ROW_SIZE_0                                     3071749                       10405688              

ROW_SIZE_1                                      364329                        1179044              

ROW_SIZE_2                                      120734                         387090              

ROW_SIZE_3                                       88034                         277439              

ROW_SIZE_4                                      127913                         374287              

ROW_SIZE_5                                      104948                         287738              

ROW_SIZE_6                                       97642                         253124              

ROW_SIZE_7                                       30776                          95878              

ROW_SIZE_8                                     1014089                        3069792              

ROW_SIZE_9                                           0                              0              

ROW_SIZE_10                                          0                              0              

ROW_SIZE_11                                          0                              0              

ROW_SIZE_12                                          0                              0              

ROW_SIZE_13                                          0                              0              

ROW_SIZE_14                                          0                              0              

ROW_SIZE_15                                          0                              0              

ROW_SIZE_16                                          0                              0              

ROW_SIZE_17                                          0                              0              

ROW_SIZE_18                                          0                              0              

ROW_SIZE_19                                          0                              0              

ROW_SIZE_20                                          0                              0              

ROW_SIZE_21                                          0                              0              

ROW_SIZE_22                                          0                              0              

ROW_SIZE_23                                          0                              0              

ROW_SIZE_24                                          0                              0              

ROW_SIZE_25                                          0                              0              

ROW_SIZE_26                                          0                              0              

ROW_SIZE_27                                          0                              0              

ROW_SIZE_28                                          0                              0              

ROW_SIZE_29                                          0                              0              

ROW_SIZE_30                                          0                              0              

ROW_SIZE_31                                          0                              0              

RET_OP_EXEC_COUNT_0                                  0        0.000%                0        0.000%
RET_OP_EXEC_COUNT_1                           10820287      100.000%         32469605      100.000%
RET_OP_EXEC_COUNT_2                                  0        0.000%                0        0.000%
RET_OP_EXEC_COUNT_3                                  0        0.000%                0        0.000%
RET_OP_EXEC_COUNT_4                                  0        0.000%                0        0.000%
RET_OP_EXEC_COUNT_5                                  0        0.000%                0        0.000%
RET_OP_EXEC_COUNT_6                                  0        0.000%                0        0.000%
RET_OP_EXEC_COUNT_7                                  0        0.000%                0        0.000%
RET_OP_EXEC_COUNT_8                                  0        0.000%                0        0.000%
RET_OP_EXEC_COUNT_9                                  0        0.000%                0        0.000%
RET_OP_EXEC_COUNT_10                                 0        0.000%                0        0.000%
RET_OP_EXEC_COUNT_11                                 0        0.000%                0        0.000%
RET_OP_EXEC_COUNT_12                                 0        0.000%                0        0.000%
RET_OP_EXEC_COUNT_13                                 0        0.000%                0        0.000%
RET_OP_EXEC_COUNT_14                                 0        0.000%                0        0.000%
RET_OP_EXEC_COUNT_15                                 0        0.000%                0        0.000%
RET_OP_EXEC_COUNT_16                                 0        0.000%                0        0.000%
RET_OP_EXEC_COUNT_17                                 0        0.000%                0        0.000%
RET_OP_EXEC_COUNT_18                                 0        0.000%                0        0.000%
RET_OP_EXEC_COUNT_19                                 0        0.000%                0        0.000%
RET_OP_EXEC_COUNT_20                                 0        0.000%                0        0.000%
RET_OP_EXEC_COUNT_21                                 0        0.000%                0        0.000%
RET_OP_EXEC_COUNT_22                                 0        0.000%                0        0.000%
RET_OP_EXEC_COUNT_23                                 0        0.000%                0        0.000%
RET_OP_EXEC_COUNT_24                                 0        0.000%                0        0.000%
RET_OP_EXEC_COUNT_25                                 0        0.000%                0        0.000%
RET_OP_EXEC_COUNT_26                                 0        0.000%                0        0.000%
RET_OP_EXEC_COUNT_27                                 0        0.000%                0        0.000%
RET_OP_EXEC_COUNT_28                                 0        0.000%                0        0.000%
RET_OP_EXEC_COUNT_29                                 0        0.000%                0        0.000%
RET_OP_EXEC_COUNT_30                                 0        0.000%                0        0.000%
RET_OP_EXEC_COUNT_31                                 0        0.000%                0        0.000%
RET_OP_EXEC_COUNT_32                                 0        0.000%                0        0.000%
                                              10820287      100.000%         32469605      100.000%
                                                  1.00         0.00              1.00         0.00

RET_STALL_LENGTH_0                            10813986       99.942%         32446116       99.928%
RET_STALL_LENGTH_100                              6028        0.056%            22630        0.070%
RET_STALL_LENGTH_200                                85        0.001%              330        0.001%
RET_STALL_LENGTH_300                                15        0.000%               42        0.000%
RET_STALL_LENGTH_400                                28        0.000%               69        0.000%
RET_STALL_LENGTH_500                                38        0.000%               62        0.000%
RET_STALL_LENGTH_600                                14        0.000%               33        0.000%
RET_STALL_LENGTH_700                                 4        0.000%               20        0.000%
RET_STALL_LENGTH_800                                 9        0.000%               20        0.000%
RET_STALL_LENGTH_900                                12        0.000%               42        0.000%
RET_STALL_LENGTH_1000                                7        0.000%               28        0.000%
RET_STALL_LENGTH_1100                               16        0.000%               51        0.000%
RET_STALL_LENGTH_1200                               35        0.000%              115        0.000%
RET_STALL_LENGTH_1300                                8        0.000%               43        0.000%
RET_STALL_LENGTH_1400                                1        0.000%                2        0.000%
RET_STALL_LENGTH_1500                                0        0.000%                0        0.000%
RET_STALL_LENGTH_1600                                0        0.000%                0        0.000%
RET_STALL_LENGTH_1700                                1        0.000%                2        0.000%
RET_STALL_LENGTH_1800                                0        0.000%                0        0.000%
RET_STALL_LENGTH_1900                                0        0.000%                0        0.000%
RET_STALL_LENGTH_2000                                0        0.000%                0        0.000%
RET_STALL_LENGTH_2100                                0        0.000%                0        0.000%
RET_STALL_LENGTH_2200                                0        0.000%                0        0.000%
RET_STALL_LENGTH_2300                                0        0.000%                0        0.000%
RET_STALL_LENGTH_2400                                0        0.000%                0        0.000%
RET_STALL_LENGTH_2500                                0        0.000%                0        0.000%
RET_STALL_LENGTH_2600                                0        0.000%                0        0.000%
RET_STALL_LENGTH_2700                                0        0.000%                0        0.000%
RET_STALL_LENGTH_2800                                0        0.000%                0        0.000%
RET_STALL_LENGTH_2900                                0        0.000%                0        0.000%
RET_STALL_LENGTH_3000                                0        0.000%                0        0.000%
RET_STALL_LENGTH_3100                                0        0.000%                0        0.000%
RET_STALL_LENGTH_3200                                0        0.000%                0        0.000%
RET_STALL_LENGTH_3300                                0        0.000%                0        0.000%
RET_STALL_LENGTH_3400                                0        0.000%                0        0.000%
RET_STALL_LENGTH_3500                                0        0.000%                0        0.000%
RET_STALL_LENGTH_3600                                0        0.000%                0        0.000%
RET_STALL_LENGTH_3700                                0        0.000%                0        0.000%
RET_STALL_LENGTH_3800                                0        0.000%                0        0.000%
RET_STALL_LENGTH_3900                                0        0.000%                0        0.000%
RET_STALL_LENGTH_4000                                0        0.000%                0        0.000%
RET_STALL_LENGTH_4100                                0        0.000%                0        0.000%
RET_STALL_LENGTH_4200                                0        0.000%                0        0.000%
RET_STALL_LENGTH_4300                                0        0.000%                0        0.000%
RET_STALL_LENGTH_4400                                0        0.000%                0        0.000%
RET_STALL_LENGTH_4500                                0        0.000%                0        0.000%
RET_STALL_LENGTH_4600                                0        0.000%                0        0.000%
RET_STALL_LENGTH_4700                                0        0.000%                0        0.000%
RET_STALL_LENGTH_4800                                0        0.000%                0        0.000%
RET_STALL_LENGTH_4900                                0        0.000%                0        0.000%
RET_STALL_LENGTH_5000                                0        0.000%                0        0.000%
                                              10820287      100.000%         32469605      100.000%
                                                  0.00         0.04              0.00         0.05

MEM_BLOCK_LENGTH_0                                  14      100.000%               47       97.917%
MEM_BLOCK_LENGTH_100                                 0        0.000%                1        2.083%
MEM_BLOCK_LENGTH_200                                 0        0.000%                0        0.000%
MEM_BLOCK_LENGTH_300                                 0        0.000%                0        0.000%
MEM_BLOCK_LENGTH_400                                 0        0.000%                0        0.000%
MEM_BLOCK_LENGTH_500                                 0        0.000%                0        0.000%
MEM_BLOCK_LENGTH_600                                 0        0.000%                0        0.000%
MEM_BLOCK_LENGTH_700                                 0        0.000%                0        0.000%
MEM_BLOCK_LENGTH_800                                 0        0.000%                0        0.000%
MEM_BLOCK_LENGTH_900                                 0        0.000%                0        0.000%
MEM_BLOCK_LENGTH_1000                                0        0.000%                0        0.000%
MEM_BLOCK_LENGTH_1100                                0        0.000%                0        0.000%
MEM_BLOCK_LENGTH_1200                                0        0.000%                0        0.000%
MEM_BLOCK_LENGTH_1300                                0        0.000%                0        0.000%
MEM_BLOCK_LENGTH_1400                                0        0.000%                0        0.000%
MEM_BLOCK_LENGTH_1500                                0        0.000%                0        0.000%
MEM_BLOCK_LENGTH_1600                                0        0.000%                0        0.000%
MEM_BLOCK_LENGTH_1700                                0        0.000%                0        0.000%
MEM_BLOCK_LENGTH_1800                                0        0.000%                0        0.000%
MEM_BLOCK_LENGTH_1900                                0        0.000%                0        0.000%
MEM_BLOCK_LENGTH_2000                                0        0.000%                0        0.000%
MEM_BLOCK_LENGTH_2100                                0        0.000%                0        0.000%
MEM_BLOCK_LENGTH_2200                                0        0.000%                0        0.000%
MEM_BLOCK_LENGTH_2300                                0        0.000%                0        0.000%
MEM_BLOCK_LENGTH_2400                                0        0.000%                0        0.000%
MEM_BLOCK_LENGTH_2500                                0        0.000%                0        0.000%
MEM_BLOCK_LENGTH_2600                                0        0.000%                0        0.000%
MEM_BLOCK_LENGTH_2700                                0        0.000%                0        0.000%
MEM_BLOCK_LENGTH_2800                                0        0.000%                0        0.000%
MEM_BLOCK_LENGTH_2900                                0        0.000%                0        0.000%
MEM_BLOCK_LENGTH_3000                                0        0.000%                0        0.000%
MEM_BLOCK_LENGTH_3100                                0        0.000%                0        0.000%
MEM_BLOCK_LENGTH_3200                                0        0.000%                0        0.000%
MEM_BLOCK_LENGTH_3300                                0        0.000%                0        0.000%
MEM_BLOCK_LENGTH_3400                                0        0.000%                0        0.000%
MEM_BLOCK_LENGTH_3500                                0        0.000%                0        0.000%
MEM_BLOCK_LENGTH_3600                                0        0.000%                0        0.000%
MEM_BLOCK_LENGTH_3700                                0        0.000%                0        0.000%
MEM_BLOCK_LENGTH_3800                                0        0.000%                0        0.000%
MEM_BLOCK_LENGTH_3900                                0        0.000%                0        0.000%
MEM_BLOCK_LENGTH_4000                                0        0.000%                0        0.000%
MEM_BLOCK_LENGTH_4100                                0        0.000%                0        0.000%
MEM_BLOCK_LENGTH_4200                                0        0.000%                0        0.000%
MEM_BLOCK_LENGTH_4300                                0        0.000%                0        0.000%
MEM_BLOCK_LENGTH_4400                                0        0.000%                0        0.000%
MEM_BLOCK_LENGTH_4500                                0        0.000%                0        0.000%
MEM_BLOCK_LENGTH_4600                                0        0.000%                0        0.000%
MEM_BLOCK_LENGTH_4700                                0        0.000%                0        0.000%
MEM_BLOCK_LENGTH_4800                                0        0.000%                0        0.000%
MEM_BLOCK_LENGTH_4900                                0        0.000%                0        0.000%
MEM_BLOCK_LENGTH_5000                                0        0.000%                0        0.000%
                                                    14      100.000%               48      100.000%
                                                  0.00         0.00              0.02         0.14

FUS_BUSY_ON_PATH                              11012209        2.1656         33044328        1.9951

FUS_BUSY_OFF_PATH                               252515        0.0497           855921        0.0517

FU_BUSY_MEM_STALL                               195697        0.0385           588873        0.0356

FUS_EMPTY                                     39585716        7.7847        131727001        7.9532

FU_UNAVAILABLE                                    8177        0.0016            27841        0.0017

FU_MEM_UNAVAILABLE                               89724        0.0176           268504        0.0162

FU_OTHER_UNAVAILABLE                                 0        0.0000                0        0.0000

FU_REPLAY                                            0        0.0000                0        0.0000

FU_STARVED                                    39514073        7.7706        131483090        7.9385

CHIP_UTILIZATION                                     0        0.0000                0        0.0000

CYCLES_UNDER_MEM_REQ                                 0                              0              

CYCLES_UNDER_NO_MEM_REQ                              0                              0              

CYCLES_UNDER_CRITICAL_MEM_REQ                        0                              0              

CYCLES_UNDER_NONCRITICAL_MEM_REQ                     0                              0              

CHIP_UTILIZATION_UNDER_MEM_REQ                       0          -nan                0          -nan

CHIP_UTILIZATION_UNDER_NO_MEM_REQ                    0          -nan                0          -nan

CHIP_UTILIZATION_UNDER_CRITICAL_MEM_REQ              0          -nan                0          -nan

CHIP_UTILIZATION_UNDER_NONCRITICAL_MEM_REQ             0          -nan                0          -nan

CYCLES_NOT_WAITING_FOR_OFF_CHIP                      0        0.0000                0        0.0000

FUS_BUSY_NOT_WAITING_FOR_OFF_CHIP                    0          -nan                0          -nan

CYCLES_WAITING_FOR_OFF_CHIP                          0        0.0000                0        0.0000

FUS_BUSY_WAITING_FOR_OFF_CHIP                        0          -nan                0          -nan

TOTAL_OFF_CHIP_DELAYS_LEFT                           0                              0              

WRONG_IO_SCHED                                       0                              0              

DVFS_CONFIG_SWITCH                                   0                              0              

MAP_STAGE_RECEIVED_OPS_0                             0        0.000%                0        0.000%
MAP_STAGE_RECEIVED_OPS_1                         83676        4.220%           263758        4.408%
MAP_STAGE_RECEIVED_OPS_2                         62760        3.165%           204426        3.416%
MAP_STAGE_RECEIVED_OPS_3                         66248        3.341%           216072        3.611%
MAP_STAGE_RECEIVED_OPS_4                         97375        4.911%           313840        5.244%
MAP_STAGE_RECEIVED_OPS_5                         54567        2.752%           170055        2.842%
MAP_STAGE_RECEIVED_OPS_6                       1618022       81.609%          4816079       80.480%
MAP_STAGE_RECEIVED_OPS_7                             0        0.000%                0        0.000%
MAP_STAGE_RECEIVED_OPS_8                             0        0.000%                0        0.000%
MAP_STAGE_RECEIVED_OPS_MAX                           0        0.000%                0        0.000%
                                               1982648      100.000%          5984230      100.000%
                                                  5.44         1.33              5.40         1.36

MAP_STAGE_WAIT_FOR_DECODE                            0         -nan%                0         -nan%
MAP_STAGE_CONSUME_DECODE                             0         -nan%                0         -nan%
                                                     0         -nan%                0         -nan%
                                                  -nan         -nan              -nan         -nan

MAP_STAGE_WAIT_FOR_DECODE2                           0         -nan%                0         -nan%
MAP_STAGE_CONSUME_DECODE2                            0         -nan%                0         -nan%
                                                     0         -nan%                0         -nan%
                                                  -nan         -nan              -nan         -nan

FTQ_RECOVER_EXEC                                 30715                         106828              

FTQ_RECOVER_DECODE                                 164                           1332              

FTQ_OFFPATH_CYCLES                             3343266                       11397912              

FTQ_CYCLES_OFFPATH                             3343266                       11397912              

FTQ_CYCLES_ONPATH                              1741778                        5164813              

FTQ_FETCHED_INS_ONPATH                        10820020                       32469588              

FTQ_FETCHED_INS_OFFPATH                       12517029                       41770533              

FTQ_BREAK_FULL_FT_ONPATH                        673552                        1921827              

FTQ_BREAK_FULL_FT_OFFPATH                      1818092                        6370637              

FTQ_BREAK_PRED_BR_ONPATH                             0                              0              

FTQ_BREAK_PRED_BR_OFFPATH                            0                              0              

FTQ_BREAK_BAR_FETCH_ONPATH                           0                              0              

FTQ_BREAK_BAR_FETCH_OFFPATH                          0                              0              

FTQ_BREAK_MAX_CFS_TAKEN_ONPATH                       0                              0              

FTQ_BREAK_MAX_CFS_TAKEN_OFFPATH                      0                              0              

FTQ_BREAK_MAX_FT_ONPATH                        1067408                        3242168              

FTQ_BREAK_MAX_FT_OFFPATH                       1525174                        5027275              

DFE_GEN_ON_PATH_FT                             1598547                        4825734              

DFE_GEN_OFF_PATH_FT                            1588643                        5264305              

DFE_L0_ENABLED_PREDICTIONS                    10820024                       32469605              

DFE_L0_WRONG_MAIN_CORRECT                       345183                        1085930              

DFE_L0_WRONG_MAIN_WRONG                          18624                          65036              

DFE_L0_CORRECT_MAIN_WRONG                        12255                          43124              

DFE_L0_CORRECT_MAIN_CORRECT                   10443962                       31275515              

DFE_L0_WRONG_MAIN_CORRECT_RECOVERY_SCHEDULED             0                              0              

FTQ_SAW_BAR_FETCH_OFFPATH                            0                              0              

FTQ_SAW_BAR_FETCH_ONPATH                             0                              0              

DFE_CONF_0_RECOVER_AT_EXEC                           0         -nan%                0         -nan%
DFE_CONF_1_RECOVER_AT_EXEC                           0         -nan%                0         -nan%
DFE_CONF_2_RECOVER_AT_EXEC                           0         -nan%                0         -nan%
DFE_CONF_3_RECOVER_AT_EXEC                           0         -nan%                0         -nan%
DFE_CONF_0_CORRECT                                   0         -nan%                0         -nan%
DFE_CONF_1_CORRECT                                   0         -nan%                0         -nan%
DFE_CONF_2_CORRECT                                   0         -nan%                0         -nan%
DFE_CONF_3_CORRECT                                   0         -nan%                0         -nan%
                                                     0         -nan%                0         -nan%
                                                  -nan         -nan              -nan         -nan

DFE_ON_CONF_ON_OPS                                   0         -nan%                0         -nan%
DFE_ON_CONF_OFF_OPS                                  0         -nan%                0         -nan%
DFE_OFF_CONF_ON_OPS                                  0         -nan%                0         -nan%
DFE_OFF_CONF_OFF_REALISTIC_OPS                       0         -nan%                0         -nan%
DFE_OFF_CONF_OFF_PERFECT_OPS                         0         -nan%                0         -nan%
                                                     0         -nan%                0         -nan%
                                                  -nan         -nan              -nan         -nan

DFE_ON_CONF_ON_FETCH_TARGETS                         0         -nan%                0         -nan%
DFE_ON_CONF_OFF_FETCH_TARGETS                        0         -nan%                0         -nan%
DFE_OFF_CONF_ON_FETCH_TARGETS                        0         -nan%                0         -nan%
DFE_OFF_CONF_OFF_REALISTIC_FETCH_TARGETS             0         -nan%                0         -nan%
DFE_OFF_CONF_OFF_PERFECT_FETCH_TARGETS               0         -nan%                0         -nan%
                                                     0         -nan%                0         -nan%
                                                  -nan         -nan              -nan         -nan

DFE_ON_CONF_ON_CYCLES                                0         -nan%                0         -nan%
DFE_ON_CONF_OFF_CYCLES                               0         -nan%                0         -nan%
DFE_OFF_CONF_ON_CYCLES                               0         -nan%                0         -nan%
DFE_OFF_CONF_OFF_REALISTIC_CYCLES                    0         -nan%                0         -nan%
DFE_OFF_CONF_OFF_PERFECT_CYCLES                      0         -nan%                0         -nan%
                                                     0         -nan%                0         -nan%
                                                  -nan         -nan              -nan         -nan

DFE_OFF_CONF_ON_NUM_EVENTS                           0                              0              

DFE_OFF_CONF_ON_NOT_IDENTIFIED_EVENTS                0         -nan%                0         -nan%
DFE_OFF_CONF_ON_IBTB_MISS_EVENTS                     0         -nan%                0         -nan%
DFE_OFF_CONF_ON_BTB_MISS_EVENTS                      0         -nan%                0         -nan%
DFE_OFF_CONF_ON_BTB_MISS_RECOVER_AT_EXEC_EVENTS             0         -nan%                0         -nan%
DFE_OFF_CONF_ON_RECOVER_AT_EXEC_EVENTS               0         -nan%                0         -nan%
DFE_OFF_CONF_ON_RECOVER_AT_DECODE_EVENTS             0         -nan%                0         -nan%
                                                     0         -nan%                0         -nan%
                                                  -nan         -nan              -nan         -nan

DFE_OFF_CONF_ON_LATE_BTB_HIT_EVENTS                  0                              0              

DFE_OFF_CONF_ON_NOT_IDENTIFIED_CYCLES                0         -nan%                0         -nan%
DFE_OFF_CONF_ON_IBTB_MISS_CYCLES                     0         -nan%                0         -nan%
DFE_OFF_CONF_ON_BTB_MISS_CYCLES                      0         -nan%                0         -nan%
DFE_OFF_CONF_ON_BTB_MISS_RECOVER_AT_EXEC_CYCLES             0         -nan%                0         -nan%
DFE_OFF_CONF_ON_RECOVER_AT_EXEC_CYCLES               0         -nan%                0         -nan%
DFE_OFF_CONF_ON_RECOVER_AT_DECODE_CYCLES             0         -nan%                0         -nan%
                                                     0         -nan%                0         -nan%
                                                  -nan         -nan              -nan         -nan

DFE_OFF_CONF_ON_LATE_BTB_HIT_CYCLES                  0                              0              

DFE_OFF_CONF_ON_NOT_IDENTIFIED_FETCH_TARGETS             0         -nan%                0         -nan%
DFE_OFF_CONF_ON_IBTB_MISS_FETCH_TARGETS              0         -nan%                0         -nan%
DFE_OFF_CONF_ON_BTB_MISS_FETCH_TARGETS               0         -nan%                0         -nan%
DFE_OFF_CONF_ON_BTB_MISS_RECOVER_AT_EXEC_FETCH_TARGETS             0         -nan%                0         -nan%
DFE_OFF_CONF_ON_RECOVER_AT_EXEC_FETCH_TARGETS             0         -nan%                0         -nan%
DFE_OFF_CONF_ON_RECOVER_AT_DECODE_FETCH_TARGETS             0         -nan%                0         -nan%
                                                     0         -nan%                0         -nan%
                                                  -nan         -nan              -nan         -nan

DFE_OFF_CONF_ON_LATE_BTB_HIT_FETCH_TARGETS             0                              0              

DFE_OFF_CONF_ON_BP_INCORRECT_0_CONF                  0         -nan%                0         -nan%
DFE_OFF_CONF_ON_BP_INCORRECT_1_CONF                  0         -nan%                0         -nan%
DFE_OFF_CONF_ON_BP_INCORRECT_2_CONF                  0         -nan%                0         -nan%
DFE_OFF_CONF_ON_BP_INCORRECT_3_CONF                  0         -nan%                0         -nan%
                                                     0         -nan%                0         -nan%
                                                  -nan         -nan              -nan         -nan

DFE_OFF_CONF_ON_BTB_MISS_CBR_0_CONF                  0         -nan%                0         -nan%
DFE_OFF_CONF_ON_BTB_MISS_CBR_1_CONF                  0         -nan%                0         -nan%
DFE_OFF_CONF_ON_BTB_MISS_CBR_2_CONF                  0         -nan%                0         -nan%
DFE_OFF_CONF_ON_BTB_MISS_CBR_3_CONF                  0         -nan%                0         -nan%
                                                     0         -nan%                0         -nan%
                                                  -nan         -nan              -nan         -nan

DFE_OFF_CONF_ON_BTB_MISS_NOT_CF                      0         -nan%                0         -nan%
DFE_OFF_CONF_ON_BTB_MISS_CF_BR                       0         -nan%                0         -nan%
DFE_OFF_CONF_ON_BTB_MISS_CF_CBR                      0         -nan%                0         -nan%
DFE_OFF_CONF_ON_BTB_MISS_CF_CALL                     0         -nan%                0         -nan%
DFE_OFF_CONF_ON_BTB_MISS_CF_IBR                      0         -nan%                0         -nan%
DFE_OFF_CONF_ON_BTB_MISS_CF_ICALL                    0         -nan%                0         -nan%
DFE_OFF_CONF_ON_BTB_MISS_CF_ICO                      0         -nan%                0         -nan%
DFE_OFF_CONF_ON_BTB_MISS_CF_RET                      0         -nan%                0         -nan%
DFE_OFF_CONF_ON_BTB_MISS_CF_SYS                      0         -nan%                0         -nan%
                                                     0         -nan%                0         -nan%
                                                  -nan         -nan              -nan         -nan

DFE_ON_CONF_OFF_NUM_EVENTS                           0                              0              

CONF_BTB_NUM_CYCLES_OFF_PATH_EVENT                   0                              0              

DFE_ON_CONF_OFF_IBTB_MISS_BP_TAKEN                   0         -nan%                0         -nan%
DFE_ON_CONF_OFF_BTB_MISS_BP_TAKEN_CONF_0             0         -nan%                0         -nan%
DFE_ON_CONF_OFF_BTB_MISS_BP_TAKEN_CONF_1             0         -nan%                0         -nan%
DFE_ON_CONF_OFF_BTB_MISS_BP_TAKEN_CONF_2             0         -nan%                0         -nan%
DFE_ON_CONF_OFF_BTB_MISS_BP_TAKEN_CONF_3             0         -nan%                0         -nan%
DFE_ON_CONF_OFF_BTB_MISS_RATE                        0         -nan%                0         -nan%
DFE_ON_CONF_OFF_IBTB_MISS_RATE                       0         -nan%                0         -nan%
DFE_ON_CONF_OFF_RECOVER_AT_DECODE_RATE               0         -nan%                0         -nan%
DFE_ON_CONF_OFF_RECOVER_AT_EXEC_RATE                 0         -nan%                0         -nan%
DFE_ON_CONF_OFF_INV_CONF_INC                         0         -nan%                0         -nan%
DFE_ON_CONF_OFF_PERFECT_CONF                         0         -nan%                0         -nan%
                                                     0         -nan%                0         -nan%
                                                  -nan         -nan              -nan         -nan

DFE_ON_CONF_OFF_IBTB_MISS_BP_TAKEN_CYCLES             0         -nan%                0         -nan%
DFE_ON_CONF_OFF_BTB_MISS_BP_TAKEN_CONF_0_CYCLES             0         -nan%                0         -nan%
DFE_ON_CONF_OFF_BTB_MISS_BP_TAKEN_CONF_1_CYCLES             0         -nan%                0         -nan%
DFE_ON_CONF_OFF_BTB_MISS_BP_TAKEN_CONF_2_CYCLES             0         -nan%                0         -nan%
DFE_ON_CONF_OFF_BTB_MISS_BP_TAKEN_CONF_3_CYCLES             0         -nan%                0         -nan%
DFE_ON_CONF_OFF_BTB_MISS_RATE_CYCLES                 0         -nan%                0         -nan%
DFE_ON_CONF_OFF_IBTB_MISS_RATE_CYCLES                0         -nan%                0         -nan%
DFE_ON_CONF_OFF_RECOVER_AT_DECODE_RATE_CYCLES             0         -nan%                0         -nan%
DFE_ON_CONF_OFF_RECOVER_AT_EXEC_RATE_CYCLES             0         -nan%                0         -nan%
DFE_ON_CONF_OFF_INV_CONF_INC_CYCLES                  0         -nan%                0         -nan%
DFE_ON_CONF_OFF_PERFECT_CONF_CYCLES                  0         -nan%                0         -nan%
                                                     0         -nan%                0         -nan%
                                                  -nan         -nan              -nan         -nan

DFE_ON_CONF_OFF_IBTB_MISS_BP_TAKEN_FETCH_TARGETS             0         -nan%                0         -nan%
DFE_ON_CONF_OFF_BTB_MISS_BP_TAKEN_CONF_0_FETCH_TARGETS             0         -nan%                0         -nan%
DFE_ON_CONF_OFF_BTB_MISS_BP_TAKEN_CONF_1_FETCH_TARGETS             0         -nan%                0         -nan%
DFE_ON_CONF_OFF_BTB_MISS_BP_TAKEN_CONF_2_FETCH_TARGETS             0         -nan%                0         -nan%
DFE_ON_CONF_OFF_BTB_MISS_BP_TAKEN_CONF_3_FETCH_TARGETS             0         -nan%                0         -nan%
DFE_ON_CONF_OFF_BTB_MISS_RATE_FETCH_TARGETS             0         -nan%                0         -nan%
DFE_ON_CONF_OFF_IBTB_MISS_RATE_FETCH_TARGETS             0         -nan%                0         -nan%
DFE_ON_CONF_OFF_RECOVER_AT_DECODE_RATE_FETCH_TARGETS             0         -nan%                0         -nan%
DFE_ON_CONF_OFF_RECOVER_AT_EXEC_RATE_FETCH_TARGETS             0         -nan%                0         -nan%
DFE_ON_CONF_OFF_INV_CONF_INC_FETCH_TARGETS             0         -nan%                0         -nan%
DFE_ON_CONF_OFF_PERFECT_CONF_FETCH_TARGETS             0         -nan%                0         -nan%
                                                     0         -nan%                0         -nan%
                                                  -nan         -nan              -nan         -nan

CONF_OFF_IBTB_MISS_BP_TAKEN                          0         -nan%                0         -nan%
CONF_OFF_BTB_MISS_BP_TAKEN_CONF_0                    0         -nan%                0         -nan%
CONF_OFF_BTB_MISS_BP_TAKEN_CONF_1                    0         -nan%                0         -nan%
CONF_OFF_BTB_MISS_BP_TAKEN_CONF_2                    0         -nan%                0         -nan%
CONF_OFF_BTB_MISS_BP_TAKEN_CONF_3                    0         -nan%                0         -nan%
CONF_OFF_BTB_MISS_RATE                               0         -nan%                0         -nan%
CONF_OFF_IBTB_MISS_RATE                              0         -nan%                0         -nan%
CONF_OFF_RECOVER_AT_DECODE_RATE                      0         -nan%                0         -nan%
CONF_OFF_RECOVER_AT_EXEC_RATE                        0         -nan%                0         -nan%
CONF_OFF_INV_CONF_INC                                0         -nan%                0         -nan%
CONF_OFF_PERFECT_CONF                                0         -nan%                0         -nan%
                                                     0         -nan%                0         -nan%
                                                  -nan         -nan              -nan         -nan

TOPDOWN_TOTAL_SLOTS                           30510264                       99376350              

TOPDOWN_ISSUED_SLOTS                          13576148                       41948912              

TOPDOWN_RETIRED_SLOTS                         10820073                       32469605              

TOPDOWN_FETCH_BUBBLES_SLOTS                    2483797                        8513711              

TOPDOWN_RECOVERY_BUBBLES_SLOTS                 1544215                        5021301              

TOPDOWN_MEM_LOAD_STALLS_CYCLES                 2003576                        6830681              

TOPDOWN_MEM_STORE_STALLS_CYCLES                      0                              0              

TOPDOWN_EXEC_STALLS_CYCLES                     2035451                        7079218              

TOPDOWN_BACKEND_STALLS_CYCLES                  2003579                        6830702              

TOPDOWN_FETCH_BUBBLES_GT_MIW_CYCLES             258719                         910781              

TOPDOWN_BR_RECOVER_AT_EXEC_RETIRED_CYCLES         30715                         106828              

TOPDOWN_MACHINE_CLEAR_CYCLES                    376062                        1194090              

TOPDOWN_FRONTEND_BOUND                             814                            814              

TOPDOWN_BACKEND_BOUND                             4231                           4231              

TOPDOWN_BAD_SPEC_BOUND                            1409                           1409              

TOPDOWN_RETIRING_BOUND                            3546                           3546              

TOPDOWN_FETCH_LATENCY_BOUND                        508                            508              

TOPDOWN_FETCH_BANDWIDTH_BOUND                      306                            306              

TOPDOWN_MEM_BOUND                                 4230                           4230              

TOPDOWN_CORE_BOUND                                   1                              1              

TOPDOWN_BR_RECOVER_AT_EXEC_BOUND                   106                            106              

TOPDOWN_MACHINE_CLEARS_BOUND                      1303                           1303              

H2P_SEEN_MAIN                                    38912                         154738              



