Scarab gitrev: a9d157f30
Scarab started at Mon Jul 20 05:28:35 2026

Initialized Ramulator. 
** Heartbeat:   1% -- { 1000000 } -- 0.00 KIPS (43.48 KIPS)
** Heartbeat:   2% -- { 2000007 } -- 43.48 KIPS (43.48 KIPS)
** Heartbeat:   3% -- { 3000011 } -- 37.04 KIPS (41.10 KIPS)
** Heartbeat:   4% -- { 4000011 } -- 37.04 KIPS (40.00 KIPS)
** Heartbeat:   5% -- { 5000012 } -- 37.04 KIPS (39.37 KIPS)
** Heartbeat:   6% -- { 6000015 } -- 37.04 KIPS (38.96 KIPS)
** Heartbeat:   7% -- { 7000018 } -- 40.00 KIPS (39.11 KIPS)
** Heartbeat:   8% -- { 8000020 } -- 50.00 KIPS (40.20 KIPS)
** Heartbeat:   9% -- { 9000023 } -- 45.45 KIPS (40.72 KIPS)
** Heartbeat:  10% -- { 10000029 } -- 50.00 KIPS (41.49 KIPS)
** Heartbeat:  12% -- { 11000034 } -- 50.00 KIPS (42.15 KIPS)
** Heartbeat:  13% -- { 12000037 } -- 55.56 KIPS (43.01 KIPS)
** Heartbeat:  14% -- { 13000042 } -- 45.45 KIPS (43.19 KIPS)
** Heartbeat:  15% -- { 14000042 } -- 52.63 KIPS (43.75 KIPS)
** Heartbeat:  16% -- { 15000045 } -- 40.00 KIPS (43.48 KIPS)
** Heartbeat:  17% -- { 16000051 } -- 41.67 KIPS (43.36 KIPS)
** Heartbeat:  18% -- { 17000053 } -- 41.67 KIPS (43.26 KIPS)
** Heartbeat:  19% -- { 18000055 } -- 41.67 KIPS (43.17 KIPS)
** Heartbeat:  20% -- { 19000059 } -- 45.45 KIPS (43.28 KIPS)
** Heartbeat:  21% -- { 20000062 } -- 58.82 KIPS (43.86 KIPS)
** Heartbeat:  23% -- { 21000064 } -- 43.48 KIPS (43.84 KIPS)
** Heartbeat:  24% -- { 22000065 } -- 43.48 KIPS (43.82 KIPS)
** Heartbeat:  25% -- { 23000067 } -- 55.56 KIPS (44.23 KIPS)
** Heartbeat:  26% -- { 24000071 } -- 45.45 KIPS (44.28 KIPS)
** Heartbeat:  27% -- { 25000071 } -- 41.67 KIPS (44.17 KIPS)
** Heartbeat:  28% -- { 26000072 } -- 41.67 KIPS (44.07 KIPS)
** Heartbeat:  29% -- { 27000073 } -- 41.67 KIPS (43.97 KIPS)
** Heartbeat:  30% -- { 28000075 } -- 41.67 KIPS (43.89 KIPS)
** Heartbeat:  31% -- { 29000075 } -- 41.67 KIPS (43.81 KIPS)
** Heartbeat:  32% -- { 30000081 } -- 41.67 KIPS (43.73 KIPS)
** Heartbeat:  34% -- { 31000085 } -- 41.67 KIPS (43.66 KIPS)
** Heartbeat:  35% -- { 32000086 } -- 41.67 KIPS (43.60 KIPS)
** Heartbeat:  36% -- { 33000089 } -- 41.67 KIPS (43.54 KIPS)
** Heartbeat:  37% -- { 34000093 } -- 43.48 KIPS (43.53 KIPS)
** Heartbeat:  38% -- { 35000099 } -- 40.00 KIPS (43.42 KIPS)
** Heartbeat:  39% -- { 36000100 } -- 41.67 KIPS (43.37 KIPS)
** Heartbeat:  40% -- { 37000102 } -- 41.67 KIPS (43.33 KIPS)
** Heartbeat:  41% -- { 38000102 } -- 41.67 KIPS (43.28 KIPS)
** Heartbeat:  42% -- { 39000106 } -- 41.67 KIPS (43.24 KIPS)
** Heartbeat:  43% -- { 40000107 } -- 40.00 KIPS (43.15 KIPS)
** Heartbeat:  45% -- { 41000107 } -- 41.67 KIPS (43.11 KIPS)
** Heartbeat:  46% -- { 42000109 } -- 41.67 KIPS (43.08 KIPS)
** Heartbeat:  47% -- { 43000111 } -- 41.67 KIPS (43.04 KIPS)
** Heartbeat:  48% -- { 44000112 } -- 40.00 KIPS (42.97 KIPS)
** Heartbeat:  49% -- { 45000112 } -- 41.67 KIPS (42.94 KIPS)
** Heartbeat:  50% -- { 46000117 } -- 41.67 KIPS (42.91 KIPS)
** Heartbeat:  51% -- { 47000124 } -- 41.67 KIPS (42.88 KIPS)
** Heartbeat:  52% -- { 48000127 } -- 41.67 KIPS (42.86 KIPS)
** Heartbeat:  53% -- { 49000130 } -- 43.48 KIPS (42.87 KIPS)
** Heartbeat:  54% -- { 50000134 } -- 40.00 KIPS (42.81 KIPS)
** Heartbeat:  56% -- { 51000135 } -- 40.00 KIPS (42.75 KIPS)
** Heartbeat:  57% -- { 52000139 } -- 40.00 KIPS (42.69 KIPS)
** Heartbeat:  58% -- { 53000144 } -- 40.00 KIPS (42.64 KIPS)
** Heartbeat:  59% -- { 54000147 } -- 40.00 KIPS (42.59 KIPS)
** Heartbeat:  60% -- { 55000147 } -- 47.62 KIPS (42.67 KIPS)
** Heartbeat:  61% -- { 56000150 } -- 52.63 KIPS (42.81 KIPS)
** Heartbeat:  62% -- { 57000152 } -- 43.48 KIPS (42.83 KIPS)
** Heartbeat:  63% -- { 58000157 } -- 41.67 KIPS (42.80 KIPS)
** Heartbeat:  64% -- { 59000163 } -- 41.67 KIPS (42.78 KIPS)
** Heartbeat:  65% -- { 60000164 } -- 40.00 KIPS (42.74 KIPS)
** Heartbeat:  67% -- { 61000171 } -- 45.45 KIPS (42.78 KIPS)
** Heartbeat:  68% -- { 62000172 } -- 40.00 KIPS (42.73 KIPS)
** Heartbeat:  69% -- { 63000176 } -- 41.67 KIPS (42.71 KIPS)
** Heartbeat:  70% -- { 64000178 } -- 40.00 KIPS (42.67 KIPS)
** Heartbeat:  71% -- { 65000184 } -- 41.67 KIPS (42.65 KIPS)
** Heartbeat:  72% -- { 66000189 } -- 40.00 KIPS (42.61 KIPS)
** Heartbeat:  73% -- { 67000189 } -- 41.67 KIPS (42.59 KIPS)
** Heartbeat:  74% -- { 68000193 } -- 45.45 KIPS (42.63 KIPS)
** Heartbeat:  75% -- { 69000195 } -- 45.45 KIPS (42.67 KIPS)
** Heartbeat:  76% -- { 70000196 } -- 41.67 KIPS (42.66 KIPS)
** Heartbeat:  78% -- { 71000199 } -- 41.67 KIPS (42.64 KIPS)
** Heartbeat:  79% -- { 72000204 } -- 50.00 KIPS (42.73 KIPS)
** Heartbeat:  80% -- { 73000205 } -- 47.62 KIPS (42.79 KIPS)
** Heartbeat:  81% -- { 74000206 } -- 50.00 KIPS (42.87 KIPS)
** Heartbeat:  82% -- { 75000211 } -- 40.00 KIPS (42.83 KIPS)
** Heartbeat:  83% -- { 76000214 } -- 50.00 KIPS (42.91 KIPS)
** Heartbeat:  84% -- { 77000220 } -- 37.04 KIPS (42.83 KIPS)
** Heartbeat:  85% -- { 78000220 } -- 40.00 KIPS (42.79 KIPS)
** Heartbeat:  86% -- { 79000226 } -- 41.67 KIPS (42.77 KIPS)
** Heartbeat:  87% -- { 80000229 } -- 45.45 KIPS (42.80 KIPS)
** Heartbeat:  89% -- { 81000231 } -- 40.00 KIPS (42.77 KIPS)
** Heartbeat:  90% -- { 82000232 } -- 41.67 KIPS (42.75 KIPS)
** Heartbeat:  91% -- { 83000235 } -- 38.46 KIPS (42.70 KIPS)
** Heartbeat:  92% -- { 84000240 } -- 38.46 KIPS (42.64 KIPS)
** Heartbeat:  93% -- { 85000241 } -- 38.46 KIPS (42.59 KIPS)
** Heartbeat:  94% -- { 86000243 } -- 55.56 KIPS (42.70 KIPS)
** Heartbeat:  95% -- { 87000248 } -- 40.00 KIPS (42.67 KIPS)
** Heartbeat:  96% -- { 88000254 } -- 40.00 KIPS (42.64 KIPS)
** Heartbeat:  97% -- { 89000256 } -- 40.00 KIPS (42.60 KIPS)
** Heartbeat:  98% -- { 90000262 } -- 40.00 KIPS (42.57 KIPS)
advanceReader: ROI end reached (ordinal 91000002 > roi_end 91000000)
Reached end of trace (last_inst) pc=0x7fa53f6d3560
** Core 0 Finished:    insts:91000000    cycles:47858226    time:14955695625000      -- 1.90 IPC (1.90 IPC) --  N/A  KIPS (42.52 KIPS)
Scarab finished at Mon Jul 20 06:04:15 2026

