/* -*- Mode: c -*- */
####################################################################################################
Core 0
####################################################################################################
Cumulative:        Cycles: 11651815              Instructions: 30000000              IPC: 2.57471

Periodic:          Cycles: 3798739               Instructions: 9999996               IPC: 2.63245

FCT_LOOKUP_HITS                                 865811                        2374977              

FCT_LOOKUP_MISSES                              1360288                        4385777              

FCT_LOOKUP_LOW_CONF                             196814                         454279              

FCT_PRELOAD_INSERTS                                  0                              0              

FCT_PRELOAD_DUPLICATE_LD1_SKIPS                      0                              0              

FCT_RUNTIME_INSERTS                                 79                            580              

FCT_RUNTIME_REPLACEMENTS                            20                             62              

FCT_RUNTIME_REINFORCEMENTS                          66                            142              

FCT_RUNTIME_CONFLICTS                                1                              1              

FCT_EVICTIONS                                       55                            176              

RLB_AGE_EVICTIONS                               248544                         754510              

RLB_CAPACITY_EVICTIONS                               0                              0              

RLB_TAG_ALIAS_MATCHES                                0                              0              

IFUSE_TRAINING_PAIRS_DISCOVERED                 307518                        1006029              

IFUSE_TRAINING_STORE_INVALIDATIONS             1670117                        5014757              

IFUSE_TRAINING_CROSS_LINE_LOADS                  14355                          44052              

TRAINING_TABLE_LOOKUPS                          307518                        1006029              

TRAINING_TABLE_HITS                              46524                         165441              

TRAINING_TABLE_MISSES                           260994                         840588              

TRAINING_TABLE_INSERTS                          260994                         840588              

TRAINING_TABLE_EVICTIONS                        260829                         839676              

TRAINING_TABLE_OBSERVATIONS                     307518                        1006029              

TRAINING_TABLE_PROMOTIONS                          165                            784              

TRAINING_TABLE_PROMOTION_REJECTS                     1                              1              

TRAINING_TABLE_PEAK_LIVE                             0                            128              

APT_LOOKUP_HITS                                 575699                        1642338              

APT_LOOKUP_MISSES                              2224346                        6754868              

APT_CONFIGURED_CAPACITY                              0                            256              

APT_INSERTS                                     668997                        1920698              

APT_EVICTIONS                                        6                            607              

APT_SAME_LD2_OVERWRITES                          65430                         205163              

APT_INSERT_FAILURES                                  0                              0              

APT_LIVE_LD2_PREDICTION_PEAK                         0                             75              

APT_LIVE_LD2_PREDICTION_OBSERVATIONS           2800045                        8397206              

APT_LIVE_LD2_PREDICTION_TOTAL                 80314783                      231369089              

APT_LIVE_LD2_PREDICTION_AVG                   80314783       28.6834        231369089       27.5531

IFUSE_INFLIGHT_CANDIDATES_OBSERVED_CYCLES       3798739                       11651815              

IFUSE_INFLIGHT_CANDIDATES_TOTAL              101230809                      295091130              

IFUSE_INFLIGHT_CANDIDATES_PER_CYCLE          101230809       26.6485        295091130       25.3258

IFUSE_INFLIGHT_FUSED_PAIRS_PEAK                  24780                          76825              

IFUSE_INFLIGHT_FUSED_PAIRS_OBSERVATIONS        2800045                        8397199              

IFUSE_INFLIGHT_FUSED_PAIRS_TOTAL          178325938537                   317333321128              

ACI_LOOKUP_HITS                                 573892                        1636288              

ACI_LOOKUP_MISSES                                   54                            164              

ACI_REPLAYED_INSERTS                                 0                              0              

ACI_EVICTIONS                                      820                           2998              

ACI_BACKING_ALLOC_FAILURES                           0                              0              

ACI_PREDICTION_INSERTS                          668997                        1920698              

ACI_SAME_CACHEBLOCK_INSERTS                     171236                         464088              

ACI_PREDICTION_INVALIDATIONS                     94284                         281392              

ACI_STALE_PREDICTION_REMOVALS                        0                              0              

IFUSE_GP_REG_OCCUPIED_PEAK                           0                            269              

IFUSE_GP_REG_OCCUPIED_OBSERVATIONS            13388267                       40088952              

IFUSE_GP_REG_OCCUPIED_TOTAL                 2579364843                     7752568033              

IFUSE_GP_REG_UTIL_PCT_TOTAL                  915047198                     2750350988              

IFUSE_EXTRA_REG_IN_USE_PEAK                          0                             31              

IFUSE_EXTRA_REG_IN_USE_OBSERVATIONS           13388267                       40088952              

IFUSE_EXTRA_REG_IN_USE_TOTAL                 177066504                      502592419              

IFUSE_LOAD1_PREDICTIONS                         668997                        1920698              

IFUSE_CORRECT_PREDICTIONS                       573849                        1636176              

IFUSE_INCORRECT_PREDICTIONS                         97                            276              

IFUSE_FUSED_LOADS                               573854                        1636176              

IFUSE_MISPREDICTED_LOADS                            97                            276              

IFUSE_MISPREDICTION_FLUSHES                         89                            243              

IFUSE_MISPREDICTED_CACHE_BLOCK_ADDR                 53                            151              

IFUSE_MISPREDICTED_OFFSET_DELTA                     96                            263              

IFUSE_ALL_LOADS                                2800089                        8397206              

IFUSE_NUM_FUSED_LOADS                           573853                        1636164              

IFUSE_NUM_DEMAND_LOADS                         2226236                        6761042              

IFUSE_LOAD_COVERAGE                             573853        0.2049          1636164        0.1948

IFUSE_LD_STALL_CYCLES                         15754194                       47904750              

IFUSE_LD_STALL_CYCLES_FUSED                    3529716                       10337776              

IFUSE_LD_STALL_CYCLES_DEMAND                  12224478                       37566974              

IFUSE_AVG_STALL_PER_LOAD                      15754194        5.6263         47904750        5.7048

IFUSE_AVG_STALL_PER_FUSED                      3529716        6.1509         10337776        6.3183

IFUSE_AVG_STALL_PER_DEMAND                    12224478        5.4911         37566974        5.5564

IFUSE_FULL_MITIGATED                             45152                         132004              

IFUSE_PARTIAL_MITIGATED                         528699                        1504160              

IFUSE_REMAINING_WAIT_AFTER_AGU                 2595185                        7394092              

IFUSE_PREFETCH_LEAD_OPPORTUNITIES               573851                        1636164              

IFUSE_PREFETCH_LEAD_EVENTS                       43092                         126170              

IFUSE_PREFETCH_LEAD_CYCLES                     3529716                       10337776              

IFUSE_AVG_PREFETCH_LEAD                        3529716        6.1509         10337776        6.3183

IFUSE_PAIR_DISTANCE_TOTAL                      5227969                       15168571              

IFUSE_AVG_PAIR_DISTANCE                        5227969        9.1103         15168571        9.2708

IFUSE_LD_EXEC_MINUS_FETCH                    254104610                      776987903              

IFUSE_LD_RETIRE_MINUS_FETCH                  346818692                     1069487218              

IFUSE_LD_EXEC_TO_DONE                         15754194                       47904750              

IFUSE_LD_EXEC_MINUS_FETCH_FUSED               51640854                      149289939              

IFUSE_LD_RETIRE_MINUS_FETCH_FUSED             71790718                      209293449              

IFUSE_LD_EXEC_TO_DONE_FUSED                    3529716                       10337776              

IFUSE_LD_EXEC_MINUS_FETCH_DEMAND             202463756                      627697964              

IFUSE_LD_RETIRE_MINUS_FETCH_DEMAND           275027974                      860193769              

IFUSE_LD_EXEC_TO_DONE_DEMAND                  12224478                       37566974              

IFUSE_LD2_CONSUMERS_WAITING                     972687                        2825539              

IFUSE_LD2_CONSUMERS_WAITING_CRITICAL            805804                        2342322              

IFUSE_LD2_CONSUMERS_RENAMED_IN_DELAY             41687                         121869              

IFUSE_LD2_CONSUMERS_RENAMED_IN_DELAY_CRITICAL         41687                         121869              

IFUSE_LD2_CONSUMERS_RENAMED_AFTER_READY          96849                         271110              

IFUSE_LD2_CONSUMERS_WAITING_LOAD                316351                         901280              

IFUSE_LD2_CONSUMERS_WAITING_CRITICAL_LOAD        289489                         820475              

IFUSE_LD2_CONSUMERS_RENAMED_IN_DELAY_LOAD          8285                          27642              

IFUSE_LD2_CONSUMERS_RENAMED_IN_DELAY_CRITICAL_LOAD          8285                          27642              

IFUSE_LD2_CONSUMERS_RENAMED_AFTER_READY_LOAD         32559                          86640              



