/* -*- Mode: c -*- */
####################################################################################################
Core 0
####################################################################################################
Cumulative:        Cycles: 11462339              Instructions: 30000000              IPC: 2.61727

Periodic:          Cycles: 3764042               Instructions: 9999997               IPC: 2.65672

MISS_WAIT_TIME                             21338448232                    43601772091              

ICACHE_STAGE_MISS                                 2405                           8404              

ICACHE_CYCLE                                   3764042                       11462339              

TCACHE_CYCLE                                         0                              0              

ICACHE_SERVING_CYCLE_ON_PATH                    102293                         328584              

ICACHE_SERVING_CYCLE_OFF_PATH                    31580                         131249              

UCACHE_SERVING_CYCLE_ON_PATH                   3382194                       10090224              

UCACHE_SERVING_CYCLE_OFF_PATH                   175573                         609522              

ICACHE_CYCLE_ONPATH                            3546836       94.229%         10678630       93.163%
ICACHE_CYCLE_OFFPATH                            217206        5.771%           783709        6.837%
                                               3764042      100.000%         11462339      100.000%
                                                  0.06         0.23              0.07         0.24

FETCH_ON_PATH                                  3553895       94.417%         10704769       93.391%
FETCH_OFF_PATH                                  210147        5.583%           757570        6.609%
                                               3764042      100.000%         11462339      100.000%
                                                  0.06         0.22              0.07         0.24

FETCHED_OPS_ON_PATH                                  0         -nan%                0         -nan%
FETCHED_OPS_OFF_PATH                                 0         -nan%                0         -nan%
                                                     0         -nan%                0         -nan%
                                                  -nan         -nan              -nan         -nan

INST_LOST_FETCH                               12015825       39.068%         35546399       38.658%
INST_LOST_OFF_PATH                              702962        2.286%          2452455        2.667%
INST_LOST_FULL_WINDOW                          1030474        3.350%          3319688        3.610%
INST_LOST_ROB_STALL_OTHER                      7394338       24.042%         24232806       26.354%
INST_LOST_ROB_STALL_WAIT_FOR_RECOVERY                0        0.000%                0        0.000%
INST_LOST_ROB_STALL_WAIT_FOR_REDIRECT                0        0.000%                0        0.000%
INST_LOST_ROB_STALL_WAIT_FOR_GAP_FILL                0        0.000%                0        0.000%
INST_LOST_ROB_STALL_WAIT_FOR_L1_MISS                 0        0.000%                0        0.000%
INST_LOST_ROB_STALL_WAIT_FOR_MEMORY                 88        0.000%             7712        0.008%
INST_LOST_ROB_STALL_WAIT_FOR_DC_MISS           3505102       11.396%         10247864       11.145%
INST_LOST_ROB_BLOCK_ISSUE_FULL                       0        0.000%                0        0.000%
INST_LOST_ROB_BLOCK_ISSUE_GAP_TOO_LARGE              0        0.000%                0        0.000%
INST_LOST_BREAK_DONT                                 0        0.000%                0        0.000%
INST_LOST_BREAK_FT_UNAVAILABLE                  139943        0.455%           475167        0.517%
INST_LOST_BREAK_ICACHE_STAGE_RESTEER              5460        0.018%            16542        0.018%
INST_LOST_BREAK_ICACHE_MISS_REQ_SUCCESS          11271        0.037%            39393        0.043%
INST_LOST_BREAK_ICACHE_MISS_REQ_FAILURE             90        0.000%              270        0.000%
INST_LOST_BREAK_ICACHE_WAIT_FOR_MISS            281604        0.916%          1297417        1.411%
INST_LOST_BREAK_ICACHE_STALLED                   40706        0.132%           128607        0.140%
INST_LOST_BREAK_ICACHE_TO_UOP_CACHE_SWITCH         31108        0.101%           104250        0.113%
INST_LOST_BREAK_ICACHE_READ_LIMIT                40207        0.131%           129154        0.140%
INST_LOST_BREAK_ICACHE_ISSUE_WIDTH                   0        0.000%                0        0.000%
INST_LOST_BREAK_UOP_CACHE_STALLED              1832088        5.957%          4594971        4.997%
INST_LOST_BREAK_UOP_CACHE_TO_ICACHE_SWITCH         32194        0.105%           108112        0.118%
INST_LOST_BREAK_UOP_CACHE_READ_LIMIT           3692773       12.007%          9249823       10.060%
INST_LOST_BREAK_UOP_CACHE_ISSUE_WIDTH                0        0.000%                0        0.000%
                                              30756233      100.000%         91950630      100.000%
                                                  6.34         7.68              5.82         7.33

INST_LOST_TOTAL                               29704484                       90194414              

INST_LOST_WAIT_FOR_ICACHE_MISS_NOT_PREFETCHED         15780        5.979%           239658       20.001%
INST_LOST_WAIT_FOR_ICACHE_MISS_PREFETCHED_AND_EVICTED_BY_IFETCH             0        0.000%                0        0.000%
INST_LOST_WAIT_FOR_ICACHE_MISS_PREFETCHED_AND_EVICTED_BY_FDIP             0        0.000%                0        0.000%
INST_LOST_WAIT_FOR_ICACHE_MISS_MSHR_HIT_PREF_OFFPATH          4290        1.626%            12516        1.045%
INST_LOST_WAIT_FOR_ICACHE_MISS_MSHR_HIT_PREF_ONPATH        243840       92.395%           946080       78.955%
                                                263910      100.000%          1198254      100.000%
                                                  3.74         3.61              3.19         2.92

FETCH_0_OPS                                      70883        1.883%           297584        2.596%
FETCH_1_OPS                                     123451        3.280%           390708        3.409%
FETCH_2_OPS                                      52433        1.393%           172098        1.501%
FETCH_3_OPS                                     400494       10.640%           855646        7.465%
FETCH_4_OPS                                     116770        3.102%           382677        3.339%
FETCH_5_OPS                                     499243       13.263%          1002836        8.749%
FETCH_6_OPS                                     313041        8.317%          1049775        9.158%
FETCH_7_OPS                                     176116        4.679%           582792        5.084%
FETCH_8_OPS                                    2011611       53.443%          6728223       58.699%
FETCH_9_OPS                                          0        0.000%                0        0.000%
FETCH_10_OPS                                         0        0.000%                0        0.000%
FETCH_11_OPS                                         0        0.000%                0        0.000%
FETCH_12_OPS                                         0        0.000%                0        0.000%
FETCH_13_OPS                                         0        0.000%                0        0.000%
FETCH_14_OPS                                         0        0.000%                0        0.000%
FETCH_15_OPS                                         0        0.000%                0        0.000%
FETCH_16_OPS                                         0        0.000%                0        0.000%
                                               3764042      100.000%         11462339      100.000%
                                                  6.27         2.08              6.46         2.01

ST_BREAK_DONT                                        0        0.000%                0        0.000%
ST_BREAK_FT_UNAVAILABLE                          24140        0.641%            81953        0.715%
ST_BREAK_ICACHE_STAGE_RESTEER                     1620        0.043%             5030        0.044%
ST_BREAK_ICACHE_MISS_REQ_SUCCESS                  2405        0.064%             8404        0.073%
ST_BREAK_ICACHE_MISS_REQ_FAILURE                    15        0.000%               45        0.000%
ST_BREAK_ICACHE_WAIT_FOR_MISS                    46934        1.247%           216245        1.887%
ST_BREAK_ICACHE_STALLED                          45888        1.219%           157585        1.375%
ST_BREAK_ICACHE_TO_UOP_CACHE_SWITCH               9649        0.256%            32129        0.280%
ST_BREAK_ICACHE_READ_LIMIT                       16094        0.428%            51690        0.451%
ST_BREAK_ICACHE_ISSUE_WIDTH                      58815        1.563%           204560        1.785%
ST_BREAK_UOP_CACHE_STALLED                     1558507       41.405%          4975488       43.407%
ST_BREAK_UOP_CACHE_TO_ICACHE_SWITCH               7548        0.201%            25151        0.219%
ST_BREAK_UOP_CACHE_READ_LIMIT                  1003576       26.662%          2518628       21.973%
ST_BREAK_UOP_CACHE_ISSUE_WIDTH                  988851       26.271%          3185431       27.790%
                                               3764042      100.000%         11462339      100.000%
                                                 11.11         5.98             11.02         6.12

ORACLE_ON_PATH_INST                           12015825       94.473%         35546399       93.546%
ORACLE_OFF_PATH_INST                            702962        5.527%          2452455        6.454%
                                              12718787      100.000%         37998854      100.000%
                                                  0.06         0.22              0.06         0.24

ORACLE_ON_PATH_INST_MEM                        4568775       35.921%         14033989       36.933%
ORACLE_ON_PATH_INST_NOTMEM                     7447050       58.552%         21512410       56.613%
ORACLE_OFF_PATH_INST_MEM                        229692        1.806%           765993        2.016%
ORACLE_OFF_PATH_INST_NOTMEM                     473270        3.721%          1686462        4.438%
                                              12718787      100.000%         37998854      100.000%
                                                  0.73         0.53              0.74         0.57

ICACHE_CYCLE_NONRA_ONPATH                            0         -nan%                0         -nan%
ICACHE_CYCLE_NONRA_OFFPATH                           0         -nan%                0         -nan%
ICACHE_CYCLE_RA_ONPATH                               0         -nan%                0         -nan%
ICACHE_CYCLE_RA_OFFPATH                              0         -nan%                0         -nan%
                                                     0         -nan%                0         -nan%
                                                  -nan         -nan              -nan         -nan

ICACHE_CYCLE_ONPATH_NONRA                            0         -nan%                0         -nan%
ICACHE_CYCLE_OFFPATH_NONRA                           0         -nan%                0         -nan%
                                                     0         -nan%                0         -nan%
                                                  -nan         -nan              -nan         -nan

ICACHE_CYCLE_ONPATH_RA                               0         -nan%                0         -nan%
ICACHE_CYCLE_OFFPATH_RA                              0         -nan%                0         -nan%
                                                     0         -nan%                0         -nan%
                                                  -nan         -nan              -nan         -nan

INACCURATE_OFFPATH_CYCLES                            0        0.0000                0        0.0000

FETCH_ALL_INST                                12718787                       37998854              

EXEC_ALL_INST                                 12141880                       35981060              

RET_ALL_INST                                  12016220                       35546399              

EXEC_ON_PATH_INST                             12016065       98.964%         35546399       98.792%
EXEC_OFF_PATH_INST                              125815        1.036%           434661        1.208%
                                              12141880      100.000%         35981060      100.000%
                                                  0.01         0.10              0.01         0.11

EXEC_ON_PATH_INST_MEM                          4568827       37.629%         14033989       39.004%
EXEC_ON_PATH_INST_NOTMEM                       7447238       61.335%         21512410       59.788%
EXEC_OFF_PATH_INST_MEM                           38910        0.320%           126981        0.353%
EXEC_OFF_PATH_INST_NOTMEM                        86905        0.716%           307680        0.855%
                                              12141880      100.000%         35981060      100.000%
                                                  0.64         0.36              0.63         0.37

EXEC_RA_INST                                         0         -nan%                0         -nan%
EXEC_NONRA_INST                                      0         -nan%                0         -nan%
                                                     0         -nan%                0         -nan%
                                                  -nan         -nan              -nan         -nan

EXEC_ON_PATH_INST_RA                                 0         -nan%                0         -nan%
EXEC_OFF_PATH_INST_RA                                0         -nan%                0         -nan%
                                                     0         -nan%                0         -nan%
                                                  -nan         -nan              -nan         -nan

EXEC_ON_PATH_INST_NONRA                              0         -nan%                0         -nan%
EXEC_OFF_PATH_INST_NONRA                             0         -nan%                0         -nan%
                                                     0         -nan%                0         -nan%
                                                  -nan         -nan              -nan         -nan

EXEC_RA_ON_PATH_INST                                 0         -nan%                0         -nan%
EXEC_RA_OFF_PATH_INST                                0         -nan%                0         -nan%
EXEC_NONRA_ON_PATH_INST                              0         -nan%                0         -nan%
EXEC_NONRA_OFF_PATH_INST                             0         -nan%                0         -nan%
                                                     0         -nan%                0         -nan%
                                                  -nan         -nan              -nan         -nan

ICACHE_THROTTLE_CYCLE                                0                              0              

FETCH_ENABLE_THROTTLE_OFF_PATH                       0         -nan%                0         -nan%
FETCH_ENABLE_THROTTLE_ON_PATH                        0         -nan%                0         -nan%
                                                     0         -nan%                0         -nan%
                                                  -nan         -nan              -nan         -nan

FETCH_DISABLE_THROTTLE_OFF_PATH                      0         -nan%                0         -nan%
FETCH_DISABLE_THROTTLE_ON_PATH                       0         -nan%                0         -nan%
                                                     0         -nan%                0         -nan%
                                                  -nan         -nan              -nan         -nan

FETCH_TH_ADJUST__0                                   0         -nan%                0         -nan%
FETCH_TH_ADJUST__1                                   0         -nan%                0         -nan%
FETCH_TH_ADJUST__2                                   0         -nan%                0         -nan%
FETCH_TH_ADJUST__3                                   0         -nan%                0         -nan%
FETCH_TH_ADJUST__4                                   0         -nan%                0         -nan%
FETCH_TH_ADJUST__5                                   0         -nan%                0         -nan%
FETCH_TH_ADJUST__6                                   0         -nan%                0         -nan%
FETCH_TH_ADJUST__7                                   0         -nan%                0         -nan%
FETCH_TH_ADJUST__8                                   0         -nan%                0         -nan%
FETCH_TH_ADJUST__9                                   0         -nan%                0         -nan%
FETCH_TH_ADJUST__MAX                                 0         -nan%                0         -nan%
                                                     0         -nan%                0         -nan%
                                                  -nan         -nan              -nan         -nan

FETCH_TH_ADJUST_UP                                   0         -nan%                0         -nan%
FETCH_TH_ADJUST_DOWN                                 0         -nan%                0         -nan%
FETCH_TH_ADJUST_SAME                                 0         -nan%                0         -nan%
                                                     0         -nan%                0         -nan%
                                                  -nan         -nan              -nan         -nan

THROTTLE_ADJUST_CACHE_MISS_INFO                      0                              0              

LOW_CONF_COUNT_BP_MIS_0                              0         -nan%                0         -nan%
LOW_CONF_COUNT_BP_MIS_1                              0         -nan%                0         -nan%
LOW_CONF_COUNT_BP_MIS_2                              0         -nan%                0         -nan%
LOW_CONF_COUNT_BP_MIS_3                              0         -nan%                0         -nan%
LOW_CONF_COUNT_BP_MIS_4                              0         -nan%                0         -nan%
LOW_CONF_COUNT_BP_MIS_5                              0         -nan%                0         -nan%
LOW_CONF_COUNT_BP_MIS_6                              0         -nan%                0         -nan%
LOW_CONF_COUNT_BP_MIS_7                              0         -nan%                0         -nan%
LOW_CONF_COUNT_BP_MIS_8                              0         -nan%                0         -nan%
LOW_CONF_COUNT_BP_MIS_9                              0         -nan%                0         -nan%
LOW_CONF_COUNT_BP_MIS_10                             0         -nan%                0         -nan%
LOW_CONF_COUNT_BP_MIS_11                             0         -nan%                0         -nan%
LOW_CONF_COUNT_BP_MIS_12                             0         -nan%                0         -nan%
LOW_CONF_COUNT_BP_MIS_13                             0         -nan%                0         -nan%
LOW_CONF_COUNT_BP_MIS_14                             0         -nan%                0         -nan%
LOW_CONF_COUNT_BP_MIS_15                             0         -nan%                0         -nan%
LOW_CONF_COUNT_BP_MIS_16                             0         -nan%                0         -nan%
LOW_CONF_COUNT_BP_MIS_17                             0         -nan%                0         -nan%
LOW_CONF_COUNT_BP_MIS_18                             0         -nan%                0         -nan%
LOW_CONF_COUNT_BP_MIS_19                             0         -nan%                0         -nan%
LOW_CONF_COUNT_BP_MIS_20                             0         -nan%                0         -nan%
                                                     0         -nan%                0         -nan%
                                                  -nan         -nan              -nan         -nan

LOW_CONF_COUNT_RET_0                                 0         -nan%                0         -nan%
LOW_CONF_COUNT_RET_1                                 0         -nan%                0         -nan%
LOW_CONF_COUNT_RET_2                                 0         -nan%                0         -nan%
LOW_CONF_COUNT_RET_3                                 0         -nan%                0         -nan%
LOW_CONF_COUNT_RET_4                                 0         -nan%                0         -nan%
LOW_CONF_COUNT_RET_5                                 0         -nan%                0         -nan%
LOW_CONF_COUNT_RET_6                                 0         -nan%                0         -nan%
LOW_CONF_COUNT_RET_7                                 0         -nan%                0         -nan%
LOW_CONF_COUNT_RET_8                                 0         -nan%                0         -nan%
LOW_CONF_COUNT_RET_9                                 0         -nan%                0         -nan%
LOW_CONF_COUNT_RET_10                                0         -nan%                0         -nan%
LOW_CONF_COUNT_RET_11                                0         -nan%                0         -nan%
LOW_CONF_COUNT_RET_12                                0         -nan%                0         -nan%
LOW_CONF_COUNT_RET_13                                0         -nan%                0         -nan%
LOW_CONF_COUNT_RET_14                                0         -nan%                0         -nan%
LOW_CONF_COUNT_RET_15                                0         -nan%                0         -nan%
LOW_CONF_COUNT_RET_16                                0         -nan%                0         -nan%
LOW_CONF_COUNT_RET_17                                0         -nan%                0         -nan%
LOW_CONF_COUNT_RET_18                                0         -nan%                0         -nan%
LOW_CONF_COUNT_RET_19                                0         -nan%                0         -nan%
LOW_CONF_COUNT_RET_20                                0         -nan%                0         -nan%
                                                     0         -nan%                0         -nan%
                                                  -nan         -nan              -nan         -nan

CYCLES_RESTEER_RECOVER_AT_EXEC                       0         -nan%                0         -nan%
CYCLES_RESTEER_RECOVER_AT_DECODE                     0         -nan%                0         -nan%
CYCLES_RESTEER_BTB_MISS                              0         -nan%                0         -nan%
                                                     0         -nan%                0         -nan%
                                                  -nan         -nan              -nan         -nan

CYCLES_RESTEER_RECOVER_AT_EXEC_SAVED_UC_FETCH             0         -nan%                0         -nan%
CYCLES_RESTEER_RECOVER_AT_EXEC_COULD_BE_SAVED_UC_FETCH             0         -nan%                0         -nan%
CYCLES_RESTEER_RECOVER_AT_DECODE_SAVED_UC_FETCH             0         -nan%                0         -nan%
CYCLES_RESTEER_RECOVER_AT_DECODE_COULD_BE_SAVED_UC_FETCH             0         -nan%                0         -nan%
CYCLES_RESTEER_BTB_MISS_SAVED_UC_FETCH               0         -nan%                0         -nan%
CYCLES_RESTEER_BTB_MISS_COULD_BE_SAVED_UC_FETCH             0         -nan%                0         -nan%
                                                     0         -nan%                0         -nan%
                                                  -nan         -nan              -nan         -nan

CYCLES_UOC_IC_SWITCH                                 0                              0              



