/* -*- Mode: c -*- */
####################################################################################################
Core 0
####################################################################################################
Cumulative:        Cycles: 6688098               Instructions: 29999999              IPC: 4.48558

Periodic:          Cycles: 2147978               Instructions: 9999994               IPC: 4.65554

DCACHE_PREF_HIT                                      0                              0              

IFETCH_WB_FIRST_SCHEDULE                             0         -nan%                2      100.000%
PREFETCH_LAST_SCHEDULE                               0         -nan%                0        0.000%
DEMAND_PASS_PREF_SCHEDULE                            0         -nan%                0        0.000%
DEMAND_PASS_LOW_OP_SCHEDULE                          0         -nan%                0        0.000%
DEMAND_LAST_SCHEDULE                                 0         -nan%                0        0.000%
                                                     0         -nan%                2      100.000%
                                                  -nan         -nan              0.00         0.00

SEND_MISS_REQ_QUEUE                               7690                          33484              

L1_DATA_EVICT                                     2177                           2389              

STREAM_BUFFER_REQ                                    0                              0              

PREF_SEND_TO_MEM_REQ                                 0         -nan%                0         -nan%
PREF_SEND_TO_MEM_REQ_FAIL                            0         -nan%                0         -nan%
                                                     0         -nan%                0         -nan%
                                                  -nan         -nan              -nan         -nan

HIT_TRAIN_STREAM                                  3355       54.008%            13449       57.337%
MISS_TRAIN_STREAM                                 2857       45.992%            10007       42.663%
                                                  6212      100.000%            23456      100.000%
                                                  0.46         0.48              0.43         0.47

STREAM_TRAIN_CREATE                               1029                           3173              

MEM_REQ_MISS_HWP_PREF_Q                              0         -nan%                0         -nan%
MEM_REQ_MISS_SW_PREF_Q                               0         -nan%                0         -nan%
MEM_REQ_MISS_IFETCH_Q                                0         -nan%                0         -nan%
MEM_REQ_MISS_DFETCH_Q                                0         -nan%                0         -nan%
MEM_REQ_MISS_DSTORE_Q                                0         -nan%                0         -nan%
MEM_REQ_MISS_DPRF_Q                                  0         -nan%                0         -nan%
MEM_REQ_MISS_WB_Q                                    0         -nan%                0         -nan%
                                                     0         -nan%                0         -nan%
                                                  -nan         -nan              -nan         -nan

PREF_HIT_BY_DEMAND_IFETCH                            0         -nan%                0         -nan%
PREF_HIT_BY_DEMAND_DFETCH                            0         -nan%                0         -nan%
PREF_HIT_BY_DEMAND_DSTORE                            0         -nan%                0         -nan%
PREF_HIT_BY_DEMAND_IPREF                             0         -nan%                0         -nan%
PREF_HIT_BY_DEMAND_DPRF                              0         -nan%                0         -nan%
PREF_HIT_BY_DEMAND_WB                                0         -nan%                0         -nan%
PREF_HIT_BY_PREF                                     0         -nan%                0         -nan%
                                                     0         -nan%                0         -nan%
                                                  -nan         -nan              -nan         -nan

PREF_HIT_DEMAND_IFETCH                               0         -nan%                0         -nan%
PREF_HIT_DEMAND_DFETCH                               0         -nan%                0         -nan%
PREF_HIT_DEMAND_DSTORE                               0         -nan%                0         -nan%
PREF_HIT_DEMAND_IPREF                                0         -nan%                0         -nan%
PREF_HIT_DEMAND_DPRF                                 0         -nan%                0         -nan%
PREF_HIT_DEMAND_WB                                   0         -nan%                0         -nan%
                                                     0         -nan%                0         -nan%
                                                  -nan         -nan              -nan         -nan

PREF_L1_FILL                                         0         -nan%                0         -nan%
DEMAND_L1_FILL                                       0         -nan%                0         -nan%
                                                     0         -nan%                0         -nan%
                                                  -nan         -nan              -nan         -nan

TOUCH_L1_REPLACE                                     0        0.000%                0        0.000%
NO_TOUCH_L1_REPLACE                               2177      100.000%             2389      100.000%
                                                  2177      100.000%             2389      100.000%
                                                  1.00         1.00              1.00         1.00

PREF_REQ_QUE_FULL                                    0                              0              

STREAM_REQ_QUEUE_HIT_BY_DEMAND                       0                              0              

L2HIT_STREAM_PREF_REQ_QUE_FULL                       0                              0              

L2HIT_HIT_TRAIN_STREAM                               0         -nan%                0         -nan%
L2HIT_MISS_TRAIN_STREAM                              0         -nan%                0         -nan%
                                                     0         -nan%                0         -nan%
                                                  -nan         -nan              -nan         -nan

L2HIT_STREAM_TRAIN_CREATE                            0                              0              

L2HIT_STREAM_BUFFER_REQ                              0                              0              

L2HIT_STREAM_PREF_DCACHE_HIT                         0         -nan%                0         -nan%
L2HIT_STREAM_PREF_DCACHE_INSERT                      0         -nan%                0         -nan%
L2HIT_STREAM_L2_MISS                                 0         -nan%                0         -nan%
                                                     0         -nan%                0         -nan%
                                                  -nan         -nan              -nan         -nan

L2HIT_STREAM_DCACHE_PORT_FULL                        0                              0              

L2HIT_STREAM_PREF_L1_PORT_FULL                       0                              0              

L2HIT_TRAIN_HIT_DEMAND                               0         -nan%                0         -nan%
L2HIT_TRAIN_MISS_REQ                                 0         -nan%                0         -nan%
                                                     0         -nan%                0         -nan%
                                                  -nan         -nan              -nan         -nan

L2HIT_TRAIN_FILTER_MISS                              0         -nan%                0         -nan%
L2HIT_TRAIN_FILTER_HIT                               0         -nan%                0         -nan%
                                                     0         -nan%                0         -nan%
                                                  -nan         -nan              -nan         -nan

L2HIT_PREF_REQ_DCACHE_HIT                            0         -nan%                0         -nan%
L2HIT_PREF_REQ_DCACHE_MISS                           0         -nan%                0         -nan%
                                                     0         -nan%                0         -nan%
                                                  -nan         -nan              -nan         -nan

L2HIT_L2SEND_Q_FULL                                  0         -nan%                0         -nan%
L2HIT_L2SEND_Q_ENTER                                 0         -nan%                0         -nan%
                                                     0         -nan%                0         -nan%
                                                  -nan         -nan              -nan         -nan

L2HIT_MEM_REQ                                        0                              0              

REMOVE_REDUNDANT_STREAM_STAT                         0                              0              

REPLACE_OLD_STREAM                                1029                           3157              

REQ_SEND_QUEUE_STALL                                 0                              0              

STREAM_ENTER_RA                                      0                              0              

CORE_STREAM_LENGTH_0                                 2        0.390%               10        0.492%
CORE_STREAM_LENGTH_10                              494       96.296%             1975       97.195%
CORE_STREAM_LENGTH_20                               14        2.729%               28        1.378%
CORE_STREAM_LENGTH_30                                0        0.000%                6        0.295%
CORE_STREAM_LENGTH_40                                0        0.000%                3        0.148%
CORE_STREAM_LENGTH_50                                0        0.000%                1        0.049%
CORE_STREAM_LENGTH_60                                0        0.000%                0        0.000%
CORE_STREAM_LENGTH_70                                1        0.195%                2        0.098%
CORE_STREAM_LENGTH_80                                0        0.000%                0        0.000%
CORE_STREAM_LENGTH_90                                0        0.000%                0        0.000%
CORE_STREAM_LENGTH_100_P                             2        0.390%                7        0.344%
                                                   513      100.000%             2032      100.000%
                                                  1.07         0.64              1.06         0.60

CORE_CUM_STREAM_LENGTH_0                            16        0.166%               75        0.196%
CORE_CUM_STREAM_LENGTH_10                         8892       92.088%            35495       92.997%
CORE_CUM_STREAM_LENGTH_20                          356        3.687%              664        1.740%
CORE_CUM_STREAM_LENGTH_30                            0        0.000%              192        0.503%
CORE_CUM_STREAM_LENGTH_40                            0        0.000%              130        0.341%
CORE_CUM_STREAM_LENGTH_50                            0        0.000%               57        0.149%
CORE_CUM_STREAM_LENGTH_60                            0        0.000%                0        0.000%
CORE_CUM_STREAM_LENGTH_70                           74        0.766%              147        0.385%
CORE_CUM_STREAM_LENGTH_80                            0        0.000%                0        0.000%
CORE_CUM_STREAM_LENGTH_90                            0        0.000%                0        0.000%
CORE_CUM_STREAM_LENGTH_100_P                       318        3.293%             1408        3.689%
                                                  9656      100.000%            38168      100.000%
                                                  1.38         1.70              1.40         1.77

CORE_STREAM_TRAIN_HITS_0                             2        0.390%               28        1.378%
CORE_STREAM_TRAIN_HITS_10                          508       99.025%             1991       97.982%
CORE_STREAM_TRAIN_HITS_20                            0        0.000%                2        0.098%
CORE_STREAM_TRAIN_HITS_30                            0        0.000%                1        0.049%
CORE_STREAM_TRAIN_HITS_40                            0        0.000%                1        0.049%
CORE_STREAM_TRAIN_HITS_50                            1        0.195%                4        0.197%
CORE_STREAM_TRAIN_HITS_60                            0        0.000%                0        0.000%
CORE_STREAM_TRAIN_HITS_70                            0        0.000%                0        0.000%
CORE_STREAM_TRAIN_HITS_80                            0        0.000%                1        0.049%
CORE_STREAM_TRAIN_HITS_90                            1        0.195%                1        0.049%
CORE_STREAM_TRAIN_HITS_100_P                         1        0.195%                3        0.148%
                                                   513      100.000%             2032      100.000%
                                                  1.04         0.56              1.02         0.46

CORE_CUM_STREAM_TRAIN_HITS_0                        10        0.182%              173        0.802%
CORE_CUM_STREAM_TRAIN_HITS_10                     5134       93.686%            20015       92.761%
CORE_CUM_STREAM_TRAIN_HITS_20                        0        0.000%               50        0.232%
CORE_CUM_STREAM_TRAIN_HITS_30                        0        0.000%               30        0.139%
CORE_CUM_STREAM_TRAIN_HITS_40                        0        0.000%               40        0.185%
CORE_CUM_STREAM_TRAIN_HITS_50                       58        1.058%              230        1.066%
CORE_CUM_STREAM_TRAIN_HITS_60                        0        0.000%                0        0.000%
CORE_CUM_STREAM_TRAIN_HITS_70                        0        0.000%                0        0.000%
CORE_CUM_STREAM_TRAIN_HITS_80                        0        0.000%               85        0.394%
CORE_CUM_STREAM_TRAIN_HITS_90                       91        1.661%               91        0.422%
CORE_CUM_STREAM_TRAIN_HITS_100_P                   187        3.412%              863        4.000%
                                                  5480      100.000%            21577      100.000%
                                                  1.48         1.96              1.47         1.94

CORE_STREAM_TRAIN_CREATE                          1029                           3173              



