Scarab gitrev: 26c71481e
Scarab started at Tue Jul 21 05:08:49 2026

FCT preload: loaded 0 PC-pair(s) from '/home/deepmish/pgo-candidates/pgo-candidates-frequency-100000/mlgym_fmnist/8.csv' at confidence 500 (skipped 0 duplicate LD1 PCs)
Initialized Ramulator. 
** Heartbeat:   3% -- { 1000004 } -- 0.00 KIPS (76.92 KIPS)
** Heartbeat:   6% -- { 2000004 } -- 111.11 KIPS (90.91 KIPS)
** Heartbeat:  10% -- { 3000008 } -- 100.00 KIPS (93.75 KIPS)
** Heartbeat:  13% -- { 4000009 } -- 76.92 KIPS (88.89 KIPS)
** Heartbeat:  16% -- { 5000015 } -- 76.92 KIPS (86.21 KIPS)
** Heartbeat:  20% -- { 6000022 } -- 76.92 KIPS (84.51 KIPS)
** Heartbeat:  23% -- { 7000027 } -- 71.43 KIPS (82.35 KIPS)
** Heartbeat:  26% -- { 8000028 } -- 76.92 KIPS (81.63 KIPS)
** Heartbeat:  30% -- { 9000033 } -- 71.43 KIPS (80.36 KIPS)
Patching gap in trace by injecting a Jmp, prior PC: 7f6fbddfc50f next PC: 7f6fbde31cc1
** Heartbeat:  33% -- { 10000033 } -- 71.43 KIPS (79.37 KIPS)
** Heartbeat:  36% -- { 11000033 } -- 71.43 KIPS (78.57 KIPS)
** Heartbeat:  40% -- { 12000034 } -- 76.92 KIPS (78.43 KIPS)
** Heartbeat:  43% -- { 13000035 } -- 71.43 KIPS (77.84 KIPS)
** Heartbeat:  46% -- { 14000037 } -- 76.92 KIPS (77.78 KIPS)
** Heartbeat:  50% -- { 15000041 } -- 76.92 KIPS (77.72 KIPS)
** Heartbeat:  53% -- { 16000045 } -- 71.43 KIPS (77.29 KIPS)
** Heartbeat:  56% -- { 17000047 } -- 71.43 KIPS (76.92 KIPS)
** Heartbeat:  60% -- { 18000047 } -- 90.91 KIPS (77.59 KIPS)
** Heartbeat:  63% -- { 19000050 } -- 83.33 KIPS (77.87 KIPS)
** Heartbeat:  66% -- { 20000054 } -- 76.92 KIPS (77.82 KIPS)
** Heartbeat:  70% -- { 21000054 } -- 71.43 KIPS (77.49 KIPS)
** Heartbeat:  73% -- { 22000058 } -- 71.43 KIPS (77.19 KIPS)
** Heartbeat:  76% -- { 23000060 } -- 76.92 KIPS (77.18 KIPS)
** Heartbeat:  80% -- { 24000064 } -- 71.43 KIPS (76.92 KIPS)
** Heartbeat:  83% -- { 25000065 } -- 71.43 KIPS (76.69 KIPS)
** Heartbeat:  86% -- { 26000070 } -- 83.33 KIPS (76.92 KIPS)
** Heartbeat:  90% -- { 27000071 } -- 71.43 KIPS (76.70 KIPS)
** Heartbeat:  93% -- { 28000072 } -- 83.33 KIPS (76.92 KIPS)
** Heartbeat:  96% -- { 29000075 } -- 111.11 KIPS (77.75 KIPS)
advanceReader: ROI end reached (ordinal 30000002 > roi_end 30000000)
Reached end of trace (last_inst) pc=0x7f6fbde1b5a2
** Core 0 Finished:    insts:30000000    cycles:14524762    time:4538988125000       -- 2.07 IPC (2.07 IPC) --  N/A  KIPS (77.92 KIPS)
Scarab finished at Tue Jul 21 05:15:14 2026

