/* -*- Mode: c -*- */
####################################################################################################
Core 0
####################################################################################################
Cumulative:        Cycles: 47547093              Instructions: 91000000              IPC: 1.91389

Periodic:          Cycles: 47547093              Instructions: 91000000              IPC: 1.91389

MISS_WAIT_TIME                           3678863401465                  3678863401465              

ICACHE_STAGE_MISS                               152492                         152492              

ICACHE_CYCLE                                  47547093                       47547093              

TCACHE_CYCLE                                         0                              0              

ICACHE_SERVING_CYCLE_ON_PATH                   8349978                        8349978              

ICACHE_SERVING_CYCLE_OFF_PATH                  1003008                        1003008              

UCACHE_SERVING_CYCLE_ON_PATH                  23778127                       23778127              

UCACHE_SERVING_CYCLE_OFF_PATH                 10611453                       10611453              

ICACHE_CYCLE_ONPATH                           34913864       73.430%         34913864       73.430%
ICACHE_CYCLE_OFFPATH                          12633229       26.570%         12633229       26.570%
                                              47547093      100.000%         47547093      100.000%
                                                  0.27         0.40              0.27         0.40

FETCH_ON_PATH                                 35912171       75.530%         35912171       75.530%
FETCH_OFF_PATH                                11634922       24.470%         11634922       24.470%
                                              47547093      100.000%         47547093      100.000%
                                                  0.24         0.39              0.24         0.39

FETCHED_OPS_ON_PATH                                  0         -nan%                0         -nan%
FETCHED_OPS_OFF_PATH                                 0         -nan%                0         -nan%
                                                     0         -nan%                0         -nan%
                                                  -nan         -nan              -nan         -nan

INST_LOST_FETCH                              103942147       28.884%        103942147       28.884%
INST_LOST_OFF_PATH                            43971791       12.219%         43971791       12.219%
INST_LOST_FULL_WINDOW                          3567950        0.991%          3567950        0.991%
INST_LOST_ROB_STALL_OTHER                     13614798        3.783%         13614798        3.783%
INST_LOST_ROB_STALL_WAIT_FOR_RECOVERY                0        0.000%                0        0.000%
INST_LOST_ROB_STALL_WAIT_FOR_REDIRECT                0        0.000%                0        0.000%
INST_LOST_ROB_STALL_WAIT_FOR_GAP_FILL                0        0.000%                0        0.000%
INST_LOST_ROB_STALL_WAIT_FOR_L1_MISS                 0        0.000%                0        0.000%
INST_LOST_ROB_STALL_WAIT_FOR_MEMORY                  0        0.000%                0        0.000%
INST_LOST_ROB_STALL_WAIT_FOR_DC_MISS          88441776       24.577%         88441776       24.577%
INST_LOST_ROB_BLOCK_ISSUE_FULL                       0        0.000%                0        0.000%
INST_LOST_ROB_BLOCK_ISSUE_GAP_TOO_LARGE              0        0.000%                0        0.000%
INST_LOST_BREAK_DONT                                 0        0.000%                0        0.000%
INST_LOST_BREAK_FT_UNAVAILABLE                13428914        3.732%         13428914        3.732%
INST_LOST_BREAK_ICACHE_STAGE_RESTEER            405461        0.113%           405461        0.113%
INST_LOST_BREAK_ICACHE_MISS_REQ_SUCCESS         828150        0.230%           828150        0.230%
INST_LOST_BREAK_ICACHE_MISS_REQ_FAILURE            588        0.000%              588        0.000%
INST_LOST_BREAK_ICACHE_WAIT_FOR_MISS           8755576        2.433%          8755576        2.433%
INST_LOST_BREAK_ICACHE_STALLED                  727003        0.202%           727003        0.202%
INST_LOST_BREAK_ICACHE_TO_UOP_CACHE_SWITCH       2430529        0.675%          2430529        0.675%
INST_LOST_BREAK_ICACHE_READ_LIMIT              4283289        1.190%          4283289        1.190%
INST_LOST_BREAK_ICACHE_ISSUE_WIDTH                   0        0.000%                0        0.000%
INST_LOST_BREAK_UOP_CACHE_STALLED             38237498       10.626%         38237498       10.626%
INST_LOST_BREAK_UOP_CACHE_TO_ICACHE_SWITCH       2956745        0.822%          2956745        0.822%
INST_LOST_BREAK_UOP_CACHE_READ_LIMIT          34266862        9.522%         34266862        9.522%
INST_LOST_BREAK_UOP_CACHE_ISSUE_WIDTH                0        0.000%                0        0.000%
                                             359859077      100.000%        359859077      100.000%
                                                  8.63         7.55              8.63         7.55

INST_LOST_TOTAL                              356034962                      356034962              

INST_LOST_WAIT_FOR_ICACHE_MISS_NOT_PREFETCHED         44160        0.511%            44160        0.511%
INST_LOST_WAIT_FOR_ICACHE_MISS_PREFETCHED_AND_EVICTED_BY_IFETCH             0        0.000%                0        0.000%
INST_LOST_WAIT_FOR_ICACHE_MISS_PREFETCHED_AND_EVICTED_BY_FDIP             0        0.000%                0        0.000%
INST_LOST_WAIT_FOR_ICACHE_MISS_MSHR_HIT_PREF_OFFPATH         16308        0.189%            16308        0.189%
INST_LOST_WAIT_FOR_ICACHE_MISS_MSHR_HIT_PREF_ONPATH       8575554       99.300%          8575554       99.300%
                                               8636022      100.000%          8636022      100.000%
                                                  3.98         3.96              3.98         3.96

FETCH_0_OPS                                    3768213        7.925%          3768213        7.925%
FETCH_1_OPS                                    1452467        3.055%          1452467        3.055%
FETCH_2_OPS                                    3669666        7.718%          3669666        7.718%
FETCH_3_OPS                                    5021120       10.560%          5021120       10.560%
FETCH_4_OPS                                    4810332       10.117%          4810332       10.117%
FETCH_5_OPS                                    2298927        4.835%          2298927        4.835%
FETCH_6_OPS                                    7194597       15.132%          7194597       15.132%
FETCH_7_OPS                                    2698525        5.675%          2698525        5.675%
FETCH_8_OPS                                   16633246       34.983%         16633246       34.983%
FETCH_9_OPS                                          0        0.000%                0        0.000%
FETCH_10_OPS                                         0        0.000%                0        0.000%
FETCH_11_OPS                                         0        0.000%                0        0.000%
FETCH_12_OPS                                         0        0.000%                0        0.000%
FETCH_13_OPS                                         0        0.000%                0        0.000%
FETCH_14_OPS                                         0        0.000%                0        0.000%
FETCH_15_OPS                                         0        0.000%                0        0.000%
FETCH_16_OPS                                         0        0.000%                0        0.000%
                                              47547093      100.000%         47547093      100.000%
                                                  5.25         2.23              5.25         2.23

ST_BREAK_DONT                                        0        0.000%                0        0.000%
ST_BREAK_FT_UNAVAILABLE                        2248666        4.729%          2248666        4.729%
ST_BREAK_ICACHE_STAGE_RESTEER                   108058        0.227%           108058        0.227%
ST_BREAK_ICACHE_MISS_REQ_SUCCESS                152492        0.321%           152492        0.321%
ST_BREAK_ICACHE_MISS_REQ_FAILURE                    98        0.000%               98        0.000%
ST_BREAK_ICACHE_WAIT_FOR_MISS                  1459428        3.069%          1459428        3.069%
ST_BREAK_ICACHE_STALLED                         924227        1.944%           924227        1.944%
ST_BREAK_ICACHE_TO_UOP_CACHE_SWITCH             760144        1.599%           760144        1.599%
ST_BREAK_ICACHE_READ_LIMIT                     1539647        3.238%          1539647        3.238%
ST_BREAK_ICACHE_ISSUE_WIDTH                    5065621       10.654%          5065621       10.654%
ST_BREAK_UOP_CACHE_STALLED                    16885753       35.514%         16885753       35.514%
ST_BREAK_UOP_CACHE_TO_ICACHE_SWITCH             633577        1.333%           633577        1.333%
ST_BREAK_UOP_CACHE_READ_LIMIT                  8621512       18.133%          8621512       18.133%
ST_BREAK_UOP_CACHE_ISSUE_WIDTH                 9147870       19.240%          9147870       19.240%
                                              47547093      100.000%         47547093      100.000%
                                                 10.04         5.24             10.04         5.24

ORACLE_ON_PATH_INST                          103942147       70.272%        103942147       70.272%
ORACLE_OFF_PATH_INST                          43971791       29.728%         43971791       29.728%
                                             147913938      100.000%        147913938      100.000%
                                                  0.30         0.42              0.30         0.42

ORACLE_ON_PATH_INST_MEM                       39138051       26.460%         39138051       26.460%
ORACLE_ON_PATH_INST_NOTMEM                    64804096       43.812%         64804096       43.812%
ORACLE_OFF_PATH_INST_MEM                      16671915       11.271%         16671915       11.271%
ORACLE_OFF_PATH_INST_NOTMEM                   27299876       18.457%         27299876       18.457%
                                             147913938      100.000%        147913938      100.000%
                                                  1.22         0.97              1.22         0.97

ICACHE_CYCLE_NONRA_ONPATH                            0         -nan%                0         -nan%
ICACHE_CYCLE_NONRA_OFFPATH                           0         -nan%                0         -nan%
ICACHE_CYCLE_RA_ONPATH                               0         -nan%                0         -nan%
ICACHE_CYCLE_RA_OFFPATH                              0         -nan%                0         -nan%
                                                     0         -nan%                0         -nan%
                                                  -nan         -nan              -nan         -nan

ICACHE_CYCLE_ONPATH_NONRA                            0         -nan%                0         -nan%
ICACHE_CYCLE_OFFPATH_NONRA                           0         -nan%                0         -nan%
                                                     0         -nan%                0         -nan%
                                                  -nan         -nan              -nan         -nan

ICACHE_CYCLE_ONPATH_RA                               0         -nan%                0         -nan%
ICACHE_CYCLE_OFFPATH_RA                              0         -nan%                0         -nan%
                                                     0         -nan%                0         -nan%
                                                  -nan         -nan              -nan         -nan

INACCURATE_OFFPATH_CYCLES                            0        0.0000                0        0.0000

FETCH_ALL_INST                               147913938                      147913938              

EXEC_ALL_INST                                110581389                      110581389              

RET_ALL_INST                                 103942147                      103942147              

EXEC_ON_PATH_INST                            103942147       93.996%        103942147       93.996%
EXEC_OFF_PATH_INST                             6639242        6.004%          6639242        6.004%
                                             110581389      100.000%        110581389      100.000%
                                                  0.06         0.23              0.06         0.23

EXEC_ON_PATH_INST_MEM                         39138051       35.393%         39138051       35.393%
EXEC_ON_PATH_INST_NOTMEM                      64804096       58.603%         64804096       58.603%
EXEC_OFF_PATH_INST_MEM                         2199604        1.989%          2199604        1.989%
EXEC_OFF_PATH_INST_NOTMEM                      4439638        4.015%          4439638        4.015%
                                             110581389      100.000%        110581389      100.000%
                                                  0.75         0.54              0.75         0.54

EXEC_RA_INST                                         0         -nan%                0         -nan%
EXEC_NONRA_INST                                      0         -nan%                0         -nan%
                                                     0         -nan%                0         -nan%
                                                  -nan         -nan              -nan         -nan

EXEC_ON_PATH_INST_RA                                 0         -nan%                0         -nan%
EXEC_OFF_PATH_INST_RA                                0         -nan%                0         -nan%
                                                     0         -nan%                0         -nan%
                                                  -nan         -nan              -nan         -nan

EXEC_ON_PATH_INST_NONRA                              0         -nan%                0         -nan%
EXEC_OFF_PATH_INST_NONRA                             0         -nan%                0         -nan%
                                                     0         -nan%                0         -nan%
                                                  -nan         -nan              -nan         -nan

EXEC_RA_ON_PATH_INST                                 0         -nan%                0         -nan%
EXEC_RA_OFF_PATH_INST                                0         -nan%                0         -nan%
EXEC_NONRA_ON_PATH_INST                              0         -nan%                0         -nan%
EXEC_NONRA_OFF_PATH_INST                             0         -nan%                0         -nan%
                                                     0         -nan%                0         -nan%
                                                  -nan         -nan              -nan         -nan

ICACHE_THROTTLE_CYCLE                                0                              0              

FETCH_ENABLE_THROTTLE_OFF_PATH                       0         -nan%                0         -nan%
FETCH_ENABLE_THROTTLE_ON_PATH                        0         -nan%                0         -nan%
                                                     0         -nan%                0         -nan%
                                                  -nan         -nan              -nan         -nan

FETCH_DISABLE_THROTTLE_OFF_PATH                      0         -nan%                0         -nan%
FETCH_DISABLE_THROTTLE_ON_PATH                       0         -nan%                0         -nan%
                                                     0         -nan%                0         -nan%
                                                  -nan         -nan              -nan         -nan

FETCH_TH_ADJUST__0                                   0         -nan%                0         -nan%
FETCH_TH_ADJUST__1                                   0         -nan%                0         -nan%
FETCH_TH_ADJUST__2                                   0         -nan%                0         -nan%
FETCH_TH_ADJUST__3                                   0         -nan%                0         -nan%
FETCH_TH_ADJUST__4                                   0         -nan%                0         -nan%
FETCH_TH_ADJUST__5                                   0         -nan%                0         -nan%
FETCH_TH_ADJUST__6                                   0         -nan%                0         -nan%
FETCH_TH_ADJUST__7                                   0         -nan%                0         -nan%
FETCH_TH_ADJUST__8                                   0         -nan%                0         -nan%
FETCH_TH_ADJUST__9                                   0         -nan%                0         -nan%
FETCH_TH_ADJUST__MAX                                 0         -nan%                0         -nan%
                                                     0         -nan%                0         -nan%
                                                  -nan         -nan              -nan         -nan

FETCH_TH_ADJUST_UP                                   0         -nan%                0         -nan%
FETCH_TH_ADJUST_DOWN                                 0         -nan%                0         -nan%
FETCH_TH_ADJUST_SAME                                 0         -nan%                0         -nan%
                                                     0         -nan%                0         -nan%
                                                  -nan         -nan              -nan         -nan

THROTTLE_ADJUST_CACHE_MISS_INFO                      0                              0              

LOW_CONF_COUNT_BP_MIS_0                              0         -nan%                0         -nan%
LOW_CONF_COUNT_BP_MIS_1                              0         -nan%                0         -nan%
LOW_CONF_COUNT_BP_MIS_2                              0         -nan%                0         -nan%
LOW_CONF_COUNT_BP_MIS_3                              0         -nan%                0         -nan%
LOW_CONF_COUNT_BP_MIS_4                              0         -nan%                0         -nan%
LOW_CONF_COUNT_BP_MIS_5                              0         -nan%                0         -nan%
LOW_CONF_COUNT_BP_MIS_6                              0         -nan%                0         -nan%
LOW_CONF_COUNT_BP_MIS_7                              0         -nan%                0         -nan%
LOW_CONF_COUNT_BP_MIS_8                              0         -nan%                0         -nan%
LOW_CONF_COUNT_BP_MIS_9                              0         -nan%                0         -nan%
LOW_CONF_COUNT_BP_MIS_10                             0         -nan%                0         -nan%
LOW_CONF_COUNT_BP_MIS_11                             0         -nan%                0         -nan%
LOW_CONF_COUNT_BP_MIS_12                             0         -nan%                0         -nan%
LOW_CONF_COUNT_BP_MIS_13                             0         -nan%                0         -nan%
LOW_CONF_COUNT_BP_MIS_14                             0         -nan%                0         -nan%
LOW_CONF_COUNT_BP_MIS_15                             0         -nan%                0         -nan%
LOW_CONF_COUNT_BP_MIS_16                             0         -nan%                0         -nan%
LOW_CONF_COUNT_BP_MIS_17                             0         -nan%                0         -nan%
LOW_CONF_COUNT_BP_MIS_18                             0         -nan%                0         -nan%
LOW_CONF_COUNT_BP_MIS_19                             0         -nan%                0         -nan%
LOW_CONF_COUNT_BP_MIS_20                             0         -nan%                0         -nan%
                                                     0         -nan%                0         -nan%
                                                  -nan         -nan              -nan         -nan

LOW_CONF_COUNT_RET_0                                 0         -nan%                0         -nan%
LOW_CONF_COUNT_RET_1                                 0         -nan%                0         -nan%
LOW_CONF_COUNT_RET_2                                 0         -nan%                0         -nan%
LOW_CONF_COUNT_RET_3                                 0         -nan%                0         -nan%
LOW_CONF_COUNT_RET_4                                 0         -nan%                0         -nan%
LOW_CONF_COUNT_RET_5                                 0         -nan%                0         -nan%
LOW_CONF_COUNT_RET_6                                 0         -nan%                0         -nan%
LOW_CONF_COUNT_RET_7                                 0         -nan%                0         -nan%
LOW_CONF_COUNT_RET_8                                 0         -nan%                0         -nan%
LOW_CONF_COUNT_RET_9                                 0         -nan%                0         -nan%
LOW_CONF_COUNT_RET_10                                0         -nan%                0         -nan%
LOW_CONF_COUNT_RET_11                                0         -nan%                0         -nan%
LOW_CONF_COUNT_RET_12                                0         -nan%                0         -nan%
LOW_CONF_COUNT_RET_13                                0         -nan%                0         -nan%
LOW_CONF_COUNT_RET_14                                0         -nan%                0         -nan%
LOW_CONF_COUNT_RET_15                                0         -nan%                0         -nan%
LOW_CONF_COUNT_RET_16                                0         -nan%                0         -nan%
LOW_CONF_COUNT_RET_17                                0         -nan%                0         -nan%
LOW_CONF_COUNT_RET_18                                0         -nan%                0         -nan%
LOW_CONF_COUNT_RET_19                                0         -nan%                0         -nan%
LOW_CONF_COUNT_RET_20                                0         -nan%                0         -nan%
                                                     0         -nan%                0         -nan%
                                                  -nan         -nan              -nan         -nan

CYCLES_RESTEER_RECOVER_AT_EXEC                       0         -nan%                0         -nan%
CYCLES_RESTEER_RECOVER_AT_DECODE                     0         -nan%                0         -nan%
CYCLES_RESTEER_BTB_MISS                              0         -nan%                0         -nan%
                                                     0         -nan%                0         -nan%
                                                  -nan         -nan              -nan         -nan

CYCLES_RESTEER_RECOVER_AT_EXEC_SAVED_UC_FETCH             0         -nan%                0         -nan%
CYCLES_RESTEER_RECOVER_AT_EXEC_COULD_BE_SAVED_UC_FETCH             0         -nan%                0         -nan%
CYCLES_RESTEER_RECOVER_AT_DECODE_SAVED_UC_FETCH             0         -nan%                0         -nan%
CYCLES_RESTEER_RECOVER_AT_DECODE_COULD_BE_SAVED_UC_FETCH             0         -nan%                0         -nan%
CYCLES_RESTEER_BTB_MISS_SAVED_UC_FETCH               0         -nan%                0         -nan%
CYCLES_RESTEER_BTB_MISS_COULD_BE_SAVED_UC_FETCH             0         -nan%                0         -nan%
                                                     0         -nan%                0         -nan%
                                                  -nan         -nan              -nan         -nan

CYCLES_UOC_IC_SWITCH                                 0                              0              



