/* -*- Mode: c -*- */
####################################################################################################
Core 0
####################################################################################################
Cumulative:        Cycles: 23494419              Instructions: 89999999              IPC: 3.83070

Periodic:          Cycles: 23494419              Instructions: 89999999              IPC: 3.83070

MISS_WAIT_TIME                                18927548                       18927548              

ICACHE_STAGE_MISS                                  475                            475              

ICACHE_CYCLE                                  23494419                       23494419              

TCACHE_CYCLE                                         0                              0              

ICACHE_SERVING_CYCLE_ON_PATH                      5751                           5751              

ICACHE_SERVING_CYCLE_OFF_PATH                    12544                          12544              

UCACHE_SERVING_CYCLE_ON_PATH                  23256200                       23256200              

UCACHE_SERVING_CYCLE_OFF_PATH                   168629                         168629              

ICACHE_CYCLE_ONPATH                           23299060       99.168%         23299060       99.168%
ICACHE_CYCLE_OFFPATH                            195359        0.832%           195359        0.832%
                                              23494419      100.000%         23494419      100.000%
                                                  0.01         0.09              0.01         0.09

FETCH_ON_PATH                                 23307015       99.202%         23307015       99.202%
FETCH_OFF_PATH                                  187404        0.798%           187404        0.798%
                                              23494419      100.000%         23494419      100.000%
                                                  0.01         0.09              0.01         0.09

FETCHED_OPS_ON_PATH                                  0         -nan%                0         -nan%
FETCHED_OPS_OFF_PATH                                 0         -nan%                0         -nan%
                                                     0         -nan%                0         -nan%
                                                  -nan         -nan              -nan         -nan

INST_LOST_FETCH                              105254433       53.985%        105254433       53.985%
INST_LOST_OFF_PATH                              702120        0.360%           702120        0.360%
INST_LOST_FULL_WINDOW                         20722670       10.629%         20722670       10.629%
INST_LOST_ROB_STALL_OTHER                     19225304        9.861%         19225304        9.861%
INST_LOST_ROB_STALL_WAIT_FOR_RECOVERY                0        0.000%                0        0.000%
INST_LOST_ROB_STALL_WAIT_FOR_REDIRECT                0        0.000%                0        0.000%
INST_LOST_ROB_STALL_WAIT_FOR_GAP_FILL                0        0.000%                0        0.000%
INST_LOST_ROB_STALL_WAIT_FOR_L1_MISS                 0        0.000%                0        0.000%
INST_LOST_ROB_STALL_WAIT_FOR_MEMORY             596580        0.306%           596580        0.306%
INST_LOST_ROB_STALL_WAIT_FOR_DC_MISS          29342586       15.050%         29342586       15.050%
INST_LOST_ROB_BLOCK_ISSUE_FULL                       0        0.000%                0        0.000%
INST_LOST_ROB_BLOCK_ISSUE_GAP_TOO_LARGE              0        0.000%                0        0.000%
INST_LOST_BREAK_DONT                                 0        0.000%                0        0.000%
INST_LOST_BREAK_FT_UNAVAILABLE                   53869        0.028%            53869        0.028%
INST_LOST_BREAK_ICACHE_STAGE_RESTEER               641        0.000%              641        0.000%
INST_LOST_BREAK_ICACHE_MISS_REQ_SUCCESS           1928        0.001%             1928        0.001%
INST_LOST_BREAK_ICACHE_MISS_REQ_FAILURE            102        0.000%              102        0.000%
INST_LOST_BREAK_ICACHE_WAIT_FOR_MISS            179160        0.092%           179160        0.092%
INST_LOST_BREAK_ICACHE_STALLED                   74192        0.038%            74192        0.038%
INST_LOST_BREAK_ICACHE_TO_UOP_CACHE_SWITCH          6261        0.003%             6261        0.003%
INST_LOST_BREAK_ICACHE_READ_LIMIT                 3909        0.002%             3909        0.002%
INST_LOST_BREAK_ICACHE_ISSUE_WIDTH                   0        0.000%                0        0.000%
INST_LOST_BREAK_UOP_CACHE_STALLED              7720045        3.960%          7720045        3.960%
INST_LOST_BREAK_UOP_CACHE_TO_ICACHE_SWITCH          4251        0.002%             4251        0.002%
INST_LOST_BREAK_UOP_CACHE_READ_LIMIT          11082605        5.684%         11082605        5.684%
INST_LOST_BREAK_UOP_CACHE_ISSUE_WIDTH                0        0.000%                0        0.000%
                                             194970656      100.000%        194970656      100.000%
                                                  4.15         6.29              4.15         6.29

INST_LOST_TOTAL                              187817056                      187817056              

INST_LOST_WAIT_FOR_ICACHE_MISS_NOT_PREFETCHED         35508       22.551%            35508       22.551%
INST_LOST_WAIT_FOR_ICACHE_MISS_PREFETCHED_AND_EVICTED_BY_IFETCH             0        0.000%                0        0.000%
INST_LOST_WAIT_FOR_ICACHE_MISS_PREFETCHED_AND_EVICTED_BY_FDIP             0        0.000%                0        0.000%
INST_LOST_WAIT_FOR_ICACHE_MISS_MSHR_HIT_PREF_OFFPATH          1326        0.842%             1326        0.842%
INST_LOST_WAIT_FOR_ICACHE_MISS_MSHR_HIT_PREF_ONPATH        120624       76.607%           120624       76.607%
                                                157458      100.000%           157458      100.000%
                                                  3.09         2.82              3.09         2.82

FETCH_0_OPS                                      51265        0.218%            51265        0.218%
FETCH_1_OPS                                      97546        0.415%            97546        0.415%
FETCH_2_OPS                                     236698        1.007%           236698        1.007%
FETCH_3_OPS                                    1359624        5.787%          1359624        5.787%
FETCH_4_OPS                                     835798        3.557%           835798        3.557%
FETCH_5_OPS                                     864808        3.681%           864808        3.681%
FETCH_6_OPS                                    1690502        7.195%          1690502        7.195%
FETCH_7_OPS                                     635389        2.704%           635389        2.704%
FETCH_8_OPS                                   17722789       75.434%         17722789       75.434%
FETCH_9_OPS                                          0        0.000%                0        0.000%
FETCH_10_OPS                                         0        0.000%                0        0.000%
FETCH_11_OPS                                         0        0.000%                0        0.000%
FETCH_12_OPS                                         0        0.000%                0        0.000%
FETCH_13_OPS                                         0        0.000%                0        0.000%
FETCH_14_OPS                                         0        0.000%                0        0.000%
FETCH_15_OPS                                         0        0.000%                0        0.000%
FETCH_16_OPS                                         0        0.000%                0        0.000%
                                              23494419      100.000%         23494419      100.000%
                                                  7.18         1.61              7.18         1.61

ST_BREAK_DONT                                        0        0.000%                0        0.000%
ST_BREAK_FT_UNAVAILABLE                           8982        0.038%             8982        0.038%
ST_BREAK_ICACHE_STAGE_RESTEER                      116        0.000%              116        0.000%
ST_BREAK_ICACHE_MISS_REQ_SUCCESS                   475        0.002%              475        0.002%
ST_BREAK_ICACHE_MISS_REQ_FAILURE                    17        0.000%               17        0.000%
ST_BREAK_ICACHE_WAIT_FOR_MISS                    29866        0.127%            29866        0.127%
ST_BREAK_ICACHE_STALLED                          13597        0.058%            13597        0.058%
ST_BREAK_ICACHE_TO_UOP_CACHE_SWITCH               2230        0.009%             2230        0.009%
ST_BREAK_ICACHE_READ_LIMIT                        1341        0.006%             1341        0.006%
ST_BREAK_ICACHE_ISSUE_WIDTH                      12713        0.054%            12713        0.054%
ST_BREAK_UOP_CACHE_STALLED                     8805861       37.481%          8805861       37.481%
ST_BREAK_UOP_CACHE_TO_ICACHE_SWITCH               1024        0.004%             1024        0.004%
ST_BREAK_UOP_CACHE_READ_LIMIT                  3303745       14.062%          3303745       14.062%
ST_BREAK_UOP_CACHE_ISSUE_WIDTH                11314452       48.158%         11314452       48.158%
                                              23494419      100.000%         23494419      100.000%
                                                 11.71         8.25             11.71         8.25

ORACLE_ON_PATH_INST                          105254433       99.337%        105254433       99.337%
ORACLE_OFF_PATH_INST                            702120        0.663%           702120        0.663%
                                             105956553      100.000%        105956553      100.000%
                                                  0.01         0.08              0.01         0.08

ORACLE_ON_PATH_INST_MEM                       29411258       27.758%         29411258       27.758%
ORACLE_ON_PATH_INST_NOTMEM                    75843175       71.580%         75843175       71.580%
ORACLE_OFF_PATH_INST_MEM                        164300        0.155%           164300        0.155%
ORACLE_OFF_PATH_INST_NOTMEM                     537820        0.508%           537820        0.508%
                                             105956553      100.000%        105956553      100.000%
                                                  0.73         0.29              0.73         0.29

ICACHE_CYCLE_NONRA_ONPATH                            0         -nan%                0         -nan%
ICACHE_CYCLE_NONRA_OFFPATH                           0         -nan%                0         -nan%
ICACHE_CYCLE_RA_ONPATH                               0         -nan%                0         -nan%
ICACHE_CYCLE_RA_OFFPATH                              0         -nan%                0         -nan%
                                                     0         -nan%                0         -nan%
                                                  -nan         -nan              -nan         -nan

ICACHE_CYCLE_ONPATH_NONRA                            0         -nan%                0         -nan%
ICACHE_CYCLE_OFFPATH_NONRA                           0         -nan%                0         -nan%
                                                     0         -nan%                0         -nan%
                                                  -nan         -nan              -nan         -nan

ICACHE_CYCLE_ONPATH_RA                               0         -nan%                0         -nan%
ICACHE_CYCLE_OFFPATH_RA                              0         -nan%                0         -nan%
                                                     0         -nan%                0         -nan%
                                                  -nan         -nan              -nan         -nan

INACCURATE_OFFPATH_CYCLES                            0        0.0000                0        0.0000

FETCH_ALL_INST                               105956553                      105956553              

EXEC_ALL_INST                                105390085                      105390085              

RET_ALL_INST                                 105254433                      105254433              

EXEC_ON_PATH_INST                            105254433       99.871%        105254433       99.871%
EXEC_OFF_PATH_INST                              135652        0.129%           135652        0.129%
                                             105390085      100.000%        105390085      100.000%
                                                  0.00         0.04              0.00         0.04

EXEC_ON_PATH_INST_MEM                         29411258       27.907%         29411258       27.907%
EXEC_ON_PATH_INST_NOTMEM                      75843175       71.964%         75843175       71.964%
EXEC_OFF_PATH_INST_MEM                           35201        0.033%            35201        0.033%
EXEC_OFF_PATH_INST_NOTMEM                       100451        0.095%           100451        0.095%
                                             105390085      100.000%        105390085      100.000%
                                                  0.72         0.25              0.72         0.25

EXEC_RA_INST                                         0         -nan%                0         -nan%
EXEC_NONRA_INST                                      0         -nan%                0         -nan%
                                                     0         -nan%                0         -nan%
                                                  -nan         -nan              -nan         -nan

EXEC_ON_PATH_INST_RA                                 0         -nan%                0         -nan%
EXEC_OFF_PATH_INST_RA                                0         -nan%                0         -nan%
                                                     0         -nan%                0         -nan%
                                                  -nan         -nan              -nan         -nan

EXEC_ON_PATH_INST_NONRA                              0         -nan%                0         -nan%
EXEC_OFF_PATH_INST_NONRA                             0         -nan%                0         -nan%
                                                     0         -nan%                0         -nan%
                                                  -nan         -nan              -nan         -nan

EXEC_RA_ON_PATH_INST                                 0         -nan%                0         -nan%
EXEC_RA_OFF_PATH_INST                                0         -nan%                0         -nan%
EXEC_NONRA_ON_PATH_INST                              0         -nan%                0         -nan%
EXEC_NONRA_OFF_PATH_INST                             0         -nan%                0         -nan%
                                                     0         -nan%                0         -nan%
                                                  -nan         -nan              -nan         -nan

ICACHE_THROTTLE_CYCLE                                0                              0              

FETCH_ENABLE_THROTTLE_OFF_PATH                       0         -nan%                0         -nan%
FETCH_ENABLE_THROTTLE_ON_PATH                        0         -nan%                0         -nan%
                                                     0         -nan%                0         -nan%
                                                  -nan         -nan              -nan         -nan

FETCH_DISABLE_THROTTLE_OFF_PATH                      0         -nan%                0         -nan%
FETCH_DISABLE_THROTTLE_ON_PATH                       0         -nan%                0         -nan%
                                                     0         -nan%                0         -nan%
                                                  -nan         -nan              -nan         -nan

FETCH_TH_ADJUST__0                                   0         -nan%                0         -nan%
FETCH_TH_ADJUST__1                                   0         -nan%                0         -nan%
FETCH_TH_ADJUST__2                                   0         -nan%                0         -nan%
FETCH_TH_ADJUST__3                                   0         -nan%                0         -nan%
FETCH_TH_ADJUST__4                                   0         -nan%                0         -nan%
FETCH_TH_ADJUST__5                                   0         -nan%                0         -nan%
FETCH_TH_ADJUST__6                                   0         -nan%                0         -nan%
FETCH_TH_ADJUST__7                                   0         -nan%                0         -nan%
FETCH_TH_ADJUST__8                                   0         -nan%                0         -nan%
FETCH_TH_ADJUST__9                                   0         -nan%                0         -nan%
FETCH_TH_ADJUST__MAX                                 0         -nan%                0         -nan%
                                                     0         -nan%                0         -nan%
                                                  -nan         -nan              -nan         -nan

FETCH_TH_ADJUST_UP                                   0         -nan%                0         -nan%
FETCH_TH_ADJUST_DOWN                                 0         -nan%                0         -nan%
FETCH_TH_ADJUST_SAME                                 0         -nan%                0         -nan%
                                                     0         -nan%                0         -nan%
                                                  -nan         -nan              -nan         -nan

THROTTLE_ADJUST_CACHE_MISS_INFO                      0                              0              

LOW_CONF_COUNT_BP_MIS_0                              0         -nan%                0         -nan%
LOW_CONF_COUNT_BP_MIS_1                              0         -nan%                0         -nan%
LOW_CONF_COUNT_BP_MIS_2                              0         -nan%                0         -nan%
LOW_CONF_COUNT_BP_MIS_3                              0         -nan%                0         -nan%
LOW_CONF_COUNT_BP_MIS_4                              0         -nan%                0         -nan%
LOW_CONF_COUNT_BP_MIS_5                              0         -nan%                0         -nan%
LOW_CONF_COUNT_BP_MIS_6                              0         -nan%                0         -nan%
LOW_CONF_COUNT_BP_MIS_7                              0         -nan%                0         -nan%
LOW_CONF_COUNT_BP_MIS_8                              0         -nan%                0         -nan%
LOW_CONF_COUNT_BP_MIS_9                              0         -nan%                0         -nan%
LOW_CONF_COUNT_BP_MIS_10                             0         -nan%                0         -nan%
LOW_CONF_COUNT_BP_MIS_11                             0         -nan%                0         -nan%
LOW_CONF_COUNT_BP_MIS_12                             0         -nan%                0         -nan%
LOW_CONF_COUNT_BP_MIS_13                             0         -nan%                0         -nan%
LOW_CONF_COUNT_BP_MIS_14                             0         -nan%                0         -nan%
LOW_CONF_COUNT_BP_MIS_15                             0         -nan%                0         -nan%
LOW_CONF_COUNT_BP_MIS_16                             0         -nan%                0         -nan%
LOW_CONF_COUNT_BP_MIS_17                             0         -nan%                0         -nan%
LOW_CONF_COUNT_BP_MIS_18                             0         -nan%                0         -nan%
LOW_CONF_COUNT_BP_MIS_19                             0         -nan%                0         -nan%
LOW_CONF_COUNT_BP_MIS_20                             0         -nan%                0         -nan%
                                                     0         -nan%                0         -nan%
                                                  -nan         -nan              -nan         -nan

LOW_CONF_COUNT_RET_0                                 0         -nan%                0         -nan%
LOW_CONF_COUNT_RET_1                                 0         -nan%                0         -nan%
LOW_CONF_COUNT_RET_2                                 0         -nan%                0         -nan%
LOW_CONF_COUNT_RET_3                                 0         -nan%                0         -nan%
LOW_CONF_COUNT_RET_4                                 0         -nan%                0         -nan%
LOW_CONF_COUNT_RET_5                                 0         -nan%                0         -nan%
LOW_CONF_COUNT_RET_6                                 0         -nan%                0         -nan%
LOW_CONF_COUNT_RET_7                                 0         -nan%                0         -nan%
LOW_CONF_COUNT_RET_8                                 0         -nan%                0         -nan%
LOW_CONF_COUNT_RET_9                                 0         -nan%                0         -nan%
LOW_CONF_COUNT_RET_10                                0         -nan%                0         -nan%
LOW_CONF_COUNT_RET_11                                0         -nan%                0         -nan%
LOW_CONF_COUNT_RET_12                                0         -nan%                0         -nan%
LOW_CONF_COUNT_RET_13                                0         -nan%                0         -nan%
LOW_CONF_COUNT_RET_14                                0         -nan%                0         -nan%
LOW_CONF_COUNT_RET_15                                0         -nan%                0         -nan%
LOW_CONF_COUNT_RET_16                                0         -nan%                0         -nan%
LOW_CONF_COUNT_RET_17                                0         -nan%                0         -nan%
LOW_CONF_COUNT_RET_18                                0         -nan%                0         -nan%
LOW_CONF_COUNT_RET_19                                0         -nan%                0         -nan%
LOW_CONF_COUNT_RET_20                                0         -nan%                0         -nan%
                                                     0         -nan%                0         -nan%
                                                  -nan         -nan              -nan         -nan

CYCLES_RESTEER_RECOVER_AT_EXEC                       0         -nan%                0         -nan%
CYCLES_RESTEER_RECOVER_AT_DECODE                     0         -nan%                0         -nan%
CYCLES_RESTEER_BTB_MISS                              0         -nan%                0         -nan%
                                                     0         -nan%                0         -nan%
                                                  -nan         -nan              -nan         -nan

CYCLES_RESTEER_RECOVER_AT_EXEC_SAVED_UC_FETCH             0         -nan%                0         -nan%
CYCLES_RESTEER_RECOVER_AT_EXEC_COULD_BE_SAVED_UC_FETCH             0         -nan%                0         -nan%
CYCLES_RESTEER_RECOVER_AT_DECODE_SAVED_UC_FETCH             0         -nan%                0         -nan%
CYCLES_RESTEER_RECOVER_AT_DECODE_COULD_BE_SAVED_UC_FETCH             0         -nan%                0         -nan%
CYCLES_RESTEER_BTB_MISS_SAVED_UC_FETCH               0         -nan%                0         -nan%
CYCLES_RESTEER_BTB_MISS_COULD_BE_SAVED_UC_FETCH             0         -nan%                0         -nan%
                                                     0         -nan%                0         -nan%
                                                  -nan         -nan              -nan         -nan

CYCLES_UOC_IC_SWITCH                                 0                              0              



