/* -*- Mode: c -*- */
####################################################################################################
Core 0
####################################################################################################
Cumulative:        Cycles: 107678918             Instructions: 59999999              IPC: 0.55721

Periodic:          Cycles: 107678918             Instructions: 59999999              IPC: 0.55721

EXECUTION_TIME                           33649661875000                  33649661875000              

SIM_HOST_WALL_SECONDS                      1023.810509                    1023.810509              

NODE_CYCLE                                   107678918                      107678918              

NODE_INST_COUNT                               61479472                       61479472              

NODE_INST_COUNT_FETCHED                       59999999                       59999999              

NODE_UOP_COUNT                                68299003                       68299003              

EXEC_STAGE_NO_ISSUE_STALL_CYCLE               28472919                       28472919              

EXEC_STAGE_NO_ISSUE_STALL_CYCLE_ONPATH        20745375                       20745375              

FULL_WINDOW_STALL                                 1260        0.001%             1260        0.001%

FULL_WINDOW_MEM_OP                                1218       99.836%             1218       99.836%
FULL_WINDOW_FP_OP                                    2        0.164%                2        0.164%
FULL_WINDOW_OTHER_OP                                 0        0.000%                0        0.000%
                                                  1220      100.000%             1220      100.000%
                                                  0.00         0.04              0.00         0.04

RET_BLOCKED_DC_MISS                           84124831       78.126%         84124831       78.126%

RET_BLOCKED_L1_MISS                           65926077       61.225%         65926077       61.225%

RET_BLOCKED_L1_MISS_BW_PREF                    3425147        3.181%          3425147        3.181%

RET_BLOCKED_L1_ACCESS                         18203430       16.905%         18203430       16.905%

RET_BLOCKED_MEM_STALL                         65940144       61.238%         65940144       61.238%

RET_BLOCKED_OFFCHIP_DEMAND                           0        0.000%                0        0.000%

OP_ISSUED                                     84881987                       84881987              

OP_RETIRED                                    68299003                       68299003              

OP_MACRO_FUSION_ONPATH                         7879111                        7879111              

OP_MACRO_FUSION_OFFPATH                        5505402                        5505402              

REPLAY_SIGNALED                                      0                              0              

REPLAY_COUNTED                                       0                              0              

OFF_CRITICAL_PATH                                    0         -nan%                0         -nan%
ON_CRITICAL_PATH                                     0         -nan%                0         -nan%
                                                     0         -nan%                0         -nan%
                                                  -nan         -nan              -nan         -nan

LD_NO_DEPENDENTS                                    71        0.001%               71        0.001%
LD_DEPENDENTS                                 11536956       99.999%         11536956       99.999%
                                              11537027      100.000%         11537027      100.000%
                                                  1.00         1.00              1.00         1.00

LD_EXEC_CYCLES_0                                     0        0.000%                0        0.000%
LD_EXEC_CYCLES_1                                137062       69.055%           137062       69.055%
LD_EXEC_CYCLES_2                                 15445        7.782%            15445        7.782%
LD_EXEC_CYCLES_3                                 19732        9.942%            19732        9.942%
LD_EXEC_CYCLES_4                                 26242       13.221%            26242       13.221%
                                                198481      100.000%           198481      100.000%
                                                  1.67         1.26              1.67         1.26

LD_EXEC_MINUS_FETCH_LATENCY                 2455406343                     2455406343              

LD_RETIRE_MINUS_FETCH_LATENCY               4903735077                     4903735077              

ICACHE_STAGE_STARVED                            685228        1.951%           685228        1.951%
ICACHE_STAGE_NOT_STARVED                      34435628       98.049%         34435628       98.049%
                                              35120856      100.000%         35120856      100.000%
                                                  0.98         0.97              0.98         0.97

ICACHE_STAGE_STALLED                          18575283       17.251%         18575283       17.251%
ICACHE_STAGE_NOT_STALLED                      16545573       15.366%         16545573       15.366%
ICACHE_STAGE_OFF_PATH                         72558062       67.384%         72558062       67.384%
                                             107678918      100.000%        107678918      100.000%
                                                  1.50         1.31              1.50         1.31

DECODE_STAGE_STARVED                         100885397       99.903%        100885397       99.903%
DECODE_STAGE_NOT_STARVED                         98250        0.097%            98250        0.097%
                                             100983647      100.000%        100983647      100.000%
                                                  0.00         0.03              0.00         0.03

DECODE_STAGE_STALLED                             88752        0.082%            88752        0.082%
DECODE_STAGE_NOT_STALLED                     100894895       93.700%        100894895       93.700%
DECODE_STAGE_OFF_PATH                          6695271        6.218%          6695271        6.218%
                                             107678918      100.000%        107678918      100.000%
                                                  1.06         0.36              1.06         0.36

UOPQ_STAGE_STARVED                            26058955       80.764%         26058955       80.764%
UOPQ_STAGE_NOT_STARVED                         6206604       19.236%          6206604       19.236%
                                              32265559      100.000%         32265559      100.000%
                                                  0.19         0.36              0.19         0.36

UOPQ_STAGE_STALLED                            19012845       17.657%         19012845       17.657%
UOPQ_STAGE_NOT_STALLED                        32265559       29.965%         32265559       29.965%
UOPQ_STAGE_OFF_PATH                           56400514       52.378%         56400514       52.378%
                                             107678918      100.000%        107678918      100.000%
                                                  1.35         1.10              1.35         1.10

RS_OP_READY_NOT_ISSUED_TOTAL                  68322624                       68322624              

RS_0_OP_READY_NOT_ISSUED                      64181606                       64181606              

RS_1_OP_READY_NOT_ISSUED                       3175799                        3175799              

RS_2_OP_READY_NOT_ISSUED                        965219                         965219              

RS_3_OP_READY_NOT_ISSUED                             0                              0              

RS_4_OP_READY_NOT_ISSUED                             0                              0              

RS_5_OP_READY_NOT_ISSUED                             0                              0              

RS_6_OP_READY_NOT_ISSUED                             0                              0              

RS_7_OP_READY_NOT_ISSUED                             0                              0              

RS_7_PLUS_OP_READY_NOT_ISSUED                        0                              0              

FU_IDLE_NO_READY_OPS_TOTAL                   890286975                      890286975              

FU_0_IDLE_NO_READY_OPS                        74816138                       74816138              

FU_1_IDLE_NO_READY_OPS                        80829922                       80829922              

FU_2_IDLE_NO_READY_OPS                        93063570                       93063570              

FU_3_IDLE_NO_READY_OPS                        93060590                       93060590              

FU_4_IDLE_NO_READY_OPS                        81458991                       81458991              

FU_5_IDLE_NO_READY_OPS                        81135729                       81135729              

FU_6_IDLE_NO_READY_OPS                       104008862                      104008862              

FU_7_IDLE_NO_READY_OPS                       104006999                      104006999              

FU_8_IDLE_NO_READY_OPS                        84847162                       84847162              

FU_9_IDLE_NO_READY_OPS                        93059012                       93059012              

FU_10_IDLE_NO_READY_OPS                              0                              0              

FU_11_IDLE_NO_READY_OPS                              0                              0              

FU_12_IDLE_NO_READY_OPS                              0                              0              

FU_13_IDLE_NO_READY_OPS                              0                              0              

FU_14_IDLE_NO_READY_OPS                              0                              0              

FU_15_IDLE_NO_READY_OPS                              0                              0              

FU_16_IDLE_NO_READY_OPS                              0                              0              

FU_17_IDLE_NO_READY_OPS                              0                              0              

FU_18_IDLE_NO_READY_OPS                              0                              0              

FU_19_IDLE_NO_READY_OPS                              0                              0              

FU_20_IDLE_NO_READY_OPS                              0                              0              

FU_21_IDLE_NO_READY_OPS                              0                              0              

FU_22_IDLE_NO_READY_OPS                              0                              0              

FU_23_IDLE_NO_READY_OPS                              0                              0              

FU_24_IDLE_NO_READY_OPS                              0                              0              

FU_25_IDLE_NO_READY_OPS                              0                              0              

FU_26_IDLE_NO_READY_OPS                              0                              0              

FU_27_IDLE_NO_READY_OPS                              0                              0              

FU_28_IDLE_NO_READY_OPS                              0                              0              

FU_29_IDLE_NO_READY_OPS                              0                              0              

FU_30_IDLE_NO_READY_OPS                              0                              0              

FU_31_IDLE_NO_READY_OPS                              0                              0              

FU_31_PLUS_IDLE_NO_READY_OPS                         0                              0              

MAP_STAGE_STARVED                              1683812        9.591%          1683812        9.591%
MAP_STAGE_NOT_STARVED                         15871465       90.409%         15871465       90.409%
                                              17555277      100.000%         17555277      100.000%
                                                  0.90         0.86              0.90         0.86

MAP_STAGE_STALLED                                  301        0.001%              301        0.001%
MAP_STAGE_NOT_STALLED                         17554976       62.014%         17554976       62.014%
MAP_STAGE_OFF_PATH                            10752663       37.985%         10752663       37.985%
                                              28307940      100.000%         28307940      100.000%
                                                  1.38         0.98              1.38         0.98

MAP_STAGE_STALL_ITSELF                        79370978       73.711%         79370978       73.711%
MAP_STAGE_NOT_STALL_ITSELF                    28307940       26.289%         28307940       26.289%
                                             107678918      100.000%        107678918      100.000%
                                                  0.26         0.40              0.26         0.40

MAP_STAGE_LATE_ALLOCATE_SEND_BACK                    0                              0              

MAP_STAGE_RENAME_OP_ONPATH                    68299003                       68299003              

MAP_STAGE_RENAME_OP_OFFPATH                   46847874                       46847874              

MAP_STAGE_RENAME_INT_REG_ONPATH               62175027                       62175027              

MAP_STAGE_RENAME_INT_REG_OFFPATH              42272957                       42272957              

MAP_STAGE_RENAME_VEC_REG_ONPATH                5336268                        5336268              

MAP_STAGE_RENAME_VEC_REG_OFFPATH               6532476                        6532476              

MAP_STAGE_RENAME_MOVE_ELIM_ONPATH                    0                              0              

MAP_STAGE_RENAME_MOVE_ELIM_OFFPATH                   0                              0              

MAP_STAGE_ONPATH_INT_REG_NUM_ALLOC            63241663                       63241663              

MAP_STAGE_ONPATH_VEC_REG_NUM_ALLOC             5336259                        5336259              

MAP_STAGE_ONPATH_INT_REG_NUM_SHORTLIVE        27033516                       27033516              

MAP_STAGE_ONPATH_VEC_REG_NUM_SHORTLIVE          567103                         567103              

MAP_STAGE_ONPATH_INT_REG_USE_COUNT_0          15749183                       15749183              

MAP_STAGE_ONPATH_VEC_REG_USE_COUNT_0                 4                              4              

MAP_STAGE_ONPATH_INT_REG_USE_COUNT_1          32207042                       32207042              

MAP_STAGE_ONPATH_VEC_REG_USE_COUNT_1           4482179                        4482179              

MAP_STAGE_ONPATH_INT_REG_USE_COUNT_2          10154915                       10154915              

MAP_STAGE_ONPATH_VEC_REG_USE_COUNT_2            854076                         854076              

MAP_STAGE_ONPATH_INT_REG_USE_COUNT_3           4110231                        4110231              

MAP_STAGE_ONPATH_VEC_REG_USE_COUNT_3                 0                              0              

MAP_STAGE_ONPATH_INT_REG_USE_COUNT_4            646917                         646917              

MAP_STAGE_ONPATH_VEC_REG_USE_COUNT_4                 0                              0              

MAP_STAGE_ONPATH_INT_REG_USE_COUNT_5             41975                          41975              

MAP_STAGE_ONPATH_VEC_REG_USE_COUNT_5                 0                              0              

MAP_STAGE_ONPATH_INT_REG_USE_COUNT_6            138135                         138135              

MAP_STAGE_ONPATH_VEC_REG_USE_COUNT_6                 0                              0              

MAP_STAGE_ONPATH_INT_REG_USE_COUNT_7_PLUS        193265                         193265              

MAP_STAGE_ONPATH_VEC_REG_USE_COUNT_7_PLUS             0                              0              

MAP_STAGE_ONPATH_INT_REG_CONSUME_DIST_0              0        0.0000                0        0.0000

MAP_STAGE_ONPATH_VEC_REG_CONSUME_DIST_0              0        0.0000                0        0.0000

MAP_STAGE_ONPATH_INT_REG_CONSUME_DIST_1              0        0.0000                0        0.0000

MAP_STAGE_ONPATH_VEC_REG_CONSUME_DIST_1              0        0.0000                0        0.0000

MAP_STAGE_ONPATH_INT_REG_CONSUME_DIST_2      240085152       23.6423        240085152       23.6423

MAP_STAGE_ONPATH_VEC_REG_CONSUME_DIST_2       36905404       43.2109         36905404       43.2109

MAP_STAGE_ONPATH_INT_REG_CONSUME_DIST_3      158589284       38.5840        158589284       38.5840

MAP_STAGE_ONPATH_VEC_REG_CONSUME_DIST_3              0          -nan                0          -nan

MAP_STAGE_ONPATH_INT_REG_CONSUME_DIST_4       78680559      121.6239         78680559      121.6239

MAP_STAGE_ONPATH_VEC_REG_CONSUME_DIST_4              0          -nan                0          -nan

MAP_STAGE_ONPATH_INT_REG_CONSUME_DIST_5        2222556       52.9495          2222556       52.9495

MAP_STAGE_ONPATH_VEC_REG_CONSUME_DIST_5              0          -nan                0          -nan

MAP_STAGE_ONPATH_INT_REG_CONSUME_DIST_6        9909886       71.7406          9909886       71.7406

MAP_STAGE_ONPATH_VEC_REG_CONSUME_DIST_6              0          -nan                0          -nan

MAP_STAGE_ONPATH_INT_REG_CONSUME_DIST_7_PLUS     537731075     2782.3510        537731075     2782.3510

MAP_STAGE_ONPATH_VEC_REG_CONSUME_DIST_7_PLUS             0          -nan                0          -nan

MAP_STAGE_INT_REG_ISSUE_READ_TOTAL_CONSUMED     110202259        3.8704        110202259        3.8704

MAP_STAGE_VEC_REG_ISSUE_READ_TOTAL_CONSUMED       7128794        0.2504          7128794        0.2504

MAP_STAGE_INT_REG_ISSUE_READ_MULTI_CONSUMED      52360325        1.8390         52360325        1.8390

MAP_STAGE_VEC_REG_ISSUE_READ_MULTI_CONSUMED       1453528        0.0510          1453528        0.0510

MAP_STAGE_INT_REG_ISSUE_READ_SAME_CYCLE_CONSUMED      16737418        0.5878         16737418        0.5878

MAP_STAGE_VEC_REG_ISSUE_READ_SAME_CYCLE_CONSUMED        376677        0.0132           376677        0.0132

MAP_STAGE_INT_REG_ISSUE_READ_TOTAL_CONSUMED_ONPATH      88680957        4.2747         88680957        4.2747

MAP_STAGE_VEC_REG_ISSUE_READ_TOTAL_CONSUMED_ONPATH       6631156        0.3196          6631156        0.3196

MAP_STAGE_INT_REG_ISSUE_READ_MULTI_CONSUMED_ONPATH      41188448        1.9854         41188448        1.9854

MAP_STAGE_VEC_REG_ISSUE_READ_MULTI_CONSUMED_ONPATH       1294893        0.0624          1294893        0.0624

MAP_STAGE_INT_REG_ISSUE_READ_SAME_CYCLE_CONSUMED_ONPATH      13336272        0.6429         13336272        0.6429

MAP_STAGE_VEC_REG_ISSUE_READ_SAME_CYCLE_CONSUMED_ONPATH        356297        0.0172           356297        0.0172

MAP_STAGE_ONPATH_INT_REG_LIFECYCLE_EMPTY    7027297077                     7027297077              

MAP_STAGE_ONPATH_VEC_REG_LIFECYCLE_EMPTY    1447167209                     1447167209              

MAP_STAGE_ONPATH_INT_REG_LIFECYCLE_IN_USE   10944836594                    10944836594              

MAP_STAGE_ONPATH_VEC_REG_LIFECYCLE_IN_USE    1790534539                     1790534539              

MAP_STAGE_ONPATH_INT_REG_LIFECYCLE_SPEC_RELEASE   17918778750                    17918778750              

MAP_STAGE_ONPATH_VEC_REG_LIFECYCLE_SPEC_RELEASE    2484186964                     2484186964              

MAP_STAGE_ONPATH_INT_REG_LIFECYCLE_NONSPEC_RELEASE   17918778750                    17918778750              

MAP_STAGE_ONPATH_VEC_REG_LIFECYCLE_NONSPEC_RELEASE    2484186964                     2484186964              

MAP_STAGE_ONPATH_INT_REG_LIFECYCLE_TOTAL   17918778750                    17918778750              

MAP_STAGE_ONPATH_VEC_REG_LIFECYCLE_TOTAL    2484186964                     2484186964              

MAP_STAGE_ONPATH_INT_REG_NUM_NONBRANCH        63241663                       63241663              

MAP_STAGE_ONPATH_VEC_REG_NUM_NONBRANCH         5336259                        5336259              

MAP_STAGE_ONPATH_INT_REG_NUM_NONEXCEPT        63241663                       63241663              

MAP_STAGE_ONPATH_VEC_REG_NUM_NONEXCEPT         5336259                        5336259              

MAP_STAGE_ONPATH_INT_REG_NUM_ATOMIC           63241663                       63241663              

MAP_STAGE_ONPATH_VEC_REG_NUM_ATOMIC            5336259                        5336259              

MAP_STAGE_ONPATH_INT_REG_ATOMIC_REDEFINED_DIST_TOTAL   17918778750      283.3382      17918778750      283.3382

MAP_STAGE_ONPATH_VEC_REG_ATOMIC_REDEFINED_DIST_TOTAL    2484186964      465.5297       2484186964      465.5297

MAP_STAGE_ONPATH_INT_REG_ATOMIC_CONSUMED_DIST_TOTAL   10944836594      173.0637      10944836594      173.0637

MAP_STAGE_ONPATH_VEC_REG_ATOMIC_CONSUMED_DIST_TOTAL    1790534539      335.5412       1790534539      335.5412

MAP_STAGE_ONPATH_INT_REG_ATOMIC_RELEASE_DIST_TOTAL   17918778750      283.3382      17918778750      283.3382

MAP_STAGE_ONPATH_VEC_REG_ATOMIC_RELEASE_DIST_TOTAL    2484186964      465.5297       2484186964      465.5297

EXEC_STAGE_STARVED                            65484397       60.815%         65484397       60.815%
EXEC_STAGE_NOT_STARVED                         9080076        8.433%          9080076        8.433%
EXEC_STAGE_OFF_PATH                           33114445       30.753%         33114445       30.753%
                                             107678918      100.000%        107678918      100.000%
                                                  0.70         0.82              0.70         0.82

FU_BUSY_0                                     23199152                       23199152              

FU_BUSY_1                                     12696035                       12696035              

FU_BUSY_2                                      5995445                        5995445              

FU_BUSY_3                                      5996775                        5996775              

FU_BUSY_4                                     10742610                       10742610              

FU_BUSY_5                                     16845283                       16845283              

FU_BUSY_6                                      1623924                        1623924              

FU_BUSY_7                                      1623736                        1623736              

FU_BUSY_8                                     10745588                       10745588              

FU_BUSY_9                                      5998726                        5998726              

FU_BUSY_10                                           0                              0              

FU_BUSY_11                                           0                              0              

FU_BUSY_12                                           0                              0              

FU_BUSY_13                                           0                              0              

FU_BUSY_14                                           0                              0              

FU_BUSY_15                                           0                              0              

FU_BUSY_16                                           0                              0              

FU_BUSY_17                                           0                              0              

FU_BUSY_18                                           0                              0              

FU_BUSY_19                                           0                              0              

FU_BUSY_20                                           0                              0              

FU_BUSY_21                                           0                              0              

FU_BUSY_22                                           0                              0              

FU_BUSY_23                                           0                              0              

FU_BUSY_24                                           0                              0              

FU_BUSY_25                                           0                              0              

FU_BUSY_26                                           0                              0              

FU_BUSY_27                                           0                              0              

FU_BUSY_28                                           0                              0              

FU_BUSY_29                                           0                              0              

FU_BUSY_30                                           0                              0              

FU_BUSY_31                                           0                              0              

FU_REJECTED_OP_INV_NOT_SIMD                          0        0.000%                0        0.000%
FU_REJECTED_OP_NOP_NOT_SIMD                        262        0.003%              262        0.003%
FU_REJECTED_OP_CF_NOT_SIMD                      149791        1.982%           149791        1.982%
FU_REJECTED_OP_MOV_NOT_SIMD                      11096        0.147%            11096        0.147%
FU_REJECTED_OP_CMOV_NOT_SIMD                         0        0.000%                0        0.000%
FU_REJECTED_OP_LDA_NOT_SIMD                       4954        0.066%             4954        0.066%
FU_REJECTED_OP_IMEM_NOT_SIMD                    668705        8.847%           668705        8.847%
FU_REJECTED_OP_IADD_NOT_SIMD                     84862        1.123%            84862        1.123%
FU_REJECTED_OP_IMUL_NOT_SIMD                     11310        0.150%            11310        0.150%
FU_REJECTED_OP_IDIV_NOT_SIMD                         0        0.000%                0        0.000%
FU_REJECTED_OP_ICMP_NOT_SIMD                         0        0.000%                0        0.000%
FU_REJECTED_OP_LOGIC_NOT_SIMD                    15894        0.210%            15894        0.210%
FU_REJECTED_OP_SHIFT_NOT_SIMD                    31158        0.412%            31158        0.412%
FU_REJECTED_OP_FMEM_NOT_SIMD                    135201        1.789%           135201        1.789%
FU_REJECTED_OP_FCVT_NOT_SIMD                         0        0.000%                0        0.000%
FU_REJECTED_OP_FADD_NOT_SIMD                         0        0.000%                0        0.000%
FU_REJECTED_OP_FMUL_NOT_SIMD                         0        0.000%                0        0.000%
FU_REJECTED_OP_FMA_NOT_SIMD                          0        0.000%                0        0.000%
FU_REJECTED_OP_FDIV_NOT_SIMD                         0        0.000%                0        0.000%
FU_REJECTED_OP_FCMP_NOT_SIMD                         0        0.000%                0        0.000%
FU_REJECTED_OP_FCMOV_NOT_SIMD                        0        0.000%                0        0.000%
FU_REJECTED_OP_GATHER_NOT_SIMD                       0        0.000%                0        0.000%
FU_REJECTED_OP_SCATTER_NOT_SIMD                      0        0.000%                0        0.000%
FU_REJECTED_OP_PIPELINED_FAST_NOT_SIMD               0        0.000%                0        0.000%
FU_REJECTED_OP_PIPELINED_MEDIUM_NOT_SIMD             0        0.000%                0        0.000%
FU_REJECTED_OP_PIPELINED_SLOW_NOT_SIMD               0        0.000%                0        0.000%
FU_REJECTED_OP_NOTPIPELINED_MEDIUM_NOT_SIMD             0        0.000%                0        0.000%
FU_REJECTED_OP_NOTPIPELINED_SLOW_NOT_SIMD             0        0.000%                0        0.000%
FU_REJECTED_OP_NOTPIPELINED_VERY_SLOW_NOT_SIMD             0        0.000%                0        0.000%
FU_REJECTED_OP_INV_SIMD                              0        0.000%                0        0.000%
FU_REJECTED_OP_NOP_SIMD                              0        0.000%                0        0.000%
FU_REJECTED_OP_CF_SIMD                               0        0.000%                0        0.000%
FU_REJECTED_OP_MOV_SIMD                              1        0.000%                1        0.000%
FU_REJECTED_OP_CMOV_SIMD                             0        0.000%                0        0.000%
FU_REJECTED_OP_LDA_SIMD                              0        0.000%                0        0.000%
FU_REJECTED_OP_IMEM_SIMD                             0        0.000%                0        0.000%
FU_REJECTED_OP_IADD_SIMD                             0        0.000%                0        0.000%
FU_REJECTED_OP_IMUL_SIMD                             0        0.000%                0        0.000%
FU_REJECTED_OP_IDIV_SIMD                             0        0.000%                0        0.000%
FU_REJECTED_OP_ICMP_SIMD                             0        0.000%                0        0.000%
FU_REJECTED_OP_LOGIC_SIMD                            0        0.000%                0        0.000%
FU_REJECTED_OP_SHIFT_SIMD                         3328        0.044%             3328        0.044%
FU_REJECTED_OP_FMEM_SIMD                             0        0.000%                0        0.000%
FU_REJECTED_OP_FCVT_SIMD                        399186        5.281%           399186        5.281%
FU_REJECTED_OP_FADD_SIMD                          8269        0.109%             8269        0.109%
FU_REJECTED_OP_FMUL_SIMD                       1282619       16.969%          1282619       16.969%
FU_REJECTED_OP_FMA_SIMD                         214072        2.832%           214072        2.832%
FU_REJECTED_OP_FDIV_SIMD                         13752        0.182%            13752        0.182%
FU_REJECTED_OP_FCMP_SIMD                             0        0.000%                0        0.000%
FU_REJECTED_OP_FCMOV_SIMD                      4524036       59.854%          4524036       59.854%
FU_REJECTED_OP_GATHER_SIMD                           0        0.000%                0        0.000%
FU_REJECTED_OP_SCATTER_SIMD                          0        0.000%                0        0.000%
FU_REJECTED_OP_PIPELINED_FAST_SIMD                   0        0.000%                0        0.000%
FU_REJECTED_OP_PIPELINED_MEDIUM_SIMD                 0        0.000%                0        0.000%
FU_REJECTED_OP_PIPELINED_SLOW_SIMD                   0        0.000%                0        0.000%
FU_REJECTED_OP_NOTPIPELINED_MEDIUM_SIMD              0        0.000%                0        0.000%
FU_REJECTED_OP_NOTPIPELINED_SLOW_SIMD                0        0.000%                0        0.000%
FU_REJECTED_OP_NOTPIPELINED_VERY_SLOW_SIMD             0        0.000%                0        0.000%
                                               7558496      100.000%          7558496      100.000%
                                                 41.66        14.73             41.66        14.73

LSQ_FULL_TOTAL                                     861                            861              

LSQ_FULL_LOAD_QUEUE                                  0                              0              

LSQ_FULL_STORE_QUEUE                               861                            861              

OP_WAIT_0                                     50740455                       50740455              

OP_WAIT_1                                     12002631                       12002631              

OP_WAIT_2                                      2424418                        2424418              

OP_WAIT_3                                       759750                         759750              

OP_WAIT_4                                       385313                         385313              

OP_WAIT_5                                       267990                         267990              

OP_WAIT_6                                       161665                         161665              

OP_WAIT_7                                       143541                         143541              

OP_WAIT_8                                       111795                         111795              

OP_WAIT_9                                        76719                          76719              

OP_WAIT_10                                       91799                          91799              

OP_WAIT_11                                       54293                          54293              

OP_WAIT_12                                       37541                          37541              

OP_WAIT_13                                       34598                          34598              

OP_WAIT_14                                       23468                          23468              

OP_WAIT_15                                       22124                          22124              

OP_WAIT_16                                       14645                          14645              

OP_WAIT_17                                       13847                          13847              

OP_WAIT_18                                       12562                          12562              

OP_WAIT_19                                       19231                          19231              

OP_WAIT_20                                       22774                          22774              

OP_WAIT_21                                        9278                           9278              

OP_WAIT_22                                        7157                           7157              

OP_WAIT_23                                        6280                           6280              

OP_WAIT_24                                        9334                           9334              

OP_WAIT_25                                        6363                           6363              

OP_WAIT_26                                      112541                         112541              

OP_WAIT_27                                       65206                          65206              

OP_WAIT_28                                       13946                          13946              

OP_WAIT_29                                        5670                           5670              

OP_WAIT_30                                       38976                          38976              

OP_WAIT_31                                      603093                         603093              

ROW_SIZE_0                                    93225931                       93225931              

ROW_SIZE_1                                     3920443                        3920443              

ROW_SIZE_2                                      822715                         822715              

ROW_SIZE_3                                      900661                         900661              

ROW_SIZE_4                                     1236987                        1236987              

ROW_SIZE_5                                      149527                         149527              

ROW_SIZE_6                                      704775                         704775              

ROW_SIZE_7                                      170126                         170126              

ROW_SIZE_8                                     6114504                        6114504              

ROW_SIZE_9                                           0                              0              

ROW_SIZE_10                                          0                              0              

ROW_SIZE_11                                          0                              0              

ROW_SIZE_12                                          0                              0              

ROW_SIZE_13                                          0                              0              

ROW_SIZE_14                                          0                              0              

ROW_SIZE_15                                          0                              0              

ROW_SIZE_16                                          0                              0              

ROW_SIZE_17                                          0                              0              

ROW_SIZE_18                                          0                              0              

ROW_SIZE_19                                          0                              0              

ROW_SIZE_20                                          0                              0              

ROW_SIZE_21                                          0                              0              

ROW_SIZE_22                                          0                              0              

ROW_SIZE_23                                          0                              0              

ROW_SIZE_24                                          0                              0              

ROW_SIZE_25                                          0                              0              

ROW_SIZE_26                                          0                              0              

ROW_SIZE_27                                          0                              0              

ROW_SIZE_28                                          0                              0              

ROW_SIZE_29                                          0                              0              

ROW_SIZE_30                                          0                              0              

ROW_SIZE_31                                          0                              0              

RET_OP_EXEC_COUNT_0                                  0        0.000%                0        0.000%
RET_OP_EXEC_COUNT_1                           68299003      100.000%         68299003      100.000%
RET_OP_EXEC_COUNT_2                                  0        0.000%                0        0.000%
RET_OP_EXEC_COUNT_3                                  0        0.000%                0        0.000%
RET_OP_EXEC_COUNT_4                                  0        0.000%                0        0.000%
RET_OP_EXEC_COUNT_5                                  0        0.000%                0        0.000%
RET_OP_EXEC_COUNT_6                                  0        0.000%                0        0.000%
RET_OP_EXEC_COUNT_7                                  0        0.000%                0        0.000%
RET_OP_EXEC_COUNT_8                                  0        0.000%                0        0.000%
RET_OP_EXEC_COUNT_9                                  0        0.000%                0        0.000%
RET_OP_EXEC_COUNT_10                                 0        0.000%                0        0.000%
RET_OP_EXEC_COUNT_11                                 0        0.000%                0        0.000%
RET_OP_EXEC_COUNT_12                                 0        0.000%                0        0.000%
RET_OP_EXEC_COUNT_13                                 0        0.000%                0        0.000%
RET_OP_EXEC_COUNT_14                                 0        0.000%                0        0.000%
RET_OP_EXEC_COUNT_15                                 0        0.000%                0        0.000%
RET_OP_EXEC_COUNT_16                                 0        0.000%                0        0.000%
RET_OP_EXEC_COUNT_17                                 0        0.000%                0        0.000%
RET_OP_EXEC_COUNT_18                                 0        0.000%                0        0.000%
RET_OP_EXEC_COUNT_19                                 0        0.000%                0        0.000%
RET_OP_EXEC_COUNT_20                                 0        0.000%                0        0.000%
RET_OP_EXEC_COUNT_21                                 0        0.000%                0        0.000%
RET_OP_EXEC_COUNT_22                                 0        0.000%                0        0.000%
RET_OP_EXEC_COUNT_23                                 0        0.000%                0        0.000%
RET_OP_EXEC_COUNT_24                                 0        0.000%                0        0.000%
RET_OP_EXEC_COUNT_25                                 0        0.000%                0        0.000%
RET_OP_EXEC_COUNT_26                                 0        0.000%                0        0.000%
RET_OP_EXEC_COUNT_27                                 0        0.000%                0        0.000%
RET_OP_EXEC_COUNT_28                                 0        0.000%                0        0.000%
RET_OP_EXEC_COUNT_29                                 0        0.000%                0        0.000%
RET_OP_EXEC_COUNT_30                                 0        0.000%                0        0.000%
RET_OP_EXEC_COUNT_31                                 0        0.000%                0        0.000%
RET_OP_EXEC_COUNT_32                                 0        0.000%                0        0.000%
                                              68299003      100.000%         68299003      100.000%
                                                  1.00         0.00              1.00         0.00

RET_STALL_LENGTH_0                            67974411       99.525%         67974411       99.525%
RET_STALL_LENGTH_100                            201108        0.294%           201108        0.294%
RET_STALL_LENGTH_200                             96588        0.141%            96588        0.141%
RET_STALL_LENGTH_300                              4188        0.006%             4188        0.006%
RET_STALL_LENGTH_400                              6246        0.009%             6246        0.009%
RET_STALL_LENGTH_500                              8074        0.012%             8074        0.012%
RET_STALL_LENGTH_600                              3028        0.004%             3028        0.004%
RET_STALL_LENGTH_700                               886        0.001%              886        0.001%
RET_STALL_LENGTH_800                               288        0.000%              288        0.000%
RET_STALL_LENGTH_900                               154        0.000%              154        0.000%
RET_STALL_LENGTH_1000                               98        0.000%               98        0.000%
RET_STALL_LENGTH_1100                              351        0.001%              351        0.001%
RET_STALL_LENGTH_1200                             2184        0.003%             2184        0.003%
RET_STALL_LENGTH_1300                              753        0.001%              753        0.001%
RET_STALL_LENGTH_1400                              157        0.000%              157        0.000%
RET_STALL_LENGTH_1500                               38        0.000%               38        0.000%
RET_STALL_LENGTH_1600                               80        0.000%               80        0.000%
RET_STALL_LENGTH_1700                              181        0.000%              181        0.000%
RET_STALL_LENGTH_1800                              130        0.000%              130        0.000%
RET_STALL_LENGTH_1900                               33        0.000%               33        0.000%
RET_STALL_LENGTH_2000                               19        0.000%               19        0.000%
RET_STALL_LENGTH_2100                                3        0.000%                3        0.000%
RET_STALL_LENGTH_2200                                1        0.000%                1        0.000%
RET_STALL_LENGTH_2300                                2        0.000%                2        0.000%
RET_STALL_LENGTH_2400                                1        0.000%                1        0.000%
RET_STALL_LENGTH_2500                                0        0.000%                0        0.000%
RET_STALL_LENGTH_2600                                0        0.000%                0        0.000%
RET_STALL_LENGTH_2700                                0        0.000%                0        0.000%
RET_STALL_LENGTH_2800                                0        0.000%                0        0.000%
RET_STALL_LENGTH_2900                                0        0.000%                0        0.000%
RET_STALL_LENGTH_3000                                0        0.000%                0        0.000%
RET_STALL_LENGTH_3100                                0        0.000%                0        0.000%
RET_STALL_LENGTH_3200                                0        0.000%                0        0.000%
RET_STALL_LENGTH_3300                                0        0.000%                0        0.000%
RET_STALL_LENGTH_3400                                0        0.000%                0        0.000%
RET_STALL_LENGTH_3500                                0        0.000%                0        0.000%
RET_STALL_LENGTH_3600                                1        0.000%                1        0.000%
RET_STALL_LENGTH_3700                                0        0.000%                0        0.000%
RET_STALL_LENGTH_3800                                0        0.000%                0        0.000%
RET_STALL_LENGTH_3900                                0        0.000%                0        0.000%
RET_STALL_LENGTH_4000                                0        0.000%                0        0.000%
RET_STALL_LENGTH_4100                                0        0.000%                0        0.000%
RET_STALL_LENGTH_4200                                0        0.000%                0        0.000%
RET_STALL_LENGTH_4300                                0        0.000%                0        0.000%
RET_STALL_LENGTH_4400                                0        0.000%                0        0.000%
RET_STALL_LENGTH_4500                                0        0.000%                0        0.000%
RET_STALL_LENGTH_4600                                0        0.000%                0        0.000%
RET_STALL_LENGTH_4700                                0        0.000%                0        0.000%
RET_STALL_LENGTH_4800                                0        0.000%                0        0.000%
RET_STALL_LENGTH_4900                                0        0.000%                0        0.000%
RET_STALL_LENGTH_5000                                0        0.000%                0        0.000%
                                              68299003      100.000%         68299003      100.000%
                                                  0.01         0.16              0.01         0.16

MEM_BLOCK_LENGTH_0                               14068       85.551%            14068       85.551%
MEM_BLOCK_LENGTH_100                              1519        9.237%             1519        9.237%
MEM_BLOCK_LENGTH_200                               340        2.068%              340        2.068%
MEM_BLOCK_LENGTH_300                               153        0.930%              153        0.930%
MEM_BLOCK_LENGTH_400                               158        0.961%              158        0.961%
MEM_BLOCK_LENGTH_500                               106        0.645%              106        0.645%
MEM_BLOCK_LENGTH_600                                43        0.261%               43        0.261%
MEM_BLOCK_LENGTH_700                                10        0.061%               10        0.061%
MEM_BLOCK_LENGTH_800                                 6        0.036%                6        0.036%
MEM_BLOCK_LENGTH_900                                 3        0.018%                3        0.018%
MEM_BLOCK_LENGTH_1000                                1        0.006%                1        0.006%
MEM_BLOCK_LENGTH_1100                                4        0.024%                4        0.024%
MEM_BLOCK_LENGTH_1200                               11        0.067%               11        0.067%
MEM_BLOCK_LENGTH_1300                                6        0.036%                6        0.036%
MEM_BLOCK_LENGTH_1400                                3        0.018%                3        0.018%
MEM_BLOCK_LENGTH_1500                                1        0.006%                1        0.006%
MEM_BLOCK_LENGTH_1600                                4        0.024%                4        0.024%
MEM_BLOCK_LENGTH_1700                                5        0.030%                5        0.030%
MEM_BLOCK_LENGTH_1800                                1        0.006%                1        0.006%
MEM_BLOCK_LENGTH_1900                                1        0.006%                1        0.006%
MEM_BLOCK_LENGTH_2000                                1        0.006%                1        0.006%
MEM_BLOCK_LENGTH_2100                                0        0.000%                0        0.000%
MEM_BLOCK_LENGTH_2200                                0        0.000%                0        0.000%
MEM_BLOCK_LENGTH_2300                                0        0.000%                0        0.000%
MEM_BLOCK_LENGTH_2400                                0        0.000%                0        0.000%
MEM_BLOCK_LENGTH_2500                                0        0.000%                0        0.000%
MEM_BLOCK_LENGTH_2600                                0        0.000%                0        0.000%
MEM_BLOCK_LENGTH_2700                                0        0.000%                0        0.000%
MEM_BLOCK_LENGTH_2800                                0        0.000%                0        0.000%
MEM_BLOCK_LENGTH_2900                                0        0.000%                0        0.000%
MEM_BLOCK_LENGTH_3000                                0        0.000%                0        0.000%
MEM_BLOCK_LENGTH_3100                                0        0.000%                0        0.000%
MEM_BLOCK_LENGTH_3200                                0        0.000%                0        0.000%
MEM_BLOCK_LENGTH_3300                                0        0.000%                0        0.000%
MEM_BLOCK_LENGTH_3400                                0        0.000%                0        0.000%
MEM_BLOCK_LENGTH_3500                                0        0.000%                0        0.000%
MEM_BLOCK_LENGTH_3600                                0        0.000%                0        0.000%
MEM_BLOCK_LENGTH_3700                                0        0.000%                0        0.000%
MEM_BLOCK_LENGTH_3800                                0        0.000%                0        0.000%
MEM_BLOCK_LENGTH_3900                                0        0.000%                0        0.000%
MEM_BLOCK_LENGTH_4000                                0        0.000%                0        0.000%
MEM_BLOCK_LENGTH_4100                                0        0.000%                0        0.000%
MEM_BLOCK_LENGTH_4200                                0        0.000%                0        0.000%
MEM_BLOCK_LENGTH_4300                                0        0.000%                0        0.000%
MEM_BLOCK_LENGTH_4400                                0        0.000%                0        0.000%
MEM_BLOCK_LENGTH_4500                                0        0.000%                0        0.000%
MEM_BLOCK_LENGTH_4600                                0        0.000%                0        0.000%
MEM_BLOCK_LENGTH_4700                                0        0.000%                0        0.000%
MEM_BLOCK_LENGTH_4800                                0        0.000%                0        0.000%
MEM_BLOCK_LENGTH_4900                                0        0.000%                0        0.000%
MEM_BLOCK_LENGTH_5000                                0        0.000%                0        0.000%
                                                 16444      100.000%            16444      100.000%
                                                  0.29         1.02              0.29         1.02

FUS_BUSY_ON_PATH                              78136499        0.7256         78136499        0.7256

FUS_BUSY_OFF_PATH                             17330775        0.1609         17330775        0.1609

FU_BUSY_MEM_STALL                              2040161        0.0189          2040161        0.0189

FUS_EMPTY                                    981321906        9.1134        981321906        9.1134

FU_UNAVAILABLE                                 6411578        0.0595          6411578        0.0595

FU_MEM_UNAVAILABLE                             1146918        0.0107          1146918        0.0107

FU_OTHER_UNAVAILABLE                                 0        0.0000                0        0.0000

FU_REPLAY                                            0        0.0000                0        0.0000

FU_STARVED                                   979972670        9.1009        979972670        9.1009

CHIP_UTILIZATION                                     0        0.0000                0        0.0000

CYCLES_UNDER_MEM_REQ                                 0                              0              

CYCLES_UNDER_NO_MEM_REQ                              0                              0              

CYCLES_UNDER_CRITICAL_MEM_REQ                        0                              0              

CYCLES_UNDER_NONCRITICAL_MEM_REQ                     0                              0              

CHIP_UTILIZATION_UNDER_MEM_REQ                       0          -nan                0          -nan

CHIP_UTILIZATION_UNDER_NO_MEM_REQ                    0          -nan                0          -nan

CHIP_UTILIZATION_UNDER_CRITICAL_MEM_REQ              0          -nan                0          -nan

CHIP_UTILIZATION_UNDER_NONCRITICAL_MEM_REQ             0          -nan                0          -nan

CYCLES_NOT_WAITING_FOR_OFF_CHIP                      0        0.0000                0        0.0000

FUS_BUSY_NOT_WAITING_FOR_OFF_CHIP                    0          -nan                0          -nan

CYCLES_WAITING_FOR_OFF_CHIP                          0        0.0000                0        0.0000

FUS_BUSY_WAITING_FOR_OFF_CHIP                        0          -nan                0          -nan

TOTAL_OFF_CHIP_DELAYS_LEFT                           0                              0              

WRONG_IO_SCHED                                       0                              0              

DVFS_CONFIG_SWITCH                                   0                              0              

MAP_STAGE_RECEIVED_OPS_0                             0        0.000%                0        0.000%
MAP_STAGE_RECEIVED_OPS_1                       1618738       10.469%          1618738       10.469%
MAP_STAGE_RECEIVED_OPS_2                       1646875       10.651%          1646875       10.651%
MAP_STAGE_RECEIVED_OPS_3                       1616850       10.457%          1616850       10.457%
MAP_STAGE_RECEIVED_OPS_4                       1741069       11.261%          1741069       11.261%
MAP_STAGE_RECEIVED_OPS_5                       1802877       11.660%          1802877       11.660%
MAP_STAGE_RECEIVED_OPS_6                       7035277       45.501%          7035277       45.501%
MAP_STAGE_RECEIVED_OPS_7                             0        0.000%                0        0.000%
MAP_STAGE_RECEIVED_OPS_8                             0        0.000%                0        0.000%
MAP_STAGE_RECEIVED_OPS_MAX                           0        0.000%                0        0.000%
                                              15461686      100.000%         15461686      100.000%
                                                  4.39         1.80              4.39         1.80

MAP_STAGE_WAIT_FOR_DECODE                            0         -nan%                0         -nan%
MAP_STAGE_CONSUME_DECODE                             0         -nan%                0         -nan%
                                                     0         -nan%                0         -nan%
                                                  -nan         -nan              -nan         -nan

MAP_STAGE_WAIT_FOR_DECODE2                           0         -nan%                0         -nan%
MAP_STAGE_CONSUME_DECODE2                            0         -nan%                0         -nan%
                                                     0         -nan%                0         -nan%
                                                  -nan         -nan              -nan         -nan

FTQ_RECOVER_EXEC                                409473                         409473              

FTQ_RECOVER_DECODE                                  34                             34              

FTQ_OFFPATH_CYCLES                            79098314                       79098314              

FTQ_CYCLES_OFFPATH                            79098314                       79098314              

FTQ_CYCLES_ONPATH                             28580604                       28580604              

FTQ_FETCHED_INS_ONPATH                        68298997                       68298997              

FTQ_FETCHED_INS_OFFPATH                      151317862                      151317862              

FTQ_BREAK_FULL_FT_ONPATH                      16642448                       16642448              

FTQ_BREAK_FULL_FT_OFFPATH                     54693494                       54693494              

FTQ_BREAK_PRED_BR_ONPATH                             0                              0              

FTQ_BREAK_PRED_BR_OFFPATH                            0                              0              

FTQ_BREAK_BAR_FETCH_ONPATH                           0                              0              

FTQ_BREAK_BAR_FETCH_OFFPATH                          0                              0              

FTQ_BREAK_MAX_CFS_TAKEN_ONPATH                       0                              0              

FTQ_BREAK_MAX_CFS_TAKEN_OFFPATH                      0                              0              

FTQ_BREAK_MAX_FT_ONPATH                       11936786                       11936786              

FTQ_BREAK_MAX_FT_OFFPATH                      24404820                       24404820              

DFE_GEN_ON_PATH_FT                            15643899                       15643899              

DFE_GEN_OFF_PATH_FT                           28548963                       28548963              

DFE_L0_ENABLED_PREDICTIONS                    68299003                       68299003              

DFE_L0_WRONG_MAIN_CORRECT                       305166                         305166              

DFE_L0_WRONG_MAIN_WRONG                         321564                         321564              

DFE_L0_CORRECT_MAIN_WRONG                        87943                          87943              

DFE_L0_CORRECT_MAIN_CORRECT                   67584330                       67584330              

DFE_L0_WRONG_MAIN_CORRECT_RECOVERY_SCHEDULED             0                              0              

FTQ_SAW_BAR_FETCH_OFFPATH                            0                              0              

FTQ_SAW_BAR_FETCH_ONPATH                             2                              2              

DFE_CONF_0_RECOVER_AT_EXEC                           0         -nan%                0         -nan%
DFE_CONF_1_RECOVER_AT_EXEC                           0         -nan%                0         -nan%
DFE_CONF_2_RECOVER_AT_EXEC                           0         -nan%                0         -nan%
DFE_CONF_3_RECOVER_AT_EXEC                           0         -nan%                0         -nan%
DFE_CONF_0_CORRECT                                   0         -nan%                0         -nan%
DFE_CONF_1_CORRECT                                   0         -nan%                0         -nan%
DFE_CONF_2_CORRECT                                   0         -nan%                0         -nan%
DFE_CONF_3_CORRECT                                   0         -nan%                0         -nan%
                                                     0         -nan%                0         -nan%
                                                  -nan         -nan              -nan         -nan

DFE_ON_CONF_ON_OPS                                   0         -nan%                0         -nan%
DFE_ON_CONF_OFF_OPS                                  0         -nan%                0         -nan%
DFE_OFF_CONF_ON_OPS                                  0         -nan%                0         -nan%
DFE_OFF_CONF_OFF_REALISTIC_OPS                       0         -nan%                0         -nan%
DFE_OFF_CONF_OFF_PERFECT_OPS                         0         -nan%                0         -nan%
                                                     0         -nan%                0         -nan%
                                                  -nan         -nan              -nan         -nan

DFE_ON_CONF_ON_FETCH_TARGETS                         0         -nan%                0         -nan%
DFE_ON_CONF_OFF_FETCH_TARGETS                        0         -nan%                0         -nan%
DFE_OFF_CONF_ON_FETCH_TARGETS                        0         -nan%                0         -nan%
DFE_OFF_CONF_OFF_REALISTIC_FETCH_TARGETS             0         -nan%                0         -nan%
DFE_OFF_CONF_OFF_PERFECT_FETCH_TARGETS               0         -nan%                0         -nan%
                                                     0         -nan%                0         -nan%
                                                  -nan         -nan              -nan         -nan

DFE_ON_CONF_ON_CYCLES                                0         -nan%                0         -nan%
DFE_ON_CONF_OFF_CYCLES                               0         -nan%                0         -nan%
DFE_OFF_CONF_ON_CYCLES                               0         -nan%                0         -nan%
DFE_OFF_CONF_OFF_REALISTIC_CYCLES                    0         -nan%                0         -nan%
DFE_OFF_CONF_OFF_PERFECT_CYCLES                      0         -nan%                0         -nan%
                                                     0         -nan%                0         -nan%
                                                  -nan         -nan              -nan         -nan

DFE_OFF_CONF_ON_NUM_EVENTS                           0                              0              

DFE_OFF_CONF_ON_NOT_IDENTIFIED_EVENTS                0         -nan%                0         -nan%
DFE_OFF_CONF_ON_IBTB_MISS_EVENTS                     0         -nan%                0         -nan%
DFE_OFF_CONF_ON_BTB_MISS_EVENTS                      0         -nan%                0         -nan%
DFE_OFF_CONF_ON_BTB_MISS_RECOVER_AT_EXEC_EVENTS             0         -nan%                0         -nan%
DFE_OFF_CONF_ON_RECOVER_AT_EXEC_EVENTS               0         -nan%                0         -nan%
DFE_OFF_CONF_ON_RECOVER_AT_DECODE_EVENTS             0         -nan%                0         -nan%
                                                     0         -nan%                0         -nan%
                                                  -nan         -nan              -nan         -nan

DFE_OFF_CONF_ON_LATE_BTB_HIT_EVENTS                  0                              0              

DFE_OFF_CONF_ON_NOT_IDENTIFIED_CYCLES                0         -nan%                0         -nan%
DFE_OFF_CONF_ON_IBTB_MISS_CYCLES                     0         -nan%                0         -nan%
DFE_OFF_CONF_ON_BTB_MISS_CYCLES                      0         -nan%                0         -nan%
DFE_OFF_CONF_ON_BTB_MISS_RECOVER_AT_EXEC_CYCLES             0         -nan%                0         -nan%
DFE_OFF_CONF_ON_RECOVER_AT_EXEC_CYCLES               0         -nan%                0         -nan%
DFE_OFF_CONF_ON_RECOVER_AT_DECODE_CYCLES             0         -nan%                0         -nan%
                                                     0         -nan%                0         -nan%
                                                  -nan         -nan              -nan         -nan

DFE_OFF_CONF_ON_LATE_BTB_HIT_CYCLES                  0                              0              

DFE_OFF_CONF_ON_NOT_IDENTIFIED_FETCH_TARGETS             0         -nan%                0         -nan%
DFE_OFF_CONF_ON_IBTB_MISS_FETCH_TARGETS              0         -nan%                0         -nan%
DFE_OFF_CONF_ON_BTB_MISS_FETCH_TARGETS               0         -nan%                0         -nan%
DFE_OFF_CONF_ON_BTB_MISS_RECOVER_AT_EXEC_FETCH_TARGETS             0         -nan%                0         -nan%
DFE_OFF_CONF_ON_RECOVER_AT_EXEC_FETCH_TARGETS             0         -nan%                0         -nan%
DFE_OFF_CONF_ON_RECOVER_AT_DECODE_FETCH_TARGETS             0         -nan%                0         -nan%
                                                     0         -nan%                0         -nan%
                                                  -nan         -nan              -nan         -nan

DFE_OFF_CONF_ON_LATE_BTB_HIT_FETCH_TARGETS             0                              0              

DFE_OFF_CONF_ON_BP_INCORRECT_0_CONF                  0         -nan%                0         -nan%
DFE_OFF_CONF_ON_BP_INCORRECT_1_CONF                  0         -nan%                0         -nan%
DFE_OFF_CONF_ON_BP_INCORRECT_2_CONF                  0         -nan%                0         -nan%
DFE_OFF_CONF_ON_BP_INCORRECT_3_CONF                  0         -nan%                0         -nan%
                                                     0         -nan%                0         -nan%
                                                  -nan         -nan              -nan         -nan

DFE_OFF_CONF_ON_BTB_MISS_CBR_0_CONF                  0         -nan%                0         -nan%
DFE_OFF_CONF_ON_BTB_MISS_CBR_1_CONF                  0         -nan%                0         -nan%
DFE_OFF_CONF_ON_BTB_MISS_CBR_2_CONF                  0         -nan%                0         -nan%
DFE_OFF_CONF_ON_BTB_MISS_CBR_3_CONF                  0         -nan%                0         -nan%
                                                     0         -nan%                0         -nan%
                                                  -nan         -nan              -nan         -nan

DFE_OFF_CONF_ON_BTB_MISS_NOT_CF                      0         -nan%                0         -nan%
DFE_OFF_CONF_ON_BTB_MISS_CF_BR                       0         -nan%                0         -nan%
DFE_OFF_CONF_ON_BTB_MISS_CF_CBR                      0         -nan%                0         -nan%
DFE_OFF_CONF_ON_BTB_MISS_CF_CALL                     0         -nan%                0         -nan%
DFE_OFF_CONF_ON_BTB_MISS_CF_IBR                      0         -nan%                0         -nan%
DFE_OFF_CONF_ON_BTB_MISS_CF_ICALL                    0         -nan%                0         -nan%
DFE_OFF_CONF_ON_BTB_MISS_CF_ICO                      0         -nan%                0         -nan%
DFE_OFF_CONF_ON_BTB_MISS_CF_RET                      0         -nan%                0         -nan%
DFE_OFF_CONF_ON_BTB_MISS_CF_SYS                      0         -nan%                0         -nan%
                                                     0         -nan%                0         -nan%
                                                  -nan         -nan              -nan         -nan

DFE_ON_CONF_OFF_NUM_EVENTS                           0                              0              

CONF_BTB_NUM_CYCLES_OFF_PATH_EVENT                   0                              0              

DFE_ON_CONF_OFF_IBTB_MISS_BP_TAKEN                   0         -nan%                0         -nan%
DFE_ON_CONF_OFF_BTB_MISS_BP_TAKEN_CONF_0             0         -nan%                0         -nan%
DFE_ON_CONF_OFF_BTB_MISS_BP_TAKEN_CONF_1             0         -nan%                0         -nan%
DFE_ON_CONF_OFF_BTB_MISS_BP_TAKEN_CONF_2             0         -nan%                0         -nan%
DFE_ON_CONF_OFF_BTB_MISS_BP_TAKEN_CONF_3             0         -nan%                0         -nan%
DFE_ON_CONF_OFF_BTB_MISS_RATE                        0         -nan%                0         -nan%
DFE_ON_CONF_OFF_IBTB_MISS_RATE                       0         -nan%                0         -nan%
DFE_ON_CONF_OFF_RECOVER_AT_DECODE_RATE               0         -nan%                0         -nan%
DFE_ON_CONF_OFF_RECOVER_AT_EXEC_RATE                 0         -nan%                0         -nan%
DFE_ON_CONF_OFF_INV_CONF_INC                         0         -nan%                0         -nan%
DFE_ON_CONF_OFF_PERFECT_CONF                         0         -nan%                0         -nan%
                                                     0         -nan%                0         -nan%
                                                  -nan         -nan              -nan         -nan

DFE_ON_CONF_OFF_IBTB_MISS_BP_TAKEN_CYCLES             0         -nan%                0         -nan%
DFE_ON_CONF_OFF_BTB_MISS_BP_TAKEN_CONF_0_CYCLES             0         -nan%                0         -nan%
DFE_ON_CONF_OFF_BTB_MISS_BP_TAKEN_CONF_1_CYCLES             0         -nan%                0         -nan%
DFE_ON_CONF_OFF_BTB_MISS_BP_TAKEN_CONF_2_CYCLES             0         -nan%                0         -nan%
DFE_ON_CONF_OFF_BTB_MISS_BP_TAKEN_CONF_3_CYCLES             0         -nan%                0         -nan%
DFE_ON_CONF_OFF_BTB_MISS_RATE_CYCLES                 0         -nan%                0         -nan%
DFE_ON_CONF_OFF_IBTB_MISS_RATE_CYCLES                0         -nan%                0         -nan%
DFE_ON_CONF_OFF_RECOVER_AT_DECODE_RATE_CYCLES             0         -nan%                0         -nan%
DFE_ON_CONF_OFF_RECOVER_AT_EXEC_RATE_CYCLES             0         -nan%                0         -nan%
DFE_ON_CONF_OFF_INV_CONF_INC_CYCLES                  0         -nan%                0         -nan%
DFE_ON_CONF_OFF_PERFECT_CONF_CYCLES                  0         -nan%                0         -nan%
                                                     0         -nan%                0         -nan%
                                                  -nan         -nan              -nan         -nan

DFE_ON_CONF_OFF_IBTB_MISS_BP_TAKEN_FETCH_TARGETS             0         -nan%                0         -nan%
DFE_ON_CONF_OFF_BTB_MISS_BP_TAKEN_CONF_0_FETCH_TARGETS             0         -nan%                0         -nan%
DFE_ON_CONF_OFF_BTB_MISS_BP_TAKEN_CONF_1_FETCH_TARGETS             0         -nan%                0         -nan%
DFE_ON_CONF_OFF_BTB_MISS_BP_TAKEN_CONF_2_FETCH_TARGETS             0         -nan%                0         -nan%
DFE_ON_CONF_OFF_BTB_MISS_BP_TAKEN_CONF_3_FETCH_TARGETS             0         -nan%                0         -nan%
DFE_ON_CONF_OFF_BTB_MISS_RATE_FETCH_TARGETS             0         -nan%                0         -nan%
DFE_ON_CONF_OFF_IBTB_MISS_RATE_FETCH_TARGETS             0         -nan%                0         -nan%
DFE_ON_CONF_OFF_RECOVER_AT_DECODE_RATE_FETCH_TARGETS             0         -nan%                0         -nan%
DFE_ON_CONF_OFF_RECOVER_AT_EXEC_RATE_FETCH_TARGETS             0         -nan%                0         -nan%
DFE_ON_CONF_OFF_INV_CONF_INC_FETCH_TARGETS             0         -nan%                0         -nan%
DFE_ON_CONF_OFF_PERFECT_CONF_FETCH_TARGETS             0         -nan%                0         -nan%
                                                     0         -nan%                0         -nan%
                                                  -nan         -nan              -nan         -nan

CONF_OFF_IBTB_MISS_BP_TAKEN                          0         -nan%                0         -nan%
CONF_OFF_BTB_MISS_BP_TAKEN_CONF_0                    0         -nan%                0         -nan%
CONF_OFF_BTB_MISS_BP_TAKEN_CONF_1                    0         -nan%                0         -nan%
CONF_OFF_BTB_MISS_BP_TAKEN_CONF_2                    0         -nan%                0         -nan%
CONF_OFF_BTB_MISS_BP_TAKEN_CONF_3                    0         -nan%                0         -nan%
CONF_OFF_BTB_MISS_RATE                               0         -nan%                0         -nan%
CONF_OFF_IBTB_MISS_RATE                              0         -nan%                0         -nan%
CONF_OFF_RECOVER_AT_DECODE_RATE                      0         -nan%                0         -nan%
CONF_OFF_RECOVER_AT_EXEC_RATE                        0         -nan%                0         -nan%
CONF_OFF_INV_CONF_INC                                0         -nan%                0         -nan%
CONF_OFF_PERFECT_CONF                                0         -nan%                0         -nan%
                                                     0         -nan%                0         -nan%
                                                  -nan         -nan              -nan         -nan

TOPDOWN_TOTAL_SLOTS                          646073508                      646073508              

TOPDOWN_ISSUED_SLOTS                         126244961                      126244961              

TOPDOWN_RETIRED_SLOTS                         68299003                       68299003              

TOPDOWN_FETCH_BUBBLES_SLOTS                   37285498                       37285498              

TOPDOWN_RECOVERY_BUBBLES_SLOTS                 7025081                        7025081              

TOPDOWN_MEM_LOAD_STALLS_CYCLES                78979479                       78979479              

TOPDOWN_MEM_STORE_STALLS_CYCLES                      0                              0              

TOPDOWN_EXEC_STALLS_CYCLES                    74025280                       74025280              

TOPDOWN_BACKEND_STALLS_CYCLES                 78979492                       78979492              

TOPDOWN_FETCH_BUBBLES_GT_MIW_CYCLES             174248                         174248              

TOPDOWN_BR_RECOVER_AT_EXEC_RETIRED_CYCLES        409473                         409473              

TOPDOWN_MACHINE_CLEAR_CYCLES                    714673                         714673              

TOPDOWN_FRONTEND_BOUND                             577                            577              

TOPDOWN_BACKEND_BOUND                             7361                           7361              

TOPDOWN_BAD_SPEC_BOUND                            1005                           1005              

TOPDOWN_RETIRING_BOUND                            1057                           1057              

TOPDOWN_FETCH_LATENCY_BOUND                         16                             16              

TOPDOWN_FETCH_BANDWIDTH_BOUND                      561                            561              

TOPDOWN_MEM_BOUND                                 7360                           7360              

TOPDOWN_CORE_BOUND                                   1                              1              

TOPDOWN_BR_RECOVER_AT_EXEC_BOUND                   366                            366              

TOPDOWN_MACHINE_CLEARS_BOUND                       639                            639              

H2P_SEEN_MAIN                                   708255                         708255              



