/* -*- Mode: c -*- */
####################################################################################################
Core 0
####################################################################################################
Cumulative:        Cycles: 16803771              Instructions: 30000000              IPC: 1.78531

Periodic:          Cycles: 5726707               Instructions: 9999997               IPC: 1.74620

DCACHE_PREF_HIT                                      0                              0              

IFETCH_WB_FIRST_SCHEDULE                             0         -nan%                0         -nan%
PREFETCH_LAST_SCHEDULE                               0         -nan%                0         -nan%
DEMAND_PASS_PREF_SCHEDULE                            0         -nan%                0         -nan%
DEMAND_PASS_LOW_OP_SCHEDULE                          0         -nan%                0         -nan%
DEMAND_LAST_SCHEDULE                                 0         -nan%                0         -nan%
                                                     0         -nan%                0         -nan%
                                                  -nan         -nan              -nan         -nan

SEND_MISS_REQ_QUEUE                              22113                          74792              

L1_DATA_EVICT                                    22389                          42685              

STREAM_BUFFER_REQ                                    0                              0              

PREF_SEND_TO_MEM_REQ                                 0         -nan%                0         -nan%
PREF_SEND_TO_MEM_REQ_FAIL                            0         -nan%                0         -nan%
                                                     0         -nan%                0         -nan%
                                                  -nan         -nan              -nan         -nan

HIT_TRAIN_STREAM                                  3441       20.120%            12069       22.442%
MISS_TRAIN_STREAM                                13661       79.880%            41710       77.558%
                                                 17102      100.000%            53779      100.000%
                                                  0.80         0.74              0.78         0.71

STREAM_TRAIN_CREATE                               5991                          17900              

MEM_REQ_MISS_HWP_PREF_Q                              0         -nan%                0         -nan%
MEM_REQ_MISS_SW_PREF_Q                               0         -nan%                0         -nan%
MEM_REQ_MISS_IFETCH_Q                                0         -nan%                0         -nan%
MEM_REQ_MISS_DFETCH_Q                                0         -nan%                0         -nan%
MEM_REQ_MISS_DSTORE_Q                                0         -nan%                0         -nan%
MEM_REQ_MISS_DPRF_Q                                  0         -nan%                0         -nan%
MEM_REQ_MISS_WB_Q                                    0         -nan%                0         -nan%
                                                     0         -nan%                0         -nan%
                                                  -nan         -nan              -nan         -nan

PREF_HIT_BY_DEMAND_IFETCH                            0         -nan%                0         -nan%
PREF_HIT_BY_DEMAND_DFETCH                            0         -nan%                0         -nan%
PREF_HIT_BY_DEMAND_DSTORE                            0         -nan%                0         -nan%
PREF_HIT_BY_DEMAND_IPREF                             0         -nan%                0         -nan%
PREF_HIT_BY_DEMAND_DPRF                              0         -nan%                0         -nan%
PREF_HIT_BY_DEMAND_WB                                0         -nan%                0         -nan%
PREF_HIT_BY_PREF                                     0         -nan%                0         -nan%
                                                     0         -nan%                0         -nan%
                                                  -nan         -nan              -nan         -nan

PREF_HIT_DEMAND_IFETCH                               0         -nan%                0         -nan%
PREF_HIT_DEMAND_DFETCH                               0         -nan%                0         -nan%
PREF_HIT_DEMAND_DSTORE                               0         -nan%                0         -nan%
PREF_HIT_DEMAND_IPREF                                0         -nan%                0         -nan%
PREF_HIT_DEMAND_DPRF                                 0         -nan%                0         -nan%
PREF_HIT_DEMAND_WB                                   0         -nan%                0         -nan%
                                                     0         -nan%                0         -nan%
                                                  -nan         -nan              -nan         -nan

PREF_L1_FILL                                         0         -nan%                0         -nan%
DEMAND_L1_FILL                                       0         -nan%                0         -nan%
                                                     0         -nan%                0         -nan%
                                                  -nan         -nan              -nan         -nan

TOUCH_L1_REPLACE                                     0        0.000%                0        0.000%
NO_TOUCH_L1_REPLACE                              22389      100.000%            42685      100.000%
                                                 22389      100.000%            42685      100.000%
                                                  1.00         1.00              1.00         1.00

PREF_REQ_QUE_FULL                                    0                              0              

STREAM_REQ_QUEUE_HIT_BY_DEMAND                       0                              0              

L2HIT_STREAM_PREF_REQ_QUE_FULL                       0                              0              

L2HIT_HIT_TRAIN_STREAM                               0         -nan%                0         -nan%
L2HIT_MISS_TRAIN_STREAM                              0         -nan%                0         -nan%
                                                     0         -nan%                0         -nan%
                                                  -nan         -nan              -nan         -nan

L2HIT_STREAM_TRAIN_CREATE                            0                              0              

L2HIT_STREAM_BUFFER_REQ                              0                              0              

L2HIT_STREAM_PREF_DCACHE_HIT                         0         -nan%                0         -nan%
L2HIT_STREAM_PREF_DCACHE_INSERT                      0         -nan%                0         -nan%
L2HIT_STREAM_L2_MISS                                 0         -nan%                0         -nan%
                                                     0         -nan%                0         -nan%
                                                  -nan         -nan              -nan         -nan

L2HIT_STREAM_DCACHE_PORT_FULL                        0                              0              

L2HIT_STREAM_PREF_L1_PORT_FULL                       0                              0              

L2HIT_TRAIN_HIT_DEMAND                               0         -nan%                0         -nan%
L2HIT_TRAIN_MISS_REQ                                 0         -nan%                0         -nan%
                                                     0         -nan%                0         -nan%
                                                  -nan         -nan              -nan         -nan

L2HIT_TRAIN_FILTER_MISS                              0         -nan%                0         -nan%
L2HIT_TRAIN_FILTER_HIT                               0         -nan%                0         -nan%
                                                     0         -nan%                0         -nan%
                                                  -nan         -nan              -nan         -nan

L2HIT_PREF_REQ_DCACHE_HIT                            0         -nan%                0         -nan%
L2HIT_PREF_REQ_DCACHE_MISS                           0         -nan%                0         -nan%
                                                     0         -nan%                0         -nan%
                                                  -nan         -nan              -nan         -nan

L2HIT_L2SEND_Q_FULL                                  0         -nan%                0         -nan%
L2HIT_L2SEND_Q_ENTER                                 0         -nan%                0         -nan%
                                                     0         -nan%                0         -nan%
                                                  -nan         -nan              -nan         -nan

L2HIT_MEM_REQ                                        0                              0              

REMOVE_REDUNDANT_STREAM_STAT                         0                              0              

REPLACE_OLD_STREAM                                5991                          17884              

REQ_SEND_QUEUE_STALL                                 0                              0              

STREAM_ENTER_RA                                      0                              0              

CORE_STREAM_LENGTH_0                               105       18.389%              275       15.537%
CORE_STREAM_LENGTH_10                              187       32.750%              572       32.316%
CORE_STREAM_LENGTH_20                              124       21.716%              564       31.864%
CORE_STREAM_LENGTH_30                              128       22.417%              260       14.689%
CORE_STREAM_LENGTH_40                                2        0.350%                8        0.452%
CORE_STREAM_LENGTH_50                                7        1.226%               19        1.073%
CORE_STREAM_LENGTH_60                                3        0.525%               15        0.847%
CORE_STREAM_LENGTH_70                                2        0.350%               11        0.621%
CORE_STREAM_LENGTH_80                                3        0.525%               12        0.678%
CORE_STREAM_LENGTH_90                                1        0.175%                7        0.395%
CORE_STREAM_LENGTH_100_P                             9        1.576%               27        1.525%
                                                   571      100.000%             1770      100.000%
                                                  1.78         1.51              1.81         1.55

CORE_CUM_STREAM_LENGTH_0                           783        6.291%             2021        5.215%
CORE_CUM_STREAM_LENGTH_10                         2529       20.318%             7772       20.057%
CORE_CUM_STREAM_LENGTH_20                         2599       20.881%            11685       30.155%
CORE_CUM_STREAM_LENGTH_30                         4347       34.924%             8831       22.790%
CORE_CUM_STREAM_LENGTH_40                           92        0.739%              347        0.895%
CORE_CUM_STREAM_LENGTH_50                          369        2.965%             1021        2.635%
CORE_CUM_STREAM_LENGTH_60                          191        1.535%              966        2.493%
CORE_CUM_STREAM_LENGTH_70                          148        1.189%              803        2.072%
CORE_CUM_STREAM_LENGTH_80                          250        2.009%             1009        2.604%
CORE_CUM_STREAM_LENGTH_90                           92        0.739%              655        1.690%
CORE_CUM_STREAM_LENGTH_100_P                      1047        8.412%             3640        9.394%
                                                 12447      100.000%            38750      100.000%
                                                  3.09         2.67              3.25         2.91

CORE_STREAM_TRAIN_HITS_0                           291       50.963%              906       51.186%
CORE_STREAM_TRAIN_HITS_10                          256       44.834%              769       43.446%
CORE_STREAM_TRAIN_HITS_20                            7        1.226%               23        1.299%
CORE_STREAM_TRAIN_HITS_30                            3        0.525%               15        0.847%
CORE_STREAM_TRAIN_HITS_40                            5        0.876%               15        0.847%
CORE_STREAM_TRAIN_HITS_50                            3        0.525%               16        0.904%
CORE_STREAM_TRAIN_HITS_60                            3        0.525%                6        0.339%
CORE_STREAM_TRAIN_HITS_70                            0        0.000%                5        0.282%
CORE_STREAM_TRAIN_HITS_80                            1        0.175%                7        0.395%
CORE_STREAM_TRAIN_HITS_90                            1        0.175%                2        0.113%
CORE_STREAM_TRAIN_HITS_100_P                         1        0.175%                6        0.339%
                                                   571      100.000%             1770      100.000%
                                                  0.63         0.92              0.68         1.08

CORE_CUM_STREAM_TRAIN_HITS_0                      1748       30.331%             5548       28.973%
CORE_CUM_STREAM_TRAIN_HITS_10                     2859       49.610%             8519       44.488%
CORE_CUM_STREAM_TRAIN_HITS_20                      168        2.915%              543        2.836%
CORE_CUM_STREAM_TRAIN_HITS_30                      106        1.839%              509        2.658%
CORE_CUM_STREAM_TRAIN_HITS_40                      231        4.008%              676        3.530%
CORE_CUM_STREAM_TRAIN_HITS_50                      163        2.828%              865        4.517%
CORE_CUM_STREAM_TRAIN_HITS_60                      199        3.453%              395        2.063%
CORE_CUM_STREAM_TRAIN_HITS_70                        0        0.000%              374        1.953%
CORE_CUM_STREAM_TRAIN_HITS_80                       82        1.423%              587        3.065%
CORE_CUM_STREAM_TRAIN_HITS_90                       94        1.631%              185        0.966%
CORE_CUM_STREAM_TRAIN_HITS_100_P                   113        1.961%              948        4.951%
                                                  5763      100.000%            19149      100.000%
                                                  1.58         2.09              2.04         2.60

CORE_STREAM_TRAIN_CREATE                          5991                          17900              



