/* -*- Mode: c -*- */
####################################################################################################
Core 0
####################################################################################################
Cumulative:        Cycles: 15006586              Instructions: 30000000              IPC: 1.99912

Periodic:          Cycles: 4825208               Instructions: 9999995               IPC: 2.07245

EXECUTION_TIME                           1507877500000                  4689558125000              

SIM_HOST_WALL_SECONDS                       504.573765                     504.573765              

NODE_CYCLE                                     4825208                       15006586              

NODE_INST_COUNT                               10007564                       30038785              

NODE_INST_COUNT_FETCHED                        9999995                       30000000              

NODE_UOP_COUNT                                11376997                       34131282              

EXEC_STAGE_NO_ISSUE_STALL_CYCLE                3457568                       10420058              

EXEC_STAGE_NO_ISSUE_STALL_CYCLE_ONPATH         3101122                        9472052              

FULL_WINDOW_STALL                              2272379       47.094%          7294318       48.607%

FULL_WINDOW_MEM_OP                             1720873      100.000%          5588713      100.000%
FULL_WINDOW_FP_OP                                    2        0.000%               10        0.000%
FULL_WINDOW_OTHER_OP                                 0        0.000%                0        0.000%
                                               1720875      100.000%          5588723      100.000%
                                                  0.00         0.00              0.00         0.00

RET_BLOCKED_DC_MISS                              81741        1.694%           707551        4.715%

RET_BLOCKED_L1_MISS                               1109        0.023%           263474        1.756%

RET_BLOCKED_L1_MISS_BW_PREF                          0        0.000%             8980        0.060%

RET_BLOCKED_L1_ACCESS                            80632        1.671%           444330        2.961%

RET_BLOCKED_MEM_STALL                             1159        0.024%           267318        1.781%

RET_BLOCKED_OFFCHIP_DEMAND                           0        0.000%                0        0.000%

OP_ISSUED                                     12274201                       36588384              

OP_RETIRED                                    11376997                       34131282              

OP_MACRO_FUSION_ONPATH                               0                              0              

OP_MACRO_FUSION_OFFPATH                              0                              0              

REPLAY_SIGNALED                                      0                              0              

REPLAY_COUNTED                                       0                              0              

OFF_CRITICAL_PATH                                    0         -nan%                0         -nan%
ON_CRITICAL_PATH                                     0         -nan%                0         -nan%
                                                     0         -nan%                0         -nan%
                                                  -nan         -nan              -nan         -nan

LD_NO_DEPENDENTS                                308873       11.029%           928665       11.062%
LD_DEPENDENTS                                  2491724       88.971%          7466253       88.938%
                                               2800597      100.000%          8394918      100.000%
                                                  0.89         0.85              0.89         0.85

LD_EXEC_CYCLES_0                                     0        0.000%                0        0.000%
LD_EXEC_CYCLES_1                                     0        0.000%                0        0.000%
LD_EXEC_CYCLES_2                                     0        0.000%                0        0.000%
LD_EXEC_CYCLES_3                                    26       15.854%              193       27.454%
LD_EXEC_CYCLES_4                                   138       84.146%              510       72.546%
                                                   164      100.000%              703      100.000%
                                                  3.84         3.55              3.73         3.21

LD_RETIRED_ONPATH                              2800597                        8394918              

LD_EXEC_MINUS_FETCH_LATENCY                  336177911                     1067891124              

LD_RETIRE_MINUS_FETCH_LATENCY                431166140                     1357503807              

LD_EXEC_TO_DONE_LATENCY                       14851450                       46519941              

ICACHE_STAGE_STARVED                            272608        7.346%           916305        7.927%
ICACHE_STAGE_NOT_STARVED                       3438205       92.654%         10643021       92.073%
                                               3710813      100.000%         11559326      100.000%
                                                  0.93         0.89              0.92         0.89

ICACHE_STAGE_STALLED                           1543174       31.982%          4979187       33.180%
ICACHE_STAGE_NOT_STALLED                       2167639       44.923%          6580139       43.848%
ICACHE_STAGE_OFF_PATH                          1114395       23.095%          3447260       22.972%
                                               4825208      100.000%         15006586      100.000%
                                                  0.91         0.68              0.90         0.68

DECODE_STAGE_STARVED                           2109817       53.606%          7343885       58.699%
DECODE_STAGE_NOT_STARVED                       1825940       46.394%          5167209       41.301%
                                               3935757      100.000%         12511094      100.000%
                                                  0.46         0.48              0.41         0.46

DECODE_STAGE_STALLED                           1317949       27.314%          3979372       26.518%
DECODE_STAGE_NOT_STALLED                       2617808       54.253%          8531722       56.853%
DECODE_STAGE_OFF_PATH                           889451       18.433%          2495492       16.629%
                                               4825208      100.000%         15006586      100.000%
                                                  0.91         0.61              0.90         0.58

UOPQ_STAGE_STARVED                             2182130       71.848%          6419307       71.054%
UOPQ_STAGE_NOT_STARVED                          855008       28.152%          2615083       28.946%
                                               3037138      100.000%          9034390      100.000%
                                                  0.28         0.41              0.29         0.41

UOPQ_STAGE_STALLED                              824894       17.096%          3055728       20.363%
UOPQ_STAGE_NOT_STALLED                         3037138       62.943%          9034390       60.203%
UOPQ_STAGE_OFF_PATH                             963176       19.961%          2916468       19.435%
                                               4825208      100.000%         15006586      100.000%
                                                  1.03         0.63              0.99         0.62

RS_OP_READY_NOT_ISSUED_TOTAL                   4178510                       12694318              

RS_0_OP_READY_NOT_ISSUED                       2868741                        8844910              

RS_1_OP_READY_NOT_ISSUED                        475575                        1238568              

RS_2_OP_READY_NOT_ISSUED                        834194                        2610840              

RS_3_OP_READY_NOT_ISSUED                             0                              0              

RS_4_OP_READY_NOT_ISSUED                             0                              0              

RS_5_OP_READY_NOT_ISSUED                             0                              0              

RS_6_OP_READY_NOT_ISSUED                             0                              0              

RS_7_OP_READY_NOT_ISSUED                             0                              0              

RS_7_PLUS_OP_READY_NOT_ISSUED                        0                              0              

FU_IDLE_NO_READY_OPS_TOTAL                    22999639                       74421111              

FU_0_IDLE_NO_READY_OPS                         1642961                        5443690              

FU_1_IDLE_NO_READY_OPS                         2115687                        6859518              

FU_2_IDLE_NO_READY_OPS                         2388726                        7715797              

FU_3_IDLE_NO_READY_OPS                         2388551                        7715102              

FU_4_IDLE_NO_READY_OPS                         2140922                        6938187              

FU_5_IDLE_NO_READY_OPS                         1604995                        5329824              

FU_6_IDLE_NO_READY_OPS                         3104888                        9916668              

FU_7_IDLE_NO_READY_OPS                         3104968                        9916021              

FU_8_IDLE_NO_READY_OPS                         2119036                        6872542              

FU_9_IDLE_NO_READY_OPS                         2388905                        7713762              

FU_10_IDLE_NO_READY_OPS                              0                              0              

FU_11_IDLE_NO_READY_OPS                              0                              0              

FU_12_IDLE_NO_READY_OPS                              0                              0              

FU_13_IDLE_NO_READY_OPS                              0                              0              

FU_14_IDLE_NO_READY_OPS                              0                              0              

FU_15_IDLE_NO_READY_OPS                              0                              0              

FU_16_IDLE_NO_READY_OPS                              0                              0              

FU_17_IDLE_NO_READY_OPS                              0                              0              

FU_18_IDLE_NO_READY_OPS                              0                              0              

FU_19_IDLE_NO_READY_OPS                              0                              0              

FU_20_IDLE_NO_READY_OPS                              0                              0              

FU_21_IDLE_NO_READY_OPS                              0                              0              

FU_22_IDLE_NO_READY_OPS                              0                              0              

FU_23_IDLE_NO_READY_OPS                              0                              0              

FU_24_IDLE_NO_READY_OPS                              0                              0              

FU_25_IDLE_NO_READY_OPS                              0                              0              

FU_26_IDLE_NO_READY_OPS                              0                              0              

FU_27_IDLE_NO_READY_OPS                              0                              0              

FU_28_IDLE_NO_READY_OPS                              0                              0              

FU_29_IDLE_NO_READY_OPS                              0                              0              

FU_30_IDLE_NO_READY_OPS                              0                              0              

FU_31_IDLE_NO_READY_OPS                              0                              0              

FU_31_PLUS_IDLE_NO_READY_OPS                         0                              0              

MAP_STAGE_STARVED                               272507        6.537%           926289        7.064%
MAP_STAGE_NOT_STARVED                          3895900       93.463%         12185843       92.936%
                                               4168407      100.000%         13112132      100.000%
                                                  0.93         0.91              0.93         0.90

MAP_STAGE_STALLED                              1947302       40.383%          6331221       42.211%
MAP_STAGE_NOT_STALLED                          2221105       46.061%          6780911       45.209%
MAP_STAGE_OFF_PATH                              653718       13.557%          1886792       12.580%
                                               4822125      100.000%         14998924      100.000%
                                                  0.73         0.57              0.70         0.56

MAP_STAGE_STALL_ITSELF                            3083        0.064%             7662        0.051%
MAP_STAGE_NOT_STALL_ITSELF                     4822125       99.936%         14998924       99.949%
                                               4825208      100.000%         15006586      100.000%
                                                  1.00         1.00              1.00         1.00

MAP_STAGE_LATE_ALLOCATE_SEND_BACK                    0                              0              

MAP_STAGE_RENAME_OP_ONPATH                    11376820                       34131282              

MAP_STAGE_RENAME_OP_OFFPATH                    1779010                        4816586              

MAP_STAGE_RENAME_INT_REG_ONPATH                6957239                       20881882              

MAP_STAGE_RENAME_INT_REG_OFFPATH               1097436                        2928568              

MAP_STAGE_RENAME_VEC_REG_ONPATH                  46137                         137160              

MAP_STAGE_RENAME_VEC_REG_OFFPATH                  6768                          20335              

MAP_STAGE_RENAME_MOVE_ELIM_ONPATH                    0                              0              

MAP_STAGE_RENAME_MOVE_ELIM_OFFPATH                   0                              0              

REG_FILE_UTIL_SAMPLES                          4825208                       15006586              

REG_FILE_INT_PHYS_REGS_SUM                  1351058240                     4201844080              

REG_FILE_VEC_PHYS_REGS_SUM                  1601969056                     4982186552              

REG_FILE_INT_OCCUPIED_SUM                    780362017                     2429605518              

REG_FILE_VEC_OCCUPIED_SUM                    157433303                      489478738              

MAP_STAGE_ONPATH_INT_REG_NUM_ALLOC             6957351                       20881864              

MAP_STAGE_ONPATH_VEC_REG_NUM_ALLOC               46137                         137150              

MAP_STAGE_ONPATH_INT_REG_NUM_SHORTLIVE         1931216                        5834670              

MAP_STAGE_ONPATH_VEC_REG_NUM_SHORTLIVE           25252                          72746              

MAP_STAGE_ONPATH_INT_REG_USE_COUNT_0            947144                        2876723              

MAP_STAGE_ONPATH_VEC_REG_USE_COUNT_0              2344                           6518              

MAP_STAGE_ONPATH_INT_REG_USE_COUNT_1           3757285                       11196951              

MAP_STAGE_ONPATH_VEC_REG_USE_COUNT_1             31819                          96405              

MAP_STAGE_ONPATH_INT_REG_USE_COUNT_2           1379212                        4198617              

MAP_STAGE_ONPATH_VEC_REG_USE_COUNT_2              9042                          26250              

MAP_STAGE_ONPATH_INT_REG_USE_COUNT_3            410528                        1221196              

MAP_STAGE_ONPATH_VEC_REG_USE_COUNT_3               773                           1779              

MAP_STAGE_ONPATH_INT_REG_USE_COUNT_4            171542                         513721              

MAP_STAGE_ONPATH_VEC_REG_USE_COUNT_4               771                           1987              

MAP_STAGE_ONPATH_INT_REG_USE_COUNT_5            106097                         327251              

MAP_STAGE_ONPATH_VEC_REG_USE_COUNT_5              1236                           3889              

MAP_STAGE_ONPATH_INT_REG_USE_COUNT_6             51410                         151075              

MAP_STAGE_ONPATH_VEC_REG_USE_COUNT_6                 0                              1              

MAP_STAGE_ONPATH_INT_REG_USE_COUNT_7_PLUS        134133                         396330              

MAP_STAGE_ONPATH_VEC_REG_USE_COUNT_7_PLUS           152                            321              

MAP_STAGE_ONPATH_INT_REG_CONSUME_DIST_0              0        0.0000                0        0.0000

MAP_STAGE_ONPATH_VEC_REG_CONSUME_DIST_0              0        0.0000                0        0.0000

MAP_STAGE_ONPATH_INT_REG_CONSUME_DIST_1              0        0.0000                0        0.0000

MAP_STAGE_ONPATH_VEC_REG_CONSUME_DIST_1              0        0.0000                0        0.0000

MAP_STAGE_ONPATH_INT_REG_CONSUME_DIST_2        6496854        4.7106         19901822        4.7401

MAP_STAGE_ONPATH_VEC_REG_CONSUME_DIST_2        2975354      329.0593         12306364      468.8139

MAP_STAGE_ONPATH_INT_REG_CONSUME_DIST_3        3147039        7.6658         10127423        8.2930

MAP_STAGE_ONPATH_VEC_REG_CONSUME_DIST_3          38541       49.8590           225432      126.7184

MAP_STAGE_ONPATH_INT_REG_CONSUME_DIST_4        2973272       17.3326          9298077       18.0995

MAP_STAGE_ONPATH_VEC_REG_CONSUME_DIST_4         132593      171.9754           551583      277.5959

MAP_STAGE_ONPATH_INT_REG_CONSUME_DIST_5        1788163       16.8540          6022993       18.4048

MAP_STAGE_ONPATH_VEC_REG_CONSUME_DIST_5         141209      114.2468           770312      198.0746

MAP_STAGE_ONPATH_INT_REG_CONSUME_DIST_6         985787       19.1750          3020277       19.9919

MAP_STAGE_ONPATH_VEC_REG_CONSUME_DIST_6              0          -nan               41       41.0000

MAP_STAGE_ONPATH_INT_REG_CONSUME_DIST_7_PLUS       4794777       35.7464         15111455       38.1285

MAP_STAGE_ONPATH_VEC_REG_CONSUME_DIST_7_PLUS         21932      144.2895            57856      180.2368

MAP_STAGE_INT_REG_ISSUE_READ_TOTAL_CONSUMED      11243893        3.2520         33502987        3.2152

MAP_STAGE_VEC_REG_ISSUE_READ_TOTAL_CONSUMED         68445        0.0198           200783        0.0193

MAP_STAGE_INT_REG_ISSUE_READ_MULTI_CONSUMED       4889159        1.4140         14563761        1.3977

MAP_STAGE_VEC_REG_ISSUE_READ_MULTI_CONSUMED         23060        0.0067            64694        0.0062

MAP_STAGE_INT_REG_ISSUE_READ_SAME_CYCLE_CONSUMED       2822672        0.8164          8421332        0.8082

MAP_STAGE_VEC_REG_ISSUE_READ_SAME_CYCLE_CONSUMED          7818        0.0023            19758        0.0019

MAP_STAGE_INT_REG_ISSUE_READ_TOTAL_CONSUMED_ONPATH      10567732        3.4077         31673097        3.3438

MAP_STAGE_VEC_REG_ISSUE_READ_TOTAL_CONSUMED_ONPATH         64212        0.0207           189579        0.0200

MAP_STAGE_INT_REG_ISSUE_READ_MULTI_CONSUMED_ONPATH       4557540        1.4696         13667936        1.4430

MAP_STAGE_VEC_REG_ISSUE_READ_MULTI_CONSUMED_ONPATH         20418        0.0066            58934        0.0062

MAP_STAGE_INT_REG_ISSUE_READ_SAME_CYCLE_CONSUMED_ONPATH       2655242        0.8562          7970335        0.8415

MAP_STAGE_VEC_REG_ISSUE_READ_SAME_CYCLE_CONSUMED_ONPATH          7181        0.0023            18488        0.0020

MAP_STAGE_ONPATH_INT_REG_LIFECYCLE_EMPTY     363481884                     1166026958              

MAP_STAGE_ONPATH_VEC_REG_LIFECYCLE_EMPTY       1114179                        3289381              

MAP_STAGE_ONPATH_INT_REG_LIFECYCLE_IN_USE     469634796                     1496629386              

MAP_STAGE_ONPATH_VEC_REG_LIFECYCLE_IN_USE      12028341                       41306112              

MAP_STAGE_ONPATH_INT_REG_LIFECYCLE_SPEC_RELEASE     713242682                     2238571229              

MAP_STAGE_ONPATH_VEC_REG_LIFECYCLE_SPEC_RELEASE      51156050                      158653254              

MAP_STAGE_ONPATH_INT_REG_LIFECYCLE_NONSPEC_RELEASE     713242682                     2238571229              

MAP_STAGE_ONPATH_VEC_REG_LIFECYCLE_NONSPEC_RELEASE      51156050                      158653254              

MAP_STAGE_ONPATH_INT_REG_LIFECYCLE_TOTAL     713242682                     2238571229              

MAP_STAGE_ONPATH_VEC_REG_LIFECYCLE_TOTAL      51156050                      158653254              

MAP_STAGE_ONPATH_INT_REG_NUM_NONBRANCH         6957351                       20881864              

MAP_STAGE_ONPATH_VEC_REG_NUM_NONBRANCH           46137                         137150              

MAP_STAGE_ONPATH_INT_REG_NUM_NONEXCEPT         6957351                       20881864              

MAP_STAGE_ONPATH_VEC_REG_NUM_NONEXCEPT           46137                         137150              

MAP_STAGE_ONPATH_INT_REG_NUM_ATOMIC            6957351                       20881864              

MAP_STAGE_ONPATH_VEC_REG_NUM_ATOMIC              46137                         137150              

MAP_STAGE_ONPATH_INT_REG_ATOMIC_REDEFINED_DIST_TOTAL     713242682      102.5164       2238571229      107.2017

MAP_STAGE_ONPATH_VEC_REG_ATOMIC_REDEFINED_DIST_TOTAL      51156050     1108.7858        158653254     1156.7864

MAP_STAGE_ONPATH_INT_REG_ATOMIC_CONSUMED_DIST_TOTAL     469634796       67.5020       1496629386       71.6713

MAP_STAGE_ONPATH_VEC_REG_ATOMIC_CONSUMED_DIST_TOTAL      12028341      260.7092         41306112      301.1747

MAP_STAGE_ONPATH_INT_REG_ATOMIC_RELEASE_DIST_TOTAL     713242682      102.5164       2238571229      107.2017

MAP_STAGE_ONPATH_VEC_REG_ATOMIC_RELEASE_DIST_TOTAL      51156050     1108.7858        158653254     1156.7864

EXEC_STAGE_STARVED                             4174384       86.512%         13174081       87.789%
EXEC_STAGE_NOT_STARVED                          207071        4.291%           637798        4.250%
EXEC_STAGE_OFF_PATH                             443753        9.197%          1194707        7.961%
                                               4825208      100.000%         15006586      100.000%
                                                  0.23         0.57              0.20         0.54

FU_BUSY_0                                      1961527                        5873267              

FU_BUSY_1                                      1173841                        3511164              

FU_BUSY_2                                      1051294                        3139197              

FU_BUSY_3                                      1050822                        3140518              

FU_BUSY_4                                      1076963                        3223895              

FU_BUSY_5                                      2118748                        6337669              

FU_BUSY_6                                       936367                        2752896              

FU_BUSY_7                                       936116                        2753342              

FU_BUSY_8                                      1160855                        3470524              

FU_BUSY_9                                      1050717                        3140691              

FU_BUSY_10                                           0                              0              

FU_BUSY_11                                           0                              0              

FU_BUSY_12                                           0                              0              

FU_BUSY_13                                           0                              0              

FU_BUSY_14                                           0                              0              

FU_BUSY_15                                           0                              0              

FU_BUSY_16                                           0                              0              

FU_BUSY_17                                           0                              0              

FU_BUSY_18                                           0                              0              

FU_BUSY_19                                           0                              0              

FU_BUSY_20                                           0                              0              

FU_BUSY_21                                           0                              0              

FU_BUSY_22                                           0                              0              

FU_BUSY_23                                           0                              0              

FU_BUSY_24                                           0                              0              

FU_BUSY_25                                           0                              0              

FU_BUSY_26                                           0                              0              

FU_BUSY_27                                           0                              0              

FU_BUSY_28                                           0                              0              

FU_BUSY_29                                           0                              0              

FU_BUSY_30                                           0                              0              

FU_BUSY_31                                           0                              0              

FU_REJECTED_OP_INV_NOT_SIMD                          0        0.000%                0        0.000%
FU_REJECTED_OP_NOP_NOT_SIMD                          0        0.000%                0        0.000%
FU_REJECTED_OP_CF_NOT_SIMD                         227        0.220%             1060        0.312%
FU_REJECTED_OP_MOV_NOT_SIMD                        139        0.135%              661        0.194%
FU_REJECTED_OP_CMOV_NOT_SIMD                         0        0.000%                0        0.000%
FU_REJECTED_OP_LDA_NOT_SIMD                          0        0.000%                0        0.000%
FU_REJECTED_OP_IMEM_NOT_SIMD                     68932       66.921%           215077       63.280%
FU_REJECTED_OP_IADD_NOT_SIMD                     28244       27.420%            81369       23.940%
FU_REJECTED_OP_IMUL_NOT_SIMD                      2066        2.006%             6388        1.879%
FU_REJECTED_OP_IDIV_NOT_SIMD                         0        0.000%                0        0.000%
FU_REJECTED_OP_ICMP_NOT_SIMD                         0        0.000%                0        0.000%
FU_REJECTED_OP_LOGIC_NOT_SIMD                        0        0.000%                0        0.000%
FU_REJECTED_OP_SHIFT_NOT_SIMD                        0        0.000%                0        0.000%
FU_REJECTED_OP_FMEM_NOT_SIMD                         0        0.000%                0        0.000%
FU_REJECTED_OP_FCVT_NOT_SIMD                        31        0.030%               63        0.019%
FU_REJECTED_OP_FADD_NOT_SIMD                         0        0.000%                0        0.000%
FU_REJECTED_OP_FMUL_NOT_SIMD                         0        0.000%                0        0.000%
FU_REJECTED_OP_FMA_NOT_SIMD                          0        0.000%                0        0.000%
FU_REJECTED_OP_FDIV_NOT_SIMD                         0        0.000%                0        0.000%
FU_REJECTED_OP_FCMP_NOT_SIMD                         0        0.000%                0        0.000%
FU_REJECTED_OP_FCMOV_NOT_SIMD                        0        0.000%                0        0.000%
FU_REJECTED_OP_GATHER_NOT_SIMD                       0        0.000%                0        0.000%
FU_REJECTED_OP_SCATTER_NOT_SIMD                      0        0.000%                0        0.000%
FU_REJECTED_OP_PIPELINED_FAST_NOT_SIMD               0        0.000%                0        0.000%
FU_REJECTED_OP_PIPELINED_MEDIUM_NOT_SIMD             0        0.000%                0        0.000%
FU_REJECTED_OP_PIPELINED_SLOW_NOT_SIMD               0        0.000%                0        0.000%
FU_REJECTED_OP_NOTPIPELINED_MEDIUM_NOT_SIMD             0        0.000%                0        0.000%
FU_REJECTED_OP_NOTPIPELINED_SLOW_NOT_SIMD             0        0.000%                0        0.000%
FU_REJECTED_OP_NOTPIPELINED_VERY_SLOW_NOT_SIMD             0        0.000%                0        0.000%
FU_REJECTED_OP_INV_SIMD                              0        0.000%                0        0.000%
FU_REJECTED_OP_NOP_SIMD                              0        0.000%                0        0.000%
FU_REJECTED_OP_CF_SIMD                               0        0.000%                0        0.000%
FU_REJECTED_OP_MOV_SIMD                             48        0.047%              171        0.050%
FU_REJECTED_OP_CMOV_SIMD                             0        0.000%                0        0.000%
FU_REJECTED_OP_LDA_SIMD                              0        0.000%                0        0.000%
FU_REJECTED_OP_IMEM_SIMD                             0        0.000%                0        0.000%
FU_REJECTED_OP_IADD_SIMD                             0        0.000%                0        0.000%
FU_REJECTED_OP_IMUL_SIMD                             1        0.001%                2        0.001%
FU_REJECTED_OP_IDIV_SIMD                             0        0.000%                0        0.000%
FU_REJECTED_OP_ICMP_SIMD                             0        0.000%                0        0.000%
FU_REJECTED_OP_LOGIC_SIMD                            0        0.000%                0        0.000%
FU_REJECTED_OP_SHIFT_SIMD                            0        0.000%                0        0.000%
FU_REJECTED_OP_FMEM_SIMD                             0        0.000%                0        0.000%
FU_REJECTED_OP_FCVT_SIMD                           809        0.785%             2968        0.873%
FU_REJECTED_OP_FADD_SIMD                          2507        2.434%            32123        9.451%
FU_REJECTED_OP_FMUL_SIMD                             0        0.000%                0        0.000%
FU_REJECTED_OP_FMA_SIMD                              1        0.001%                2        0.001%
FU_REJECTED_OP_FDIV_SIMD                             0        0.000%                0        0.000%
FU_REJECTED_OP_FCMP_SIMD                             0        0.000%                0        0.000%
FU_REJECTED_OP_FCMOV_SIMD                            0        0.000%                0        0.000%
FU_REJECTED_OP_GATHER_SIMD                           0        0.000%                0        0.000%
FU_REJECTED_OP_SCATTER_SIMD                          0        0.000%                0        0.000%
FU_REJECTED_OP_PIPELINED_FAST_SIMD                   0        0.000%                0        0.000%
FU_REJECTED_OP_PIPELINED_MEDIUM_SIMD                 0        0.000%                0        0.000%
FU_REJECTED_OP_PIPELINED_SLOW_SIMD                   0        0.000%                0        0.000%
FU_REJECTED_OP_NOTPIPELINED_MEDIUM_SIMD              0        0.000%                0        0.000%
FU_REJECTED_OP_NOTPIPELINED_SLOW_SIMD                0        0.000%                0        0.000%
FU_REJECTED_OP_NOTPIPELINED_VERY_SLOW_SIMD             0        0.000%                0        0.000%
                                                103005      100.000%           339884      100.000%
                                                  7.53         6.66             10.19        11.47

LSQ_FULL_TOTAL                                    1858                          21253              

LSQ_FULL_LOAD_QUEUE                               1219                           3033              

LSQ_FULL_STORE_QUEUE                               639                          18220              

OP_WAIT_0                                      7269068                       21872166              

OP_WAIT_1                                      2365012                        6962975              

OP_WAIT_2                                       493331                        1491070              

OP_WAIT_3                                       230280                         682675              

OP_WAIT_4                                       129835                         386894              

OP_WAIT_5                                        96471                         271773              

OP_WAIT_6                                        74623                         209005              

OP_WAIT_7                                        59867                         174191              

OP_WAIT_8                                        51846                         158351              

OP_WAIT_9                                        37897                         123250              

OP_WAIT_10                                       32113                         102393              

OP_WAIT_11                                       27002                          89242              

OP_WAIT_12                                       27449                          83923              

OP_WAIT_13                                       21121                          65083              

OP_WAIT_14                                       20431                          65962              

OP_WAIT_15                                       17984                          56818              

OP_WAIT_16                                       16395                          47230              

OP_WAIT_17                                       14587                          40311              

OP_WAIT_18                                       15673                          43566              

OP_WAIT_19                                       17278                          44229              

OP_WAIT_20                                       16712                          47090              

OP_WAIT_21                                       17531                          46802              

OP_WAIT_22                                       12550                          37631              

OP_WAIT_23                                        8622                          26829              

OP_WAIT_24                                        8301                          26506              

OP_WAIT_25                                        8110                          25280              

OP_WAIT_26                                        7596                          23226              

OP_WAIT_27                                        9279                          27733              

OP_WAIT_28                                       10356                          33833              

OP_WAIT_29                                        8638                          26590              

OP_WAIT_30                                       11110                          30200              

OP_WAIT_31                                      239929                         808455              

ROW_SIZE_0                                     2683989                        8529481              

ROW_SIZE_1                                      519643                        1575270              

ROW_SIZE_2                                      104101                         317944              

ROW_SIZE_3                                       53949                         165282              

ROW_SIZE_4                                       64294                         205525              

ROW_SIZE_5                                       61969                         190201              

ROW_SIZE_6                                       42319                         123099              

ROW_SIZE_7                                       43422                         123069              

ROW_SIZE_8                                     1170302                        3506387              

ROW_SIZE_9                                           0                              0              

ROW_SIZE_10                                          0                              0              

ROW_SIZE_11                                          0                              0              

ROW_SIZE_12                                          0                              0              

ROW_SIZE_13                                          0                              0              

ROW_SIZE_14                                          0                              0              

ROW_SIZE_15                                          0                              0              

ROW_SIZE_16                                          0                              0              

ROW_SIZE_17                                          0                              0              

ROW_SIZE_18                                          0                              0              

ROW_SIZE_19                                          0                              0              

ROW_SIZE_20                                          0                              0              

ROW_SIZE_21                                          0                              0              

ROW_SIZE_22                                          0                              0              

ROW_SIZE_23                                          0                              0              

ROW_SIZE_24                                          0                              0              

ROW_SIZE_25                                          0                              0              

ROW_SIZE_26                                          0                              0              

ROW_SIZE_27                                          0                              0              

ROW_SIZE_28                                          0                              0              

ROW_SIZE_29                                          0                              0              

ROW_SIZE_30                                          0                              0              

ROW_SIZE_31                                          0                              0              

RET_OP_EXEC_COUNT_0                                  0        0.000%                0        0.000%
RET_OP_EXEC_COUNT_1                           11376997      100.000%         34131282      100.000%
RET_OP_EXEC_COUNT_2                                  0        0.000%                0        0.000%
RET_OP_EXEC_COUNT_3                                  0        0.000%                0        0.000%
RET_OP_EXEC_COUNT_4                                  0        0.000%                0        0.000%
RET_OP_EXEC_COUNT_5                                  0        0.000%                0        0.000%
RET_OP_EXEC_COUNT_6                                  0        0.000%                0        0.000%
RET_OP_EXEC_COUNT_7                                  0        0.000%                0        0.000%
RET_OP_EXEC_COUNT_8                                  0        0.000%                0        0.000%
RET_OP_EXEC_COUNT_9                                  0        0.000%                0        0.000%
RET_OP_EXEC_COUNT_10                                 0        0.000%                0        0.000%
RET_OP_EXEC_COUNT_11                                 0        0.000%                0        0.000%
RET_OP_EXEC_COUNT_12                                 0        0.000%                0        0.000%
RET_OP_EXEC_COUNT_13                                 0        0.000%                0        0.000%
RET_OP_EXEC_COUNT_14                                 0        0.000%                0        0.000%
RET_OP_EXEC_COUNT_15                                 0        0.000%                0        0.000%
RET_OP_EXEC_COUNT_16                                 0        0.000%                0        0.000%
RET_OP_EXEC_COUNT_17                                 0        0.000%                0        0.000%
RET_OP_EXEC_COUNT_18                                 0        0.000%                0        0.000%
RET_OP_EXEC_COUNT_19                                 0        0.000%                0        0.000%
RET_OP_EXEC_COUNT_20                                 0        0.000%                0        0.000%
RET_OP_EXEC_COUNT_21                                 0        0.000%                0        0.000%
RET_OP_EXEC_COUNT_22                                 0        0.000%                0        0.000%
RET_OP_EXEC_COUNT_23                                 0        0.000%                0        0.000%
RET_OP_EXEC_COUNT_24                                 0        0.000%                0        0.000%
RET_OP_EXEC_COUNT_25                                 0        0.000%                0        0.000%
RET_OP_EXEC_COUNT_26                                 0        0.000%                0        0.000%
RET_OP_EXEC_COUNT_27                                 0        0.000%                0        0.000%
RET_OP_EXEC_COUNT_28                                 0        0.000%                0        0.000%
RET_OP_EXEC_COUNT_29                                 0        0.000%                0        0.000%
RET_OP_EXEC_COUNT_30                                 0        0.000%                0        0.000%
RET_OP_EXEC_COUNT_31                                 0        0.000%                0        0.000%
RET_OP_EXEC_COUNT_32                                 0        0.000%                0        0.000%
                                              11376997      100.000%         34131282      100.000%
                                                  1.00         0.00              1.00         0.00

RET_STALL_LENGTH_0                            11376991      100.000%         34129622       99.995%
RET_STALL_LENGTH_100                                 6        0.000%             1332        0.004%
RET_STALL_LENGTH_200                                 0        0.000%              261        0.001%
RET_STALL_LENGTH_300                                 0        0.000%               13        0.000%
RET_STALL_LENGTH_400                                 0        0.000%                6        0.000%
RET_STALL_LENGTH_500                                 0        0.000%                9        0.000%
RET_STALL_LENGTH_600                                 0        0.000%                6        0.000%
RET_STALL_LENGTH_700                                 0        0.000%                6        0.000%
RET_STALL_LENGTH_800                                 0        0.000%                1        0.000%
RET_STALL_LENGTH_900                                 0        0.000%                4        0.000%
RET_STALL_LENGTH_1000                                0        0.000%                2        0.000%
RET_STALL_LENGTH_1100                                0        0.000%                7        0.000%
RET_STALL_LENGTH_1200                                0        0.000%               10        0.000%
RET_STALL_LENGTH_1300                                0        0.000%                2        0.000%
RET_STALL_LENGTH_1400                                0        0.000%                1        0.000%
RET_STALL_LENGTH_1500                                0        0.000%                0        0.000%
RET_STALL_LENGTH_1600                                0        0.000%                0        0.000%
RET_STALL_LENGTH_1700                                0        0.000%                0        0.000%
RET_STALL_LENGTH_1800                                0        0.000%                0        0.000%
RET_STALL_LENGTH_1900                                0        0.000%                0        0.000%
RET_STALL_LENGTH_2000                                0        0.000%                0        0.000%
RET_STALL_LENGTH_2100                                0        0.000%                0        0.000%
RET_STALL_LENGTH_2200                                0        0.000%                0        0.000%
RET_STALL_LENGTH_2300                                0        0.000%                0        0.000%
RET_STALL_LENGTH_2400                                0        0.000%                0        0.000%
RET_STALL_LENGTH_2500                                0        0.000%                0        0.000%
RET_STALL_LENGTH_2600                                0        0.000%                0        0.000%
RET_STALL_LENGTH_2700                                0        0.000%                0        0.000%
RET_STALL_LENGTH_2800                                0        0.000%                0        0.000%
RET_STALL_LENGTH_2900                                0        0.000%                0        0.000%
RET_STALL_LENGTH_3000                                0        0.000%                0        0.000%
RET_STALL_LENGTH_3100                                0        0.000%                0        0.000%
RET_STALL_LENGTH_3200                                0        0.000%                0        0.000%
RET_STALL_LENGTH_3300                                0        0.000%                0        0.000%
RET_STALL_LENGTH_3400                                0        0.000%                0        0.000%
RET_STALL_LENGTH_3500                                0        0.000%                0        0.000%
RET_STALL_LENGTH_3600                                0        0.000%                0        0.000%
RET_STALL_LENGTH_3700                                0        0.000%                0        0.000%
RET_STALL_LENGTH_3800                                0        0.000%                0        0.000%
RET_STALL_LENGTH_3900                                0        0.000%                0        0.000%
RET_STALL_LENGTH_4000                                0        0.000%                0        0.000%
RET_STALL_LENGTH_4100                                0        0.000%                0        0.000%
RET_STALL_LENGTH_4200                                0        0.000%                0        0.000%
RET_STALL_LENGTH_4300                                0        0.000%                0        0.000%
RET_STALL_LENGTH_4400                                0        0.000%                0        0.000%
RET_STALL_LENGTH_4500                                0        0.000%                0        0.000%
RET_STALL_LENGTH_4600                                0        0.000%                0        0.000%
RET_STALL_LENGTH_4700                                0        0.000%                0        0.000%
RET_STALL_LENGTH_4800                                0        0.000%                0        0.000%
RET_STALL_LENGTH_4900                                0        0.000%                0        0.000%
RET_STALL_LENGTH_5000                                0        0.000%                0        0.000%
                                              11376997      100.000%         34131282      100.000%
                                                  0.00         0.00              0.00         0.01

MEM_BLOCK_LENGTH_0                                  22      100.000%              437       93.978%
MEM_BLOCK_LENGTH_100                                 0        0.000%               25        5.376%
MEM_BLOCK_LENGTH_200                                 0        0.000%                0        0.000%
MEM_BLOCK_LENGTH_300                                 0        0.000%                3        0.645%
MEM_BLOCK_LENGTH_400                                 0        0.000%                0        0.000%
MEM_BLOCK_LENGTH_500                                 0        0.000%                0        0.000%
MEM_BLOCK_LENGTH_600                                 0        0.000%                0        0.000%
MEM_BLOCK_LENGTH_700                                 0        0.000%                0        0.000%
MEM_BLOCK_LENGTH_800                                 0        0.000%                0        0.000%
MEM_BLOCK_LENGTH_900                                 0        0.000%                0        0.000%
MEM_BLOCK_LENGTH_1000                                0        0.000%                0        0.000%
MEM_BLOCK_LENGTH_1100                                0        0.000%                0        0.000%
MEM_BLOCK_LENGTH_1200                                0        0.000%                0        0.000%
MEM_BLOCK_LENGTH_1300                                0        0.000%                0        0.000%
MEM_BLOCK_LENGTH_1400                                0        0.000%                0        0.000%
MEM_BLOCK_LENGTH_1500                                0        0.000%                0        0.000%
MEM_BLOCK_LENGTH_1600                                0        0.000%                0        0.000%
MEM_BLOCK_LENGTH_1700                                0        0.000%                0        0.000%
MEM_BLOCK_LENGTH_1800                                0        0.000%                0        0.000%
MEM_BLOCK_LENGTH_1900                                0        0.000%                0        0.000%
MEM_BLOCK_LENGTH_2000                                0        0.000%                0        0.000%
MEM_BLOCK_LENGTH_2100                                0        0.000%                0        0.000%
MEM_BLOCK_LENGTH_2200                                0        0.000%                0        0.000%
MEM_BLOCK_LENGTH_2300                                0        0.000%                0        0.000%
MEM_BLOCK_LENGTH_2400                                0        0.000%                0        0.000%
MEM_BLOCK_LENGTH_2500                                0        0.000%                0        0.000%
MEM_BLOCK_LENGTH_2600                                0        0.000%                0        0.000%
MEM_BLOCK_LENGTH_2700                                0        0.000%                0        0.000%
MEM_BLOCK_LENGTH_2800                                0        0.000%                0        0.000%
MEM_BLOCK_LENGTH_2900                                0        0.000%                0        0.000%
MEM_BLOCK_LENGTH_3000                                0        0.000%                0        0.000%
MEM_BLOCK_LENGTH_3100                                0        0.000%                0        0.000%
MEM_BLOCK_LENGTH_3200                                0        0.000%                0        0.000%
MEM_BLOCK_LENGTH_3300                                0        0.000%                0        0.000%
MEM_BLOCK_LENGTH_3400                                0        0.000%                0        0.000%
MEM_BLOCK_LENGTH_3500                                0        0.000%                0        0.000%
MEM_BLOCK_LENGTH_3600                                0        0.000%                0        0.000%
MEM_BLOCK_LENGTH_3700                                0        0.000%                0        0.000%
MEM_BLOCK_LENGTH_3800                                0        0.000%                0        0.000%
MEM_BLOCK_LENGTH_3900                                0        0.000%                0        0.000%
MEM_BLOCK_LENGTH_4000                                0        0.000%                0        0.000%
MEM_BLOCK_LENGTH_4100                                0        0.000%                0        0.000%
MEM_BLOCK_LENGTH_4200                                0        0.000%                0        0.000%
MEM_BLOCK_LENGTH_4300                                0        0.000%                0        0.000%
MEM_BLOCK_LENGTH_4400                                0        0.000%                0        0.000%
MEM_BLOCK_LENGTH_4500                                0        0.000%                0        0.000%
MEM_BLOCK_LENGTH_4600                                0        0.000%                0        0.000%
MEM_BLOCK_LENGTH_4700                                0        0.000%                0        0.000%
MEM_BLOCK_LENGTH_4800                                0        0.000%                0        0.000%
MEM_BLOCK_LENGTH_4900                                0        0.000%                0        0.000%
MEM_BLOCK_LENGTH_5000                                0        0.000%                0        0.000%
                                                    22      100.000%              465      100.000%
                                                  0.00         0.00              0.07         0.32

FUS_BUSY_ON_PATH                              11604449        2.4050         34842637        2.3218

FUS_BUSY_OFF_PATH                               912801        0.1892          2500526        0.1666

FU_BUSY_MEM_STALL                               243049        0.0504           754779        0.0503

FUS_EMPTY                                     35734830        7.4059        112722697        7.5115

FU_UNAVAILABLE                                    2604        0.0005             8936        0.0006

FU_MEM_UNAVAILABLE                              100401        0.0208           330948        0.0221

FU_OTHER_UNAVAILABLE                                 0        0.0000                0        0.0000

FU_REPLAY                                            0        0.0000                0        0.0000

FU_STARVED                                    35692748        7.3971        112593237        7.5029

CHIP_UTILIZATION                                     0        0.0000                0        0.0000

CYCLES_UNDER_MEM_REQ                                 0                              0              

CYCLES_UNDER_NO_MEM_REQ                              0                              0              

CYCLES_UNDER_CRITICAL_MEM_REQ                        0                              0              

CYCLES_UNDER_NONCRITICAL_MEM_REQ                     0                              0              

CHIP_UTILIZATION_UNDER_MEM_REQ                       0          -nan                0          -nan

CHIP_UTILIZATION_UNDER_NO_MEM_REQ                    0          -nan                0          -nan

CHIP_UTILIZATION_UNDER_CRITICAL_MEM_REQ              0          -nan                0          -nan

CHIP_UTILIZATION_UNDER_NONCRITICAL_MEM_REQ             0          -nan                0          -nan

CYCLES_NOT_WAITING_FOR_OFF_CHIP                      0        0.0000                0        0.0000

FUS_BUSY_NOT_WAITING_FOR_OFF_CHIP                    0          -nan                0          -nan

CYCLES_WAITING_FOR_OFF_CHIP                          0        0.0000                0        0.0000

FUS_BUSY_WAITING_FOR_OFF_CHIP                        0          -nan                0          -nan

TOTAL_OFF_CHIP_DELAYS_LEFT                           0                              0              

WRONG_IO_SCHED                                       0                              0              

DVFS_CONFIG_SWITCH                                   0                              0              

MAP_STAGE_RECEIVED_OPS_0                             0        0.000%                0        0.000%
MAP_STAGE_RECEIVED_OPS_1                         14532        0.749%            49130        0.843%
MAP_STAGE_RECEIVED_OPS_2                         19581        1.009%            58665        1.006%
MAP_STAGE_RECEIVED_OPS_3                         24829        1.279%            76425        1.311%
MAP_STAGE_RECEIVED_OPS_4                         22923        1.181%            72276        1.240%
MAP_STAGE_RECEIVED_OPS_5                         23933        1.233%            74165        1.272%
MAP_STAGE_RECEIVED_OPS_6                       1835309       94.550%          5498541       94.328%
MAP_STAGE_RECEIVED_OPS_7                             0        0.000%                0        0.000%
MAP_STAGE_RECEIVED_OPS_8                             0        0.000%                0        0.000%
MAP_STAGE_RECEIVED_OPS_MAX                           0        0.000%                0        0.000%
                                               1941107      100.000%          5829202      100.000%
                                                  5.85         0.71              5.84         0.73

MAP_STAGE_WAIT_FOR_DECODE                            0         -nan%                0         -nan%
MAP_STAGE_CONSUME_DECODE                             0         -nan%                0         -nan%
                                                     0         -nan%                0         -nan%
                                                  -nan         -nan              -nan         -nan

MAP_STAGE_WAIT_FOR_DECODE2                           0         -nan%                0         -nan%
MAP_STAGE_CONSUME_DECODE2                            0         -nan%                0         -nan%
                                                     0         -nan%                0         -nan%
                                                  -nan         -nan              -nan         -nan

FTQ_RECOVER_EXEC                                 12996                          42060              

FTQ_RECOVER_DECODE                                   5                            984              

FTQ_OFFPATH_CYCLES                             2768872                        8474917              

FTQ_CYCLES_OFFPATH                             2768871                        8474917              

FTQ_CYCLES_ONPATH                              2056337                        6531669              

FTQ_FETCHED_INS_ONPATH                        11376323                       34131282              

FTQ_FETCHED_INS_OFFPATH                       15313043                       46098252              

FTQ_BREAK_FULL_FT_ONPATH                       1396533                        4553095              

FTQ_BREAK_FULL_FT_OFFPATH                      1473130                        4575653              

FTQ_BREAK_PRED_BR_ONPATH                             0                              0              

FTQ_BREAK_PRED_BR_OFFPATH                            0                              0              

FTQ_BREAK_BAR_FETCH_ONPATH                           0                              0              

FTQ_BREAK_BAR_FETCH_OFFPATH                          0                              0              

FTQ_BREAK_MAX_CFS_TAKEN_ONPATH                       0                              0              

FTQ_BREAK_MAX_CFS_TAKEN_OFFPATH                      0                              0              

FTQ_BREAK_MAX_FT_ONPATH                         659560                        1978329              

FTQ_BREAK_MAX_FT_OFFPATH                       1295740                        3899264              

DFE_GEN_ON_PATH_FT                             1378996                        4180614              

DFE_GEN_OFF_PATH_FT                            1377859                        4136821              

DFE_L0_ENABLED_PREDICTIONS                    11376341                       34131282              

DFE_L0_WRONG_MAIN_CORRECT                       471498                        1421112              

DFE_L0_WRONG_MAIN_WRONG                          12222                          38698              

DFE_L0_CORRECT_MAIN_WRONG                          779                           4346              

DFE_L0_CORRECT_MAIN_CORRECT                   10891842                       32667126              

DFE_L0_WRONG_MAIN_CORRECT_RECOVERY_SCHEDULED             0                              0              

FTQ_SAW_BAR_FETCH_OFFPATH                            0                              0              

FTQ_SAW_BAR_FETCH_ONPATH                             0                              0              

DFE_CONF_0_RECOVER_AT_EXEC                           0         -nan%                0         -nan%
DFE_CONF_1_RECOVER_AT_EXEC                           0         -nan%                0         -nan%
DFE_CONF_2_RECOVER_AT_EXEC                           0         -nan%                0         -nan%
DFE_CONF_3_RECOVER_AT_EXEC                           0         -nan%                0         -nan%
DFE_CONF_0_CORRECT                                   0         -nan%                0         -nan%
DFE_CONF_1_CORRECT                                   0         -nan%                0         -nan%
DFE_CONF_2_CORRECT                                   0         -nan%                0         -nan%
DFE_CONF_3_CORRECT                                   0         -nan%                0         -nan%
                                                     0         -nan%                0         -nan%
                                                  -nan         -nan              -nan         -nan

DFE_ON_CONF_ON_OPS                                   0         -nan%                0         -nan%
DFE_ON_CONF_OFF_OPS                                  0         -nan%                0         -nan%
DFE_OFF_CONF_ON_OPS                                  0         -nan%                0         -nan%
DFE_OFF_CONF_OFF_REALISTIC_OPS                       0         -nan%                0         -nan%
DFE_OFF_CONF_OFF_PERFECT_OPS                         0         -nan%                0         -nan%
                                                     0         -nan%                0         -nan%
                                                  -nan         -nan              -nan         -nan

DFE_ON_CONF_ON_FETCH_TARGETS                         0         -nan%                0         -nan%
DFE_ON_CONF_OFF_FETCH_TARGETS                        0         -nan%                0         -nan%
DFE_OFF_CONF_ON_FETCH_TARGETS                        0         -nan%                0         -nan%
DFE_OFF_CONF_OFF_REALISTIC_FETCH_TARGETS             0         -nan%                0         -nan%
DFE_OFF_CONF_OFF_PERFECT_FETCH_TARGETS               0         -nan%                0         -nan%
                                                     0         -nan%                0         -nan%
                                                  -nan         -nan              -nan         -nan

DFE_ON_CONF_ON_CYCLES                                0         -nan%                0         -nan%
DFE_ON_CONF_OFF_CYCLES                               0         -nan%                0         -nan%
DFE_OFF_CONF_ON_CYCLES                               0         -nan%                0         -nan%
DFE_OFF_CONF_OFF_REALISTIC_CYCLES                    0         -nan%                0         -nan%
DFE_OFF_CONF_OFF_PERFECT_CYCLES                      0         -nan%                0         -nan%
                                                     0         -nan%                0         -nan%
                                                  -nan         -nan              -nan         -nan

DFE_OFF_CONF_ON_NUM_EVENTS                           0                              0              

DFE_OFF_CONF_ON_NOT_IDENTIFIED_EVENTS                0         -nan%                0         -nan%
DFE_OFF_CONF_ON_IBTB_MISS_EVENTS                     0         -nan%                0         -nan%
DFE_OFF_CONF_ON_BTB_MISS_EVENTS                      0         -nan%                0         -nan%
DFE_OFF_CONF_ON_BTB_MISS_RECOVER_AT_EXEC_EVENTS             0         -nan%                0         -nan%
DFE_OFF_CONF_ON_RECOVER_AT_EXEC_EVENTS               0         -nan%                0         -nan%
DFE_OFF_CONF_ON_RECOVER_AT_DECODE_EVENTS             0         -nan%                0         -nan%
                                                     0         -nan%                0         -nan%
                                                  -nan         -nan              -nan         -nan

DFE_OFF_CONF_ON_LATE_BTB_HIT_EVENTS                  0                              0              

DFE_OFF_CONF_ON_NOT_IDENTIFIED_CYCLES                0         -nan%                0         -nan%
DFE_OFF_CONF_ON_IBTB_MISS_CYCLES                     0         -nan%                0         -nan%
DFE_OFF_CONF_ON_BTB_MISS_CYCLES                      0         -nan%                0         -nan%
DFE_OFF_CONF_ON_BTB_MISS_RECOVER_AT_EXEC_CYCLES             0         -nan%                0         -nan%
DFE_OFF_CONF_ON_RECOVER_AT_EXEC_CYCLES               0         -nan%                0         -nan%
DFE_OFF_CONF_ON_RECOVER_AT_DECODE_CYCLES             0         -nan%                0         -nan%
                                                     0         -nan%                0         -nan%
                                                  -nan         -nan              -nan         -nan

DFE_OFF_CONF_ON_LATE_BTB_HIT_CYCLES                  0                              0              

DFE_OFF_CONF_ON_NOT_IDENTIFIED_FETCH_TARGETS             0         -nan%                0         -nan%
DFE_OFF_CONF_ON_IBTB_MISS_FETCH_TARGETS              0         -nan%                0         -nan%
DFE_OFF_CONF_ON_BTB_MISS_FETCH_TARGETS               0         -nan%                0         -nan%
DFE_OFF_CONF_ON_BTB_MISS_RECOVER_AT_EXEC_FETCH_TARGETS             0         -nan%                0         -nan%
DFE_OFF_CONF_ON_RECOVER_AT_EXEC_FETCH_TARGETS             0         -nan%                0         -nan%
DFE_OFF_CONF_ON_RECOVER_AT_DECODE_FETCH_TARGETS             0         -nan%                0         -nan%
                                                     0         -nan%                0         -nan%
                                                  -nan         -nan              -nan         -nan

DFE_OFF_CONF_ON_LATE_BTB_HIT_FETCH_TARGETS             0                              0              

DFE_OFF_CONF_ON_BP_INCORRECT_0_CONF                  0         -nan%                0         -nan%
DFE_OFF_CONF_ON_BP_INCORRECT_1_CONF                  0         -nan%                0         -nan%
DFE_OFF_CONF_ON_BP_INCORRECT_2_CONF                  0         -nan%                0         -nan%
DFE_OFF_CONF_ON_BP_INCORRECT_3_CONF                  0         -nan%                0         -nan%
                                                     0         -nan%                0         -nan%
                                                  -nan         -nan              -nan         -nan

DFE_OFF_CONF_ON_BTB_MISS_CBR_0_CONF                  0         -nan%                0         -nan%
DFE_OFF_CONF_ON_BTB_MISS_CBR_1_CONF                  0         -nan%                0         -nan%
DFE_OFF_CONF_ON_BTB_MISS_CBR_2_CONF                  0         -nan%                0         -nan%
DFE_OFF_CONF_ON_BTB_MISS_CBR_3_CONF                  0         -nan%                0         -nan%
                                                     0         -nan%                0         -nan%
                                                  -nan         -nan              -nan         -nan

DFE_OFF_CONF_ON_BTB_MISS_NOT_CF                      0         -nan%                0         -nan%
DFE_OFF_CONF_ON_BTB_MISS_CF_BR                       0         -nan%                0         -nan%
DFE_OFF_CONF_ON_BTB_MISS_CF_CBR                      0         -nan%                0         -nan%
DFE_OFF_CONF_ON_BTB_MISS_CF_CALL                     0         -nan%                0         -nan%
DFE_OFF_CONF_ON_BTB_MISS_CF_IBR                      0         -nan%                0         -nan%
DFE_OFF_CONF_ON_BTB_MISS_CF_ICALL                    0         -nan%                0         -nan%
DFE_OFF_CONF_ON_BTB_MISS_CF_ICO                      0         -nan%                0         -nan%
DFE_OFF_CONF_ON_BTB_MISS_CF_RET                      0         -nan%                0         -nan%
DFE_OFF_CONF_ON_BTB_MISS_CF_SYS                      0         -nan%                0         -nan%
                                                     0         -nan%                0         -nan%
                                                  -nan         -nan              -nan         -nan

DFE_ON_CONF_OFF_NUM_EVENTS                           0                              0              

CONF_BTB_NUM_CYCLES_OFF_PATH_EVENT                   0                              0              

DFE_ON_CONF_OFF_IBTB_MISS_BP_TAKEN                   0         -nan%                0         -nan%
DFE_ON_CONF_OFF_BTB_MISS_BP_TAKEN_CONF_0             0         -nan%                0         -nan%
DFE_ON_CONF_OFF_BTB_MISS_BP_TAKEN_CONF_1             0         -nan%                0         -nan%
DFE_ON_CONF_OFF_BTB_MISS_BP_TAKEN_CONF_2             0         -nan%                0         -nan%
DFE_ON_CONF_OFF_BTB_MISS_BP_TAKEN_CONF_3             0         -nan%                0         -nan%
DFE_ON_CONF_OFF_BTB_MISS_RATE                        0         -nan%                0         -nan%
DFE_ON_CONF_OFF_IBTB_MISS_RATE                       0         -nan%                0         -nan%
DFE_ON_CONF_OFF_RECOVER_AT_DECODE_RATE               0         -nan%                0         -nan%
DFE_ON_CONF_OFF_RECOVER_AT_EXEC_RATE                 0         -nan%                0         -nan%
DFE_ON_CONF_OFF_INV_CONF_INC                         0         -nan%                0         -nan%
DFE_ON_CONF_OFF_PERFECT_CONF                         0         -nan%                0         -nan%
                                                     0         -nan%                0         -nan%
                                                  -nan         -nan              -nan         -nan

DFE_ON_CONF_OFF_IBTB_MISS_BP_TAKEN_CYCLES             0         -nan%                0         -nan%
DFE_ON_CONF_OFF_BTB_MISS_BP_TAKEN_CONF_0_CYCLES             0         -nan%                0         -nan%
DFE_ON_CONF_OFF_BTB_MISS_BP_TAKEN_CONF_1_CYCLES             0         -nan%                0         -nan%
DFE_ON_CONF_OFF_BTB_MISS_BP_TAKEN_CONF_2_CYCLES             0         -nan%                0         -nan%
DFE_ON_CONF_OFF_BTB_MISS_BP_TAKEN_CONF_3_CYCLES             0         -nan%                0         -nan%
DFE_ON_CONF_OFF_BTB_MISS_RATE_CYCLES                 0         -nan%                0         -nan%
DFE_ON_CONF_OFF_IBTB_MISS_RATE_CYCLES                0         -nan%                0         -nan%
DFE_ON_CONF_OFF_RECOVER_AT_DECODE_RATE_CYCLES             0         -nan%                0         -nan%
DFE_ON_CONF_OFF_RECOVER_AT_EXEC_RATE_CYCLES             0         -nan%                0         -nan%
DFE_ON_CONF_OFF_INV_CONF_INC_CYCLES                  0         -nan%                0         -nan%
DFE_ON_CONF_OFF_PERFECT_CONF_CYCLES                  0         -nan%                0         -nan%
                                                     0         -nan%                0         -nan%
                                                  -nan         -nan              -nan         -nan

DFE_ON_CONF_OFF_IBTB_MISS_BP_TAKEN_FETCH_TARGETS             0         -nan%                0         -nan%
DFE_ON_CONF_OFF_BTB_MISS_BP_TAKEN_CONF_0_FETCH_TARGETS             0         -nan%                0         -nan%
DFE_ON_CONF_OFF_BTB_MISS_BP_TAKEN_CONF_1_FETCH_TARGETS             0         -nan%                0         -nan%
DFE_ON_CONF_OFF_BTB_MISS_BP_TAKEN_CONF_2_FETCH_TARGETS             0         -nan%                0         -nan%
DFE_ON_CONF_OFF_BTB_MISS_BP_TAKEN_CONF_3_FETCH_TARGETS             0         -nan%                0         -nan%
DFE_ON_CONF_OFF_BTB_MISS_RATE_FETCH_TARGETS             0         -nan%                0         -nan%
DFE_ON_CONF_OFF_IBTB_MISS_RATE_FETCH_TARGETS             0         -nan%                0         -nan%
DFE_ON_CONF_OFF_RECOVER_AT_DECODE_RATE_FETCH_TARGETS             0         -nan%                0         -nan%
DFE_ON_CONF_OFF_RECOVER_AT_EXEC_RATE_FETCH_TARGETS             0         -nan%                0         -nan%
DFE_ON_CONF_OFF_INV_CONF_INC_FETCH_TARGETS             0         -nan%                0         -nan%
DFE_ON_CONF_OFF_PERFECT_CONF_FETCH_TARGETS             0         -nan%                0         -nan%
                                                     0         -nan%                0         -nan%
                                                  -nan         -nan              -nan         -nan

CONF_OFF_IBTB_MISS_BP_TAKEN                          0         -nan%                0         -nan%
CONF_OFF_BTB_MISS_BP_TAKEN_CONF_0                    0         -nan%                0         -nan%
CONF_OFF_BTB_MISS_BP_TAKEN_CONF_1                    0         -nan%                0         -nan%
CONF_OFF_BTB_MISS_BP_TAKEN_CONF_2                    0         -nan%                0         -nan%
CONF_OFF_BTB_MISS_BP_TAKEN_CONF_3                    0         -nan%                0         -nan%
CONF_OFF_BTB_MISS_RATE                               0         -nan%                0         -nan%
CONF_OFF_IBTB_MISS_RATE                              0         -nan%                0         -nan%
CONF_OFF_RECOVER_AT_DECODE_RATE                      0         -nan%                0         -nan%
CONF_OFF_RECOVER_AT_EXEC_RATE                        0         -nan%                0         -nan%
CONF_OFF_INV_CONF_INC                                0         -nan%                0         -nan%
CONF_OFF_PERFECT_CONF                                0         -nan%                0         -nan%
                                                     0         -nan%                0         -nan%
                                                  -nan         -nan              -nan         -nan

TOPDOWN_TOTAL_SLOTS                           28951248                       90039516              

TOPDOWN_ISSUED_SLOTS                          13525181                       40141446              

TOPDOWN_RETIRED_SLOTS                         11376790                       34131282              

TOPDOWN_FETCH_BUBBLES_SLOTS                    1098928                        3992665              

TOPDOWN_RECOVERY_BUBBLES_SLOTS                  831648                        2499142              

TOPDOWN_MEM_LOAD_STALLS_CYCLES                 1963528                        6311460              

TOPDOWN_MEM_STORE_STALLS_CYCLES                    366                          12376              

TOPDOWN_EXEC_STALLS_CYCLES                     1270148                        4269596              

TOPDOWN_BACKEND_STALLS_CYCLES                  1964275                        6325406              

TOPDOWN_FETCH_BUBBLES_GT_MIW_CYCLES             148504                         559422              

TOPDOWN_BR_RECOVER_AT_EXEC_RETIRED_CYCLES         12996                          42060              

TOPDOWN_MACHINE_CLEAR_CYCLES                    484500                        1464156              

TOPDOWN_FRONTEND_BOUND                             379                            379              

TOPDOWN_BACKEND_BOUND                             4663                           4663              

TOPDOWN_BAD_SPEC_BOUND                            1029                           1029              

TOPDOWN_RETIRING_BOUND                            3929                           3929              

TOPDOWN_FETCH_LATENCY_BOUND                        307                            307              

TOPDOWN_FETCH_BANDWIDTH_BOUND                       72                             72              

TOPDOWN_MEM_BOUND                                 4662                           4662              

TOPDOWN_CORE_BOUND                                   1                              1              

TOPDOWN_BR_RECOVER_AT_EXEC_BOUND                    26                             26              

TOPDOWN_MACHINE_CLEARS_BOUND                      1003                           1003              

H2P_SEEN_MAIN                                        0                           3503              



