/* -*- Mode: c -*- */
####################################################################################################
Core 0
####################################################################################################
Cumulative:        Cycles: 20330235              Instructions: 89999999              IPC: 4.42690

Periodic:          Cycles: 20330235              Instructions: 89999999              IPC: 4.42690

FCT_LOOKUP_HITS                                9293163                        9293163              

FCT_LOOKUP_MISSES                              3833479                        3833479              

FCT_LOOKUP_LOW_CONF                            1672153                        1672153              

FCT_PRELOAD_INSERTS                                  0                              0              

FCT_PRELOAD_DUPLICATE_LD1_SKIPS                      0                              0              

FCT_RUNTIME_INSERTS                                115                            115              

FCT_RUNTIME_REPLACEMENTS                           301                            301              

FCT_RUNTIME_REINFORCEMENTS                         561                            561              

FCT_RUNTIME_CONFLICTS                                2                              2              

IFUSE_TRAINING_PAIRS_DISCOVERED                1014084                        1014084              

IFUSE_TRAINING_STORE_INVALIDATIONS            12366948                       12366948              

IFUSE_TRAINING_CROSS_LINE_LOADS                    135                            135              

TRAINING_TABLE_LOOKUPS                         1014084                        1014084              

TRAINING_TABLE_HITS                            1012347                        1012347              

TRAINING_TABLE_MISSES                             1737                           1737              

TRAINING_TABLE_INSERTS                            1737                           1737              

TRAINING_TABLE_EVICTIONS                            74                             74              

TRAINING_TABLE_OBSERVATIONS                    1014084                        1014084              

TRAINING_TABLE_PROMOTIONS                          977                            977              

TRAINING_TABLE_PROMOTION_REJECTS                     2                              2              

TRAINING_TABLE_PEAK_LIVE                           687                            687              

APT_LOOKUP_HITS                                6955715                        6955715              

APT_LOOKUP_MISSES                             12587331                       12587331              

APT_CONFIGURED_CAPACITY                            256                            256              

APT_INSERT_FAILURES                                  0                              0              

APT_LIVE_LD2_PREDICTION_PEAK                       135                            135              

APT_LIVE_LD2_PREDICTION_OBSERVATIONS          19543046                       19543046              

APT_LIVE_LD2_PREDICTION_TOTAL               1416927881                     1416927881              

APT_LIVE_LD2_PREDICTION_AVG                 1416927881       72.5029       1416927881       72.5029

IFUSE_INFLIGHT_FUSED_PAIRS_PEAK                    110                            110              

IFUSE_INFLIGHT_FUSED_PAIRS_OBSERVATIONS       19543042                       19543042              

IFUSE_INFLIGHT_FUSED_PAIRS_TOTAL             931259853                      931259853              

ACI_LOOKUP_HITS                                6416030                        6416030              

ACI_LOOKUP_MISSES                                  374                            374              

ACI_REPLAYED_INSERTS                                 0                              0              

ACI_BACKING_ALLOC_FAILURES                           0                              0              

ACI_PREDICTION_INSERTS                         7621010                        7621010              

ACI_SAME_CACHEBLOCK_INSERTS                    3021499                        3021499              

ACI_PREDICTION_INVALIDATIONS                   1204932                        1204932              

ACI_STALE_PREDICTION_REMOVALS                        0                              0              

IFUSE_GP_REG_OCCUPIED_PEAK                         267                            267              

IFUSE_GP_REG_OCCUPIED_OBSERVATIONS           105332040                      105332040              

IFUSE_GP_REG_OCCUPIED_TOTAL                24121453950                    24121453950              

IFUSE_GP_REG_UTIL_PCT_TOTAL                 8566090710                     8566090710              

IFUSE_EXTRA_REG_IN_USE_PEAK                        102                            102              

IFUSE_EXTRA_REG_IN_USE_OBSERVATIONS          105332040                      105332040              

IFUSE_EXTRA_REG_IN_USE_TOTAL                4312665210                     4312665210              

IFUSE_LOAD1_PREDICTIONS                        7621010                        7621010              

IFUSE_CORRECT_PREDICTIONS                      6415145                        6415145              

IFUSE_INCORRECT_PREDICTIONS                       1259                           1259              

IFUSE_FUSED_LOADS                              6415145                        6415145              

IFUSE_MISPREDICTED_LOADS                          1259                           1259              

IFUSE_MISPREDICTION_FLUSHES                        824                            824              

IFUSE_MISPREDICTED_CACHE_BLOCK_ADDR                374                            374              

IFUSE_MISPREDICTED_OFFSET_DELTA                   1259                           1259              

IFUSE_ALL_LOADS                               19543046                       19543046              

IFUSE_NUM_FUSED_LOADS                          6415145                        6415145              

IFUSE_NUM_DEMAND_LOADS                        13127901                       13127901              

IFUSE_LOAD_COVERAGE                            6415145        0.3283          6415145        0.3283

IFUSE_LD_STALL_CYCLES                         79842521                       79842521              

IFUSE_LD_STALL_CYCLES_FUSED                    7238725                        7238725              

IFUSE_LD_STALL_CYCLES_DEMAND                  72603796                       72603796              

IFUSE_AVG_STALL_PER_LOAD                      79842521        4.0855         79842521        4.0855

IFUSE_AVG_STALL_PER_FUSED                      7238725        1.1284          7238725        1.1284

IFUSE_AVG_STALL_PER_DEMAND                    72603796        5.5305         72603796        5.5305

IFUSE_FULL_MITIGATED                           1700103                        1700103              

IFUSE_PARTIAL_MITIGATED                        4715042                        4715042              

IFUSE_REMAINING_WAIT_AFTER_AGU                43529060                       43529060              

IFUSE_LD_EXEC_MINUS_FETCH                   1153850266                     1153850266              

IFUSE_LD_RETIRE_MINUS_FETCH                 1535760242                     1535760242              

IFUSE_LD_EXEC_TO_DONE                         79842521                       79842521              

IFUSE_LD_EXEC_MINUS_FETCH_FUSED              388095191                      388095191              

IFUSE_LD_RETIRE_MINUS_FETCH_FUSED            506202297                      506202297              

IFUSE_LD_EXEC_TO_DONE_FUSED                    7238725                        7238725              

IFUSE_LD_EXEC_MINUS_FETCH_DEMAND             765755075                      765755075              

IFUSE_LD_RETIRE_MINUS_FETCH_DEMAND          1029557945                     1029557945              

IFUSE_LD_EXEC_TO_DONE_DEMAND                  72603796                       72603796              



