/* -*- Mode: c -*- */
####################################################################################################
Core 0
####################################################################################################
Cumulative:        Cycles: 22847904              Instructions: 30000000              IPC: 1.31303

Periodic:          Cycles: 7554496               Instructions: 9999997               IPC: 1.32371

EXECUTION_TIME                           2360780000000                  7139970000000              

SIM_HOST_WALL_SECONDS                       258.187410                     258.187410              

NODE_CYCLE                                     7554496                       22847904              

NODE_INST_COUNT                                9999997                       30000000              

NODE_INST_COUNT_FETCHED                        9999997                       30000000              

NODE_UOP_COUNT                                10522546                       31568861              

EXEC_STAGE_NO_ISSUE_STALL_CYCLE                3157627                        9485777              

EXEC_STAGE_NO_ISSUE_STALL_CYCLE_ONPATH         3015115                        9051668              

FULL_WINDOW_STALL                                    0        0.000%              819        0.004%

FULL_WINDOW_MEM_OP                                   0         -nan%              804      100.000%
FULL_WINDOW_FP_OP                                    0         -nan%                0        0.000%
FULL_WINDOW_OTHER_OP                                 0         -nan%                0        0.000%
                                                     0         -nan%              804      100.000%
                                                  -nan         -nan              0.00         0.00

RET_BLOCKED_DC_MISS                            5052991       66.887%         15199309       66.524%

RET_BLOCKED_L1_MISS                            3461898       45.826%         10371437       45.393%

RET_BLOCKED_L1_MISS_BW_PREF                      44943        0.595%           130490        0.571%

RET_BLOCKED_L1_ACCESS                          1594316       21.104%          4838161       21.176%

RET_BLOCKED_MEM_STALL                          3461898       45.826%         10457013       45.768%

RET_BLOCKED_OFFCHIP_DEMAND                           0        0.000%                0        0.000%

OP_ISSUED                                     10787114                       32395974              

OP_RETIRED                                    10522546                       31568861              

OP_MACRO_FUSION_ONPATH                               0                              0              

OP_MACRO_FUSION_OFFPATH                              0                              0              

REPLAY_SIGNALED                                      0                              0              

REPLAY_COUNTED                                       0                              0              

OFF_CRITICAL_PATH                                    0         -nan%                0         -nan%
ON_CRITICAL_PATH                                     0         -nan%                0         -nan%
                                                     0         -nan%                0         -nan%
                                                  -nan         -nan              -nan         -nan

LD_NO_DEPENDENTS                                407145       20.757%          1217610       20.705%
LD_DEPENDENTS                                  1554332       79.243%          4663020       79.295%
                                               1961477      100.000%          5880630      100.000%
                                                  0.79         0.73              0.79         0.73

LD_EXEC_CYCLES_0                                     0        0.000%                0        0.000%
LD_EXEC_CYCLES_1                                240934       86.193%           719938       86.213%
LD_EXEC_CYCLES_2                                  9487        3.394%            29233        3.501%
LD_EXEC_CYCLES_3                                  7623        2.727%            21950        2.629%
LD_EXEC_CYCLES_4                                 21483        7.685%            63949        7.658%
                                                279527      100.000%           835070      100.000%
                                                  1.32         0.93              1.32         0.93

LD_EXEC_MINUS_FETCH_LATENCY                  315494881                      944923473              

LD_RETIRE_MINUS_FETCH_LATENCY                601937861                     1801166200              

ICACHE_STAGE_STARVED                            255383        5.835%           796849        6.081%
ICACHE_STAGE_NOT_STARVED                       4121125       94.165%         12307654       93.919%
                                               4376508      100.000%         13104503      100.000%
                                                  0.94         0.92              0.94         0.91

ICACHE_STAGE_STALLED                           2457316       32.528%          7334145       32.100%
ICACHE_STAGE_NOT_STALLED                       1919192       25.405%          5770358       25.256%
ICACHE_STAGE_OFF_PATH                          3177988       42.068%          9743401       42.645%
                                               7554496      100.000%         22847904      100.000%
                                                  1.10         0.92              1.11         0.93

DECODE_STAGE_STARVED                           6223002       94.770%         18860576       95.005%
DECODE_STAGE_NOT_STARVED                        343439        5.230%           991587        4.995%
                                               6566441      100.000%         19852163      100.000%
                                                  0.05         0.22              0.05         0.21

DECODE_STAGE_STALLED                            232705        3.080%           641187        2.806%
DECODE_STAGE_NOT_STALLED                       6333736       83.841%         19210976       84.082%
DECODE_STAGE_OFF_PATH                           988055       13.079%          2995741       13.112%
                                               7554496      100.000%         22847904      100.000%
                                                  1.10         0.52              1.10         0.52

UOPQ_STAGE_STARVED                             1531060       60.169%          4758751       61.494%
UOPQ_STAGE_NOT_STARVED                         1013546       39.831%          2979857       38.506%
                                               2544606      100.000%          7738608      100.000%
                                                  0.40         0.46              0.39         0.45

UOPQ_STAGE_STALLED                             2490161       32.963%          7421126       32.481%
UOPQ_STAGE_NOT_STALLED                         2544606       33.683%          7738608       33.870%
UOPQ_STAGE_OFF_PATH                            2519729       33.354%          7688170       33.649%
                                               7554496      100.000%         22847904      100.000%
                                                  1.00         0.82              1.01         0.82

RS_OP_READY_NOT_ISSUED_TOTAL                   3881628                       14111406              

RS_0_OP_READY_NOT_ISSUED                       3218676                        9722601              

RS_1_OP_READY_NOT_ISSUED                        212942                         633891              

RS_2_OP_READY_NOT_ISSUED                        450010                        3754914              

RS_3_OP_READY_NOT_ISSUED                             0                              0              

RS_4_OP_READY_NOT_ISSUED                             0                              0              

RS_5_OP_READY_NOT_ISSUED                             0                              0              

RS_6_OP_READY_NOT_ISSUED                             0                              0              

RS_7_OP_READY_NOT_ISSUED                             0                              0              

RS_7_PLUS_OP_READY_NOT_ISSUED                        0                              0              

FU_IDLE_NO_READY_OPS_TOTAL                    54172336                      164070983              

FU_0_IDLE_NO_READY_OPS                         4468643                       13577616              

FU_1_IDLE_NO_READY_OPS                         5090752                       15445802              

FU_2_IDLE_NO_READY_OPS                         5794902                       17579647              

FU_3_IDLE_NO_READY_OPS                         5795528                       17581335              

FU_4_IDLE_NO_READY_OPS                         5102499                       15481207              

FU_5_IDLE_NO_READY_OPS                         4427512                       13452787              

FU_6_IDLE_NO_READY_OPS                         6302990                       18961693              

FU_7_IDLE_NO_READY_OPS                         6302251                       18960384              

FU_8_IDLE_NO_READY_OPS                         5091970                       15449760              

FU_9_IDLE_NO_READY_OPS                         5795289                       17580752              

FU_10_IDLE_NO_READY_OPS                              0                              0              

FU_11_IDLE_NO_READY_OPS                              0                              0              

FU_12_IDLE_NO_READY_OPS                              0                              0              

FU_13_IDLE_NO_READY_OPS                              0                              0              

FU_14_IDLE_NO_READY_OPS                              0                              0              

FU_15_IDLE_NO_READY_OPS                              0                              0              

FU_16_IDLE_NO_READY_OPS                              0                              0              

FU_17_IDLE_NO_READY_OPS                              0                              0              

FU_18_IDLE_NO_READY_OPS                              0                              0              

FU_19_IDLE_NO_READY_OPS                              0                              0              

FU_20_IDLE_NO_READY_OPS                              0                              0              

FU_21_IDLE_NO_READY_OPS                              0                              0              

FU_22_IDLE_NO_READY_OPS                              0                              0              

FU_23_IDLE_NO_READY_OPS                              0                              0              

FU_24_IDLE_NO_READY_OPS                              0                              0              

FU_25_IDLE_NO_READY_OPS                              0                              0              

FU_26_IDLE_NO_READY_OPS                              0                              0              

FU_27_IDLE_NO_READY_OPS                              0                              0              

FU_28_IDLE_NO_READY_OPS                              0                              0              

FU_29_IDLE_NO_READY_OPS                              0                              0              

FU_30_IDLE_NO_READY_OPS                              0                              0              

FU_31_IDLE_NO_READY_OPS                              0                              0              

FU_31_PLUS_IDLE_NO_READY_OPS                         0                              0              

MAP_STAGE_STARVED                               831678       27.218%          2503857       27.402%
MAP_STAGE_NOT_STARVED                          2223936       72.782%          6633651       72.598%
                                               3055614      100.000%          9137508      100.000%
                                                  0.73         0.66              0.73         0.66

MAP_STAGE_STALLED                               174701        4.594%           487725        4.272%
MAP_STAGE_NOT_STALLED                          2880913       75.764%          8649783       75.767%
MAP_STAGE_OFF_PATH                              746890       19.642%          2278741       19.961%
                                               3802504      100.000%         11416249      100.000%
                                                  1.15         0.65              1.16         0.65

MAP_STAGE_STALL_ITSELF                         3751992       49.666%         11431655       50.034%
MAP_STAGE_NOT_STALL_ITSELF                     3802504       50.334%         11416249       49.966%
                                               7554496      100.000%         22847904      100.000%
                                                  0.50         0.50              0.50         0.50

MAP_STAGE_LATE_ALLOCATE_SEND_BACK                    0                              0              

MAP_STAGE_RENAME_OP_ONPATH                    10522240                       31568861              

MAP_STAGE_RENAME_OP_OFFPATH                    2414600                        7403950              

MAP_STAGE_RENAME_INT_REG_ONPATH                6632079                       19889561              

MAP_STAGE_RENAME_INT_REG_OFFPATH               1429503                        4406307              

MAP_STAGE_RENAME_VEC_REG_ONPATH                  37692                         112827              

MAP_STAGE_RENAME_VEC_REG_OFFPATH                  1319                           4510              

MAP_STAGE_RENAME_MOVE_ELIM_ONPATH                    0                              0              

MAP_STAGE_RENAME_MOVE_ELIM_OFFPATH                   0                              0              

MAP_STAGE_ONPATH_INT_REG_NUM_ALLOC             7031639                       21086778              

MAP_STAGE_ONPATH_VEC_REG_NUM_ALLOC               37692                         112819              

MAP_STAGE_ONPATH_INT_REG_NUM_SHORTLIVE         3031857                        9076269              

MAP_STAGE_ONPATH_VEC_REG_NUM_SHORTLIVE           30718                          91809              

MAP_STAGE_ONPATH_INT_REG_USE_COUNT_0           1035249                        3099965              

MAP_STAGE_ONPATH_VEC_REG_USE_COUNT_0                 0                              7              

MAP_STAGE_ONPATH_INT_REG_USE_COUNT_1           3945664                       11830243              

MAP_STAGE_ONPATH_VEC_REG_USE_COUNT_1             36602                         109488              

MAP_STAGE_ONPATH_INT_REG_USE_COUNT_2           1206165                        3619067              

MAP_STAGE_ONPATH_VEC_REG_USE_COUNT_2              1080                           3273              

MAP_STAGE_ONPATH_INT_REG_USE_COUNT_3            412701                        1242523              

MAP_STAGE_ONPATH_VEC_REG_USE_COUNT_3                10                             51              

MAP_STAGE_ONPATH_INT_REG_USE_COUNT_4            137453                         410025              

MAP_STAGE_ONPATH_VEC_REG_USE_COUNT_4                 0                              0              

MAP_STAGE_ONPATH_INT_REG_USE_COUNT_5             67871                         203538              

MAP_STAGE_ONPATH_VEC_REG_USE_COUNT_5                 0                              0              

MAP_STAGE_ONPATH_INT_REG_USE_COUNT_6             71253                         214704              

MAP_STAGE_ONPATH_VEC_REG_USE_COUNT_6                 0                              0              

MAP_STAGE_ONPATH_INT_REG_USE_COUNT_7_PLUS        155283                         466713              

MAP_STAGE_ONPATH_VEC_REG_USE_COUNT_7_PLUS             0                              0              

MAP_STAGE_ONPATH_INT_REG_CONSUME_DIST_0              0        0.0000                0        0.0000

MAP_STAGE_ONPATH_VEC_REG_CONSUME_DIST_0              0          -nan                0        0.0000

MAP_STAGE_ONPATH_INT_REG_CONSUME_DIST_1              0        0.0000                0        0.0000

MAP_STAGE_ONPATH_VEC_REG_CONSUME_DIST_1              0        0.0000                0        0.0000

MAP_STAGE_ONPATH_INT_REG_CONSUME_DIST_2       12364906       10.2514         39987648       11.0492

MAP_STAGE_ONPATH_VEC_REG_CONSUME_DIST_2         341207      315.9324          1228451      375.3288

MAP_STAGE_ONPATH_INT_REG_CONSUME_DIST_3        8923456       21.6221         26796506       21.5662

MAP_STAGE_ONPATH_VEC_REG_CONSUME_DIST_3             10        1.0000               56        1.0980

MAP_STAGE_ONPATH_INT_REG_CONSUME_DIST_4        1906283       13.8686          5666636       13.8202

MAP_STAGE_ONPATH_VEC_REG_CONSUME_DIST_4              0          -nan                0          -nan

MAP_STAGE_ONPATH_INT_REG_CONSUME_DIST_5        2510660       36.9916          7389639       36.3059

MAP_STAGE_ONPATH_VEC_REG_CONSUME_DIST_5              0          -nan                0          -nan

MAP_STAGE_ONPATH_INT_REG_CONSUME_DIST_6        6933412       97.3069         20782844       96.7977

MAP_STAGE_ONPATH_VEC_REG_CONSUME_DIST_6              0          -nan                0          -nan

MAP_STAGE_ONPATH_INT_REG_CONSUME_DIST_7_PLUS      21059925      135.6229         63732768      136.5567

MAP_STAGE_ONPATH_VEC_REG_CONSUME_DIST_7_PLUS             0          -nan                0          -nan

MAP_STAGE_INT_REG_ISSUE_READ_TOTAL_CONSUMED      10994098        3.4818         33066288        3.4859

MAP_STAGE_VEC_REG_ISSUE_READ_TOTAL_CONSUMED         38800        0.0123           116276        0.0123

MAP_STAGE_INT_REG_ISSUE_READ_MULTI_CONSUMED       4960819        1.5711         14922502        1.5731

MAP_STAGE_VEC_REG_ISSUE_READ_MULTI_CONSUMED          1108        0.0004             3422        0.0004

MAP_STAGE_INT_REG_ISSUE_READ_SAME_CYCLE_CONSUMED       2289334        0.7250          6878955        0.7252

MAP_STAGE_VEC_REG_ISSUE_READ_SAME_CYCLE_CONSUMED           111        0.0000              305        0.0000

MAP_STAGE_INT_REG_ISSUE_READ_TOTAL_CONSUMED_ONPATH      10859430        3.6017         32600454        3.6016

MAP_STAGE_VEC_REG_ISSUE_READ_TOTAL_CONSUMED_ONPATH         38793        0.0129           116196        0.0128

MAP_STAGE_INT_REG_ISSUE_READ_MULTI_CONSUMED_ONPATH       4863155        1.6129         14613619        1.6145

MAP_STAGE_VEC_REG_ISSUE_READ_MULTI_CONSUMED_ONPATH          1101        0.0004             3376        0.0004

MAP_STAGE_INT_REG_ISSUE_READ_SAME_CYCLE_CONSUMED_ONPATH       2265947        0.7515          6804529        0.7517

MAP_STAGE_VEC_REG_ISSUE_READ_SAME_CYCLE_CONSUMED_ONPATH           111        0.0000              305        0.0000

MAP_STAGE_ONPATH_INT_REG_LIFECYCLE_EMPTY     522878471                     1602656410              

MAP_STAGE_ONPATH_VEC_REG_LIFECYCLE_EMPTY       1352160                        3998336              

MAP_STAGE_ONPATH_INT_REG_LIFECYCLE_IN_USE     720661682                     2203674638              

MAP_STAGE_ONPATH_VEC_REG_LIFECYCLE_IN_USE       2008077                        6192879              

MAP_STAGE_ONPATH_INT_REG_LIFECYCLE_SPEC_RELEASE    1389688760                     4208295777              

MAP_STAGE_ONPATH_VEC_REG_LIFECYCLE_SPEC_RELEASE      64437052                      189218770              

MAP_STAGE_ONPATH_INT_REG_LIFECYCLE_NONSPEC_RELEASE    1389688760                     4208295777              

MAP_STAGE_ONPATH_VEC_REG_LIFECYCLE_NONSPEC_RELEASE      64437052                      189218770              

MAP_STAGE_ONPATH_INT_REG_LIFECYCLE_TOTAL    1389688760                     4208295777              

MAP_STAGE_ONPATH_VEC_REG_LIFECYCLE_TOTAL      64437052                      189218770              

MAP_STAGE_ONPATH_INT_REG_NUM_NONBRANCH         7031639                       21086778              

MAP_STAGE_ONPATH_VEC_REG_NUM_NONBRANCH           37692                         112819              

MAP_STAGE_ONPATH_INT_REG_NUM_NONEXCEPT         7031639                       21086778              

MAP_STAGE_ONPATH_VEC_REG_NUM_NONEXCEPT           37692                         112819              

MAP_STAGE_ONPATH_INT_REG_NUM_ATOMIC            7031639                       21086778              

MAP_STAGE_ONPATH_VEC_REG_NUM_ATOMIC              37692                         112819              

MAP_STAGE_ONPATH_INT_REG_ATOMIC_REDEFINED_DIST_TOTAL    1389688760      197.6337       4208295777      199.5704

MAP_STAGE_ONPATH_VEC_REG_ATOMIC_REDEFINED_DIST_TOTAL      64437052     1709.5684        189218770     1677.1889

MAP_STAGE_ONPATH_INT_REG_ATOMIC_CONSUMED_DIST_TOTAL     720661682      102.4884       2203674638      104.5050

MAP_STAGE_ONPATH_VEC_REG_ATOMIC_CONSUMED_DIST_TOTAL       2008077       53.2759          6192879       54.8922

MAP_STAGE_ONPATH_INT_REG_ATOMIC_RELEASE_DIST_TOTAL    1389688760      197.6337       4208295777      199.5704

MAP_STAGE_ONPATH_VEC_REG_ATOMIC_RELEASE_DIST_TOTAL      64437052     1709.5684        189218770     1677.1889

EXEC_STAGE_STARVED                             7403350       97.999%         22247190       97.371%
EXEC_STAGE_NOT_STARVED                           79190        1.048%           379835        1.662%
EXEC_STAGE_OFF_PATH                              71956        0.952%           220879        0.967%
                                               7554496      100.000%         22847904      100.000%
                                                  0.03         0.22              0.04         0.23

FU_BUSY_0                                      1869167                        5615019              

FU_BUSY_1                                      1214625                        3657714              

FU_BUSY_2                                       693765                        2074760              

FU_BUSY_3                                       693237                        2073545              

FU_BUSY_4                                      1170385                        3525427              

FU_BUSY_5                                      2018948                        6061893              

FU_BUSY_6                                       653843                        2100654              

FU_BUSY_7                                       654518                        2101044              

FU_BUSY_8                                      1210400                        3643925              

FU_BUSY_9                                       693218                        2074416              

FU_BUSY_10                                           0                              0              

FU_BUSY_11                                           0                              0              

FU_BUSY_12                                           0                              0              

FU_BUSY_13                                           0                              0              

FU_BUSY_14                                           0                              0              

FU_BUSY_15                                           0                              0              

FU_BUSY_16                                           0                              0              

FU_BUSY_17                                           0                              0              

FU_BUSY_18                                           0                              0              

FU_BUSY_19                                           0                              0              

FU_BUSY_20                                           0                              0              

FU_BUSY_21                                           0                              0              

FU_BUSY_22                                           0                              0              

FU_BUSY_23                                           0                              0              

FU_BUSY_24                                           0                              0              

FU_BUSY_25                                           0                              0              

FU_BUSY_26                                           0                              0              

FU_BUSY_27                                           0                              0              

FU_BUSY_28                                           0                              0              

FU_BUSY_29                                           0                              0              

FU_BUSY_30                                           0                              0              

FU_BUSY_31                                           0                              0              

FU_REJECTED_OP_INV_NOT_SIMD                          0        0.000%                0        0.000%
FU_REJECTED_OP_NOP_NOT_SIMD                          0        0.000%                0        0.000%
FU_REJECTED_OP_CF_NOT_SIMD                         548        1.250%             1664        0.406%
FU_REJECTED_OP_MOV_NOT_SIMD                       1328        3.030%             4153        1.014%
FU_REJECTED_OP_CMOV_NOT_SIMD                         0        0.000%                0        0.000%
FU_REJECTED_OP_LDA_NOT_SIMD                          0        0.000%                0        0.000%
FU_REJECTED_OP_IMEM_NOT_SIMD                     20939       47.773%            62513       15.262%
FU_REJECTED_OP_IADD_NOT_SIMD                     12617       28.786%           315734       77.084%
FU_REJECTED_OP_IMUL_NOT_SIMD                      6219       14.189%            18848        4.602%
FU_REJECTED_OP_IDIV_NOT_SIMD                         0        0.000%                0        0.000%
FU_REJECTED_OP_ICMP_NOT_SIMD                         0        0.000%                0        0.000%
FU_REJECTED_OP_LOGIC_NOT_SIMD                        0        0.000%                0        0.000%
FU_REJECTED_OP_SHIFT_NOT_SIMD                        0        0.000%                0        0.000%
FU_REJECTED_OP_FMEM_NOT_SIMD                         0        0.000%                0        0.000%
FU_REJECTED_OP_FCVT_NOT_SIMD                         0        0.000%                0        0.000%
FU_REJECTED_OP_FADD_NOT_SIMD                         0        0.000%                0        0.000%
FU_REJECTED_OP_FMUL_NOT_SIMD                         0        0.000%                0        0.000%
FU_REJECTED_OP_FMA_NOT_SIMD                          0        0.000%                0        0.000%
FU_REJECTED_OP_FDIV_NOT_SIMD                         0        0.000%                0        0.000%
FU_REJECTED_OP_FCMP_NOT_SIMD                         0        0.000%                0        0.000%
FU_REJECTED_OP_FCMOV_NOT_SIMD                        0        0.000%                0        0.000%
FU_REJECTED_OP_GATHER_NOT_SIMD                       0        0.000%                0        0.000%
FU_REJECTED_OP_SCATTER_NOT_SIMD                      0        0.000%                0        0.000%
FU_REJECTED_OP_PIPELINED_FAST_NOT_SIMD               0        0.000%                0        0.000%
FU_REJECTED_OP_PIPELINED_MEDIUM_NOT_SIMD             0        0.000%                0        0.000%
FU_REJECTED_OP_PIPELINED_SLOW_NOT_SIMD               0        0.000%                0        0.000%
FU_REJECTED_OP_NOTPIPELINED_MEDIUM_NOT_SIMD             0        0.000%                0        0.000%
FU_REJECTED_OP_NOTPIPELINED_SLOW_NOT_SIMD             0        0.000%                0        0.000%
FU_REJECTED_OP_NOTPIPELINED_VERY_SLOW_NOT_SIMD             0        0.000%                0        0.000%
FU_REJECTED_OP_INV_SIMD                              0        0.000%                0        0.000%
FU_REJECTED_OP_NOP_SIMD                              0        0.000%                0        0.000%
FU_REJECTED_OP_CF_SIMD                               0        0.000%                0        0.000%
FU_REJECTED_OP_MOV_SIMD                           1479        3.374%             4624        1.129%
FU_REJECTED_OP_CMOV_SIMD                             0        0.000%                0        0.000%
FU_REJECTED_OP_LDA_SIMD                              0        0.000%                0        0.000%
FU_REJECTED_OP_IMEM_SIMD                             0        0.000%                0        0.000%
FU_REJECTED_OP_IADD_SIMD                             0        0.000%                0        0.000%
FU_REJECTED_OP_IMUL_SIMD                             0        0.000%                0        0.000%
FU_REJECTED_OP_IDIV_SIMD                             0        0.000%                0        0.000%
FU_REJECTED_OP_ICMP_SIMD                             0        0.000%                0        0.000%
FU_REJECTED_OP_LOGIC_SIMD                            0        0.000%                0        0.000%
FU_REJECTED_OP_SHIFT_SIMD                            0        0.000%                0        0.000%
FU_REJECTED_OP_FMEM_SIMD                             0        0.000%                0        0.000%
FU_REJECTED_OP_FCVT_SIMD                           273        0.623%              735        0.179%
FU_REJECTED_OP_FADD_SIMD                           427        0.974%             1328        0.324%
FU_REJECTED_OP_FMUL_SIMD                             0        0.000%                0        0.000%
FU_REJECTED_OP_FMA_SIMD                              0        0.000%                0        0.000%
FU_REJECTED_OP_FDIV_SIMD                             0        0.000%                0        0.000%
FU_REJECTED_OP_FCMP_SIMD                             0        0.000%                0        0.000%
FU_REJECTED_OP_FCMOV_SIMD                            0        0.000%                0        0.000%
FU_REJECTED_OP_GATHER_SIMD                           0        0.000%                0        0.000%
FU_REJECTED_OP_SCATTER_SIMD                          0        0.000%                0        0.000%
FU_REJECTED_OP_PIPELINED_FAST_SIMD                   0        0.000%                0        0.000%
FU_REJECTED_OP_PIPELINED_MEDIUM_SIMD                 0        0.000%                0        0.000%
FU_REJECTED_OP_PIPELINED_SLOW_SIMD                   0        0.000%                0        0.000%
FU_REJECTED_OP_NOTPIPELINED_MEDIUM_SIMD              0        0.000%                0        0.000%
FU_REJECTED_OP_NOTPIPELINED_SLOW_SIMD                0        0.000%                0        0.000%
FU_REJECTED_OP_NOTPIPELINED_VERY_SLOW_SIMD             0        0.000%                0        0.000%
                                                 43830      100.000%           409599      100.000%
                                                  7.91         6.56              7.30         3.77

LSQ_FULL_TOTAL                                  189256                         535812              

LSQ_FULL_LOAD_QUEUE                                  0                            514              

LSQ_FULL_STORE_QUEUE                            189256                         535298              

OP_WAIT_0                                      6888603                       20641775              

OP_WAIT_1                                      2158688                        6469764              

OP_WAIT_2                                       405436                        1219009              

OP_WAIT_3                                       175670                         528782              

OP_WAIT_4                                       106478                         319828              

OP_WAIT_5                                        82695                         247832              

OP_WAIT_6                                        68358                         206070              

OP_WAIT_7                                        48821                         147913              

OP_WAIT_8                                        40366                         122582              

OP_WAIT_9                                        33413                         100957              

OP_WAIT_10                                       27236                          82792              

OP_WAIT_11                                       25680                          78579              

OP_WAIT_12                                       14224                          43425              

OP_WAIT_13                                       14897                          43784              

OP_WAIT_14                                       16284                          49300              

OP_WAIT_15                                       12992                          40268              

OP_WAIT_16                                       12759                          38450              

OP_WAIT_17                                       13439                          40007              

OP_WAIT_18                                       11110                          33090              

OP_WAIT_19                                        9715                          29329              

OP_WAIT_20                                       10055                          30269              

OP_WAIT_21                                        8716                          26571              

OP_WAIT_22                                       10753                          32165              

OP_WAIT_23                                       11154                          33588              

OP_WAIT_24                                       10825                          31891              

OP_WAIT_25                                        8811                          26432              

OP_WAIT_26                                        7119                          21255              

OP_WAIT_27                                        7101                          21320              

OP_WAIT_28                                        5165                          15389              

OP_WAIT_29                                        5701                          17034              

OP_WAIT_30                                        5321                          16261              

OP_WAIT_31                                      264961                         813150              

ROW_SIZE_0                                     5833766                       17677192              

ROW_SIZE_1                                      210889                         629915              

ROW_SIZE_2                                       93651                         281964              

ROW_SIZE_3                                      105013                         312710              

ROW_SIZE_4                                       27374                          82784              

ROW_SIZE_5                                       14153                          43379              

ROW_SIZE_6                                       17131                          52305              

ROW_SIZE_7                                       66075                         199517              

ROW_SIZE_8                                     1132968                        3397301              

ROW_SIZE_9                                           0                              0              

ROW_SIZE_10                                          0                              0              

ROW_SIZE_11                                          0                              0              

ROW_SIZE_12                                          0                              0              

ROW_SIZE_13                                          0                              0              

ROW_SIZE_14                                          0                              0              

ROW_SIZE_15                                          0                              0              

ROW_SIZE_16                                          0                              0              

ROW_SIZE_17                                          0                              0              

ROW_SIZE_18                                          0                              0              

ROW_SIZE_19                                          0                              0              

ROW_SIZE_20                                          0                              0              

ROW_SIZE_21                                          0                              0              

ROW_SIZE_22                                          0                              0              

ROW_SIZE_23                                          0                              0              

ROW_SIZE_24                                          0                              0              

ROW_SIZE_25                                          0                              0              

ROW_SIZE_26                                          0                              0              

ROW_SIZE_27                                          0                              0              

ROW_SIZE_28                                          0                              0              

ROW_SIZE_29                                          0                              0              

ROW_SIZE_30                                          0                              0              

ROW_SIZE_31                                          0                              0              

RET_OP_EXEC_COUNT_0                                  0        0.000%                0        0.000%
RET_OP_EXEC_COUNT_1                           10522546      100.000%         31568861      100.000%
RET_OP_EXEC_COUNT_2                                  0        0.000%                0        0.000%
RET_OP_EXEC_COUNT_3                                  0        0.000%                0        0.000%
RET_OP_EXEC_COUNT_4                                  0        0.000%                0        0.000%
RET_OP_EXEC_COUNT_5                                  0        0.000%                0        0.000%
RET_OP_EXEC_COUNT_6                                  0        0.000%                0        0.000%
RET_OP_EXEC_COUNT_7                                  0        0.000%                0        0.000%
RET_OP_EXEC_COUNT_8                                  0        0.000%                0        0.000%
RET_OP_EXEC_COUNT_9                                  0        0.000%                0        0.000%
RET_OP_EXEC_COUNT_10                                 0        0.000%                0        0.000%
RET_OP_EXEC_COUNT_11                                 0        0.000%                0        0.000%
RET_OP_EXEC_COUNT_12                                 0        0.000%                0        0.000%
RET_OP_EXEC_COUNT_13                                 0        0.000%                0        0.000%
RET_OP_EXEC_COUNT_14                                 0        0.000%                0        0.000%
RET_OP_EXEC_COUNT_15                                 0        0.000%                0        0.000%
RET_OP_EXEC_COUNT_16                                 0        0.000%                0        0.000%
RET_OP_EXEC_COUNT_17                                 0        0.000%                0        0.000%
RET_OP_EXEC_COUNT_18                                 0        0.000%                0        0.000%
RET_OP_EXEC_COUNT_19                                 0        0.000%                0        0.000%
RET_OP_EXEC_COUNT_20                                 0        0.000%                0        0.000%
RET_OP_EXEC_COUNT_21                                 0        0.000%                0        0.000%
RET_OP_EXEC_COUNT_22                                 0        0.000%                0        0.000%
RET_OP_EXEC_COUNT_23                                 0        0.000%                0        0.000%
RET_OP_EXEC_COUNT_24                                 0        0.000%                0        0.000%
RET_OP_EXEC_COUNT_25                                 0        0.000%                0        0.000%
RET_OP_EXEC_COUNT_26                                 0        0.000%                0        0.000%
RET_OP_EXEC_COUNT_27                                 0        0.000%                0        0.000%
RET_OP_EXEC_COUNT_28                                 0        0.000%                0        0.000%
RET_OP_EXEC_COUNT_29                                 0        0.000%                0        0.000%
RET_OP_EXEC_COUNT_30                                 0        0.000%                0        0.000%
RET_OP_EXEC_COUNT_31                                 0        0.000%                0        0.000%
RET_OP_EXEC_COUNT_32                                 0        0.000%                0        0.000%
                                              10522546      100.000%         31568861      100.000%
                                                  1.00         0.00              1.00         0.00

RET_STALL_LENGTH_0                            10499420       99.780%         31497428       99.774%
RET_STALL_LENGTH_100                             20406        0.194%            63807        0.202%
RET_STALL_LENGTH_200                              1057        0.010%             2976        0.009%
RET_STALL_LENGTH_300                               349        0.003%              870        0.003%
RET_STALL_LENGTH_400                               288        0.003%              802        0.003%
RET_STALL_LENGTH_500                               511        0.005%             1442        0.005%
RET_STALL_LENGTH_600                               161        0.002%              511        0.002%
RET_STALL_LENGTH_700                                47        0.000%              106        0.000%
RET_STALL_LENGTH_800                                11        0.000%               36        0.000%
RET_STALL_LENGTH_900                                14        0.000%               63        0.000%
RET_STALL_LENGTH_1000                               35        0.000%              100        0.000%
RET_STALL_LENGTH_1100                               34        0.000%               95        0.000%
RET_STALL_LENGTH_1200                              112        0.001%              358        0.001%
RET_STALL_LENGTH_1300                               57        0.001%              153        0.000%
RET_STALL_LENGTH_1400                                8        0.000%               18        0.000%
RET_STALL_LENGTH_1500                               12        0.000%               23        0.000%
RET_STALL_LENGTH_1600                                4        0.000%                9        0.000%
RET_STALL_LENGTH_1700                               15        0.000%               38        0.000%
RET_STALL_LENGTH_1800                                5        0.000%               19        0.000%
RET_STALL_LENGTH_1900                                0        0.000%                4        0.000%
RET_STALL_LENGTH_2000                                0        0.000%                3        0.000%
RET_STALL_LENGTH_2100                                0        0.000%                0        0.000%
RET_STALL_LENGTH_2200                                0        0.000%                0        0.000%
RET_STALL_LENGTH_2300                                0        0.000%                0        0.000%
RET_STALL_LENGTH_2400                                0        0.000%                0        0.000%
RET_STALL_LENGTH_2500                                0        0.000%                0        0.000%
RET_STALL_LENGTH_2600                                0        0.000%                0        0.000%
RET_STALL_LENGTH_2700                                0        0.000%                0        0.000%
RET_STALL_LENGTH_2800                                0        0.000%                0        0.000%
RET_STALL_LENGTH_2900                                0        0.000%                0        0.000%
RET_STALL_LENGTH_3000                                0        0.000%                0        0.000%
RET_STALL_LENGTH_3100                                0        0.000%                0        0.000%
RET_STALL_LENGTH_3200                                0        0.000%                0        0.000%
RET_STALL_LENGTH_3300                                0        0.000%                0        0.000%
RET_STALL_LENGTH_3400                                0        0.000%                0        0.000%
RET_STALL_LENGTH_3500                                0        0.000%                0        0.000%
RET_STALL_LENGTH_3600                                0        0.000%                0        0.000%
RET_STALL_LENGTH_3700                                0        0.000%                0        0.000%
RET_STALL_LENGTH_3800                                0        0.000%                0        0.000%
RET_STALL_LENGTH_3900                                0        0.000%                0        0.000%
RET_STALL_LENGTH_4000                                0        0.000%                0        0.000%
RET_STALL_LENGTH_4100                                0        0.000%                0        0.000%
RET_STALL_LENGTH_4200                                0        0.000%                0        0.000%
RET_STALL_LENGTH_4300                                0        0.000%                0        0.000%
RET_STALL_LENGTH_4400                                0        0.000%                0        0.000%
RET_STALL_LENGTH_4500                                0        0.000%                0        0.000%
RET_STALL_LENGTH_4600                                0        0.000%                0        0.000%
RET_STALL_LENGTH_4700                                0        0.000%                0        0.000%
RET_STALL_LENGTH_4800                                0        0.000%                0        0.000%
RET_STALL_LENGTH_4900                                0        0.000%                0        0.000%
RET_STALL_LENGTH_5000                                0        0.000%                0        0.000%
                                              10522546      100.000%         31568861      100.000%
                                                  0.00         0.10              0.00         0.10

MEM_BLOCK_LENGTH_0                                   1      100.000%              263       50.870%
MEM_BLOCK_LENGTH_100                                 0        0.000%               79       15.280%
MEM_BLOCK_LENGTH_200                                 0        0.000%               29        5.609%
MEM_BLOCK_LENGTH_300                                 0        0.000%                8        1.547%
MEM_BLOCK_LENGTH_400                                 0        0.000%                2        0.387%
MEM_BLOCK_LENGTH_500                                 0        0.000%               21        4.062%
MEM_BLOCK_LENGTH_600                                 0        0.000%               42        8.124%
MEM_BLOCK_LENGTH_700                                 0        0.000%               27        5.222%
MEM_BLOCK_LENGTH_800                                 0        0.000%               20        3.868%
MEM_BLOCK_LENGTH_900                                 0        0.000%                9        1.741%
MEM_BLOCK_LENGTH_1000                                0        0.000%                5        0.967%
MEM_BLOCK_LENGTH_1100                                0        0.000%                0        0.000%
MEM_BLOCK_LENGTH_1200                                0        0.000%                0        0.000%
MEM_BLOCK_LENGTH_1300                                0        0.000%                2        0.387%
MEM_BLOCK_LENGTH_1400                                0        0.000%                1        0.193%
MEM_BLOCK_LENGTH_1500                                0        0.000%                2        0.387%
MEM_BLOCK_LENGTH_1600                                0        0.000%                3        0.580%
MEM_BLOCK_LENGTH_1700                                0        0.000%                1        0.193%
MEM_BLOCK_LENGTH_1800                                0        0.000%                0        0.000%
MEM_BLOCK_LENGTH_1900                                0        0.000%                0        0.000%
MEM_BLOCK_LENGTH_2000                                0        0.000%                1        0.193%
MEM_BLOCK_LENGTH_2100                                0        0.000%                2        0.387%
MEM_BLOCK_LENGTH_2200                                0        0.000%                0        0.000%
MEM_BLOCK_LENGTH_2300                                0        0.000%                0        0.000%
MEM_BLOCK_LENGTH_2400                                0        0.000%                0        0.000%
MEM_BLOCK_LENGTH_2500                                0        0.000%                0        0.000%
MEM_BLOCK_LENGTH_2600                                0        0.000%                0        0.000%
MEM_BLOCK_LENGTH_2700                                0        0.000%                0        0.000%
MEM_BLOCK_LENGTH_2800                                0        0.000%                0        0.000%
MEM_BLOCK_LENGTH_2900                                0        0.000%                0        0.000%
MEM_BLOCK_LENGTH_3000                                0        0.000%                0        0.000%
MEM_BLOCK_LENGTH_3100                                0        0.000%                0        0.000%
MEM_BLOCK_LENGTH_3200                                0        0.000%                0        0.000%
MEM_BLOCK_LENGTH_3300                                0        0.000%                0        0.000%
MEM_BLOCK_LENGTH_3400                                0        0.000%                0        0.000%
MEM_BLOCK_LENGTH_3500                                0        0.000%                0        0.000%
MEM_BLOCK_LENGTH_3600                                0        0.000%                0        0.000%
MEM_BLOCK_LENGTH_3700                                0        0.000%                0        0.000%
MEM_BLOCK_LENGTH_3800                                0        0.000%                0        0.000%
MEM_BLOCK_LENGTH_3900                                0        0.000%                0        0.000%
MEM_BLOCK_LENGTH_4000                                0        0.000%                0        0.000%
MEM_BLOCK_LENGTH_4100                                0        0.000%                0        0.000%
MEM_BLOCK_LENGTH_4200                                0        0.000%                0        0.000%
MEM_BLOCK_LENGTH_4300                                0        0.000%                0        0.000%
MEM_BLOCK_LENGTH_4400                                0        0.000%                0        0.000%
MEM_BLOCK_LENGTH_4500                                0        0.000%                0        0.000%
MEM_BLOCK_LENGTH_4600                                0        0.000%                0        0.000%
MEM_BLOCK_LENGTH_4700                                0        0.000%                0        0.000%
MEM_BLOCK_LENGTH_4800                                0        0.000%                0        0.000%
MEM_BLOCK_LENGTH_4900                                0        0.000%                0        0.000%
MEM_BLOCK_LENGTH_5000                                0        0.000%                0        0.000%
                                                     1      100.000%              517      100.000%
                                                  0.00         -nan              2.33         3.20

FUS_BUSY_ON_PATH                              10606183        1.4040         32098563        1.4049

FUS_BUSY_OFF_PATH                               265923        0.0352           829834        0.0363

FU_BUSY_MEM_STALL                                84992        0.0113           532423        0.0233

FUS_EMPTY                                     64672854        8.5608        195550643        8.5588

FU_UNAVAILABLE                                   12152        0.0016            37298        0.0016

FU_MEM_UNAVAILABLE                               31678        0.0042           372301        0.0163

FU_OTHER_UNAVAILABLE                                 0        0.0000                0        0.0000

FU_REPLAY                                            0        0.0000                0        0.0000

FU_STARVED                                    64516019        8.5401        195075137        8.5380

CHIP_UTILIZATION                                     0        0.0000                0        0.0000

CYCLES_UNDER_MEM_REQ                                 0                              0              

CYCLES_UNDER_NO_MEM_REQ                              0                              0              

CYCLES_UNDER_CRITICAL_MEM_REQ                        0                              0              

CYCLES_UNDER_NONCRITICAL_MEM_REQ                     0                              0              

CHIP_UTILIZATION_UNDER_MEM_REQ                       0          -nan                0          -nan

CHIP_UTILIZATION_UNDER_NO_MEM_REQ                    0          -nan                0          -nan

CHIP_UTILIZATION_UNDER_CRITICAL_MEM_REQ              0          -nan                0          -nan

CHIP_UTILIZATION_UNDER_NONCRITICAL_MEM_REQ             0          -nan                0          -nan

CYCLES_NOT_WAITING_FOR_OFF_CHIP                      0        0.0000                0        0.0000

FUS_BUSY_NOT_WAITING_FOR_OFF_CHIP                    0          -nan                0          -nan

CYCLES_WAITING_FOR_OFF_CHIP                          0        0.0000                0        0.0000

FUS_BUSY_WAITING_FOR_OFF_CHIP                        0          -nan                0          -nan

TOTAL_OFF_CHIP_DELAYS_LEFT                           0                              0              

WRONG_IO_SCHED                                       0                              0              

DVFS_CONFIG_SWITCH                                   0                              0              

MAP_STAGE_RECEIVED_OPS_0                             0        0.000%                0        0.000%
MAP_STAGE_RECEIVED_OPS_1                         98294        5.003%           292463        4.966%
MAP_STAGE_RECEIVED_OPS_2                        143004        7.279%           424790        7.213%
MAP_STAGE_RECEIVED_OPS_3                         76160        3.876%           228391        3.878%
MAP_STAGE_RECEIVED_OPS_4                         39561        2.014%           119784        2.034%
MAP_STAGE_RECEIVED_OPS_5                         52965        2.696%           158572        2.693%
MAP_STAGE_RECEIVED_OPS_6                       1554685       79.132%          4665197       79.216%
MAP_STAGE_RECEIVED_OPS_7                             0        0.000%                0        0.000%
MAP_STAGE_RECEIVED_OPS_8                             0        0.000%                0        0.000%
MAP_STAGE_RECEIVED_OPS_MAX                           0        0.000%                0        0.000%
                                               1964669      100.000%          5889197      100.000%
                                                  5.28         1.53              5.28         1.53

MAP_STAGE_WAIT_FOR_DECODE                            0         -nan%                0         -nan%
MAP_STAGE_CONSUME_DECODE                             0         -nan%                0         -nan%
                                                     0         -nan%                0         -nan%
                                                  -nan         -nan              -nan         -nan

MAP_STAGE_WAIT_FOR_DECODE2                           0         -nan%                0         -nan%
MAP_STAGE_CONSUME_DECODE2                            0         -nan%                0         -nan%
                                                     0         -nan%                0         -nan%
                                                  -nan         -nan              -nan         -nan

FTQ_RECOVER_EXEC                                 85258                         259066              

FTQ_RECOVER_DECODE                                   0                            210              

FTQ_OFFPATH_CYCLES                             5198864                       15763958              

FTQ_CYCLES_OFFPATH                             5198401                       15763958              

FTQ_CYCLES_ONPATH                              2356095                        7083946              

FTQ_FETCHED_INS_ONPATH                        10521994                       31568849              

FTQ_FETCHED_INS_OFFPATH                       18311691                       56745649              

FTQ_BREAK_FULL_FT_ONPATH                       1217663                        3670363              

FTQ_BREAK_FULL_FT_OFFPATH                      2808262                        8535119              

FTQ_BREAK_PRED_BR_ONPATH                             0                              0              

FTQ_BREAK_PRED_BR_OFFPATH                            0                              0              

FTQ_BREAK_BAR_FETCH_ONPATH                           0                              0              

FTQ_BREAK_BAR_FETCH_OFFPATH                          0                              0              

FTQ_BREAK_MAX_CFS_TAKEN_ONPATH                       0                              0              

FTQ_BREAK_MAX_CFS_TAKEN_OFFPATH                      0                              0              

FTQ_BREAK_MAX_FT_ONPATH                        1138360                        3413510              

FTQ_BREAK_MAX_FT_OFFPATH                       2390138                        7228839              

DFE_GEN_ON_PATH_FT                             1500610                        4500430              

DFE_GEN_OFF_PATH_FT                            2495826                        7547139              

DFE_L0_ENABLED_PREDICTIONS                    10521997                       31568861              

DFE_L0_WRONG_MAIN_CORRECT                       227135                         675562              

DFE_L0_WRONG_MAIN_WRONG                          45948                         141225              

DFE_L0_CORRECT_MAIN_WRONG                        39309                         118051              

DFE_L0_CORRECT_MAIN_CORRECT                   10209605                       30634023              

DFE_L0_WRONG_MAIN_CORRECT_RECOVERY_SCHEDULED             0                              0              

FTQ_SAW_BAR_FETCH_OFFPATH                            0                              0              

FTQ_SAW_BAR_FETCH_ONPATH                             0                              0              

DFE_CONF_0_RECOVER_AT_EXEC                           0         -nan%                0         -nan%
DFE_CONF_1_RECOVER_AT_EXEC                           0         -nan%                0         -nan%
DFE_CONF_2_RECOVER_AT_EXEC                           0         -nan%                0         -nan%
DFE_CONF_3_RECOVER_AT_EXEC                           0         -nan%                0         -nan%
DFE_CONF_0_CORRECT                                   0         -nan%                0         -nan%
DFE_CONF_1_CORRECT                                   0         -nan%                0         -nan%
DFE_CONF_2_CORRECT                                   0         -nan%                0         -nan%
DFE_CONF_3_CORRECT                                   0         -nan%                0         -nan%
                                                     0         -nan%                0         -nan%
                                                  -nan         -nan              -nan         -nan

DFE_ON_CONF_ON_OPS                                   0         -nan%                0         -nan%
DFE_ON_CONF_OFF_OPS                                  0         -nan%                0         -nan%
DFE_OFF_CONF_ON_OPS                                  0         -nan%                0         -nan%
DFE_OFF_CONF_OFF_REALISTIC_OPS                       0         -nan%                0         -nan%
DFE_OFF_CONF_OFF_PERFECT_OPS                         0         -nan%                0         -nan%
                                                     0         -nan%                0         -nan%
                                                  -nan         -nan              -nan         -nan

DFE_ON_CONF_ON_FETCH_TARGETS                         0         -nan%                0         -nan%
DFE_ON_CONF_OFF_FETCH_TARGETS                        0         -nan%                0         -nan%
DFE_OFF_CONF_ON_FETCH_TARGETS                        0         -nan%                0         -nan%
DFE_OFF_CONF_OFF_REALISTIC_FETCH_TARGETS             0         -nan%                0         -nan%
DFE_OFF_CONF_OFF_PERFECT_FETCH_TARGETS               0         -nan%                0         -nan%
                                                     0         -nan%                0         -nan%
                                                  -nan         -nan              -nan         -nan

DFE_ON_CONF_ON_CYCLES                                0         -nan%                0         -nan%
DFE_ON_CONF_OFF_CYCLES                               0         -nan%                0         -nan%
DFE_OFF_CONF_ON_CYCLES                               0         -nan%                0         -nan%
DFE_OFF_CONF_OFF_REALISTIC_CYCLES                    0         -nan%                0         -nan%
DFE_OFF_CONF_OFF_PERFECT_CYCLES                      0         -nan%                0         -nan%
                                                     0         -nan%                0         -nan%
                                                  -nan         -nan              -nan         -nan

DFE_OFF_CONF_ON_NUM_EVENTS                           0                              0              

DFE_OFF_CONF_ON_NOT_IDENTIFIED_EVENTS                0         -nan%                0         -nan%
DFE_OFF_CONF_ON_IBTB_MISS_EVENTS                     0         -nan%                0         -nan%
DFE_OFF_CONF_ON_BTB_MISS_EVENTS                      0         -nan%                0         -nan%
DFE_OFF_CONF_ON_BTB_MISS_RECOVER_AT_EXEC_EVENTS             0         -nan%                0         -nan%
DFE_OFF_CONF_ON_RECOVER_AT_EXEC_EVENTS               0         -nan%                0         -nan%
DFE_OFF_CONF_ON_RECOVER_AT_DECODE_EVENTS             0         -nan%                0         -nan%
                                                     0         -nan%                0         -nan%
                                                  -nan         -nan              -nan         -nan

DFE_OFF_CONF_ON_LATE_BTB_HIT_EVENTS                  0                              0              

DFE_OFF_CONF_ON_NOT_IDENTIFIED_CYCLES                0         -nan%                0         -nan%
DFE_OFF_CONF_ON_IBTB_MISS_CYCLES                     0         -nan%                0         -nan%
DFE_OFF_CONF_ON_BTB_MISS_CYCLES                      0         -nan%                0         -nan%
DFE_OFF_CONF_ON_BTB_MISS_RECOVER_AT_EXEC_CYCLES             0         -nan%                0         -nan%
DFE_OFF_CONF_ON_RECOVER_AT_EXEC_CYCLES               0         -nan%                0         -nan%
DFE_OFF_CONF_ON_RECOVER_AT_DECODE_CYCLES             0         -nan%                0         -nan%
                                                     0         -nan%                0         -nan%
                                                  -nan         -nan              -nan         -nan

DFE_OFF_CONF_ON_LATE_BTB_HIT_CYCLES                  0                              0              

DFE_OFF_CONF_ON_NOT_IDENTIFIED_FETCH_TARGETS             0         -nan%                0         -nan%
DFE_OFF_CONF_ON_IBTB_MISS_FETCH_TARGETS              0         -nan%                0         -nan%
DFE_OFF_CONF_ON_BTB_MISS_FETCH_TARGETS               0         -nan%                0         -nan%
DFE_OFF_CONF_ON_BTB_MISS_RECOVER_AT_EXEC_FETCH_TARGETS             0         -nan%                0         -nan%
DFE_OFF_CONF_ON_RECOVER_AT_EXEC_FETCH_TARGETS             0         -nan%                0         -nan%
DFE_OFF_CONF_ON_RECOVER_AT_DECODE_FETCH_TARGETS             0         -nan%                0         -nan%
                                                     0         -nan%                0         -nan%
                                                  -nan         -nan              -nan         -nan

DFE_OFF_CONF_ON_LATE_BTB_HIT_FETCH_TARGETS             0                              0              

DFE_OFF_CONF_ON_BP_INCORRECT_0_CONF                  0         -nan%                0         -nan%
DFE_OFF_CONF_ON_BP_INCORRECT_1_CONF                  0         -nan%                0         -nan%
DFE_OFF_CONF_ON_BP_INCORRECT_2_CONF                  0         -nan%                0         -nan%
DFE_OFF_CONF_ON_BP_INCORRECT_3_CONF                  0         -nan%                0         -nan%
                                                     0         -nan%                0         -nan%
                                                  -nan         -nan              -nan         -nan

DFE_OFF_CONF_ON_BTB_MISS_CBR_0_CONF                  0         -nan%                0         -nan%
DFE_OFF_CONF_ON_BTB_MISS_CBR_1_CONF                  0         -nan%                0         -nan%
DFE_OFF_CONF_ON_BTB_MISS_CBR_2_CONF                  0         -nan%                0         -nan%
DFE_OFF_CONF_ON_BTB_MISS_CBR_3_CONF                  0         -nan%                0         -nan%
                                                     0         -nan%                0         -nan%
                                                  -nan         -nan              -nan         -nan

DFE_OFF_CONF_ON_BTB_MISS_NOT_CF                      0         -nan%                0         -nan%
DFE_OFF_CONF_ON_BTB_MISS_CF_BR                       0         -nan%                0         -nan%
DFE_OFF_CONF_ON_BTB_MISS_CF_CBR                      0         -nan%                0         -nan%
DFE_OFF_CONF_ON_BTB_MISS_CF_CALL                     0         -nan%                0         -nan%
DFE_OFF_CONF_ON_BTB_MISS_CF_IBR                      0         -nan%                0         -nan%
DFE_OFF_CONF_ON_BTB_MISS_CF_ICALL                    0         -nan%                0         -nan%
DFE_OFF_CONF_ON_BTB_MISS_CF_ICO                      0         -nan%                0         -nan%
DFE_OFF_CONF_ON_BTB_MISS_CF_RET                      0         -nan%                0         -nan%
DFE_OFF_CONF_ON_BTB_MISS_CF_SYS                      0         -nan%                0         -nan%
                                                     0         -nan%                0         -nan%
                                                  -nan         -nan              -nan         -nan

DFE_ON_CONF_OFF_NUM_EVENTS                           0                              0              

CONF_BTB_NUM_CYCLES_OFF_PATH_EVENT                   0                              0              

DFE_ON_CONF_OFF_IBTB_MISS_BP_TAKEN                   0         -nan%                0         -nan%
DFE_ON_CONF_OFF_BTB_MISS_BP_TAKEN_CONF_0             0         -nan%                0         -nan%
DFE_ON_CONF_OFF_BTB_MISS_BP_TAKEN_CONF_1             0         -nan%                0         -nan%
DFE_ON_CONF_OFF_BTB_MISS_BP_TAKEN_CONF_2             0         -nan%                0         -nan%
DFE_ON_CONF_OFF_BTB_MISS_BP_TAKEN_CONF_3             0         -nan%                0         -nan%
DFE_ON_CONF_OFF_BTB_MISS_RATE                        0         -nan%                0         -nan%
DFE_ON_CONF_OFF_IBTB_MISS_RATE                       0         -nan%                0         -nan%
DFE_ON_CONF_OFF_RECOVER_AT_DECODE_RATE               0         -nan%                0         -nan%
DFE_ON_CONF_OFF_RECOVER_AT_EXEC_RATE                 0         -nan%                0         -nan%
DFE_ON_CONF_OFF_INV_CONF_INC                         0         -nan%                0         -nan%
DFE_ON_CONF_OFF_PERFECT_CONF                         0         -nan%                0         -nan%
                                                     0         -nan%                0         -nan%
                                                  -nan         -nan              -nan         -nan

DFE_ON_CONF_OFF_IBTB_MISS_BP_TAKEN_CYCLES             0         -nan%                0         -nan%
DFE_ON_CONF_OFF_BTB_MISS_BP_TAKEN_CONF_0_CYCLES             0         -nan%                0         -nan%
DFE_ON_CONF_OFF_BTB_MISS_BP_TAKEN_CONF_1_CYCLES             0         -nan%                0         -nan%
DFE_ON_CONF_OFF_BTB_MISS_BP_TAKEN_CONF_2_CYCLES             0         -nan%                0         -nan%
DFE_ON_CONF_OFF_BTB_MISS_BP_TAKEN_CONF_3_CYCLES             0         -nan%                0         -nan%
DFE_ON_CONF_OFF_BTB_MISS_RATE_CYCLES                 0         -nan%                0         -nan%
DFE_ON_CONF_OFF_IBTB_MISS_RATE_CYCLES                0         -nan%                0         -nan%
DFE_ON_CONF_OFF_RECOVER_AT_DECODE_RATE_CYCLES             0         -nan%                0         -nan%
DFE_ON_CONF_OFF_RECOVER_AT_EXEC_RATE_CYCLES             0         -nan%                0         -nan%
DFE_ON_CONF_OFF_INV_CONF_INC_CYCLES                  0         -nan%                0         -nan%
DFE_ON_CONF_OFF_PERFECT_CONF_CYCLES                  0         -nan%                0         -nan%
                                                     0         -nan%                0         -nan%
                                                  -nan         -nan              -nan         -nan

DFE_ON_CONF_OFF_IBTB_MISS_BP_TAKEN_FETCH_TARGETS             0         -nan%                0         -nan%
DFE_ON_CONF_OFF_BTB_MISS_BP_TAKEN_CONF_0_FETCH_TARGETS             0         -nan%                0         -nan%
DFE_ON_CONF_OFF_BTB_MISS_BP_TAKEN_CONF_1_FETCH_TARGETS             0         -nan%                0         -nan%
DFE_ON_CONF_OFF_BTB_MISS_BP_TAKEN_CONF_2_FETCH_TARGETS             0         -nan%                0         -nan%
DFE_ON_CONF_OFF_BTB_MISS_BP_TAKEN_CONF_3_FETCH_TARGETS             0         -nan%                0         -nan%
DFE_ON_CONF_OFF_BTB_MISS_RATE_FETCH_TARGETS             0         -nan%                0         -nan%
DFE_ON_CONF_OFF_IBTB_MISS_RATE_FETCH_TARGETS             0         -nan%                0         -nan%
DFE_ON_CONF_OFF_RECOVER_AT_DECODE_RATE_FETCH_TARGETS             0         -nan%                0         -nan%
DFE_ON_CONF_OFF_RECOVER_AT_EXEC_RATE_FETCH_TARGETS             0         -nan%                0         -nan%
DFE_ON_CONF_OFF_INV_CONF_INC_FETCH_TARGETS             0         -nan%                0         -nan%
DFE_ON_CONF_OFF_PERFECT_CONF_FETCH_TARGETS             0         -nan%                0         -nan%
                                                     0         -nan%                0         -nan%
                                                  -nan         -nan              -nan         -nan

CONF_OFF_IBTB_MISS_BP_TAKEN                          0         -nan%                0         -nan%
CONF_OFF_BTB_MISS_BP_TAKEN_CONF_0                    0         -nan%                0         -nan%
CONF_OFF_BTB_MISS_BP_TAKEN_CONF_1                    0         -nan%                0         -nan%
CONF_OFF_BTB_MISS_BP_TAKEN_CONF_2                    0         -nan%                0         -nan%
CONF_OFF_BTB_MISS_BP_TAKEN_CONF_3                    0         -nan%                0         -nan%
CONF_OFF_BTB_MISS_RATE                               0         -nan%                0         -nan%
CONF_OFF_IBTB_MISS_RATE                              0         -nan%                0         -nan%
CONF_OFF_RECOVER_AT_DECODE_RATE                      0         -nan%                0         -nan%
CONF_OFF_RECOVER_AT_EXEC_RATE                        0         -nan%                0         -nan%
CONF_OFF_INV_CONF_INC                                0         -nan%                0         -nan%
CONF_OFF_PERFECT_CONF                                0         -nan%                0         -nan%
                                                     0         -nan%                0         -nan%
                                                  -nan         -nan              -nan         -nan

TOPDOWN_TOTAL_SLOTS                           45326976                      137087424              

TOPDOWN_ISSUED_SLOTS                          15192771                       45854833              

TOPDOWN_RETIRED_SLOTS                         10522210                       31568861              

TOPDOWN_FETCH_BUBBLES_SLOTS                    4305041                       12847483              

TOPDOWN_RECOVERY_BUBBLES_SLOTS                 2209653                        6673807              

TOPDOWN_MEM_LOAD_STALLS_CYCLES                 3878852                       11647542              

TOPDOWN_MEM_STORE_STALLS_CYCLES                      0                              0              

TOPDOWN_EXEC_STALLS_CYCLES                     4285631                       13014988              

TOPDOWN_BACKEND_STALLS_CYCLES                  3878852                       11782444              

TOPDOWN_FETCH_BUBBLES_GT_MIW_CYCLES             447628                        1337606              

TOPDOWN_BR_RECOVER_AT_EXEC_RETIRED_CYCLES         85258                         259066              

TOPDOWN_MACHINE_CLEAR_CYCLES                    312393                         934838              

TOPDOWN_FRONTEND_BOUND                             949                            949              

TOPDOWN_BACKEND_BOUND                             5213                           5213              

TOPDOWN_BAD_SPEC_BOUND                            1517                           1517              

TOPDOWN_RETIRING_BOUND                            2321                           2321              

TOPDOWN_FETCH_LATENCY_BOUND                        592                            592              

TOPDOWN_FETCH_BANDWIDTH_BOUND                      357                            357              

TOPDOWN_MEM_BOUND                                 5213                           5213              

TOPDOWN_CORE_BOUND                                   0                              0              

TOPDOWN_BR_RECOVER_AT_EXEC_BOUND                   325                            325              

TOPDOWN_MACHINE_CLEARS_BOUND                      1192                           1192              

H2P_SEEN_MAIN                                   159023                         502638              



