/* -*- Mode: c -*- */
####################################################################################################
Core 0
####################################################################################################
Cumulative:        Cycles: 70006140              Instructions: 89999999              IPC: 1.28560

Periodic:          Cycles: 70006140              Instructions: 89999999              IPC: 1.28560

DCACHE_PREF_HIT                                      0                              0              

IFETCH_WB_FIRST_SCHEDULE                             0         -nan%                0         -nan%
PREFETCH_LAST_SCHEDULE                               0         -nan%                0         -nan%
DEMAND_PASS_PREF_SCHEDULE                            0         -nan%                0         -nan%
DEMAND_PASS_LOW_OP_SCHEDULE                          0         -nan%                0         -nan%
DEMAND_LAST_SCHEDULE                                 0         -nan%                0         -nan%
                                                     0         -nan%                0         -nan%
                                                  -nan         -nan              -nan         -nan

SEND_MISS_REQ_QUEUE                            2274948                        2274948              

L1_DATA_EVICT                                  2321222                        2321222              

STREAM_BUFFER_REQ                                    0                              0              

PREF_SEND_TO_MEM_REQ                                 0         -nan%                0         -nan%
PREF_SEND_TO_MEM_REQ_FAIL                            0         -nan%                0         -nan%
                                                     0         -nan%                0         -nan%
                                                  -nan         -nan              -nan         -nan

HIT_TRAIN_STREAM                                298171       13.407%           298171       13.407%
MISS_TRAIN_STREAM                              1925855       86.593%          1925855       86.593%
                                               2224026      100.000%          2224026      100.000%
                                                  0.87         0.82              0.87         0.82

STREAM_TRAIN_CREATE                             641370                         641370              

MEM_REQ_MISS_HWP_PREF_Q                              0         -nan%                0         -nan%
MEM_REQ_MISS_SW_PREF_Q                               0         -nan%                0         -nan%
MEM_REQ_MISS_IFETCH_Q                                0         -nan%                0         -nan%
MEM_REQ_MISS_DFETCH_Q                                0         -nan%                0         -nan%
MEM_REQ_MISS_DSTORE_Q                                0         -nan%                0         -nan%
MEM_REQ_MISS_DPRF_Q                                  0         -nan%                0         -nan%
MEM_REQ_MISS_WB_Q                                    0         -nan%                0         -nan%
                                                     0         -nan%                0         -nan%
                                                  -nan         -nan              -nan         -nan

PREF_HIT_BY_DEMAND_IFETCH                            0         -nan%                0         -nan%
PREF_HIT_BY_DEMAND_DFETCH                            0         -nan%                0         -nan%
PREF_HIT_BY_DEMAND_DSTORE                            0         -nan%                0         -nan%
PREF_HIT_BY_DEMAND_IPREF                             0         -nan%                0         -nan%
PREF_HIT_BY_DEMAND_DPRF                              0         -nan%                0         -nan%
PREF_HIT_BY_DEMAND_WB                                0         -nan%                0         -nan%
PREF_HIT_BY_PREF                                     0         -nan%                0         -nan%
                                                     0         -nan%                0         -nan%
                                                  -nan         -nan              -nan         -nan

PREF_HIT_DEMAND_IFETCH                               0         -nan%                0         -nan%
PREF_HIT_DEMAND_DFETCH                               0         -nan%                0         -nan%
PREF_HIT_DEMAND_DSTORE                               0         -nan%                0         -nan%
PREF_HIT_DEMAND_IPREF                                0         -nan%                0         -nan%
PREF_HIT_DEMAND_DPRF                                 0         -nan%                0         -nan%
PREF_HIT_DEMAND_WB                                   0         -nan%                0         -nan%
                                                     0         -nan%                0         -nan%
                                                  -nan         -nan              -nan         -nan

PREF_L1_FILL                                         0         -nan%                0         -nan%
DEMAND_L1_FILL                                       0         -nan%                0         -nan%
                                                     0         -nan%                0         -nan%
                                                  -nan         -nan              -nan         -nan

TOUCH_L1_REPLACE                                     0        0.000%                0        0.000%
NO_TOUCH_L1_REPLACE                            2321222      100.000%          2321222      100.000%
                                               2321222      100.000%          2321222      100.000%
                                                  1.00         1.00              1.00         1.00

PREF_REQ_QUE_FULL                                    0                              0              

STREAM_REQ_QUEUE_HIT_BY_DEMAND                       0                              0              

L2HIT_STREAM_PREF_REQ_QUE_FULL                       0                              0              

L2HIT_HIT_TRAIN_STREAM                               0         -nan%                0         -nan%
L2HIT_MISS_TRAIN_STREAM                              0         -nan%                0         -nan%
                                                     0         -nan%                0         -nan%
                                                  -nan         -nan              -nan         -nan

L2HIT_STREAM_TRAIN_CREATE                            0                              0              

L2HIT_STREAM_BUFFER_REQ                              0                              0              

L2HIT_STREAM_PREF_DCACHE_HIT                         0         -nan%                0         -nan%
L2HIT_STREAM_PREF_DCACHE_INSERT                      0         -nan%                0         -nan%
L2HIT_STREAM_L2_MISS                                 0         -nan%                0         -nan%
                                                     0         -nan%                0         -nan%
                                                  -nan         -nan              -nan         -nan

L2HIT_STREAM_DCACHE_PORT_FULL                        0                              0              

L2HIT_STREAM_PREF_L1_PORT_FULL                       0                              0              

L2HIT_TRAIN_HIT_DEMAND                               0         -nan%                0         -nan%
L2HIT_TRAIN_MISS_REQ                                 0         -nan%                0         -nan%
                                                     0         -nan%                0         -nan%
                                                  -nan         -nan              -nan         -nan

L2HIT_TRAIN_FILTER_MISS                              0         -nan%                0         -nan%
L2HIT_TRAIN_FILTER_HIT                               0         -nan%                0         -nan%
                                                     0         -nan%                0         -nan%
                                                  -nan         -nan              -nan         -nan

L2HIT_PREF_REQ_DCACHE_HIT                            0         -nan%                0         -nan%
L2HIT_PREF_REQ_DCACHE_MISS                           0         -nan%                0         -nan%
                                                     0         -nan%                0         -nan%
                                                  -nan         -nan              -nan         -nan

L2HIT_L2SEND_Q_FULL                                  0         -nan%                0         -nan%
L2HIT_L2SEND_Q_ENTER                                 0         -nan%                0         -nan%
                                                     0         -nan%                0         -nan%
                                                  -nan         -nan              -nan         -nan

L2HIT_MEM_REQ                                        0                              0              

REMOVE_REDUNDANT_STREAM_STAT                         0                              0              

REPLACE_OLD_STREAM                              641354                         641354              

REQ_SEND_QUEUE_STALL                                 0                              0              

STREAM_ENTER_RA                                      0                              0              

CORE_STREAM_LENGTH_0                                 3        7.500%                3        7.500%
CORE_STREAM_LENGTH_10                               10       25.000%               10       25.000%
CORE_STREAM_LENGTH_20                                8       20.000%                8       20.000%
CORE_STREAM_LENGTH_30                                4       10.000%                4       10.000%
CORE_STREAM_LENGTH_40                                2        5.000%                2        5.000%
CORE_STREAM_LENGTH_50                                1        2.500%                1        2.500%
CORE_STREAM_LENGTH_60                                2        5.000%                2        5.000%
CORE_STREAM_LENGTH_70                                1        2.500%                1        2.500%
CORE_STREAM_LENGTH_80                                2        5.000%                2        5.000%
CORE_STREAM_LENGTH_90                                0        0.000%                0        0.000%
CORE_STREAM_LENGTH_100_P                             7       17.500%                7       17.500%
                                                    40      100.000%               40      100.000%
                                                  3.90         3.71              3.90         3.71

CORE_CUM_STREAM_LENGTH_0                            19        0.004%               19        0.004%
CORE_CUM_STREAM_LENGTH_10                          129        0.029%              129        0.029%
CORE_CUM_STREAM_LENGTH_20                          178        0.040%              178        0.040%
CORE_CUM_STREAM_LENGTH_30                          132        0.030%              132        0.030%
CORE_CUM_STREAM_LENGTH_40                           88        0.020%               88        0.020%
CORE_CUM_STREAM_LENGTH_50                           53        0.012%               53        0.012%
CORE_CUM_STREAM_LENGTH_60                          127        0.029%              127        0.029%
CORE_CUM_STREAM_LENGTH_70                           74        0.017%               74        0.017%
CORE_CUM_STREAM_LENGTH_80                          167        0.038%              167        0.038%
CORE_CUM_STREAM_LENGTH_90                            0        0.000%                0        0.000%
CORE_CUM_STREAM_LENGTH_100_P                    441404       99.781%           441404       99.781%
                                                442371      100.000%           442371      100.000%
                                                  9.99         9.98              9.99         9.98

CORE_STREAM_TRAIN_HITS_0                            18       45.000%               18       45.000%
CORE_STREAM_TRAIN_HITS_10                           10       25.000%               10       25.000%
CORE_STREAM_TRAIN_HITS_20                            3        7.500%                3        7.500%
CORE_STREAM_TRAIN_HITS_30                            1        2.500%                1        2.500%
CORE_STREAM_TRAIN_HITS_40                            1        2.500%                1        2.500%
CORE_STREAM_TRAIN_HITS_50                            0        0.000%                0        0.000%
CORE_STREAM_TRAIN_HITS_60                            0        0.000%                0        0.000%
CORE_STREAM_TRAIN_HITS_70                            0        0.000%                0        0.000%
CORE_STREAM_TRAIN_HITS_80                            0        0.000%                0        0.000%
CORE_STREAM_TRAIN_HITS_90                            1        2.500%                1        2.500%
CORE_STREAM_TRAIN_HITS_100_P                         6       15.000%                6       15.000%
                                                    40      100.000%               40      100.000%
                                                  2.30         3.41              2.30         3.41

CORE_CUM_STREAM_TRAIN_HITS_0                       104        0.035%              104        0.035%
CORE_CUM_STREAM_TRAIN_HITS_10                      130        0.044%              130        0.044%
CORE_CUM_STREAM_TRAIN_HITS_20                       68        0.023%               68        0.023%
CORE_CUM_STREAM_TRAIN_HITS_30                       37        0.012%               37        0.012%
CORE_CUM_STREAM_TRAIN_HITS_40                       40        0.013%               40        0.013%
CORE_CUM_STREAM_TRAIN_HITS_50                        0        0.000%                0        0.000%
CORE_CUM_STREAM_TRAIN_HITS_60                        0        0.000%                0        0.000%
CORE_CUM_STREAM_TRAIN_HITS_70                        0        0.000%                0        0.000%
CORE_CUM_STREAM_TRAIN_HITS_80                        0        0.000%                0        0.000%
CORE_CUM_STREAM_TRAIN_HITS_90                       92        0.031%               92        0.031%
CORE_CUM_STREAM_TRAIN_HITS_100_P                297860       99.842%           297860       99.842%
                                                298331      100.000%           298331      100.000%
                                                  9.99         9.98              9.99         9.98

CORE_STREAM_TRAIN_CREATE                        641370                         641370              



