/* -*- Mode: c -*- */
####################################################################################################
Core 0
####################################################################################################
Cumulative:        Cycles: 17702486              Instructions: 30000000              IPC: 1.69468

Periodic:          Cycles: 6251987               Instructions: 10000000              IPC: 1.59949

DCACHE_PREF_HIT                                      0                              0              

IFETCH_WB_FIRST_SCHEDULE                             0         -nan%                0         -nan%
PREFETCH_LAST_SCHEDULE                               0         -nan%                0         -nan%
DEMAND_PASS_PREF_SCHEDULE                            0         -nan%                0         -nan%
DEMAND_PASS_LOW_OP_SCHEDULE                          0         -nan%                0         -nan%
DEMAND_LAST_SCHEDULE                                 0         -nan%                0         -nan%
                                                     0         -nan%                0         -nan%
                                                  -nan         -nan              -nan         -nan

SEND_MISS_REQ_QUEUE                              52429                         143422              

L1_DATA_EVICT                                    55604                         117603              

STREAM_BUFFER_REQ                                    0                              0              

PREF_SEND_TO_MEM_REQ                                 0         -nan%                0         -nan%
PREF_SEND_TO_MEM_REQ_FAIL                            0         -nan%                0         -nan%
                                                     0         -nan%                0         -nan%
                                                  -nan         -nan              -nan         -nan

HIT_TRAIN_STREAM                                 38064       68.571%            87668       61.727%
MISS_TRAIN_STREAM                                17446       31.429%            54358       38.273%
                                                 55510      100.000%           142026      100.000%
                                                  0.31         0.42              0.38         0.45

STREAM_TRAIN_CREATE                               9761                          30222              

MEM_REQ_MISS_HWP_PREF_Q                              0         -nan%                0         -nan%
MEM_REQ_MISS_SW_PREF_Q                               0         -nan%                0         -nan%
MEM_REQ_MISS_IFETCH_Q                                0         -nan%                0         -nan%
MEM_REQ_MISS_DFETCH_Q                                0         -nan%                0         -nan%
MEM_REQ_MISS_DSTORE_Q                                0         -nan%                0         -nan%
MEM_REQ_MISS_DPRF_Q                                  0         -nan%                0         -nan%
MEM_REQ_MISS_WB_Q                                    0         -nan%                0         -nan%
                                                     0         -nan%                0         -nan%
                                                  -nan         -nan              -nan         -nan

PREF_HIT_BY_DEMAND_IFETCH                            0         -nan%                0         -nan%
PREF_HIT_BY_DEMAND_DFETCH                            0         -nan%                0         -nan%
PREF_HIT_BY_DEMAND_DSTORE                            0         -nan%                0         -nan%
PREF_HIT_BY_DEMAND_IPREF                             0         -nan%                0         -nan%
PREF_HIT_BY_DEMAND_DPRF                              0         -nan%                0         -nan%
PREF_HIT_BY_DEMAND_WB                                0         -nan%                0         -nan%
PREF_HIT_BY_PREF                                     0         -nan%                0         -nan%
                                                     0         -nan%                0         -nan%
                                                  -nan         -nan              -nan         -nan

PREF_HIT_DEMAND_IFETCH                               0         -nan%                0         -nan%
PREF_HIT_DEMAND_DFETCH                               0         -nan%                0         -nan%
PREF_HIT_DEMAND_DSTORE                               0         -nan%                0         -nan%
PREF_HIT_DEMAND_IPREF                                0         -nan%                0         -nan%
PREF_HIT_DEMAND_DPRF                                 0         -nan%                0         -nan%
PREF_HIT_DEMAND_WB                                   0         -nan%                0         -nan%
                                                     0         -nan%                0         -nan%
                                                  -nan         -nan              -nan         -nan

PREF_L1_FILL                                         0         -nan%                0         -nan%
DEMAND_L1_FILL                                       0         -nan%                0         -nan%
                                                     0         -nan%                0         -nan%
                                                  -nan         -nan              -nan         -nan

TOUCH_L1_REPLACE                                     0        0.000%                0        0.000%
NO_TOUCH_L1_REPLACE                              55604      100.000%           117603      100.000%
                                                 55604      100.000%           117603      100.000%
                                                  1.00         1.00              1.00         1.00

PREF_REQ_QUE_FULL                                    0                              0              

STREAM_REQ_QUEUE_HIT_BY_DEMAND                       0                              0              

L2HIT_STREAM_PREF_REQ_QUE_FULL                       0                              0              

L2HIT_HIT_TRAIN_STREAM                               0         -nan%                0         -nan%
L2HIT_MISS_TRAIN_STREAM                              0         -nan%                0         -nan%
                                                     0         -nan%                0         -nan%
                                                  -nan         -nan              -nan         -nan

L2HIT_STREAM_TRAIN_CREATE                            0                              0              

L2HIT_STREAM_BUFFER_REQ                              0                              0              

L2HIT_STREAM_PREF_DCACHE_HIT                         0         -nan%                0         -nan%
L2HIT_STREAM_PREF_DCACHE_INSERT                      0         -nan%                0         -nan%
L2HIT_STREAM_L2_MISS                                 0         -nan%                0         -nan%
                                                     0         -nan%                0         -nan%
                                                  -nan         -nan              -nan         -nan

L2HIT_STREAM_DCACHE_PORT_FULL                        0                              0              

L2HIT_STREAM_PREF_L1_PORT_FULL                       0                              0              

L2HIT_TRAIN_HIT_DEMAND                               0         -nan%                0         -nan%
L2HIT_TRAIN_MISS_REQ                                 0         -nan%                0         -nan%
                                                     0         -nan%                0         -nan%
                                                  -nan         -nan              -nan         -nan

L2HIT_TRAIN_FILTER_MISS                              0         -nan%                0         -nan%
L2HIT_TRAIN_FILTER_HIT                               0         -nan%                0         -nan%
                                                     0         -nan%                0         -nan%
                                                  -nan         -nan              -nan         -nan

L2HIT_PREF_REQ_DCACHE_HIT                            0         -nan%                0         -nan%
L2HIT_PREF_REQ_DCACHE_MISS                           0         -nan%                0         -nan%
                                                     0         -nan%                0         -nan%
                                                  -nan         -nan              -nan         -nan

L2HIT_L2SEND_Q_FULL                                  0         -nan%                0         -nan%
L2HIT_L2SEND_Q_ENTER                                 0         -nan%                0         -nan%
                                                     0         -nan%                0         -nan%
                                                  -nan         -nan              -nan         -nan

L2HIT_MEM_REQ                                        0                              0              

REMOVE_REDUNDANT_STREAM_STAT                         0                              0              

REPLACE_OLD_STREAM                                9761                          30206              

REQ_SEND_QUEUE_STALL                                 0                              0              

STREAM_ENTER_RA                                      0                              0              

CORE_STREAM_LENGTH_0                               386       41.730%              886       30.457%
CORE_STREAM_LENGTH_10                              365       39.459%              605       20.798%
CORE_STREAM_LENGTH_20                              171       18.486%              457       15.710%
CORE_STREAM_LENGTH_30                                1        0.108%              728       25.026%
CORE_STREAM_LENGTH_40                                0        0.000%              104        3.575%
CORE_STREAM_LENGTH_50                                0        0.000%               58        1.994%
CORE_STREAM_LENGTH_60                                0        0.000%               41        1.409%
CORE_STREAM_LENGTH_70                                0        0.000%                6        0.206%
CORE_STREAM_LENGTH_80                                0        0.000%                4        0.138%
CORE_STREAM_LENGTH_90                                0        0.000%                1        0.034%
CORE_STREAM_LENGTH_100_P                             2        0.216%               19        0.653%
                                                   925      100.000%             2909      100.000%
                                                  0.79         0.69              1.69         1.35

CORE_CUM_STREAM_LENGTH_0                          2127        4.801%             5343        4.116%
CORE_CUM_STREAM_LENGTH_10                         5683       12.828%             9028        6.955%
CORE_CUM_STREAM_LENGTH_20                         3684        8.316%            10800        8.320%
CORE_CUM_STREAM_LENGTH_30                           34        0.077%            23794       18.331%
CORE_CUM_STREAM_LENGTH_40                            0        0.000%             4794        3.693%
CORE_CUM_STREAM_LENGTH_50                            0        0.000%             2961        2.281%
CORE_CUM_STREAM_LENGTH_60                            0        0.000%             2598        2.002%
CORE_CUM_STREAM_LENGTH_70                            0        0.000%              432        0.333%
CORE_CUM_STREAM_LENGTH_80                            0        0.000%              344        0.265%
CORE_CUM_STREAM_LENGTH_90                            0        0.000%               97        0.075%
CORE_CUM_STREAM_LENGTH_100_P                     32772       73.977%            69609       53.628%
                                                 44300      100.000%           129800      100.000%
                                                  7.69         7.50              6.58         6.01

CORE_STREAM_TRAIN_HITS_0                           495       53.514%             1262       43.383%
CORE_STREAM_TRAIN_HITS_10                          426       46.054%             1602       55.070%
CORE_STREAM_TRAIN_HITS_20                            2        0.216%                9        0.309%
CORE_STREAM_TRAIN_HITS_30                            0        0.000%                9        0.309%
CORE_STREAM_TRAIN_HITS_40                            0        0.000%               10        0.344%
CORE_STREAM_TRAIN_HITS_50                            0        0.000%                1        0.034%
CORE_STREAM_TRAIN_HITS_60                            0        0.000%                2        0.069%
CORE_STREAM_TRAIN_HITS_70                            0        0.000%                1        0.034%
CORE_STREAM_TRAIN_HITS_80                            0        0.000%                2        0.069%
CORE_STREAM_TRAIN_HITS_90                            0        0.000%                0        0.000%
CORE_STREAM_TRAIN_HITS_100_P                         2        0.216%               11        0.378%
                                                   925      100.000%             2909      100.000%
                                                  0.49         0.57              0.63         0.74

CORE_CUM_STREAM_TRAIN_HITS_0                      2888        6.914%             7311        7.362%
CORE_CUM_STREAM_TRAIN_HITS_10                     6073       14.539%            24824       24.998%
CORE_CUM_STREAM_TRAIN_HITS_20                       40        0.096%              224        0.226%
CORE_CUM_STREAM_TRAIN_HITS_30                        0        0.000%              319        0.321%
CORE_CUM_STREAM_TRAIN_HITS_40                        0        0.000%              439        0.442%
CORE_CUM_STREAM_TRAIN_HITS_50                        0        0.000%               52        0.052%
CORE_CUM_STREAM_TRAIN_HITS_60                        0        0.000%              125        0.126%
CORE_CUM_STREAM_TRAIN_HITS_70                        0        0.000%               75        0.076%
CORE_CUM_STREAM_TRAIN_HITS_80                        0        0.000%              169        0.170%
CORE_CUM_STREAM_TRAIN_HITS_90                        0        0.000%                0        0.000%
CORE_CUM_STREAM_TRAIN_HITS_100_P                 32768       78.451%            65766       66.227%
                                                 41769      100.000%            99304      100.000%
                                                  7.99         7.77              6.93         6.86

CORE_STREAM_TRAIN_CREATE                          9761                          30222              



