/* -*- Mode: c -*- */
####################################################################################################
Core 0
####################################################################################################
Cumulative:        Cycles: 11204319              Instructions: 30000000              IPC: 2.67754

Periodic:          Cycles: 3671718               Instructions: 9999993               IPC: 2.72352

ST_OP_INV                                            0        0.000%                0        0.000%
ST_OP_NOP                                            0        0.000%                0        0.000%
ST_OP_CF                                       1883613       17.150%          5650561       17.150%
ST_OP_MOV                                      1222760       11.133%          3669415       11.137%
ST_OP_CMOV                                           0        0.000%                0        0.000%
ST_OP_LDA                                            0        0.000%                0        0.000%
ST_OP_ILD                                      2866363       26.097%          8595019       26.087%
ST_OP_IST                                      1464076       13.330%          4392388       13.331%
ST_OP_IADD                                     3485327       31.733%         10453020       31.726%
ST_OP_IMUL                                           0        0.000%                0        0.000%
ST_OP_IDIV                                           0        0.000%                0        0.000%
ST_OP_ICMP                                           0        0.000%                0        0.000%
ST_OP_LOGIC                                          0        0.000%                0        0.000%
ST_OP_SHIFT                                          0        0.000%                0        0.000%
ST_OP_FLD                                        29272        0.267%            88339        0.268%
ST_OP_FST                                        32021        0.292%            99336        0.301%
ST_OP_FCVT                                           0        0.000%                0        0.000%
ST_OP_FADD                                           0        0.000%                0        0.000%
ST_OP_FMUL                                           0        0.000%                0        0.000%
ST_OP_FMA                                            0        0.000%                0        0.000%
ST_OP_FDIV                                           0        0.000%                0        0.000%
ST_OP_FCMP                                           0        0.000%                0        0.000%
ST_OP_FCMOV                                          0        0.000%                0        0.000%
ST_OP_GATHER                                         0        0.000%                0        0.000%
ST_OP_SCATTER                                        0        0.000%                0        0.000%
ST_OP_PIPELINED_FAST                                 0        0.000%                0        0.000%
ST_OP_PIPELINED_MEDIUM                               0        0.000%                0        0.000%
ST_OP_PIPELINED_SLOW                                 0        0.000%                0        0.000%
ST_OP_NOTPIPELINED_MEDIUM                            0        0.000%                0        0.000%
ST_OP_NOTPIPELINED_SLOW                              0        0.000%                0        0.000%
ST_OP_NOTPIPELINED_VERY_SLOW                         0        0.000%                0        0.000%
                                              10983432      100.000%         32948078      100.000%
                                                  5.80         2.35              5.80         2.35

ST_NOT_CF                                      9099819       82.850%         27297517       82.850%
ST_CF_BR                                         38979        0.355%           119131        0.362%
ST_CF_CBR                                      1549510       14.108%          4646951       14.104%
ST_CF_REP                                            0        0.000%                0        0.000%
ST_CF_CALL                                       50876        0.463%           152406        0.463%
ST_CF_IBR                                        92576        0.843%           277349        0.842%
ST_CF_ICALL                                      50398        0.459%           151155        0.459%
ST_CF_ICO                                            0        0.000%                0        0.000%
ST_CF_RET                                       101274        0.922%           303569        0.921%
ST_CF_SYS                                            0        0.000%                0        0.000%
                                              10983432      100.000%         32948078      100.000%
                                                  0.45         1.11              0.45         1.11

REP_FIRST                                            0                              0              

ST_BAR_NONE                                   10983432      100.000%         32948078      100.000%
ST_BAR_FETCH                                         0        0.000%                0        0.000%
ST_BAR_ISSUE                                         0        0.000%                0        0.000%
ST_BAR_BOTH                                          0        0.000%                0        0.000%
                                              10983432      100.000%         32948078      100.000%
                                                  0.00         0.00              0.00         0.00

ST_NOT_MEM                                     6591700       60.015%         19772996       60.013%
ST_MEM_LD                                      2895635       26.364%          8683358       26.355%
ST_MEM_ST                                      1496097       13.621%          4491724       13.633%
ST_MEM_PF                                            0        0.000%                0        0.000%
ST_MEM_WH                                            0        0.000%                0        0.000%
ST_MEM_EVICT                                         0        0.000%                0        0.000%
                                              10983432      100.000%         32948078      100.000%
                                                  0.54         0.59              0.54         0.59

ST_NOT_MEM_OFFPATH                            11514597       64.827%         35201879       64.956%
ST_MEM_LD_OFFPATH                              4201666       23.655%         12751034       23.529%
ST_MEM_ST_OFFPATH                              2045751       11.518%          6240176       11.515%
ST_MEM_PF_OFFPATH                                    0        0.000%                0        0.000%
ST_MEM_WH_OFFPATH                                    0        0.000%                0        0.000%
ST_MEM_EVIC_OFFPATHT                                 0        0.000%                0        0.000%
                                              17762014      100.000%         54193089      100.000%
                                                  0.47         0.58              0.47         0.58

ST_OP_ONPATH                                  10983432                       32948078              

ST_OP_OFFPATH                                 17762014                       54193089              

ST_FAKE_OP_OFFPATH                             1981861       11.158%          6259045       11.550%
ST_NOT_FAKE_OP_OFFPATH                        15780153       88.842%         47934044       88.450%
                                              17762014      100.000%         54193089      100.000%
                                                  0.89         0.84              0.88         0.84

ST_FAKE_REASON_NOT_FAKE                       15780153       88.842%         47934044       88.450%
ST_FAKE_REASON_REDIRECT_TO_NOT_INSTRUMENTED       1981861       11.158%          6259043       11.550%
ST_FAKE_REASON_RETURN_TO_NOT_INSTRUMENTED             0        0.000%                0        0.000%
ST_FAKE_REASON_NONRET_CF_TO_NOT_INSTRUMENTED             0        0.000%                0        0.000%
ST_FAKE_REASON_NOT_TAKEN_TO_NOT_INSTRUMENTED             0        0.000%                0        0.000%
ST_FAKE_REASON_WRONG_PATH_STORE_TO_NEW_REGION             0        0.000%                0        0.000%
                                              17762014      100.000%         54193087      100.000%
                                                  0.11         0.30              0.12         0.30

ST_INST_ONPATH                                 9999730                       30000000              

ST_INST_OFFPATH                               16284753                       49716926              

STATIC_PIN_NOP                                       0                              0              

DYNAMIC_PIN_REP_GREATER_256                          0                              0              

INST_MAP_UPDATE_JITTED                               0        0.000%                1        0.000%
INST_MAP_UPDATE_ENCODING                         14769        0.633%            30366        0.435%
INST_MAP_UPDATE_NPC_INV                              0        0.000%                0        0.000%
INST_MAP_UPDATE_NPC_NOP                              0        0.000%                0        0.000%
INST_MAP_UPDATE_NPC_CF                               0        0.000%                0        0.000%
INST_MAP_UPDATE_NPC_MOV                              0        0.000%                0        0.000%
INST_MAP_UPDATE_NPC_CMOV                             0        0.000%                0        0.000%
INST_MAP_UPDATE_NPC_LDA                              0        0.000%                0        0.000%
INST_MAP_UPDATE_NPC_IMEM                             0        0.000%                0        0.000%
INST_MAP_UPDATE_NPC_IADD                             0        0.000%                0        0.000%
INST_MAP_UPDATE_NPC_IMUL                        173598        7.445%           520625        7.461%
INST_MAP_UPDATE_NPC_IDIV                             0        0.000%                0        0.000%
INST_MAP_UPDATE_NPC_ICMP                             0        0.000%                0        0.000%
INST_MAP_UPDATE_NPC_LOGIC                            0        0.000%                0        0.000%
INST_MAP_UPDATE_NPC_SHIFT                            0        0.000%                0        0.000%
INST_MAP_UPDATE_NPC_FMEM                             0        0.000%                0        0.000%
INST_MAP_UPDATE_NPC_FCVT                             0        0.000%                0        0.000%
INST_MAP_UPDATE_NPC_FADD                             0        0.000%                0        0.000%
INST_MAP_UPDATE_NPC_FMUL                             0        0.000%                0        0.000%
INST_MAP_UPDATE_NPC_FMA                              0        0.000%                0        0.000%
INST_MAP_UPDATE_NPC_FDIV                             0        0.000%                0        0.000%
INST_MAP_UPDATE_NPC_FCMP                             0        0.000%                0        0.000%
INST_MAP_UPDATE_NPC_FCMOV                            0        0.000%                0        0.000%
INST_MAP_UPDATE_NPC_GATHER                           0        0.000%                0        0.000%
INST_MAP_UPDATE_NPC_SCATTER                          0        0.000%                0        0.000%
INST_MAP_UPDATE_NPC_PIPELINED_FAST                   0        0.000%                0        0.000%
INST_MAP_UPDATE_NPC_PIPELINED_MEDIUM                 0        0.000%                0        0.000%
INST_MAP_UPDATE_NPC_PIPELINED_SLOW                   0        0.000%                0        0.000%
INST_MAP_UPDATE_NPC_NOTPIPELINED_MEDIUM              0        0.000%                0        0.000%
INST_MAP_UPDATE_NPC_NOTPIPELINED_SLOW                0        0.000%                0        0.000%
INST_MAP_UPDATE_NPC_NOTPIPELINED_VERY_SLOW             0        0.000%                0        0.000%
INST_MAP_UPDATE_MEM_INV                              0        0.000%                0        0.000%
INST_MAP_UPDATE_MEM_NOP                              0        0.000%                0        0.000%
INST_MAP_UPDATE_MEM_CF                               0        0.000%                0        0.000%
INST_MAP_UPDATE_MEM_MOV                        1782717       76.451%          5347132       76.629%
INST_MAP_UPDATE_MEM_CMOV                             0        0.000%                0        0.000%
INST_MAP_UPDATE_MEM_LDA                              0        0.000%                0        0.000%
INST_MAP_UPDATE_MEM_IMEM                             0        0.000%                0        0.000%
INST_MAP_UPDATE_MEM_IADD                             0        0.000%                0        0.000%
INST_MAP_UPDATE_MEM_IMUL                        360767       15.471%          1079816       15.475%
INST_MAP_UPDATE_MEM_IDIV                             0        0.000%                0        0.000%
INST_MAP_UPDATE_MEM_ICMP                             0        0.000%                0        0.000%
INST_MAP_UPDATE_MEM_LOGIC                            0        0.000%                0        0.000%
INST_MAP_UPDATE_MEM_SHIFT                            0        0.000%                0        0.000%
INST_MAP_UPDATE_MEM_FMEM                             0        0.000%                0        0.000%
INST_MAP_UPDATE_MEM_FCVT                             0        0.000%                0        0.000%
INST_MAP_UPDATE_MEM_FADD                             0        0.000%                0        0.000%
INST_MAP_UPDATE_MEM_FMUL                             0        0.000%                0        0.000%
INST_MAP_UPDATE_MEM_FMA                              0        0.000%                0        0.000%
INST_MAP_UPDATE_MEM_FDIV                             0        0.000%                0        0.000%
INST_MAP_UPDATE_MEM_FCMP                             0        0.000%                0        0.000%
INST_MAP_UPDATE_MEM_FCMOV                            0        0.000%                0        0.000%
INST_MAP_UPDATE_MEM_GATHER                           0        0.000%                0        0.000%
INST_MAP_UPDATE_MEM_SCATTER                          0        0.000%                0        0.000%
INST_MAP_UPDATE_MEM_PIPELINED_FAST                   0        0.000%                0        0.000%
INST_MAP_UPDATE_MEM_PIPELINED_MEDIUM                 0        0.000%                0        0.000%
INST_MAP_UPDATE_MEM_PIPELINED_SLOW                   0        0.000%                0        0.000%
INST_MAP_UPDATE_MEM_NOTPIPELINED_MEDIUM              0        0.000%                0        0.000%
INST_MAP_UPDATE_MEM_NOTPIPELINED_SLOW                0        0.000%                0        0.000%
INST_MAP_UPDATE_MEM_NOTPIPELINED_VERY_SLOW             0        0.000%                0        0.000%
                                               2331851      100.000%          6977940      100.000%
                                                 32.78         7.22             32.84         7.09



