/* -*- Mode: c -*- */
####################################################################################################
Core 0
####################################################################################################
Cumulative:        Cycles: 66512763              Instructions: 29999995              IPC: 0.45104

Periodic:          Cycles: 66512763              Instructions: 29999995              IPC: 0.45104

EXECUTION_TIME                           20785238437500                  20785238437500              

SIM_HOST_WALL_SECONDS                      1046.498368                    1046.498368              

NODE_CYCLE                                    66512763                       66512763              

NODE_INST_COUNT                               30000383                       30000383              

NODE_INST_COUNT_FETCHED                       29999995                       29999995              

NODE_UOP_COUNT                                31766587                       31766587              

EXEC_STAGE_NO_ISSUE_STALL_CYCLE               10858068                       10858068              

EXEC_STAGE_NO_ISSUE_STALL_CYCLE_ONPATH        10807704                       10807704              

FULL_WINDOW_STALL                                 3148        0.005%             3148        0.005%

FULL_WINDOW_MEM_OP                                2737       91.355%             2737       91.355%
FULL_WINDOW_FP_OP                                    0        0.000%                0        0.000%
FULL_WINDOW_OTHER_OP                               259        8.645%              259        8.645%
                                                  2996      100.000%             2996      100.000%
                                                  0.17         0.54              0.17         0.54

RET_BLOCKED_DC_MISS                            5686041        8.549%          5686041        8.549%

RET_BLOCKED_L1_MISS                            5301175        7.970%          5301175        7.970%

RET_BLOCKED_L1_MISS_BW_PREF                      18294        0.028%            18294        0.028%

RET_BLOCKED_L1_ACCESS                           490407        0.737%           490407        0.737%

RET_BLOCKED_MEM_STALL                         49112454       73.839%         49112454       73.839%

RET_BLOCKED_OFFCHIP_DEMAND                           0        0.000%                0        0.000%

OP_ISSUED                                     31919020                       31919020              

OP_RETIRED                                    31766587                       31766587              

OP_MACRO_FUSION_ONPATH                         5432764                        5432764              

OP_MACRO_FUSION_OFFPATH                          29925                          29925              

REPLAY_SIGNALED                                      0                              0              

REPLAY_COUNTED                                       0                              0              

OFF_CRITICAL_PATH                                    0         -nan%                0         -nan%
ON_CRITICAL_PATH                                     0         -nan%                0         -nan%
                                                     0         -nan%                0         -nan%
                                                  -nan         -nan              -nan         -nan

LD_NO_DEPENDENTS                                241080       10.549%           241080       10.549%
LD_DEPENDENTS                                  2044275       89.451%          2044275       89.451%
                                               2285355      100.000%          2285355      100.000%
                                                  0.89         0.85              0.89         0.85

LD_EXEC_CYCLES_0                                     0        0.000%                0        0.000%
LD_EXEC_CYCLES_1                                286498       81.976%           286498       81.976%
LD_EXEC_CYCLES_2                                 11544        3.303%            11544        3.303%
LD_EXEC_CYCLES_3                                 17755        5.080%            17755        5.080%
LD_EXEC_CYCLES_4                                 33695        9.641%            33695        9.641%
                                                349492      100.000%           349492      100.000%
                                                  1.42         1.06              1.42         1.06

LD_EXEC_MINUS_FETCH_LATENCY                  525803552                      525803552              

LD_RETIRE_MINUS_FETCH_LATENCY                659104728                      659104728              

ICACHE_STAGE_STARVED                             74505        0.112%            74505        0.112%
ICACHE_STAGE_NOT_STARVED                      66249429       99.888%         66249429       99.888%
                                              66323934      100.000%         66323934      100.000%
                                                  1.00         1.00              1.00         1.00

ICACHE_STAGE_STALLED                          61646557       92.684%         61646557       92.684%
ICACHE_STAGE_NOT_STALLED                       4677377        7.032%          4677377        7.032%
ICACHE_STAGE_OFF_PATH                           188829        0.284%           188829        0.284%
                                              66512763      100.000%         66512763      100.000%
                                                  0.08         0.27              0.08         0.27

DECODE_STAGE_STARVED                          66318837       99.866%         66318837       99.866%
DECODE_STAGE_NOT_STARVED                         88655        0.134%            88655        0.134%
                                              66407492      100.000%         66407492      100.000%
                                                  0.00         0.04              0.00         0.04

DECODE_STAGE_STALLED                           8428573       12.672%          8428573       12.672%
DECODE_STAGE_NOT_STALLED                      57978919       87.170%         57978919       87.170%
DECODE_STAGE_OFF_PATH                           105271        0.158%           105271        0.158%
                                              66512763      100.000%         66512763      100.000%
                                                  0.87         0.13              0.87         0.13

UOPQ_STAGE_STARVED                              188649        4.039%           188649        4.039%
UOPQ_STAGE_NOT_STARVED                         4481876       95.961%          4481876       95.961%
                                               4670525      100.000%          4670525      100.000%
                                                  0.96         0.94              0.96         0.94

UOPQ_STAGE_STALLED                            61696576       92.759%         61696576       92.759%
UOPQ_STAGE_NOT_STALLED                         4670525        7.022%          4670525        7.022%
UOPQ_STAGE_OFF_PATH                             145662        0.219%           145662        0.219%
                                              66512763      100.000%         66512763      100.000%
                                                  0.07         0.26              0.07         0.26

RS_OP_READY_NOT_ISSUED_TOTAL                 973962484                      973962484              

RS_0_OP_READY_NOT_ISSUED                       5476329                        5476329              

RS_1_OP_READY_NOT_ISSUED                        139988                         139988              

RS_2_OP_READY_NOT_ISSUED                     968346167                      968346167              

RS_3_OP_READY_NOT_ISSUED                             0                              0              

RS_4_OP_READY_NOT_ISSUED                             0                              0              

RS_5_OP_READY_NOT_ISSUED                             0                              0              

RS_6_OP_READY_NOT_ISSUED                             0                              0              

RS_7_OP_READY_NOT_ISSUED                             0                              0              

RS_7_PLUS_OP_READY_NOT_ISSUED                        0                              0              

FU_IDLE_NO_READY_OPS_TOTAL                   494561130                      494561130              

FU_0_IDLE_NO_READY_OPS                        56439106                       56439106              

FU_1_IDLE_NO_READY_OPS                        58113750                       58113750              

FU_2_IDLE_NO_READY_OPS                        64665197                       64665197              

FU_3_IDLE_NO_READY_OPS                        64663107                       64663107              

FU_4_IDLE_NO_READY_OPS                        58277504                       58277504              

FU_5_IDLE_NO_READY_OPS                        56156849                       56156849              

FU_6_IDLE_NO_READY_OPS                         6727685                        6727685              

FU_7_IDLE_NO_READY_OPS                         6729198                        6729198              

FU_8_IDLE_NO_READY_OPS                        58125832                       58125832              

FU_9_IDLE_NO_READY_OPS                        64662902                       64662902              

FU_10_IDLE_NO_READY_OPS                              0                              0              

FU_11_IDLE_NO_READY_OPS                              0                              0              

FU_12_IDLE_NO_READY_OPS                              0                              0              

FU_13_IDLE_NO_READY_OPS                              0                              0              

FU_14_IDLE_NO_READY_OPS                              0                              0              

FU_15_IDLE_NO_READY_OPS                              0                              0              

FU_16_IDLE_NO_READY_OPS                              0                              0              

FU_17_IDLE_NO_READY_OPS                              0                              0              

FU_18_IDLE_NO_READY_OPS                              0                              0              

FU_19_IDLE_NO_READY_OPS                              0                              0              

FU_20_IDLE_NO_READY_OPS                              0                              0              

FU_21_IDLE_NO_READY_OPS                              0                              0              

FU_22_IDLE_NO_READY_OPS                              0                              0              

FU_23_IDLE_NO_READY_OPS                              0                              0              

FU_24_IDLE_NO_READY_OPS                              0                              0              

FU_25_IDLE_NO_READY_OPS                              0                              0              

FU_26_IDLE_NO_READY_OPS                              0                              0              

FU_27_IDLE_NO_READY_OPS                              0                              0              

FU_28_IDLE_NO_READY_OPS                              0                              0              

FU_29_IDLE_NO_READY_OPS                              0                              0              

FU_30_IDLE_NO_READY_OPS                              0                              0              

FU_31_IDLE_NO_READY_OPS                              0                              0              

FU_31_PLUS_IDLE_NO_READY_OPS                         0                              0              

MAP_STAGE_STARVED                                78529        0.119%            78529        0.119%
MAP_STAGE_NOT_STARVED                         65893886       99.881%         65893886       99.881%
                                              65972415      100.000%         65972415      100.000%
                                                  1.00         1.00              1.00         1.00

MAP_STAGE_STALLED                             60592658       91.747%         60592658       91.747%
MAP_STAGE_NOT_STALLED                          5379757        8.146%          5379757        8.146%
MAP_STAGE_OFF_PATH                               70848        0.107%            70848        0.107%
                                              66043263      100.000%         66043263      100.000%
                                                  0.08         0.27              0.08         0.27

MAP_STAGE_STALL_ITSELF                          469500        0.706%           469500        0.706%
MAP_STAGE_NOT_STALL_ITSELF                    66043263       99.294%         66043263       99.294%
                                              66512763      100.000%         66512763      100.000%
                                                  0.99         0.99              0.99         0.99

MAP_STAGE_LATE_ALLOCATE_SEND_BACK                    0                              0              

MAP_STAGE_RENAME_OP_ONPATH                    31766587                       31766587              

MAP_STAGE_RENAME_OP_OFFPATH                     303207                         303207              

MAP_STAGE_RENAME_INT_REG_ONPATH               22199593                       22199593              

MAP_STAGE_RENAME_INT_REG_OFFPATH                206742                         206742              

MAP_STAGE_RENAME_VEC_REG_ONPATH                 197534                         197534              

MAP_STAGE_RENAME_VEC_REG_OFFPATH                  8125                           8125              

MAP_STAGE_RENAME_MOVE_ELIM_ONPATH                    0                              0              

MAP_STAGE_RENAME_MOVE_ELIM_OFFPATH                   0                              0              

MAP_STAGE_ONPATH_INT_REG_NUM_ALLOC            23137150                       23137150              

MAP_STAGE_ONPATH_VEC_REG_NUM_ALLOC              197524                         197524              

MAP_STAGE_ONPATH_INT_REG_NUM_SHORTLIVE         8296927                        8296927              

MAP_STAGE_ONPATH_VEC_REG_NUM_SHORTLIVE           60816                          60816              

MAP_STAGE_ONPATH_INT_REG_USE_COUNT_0           6823838                        6823838              

MAP_STAGE_ONPATH_VEC_REG_USE_COUNT_0             67826                          67826              

MAP_STAGE_ONPATH_INT_REG_USE_COUNT_1           9602687                        9602687              

MAP_STAGE_ONPATH_VEC_REG_USE_COUNT_1            120546                         120546              

MAP_STAGE_ONPATH_INT_REG_USE_COUNT_2           2009661                        2009661              

MAP_STAGE_ONPATH_VEC_REG_USE_COUNT_2               725                            725              

MAP_STAGE_ONPATH_INT_REG_USE_COUNT_3            368556                         368556              

MAP_STAGE_ONPATH_VEC_REG_USE_COUNT_3                 0                              0              

MAP_STAGE_ONPATH_INT_REG_USE_COUNT_4           3776060                        3776060              

MAP_STAGE_ONPATH_VEC_REG_USE_COUNT_4              8423                           8423              

MAP_STAGE_ONPATH_INT_REG_USE_COUNT_5            169313                         169313              

MAP_STAGE_ONPATH_VEC_REG_USE_COUNT_5                 1                              1              

MAP_STAGE_ONPATH_INT_REG_USE_COUNT_6             67956                          67956              

MAP_STAGE_ONPATH_VEC_REG_USE_COUNT_6                 0                              0              

MAP_STAGE_ONPATH_INT_REG_USE_COUNT_7_PLUS        319079                         319079              

MAP_STAGE_ONPATH_VEC_REG_USE_COUNT_7_PLUS             3                              3              

MAP_STAGE_ONPATH_INT_REG_CONSUME_DIST_0              0        0.0000                0        0.0000

MAP_STAGE_ONPATH_VEC_REG_CONSUME_DIST_0              0        0.0000                0        0.0000

MAP_STAGE_ONPATH_INT_REG_CONSUME_DIST_1              0        0.0000                0        0.0000

MAP_STAGE_ONPATH_VEC_REG_CONSUME_DIST_1              0        0.0000                0        0.0000

MAP_STAGE_ONPATH_INT_REG_CONSUME_DIST_2        4580430        2.2792          4580430        2.2792

MAP_STAGE_ONPATH_VEC_REG_CONSUME_DIST_2         163648      225.7214           163648      225.7214

MAP_STAGE_ONPATH_INT_REG_CONSUME_DIST_3       19890753       53.9694         19890753       53.9694

MAP_STAGE_ONPATH_VEC_REG_CONSUME_DIST_3              0          -nan                0          -nan

MAP_STAGE_ONPATH_INT_REG_CONSUME_DIST_4      641465960      169.8771        641465960      169.8771

MAP_STAGE_ONPATH_VEC_REG_CONSUME_DIST_4           9164        1.0880             9164        1.0880

MAP_STAGE_ONPATH_INT_REG_CONSUME_DIST_5       76749420      453.2990         76749420      453.2990

MAP_STAGE_ONPATH_VEC_REG_CONSUME_DIST_5              2        2.0000                2        2.0000

MAP_STAGE_ONPATH_INT_REG_CONSUME_DIST_6         422582        6.2185           422582        6.2185

MAP_STAGE_ONPATH_VEC_REG_CONSUME_DIST_6              0          -nan                0          -nan

MAP_STAGE_ONPATH_INT_REG_CONSUME_DIST_7_PLUS     138756754      434.8665        138756754      434.8665

MAP_STAGE_ONPATH_VEC_REG_CONSUME_DIST_7_PLUS           226       75.3333              226       75.3333

MAP_STAGE_INT_REG_ISSUE_READ_TOTAL_CONSUMED      45113970        4.1549         45113970        4.1549

MAP_STAGE_VEC_REG_ISSUE_READ_TOTAL_CONSUMED       7511678        0.6918          7511678        0.6918

MAP_STAGE_INT_REG_ISSUE_READ_MULTI_CONSUMED      28747492        2.6476         28747492        2.6476

MAP_STAGE_VEC_REG_ISSUE_READ_MULTI_CONSUMED       7379955        0.6797          7379955        0.6797

MAP_STAGE_INT_REG_ISSUE_READ_SAME_CYCLE_CONSUMED       6514929        0.6000          6514929        0.6000

MAP_STAGE_VEC_REG_ISSUE_READ_SAME_CYCLE_CONSUMED       2714786        0.2500          2714786        0.2500

MAP_STAGE_INT_REG_ISSUE_READ_TOTAL_CONSUMED_ONPATH      45006716        4.1643         45006716        4.1643

MAP_STAGE_VEC_REG_ISSUE_READ_TOTAL_CONSUMED_ONPATH       7508785        0.6948          7508785        0.6948

MAP_STAGE_INT_REG_ISSUE_READ_MULTI_CONSUMED_ONPATH      28693379        2.6549         28693379        2.6549

MAP_STAGE_VEC_REG_ISSUE_READ_MULTI_CONSUMED_ONPATH       7379077        0.6828          7379077        0.6828

MAP_STAGE_INT_REG_ISSUE_READ_SAME_CYCLE_CONSUMED_ONPATH       6488354        0.6003          6488354        0.6003

MAP_STAGE_VEC_REG_ISSUE_READ_SAME_CYCLE_CONSUMED_ONPATH       2714506        0.2512          2714506        0.2512

MAP_STAGE_ONPATH_INT_REG_LIFECYCLE_EMPTY    5403362810                     5403362810              

MAP_STAGE_ONPATH_VEC_REG_LIFECYCLE_EMPTY       7179096                        7179096              

MAP_STAGE_ONPATH_INT_REG_LIFECYCLE_IN_USE    7156285422                     7156285422              

MAP_STAGE_ONPATH_VEC_REG_LIFECYCLE_IN_USE      12546249                       12546249              

MAP_STAGE_ONPATH_INT_REG_LIFECYCLE_SPEC_RELEASE    8520604654                     8520604654              

MAP_STAGE_ONPATH_VEC_REG_LIFECYCLE_SPEC_RELEASE      19755857                       19755857              

MAP_STAGE_ONPATH_INT_REG_LIFECYCLE_NONSPEC_RELEASE    8520604654                     8520604654              

MAP_STAGE_ONPATH_VEC_REG_LIFECYCLE_NONSPEC_RELEASE      19755857                       19755857              

MAP_STAGE_ONPATH_INT_REG_LIFECYCLE_TOTAL    8520604654                     8520604654              

MAP_STAGE_ONPATH_VEC_REG_LIFECYCLE_TOTAL      19755857                       19755857              

MAP_STAGE_ONPATH_INT_REG_NUM_NONBRANCH        23137150                       23137150              

MAP_STAGE_ONPATH_VEC_REG_NUM_NONBRANCH          197524                         197524              

MAP_STAGE_ONPATH_INT_REG_NUM_NONEXCEPT        23137150                       23137150              

MAP_STAGE_ONPATH_VEC_REG_NUM_NONEXCEPT          197524                         197524              

MAP_STAGE_ONPATH_INT_REG_NUM_ATOMIC           23137150                       23137150              

MAP_STAGE_ONPATH_VEC_REG_NUM_ATOMIC             197524                         197524              

MAP_STAGE_ONPATH_INT_REG_ATOMIC_REDEFINED_DIST_TOTAL    8520604654      368.2651       8520604654      368.2651

MAP_STAGE_ONPATH_VEC_REG_ATOMIC_REDEFINED_DIST_TOTAL      19755857      100.0175         19755857      100.0175

MAP_STAGE_ONPATH_INT_REG_ATOMIC_CONSUMED_DIST_TOTAL    7156285422      309.2985       7156285422      309.2985

MAP_STAGE_ONPATH_VEC_REG_ATOMIC_CONSUMED_DIST_TOTAL      12546249       63.5176         12546249       63.5176

MAP_STAGE_ONPATH_INT_REG_ATOMIC_RELEASE_DIST_TOTAL    8520604654      368.2651       8520604654      368.2651

MAP_STAGE_ONPATH_VEC_REG_ATOMIC_RELEASE_DIST_TOTAL      19755857      100.0175         19755857      100.0175

EXEC_STAGE_STARVED                             9950656       14.961%          9950656       14.961%
EXEC_STAGE_NOT_STARVED                        56475212       84.909%         56475212       84.909%
EXEC_STAGE_OFF_PATH                              86895        0.131%            86895        0.131%
                                              66512763      100.000%         66512763      100.000%
                                                  0.85         0.15              0.85         0.15

FU_BUSY_0                                      4715980                        4715980              

FU_BUSY_1                                      3993437                        3993437              

FU_BUSY_2                                       807051                         807051              

FU_BUSY_3                                       809133                         809133              

FU_BUSY_4                                      3554159                        3554159              

FU_BUSY_5                                      5285726                        5285726              

FU_BUSY_6                                     59204485                       59204485              

FU_BUSY_7                                     59201990                       59201990              

FU_BUSY_8                                      3840559                        3840559              

FU_BUSY_9                                       809739                         809739              

FU_BUSY_10                                           0                              0              

FU_BUSY_11                                           0                              0              

FU_BUSY_12                                           0                              0              

FU_BUSY_13                                           0                              0              

FU_BUSY_14                                           0                              0              

FU_BUSY_15                                           0                              0              

FU_BUSY_16                                           0                              0              

FU_BUSY_17                                           0                              0              

FU_BUSY_18                                           0                              0              

FU_BUSY_19                                           0                              0              

FU_BUSY_20                                           0                              0              

FU_BUSY_21                                           0                              0              

FU_BUSY_22                                           0                              0              

FU_BUSY_23                                           0                              0              

FU_BUSY_24                                           0                              0              

FU_BUSY_25                                           0                              0              

FU_BUSY_26                                           0                              0              

FU_BUSY_27                                           0                              0              

FU_BUSY_28                                           0                              0              

FU_BUSY_29                                           0                              0              

FU_BUSY_30                                           0                              0              

FU_BUSY_31                                           0                              0              

FU_REJECTED_OP_INV_NOT_SIMD                          0        0.000%                0        0.000%
FU_REJECTED_OP_NOP_NOT_SIMD                       6451        0.006%             6451        0.006%
FU_REJECTED_OP_CF_NOT_SIMD                         421        0.000%              421        0.000%
FU_REJECTED_OP_MOV_NOT_SIMD                     101909        0.093%           101909        0.093%
FU_REJECTED_OP_CMOV_NOT_SIMD                       347        0.000%              347        0.000%
FU_REJECTED_OP_LDA_NOT_SIMD                      48144        0.044%            48144        0.044%
FU_REJECTED_OP_IMEM_NOT_SIMD                     37389        0.034%            37389        0.034%
FU_REJECTED_OP_IADD_NOT_SIMD                   5849858        5.349%          5849858        5.349%
FU_REJECTED_OP_IMUL_NOT_SIMD                    147806        0.135%           147806        0.135%
FU_REJECTED_OP_IDIV_NOT_SIMD                        27        0.000%               27        0.000%
FU_REJECTED_OP_ICMP_NOT_SIMD                         0        0.000%                0        0.000%
FU_REJECTED_OP_LOGIC_NOT_SIMD                    62157        0.057%            62157        0.057%
FU_REJECTED_OP_SHIFT_NOT_SIMD                   155218        0.142%           155218        0.142%
FU_REJECTED_OP_FMEM_NOT_SIMD                        47        0.000%               47        0.000%
FU_REJECTED_OP_FCVT_NOT_SIMD                         0        0.000%                0        0.000%
FU_REJECTED_OP_FADD_NOT_SIMD                         0        0.000%                0        0.000%
FU_REJECTED_OP_FMUL_NOT_SIMD                         0        0.000%                0        0.000%
FU_REJECTED_OP_FMA_NOT_SIMD                          0        0.000%                0        0.000%
FU_REJECTED_OP_FDIV_NOT_SIMD                         0        0.000%                0        0.000%
FU_REJECTED_OP_FCMP_NOT_SIMD                         0        0.000%                0        0.000%
FU_REJECTED_OP_FCMOV_NOT_SIMD                        0        0.000%                0        0.000%
FU_REJECTED_OP_GATHER_NOT_SIMD                       0        0.000%                0        0.000%
FU_REJECTED_OP_SCATTER_NOT_SIMD                      0        0.000%                0        0.000%
FU_REJECTED_OP_PIPELINED_FAST_NOT_SIMD               0        0.000%                0        0.000%
FU_REJECTED_OP_PIPELINED_MEDIUM_NOT_SIMD             0        0.000%                0        0.000%
FU_REJECTED_OP_PIPELINED_SLOW_NOT_SIMD               0        0.000%                0        0.000%
FU_REJECTED_OP_NOTPIPELINED_MEDIUM_NOT_SIMD             0        0.000%                0        0.000%
FU_REJECTED_OP_NOTPIPELINED_SLOW_NOT_SIMD             0        0.000%                0        0.000%
FU_REJECTED_OP_NOTPIPELINED_VERY_SLOW_NOT_SIMD            19        0.000%               19        0.000%
FU_REJECTED_OP_INV_SIMD                              0        0.000%                0        0.000%
FU_REJECTED_OP_NOP_SIMD                           2896        0.003%             2896        0.003%
FU_REJECTED_OP_CF_SIMD                               0        0.000%                0        0.000%
FU_REJECTED_OP_MOV_SIMD                              6        0.000%                6        0.000%
FU_REJECTED_OP_CMOV_SIMD                             0        0.000%                0        0.000%
FU_REJECTED_OP_LDA_SIMD                              0        0.000%                0        0.000%
FU_REJECTED_OP_IMEM_SIMD                             0        0.000%                0        0.000%
FU_REJECTED_OP_IADD_SIMD                             0        0.000%                0        0.000%
FU_REJECTED_OP_IMUL_SIMD                             1        0.000%                1        0.000%
FU_REJECTED_OP_IDIV_SIMD                             0        0.000%                0        0.000%
FU_REJECTED_OP_ICMP_SIMD                             0        0.000%                0        0.000%
FU_REJECTED_OP_LOGIC_SIMD                           10        0.000%               10        0.000%
FU_REJECTED_OP_SHIFT_SIMD                           30        0.000%               30        0.000%
FU_REJECTED_OP_FMEM_SIMD                             0        0.000%                0        0.000%
FU_REJECTED_OP_FCVT_SIMD                           125        0.000%              125        0.000%
FU_REJECTED_OP_FADD_SIMD                     102959458       94.137%        102959458       94.137%
FU_REJECTED_OP_FMUL_SIMD                             0        0.000%                0        0.000%
FU_REJECTED_OP_FMA_SIMD                              0        0.000%                0        0.000%
FU_REJECTED_OP_FDIV_SIMD                             0        0.000%                0        0.000%
FU_REJECTED_OP_FCMP_SIMD                             0        0.000%                0        0.000%
FU_REJECTED_OP_FCMOV_SIMD                            0        0.000%                0        0.000%
FU_REJECTED_OP_GATHER_SIMD                           0        0.000%                0        0.000%
FU_REJECTED_OP_SCATTER_SIMD                          0        0.000%                0        0.000%
FU_REJECTED_OP_PIPELINED_FAST_SIMD                   0        0.000%                0        0.000%
FU_REJECTED_OP_PIPELINED_MEDIUM_SIMD                 0        0.000%                0        0.000%
FU_REJECTED_OP_PIPELINED_SLOW_SIMD                  34        0.000%               34        0.000%
FU_REJECTED_OP_NOTPIPELINED_MEDIUM_SIMD              0        0.000%                0        0.000%
FU_REJECTED_OP_NOTPIPELINED_SLOW_SIMD                0        0.000%                0        0.000%
FU_REJECTED_OP_NOTPIPELINED_VERY_SLOW_SIMD             0        0.000%                0        0.000%
                                             109372353      100.000%        109372353      100.000%
                                                 41.84         8.67             41.84         8.67

LSQ_FULL_TOTAL                                60593086                       60593086              

LSQ_FULL_LOAD_QUEUE                                  0                              0              

LSQ_FULL_STORE_QUEUE                          60593086                       60593086              

OP_WAIT_0                                     18556661                       18556661              

OP_WAIT_1                                      1992074                        1992074              

OP_WAIT_2                                       644167                         644167              

OP_WAIT_3                                       343369                         343369              

OP_WAIT_4                                       251690                         251690              

OP_WAIT_5                                       206990                         206990              

OP_WAIT_6                                       179570                         179570              

OP_WAIT_7                                       161345                         161345              

OP_WAIT_8                                       169713                         169713              

OP_WAIT_9                                       170787                         170787              

OP_WAIT_10                                      138605                         138605              

OP_WAIT_11                                      134313                         134313              

OP_WAIT_12                                      113929                         113929              

OP_WAIT_13                                      307853                         307853              

OP_WAIT_14                                      134190                         134190              

OP_WAIT_15                                      280671                         280671              

OP_WAIT_16                                      101913                         101913              

OP_WAIT_17                                      126758                         126758              

OP_WAIT_18                                       69814                          69814              

OP_WAIT_19                                       60349                          60349              

OP_WAIT_20                                       67345                          67345              

OP_WAIT_21                                       76177                          76177              

OP_WAIT_22                                       66817                          66817              

OP_WAIT_23                                       61774                          61774              

OP_WAIT_24                                       50198                          50198              

OP_WAIT_25                                       44807                          44807              

OP_WAIT_26                                       37862                          37862              

OP_WAIT_27                                       40471                          40471              

OP_WAIT_28                                       48934                          48934              

OP_WAIT_29                                       65799                          65799              

OP_WAIT_30                                       56828                          56828              

OP_WAIT_31                                     7004814                        7004814              

ROW_SIZE_0                                    60255569                       60255569              

ROW_SIZE_1                                      966636                         966636              

ROW_SIZE_2                                      514961                         514961              

ROW_SIZE_3                                      113196                         113196              

ROW_SIZE_4                                      853095                         853095              

ROW_SIZE_5                                     1023839                        1023839              

ROW_SIZE_6                                      421295                         421295              

ROW_SIZE_7                                       72960                          72960              

ROW_SIZE_8                                     2232547                        2232547              

ROW_SIZE_9                                           0                              0              

ROW_SIZE_10                                          0                              0              

ROW_SIZE_11                                          0                              0              

ROW_SIZE_12                                          0                              0              

ROW_SIZE_13                                          0                              0              

ROW_SIZE_14                                          0                              0              

ROW_SIZE_15                                          0                              0              

ROW_SIZE_16                                          0                              0              

ROW_SIZE_17                                          0                              0              

ROW_SIZE_18                                          0                              0              

ROW_SIZE_19                                          0                              0              

ROW_SIZE_20                                          0                              0              

ROW_SIZE_21                                          0                              0              

ROW_SIZE_22                                          0                              0              

ROW_SIZE_23                                          0                              0              

ROW_SIZE_24                                          0                              0              

ROW_SIZE_25                                          0                              0              

ROW_SIZE_26                                          0                              0              

ROW_SIZE_27                                          0                              0              

ROW_SIZE_28                                          0                              0              

ROW_SIZE_29                                          0                              0              

ROW_SIZE_30                                          0                              0              

ROW_SIZE_31                                          0                              0              

RET_OP_EXEC_COUNT_0                                  0        0.000%                0        0.000%
RET_OP_EXEC_COUNT_1                           31766587      100.000%         31766587      100.000%
RET_OP_EXEC_COUNT_2                                  0        0.000%                0        0.000%
RET_OP_EXEC_COUNT_3                                  0        0.000%                0        0.000%
RET_OP_EXEC_COUNT_4                                  0        0.000%                0        0.000%
RET_OP_EXEC_COUNT_5                                  0        0.000%                0        0.000%
RET_OP_EXEC_COUNT_6                                  0        0.000%                0        0.000%
RET_OP_EXEC_COUNT_7                                  0        0.000%                0        0.000%
RET_OP_EXEC_COUNT_8                                  0        0.000%                0        0.000%
RET_OP_EXEC_COUNT_9                                  0        0.000%                0        0.000%
RET_OP_EXEC_COUNT_10                                 0        0.000%                0        0.000%
RET_OP_EXEC_COUNT_11                                 0        0.000%                0        0.000%
RET_OP_EXEC_COUNT_12                                 0        0.000%                0        0.000%
RET_OP_EXEC_COUNT_13                                 0        0.000%                0        0.000%
RET_OP_EXEC_COUNT_14                                 0        0.000%                0        0.000%
RET_OP_EXEC_COUNT_15                                 0        0.000%                0        0.000%
RET_OP_EXEC_COUNT_16                                 0        0.000%                0        0.000%
RET_OP_EXEC_COUNT_17                                 0        0.000%                0        0.000%
RET_OP_EXEC_COUNT_18                                 0        0.000%                0        0.000%
RET_OP_EXEC_COUNT_19                                 0        0.000%                0        0.000%
RET_OP_EXEC_COUNT_20                                 0        0.000%                0        0.000%
RET_OP_EXEC_COUNT_21                                 0        0.000%                0        0.000%
RET_OP_EXEC_COUNT_22                                 0        0.000%                0        0.000%
RET_OP_EXEC_COUNT_23                                 0        0.000%                0        0.000%
RET_OP_EXEC_COUNT_24                                 0        0.000%                0        0.000%
RET_OP_EXEC_COUNT_25                                 0        0.000%                0        0.000%
RET_OP_EXEC_COUNT_26                                 0        0.000%                0        0.000%
RET_OP_EXEC_COUNT_27                                 0        0.000%                0        0.000%
RET_OP_EXEC_COUNT_28                                 0        0.000%                0        0.000%
RET_OP_EXEC_COUNT_29                                 0        0.000%                0        0.000%
RET_OP_EXEC_COUNT_30                                 0        0.000%                0        0.000%
RET_OP_EXEC_COUNT_31                                 0        0.000%                0        0.000%
RET_OP_EXEC_COUNT_32                                 0        0.000%                0        0.000%
                                              31766587      100.000%         31766587      100.000%
                                                  1.00         0.00              1.00         0.00

RET_STALL_LENGTH_0                            31672845       99.705%         31672845       99.705%
RET_STALL_LENGTH_100                             12898        0.041%            12898        0.041%
RET_STALL_LENGTH_200                              2739        0.009%             2739        0.009%
RET_STALL_LENGTH_300                             14108        0.044%            14108        0.044%
RET_STALL_LENGTH_400                             35471        0.112%            35471        0.112%
RET_STALL_LENGTH_500                             16566        0.052%            16566        0.052%
RET_STALL_LENGTH_600                              5920        0.019%             5920        0.019%
RET_STALL_LENGTH_700                              1825        0.006%             1825        0.006%
RET_STALL_LENGTH_800                               611        0.002%              611        0.002%
RET_STALL_LENGTH_900                               235        0.001%              235        0.001%
RET_STALL_LENGTH_1000                              174        0.001%              174        0.001%
RET_STALL_LENGTH_1100                              187        0.001%              187        0.001%
RET_STALL_LENGTH_1200                              885        0.003%              885        0.003%
RET_STALL_LENGTH_1300                              322        0.001%              322        0.001%
RET_STALL_LENGTH_1400                              133        0.000%              133        0.000%
RET_STALL_LENGTH_1500                              185        0.001%              185        0.001%
RET_STALL_LENGTH_1600                              579        0.002%              579        0.002%
RET_STALL_LENGTH_1700                              517        0.002%              517        0.002%
RET_STALL_LENGTH_1800                              209        0.001%              209        0.001%
RET_STALL_LENGTH_1900                               84        0.000%               84        0.000%
RET_STALL_LENGTH_2000                               27        0.000%               27        0.000%
RET_STALL_LENGTH_2100                               13        0.000%               13        0.000%
RET_STALL_LENGTH_2200                                7        0.000%                7        0.000%
RET_STALL_LENGTH_2300                                8        0.000%                8        0.000%
RET_STALL_LENGTH_2400                                4        0.000%                4        0.000%
RET_STALL_LENGTH_2500                               12        0.000%               12        0.000%
RET_STALL_LENGTH_2600                                4        0.000%                4        0.000%
RET_STALL_LENGTH_2700                                5        0.000%                5        0.000%
RET_STALL_LENGTH_2800                                4        0.000%                4        0.000%
RET_STALL_LENGTH_2900                                4        0.000%                4        0.000%
RET_STALL_LENGTH_3000                                3        0.000%                3        0.000%
RET_STALL_LENGTH_3100                                2        0.000%                2        0.000%
RET_STALL_LENGTH_3200                                0        0.000%                0        0.000%
RET_STALL_LENGTH_3300                                0        0.000%                0        0.000%
RET_STALL_LENGTH_3400                                0        0.000%                0        0.000%
RET_STALL_LENGTH_3500                                0        0.000%                0        0.000%
RET_STALL_LENGTH_3600                                1        0.000%                1        0.000%
RET_STALL_LENGTH_3700                                0        0.000%                0        0.000%
RET_STALL_LENGTH_3800                                0        0.000%                0        0.000%
RET_STALL_LENGTH_3900                                0        0.000%                0        0.000%
RET_STALL_LENGTH_4000                                0        0.000%                0        0.000%
RET_STALL_LENGTH_4100                                0        0.000%                0        0.000%
RET_STALL_LENGTH_4200                                0        0.000%                0        0.000%
RET_STALL_LENGTH_4300                                0        0.000%                0        0.000%
RET_STALL_LENGTH_4400                                0        0.000%                0        0.000%
RET_STALL_LENGTH_4500                                0        0.000%                0        0.000%
RET_STALL_LENGTH_4600                                0        0.000%                0        0.000%
RET_STALL_LENGTH_4700                                0        0.000%                0        0.000%
RET_STALL_LENGTH_4800                                0        0.000%                0        0.000%
RET_STALL_LENGTH_4900                                0        0.000%                0        0.000%
RET_STALL_LENGTH_5000                                0        0.000%                0        0.000%
                                              31766587      100.000%         31766587      100.000%
                                                  0.01         0.26              0.01         0.26

MEM_BLOCK_LENGTH_0                              116963       52.894%           116963       52.894%
MEM_BLOCK_LENGTH_100                             18391        8.317%            18391        8.317%
MEM_BLOCK_LENGTH_200                             12666        5.728%            12666        5.728%
MEM_BLOCK_LENGTH_300                              2799        1.266%             2799        1.266%
MEM_BLOCK_LENGTH_400                             12670        5.730%            12670        5.730%
MEM_BLOCK_LENGTH_500                             16428        7.429%            16428        7.429%
MEM_BLOCK_LENGTH_600                             15088        6.823%            15088        6.823%
MEM_BLOCK_LENGTH_700                             12317        5.570%            12317        5.570%
MEM_BLOCK_LENGTH_800                              6578        2.975%             6578        2.975%
MEM_BLOCK_LENGTH_900                              2616        1.183%             2616        1.183%
MEM_BLOCK_LENGTH_1000                              939        0.425%              939        0.425%
MEM_BLOCK_LENGTH_1100                              351        0.159%              351        0.159%
MEM_BLOCK_LENGTH_1200                              374        0.169%              374        0.169%
MEM_BLOCK_LENGTH_1300                              594        0.269%              594        0.269%
MEM_BLOCK_LENGTH_1400                              418        0.189%              418        0.189%
MEM_BLOCK_LENGTH_1500                              210        0.095%              210        0.095%
MEM_BLOCK_LENGTH_1600                              175        0.079%              175        0.079%
MEM_BLOCK_LENGTH_1700                              325        0.147%              325        0.147%
MEM_BLOCK_LENGTH_1800                              398        0.180%              398        0.180%
MEM_BLOCK_LENGTH_1900                              350        0.158%              350        0.158%
MEM_BLOCK_LENGTH_2000                              219        0.099%              219        0.099%
MEM_BLOCK_LENGTH_2100                              132        0.060%              132        0.060%
MEM_BLOCK_LENGTH_2200                               47        0.021%               47        0.021%
MEM_BLOCK_LENGTH_2300                               27        0.012%               27        0.012%
MEM_BLOCK_LENGTH_2400                               16        0.007%               16        0.007%
MEM_BLOCK_LENGTH_2500                               12        0.005%               12        0.005%
MEM_BLOCK_LENGTH_2600                                9        0.004%                9        0.004%
MEM_BLOCK_LENGTH_2700                                4        0.002%                4        0.002%
MEM_BLOCK_LENGTH_2800                                5        0.002%                5        0.002%
MEM_BLOCK_LENGTH_2900                                5        0.002%                5        0.002%
MEM_BLOCK_LENGTH_3000                                0        0.000%                0        0.000%
MEM_BLOCK_LENGTH_3100                                1        0.000%                1        0.000%
MEM_BLOCK_LENGTH_3200                                0        0.000%                0        0.000%
MEM_BLOCK_LENGTH_3300                                0        0.000%                0        0.000%
MEM_BLOCK_LENGTH_3400                                1        0.000%                1        0.000%
MEM_BLOCK_LENGTH_3500                                0        0.000%                0        0.000%
MEM_BLOCK_LENGTH_3600                                0        0.000%                0        0.000%
MEM_BLOCK_LENGTH_3700                                0        0.000%                0        0.000%
MEM_BLOCK_LENGTH_3800                                0        0.000%                0        0.000%
MEM_BLOCK_LENGTH_3900                                0        0.000%                0        0.000%
MEM_BLOCK_LENGTH_4000                                0        0.000%                0        0.000%
MEM_BLOCK_LENGTH_4100                                0        0.000%                0        0.000%
MEM_BLOCK_LENGTH_4200                                0        0.000%                0        0.000%
MEM_BLOCK_LENGTH_4300                                0        0.000%                0        0.000%
MEM_BLOCK_LENGTH_4400                                0        0.000%                0        0.000%
MEM_BLOCK_LENGTH_4500                                0        0.000%                0        0.000%
MEM_BLOCK_LENGTH_4600                                0        0.000%                0        0.000%
MEM_BLOCK_LENGTH_4700                                0        0.000%                0        0.000%
MEM_BLOCK_LENGTH_4800                                0        0.000%                0        0.000%
MEM_BLOCK_LENGTH_4900                                0        0.000%                0        0.000%
MEM_BLOCK_LENGTH_5000                                0        0.000%                0        0.000%
                                                221128      100.000%           221128      100.000%
                                                  2.28         2.82              2.28         2.82

FUS_BUSY_ON_PATH                             142067004        2.1359        142067004        2.1359

FUS_BUSY_OFF_PATH                               155255        0.0023           155255        0.0023

FU_BUSY_MEM_STALL                            109649165        1.6485        109649165        1.6485

FUS_EMPTY                                    522905371        7.8617        522905371        7.8617

FU_UNAVAILABLE                                  525653        0.0079           525653        0.0079

FU_MEM_UNAVAILABLE                           108846700        1.6365        108846700        1.6365

FU_OTHER_UNAVAILABLE                                 0        0.0000                0        0.0000

FU_REPLAY                                            0        0.0000                0        0.0000

FU_STARVED                                   522894522        7.8616        522894522        7.8616

CHIP_UTILIZATION                                     0        0.0000                0        0.0000

CYCLES_UNDER_MEM_REQ                                 0                              0              

CYCLES_UNDER_NO_MEM_REQ                              0                              0              

CYCLES_UNDER_CRITICAL_MEM_REQ                        0                              0              

CYCLES_UNDER_NONCRITICAL_MEM_REQ                     0                              0              

CHIP_UTILIZATION_UNDER_MEM_REQ                       0          -nan                0          -nan

CHIP_UTILIZATION_UNDER_NO_MEM_REQ                    0          -nan                0          -nan

CHIP_UTILIZATION_UNDER_CRITICAL_MEM_REQ              0          -nan                0          -nan

CHIP_UTILIZATION_UNDER_NONCRITICAL_MEM_REQ             0          -nan                0          -nan

CYCLES_NOT_WAITING_FOR_OFF_CHIP                      0        0.0000                0        0.0000

FUS_BUSY_NOT_WAITING_FOR_OFF_CHIP                    0          -nan                0          -nan

CYCLES_WAITING_FOR_OFF_CHIP                          0        0.0000                0        0.0000

FUS_BUSY_WAITING_FOR_OFF_CHIP                        0          -nan                0          -nan

TOTAL_OFF_CHIP_DELAYS_LEFT                           0                              0              

WRONG_IO_SCHED                                       0                              0              

DVFS_CONFIG_SWITCH                                   0                              0              

MAP_STAGE_RECEIVED_OPS_0                             0        0.000%                0        0.000%
MAP_STAGE_RECEIVED_OPS_1                          1256        0.024%             1256        0.024%
MAP_STAGE_RECEIVED_OPS_2                          1925        0.036%             1925        0.036%
MAP_STAGE_RECEIVED_OPS_3                          2465        0.047%             2465        0.047%
MAP_STAGE_RECEIVED_OPS_4                          2744        0.052%             2744        0.052%
MAP_STAGE_RECEIVED_OPS_5                          1821        0.034%             1821        0.034%
MAP_STAGE_RECEIVED_OPS_6                       5288156       99.807%          5288156       99.807%
MAP_STAGE_RECEIVED_OPS_7                             0        0.000%                0        0.000%
MAP_STAGE_RECEIVED_OPS_8                             0        0.000%                0        0.000%
MAP_STAGE_RECEIVED_OPS_MAX                           0        0.000%                0        0.000%
                                               5298367      100.000%          5298367      100.000%
                                                  5.99         0.14              5.99         0.14

MAP_STAGE_WAIT_FOR_DECODE                            0         -nan%                0         -nan%
MAP_STAGE_CONSUME_DECODE                             0         -nan%                0         -nan%
                                                     0         -nan%                0         -nan%
                                                  -nan         -nan              -nan         -nan

MAP_STAGE_WAIT_FOR_DECODE2                           0         -nan%                0         -nan%
MAP_STAGE_CONSUME_DECODE2                            0         -nan%                0         -nan%
                                                     0         -nan%                0         -nan%
                                                  -nan         -nan              -nan         -nan

FTQ_RECOVER_EXEC                                  2828                           2828              

FTQ_RECOVER_DECODE                                 449                            449              

FTQ_OFFPATH_CYCLES                              670328                         670328              

FTQ_CYCLES_OFFPATH                              670328                         670328              

FTQ_CYCLES_ONPATH                             65842435                       65842435              

FTQ_FETCHED_INS_ONPATH                        31766534                       31766534              

FTQ_FETCHED_INS_OFFPATH                        2979148                        2979148              

FTQ_BREAK_FULL_FT_ONPATH                      65541366                       65541366              

FTQ_BREAK_FULL_FT_OFFPATH                       511842                         511842              

FTQ_BREAK_PRED_BR_ONPATH                             0                              0              

FTQ_BREAK_PRED_BR_OFFPATH                            0                              0              

FTQ_BREAK_BAR_FETCH_ONPATH                           0                              0              

FTQ_BREAK_BAR_FETCH_OFFPATH                          0                              0              

FTQ_BREAK_MAX_CFS_TAKEN_ONPATH                       0                              0              

FTQ_BREAK_MAX_CFS_TAKEN_OFFPATH                      0                              0              

FTQ_BREAK_MAX_FT_ONPATH                         299655                         299655              

FTQ_BREAK_MAX_FT_OFFPATH                        158486                         158486              

DFE_GEN_ON_PATH_FT                             5131886                        5131886              

DFE_GEN_OFF_PATH_FT                             298397                         298397              

DFE_L0_ENABLED_PREDICTIONS                    31766587                       31766587              

DFE_L0_WRONG_MAIN_CORRECT                       132539                         132539              

DFE_L0_WRONG_MAIN_WRONG                           2816                           2816              

DFE_L0_CORRECT_MAIN_WRONG                          461                            461              

DFE_L0_CORRECT_MAIN_CORRECT                   31630771                       31630771              

DFE_L0_WRONG_MAIN_CORRECT_RECOVERY_SCHEDULED             0                              0              

FTQ_SAW_BAR_FETCH_OFFPATH                          798                            798              

FTQ_SAW_BAR_FETCH_ONPATH                           626                            626              

DFE_CONF_0_RECOVER_AT_EXEC                           0         -nan%                0         -nan%
DFE_CONF_1_RECOVER_AT_EXEC                           0         -nan%                0         -nan%
DFE_CONF_2_RECOVER_AT_EXEC                           0         -nan%                0         -nan%
DFE_CONF_3_RECOVER_AT_EXEC                           0         -nan%                0         -nan%
DFE_CONF_0_CORRECT                                   0         -nan%                0         -nan%
DFE_CONF_1_CORRECT                                   0         -nan%                0         -nan%
DFE_CONF_2_CORRECT                                   0         -nan%                0         -nan%
DFE_CONF_3_CORRECT                                   0         -nan%                0         -nan%
                                                     0         -nan%                0         -nan%
                                                  -nan         -nan              -nan         -nan

DFE_ON_CONF_ON_OPS                                   0         -nan%                0         -nan%
DFE_ON_CONF_OFF_OPS                                  0         -nan%                0         -nan%
DFE_OFF_CONF_ON_OPS                                  0         -nan%                0         -nan%
DFE_OFF_CONF_OFF_REALISTIC_OPS                       0         -nan%                0         -nan%
DFE_OFF_CONF_OFF_PERFECT_OPS                         0         -nan%                0         -nan%
                                                     0         -nan%                0         -nan%
                                                  -nan         -nan              -nan         -nan

DFE_ON_CONF_ON_FETCH_TARGETS                         0         -nan%                0         -nan%
DFE_ON_CONF_OFF_FETCH_TARGETS                        0         -nan%                0         -nan%
DFE_OFF_CONF_ON_FETCH_TARGETS                        0         -nan%                0         -nan%
DFE_OFF_CONF_OFF_REALISTIC_FETCH_TARGETS             0         -nan%                0         -nan%
DFE_OFF_CONF_OFF_PERFECT_FETCH_TARGETS               0         -nan%                0         -nan%
                                                     0         -nan%                0         -nan%
                                                  -nan         -nan              -nan         -nan

DFE_ON_CONF_ON_CYCLES                                0         -nan%                0         -nan%
DFE_ON_CONF_OFF_CYCLES                               0         -nan%                0         -nan%
DFE_OFF_CONF_ON_CYCLES                               0         -nan%                0         -nan%
DFE_OFF_CONF_OFF_REALISTIC_CYCLES                    0         -nan%                0         -nan%
DFE_OFF_CONF_OFF_PERFECT_CYCLES                      0         -nan%                0         -nan%
                                                     0         -nan%                0         -nan%
                                                  -nan         -nan              -nan         -nan

DFE_OFF_CONF_ON_NUM_EVENTS                           0                              0              

DFE_OFF_CONF_ON_NOT_IDENTIFIED_EVENTS                0         -nan%                0         -nan%
DFE_OFF_CONF_ON_IBTB_MISS_EVENTS                     0         -nan%                0         -nan%
DFE_OFF_CONF_ON_BTB_MISS_EVENTS                      0         -nan%                0         -nan%
DFE_OFF_CONF_ON_BTB_MISS_RECOVER_AT_EXEC_EVENTS             0         -nan%                0         -nan%
DFE_OFF_CONF_ON_RECOVER_AT_EXEC_EVENTS               0         -nan%                0         -nan%
DFE_OFF_CONF_ON_RECOVER_AT_DECODE_EVENTS             0         -nan%                0         -nan%
                                                     0         -nan%                0         -nan%
                                                  -nan         -nan              -nan         -nan

DFE_OFF_CONF_ON_LATE_BTB_HIT_EVENTS                  0                              0              

DFE_OFF_CONF_ON_NOT_IDENTIFIED_CYCLES                0         -nan%                0         -nan%
DFE_OFF_CONF_ON_IBTB_MISS_CYCLES                     0         -nan%                0         -nan%
DFE_OFF_CONF_ON_BTB_MISS_CYCLES                      0         -nan%                0         -nan%
DFE_OFF_CONF_ON_BTB_MISS_RECOVER_AT_EXEC_CYCLES             0         -nan%                0         -nan%
DFE_OFF_CONF_ON_RECOVER_AT_EXEC_CYCLES               0         -nan%                0         -nan%
DFE_OFF_CONF_ON_RECOVER_AT_DECODE_CYCLES             0         -nan%                0         -nan%
                                                     0         -nan%                0         -nan%
                                                  -nan         -nan              -nan         -nan

DFE_OFF_CONF_ON_LATE_BTB_HIT_CYCLES                  0                              0              

DFE_OFF_CONF_ON_NOT_IDENTIFIED_FETCH_TARGETS             0         -nan%                0         -nan%
DFE_OFF_CONF_ON_IBTB_MISS_FETCH_TARGETS              0         -nan%                0         -nan%
DFE_OFF_CONF_ON_BTB_MISS_FETCH_TARGETS               0         -nan%                0         -nan%
DFE_OFF_CONF_ON_BTB_MISS_RECOVER_AT_EXEC_FETCH_TARGETS             0         -nan%                0         -nan%
DFE_OFF_CONF_ON_RECOVER_AT_EXEC_FETCH_TARGETS             0         -nan%                0         -nan%
DFE_OFF_CONF_ON_RECOVER_AT_DECODE_FETCH_TARGETS             0         -nan%                0         -nan%
                                                     0         -nan%                0         -nan%
                                                  -nan         -nan              -nan         -nan

DFE_OFF_CONF_ON_LATE_BTB_HIT_FETCH_TARGETS             0                              0              

DFE_OFF_CONF_ON_BP_INCORRECT_0_CONF                  0         -nan%                0         -nan%
DFE_OFF_CONF_ON_BP_INCORRECT_1_CONF                  0         -nan%                0         -nan%
DFE_OFF_CONF_ON_BP_INCORRECT_2_CONF                  0         -nan%                0         -nan%
DFE_OFF_CONF_ON_BP_INCORRECT_3_CONF                  0         -nan%                0         -nan%
                                                     0         -nan%                0         -nan%
                                                  -nan         -nan              -nan         -nan

DFE_OFF_CONF_ON_BTB_MISS_CBR_0_CONF                  0         -nan%                0         -nan%
DFE_OFF_CONF_ON_BTB_MISS_CBR_1_CONF                  0         -nan%                0         -nan%
DFE_OFF_CONF_ON_BTB_MISS_CBR_2_CONF                  0         -nan%                0         -nan%
DFE_OFF_CONF_ON_BTB_MISS_CBR_3_CONF                  0         -nan%                0         -nan%
                                                     0         -nan%                0         -nan%
                                                  -nan         -nan              -nan         -nan

DFE_OFF_CONF_ON_BTB_MISS_NOT_CF                      0         -nan%                0         -nan%
DFE_OFF_CONF_ON_BTB_MISS_CF_BR                       0         -nan%                0         -nan%
DFE_OFF_CONF_ON_BTB_MISS_CF_CBR                      0         -nan%                0         -nan%
DFE_OFF_CONF_ON_BTB_MISS_CF_CALL                     0         -nan%                0         -nan%
DFE_OFF_CONF_ON_BTB_MISS_CF_IBR                      0         -nan%                0         -nan%
DFE_OFF_CONF_ON_BTB_MISS_CF_ICALL                    0         -nan%                0         -nan%
DFE_OFF_CONF_ON_BTB_MISS_CF_ICO                      0         -nan%                0         -nan%
DFE_OFF_CONF_ON_BTB_MISS_CF_RET                      0         -nan%                0         -nan%
DFE_OFF_CONF_ON_BTB_MISS_CF_SYS                      0         -nan%                0         -nan%
                                                     0         -nan%                0         -nan%
                                                  -nan         -nan              -nan         -nan

DFE_ON_CONF_OFF_NUM_EVENTS                           0                              0              

CONF_BTB_NUM_CYCLES_OFF_PATH_EVENT                   0                              0              

DFE_ON_CONF_OFF_IBTB_MISS_BP_TAKEN                   0         -nan%                0         -nan%
DFE_ON_CONF_OFF_BTB_MISS_BP_TAKEN_CONF_0             0         -nan%                0         -nan%
DFE_ON_CONF_OFF_BTB_MISS_BP_TAKEN_CONF_1             0         -nan%                0         -nan%
DFE_ON_CONF_OFF_BTB_MISS_BP_TAKEN_CONF_2             0         -nan%                0         -nan%
DFE_ON_CONF_OFF_BTB_MISS_BP_TAKEN_CONF_3             0         -nan%                0         -nan%
DFE_ON_CONF_OFF_BTB_MISS_RATE                        0         -nan%                0         -nan%
DFE_ON_CONF_OFF_IBTB_MISS_RATE                       0         -nan%                0         -nan%
DFE_ON_CONF_OFF_RECOVER_AT_DECODE_RATE               0         -nan%                0         -nan%
DFE_ON_CONF_OFF_RECOVER_AT_EXEC_RATE                 0         -nan%                0         -nan%
DFE_ON_CONF_OFF_INV_CONF_INC                         0         -nan%                0         -nan%
DFE_ON_CONF_OFF_PERFECT_CONF                         0         -nan%                0         -nan%
                                                     0         -nan%                0         -nan%
                                                  -nan         -nan              -nan         -nan

DFE_ON_CONF_OFF_IBTB_MISS_BP_TAKEN_CYCLES             0         -nan%                0         -nan%
DFE_ON_CONF_OFF_BTB_MISS_BP_TAKEN_CONF_0_CYCLES             0         -nan%                0         -nan%
DFE_ON_CONF_OFF_BTB_MISS_BP_TAKEN_CONF_1_CYCLES             0         -nan%                0         -nan%
DFE_ON_CONF_OFF_BTB_MISS_BP_TAKEN_CONF_2_CYCLES             0         -nan%                0         -nan%
DFE_ON_CONF_OFF_BTB_MISS_BP_TAKEN_CONF_3_CYCLES             0         -nan%                0         -nan%
DFE_ON_CONF_OFF_BTB_MISS_RATE_CYCLES                 0         -nan%                0         -nan%
DFE_ON_CONF_OFF_IBTB_MISS_RATE_CYCLES                0         -nan%                0         -nan%
DFE_ON_CONF_OFF_RECOVER_AT_DECODE_RATE_CYCLES             0         -nan%                0         -nan%
DFE_ON_CONF_OFF_RECOVER_AT_EXEC_RATE_CYCLES             0         -nan%                0         -nan%
DFE_ON_CONF_OFF_INV_CONF_INC_CYCLES                  0         -nan%                0         -nan%
DFE_ON_CONF_OFF_PERFECT_CONF_CYCLES                  0         -nan%                0         -nan%
                                                     0         -nan%                0         -nan%
                                                  -nan         -nan              -nan         -nan

DFE_ON_CONF_OFF_IBTB_MISS_BP_TAKEN_FETCH_TARGETS             0         -nan%                0         -nan%
DFE_ON_CONF_OFF_BTB_MISS_BP_TAKEN_CONF_0_FETCH_TARGETS             0         -nan%                0         -nan%
DFE_ON_CONF_OFF_BTB_MISS_BP_TAKEN_CONF_1_FETCH_TARGETS             0         -nan%                0         -nan%
DFE_ON_CONF_OFF_BTB_MISS_BP_TAKEN_CONF_2_FETCH_TARGETS             0         -nan%                0         -nan%
DFE_ON_CONF_OFF_BTB_MISS_BP_TAKEN_CONF_3_FETCH_TARGETS             0         -nan%                0         -nan%
DFE_ON_CONF_OFF_BTB_MISS_RATE_FETCH_TARGETS             0         -nan%                0         -nan%
DFE_ON_CONF_OFF_IBTB_MISS_RATE_FETCH_TARGETS             0         -nan%                0         -nan%
DFE_ON_CONF_OFF_RECOVER_AT_DECODE_RATE_FETCH_TARGETS             0         -nan%                0         -nan%
DFE_ON_CONF_OFF_RECOVER_AT_EXEC_RATE_FETCH_TARGETS             0         -nan%                0         -nan%
DFE_ON_CONF_OFF_INV_CONF_INC_FETCH_TARGETS             0         -nan%                0         -nan%
DFE_ON_CONF_OFF_PERFECT_CONF_FETCH_TARGETS             0         -nan%                0         -nan%
                                                     0         -nan%                0         -nan%
                                                  -nan         -nan              -nan         -nan

CONF_OFF_IBTB_MISS_BP_TAKEN                          0         -nan%                0         -nan%
CONF_OFF_BTB_MISS_BP_TAKEN_CONF_0                    0         -nan%                0         -nan%
CONF_OFF_BTB_MISS_BP_TAKEN_CONF_1                    0         -nan%                0         -nan%
CONF_OFF_BTB_MISS_BP_TAKEN_CONF_2                    0         -nan%                0         -nan%
CONF_OFF_BTB_MISS_BP_TAKEN_CONF_3                    0         -nan%                0         -nan%
CONF_OFF_BTB_MISS_RATE                               0         -nan%                0         -nan%
CONF_OFF_IBTB_MISS_RATE                              0         -nan%                0         -nan%
CONF_OFF_RECOVER_AT_DECODE_RATE                      0         -nan%                0         -nan%
CONF_OFF_RECOVER_AT_EXEC_RATE                        0         -nan%                0         -nan%
CONF_OFF_INV_CONF_INC                                0         -nan%                0         -nan%
CONF_OFF_PERFECT_CONF                                0         -nan%                0         -nan%
                                                     0         -nan%                0         -nan%
                                                  -nan         -nan              -nan         -nan

TOPDOWN_TOTAL_SLOTS                          399076578                      399076578              

TOPDOWN_ISSUED_SLOTS                          32147043                       32147043              

TOPDOWN_RETIRED_SLOTS                         31766587                       31766587              

TOPDOWN_FETCH_BUBBLES_SLOTS                     463957                         463957              

TOPDOWN_RECOVERY_BUBBLES_SLOTS                   72114                          72114              

TOPDOWN_MEM_LOAD_STALLS_CYCLES                20769522                       20769522              

TOPDOWN_MEM_STORE_STALLS_CYCLES               38868113                       38868113              

TOPDOWN_EXEC_STALLS_CYCLES                    55582545                       55582545              

TOPDOWN_BACKEND_STALLS_CYCLES                 60946768                       60946768              

TOPDOWN_FETCH_BUBBLES_GT_MIW_CYCLES              71846                          71846              

TOPDOWN_BR_RECOVER_AT_EXEC_RETIRED_CYCLES          2828                           2828              

TOPDOWN_MACHINE_CLEAR_CYCLES                    135816                         135816              

TOPDOWN_FRONTEND_BOUND                              11                             11              

TOPDOWN_BACKEND_BOUND                             9182                           9182              

TOPDOWN_BAD_SPEC_BOUND                              11                             11              

TOPDOWN_RETIRING_BOUND                             796                            796              

TOPDOWN_FETCH_LATENCY_BOUND                         10                             10              

TOPDOWN_FETCH_BANDWIDTH_BOUND                        1                              1              

TOPDOWN_MEM_BOUND                                 8984                           8984              

TOPDOWN_CORE_BOUND                                 198                            198              

TOPDOWN_BR_RECOVER_AT_EXEC_BOUND                     0                              0              

TOPDOWN_MACHINE_CLEARS_BOUND                        11                             11              

H2P_SEEN_MAIN                                        0                              0              



