/* -*- Mode: c -*- */
####################################################################################################
Core 0
####################################################################################################
Cumulative:        Cycles: 20519400              Instructions: 89999999              IPC: 4.38609

Periodic:          Cycles: 20519400              Instructions: 89999999              IPC: 4.38609

FCT_LOOKUP_HITS                                7936790                        7936790              

FCT_LOOKUP_MISSES                              6174741                        6174741              

FCT_LOOKUP_LOW_CONF                            1508687                        1508687              

FCT_PRELOAD_INSERTS                                  0                              0              

FCT_PRELOAD_DUPLICATE_LD1_SKIPS                      0                              0              

FCT_RUNTIME_INSERTS                                112                            112              

FCT_RUNTIME_REPLACEMENTS                            30                             30              

FCT_RUNTIME_REINFORCEMENTS                          45                             45              

FCT_RUNTIME_CONFLICTS                                1                              1              

IFUSE_TRAINING_PAIRS_DISCOVERED                2082817                        2082817              

IFUSE_TRAINING_STORE_INVALIDATIONS            12366948                       12366948              

IFUSE_TRAINING_CROSS_LINE_LOADS                    135                            135              

TRAINING_TABLE_LOOKUPS                         2082817                        2082817              

TRAINING_TABLE_HITS                            2081879                        2081879              

TRAINING_TABLE_MISSES                              938                            938              

TRAINING_TABLE_INSERTS                             938                            938              

TRAINING_TABLE_EVICTIONS                           317                            317              

TRAINING_TABLE_OBSERVATIONS                    2082817                        2082817              

TRAINING_TABLE_PROMOTIONS                          187                            187              

TRAINING_TABLE_PROMOTION_REJECTS                     1                              1              

TRAINING_TABLE_PEAK_LIVE                           473                            473              

APT_LOOKUP_HITS                                5883348                        5883348              

APT_LOOKUP_MISSES                             13659698                       13659698              

APT_CONFIGURED_CAPACITY                            256                            256              

APT_INSERT_FAILURES                                  0                              0              

APT_LIVE_LD2_PREDICTION_PEAK                       116                            116              

APT_LIVE_LD2_PREDICTION_OBSERVATIONS          19543046                       19543046              

APT_LIVE_LD2_PREDICTION_TOTAL               1174772720                     1174772720              

APT_LIVE_LD2_PREDICTION_AVG                 1174772720       60.1121       1174772720       60.1121

IFUSE_INFLIGHT_FUSED_PAIRS_PEAK                     94                             94              

IFUSE_INFLIGHT_FUSED_PAIRS_OBSERVATIONS       19543042                       19543042              

IFUSE_INFLIGHT_FUSED_PAIRS_TOTAL             782466809                      782466809              

ACI_LOOKUP_HITS                                5431470                        5431470              

ACI_LOOKUP_MISSES                                   45                             45              

ACI_REPLAYED_INSERTS                                 0                              0              

ACI_BACKING_ALLOC_FAILURES                           0                              0              

ACI_PREDICTION_INSERTS                         6428103                        6428103              

ACI_SAME_CACHEBLOCK_INSERTS                    2205843                        2205843              

ACI_PREDICTION_INVALIDATIONS                    996585                         996585              

ACI_STALE_PREDICTION_REMOVALS                        0                              0              

IFUSE_GP_REG_OCCUPIED_PEAK                         267                            267              

IFUSE_GP_REG_OCCUPIED_OBSERVATIONS           105199360                      105199360              

IFUSE_GP_REG_OCCUPIED_TOTAL                23643390340                    23643390340              

IFUSE_GP_REG_UTIL_PCT_TOTAL                 8395307881                     8395307881              

IFUSE_EXTRA_REG_IN_USE_PEAK                         85                             85              

IFUSE_EXTRA_REG_IN_USE_OBSERVATIONS          105199360                      105199360              

IFUSE_EXTRA_REG_IN_USE_TOTAL                3568122923                     3568122923              

IFUSE_LOAD1_PREDICTIONS                        6428103                        6428103              

IFUSE_CORRECT_PREDICTIONS                      5431387                        5431387              

IFUSE_INCORRECT_PREDICTIONS                        128                            128              

IFUSE_FUSED_LOADS                              5431387                        5431387              

IFUSE_MISPREDICTED_LOADS                           128                            128              

IFUSE_MISPREDICTION_FLUSHES                         91                             91              

IFUSE_MISPREDICTED_CACHE_BLOCK_ADDR                 45                             45              

IFUSE_MISPREDICTED_OFFSET_DELTA                    128                            128              

IFUSE_ALL_LOADS                               19543046                       19543046              

IFUSE_NUM_FUSED_LOADS                          5431387                        5431387              

IFUSE_NUM_DEMAND_LOADS                        14111659                       14111659              

IFUSE_LOAD_COVERAGE                            5431387        0.2779          5431387        0.2779

IFUSE_LD_STALL_CYCLES                         84851031                       84851031              

IFUSE_LD_STALL_CYCLES_FUSED                    6154820                        6154820              

IFUSE_LD_STALL_CYCLES_DEMAND                  78696211                       78696211              

IFUSE_AVG_STALL_PER_LOAD                      84851031        4.3418         84851031        4.3418

IFUSE_AVG_STALL_PER_FUSED                      6154820        1.1332          6154820        1.1332

IFUSE_AVG_STALL_PER_DEMAND                    78696211        5.5767         78696211        5.5767

IFUSE_FULL_MITIGATED                           1309666                        1309666              

IFUSE_PARTIAL_MITIGATED                        4121721                        4121721              

IFUSE_REMAINING_WAIT_AFTER_AGU                39460186                       39460186              

IFUSE_LD_EXEC_MINUS_FETCH                   1155580394                     1155580394              

IFUSE_LD_RETIRE_MINUS_FETCH                 1558268303                     1558268303              

IFUSE_LD_EXEC_TO_DONE                         84851031                       84851031              

IFUSE_LD_EXEC_MINUS_FETCH_FUSED              329350637                      329350637              

IFUSE_LD_RETIRE_MINUS_FETCH_FUSED            428137576                      428137576              

IFUSE_LD_EXEC_TO_DONE_FUSED                    6154820                        6154820              

IFUSE_LD_EXEC_MINUS_FETCH_DEMAND             826229757                      826229757              

IFUSE_LD_RETIRE_MINUS_FETCH_DEMAND          1130130727                     1130130727              

IFUSE_LD_EXEC_TO_DONE_DEMAND                  78696211                       78696211              



