Scarab gitrev: f31bf3d3
Warning: Scarab expects the trace file type to include OFFLINE_FILE_TYPE_ARCH_REGDEPS (0x20000), but got type: 0xe40
Scarab started at Sat Jul 11 05:18:04 2026

FCT preload: loaded 89 PC-pair(s) from '/home/deepmish/pgo-candidates/pgo-candidates-frequency-1000/cd/93.csv' at confidence 500 (skipped 14 duplicate LD1 PCs)
Initialized Ramulator. 
** Heartbeat:   1% -- { 1000004 } -- 0.00 KIPS (71.43 KIPS)
** Heartbeat:   2% -- { 2000004 } -- 90.91 KIPS (80.00 KIPS)
** Heartbeat:   3% -- { 3000011 } -- 83.33 KIPS (81.08 KIPS)
** Heartbeat:   4% -- { 4000014 } -- 90.91 KIPS (83.33 KIPS)
** Heartbeat:   5% -- { 5000018 } -- 83.33 KIPS (83.33 KIPS)
** Heartbeat:   6% -- { 6000022 } -- 83.33 KIPS (83.33 KIPS)
** Heartbeat:   7% -- { 7000023 } -- 83.33 KIPS (83.33 KIPS)
** Heartbeat:   8% -- { 8000027 } -- 90.91 KIPS (84.21 KIPS)
** Heartbeat:   9% -- { 9000028 } -- 111.11 KIPS (86.54 KIPS)
Patching gap in trace by injecting a Jmp, prior PC: 7eff1101abee next PC: 7eff1101a5a2
** Heartbeat:  10% -- { 10000029 } -- 100.00 KIPS (87.72 KIPS)
** Heartbeat:  11% -- { 11000029 } -- 111.11 KIPS (89.43 KIPS)
** Heartbeat:  12% -- { 12000032 } -- 100.00 KIPS (90.23 KIPS)
** Heartbeat:  13% -- { 13000035 } -- 100.00 KIPS (90.91 KIPS)
** Heartbeat:  14% -- { 14000039 } -- 111.11 KIPS (92.11 KIPS)
** Heartbeat:  15% -- { 15000040 } -- 100.00 KIPS (92.59 KIPS)
** Heartbeat:  16% -- { 16000047 } -- 111.11 KIPS (93.57 KIPS)
** Heartbeat:  17% -- { 17000050 } -- 100.00 KIPS (93.92 KIPS)
** Heartbeat:  18% -- { 18000053 } -- 111.11 KIPS (94.74 KIPS)
** Heartbeat:  19% -- { 19000056 } -- 100.00 KIPS (95.00 KIPS)
** Heartbeat:  20% -- { 20000062 } -- 111.11 KIPS (95.69 KIPS)
** Heartbeat:  21% -- { 21000065 } -- 100.00 KIPS (95.89 KIPS)
** Heartbeat:  22% -- { 22000068 } -- 111.11 KIPS (96.49 KIPS)
** Heartbeat:  23% -- { 23000072 } -- 100.00 KIPS (96.64 KIPS)
** Heartbeat:  24% -- { 24000073 } -- 90.91 KIPS (96.39 KIPS)
** Heartbeat:  25% -- { 25000074 } -- 90.91 KIPS (96.15 KIPS)
** Heartbeat:  26% -- { 26000081 } -- 83.33 KIPS (95.59 KIPS)
** Heartbeat:  27% -- { 27000083 } -- 90.91 KIPS (95.41 KIPS)
** Heartbeat:  28% -- { 28000090 } -- 83.33 KIPS (94.92 KIPS)
** Heartbeat:  29% -- { 29000095 } -- 90.91 KIPS (94.77 KIPS)
Reached end of trace (last_inst) pc=0x7eff1457f667
** Core 0 Finished:    insts:29999999    cycles:6716974     time:2099054375000       -- 4.47 IPC (4.47 IPC) --  N/A  KIPS (94.34 KIPS)
Scarab finished at Sat Jul 11 05:23:22 2026

