/* -*- Mode: c -*- */
####################################################################################################
Core 0
####################################################################################################
Cumulative:        Cycles: 13865953              Instructions: 30000000              IPC: 2.16357

Periodic:          Cycles: 4573611               Instructions: 10000000              IPC: 2.18646

EXECUTION_TIME                           1429253437500                  4333110312500              

SIM_HOST_WALL_SECONDS                       385.740485                     385.740485              

NODE_CYCLE                                     4573611                       13865953              

NODE_INST_COUNT                               10000000                       30000000              

NODE_INST_COUNT_FETCHED                       10000000                       30000000              

NODE_UOP_COUNT                                10983049                       32948943              

EXEC_STAGE_NO_ISSUE_STALL_CYCLE                3181107                        9562225              

EXEC_STAGE_NO_ISSUE_STALL_CYCLE_ONPATH         2712960                        8148560              

FULL_WINDOW_STALL                                 9749        0.213%            36433        0.263%

FULL_WINDOW_MEM_OP                                7170      100.000%            28708      100.000%
FULL_WINDOW_FP_OP                                    0        0.000%                0        0.000%
FULL_WINDOW_OTHER_OP                                 0        0.000%                0        0.000%
                                                  7170      100.000%            28708      100.000%
                                                  0.00         0.00              0.00         0.00

RET_BLOCKED_DC_MISS                             522191       11.417%          1680765       12.122%

RET_BLOCKED_L1_MISS                              33964        0.743%           199763        1.441%

RET_BLOCKED_L1_MISS_BW_PREF                         76        0.002%             1283        0.009%

RET_BLOCKED_L1_ACCESS                           488227       10.675%          1481099       10.682%

RET_BLOCKED_MEM_STALL                            33964        0.743%           200732        1.448%

RET_BLOCKED_OFFCHIP_DEMAND                           0        0.000%                0        0.000%

OP_ISSUED                                     12174956                       36541617              

OP_RETIRED                                    10983049                       32948943              

OP_MACRO_FUSION_ONPATH                               0                              0              

OP_MACRO_FUSION_OFFPATH                              0                              0              

REPLAY_SIGNALED                                      0                              0              

REPLAY_COUNTED                                       0                              0              

OFF_CRITICAL_PATH                                    0         -nan%                0         -nan%
ON_CRITICAL_PATH                                     0         -nan%                0         -nan%
                                                     0         -nan%                0         -nan%
                                                  -nan         -nan              -nan         -nan

LD_NO_DEPENDENTS                                436431       15.065%          1308274       15.060%
LD_DEPENDENTS                                  2460476       84.935%          7379008       84.940%
                                               2896907      100.000%          8687282      100.000%
                                                  0.85         0.79              0.85         0.80

LD_EXEC_CYCLES_0                                     0        0.000%                0        0.000%
LD_EXEC_CYCLES_1                                 45916       90.462%           138873       90.575%
LD_EXEC_CYCLES_2                                  1699        3.347%             5226        3.408%
LD_EXEC_CYCLES_3                                   974        1.919%             2941        1.918%
LD_EXEC_CYCLES_4                                  2168        4.271%             6283        4.098%
                                                 50757      100.000%           153323      100.000%
                                                  1.20         0.72              1.20         0.71

LD_EXEC_MINUS_FETCH_LATENCY                  314640506                      944140022              

LD_RETIRE_MINUS_FETCH_LATENCY                413834700                     1245480845              

ICACHE_STAGE_STARVED                            297518       11.322%           942320       11.878%
ICACHE_STAGE_NOT_STARVED                       2330273       88.678%          6991270       88.122%
                                               2627791      100.000%          7933590      100.000%
                                                  0.89         0.84              0.88         0.83

ICACHE_STAGE_STALLED                            588193       12.861%          1770114       12.766%
ICACHE_STAGE_NOT_STALLED                       2039598       44.595%          6163476       44.450%
ICACHE_STAGE_OFF_PATH                          1945820       42.545%          5932363       42.784%
                                               4573611      100.000%         13865953      100.000%
                                                  1.30         0.98              1.30         0.99

DECODE_STAGE_STARVED                           2016193       61.323%          6153798       61.834%
DECODE_STAGE_NOT_STARVED                       1271630       38.677%          3798396       38.166%
                                               3287823      100.000%          9952194      100.000%
                                                  0.39         0.45              0.38         0.45

DECODE_STAGE_STALLED                            506283       11.070%          1519930       10.962%
DECODE_STAGE_NOT_STALLED                       2781540       60.817%          8432264       60.813%
DECODE_STAGE_OFF_PATH                          1285788       28.113%          3913759       28.226%
                                               4573611      100.000%         13865953      100.000%
                                                  1.17         0.77              1.17         0.77

UOPQ_STAGE_STARVED                             1885900       73.396%          5722094       73.512%
UOPQ_STAGE_NOT_STARVED                          683571       26.604%          2061841       26.488%
                                               2569471      100.000%          7783935      100.000%
                                                  0.27         0.40              0.26         0.40

UOPQ_STAGE_STALLED                              320166        7.000%           971363        7.005%
UOPQ_STAGE_NOT_STALLED                         2569471       56.180%          7783935       56.137%
UOPQ_STAGE_OFF_PATH                            1683974       36.819%          5110655       36.858%
                                               4573611      100.000%         13865953      100.000%
                                                  1.30         0.92              1.30         0.92

RS_OP_READY_NOT_ISSUED_TOTAL                   8497930                       25421075              

RS_0_OP_READY_NOT_ISSUED                       6940032                       20677037              

RS_1_OP_READY_NOT_ISSUED                        641382                        1928355              

RS_2_OP_READY_NOT_ISSUED                        916516                        2815683              

RS_3_OP_READY_NOT_ISSUED                             0                              0              

RS_4_OP_READY_NOT_ISSUED                             0                              0              

RS_5_OP_READY_NOT_ISSUED                             0                              0              

RS_6_OP_READY_NOT_ISSUED                             0                              0              

RS_7_OP_READY_NOT_ISSUED                             0                              0              

RS_7_PLUS_OP_READY_NOT_ISSUED                        0                              0              

FU_IDLE_NO_READY_OPS_TOTAL                    22071204                       67533938              

FU_0_IDLE_NO_READY_OPS                         1621795                        4989754              

FU_1_IDLE_NO_READY_OPS                         2006499                        6148742              

FU_2_IDLE_NO_READY_OPS                         2224683                        6809293              

FU_3_IDLE_NO_READY_OPS                         2225084                        6810471              

FU_4_IDLE_NO_READY_OPS                         2033213                        6228302              

FU_5_IDLE_NO_READY_OPS                         1596129                        4912411              

FU_6_IDLE_NO_READY_OPS                         3064309                        9330283              

FU_7_IDLE_NO_READY_OPS                         3064081                        9331074              

FU_8_IDLE_NO_READY_OPS                         2011372                        6163264              

FU_9_IDLE_NO_READY_OPS                         2224039                        6810344              

FU_10_IDLE_NO_READY_OPS                              0                              0              

FU_11_IDLE_NO_READY_OPS                              0                              0              

FU_12_IDLE_NO_READY_OPS                              0                              0              

FU_13_IDLE_NO_READY_OPS                              0                              0              

FU_14_IDLE_NO_READY_OPS                              0                              0              

FU_15_IDLE_NO_READY_OPS                              0                              0              

FU_16_IDLE_NO_READY_OPS                              0                              0              

FU_17_IDLE_NO_READY_OPS                              0                              0              

FU_18_IDLE_NO_READY_OPS                              0                              0              

FU_19_IDLE_NO_READY_OPS                              0                              0              

FU_20_IDLE_NO_READY_OPS                              0                              0              

FU_21_IDLE_NO_READY_OPS                              0                              0              

FU_22_IDLE_NO_READY_OPS                              0                              0              

FU_23_IDLE_NO_READY_OPS                              0                              0              

FU_24_IDLE_NO_READY_OPS                              0                              0              

FU_25_IDLE_NO_READY_OPS                              0                              0              

FU_26_IDLE_NO_READY_OPS                              0                              0              

FU_27_IDLE_NO_READY_OPS                              0                              0              

FU_28_IDLE_NO_READY_OPS                              0                              0              

FU_29_IDLE_NO_READY_OPS                              0                              0              

FU_30_IDLE_NO_READY_OPS                              0                              0              

FU_31_IDLE_NO_READY_OPS                              0                              0              

FU_31_PLUS_IDLE_NO_READY_OPS                         0                              0              

MAP_STAGE_STARVED                               436863       17.727%          1376739       18.463%
MAP_STAGE_NOT_STARVED                          2027584       82.273%          6080110       81.537%
                                               2464447      100.000%          7456849      100.000%
                                                  0.82         0.76              0.82         0.75

MAP_STAGE_STALLED                               118932        3.689%           352490        3.605%
MAP_STAGE_NOT_STALLED                          2345515       72.754%          7104359       72.660%
MAP_STAGE_OFF_PATH                              759458       23.557%          2320668       23.735%
                                               3223905      100.000%          9777517      100.000%
                                                  1.20         0.72              1.20         0.72

MAP_STAGE_STALL_ITSELF                         1349706       29.511%          4088436       29.485%
MAP_STAGE_NOT_STALL_ITSELF                     3223905       70.489%          9777517       70.515%
                                               4573611      100.000%         13865953      100.000%
                                                  0.70         0.64              0.71         0.64

MAP_STAGE_LATE_ALLOCATE_SEND_BACK                    0                              0              

MAP_STAGE_RENAME_OP_ONPATH                    10982665                       32948943              

MAP_STAGE_RENAME_OP_OFFPATH                    3724479                       11273167              

MAP_STAGE_RENAME_INT_REG_ONPATH                6562021                       19687805              

MAP_STAGE_RENAME_INT_REG_OFFPATH               2086198                        6313880              

MAP_STAGE_RENAME_VEC_REG_ONPATH                  65959                         196258              

MAP_STAGE_RENAME_VEC_REG_OFFPATH                 11448                          36926              

MAP_STAGE_RENAME_MOVE_ELIM_ONPATH                    0                              0              

MAP_STAGE_RENAME_MOVE_ELIM_OFFPATH                   0                              0              

MAP_STAGE_ONPATH_INT_REG_NUM_ALLOC             6622342                       19869503              

MAP_STAGE_ONPATH_VEC_REG_NUM_ALLOC               65959                         196247              

MAP_STAGE_ONPATH_INT_REG_NUM_SHORTLIVE         2094297                        6281343              

MAP_STAGE_ONPATH_VEC_REG_NUM_SHORTLIVE           31698                          94169              

MAP_STAGE_ONPATH_INT_REG_USE_COUNT_0            695858                        2089393              

MAP_STAGE_ONPATH_VEC_REG_USE_COUNT_0               418                           1268              

MAP_STAGE_ONPATH_INT_REG_USE_COUNT_1           3847124                       11541627              

MAP_STAGE_ONPATH_VEC_REG_USE_COUNT_1             53588                         159140              

MAP_STAGE_ONPATH_INT_REG_USE_COUNT_2           1183889                        3551490              

MAP_STAGE_ONPATH_VEC_REG_USE_COUNT_2              9438                          28286              

MAP_STAGE_ONPATH_INT_REG_USE_COUNT_3            422924                        1268569              

MAP_STAGE_ONPATH_VEC_REG_USE_COUNT_3              1990                           5979              

MAP_STAGE_ONPATH_INT_REG_USE_COUNT_4            169183                         508494              

MAP_STAGE_ONPATH_VEC_REG_USE_COUNT_4               438                           1313              

MAP_STAGE_ONPATH_INT_REG_USE_COUNT_5             85721                         257471              

MAP_STAGE_ONPATH_VEC_REG_USE_COUNT_5                82                            241              

MAP_STAGE_ONPATH_INT_REG_USE_COUNT_6             51728                         155523              

MAP_STAGE_ONPATH_VEC_REG_USE_COUNT_6                 0                              0              

MAP_STAGE_ONPATH_INT_REG_USE_COUNT_7_PLUS        165915                         496936              

MAP_STAGE_ONPATH_VEC_REG_USE_COUNT_7_PLUS             5                             20              

MAP_STAGE_ONPATH_INT_REG_CONSUME_DIST_0              0        0.0000                0        0.0000

MAP_STAGE_ONPATH_VEC_REG_CONSUME_DIST_0              0        0.0000                0        0.0000

MAP_STAGE_ONPATH_INT_REG_CONSUME_DIST_1              0        0.0000                0        0.0000

MAP_STAGE_ONPATH_VEC_REG_CONSUME_DIST_1              0        0.0000                0        0.0000

MAP_STAGE_ONPATH_INT_REG_CONSUME_DIST_2        6337671        5.3533         19203048        5.4070

MAP_STAGE_ONPATH_VEC_REG_CONSUME_DIST_2        7737529      819.8272         23331525      824.8436

MAP_STAGE_ONPATH_INT_REG_CONSUME_DIST_3        3815050        9.0207         11588728        9.1353

MAP_STAGE_ONPATH_VEC_REG_CONSUME_DIST_3         101876       51.1940           309674       51.7936

MAP_STAGE_ONPATH_INT_REG_CONSUME_DIST_4        2874567       16.9909          8767274       17.2416

MAP_STAGE_ONPATH_VEC_REG_CONSUME_DIST_4            878        2.0046             3495        2.6618

MAP_STAGE_ONPATH_INT_REG_CONSUME_DIST_5        1086255       12.6720          3316175       12.8798

MAP_STAGE_ONPATH_VEC_REG_CONSUME_DIST_5           2441       29.7683             7192       29.8423

MAP_STAGE_ONPATH_INT_REG_CONSUME_DIST_6         852113       16.4730          2639857       16.9741

MAP_STAGE_ONPATH_VEC_REG_CONSUME_DIST_6              0          -nan                0          -nan

MAP_STAGE_ONPATH_INT_REG_CONSUME_DIST_7_PLUS       4700020       28.3279         14202500       28.5801

MAP_STAGE_ONPATH_VEC_REG_CONSUME_DIST_7_PLUS           210       42.0000             4976      248.8000

MAP_STAGE_INT_REG_ISSUE_READ_TOTAL_CONSUMED      11170352        3.5115         33529243        3.5064

MAP_STAGE_VEC_REG_ISSUE_READ_TOTAL_CONSUMED         83172        0.0261           248264        0.0260

MAP_STAGE_INT_REG_ISSUE_READ_MULTI_CONSUMED       4871746        1.5315         14624213        1.5294

MAP_STAGE_VEC_REG_ISSUE_READ_MULTI_CONSUMED         15716        0.0049            47924        0.0050

MAP_STAGE_INT_REG_ISSUE_READ_SAME_CYCLE_CONSUMED       2754274        0.8658          8267558        0.8646

MAP_STAGE_VEC_REG_ISSUE_READ_SAME_CYCLE_CONSUMED          3997        0.0013            12116        0.0013

MAP_STAGE_INT_REG_ISSUE_READ_TOTAL_CONSUMED_ONPATH      10415656        3.8392         31250318        3.8351

MAP_STAGE_VEC_REG_ISSUE_READ_TOTAL_CONSUMED_ONPATH         80776        0.0298           241327        0.0296

MAP_STAGE_INT_REG_ISSUE_READ_MULTI_CONSUMED_ONPATH       4489226        1.6547         13470186        1.6531

MAP_STAGE_VEC_REG_ISSUE_READ_MULTI_CONSUMED_ONPATH         15235        0.0056            46336        0.0057

MAP_STAGE_INT_REG_ISSUE_READ_SAME_CYCLE_CONSUMED_ONPATH       2571188        0.9477          7713936        0.9467

MAP_STAGE_VEC_REG_ISSUE_READ_SAME_CYCLE_CONSUMED_ONPATH          3996        0.0015            12078        0.0015

MAP_STAGE_ONPATH_INT_REG_LIFECYCLE_EMPTY     470707484                     1412608102              

MAP_STAGE_ONPATH_VEC_REG_LIFECYCLE_EMPTY       3756106                       11207773              

MAP_STAGE_ONPATH_INT_REG_LIFECYCLE_IN_USE     551306035                     1656889391              

MAP_STAGE_ONPATH_VEC_REG_LIFECYCLE_IN_USE      12228150                       36768796              

MAP_STAGE_ONPATH_INT_REG_LIFECYCLE_SPEC_RELEASE     782871666                     2361120472              

MAP_STAGE_ONPATH_VEC_REG_LIFECYCLE_SPEC_RELEASE      51863476                      156789424              

MAP_STAGE_ONPATH_INT_REG_LIFECYCLE_NONSPEC_RELEASE     782871666                     2361120472              

MAP_STAGE_ONPATH_VEC_REG_LIFECYCLE_NONSPEC_RELEASE      51863476                      156789424              

MAP_STAGE_ONPATH_INT_REG_LIFECYCLE_TOTAL     782871666                     2361120472              

MAP_STAGE_ONPATH_VEC_REG_LIFECYCLE_TOTAL      51863476                      156789424              

MAP_STAGE_ONPATH_INT_REG_NUM_NONBRANCH         6622342                       19869503              

MAP_STAGE_ONPATH_VEC_REG_NUM_NONBRANCH           65959                         196247              

MAP_STAGE_ONPATH_INT_REG_NUM_NONEXCEPT         6622342                       19869503              

MAP_STAGE_ONPATH_VEC_REG_NUM_NONEXCEPT           65959                         196247              

MAP_STAGE_ONPATH_INT_REG_NUM_ATOMIC            6622342                       19869503              

MAP_STAGE_ONPATH_VEC_REG_NUM_ATOMIC              65959                         196247              

MAP_STAGE_ONPATH_INT_REG_ATOMIC_REDEFINED_DIST_TOTAL     782871666      118.2167       2361120472      118.8314

MAP_STAGE_ONPATH_VEC_REG_ATOMIC_REDEFINED_DIST_TOTAL      51863476      786.2987        156789424      798.9392

MAP_STAGE_ONPATH_INT_REG_ATOMIC_CONSUMED_DIST_TOTAL     551306035       83.2494       1656889391       83.3886

MAP_STAGE_ONPATH_VEC_REG_ATOMIC_CONSUMED_DIST_TOTAL      12228150      185.3902         36768796      187.3598

MAP_STAGE_ONPATH_INT_REG_ATOMIC_RELEASE_DIST_TOTAL     782871666      118.2167       2361120472      118.8314

MAP_STAGE_ONPATH_VEC_REG_ATOMIC_RELEASE_DIST_TOTAL      51863476      786.2987        156789424      798.9392

EXEC_STAGE_STARVED                             3722044       81.381%         11278836       81.342%
EXEC_STAGE_NOT_STARVED                          260607        5.698%           784960        5.661%
EXEC_STAGE_OFF_PATH                             590960       12.921%          1802157       12.997%
                                               4573611      100.000%         13865953      100.000%
                                                  0.32         0.64              0.32         0.64

FU_BUSY_0                                      1897535                        5698499              

FU_BUSY_1                                      1217966                        3656151              

FU_BUSY_2                                      1132464                        3399148              

FU_BUSY_3                                      1132544                        3399101              

FU_BUSY_4                                      1137783                        3415636              

FU_BUSY_5                                      2005007                        6017739              

FU_BUSY_6                                       824304                        2478381              

FU_BUSY_7                                       824750                        2477504              

FU_BUSY_8                                      1209436                        3628097              

FU_BUSY_9                                      1133447                        3398025              

FU_BUSY_10                                           0                              0              

FU_BUSY_11                                           0                              0              

FU_BUSY_12                                           0                              0              

FU_BUSY_13                                           0                              0              

FU_BUSY_14                                           0                              0              

FU_BUSY_15                                           0                              0              

FU_BUSY_16                                           0                              0              

FU_BUSY_17                                           0                              0              

FU_BUSY_18                                           0                              0              

FU_BUSY_19                                           0                              0              

FU_BUSY_20                                           0                              0              

FU_BUSY_21                                           0                              0              

FU_BUSY_22                                           0                              0              

FU_BUSY_23                                           0                              0              

FU_BUSY_24                                           0                              0              

FU_BUSY_25                                           0                              0              

FU_BUSY_26                                           0                              0              

FU_BUSY_27                                           0                              0              

FU_BUSY_28                                           0                              0              

FU_BUSY_29                                           0                              0              

FU_BUSY_30                                           0                              0              

FU_BUSY_31                                           0                              0              

FU_REJECTED_OP_INV_NOT_SIMD                          0        0.000%                0        0.000%
FU_REJECTED_OP_NOP_NOT_SIMD                          0        0.000%                0        0.000%
FU_REJECTED_OP_CF_NOT_SIMD                         461        0.260%             1297        0.241%
FU_REJECTED_OP_MOV_NOT_SIMD                        591        0.334%             1811        0.336%
FU_REJECTED_OP_CMOV_NOT_SIMD                         0        0.000%                0        0.000%
FU_REJECTED_OP_LDA_NOT_SIMD                          0        0.000%                0        0.000%
FU_REJECTED_OP_IMEM_NOT_SIMD                    144141       81.440%           434032       80.544%
FU_REJECTED_OP_IADD_NOT_SIMD                     23949       13.531%            70854       13.148%
FU_REJECTED_OP_IMUL_NOT_SIMD                      5104        2.884%            15680        2.910%
FU_REJECTED_OP_IDIV_NOT_SIMD                         0        0.000%                0        0.000%
FU_REJECTED_OP_ICMP_NOT_SIMD                         0        0.000%                0        0.000%
FU_REJECTED_OP_LOGIC_NOT_SIMD                        0        0.000%                0        0.000%
FU_REJECTED_OP_SHIFT_NOT_SIMD                        0        0.000%                0        0.000%
FU_REJECTED_OP_FMEM_NOT_SIMD                         0        0.000%                0        0.000%
FU_REJECTED_OP_FCVT_NOT_SIMD                         0        0.000%                0        0.000%
FU_REJECTED_OP_FADD_NOT_SIMD                         0        0.000%                0        0.000%
FU_REJECTED_OP_FMUL_NOT_SIMD                         0        0.000%                0        0.000%
FU_REJECTED_OP_FMA_NOT_SIMD                          0        0.000%                0        0.000%
FU_REJECTED_OP_FDIV_NOT_SIMD                         0        0.000%                0        0.000%
FU_REJECTED_OP_FCMP_NOT_SIMD                         0        0.000%                0        0.000%
FU_REJECTED_OP_FCMOV_NOT_SIMD                        0        0.000%                0        0.000%
FU_REJECTED_OP_GATHER_NOT_SIMD                       0        0.000%                0        0.000%
FU_REJECTED_OP_SCATTER_NOT_SIMD                      0        0.000%                0        0.000%
FU_REJECTED_OP_PIPELINED_FAST_NOT_SIMD               0        0.000%                0        0.000%
FU_REJECTED_OP_PIPELINED_MEDIUM_NOT_SIMD             0        0.000%                0        0.000%
FU_REJECTED_OP_PIPELINED_SLOW_NOT_SIMD               0        0.000%                0        0.000%
FU_REJECTED_OP_NOTPIPELINED_MEDIUM_NOT_SIMD             0        0.000%                0        0.000%
FU_REJECTED_OP_NOTPIPELINED_SLOW_NOT_SIMD             0        0.000%                0        0.000%
FU_REJECTED_OP_NOTPIPELINED_VERY_SLOW_NOT_SIMD             0        0.000%                0        0.000%
FU_REJECTED_OP_INV_SIMD                              0        0.000%                0        0.000%
FU_REJECTED_OP_NOP_SIMD                              0        0.000%                0        0.000%
FU_REJECTED_OP_CF_SIMD                               0        0.000%                0        0.000%
FU_REJECTED_OP_MOV_SIMD                            260        0.147%              814        0.151%
FU_REJECTED_OP_CMOV_SIMD                             0        0.000%                0        0.000%
FU_REJECTED_OP_LDA_SIMD                              0        0.000%                0        0.000%
FU_REJECTED_OP_IMEM_SIMD                             0        0.000%                0        0.000%
FU_REJECTED_OP_IADD_SIMD                             0        0.000%                0        0.000%
FU_REJECTED_OP_IMUL_SIMD                             0        0.000%                2        0.000%
FU_REJECTED_OP_IDIV_SIMD                             0        0.000%                0        0.000%
FU_REJECTED_OP_ICMP_SIMD                             0        0.000%                0        0.000%
FU_REJECTED_OP_LOGIC_SIMD                            0        0.000%                0        0.000%
FU_REJECTED_OP_SHIFT_SIMD                            0        0.000%                0        0.000%
FU_REJECTED_OP_FMEM_SIMD                             0        0.000%                0        0.000%
FU_REJECTED_OP_FCVT_SIMD                          1685        0.952%             5043        0.936%
FU_REJECTED_OP_FADD_SIMD                           800        0.452%             9345        1.734%
FU_REJECTED_OP_FMUL_SIMD                             0        0.000%                0        0.000%
FU_REJECTED_OP_FMA_SIMD                              0        0.000%                0        0.000%
FU_REJECTED_OP_FDIV_SIMD                             0        0.000%                0        0.000%
FU_REJECTED_OP_FCMP_SIMD                             0        0.000%                0        0.000%
FU_REJECTED_OP_FCMOV_SIMD                            0        0.000%                0        0.000%
FU_REJECTED_OP_GATHER_SIMD                           0        0.000%                0        0.000%
FU_REJECTED_OP_SCATTER_SIMD                          0        0.000%                0        0.000%
FU_REJECTED_OP_PIPELINED_FAST_SIMD                   0        0.000%                0        0.000%
FU_REJECTED_OP_PIPELINED_MEDIUM_SIMD                 0        0.000%                0        0.000%
FU_REJECTED_OP_PIPELINED_SLOW_SIMD                   0        0.000%                0        0.000%
FU_REJECTED_OP_NOTPIPELINED_MEDIUM_SIMD              0        0.000%                0        0.000%
FU_REJECTED_OP_NOTPIPELINED_SLOW_SIMD                0        0.000%                0        0.000%
FU_REJECTED_OP_NOTPIPELINED_VERY_SLOW_SIMD             0        0.000%                0        0.000%
                                                176991      100.000%           538878      100.000%
                                                  6.73         4.51              7.21         6.14

LSQ_FULL_TOTAL                                  151591                         455389              

LSQ_FULL_LOAD_QUEUE                               1026                           2975              

LSQ_FULL_STORE_QUEUE                            150565                         452414              

OP_WAIT_0                                      7105664                       21314358              

OP_WAIT_1                                      1674162                        5042449              

OP_WAIT_2                                       431633                        1292175              

OP_WAIT_3                                       194783                         579282              

OP_WAIT_4                                       102712                         306427              

OP_WAIT_5                                        73917                         220294              

OP_WAIT_6                                        58794                         175148              

OP_WAIT_7                                        45107                         136171              

OP_WAIT_8                                        38948                         118181              

OP_WAIT_9                                        29456                          91433              

OP_WAIT_10                                       27024                          82177              

OP_WAIT_11                                       24944                          75680              

OP_WAIT_12                                       25037                          74918              

OP_WAIT_13                                       22481                          67692              

OP_WAIT_14                                       18103                          53872              

OP_WAIT_15                                       16852                          50188              

OP_WAIT_16                                       17916                          53076              

OP_WAIT_17                                       18636                          56109              

OP_WAIT_18                                       18682                          56584              

OP_WAIT_19                                       19555                          60746              

OP_WAIT_20                                       17117                          51360              

OP_WAIT_21                                       18221                          54163              

OP_WAIT_22                                       17899                          52071              

OP_WAIT_23                                       18296                          54607              

OP_WAIT_24                                       19325                          56629              

OP_WAIT_25                                       19605                          57765              

OP_WAIT_26                                       16185                          48053              

OP_WAIT_27                                       20719                          62047              

OP_WAIT_28                                       18209                          53913              

OP_WAIT_29                                       15400                          46458              

OP_WAIT_30                                       15459                          45597              

OP_WAIT_31                                      822208                        2459320              

ROW_SIZE_0                                     2550555                        7769494              

ROW_SIZE_1                                      440353                        1321433              

ROW_SIZE_2                                      104165                         313177              

ROW_SIZE_3                                       76793                         230411              

ROW_SIZE_4                                       68635                         205377              

ROW_SIZE_5                                       61021                         183444              

ROW_SIZE_6                                       48502                         144842              

ROW_SIZE_7                                       29462                          89105              

ROW_SIZE_8                                     1128387                        3384801              

ROW_SIZE_9                                           0                              0              

ROW_SIZE_10                                          0                              0              

ROW_SIZE_11                                          0                              0              

ROW_SIZE_12                                          0                              0              

ROW_SIZE_13                                          0                              0              

ROW_SIZE_14                                          0                              0              

ROW_SIZE_15                                          0                              0              

ROW_SIZE_16                                          0                              0              

ROW_SIZE_17                                          0                              0              

ROW_SIZE_18                                          0                              0              

ROW_SIZE_19                                          0                              0              

ROW_SIZE_20                                          0                              0              

ROW_SIZE_21                                          0                              0              

ROW_SIZE_22                                          0                              0              

ROW_SIZE_23                                          0                              0              

ROW_SIZE_24                                          0                              0              

ROW_SIZE_25                                          0                              0              

ROW_SIZE_26                                          0                              0              

ROW_SIZE_27                                          0                              0              

ROW_SIZE_28                                          0                              0              

ROW_SIZE_29                                          0                              0              

ROW_SIZE_30                                          0                              0              

ROW_SIZE_31                                          0                              0              

RET_OP_EXEC_COUNT_0                                  0        0.000%                0        0.000%
RET_OP_EXEC_COUNT_1                           10983049      100.000%         32948943      100.000%
RET_OP_EXEC_COUNT_2                                  0        0.000%                0        0.000%
RET_OP_EXEC_COUNT_3                                  0        0.000%                0        0.000%
RET_OP_EXEC_COUNT_4                                  0        0.000%                0        0.000%
RET_OP_EXEC_COUNT_5                                  0        0.000%                0        0.000%
RET_OP_EXEC_COUNT_6                                  0        0.000%                0        0.000%
RET_OP_EXEC_COUNT_7                                  0        0.000%                0        0.000%
RET_OP_EXEC_COUNT_8                                  0        0.000%                0        0.000%
RET_OP_EXEC_COUNT_9                                  0        0.000%                0        0.000%
RET_OP_EXEC_COUNT_10                                 0        0.000%                0        0.000%
RET_OP_EXEC_COUNT_11                                 0        0.000%                0        0.000%
RET_OP_EXEC_COUNT_12                                 0        0.000%                0        0.000%
RET_OP_EXEC_COUNT_13                                 0        0.000%                0        0.000%
RET_OP_EXEC_COUNT_14                                 0        0.000%                0        0.000%
RET_OP_EXEC_COUNT_15                                 0        0.000%                0        0.000%
RET_OP_EXEC_COUNT_16                                 0        0.000%                0        0.000%
RET_OP_EXEC_COUNT_17                                 0        0.000%                0        0.000%
RET_OP_EXEC_COUNT_18                                 0        0.000%                0        0.000%
RET_OP_EXEC_COUNT_19                                 0        0.000%                0        0.000%
RET_OP_EXEC_COUNT_20                                 0        0.000%                0        0.000%
RET_OP_EXEC_COUNT_21                                 0        0.000%                0        0.000%
RET_OP_EXEC_COUNT_22                                 0        0.000%                0        0.000%
RET_OP_EXEC_COUNT_23                                 0        0.000%                0        0.000%
RET_OP_EXEC_COUNT_24                                 0        0.000%                0        0.000%
RET_OP_EXEC_COUNT_25                                 0        0.000%                0        0.000%
RET_OP_EXEC_COUNT_26                                 0        0.000%                0        0.000%
RET_OP_EXEC_COUNT_27                                 0        0.000%                0        0.000%
RET_OP_EXEC_COUNT_28                                 0        0.000%                0        0.000%
RET_OP_EXEC_COUNT_29                                 0        0.000%                0        0.000%
RET_OP_EXEC_COUNT_30                                 0        0.000%                0        0.000%
RET_OP_EXEC_COUNT_31                                 0        0.000%                0        0.000%
RET_OP_EXEC_COUNT_32                                 0        0.000%                0        0.000%
                                              10983049      100.000%         32948943      100.000%
                                                  1.00         0.00              1.00         0.00

RET_STALL_LENGTH_0                            10982874       99.998%         32947801       99.997%
RET_STALL_LENGTH_100                               159        0.001%              908        0.003%
RET_STALL_LENGTH_200                                11        0.000%              197        0.001%
RET_STALL_LENGTH_300                                 0        0.000%               10        0.000%
RET_STALL_LENGTH_400                                 1        0.000%                4        0.000%
RET_STALL_LENGTH_500                                 0        0.000%                5        0.000%
RET_STALL_LENGTH_600                                 0        0.000%                0        0.000%
RET_STALL_LENGTH_700                                 0        0.000%                1        0.000%
RET_STALL_LENGTH_800                                 1        0.000%                1        0.000%
RET_STALL_LENGTH_900                                 1        0.000%                3        0.000%
RET_STALL_LENGTH_1000                                1        0.000%                2        0.000%
RET_STALL_LENGTH_1100                                0        0.000%                2        0.000%
RET_STALL_LENGTH_1200                                1        0.000%                8        0.000%
RET_STALL_LENGTH_1300                                0        0.000%                1        0.000%
RET_STALL_LENGTH_1400                                0        0.000%                0        0.000%
RET_STALL_LENGTH_1500                                0        0.000%                0        0.000%
RET_STALL_LENGTH_1600                                0        0.000%                0        0.000%
RET_STALL_LENGTH_1700                                0        0.000%                0        0.000%
RET_STALL_LENGTH_1800                                0        0.000%                0        0.000%
RET_STALL_LENGTH_1900                                0        0.000%                0        0.000%
RET_STALL_LENGTH_2000                                0        0.000%                0        0.000%
RET_STALL_LENGTH_2100                                0        0.000%                0        0.000%
RET_STALL_LENGTH_2200                                0        0.000%                0        0.000%
RET_STALL_LENGTH_2300                                0        0.000%                0        0.000%
RET_STALL_LENGTH_2400                                0        0.000%                0        0.000%
RET_STALL_LENGTH_2500                                0        0.000%                0        0.000%
RET_STALL_LENGTH_2600                                0        0.000%                0        0.000%
RET_STALL_LENGTH_2700                                0        0.000%                0        0.000%
RET_STALL_LENGTH_2800                                0        0.000%                0        0.000%
RET_STALL_LENGTH_2900                                0        0.000%                0        0.000%
RET_STALL_LENGTH_3000                                0        0.000%                0        0.000%
RET_STALL_LENGTH_3100                                0        0.000%                0        0.000%
RET_STALL_LENGTH_3200                                0        0.000%                0        0.000%
RET_STALL_LENGTH_3300                                0        0.000%                0        0.000%
RET_STALL_LENGTH_3400                                0        0.000%                0        0.000%
RET_STALL_LENGTH_3500                                0        0.000%                0        0.000%
RET_STALL_LENGTH_3600                                0        0.000%                0        0.000%
RET_STALL_LENGTH_3700                                0        0.000%                0        0.000%
RET_STALL_LENGTH_3800                                0        0.000%                0        0.000%
RET_STALL_LENGTH_3900                                0        0.000%                0        0.000%
RET_STALL_LENGTH_4000                                0        0.000%                0        0.000%
RET_STALL_LENGTH_4100                                0        0.000%                0        0.000%
RET_STALL_LENGTH_4200                                0        0.000%                0        0.000%
RET_STALL_LENGTH_4300                                0        0.000%                0        0.000%
RET_STALL_LENGTH_4400                                0        0.000%                0        0.000%
RET_STALL_LENGTH_4500                                0        0.000%                0        0.000%
RET_STALL_LENGTH_4600                                0        0.000%                0        0.000%
RET_STALL_LENGTH_4700                                0        0.000%                0        0.000%
RET_STALL_LENGTH_4800                                0        0.000%                0        0.000%
RET_STALL_LENGTH_4900                                0        0.000%                0        0.000%
RET_STALL_LENGTH_5000                                0        0.000%                0        0.000%
                                              10983049      100.000%         32948943      100.000%
                                                  0.00         0.01              0.00         0.01

MEM_BLOCK_LENGTH_0                                   0         -nan%              176       98.876%
MEM_BLOCK_LENGTH_100                                 0         -nan%                2        1.124%
MEM_BLOCK_LENGTH_200                                 0         -nan%                0        0.000%
MEM_BLOCK_LENGTH_300                                 0         -nan%                0        0.000%
MEM_BLOCK_LENGTH_400                                 0         -nan%                0        0.000%
MEM_BLOCK_LENGTH_500                                 0         -nan%                0        0.000%
MEM_BLOCK_LENGTH_600                                 0         -nan%                0        0.000%
MEM_BLOCK_LENGTH_700                                 0         -nan%                0        0.000%
MEM_BLOCK_LENGTH_800                                 0         -nan%                0        0.000%
MEM_BLOCK_LENGTH_900                                 0         -nan%                0        0.000%
MEM_BLOCK_LENGTH_1000                                0         -nan%                0        0.000%
MEM_BLOCK_LENGTH_1100                                0         -nan%                0        0.000%
MEM_BLOCK_LENGTH_1200                                0         -nan%                0        0.000%
MEM_BLOCK_LENGTH_1300                                0         -nan%                0        0.000%
MEM_BLOCK_LENGTH_1400                                0         -nan%                0        0.000%
MEM_BLOCK_LENGTH_1500                                0         -nan%                0        0.000%
MEM_BLOCK_LENGTH_1600                                0         -nan%                0        0.000%
MEM_BLOCK_LENGTH_1700                                0         -nan%                0        0.000%
MEM_BLOCK_LENGTH_1800                                0         -nan%                0        0.000%
MEM_BLOCK_LENGTH_1900                                0         -nan%                0        0.000%
MEM_BLOCK_LENGTH_2000                                0         -nan%                0        0.000%
MEM_BLOCK_LENGTH_2100                                0         -nan%                0        0.000%
MEM_BLOCK_LENGTH_2200                                0         -nan%                0        0.000%
MEM_BLOCK_LENGTH_2300                                0         -nan%                0        0.000%
MEM_BLOCK_LENGTH_2400                                0         -nan%                0        0.000%
MEM_BLOCK_LENGTH_2500                                0         -nan%                0        0.000%
MEM_BLOCK_LENGTH_2600                                0         -nan%                0        0.000%
MEM_BLOCK_LENGTH_2700                                0         -nan%                0        0.000%
MEM_BLOCK_LENGTH_2800                                0         -nan%                0        0.000%
MEM_BLOCK_LENGTH_2900                                0         -nan%                0        0.000%
MEM_BLOCK_LENGTH_3000                                0         -nan%                0        0.000%
MEM_BLOCK_LENGTH_3100                                0         -nan%                0        0.000%
MEM_BLOCK_LENGTH_3200                                0         -nan%                0        0.000%
MEM_BLOCK_LENGTH_3300                                0         -nan%                0        0.000%
MEM_BLOCK_LENGTH_3400                                0         -nan%                0        0.000%
MEM_BLOCK_LENGTH_3500                                0         -nan%                0        0.000%
MEM_BLOCK_LENGTH_3600                                0         -nan%                0        0.000%
MEM_BLOCK_LENGTH_3700                                0         -nan%                0        0.000%
MEM_BLOCK_LENGTH_3800                                0         -nan%                0        0.000%
MEM_BLOCK_LENGTH_3900                                0         -nan%                0        0.000%
MEM_BLOCK_LENGTH_4000                                0         -nan%                0        0.000%
MEM_BLOCK_LENGTH_4100                                0         -nan%                0        0.000%
MEM_BLOCK_LENGTH_4200                                0         -nan%                0        0.000%
MEM_BLOCK_LENGTH_4300                                0         -nan%                0        0.000%
MEM_BLOCK_LENGTH_4400                                0         -nan%                0        0.000%
MEM_BLOCK_LENGTH_4500                                0         -nan%                0        0.000%
MEM_BLOCK_LENGTH_4600                                0         -nan%                0        0.000%
MEM_BLOCK_LENGTH_4700                                0         -nan%                0        0.000%
MEM_BLOCK_LENGTH_4800                                0         -nan%                0        0.000%
MEM_BLOCK_LENGTH_4900                                0         -nan%                0        0.000%
MEM_BLOCK_LENGTH_5000                                0         -nan%                0        0.000%
                                                     0         -nan%              178      100.000%
                                                  -nan         -nan              0.01         0.11

FUS_BUSY_ON_PATH                              11299849        2.4707         33905732        2.4453

FUS_BUSY_OFF_PATH                              1215387        0.2657          3662549        0.2641

FU_BUSY_MEM_STALL                               340280        0.0744          1026664        0.0740

FUS_EMPTY                                     33220874        7.2636        101091249        7.2906

FU_UNAVAILABLE                                    8060        0.0018            24457        0.0018

FU_MEM_UNAVAILABLE                              168931        0.0369           514421        0.0371

FU_OTHER_UNAVAILABLE                                 0        0.0000                0        0.0000

FU_REPLAY                                            0        0.0000                0        0.0000

FU_STARVED                                    33140234        7.2460        100843962        7.2728

CHIP_UTILIZATION                                     0        0.0000                0        0.0000

CYCLES_UNDER_MEM_REQ                                 0                              0              

CYCLES_UNDER_NO_MEM_REQ                              0                              0              

CYCLES_UNDER_CRITICAL_MEM_REQ                        0                              0              

CYCLES_UNDER_NONCRITICAL_MEM_REQ                     0                              0              

CHIP_UTILIZATION_UNDER_MEM_REQ                       0          -nan                0          -nan

CHIP_UTILIZATION_UNDER_NO_MEM_REQ                    0          -nan                0          -nan

CHIP_UTILIZATION_UNDER_CRITICAL_MEM_REQ              0          -nan                0          -nan

CHIP_UTILIZATION_UNDER_NONCRITICAL_MEM_REQ             0          -nan                0          -nan

CYCLES_NOT_WAITING_FOR_OFF_CHIP                      0        0.0000                0        0.0000

FUS_BUSY_NOT_WAITING_FOR_OFF_CHIP                    0          -nan                0          -nan

CYCLES_WAITING_FOR_OFF_CHIP                          0        0.0000                0        0.0000

FUS_BUSY_WAITING_FOR_OFF_CHIP                        0          -nan                0          -nan

TOTAL_OFF_CHIP_DELAYS_LEFT                           0                              0              

WRONG_IO_SCHED                                       0                              0              

DVFS_CONFIG_SWITCH                                   0                              0              

MAP_STAGE_RECEIVED_OPS_0                             0        0.000%                0        0.000%
MAP_STAGE_RECEIVED_OPS_1                         18861        1.002%            55443        0.982%
MAP_STAGE_RECEIVED_OPS_2                         20926        1.112%            63173        1.119%
MAP_STAGE_RECEIVED_OPS_3                         27704        1.472%            83687        1.482%
MAP_STAGE_RECEIVED_OPS_4                         34148        1.814%           102919        1.823%
MAP_STAGE_RECEIVED_OPS_5                         35255        1.873%           106884        1.893%
MAP_STAGE_RECEIVED_OPS_6                       1745446       92.727%          5234709       92.702%
MAP_STAGE_RECEIVED_OPS_7                             0        0.000%                0        0.000%
MAP_STAGE_RECEIVED_OPS_8                             0        0.000%                0        0.000%
MAP_STAGE_RECEIVED_OPS_MAX                           0        0.000%                0        0.000%
                                               1882340      100.000%          5646815      100.000%
                                                  5.81         0.78              5.81         0.78

MAP_STAGE_WAIT_FOR_DECODE                            0         -nan%                0         -nan%
MAP_STAGE_CONSUME_DECODE                             0         -nan%                0         -nan%
                                                     0         -nan%                0         -nan%
                                                  -nan         -nan              -nan         -nan

MAP_STAGE_WAIT_FOR_DECODE2                           0         -nan%                0         -nan%
MAP_STAGE_CONSUME_DECODE2                            0         -nan%                0         -nan%
                                                     0         -nan%                0         -nan%
                                                  -nan         -nan              -nan         -nan

FTQ_RECOVER_EXEC                                 26399                          81128              

FTQ_RECOVER_DECODE                                  26                            307              

FTQ_OFFPATH_CYCLES                             3409853                       10385534              

FTQ_CYCLES_OFFPATH                             3409853                       10385534              

FTQ_CYCLES_ONPATH                              1163758                        3480419              

FTQ_FETCHED_INS_ONPATH                        10982122                       32948940              

FTQ_FETCHED_INS_OFFPATH                       19167693                       58154721              

FTQ_BREAK_FULL_FT_ONPATH                        440381                        1304410              

FTQ_BREAK_FULL_FT_OFFPATH                      1689530                        5164729              

FTQ_BREAK_PRED_BR_ONPATH                             0                              0              

FTQ_BREAK_PRED_BR_OFFPATH                            0                              0              

FTQ_BREAK_BAR_FETCH_ONPATH                           0                              0              

FTQ_BREAK_BAR_FETCH_OFFPATH                          0                              0              

FTQ_BREAK_MAX_CFS_TAKEN_ONPATH                       0                              0              

FTQ_BREAK_MAX_CFS_TAKEN_OFFPATH                      0                              0              

FTQ_BREAK_MAX_FT_ONPATH                         723244                        2175876              

FTQ_BREAK_MAX_FT_OFFPATH                       1720322                        5220804              

DFE_GEN_ON_PATH_FT                             1158232                        3478018              

DFE_GEN_OFF_PATH_FT                            1890745                        5735759              

DFE_L0_ENABLED_PREDICTIONS                    10982122                       32948943              

DFE_L0_WRONG_MAIN_CORRECT                       329528                         985744              

DFE_L0_WRONG_MAIN_WRONG                          25116                          76964              

DFE_L0_CORRECT_MAIN_WRONG                         1309                           4471              

DFE_L0_CORRECT_MAIN_CORRECT                   10626169                       31881764              

DFE_L0_WRONG_MAIN_CORRECT_RECOVERY_SCHEDULED             0                              0              

FTQ_SAW_BAR_FETCH_OFFPATH                            0                              0              

FTQ_SAW_BAR_FETCH_ONPATH                             0                              0              

DFE_CONF_0_RECOVER_AT_EXEC                           0         -nan%                0         -nan%
DFE_CONF_1_RECOVER_AT_EXEC                           0         -nan%                0         -nan%
DFE_CONF_2_RECOVER_AT_EXEC                           0         -nan%                0         -nan%
DFE_CONF_3_RECOVER_AT_EXEC                           0         -nan%                0         -nan%
DFE_CONF_0_CORRECT                                   0         -nan%                0         -nan%
DFE_CONF_1_CORRECT                                   0         -nan%                0         -nan%
DFE_CONF_2_CORRECT                                   0         -nan%                0         -nan%
DFE_CONF_3_CORRECT                                   0         -nan%                0         -nan%
                                                     0         -nan%                0         -nan%
                                                  -nan         -nan              -nan         -nan

DFE_ON_CONF_ON_OPS                                   0         -nan%                0         -nan%
DFE_ON_CONF_OFF_OPS                                  0         -nan%                0         -nan%
DFE_OFF_CONF_ON_OPS                                  0         -nan%                0         -nan%
DFE_OFF_CONF_OFF_REALISTIC_OPS                       0         -nan%                0         -nan%
DFE_OFF_CONF_OFF_PERFECT_OPS                         0         -nan%                0         -nan%
                                                     0         -nan%                0         -nan%
                                                  -nan         -nan              -nan         -nan

DFE_ON_CONF_ON_FETCH_TARGETS                         0         -nan%                0         -nan%
DFE_ON_CONF_OFF_FETCH_TARGETS                        0         -nan%                0         -nan%
DFE_OFF_CONF_ON_FETCH_TARGETS                        0         -nan%                0         -nan%
DFE_OFF_CONF_OFF_REALISTIC_FETCH_TARGETS             0         -nan%                0         -nan%
DFE_OFF_CONF_OFF_PERFECT_FETCH_TARGETS               0         -nan%                0         -nan%
                                                     0         -nan%                0         -nan%
                                                  -nan         -nan              -nan         -nan

DFE_ON_CONF_ON_CYCLES                                0         -nan%                0         -nan%
DFE_ON_CONF_OFF_CYCLES                               0         -nan%                0         -nan%
DFE_OFF_CONF_ON_CYCLES                               0         -nan%                0         -nan%
DFE_OFF_CONF_OFF_REALISTIC_CYCLES                    0         -nan%                0         -nan%
DFE_OFF_CONF_OFF_PERFECT_CYCLES                      0         -nan%                0         -nan%
                                                     0         -nan%                0         -nan%
                                                  -nan         -nan              -nan         -nan

DFE_OFF_CONF_ON_NUM_EVENTS                           0                              0              

DFE_OFF_CONF_ON_NOT_IDENTIFIED_EVENTS                0         -nan%                0         -nan%
DFE_OFF_CONF_ON_IBTB_MISS_EVENTS                     0         -nan%                0         -nan%
DFE_OFF_CONF_ON_BTB_MISS_EVENTS                      0         -nan%                0         -nan%
DFE_OFF_CONF_ON_BTB_MISS_RECOVER_AT_EXEC_EVENTS             0         -nan%                0         -nan%
DFE_OFF_CONF_ON_RECOVER_AT_EXEC_EVENTS               0         -nan%                0         -nan%
DFE_OFF_CONF_ON_RECOVER_AT_DECODE_EVENTS             0         -nan%                0         -nan%
                                                     0         -nan%                0         -nan%
                                                  -nan         -nan              -nan         -nan

DFE_OFF_CONF_ON_LATE_BTB_HIT_EVENTS                  0                              0              

DFE_OFF_CONF_ON_NOT_IDENTIFIED_CYCLES                0         -nan%                0         -nan%
DFE_OFF_CONF_ON_IBTB_MISS_CYCLES                     0         -nan%                0         -nan%
DFE_OFF_CONF_ON_BTB_MISS_CYCLES                      0         -nan%                0         -nan%
DFE_OFF_CONF_ON_BTB_MISS_RECOVER_AT_EXEC_CYCLES             0         -nan%                0         -nan%
DFE_OFF_CONF_ON_RECOVER_AT_EXEC_CYCLES               0         -nan%                0         -nan%
DFE_OFF_CONF_ON_RECOVER_AT_DECODE_CYCLES             0         -nan%                0         -nan%
                                                     0         -nan%                0         -nan%
                                                  -nan         -nan              -nan         -nan

DFE_OFF_CONF_ON_LATE_BTB_HIT_CYCLES                  0                              0              

DFE_OFF_CONF_ON_NOT_IDENTIFIED_FETCH_TARGETS             0         -nan%                0         -nan%
DFE_OFF_CONF_ON_IBTB_MISS_FETCH_TARGETS              0         -nan%                0         -nan%
DFE_OFF_CONF_ON_BTB_MISS_FETCH_TARGETS               0         -nan%                0         -nan%
DFE_OFF_CONF_ON_BTB_MISS_RECOVER_AT_EXEC_FETCH_TARGETS             0         -nan%                0         -nan%
DFE_OFF_CONF_ON_RECOVER_AT_EXEC_FETCH_TARGETS             0         -nan%                0         -nan%
DFE_OFF_CONF_ON_RECOVER_AT_DECODE_FETCH_TARGETS             0         -nan%                0         -nan%
                                                     0         -nan%                0         -nan%
                                                  -nan         -nan              -nan         -nan

DFE_OFF_CONF_ON_LATE_BTB_HIT_FETCH_TARGETS             0                              0              

DFE_OFF_CONF_ON_BP_INCORRECT_0_CONF                  0         -nan%                0         -nan%
DFE_OFF_CONF_ON_BP_INCORRECT_1_CONF                  0         -nan%                0         -nan%
DFE_OFF_CONF_ON_BP_INCORRECT_2_CONF                  0         -nan%                0         -nan%
DFE_OFF_CONF_ON_BP_INCORRECT_3_CONF                  0         -nan%                0         -nan%
                                                     0         -nan%                0         -nan%
                                                  -nan         -nan              -nan         -nan

DFE_OFF_CONF_ON_BTB_MISS_CBR_0_CONF                  0         -nan%                0         -nan%
DFE_OFF_CONF_ON_BTB_MISS_CBR_1_CONF                  0         -nan%                0         -nan%
DFE_OFF_CONF_ON_BTB_MISS_CBR_2_CONF                  0         -nan%                0         -nan%
DFE_OFF_CONF_ON_BTB_MISS_CBR_3_CONF                  0         -nan%                0         -nan%
                                                     0         -nan%                0         -nan%
                                                  -nan         -nan              -nan         -nan

DFE_OFF_CONF_ON_BTB_MISS_NOT_CF                      0         -nan%                0         -nan%
DFE_OFF_CONF_ON_BTB_MISS_CF_BR                       0         -nan%                0         -nan%
DFE_OFF_CONF_ON_BTB_MISS_CF_CBR                      0         -nan%                0         -nan%
DFE_OFF_CONF_ON_BTB_MISS_CF_CALL                     0         -nan%                0         -nan%
DFE_OFF_CONF_ON_BTB_MISS_CF_IBR                      0         -nan%                0         -nan%
DFE_OFF_CONF_ON_BTB_MISS_CF_ICALL                    0         -nan%                0         -nan%
DFE_OFF_CONF_ON_BTB_MISS_CF_ICO                      0         -nan%                0         -nan%
DFE_OFF_CONF_ON_BTB_MISS_CF_RET                      0         -nan%                0         -nan%
DFE_OFF_CONF_ON_BTB_MISS_CF_SYS                      0         -nan%                0         -nan%
                                                     0         -nan%                0         -nan%
                                                  -nan         -nan              -nan         -nan

DFE_ON_CONF_OFF_NUM_EVENTS                           0                              0              

CONF_BTB_NUM_CYCLES_OFF_PATH_EVENT                   0                              0              

DFE_ON_CONF_OFF_IBTB_MISS_BP_TAKEN                   0         -nan%                0         -nan%
DFE_ON_CONF_OFF_BTB_MISS_BP_TAKEN_CONF_0             0         -nan%                0         -nan%
DFE_ON_CONF_OFF_BTB_MISS_BP_TAKEN_CONF_1             0         -nan%                0         -nan%
DFE_ON_CONF_OFF_BTB_MISS_BP_TAKEN_CONF_2             0         -nan%                0         -nan%
DFE_ON_CONF_OFF_BTB_MISS_BP_TAKEN_CONF_3             0         -nan%                0         -nan%
DFE_ON_CONF_OFF_BTB_MISS_RATE                        0         -nan%                0         -nan%
DFE_ON_CONF_OFF_IBTB_MISS_RATE                       0         -nan%                0         -nan%
DFE_ON_CONF_OFF_RECOVER_AT_DECODE_RATE               0         -nan%                0         -nan%
DFE_ON_CONF_OFF_RECOVER_AT_EXEC_RATE                 0         -nan%                0         -nan%
DFE_ON_CONF_OFF_INV_CONF_INC                         0         -nan%                0         -nan%
DFE_ON_CONF_OFF_PERFECT_CONF                         0         -nan%                0         -nan%
                                                     0         -nan%                0         -nan%
                                                  -nan         -nan              -nan         -nan

DFE_ON_CONF_OFF_IBTB_MISS_BP_TAKEN_CYCLES             0         -nan%                0         -nan%
DFE_ON_CONF_OFF_BTB_MISS_BP_TAKEN_CONF_0_CYCLES             0         -nan%                0         -nan%
DFE_ON_CONF_OFF_BTB_MISS_BP_TAKEN_CONF_1_CYCLES             0         -nan%                0         -nan%
DFE_ON_CONF_OFF_BTB_MISS_BP_TAKEN_CONF_2_CYCLES             0         -nan%                0         -nan%
DFE_ON_CONF_OFF_BTB_MISS_BP_TAKEN_CONF_3_CYCLES             0         -nan%                0         -nan%
DFE_ON_CONF_OFF_BTB_MISS_RATE_CYCLES                 0         -nan%                0         -nan%
DFE_ON_CONF_OFF_IBTB_MISS_RATE_CYCLES                0         -nan%                0         -nan%
DFE_ON_CONF_OFF_RECOVER_AT_DECODE_RATE_CYCLES             0         -nan%                0         -nan%
DFE_ON_CONF_OFF_RECOVER_AT_EXEC_RATE_CYCLES             0         -nan%                0         -nan%
DFE_ON_CONF_OFF_INV_CONF_INC_CYCLES                  0         -nan%                0         -nan%
DFE_ON_CONF_OFF_PERFECT_CONF_CYCLES                  0         -nan%                0         -nan%
                                                     0         -nan%                0         -nan%
                                                  -nan         -nan              -nan         -nan

DFE_ON_CONF_OFF_IBTB_MISS_BP_TAKEN_FETCH_TARGETS             0         -nan%                0         -nan%
DFE_ON_CONF_OFF_BTB_MISS_BP_TAKEN_CONF_0_FETCH_TARGETS             0         -nan%                0         -nan%
DFE_ON_CONF_OFF_BTB_MISS_BP_TAKEN_CONF_1_FETCH_TARGETS             0         -nan%                0         -nan%
DFE_ON_CONF_OFF_BTB_MISS_BP_TAKEN_CONF_2_FETCH_TARGETS             0         -nan%                0         -nan%
DFE_ON_CONF_OFF_BTB_MISS_BP_TAKEN_CONF_3_FETCH_TARGETS             0         -nan%                0         -nan%
DFE_ON_CONF_OFF_BTB_MISS_RATE_FETCH_TARGETS             0         -nan%                0         -nan%
DFE_ON_CONF_OFF_IBTB_MISS_RATE_FETCH_TARGETS             0         -nan%                0         -nan%
DFE_ON_CONF_OFF_RECOVER_AT_DECODE_RATE_FETCH_TARGETS             0         -nan%                0         -nan%
DFE_ON_CONF_OFF_RECOVER_AT_EXEC_RATE_FETCH_TARGETS             0         -nan%                0         -nan%
DFE_ON_CONF_OFF_INV_CONF_INC_FETCH_TARGETS             0         -nan%                0         -nan%
DFE_ON_CONF_OFF_PERFECT_CONF_FETCH_TARGETS             0         -nan%                0         -nan%
                                                     0         -nan%                0         -nan%
                                                  -nan         -nan              -nan         -nan

CONF_OFF_IBTB_MISS_BP_TAKEN                          0         -nan%                0         -nan%
CONF_OFF_BTB_MISS_BP_TAKEN_CONF_0                    0         -nan%                0         -nan%
CONF_OFF_BTB_MISS_BP_TAKEN_CONF_1                    0         -nan%                0         -nan%
CONF_OFF_BTB_MISS_BP_TAKEN_CONF_2                    0         -nan%                0         -nan%
CONF_OFF_BTB_MISS_BP_TAKEN_CONF_3                    0         -nan%                0         -nan%
CONF_OFF_BTB_MISS_RATE                               0         -nan%                0         -nan%
CONF_OFF_IBTB_MISS_RATE                              0         -nan%                0         -nan%
CONF_OFF_RECOVER_AT_DECODE_RATE                      0         -nan%                0         -nan%
CONF_OFF_RECOVER_AT_EXEC_RATE                        0         -nan%                0         -nan%
CONF_OFF_INV_CONF_INC                                0         -nan%                0         -nan%
CONF_OFF_PERFECT_CONF                                0         -nan%                0         -nan%
                                                     0         -nan%                0         -nan%
                                                  -nan         -nan              -nan         -nan

TOPDOWN_TOTAL_SLOTS                           27441666                       83195718              

TOPDOWN_ISSUED_SLOTS                          15458794                       46522334              

TOPDOWN_RETIRED_SLOTS                         10982635                       32948943              

TOPDOWN_FETCH_BUBBLES_SLOTS                    1722014                        5586732              

TOPDOWN_RECOVERY_BUBBLES_SLOTS                 1238085                        3738655              

TOPDOWN_MEM_LOAD_STALLS_CYCLES                 1408994                        4269801              

TOPDOWN_MEM_STORE_STALLS_CYCLES                      0                           3076              

TOPDOWN_EXEC_STALLS_CYCLES                     1306204                        4015744              

TOPDOWN_BACKEND_STALLS_CYCLES                  1408994                        4273143              

TOPDOWN_FETCH_BUBBLES_GT_MIW_CYCLES             240847                         790101              

TOPDOWN_BR_RECOVER_AT_EXEC_RETIRED_CYCLES         26399                          81128              

TOPDOWN_MACHINE_CLEAR_CYCLES                    355953                        1067179              

TOPDOWN_FRONTEND_BOUND                             627                            627              

TOPDOWN_BACKEND_BOUND                             3289                           3289              

TOPDOWN_BAD_SPEC_BOUND                            2082                           2082              

TOPDOWN_RETIRING_BOUND                            4002                           4002              

TOPDOWN_FETCH_LATENCY_BOUND                        526                            526              

TOPDOWN_FETCH_BANDWIDTH_BOUND                      101                            101              

TOPDOWN_MEM_BOUND                                 3289                           3289              

TOPDOWN_CORE_BOUND                                   0                              0              

TOPDOWN_BR_RECOVER_AT_EXEC_BOUND                   143                            143              

TOPDOWN_MACHINE_CLEARS_BOUND                      1939                           1939              

H2P_SEEN_MAIN                                        0                              0              



