/* -*- Mode: c -*- */
####################################################################################################
Core 0
####################################################################################################
Cumulative:        Cycles: 7793388               Instructions: 30000000              IPC: 3.84942

Periodic:          Cycles: 2586236               Instructions: 9999995               IPC: 3.86662

MISS_WAIT_TIME                                       0                       18800053              

ICACHE_STAGE_MISS                                    0                            509              

ICACHE_CYCLE                                   2586236                        7793388              

TCACHE_CYCLE                                         0                              0              

ICACHE_SERVING_CYCLE_ON_PATH                      1348                           6297              

ICACHE_SERVING_CYCLE_OFF_PATH                      290                          10119              

UCACHE_SERVING_CYCLE_ON_PATH                   2562357                        7658080              

UCACHE_SERVING_CYCLE_OFF_PATH                    19846                          78688              

ICACHE_CYCLE_ONPATH                            2565362       99.193%          7695121       98.739%
ICACHE_CYCLE_OFFPATH                             20874        0.807%            98267        1.261%
                                               2586236      100.000%          7793388      100.000%
                                                  0.01         0.09              0.01         0.11

FETCH_ON_PATH                                  2566095       99.221%          7699348       98.793%
FETCH_OFF_PATH                                   20141        0.779%            94040        1.207%
                                               2586236      100.000%          7793388      100.000%
                                                  0.01         0.09              0.01         0.11

FETCHED_OPS_ON_PATH                                  0         -nan%                0         -nan%
FETCHED_OPS_OFF_PATH                                 0         -nan%                0         -nan%
                                                     0         -nan%                0         -nan%
                                                  -nan         -nan              -nan         -nan

INST_LOST_FETCH                               11696523       52.404%         35088741       52.292%
INST_LOST_OFF_PATH                               65815        0.295%           345637        0.515%
INST_LOST_FULL_WINDOW                          2147482        9.621%          6431818        9.585%
INST_LOST_ROB_STALL_OTHER                      2211254        9.907%          6621708        9.868%
INST_LOST_ROB_STALL_WAIT_FOR_RECOVERY                0        0.000%                0        0.000%
INST_LOST_ROB_STALL_WAIT_FOR_REDIRECT                0        0.000%                0        0.000%
INST_LOST_ROB_STALL_WAIT_FOR_GAP_FILL                0        0.000%                0        0.000%
INST_LOST_ROB_STALL_WAIT_FOR_L1_MISS                 0        0.000%                0        0.000%
INST_LOST_ROB_STALL_WAIT_FOR_MEMORY              37256        0.167%           117138        0.175%
INST_LOST_ROB_STALL_WAIT_FOR_DC_MISS           3317270       14.863%          9740962       14.517%
INST_LOST_ROB_BLOCK_ISSUE_FULL                       0        0.000%                0        0.000%
INST_LOST_ROB_BLOCK_ISSUE_GAP_TOO_LARGE              0        0.000%                0        0.000%
INST_LOST_BREAK_DONT                                 0        0.000%                0        0.000%
INST_LOST_BREAK_FT_UNAVAILABLE                    6174        0.028%            30708        0.046%
INST_LOST_BREAK_ICACHE_STAGE_RESTEER               565        0.003%              907        0.001%
INST_LOST_BREAK_ICACHE_MISS_REQ_SUCCESS              0        0.000%             2095        0.003%
INST_LOST_BREAK_ICACHE_MISS_REQ_FAILURE              0        0.000%               54        0.000%
INST_LOST_BREAK_ICACHE_WAIT_FOR_MISS                 0        0.000%           169320        0.252%
INST_LOST_BREAK_ICACHE_STALLED                    7786        0.035%            40131        0.060%
INST_LOST_BREAK_ICACHE_TO_UOP_CACHE_SWITCH           784        0.004%             3944        0.006%
INST_LOST_BREAK_ICACHE_READ_LIMIT                  427        0.002%             5335        0.008%
INST_LOST_BREAK_ICACHE_ISSUE_WIDTH                   0        0.000%                0        0.000%
INST_LOST_BREAK_UOP_CACHE_STALLED              1707042        7.648%          5104369        7.607%
INST_LOST_BREAK_UOP_CACHE_TO_ICACHE_SWITCH           387        0.002%             2468        0.004%
INST_LOST_BREAK_UOP_CACHE_READ_LIMIT           1120943        5.022%          3396649        5.062%
INST_LOST_BREAK_UOP_CACHE_ISSUE_WIDTH                0        0.000%                0        0.000%
                                              22319708      100.000%         67101984      100.000%
                                                  4.74         6.73              4.77         6.75

INST_LOST_TOTAL                               20682724                       62236630              

INST_LOST_WAIT_FOR_ICACHE_MISS_NOT_PREFETCHED             0         -nan%            38100       26.242%
INST_LOST_WAIT_FOR_ICACHE_MISS_PREFETCHED_AND_EVICTED_BY_IFETCH             0         -nan%                0        0.000%
INST_LOST_WAIT_FOR_ICACHE_MISS_PREFETCHED_AND_EVICTED_BY_FDIP             0         -nan%                0        0.000%
INST_LOST_WAIT_FOR_ICACHE_MISS_MSHR_HIT_PREF_OFFPATH             0         -nan%              582        0.401%
INST_LOST_WAIT_FOR_ICACHE_MISS_MSHR_HIT_PREF_ONPATH             0         -nan%           106506       73.357%
                                                     0         -nan%           145188      100.000%
                                                  -nan         -nan              2.95         2.68

FETCH_0_OPS                                       2395        0.093%            40186        0.516%
FETCH_1_OPS                                     264799       10.239%           793158       10.177%
FETCH_2_OPS                                      28202        1.090%            86150        1.105%
FETCH_3_OPS                                      74240        2.871%           227233        2.916%
FETCH_4_OPS                                      21994        0.850%            68848        0.883%
FETCH_5_OPS                                      59060        2.284%           178629        2.292%
FETCH_6_OPS                                      20768        0.803%            72146        0.926%
FETCH_7_OPS                                     131415        5.081%           384224        4.930%
FETCH_8_OPS                                    1983363       76.689%          5942814       76.255%
FETCH_9_OPS                                          0        0.000%                0        0.000%
FETCH_10_OPS                                         0        0.000%                0        0.000%
FETCH_11_OPS                                         0        0.000%                0        0.000%
FETCH_12_OPS                                         0        0.000%                0        0.000%
FETCH_13_OPS                                         0        0.000%                0        0.000%
FETCH_14_OPS                                         0        0.000%                0        0.000%
FETCH_15_OPS                                         0        0.000%                0        0.000%
FETCH_16_OPS                                         0        0.000%                0        0.000%
                                               2586236      100.000%          7793388      100.000%
                                                  6.90         2.31              6.86         2.31

ST_BREAK_DONT                                        0        0.000%                0        0.000%
ST_BREAK_FT_UNAVAILABLE                           1029        0.040%             5118        0.066%
ST_BREAK_ICACHE_STAGE_RESTEER                      103        0.004%              189        0.002%
ST_BREAK_ICACHE_MISS_REQ_SUCCESS                     0        0.000%              509        0.007%
ST_BREAK_ICACHE_MISS_REQ_FAILURE                     0        0.000%                9        0.000%
ST_BREAK_ICACHE_WAIT_FOR_MISS                        0        0.000%            28229        0.362%
ST_BREAK_ICACHE_STALLED                           1315        0.051%             7322        0.094%
ST_BREAK_ICACHE_TO_UOP_CACHE_SWITCH                229        0.009%             1184        0.015%
ST_BREAK_ICACHE_READ_LIMIT                         201        0.008%             1968        0.025%
ST_BREAK_ICACHE_ISSUE_WIDTH                        730        0.028%            10824        0.139%
ST_BREAK_UOP_CACHE_STALLED                      972915       37.619%          2893400       37.126%
ST_BREAK_UOP_CACHE_TO_ICACHE_SWITCH                103        0.004%              608        0.008%
ST_BREAK_UOP_CACHE_READ_LIMIT                   267703       10.351%           813597       10.440%
ST_BREAK_UOP_CACHE_ISSUE_WIDTH                 1341908       51.887%          4030431       51.716%
                                               2586236      100.000%          7793388      100.000%
                                                 11.76         8.59             11.73         8.57

ORACLE_ON_PATH_INST                           11696523       99.440%         35088741       99.025%
ORACLE_OFF_PATH_INST                             65815        0.560%           345637        0.975%
                                              11762338      100.000%         35434378      100.000%
                                                  0.01         0.07              0.01         0.10

ORACLE_ON_PATH_INST_MEM                        3270878       27.808%          9809540       27.684%
ORACLE_ON_PATH_INST_NOTMEM                     8425645       71.632%         25279201       71.341%
ORACLE_OFF_PATH_INST_MEM                         21293        0.181%            84548        0.239%
ORACLE_OFF_PATH_INST_NOTMEM                      44522        0.379%           261089        0.737%
                                              11762338      100.000%         35434378      100.000%
                                                  0.73         0.28              0.74         0.31

ICACHE_CYCLE_NONRA_ONPATH                            0         -nan%                0         -nan%
ICACHE_CYCLE_NONRA_OFFPATH                           0         -nan%                0         -nan%
ICACHE_CYCLE_RA_ONPATH                               0         -nan%                0         -nan%
ICACHE_CYCLE_RA_OFFPATH                              0         -nan%                0         -nan%
                                                     0         -nan%                0         -nan%
                                                  -nan         -nan              -nan         -nan

ICACHE_CYCLE_ONPATH_NONRA                            0         -nan%                0         -nan%
ICACHE_CYCLE_OFFPATH_NONRA                           0         -nan%                0         -nan%
                                                     0         -nan%                0         -nan%
                                                  -nan         -nan              -nan         -nan

ICACHE_CYCLE_ONPATH_RA                               0         -nan%                0         -nan%
ICACHE_CYCLE_OFFPATH_RA                              0         -nan%                0         -nan%
                                                     0         -nan%                0         -nan%
                                                  -nan         -nan              -nan         -nan

INACCURATE_OFFPATH_CYCLES                            0        0.0000                0        0.0000

FETCH_ALL_INST                                11762338                       35434378              

EXEC_ALL_INST                                 11043275                       33207610              

RET_ALL_INST                                  11696958                       35088741              

EXEC_ON_PATH_INST                             11035295       99.928%         33141772       99.802%
EXEC_OFF_PATH_INST                                7980        0.072%            65838        0.198%
                                              11043275      100.000%         33207610      100.000%
                                                  0.00         0.03              0.00         0.04

EXEC_ON_PATH_INST_MEM                          2609386       23.629%          7862571       23.677%
EXEC_ON_PATH_INST_NOTMEM                       8425909       76.299%         25279201       76.125%
EXEC_OFF_PATH_INST_MEM                            3153        0.029%            15900        0.048%
EXEC_OFF_PATH_INST_NOTMEM                         4827        0.044%            49938        0.150%
                                              11043275      100.000%         33207610      100.000%
                                                  0.76         0.21              0.77         0.22

EXEC_RA_INST                                         0         -nan%                0         -nan%
EXEC_NONRA_INST                                      0         -nan%                0         -nan%
                                                     0         -nan%                0         -nan%
                                                  -nan         -nan              -nan         -nan

EXEC_ON_PATH_INST_RA                                 0         -nan%                0         -nan%
EXEC_OFF_PATH_INST_RA                                0         -nan%                0         -nan%
                                                     0         -nan%                0         -nan%
                                                  -nan         -nan              -nan         -nan

EXEC_ON_PATH_INST_NONRA                              0         -nan%                0         -nan%
EXEC_OFF_PATH_INST_NONRA                             0         -nan%                0         -nan%
                                                     0         -nan%                0         -nan%
                                                  -nan         -nan              -nan         -nan

EXEC_RA_ON_PATH_INST                                 0         -nan%                0         -nan%
EXEC_RA_OFF_PATH_INST                                0         -nan%                0         -nan%
EXEC_NONRA_ON_PATH_INST                              0         -nan%                0         -nan%
EXEC_NONRA_OFF_PATH_INST                             0         -nan%                0         -nan%
                                                     0         -nan%                0         -nan%
                                                  -nan         -nan              -nan         -nan

ICACHE_THROTTLE_CYCLE                                0                              0              

FETCH_ENABLE_THROTTLE_OFF_PATH                       0         -nan%                0         -nan%
FETCH_ENABLE_THROTTLE_ON_PATH                        0         -nan%                0         -nan%
                                                     0         -nan%                0         -nan%
                                                  -nan         -nan              -nan         -nan

FETCH_DISABLE_THROTTLE_OFF_PATH                      0         -nan%                0         -nan%
FETCH_DISABLE_THROTTLE_ON_PATH                       0         -nan%                0         -nan%
                                                     0         -nan%                0         -nan%
                                                  -nan         -nan              -nan         -nan

FETCH_TH_ADJUST__0                                   0         -nan%                0         -nan%
FETCH_TH_ADJUST__1                                   0         -nan%                0         -nan%
FETCH_TH_ADJUST__2                                   0         -nan%                0         -nan%
FETCH_TH_ADJUST__3                                   0         -nan%                0         -nan%
FETCH_TH_ADJUST__4                                   0         -nan%                0         -nan%
FETCH_TH_ADJUST__5                                   0         -nan%                0         -nan%
FETCH_TH_ADJUST__6                                   0         -nan%                0         -nan%
FETCH_TH_ADJUST__7                                   0         -nan%                0         -nan%
FETCH_TH_ADJUST__8                                   0         -nan%                0         -nan%
FETCH_TH_ADJUST__9                                   0         -nan%                0         -nan%
FETCH_TH_ADJUST__MAX                                 0         -nan%                0         -nan%
                                                     0         -nan%                0         -nan%
                                                  -nan         -nan              -nan         -nan

FETCH_TH_ADJUST_UP                                   0         -nan%                0         -nan%
FETCH_TH_ADJUST_DOWN                                 0         -nan%                0         -nan%
FETCH_TH_ADJUST_SAME                                 0         -nan%                0         -nan%
                                                     0         -nan%                0         -nan%
                                                  -nan         -nan              -nan         -nan

THROTTLE_ADJUST_CACHE_MISS_INFO                      0                              0              

LOW_CONF_COUNT_BP_MIS_0                              0         -nan%                0         -nan%
LOW_CONF_COUNT_BP_MIS_1                              0         -nan%                0         -nan%
LOW_CONF_COUNT_BP_MIS_2                              0         -nan%                0         -nan%
LOW_CONF_COUNT_BP_MIS_3                              0         -nan%                0         -nan%
LOW_CONF_COUNT_BP_MIS_4                              0         -nan%                0         -nan%
LOW_CONF_COUNT_BP_MIS_5                              0         -nan%                0         -nan%
LOW_CONF_COUNT_BP_MIS_6                              0         -nan%                0         -nan%
LOW_CONF_COUNT_BP_MIS_7                              0         -nan%                0         -nan%
LOW_CONF_COUNT_BP_MIS_8                              0         -nan%                0         -nan%
LOW_CONF_COUNT_BP_MIS_9                              0         -nan%                0         -nan%
LOW_CONF_COUNT_BP_MIS_10                             0         -nan%                0         -nan%
LOW_CONF_COUNT_BP_MIS_11                             0         -nan%                0         -nan%
LOW_CONF_COUNT_BP_MIS_12                             0         -nan%                0         -nan%
LOW_CONF_COUNT_BP_MIS_13                             0         -nan%                0         -nan%
LOW_CONF_COUNT_BP_MIS_14                             0         -nan%                0         -nan%
LOW_CONF_COUNT_BP_MIS_15                             0         -nan%                0         -nan%
LOW_CONF_COUNT_BP_MIS_16                             0         -nan%                0         -nan%
LOW_CONF_COUNT_BP_MIS_17                             0         -nan%                0         -nan%
LOW_CONF_COUNT_BP_MIS_18                             0         -nan%                0         -nan%
LOW_CONF_COUNT_BP_MIS_19                             0         -nan%                0         -nan%
LOW_CONF_COUNT_BP_MIS_20                             0         -nan%                0         -nan%
                                                     0         -nan%                0         -nan%
                                                  -nan         -nan              -nan         -nan

LOW_CONF_COUNT_RET_0                                 0         -nan%                0         -nan%
LOW_CONF_COUNT_RET_1                                 0         -nan%                0         -nan%
LOW_CONF_COUNT_RET_2                                 0         -nan%                0         -nan%
LOW_CONF_COUNT_RET_3                                 0         -nan%                0         -nan%
LOW_CONF_COUNT_RET_4                                 0         -nan%                0         -nan%
LOW_CONF_COUNT_RET_5                                 0         -nan%                0         -nan%
LOW_CONF_COUNT_RET_6                                 0         -nan%                0         -nan%
LOW_CONF_COUNT_RET_7                                 0         -nan%                0         -nan%
LOW_CONF_COUNT_RET_8                                 0         -nan%                0         -nan%
LOW_CONF_COUNT_RET_9                                 0         -nan%                0         -nan%
LOW_CONF_COUNT_RET_10                                0         -nan%                0         -nan%
LOW_CONF_COUNT_RET_11                                0         -nan%                0         -nan%
LOW_CONF_COUNT_RET_12                                0         -nan%                0         -nan%
LOW_CONF_COUNT_RET_13                                0         -nan%                0         -nan%
LOW_CONF_COUNT_RET_14                                0         -nan%                0         -nan%
LOW_CONF_COUNT_RET_15                                0         -nan%                0         -nan%
LOW_CONF_COUNT_RET_16                                0         -nan%                0         -nan%
LOW_CONF_COUNT_RET_17                                0         -nan%                0         -nan%
LOW_CONF_COUNT_RET_18                                0         -nan%                0         -nan%
LOW_CONF_COUNT_RET_19                                0         -nan%                0         -nan%
LOW_CONF_COUNT_RET_20                                0         -nan%                0         -nan%
                                                     0         -nan%                0         -nan%
                                                  -nan         -nan              -nan         -nan

CYCLES_RESTEER_RECOVER_AT_EXEC                       0         -nan%                0         -nan%
CYCLES_RESTEER_RECOVER_AT_DECODE                     0         -nan%                0         -nan%
CYCLES_RESTEER_BTB_MISS                              0         -nan%                0         -nan%
                                                     0         -nan%                0         -nan%
                                                  -nan         -nan              -nan         -nan

CYCLES_RESTEER_RECOVER_AT_EXEC_SAVED_UC_FETCH             0         -nan%                0         -nan%
CYCLES_RESTEER_RECOVER_AT_EXEC_COULD_BE_SAVED_UC_FETCH             0         -nan%                0         -nan%
CYCLES_RESTEER_RECOVER_AT_DECODE_SAVED_UC_FETCH             0         -nan%                0         -nan%
CYCLES_RESTEER_RECOVER_AT_DECODE_COULD_BE_SAVED_UC_FETCH             0         -nan%                0         -nan%
CYCLES_RESTEER_BTB_MISS_SAVED_UC_FETCH               0         -nan%                0         -nan%
CYCLES_RESTEER_BTB_MISS_COULD_BE_SAVED_UC_FETCH             0         -nan%                0         -nan%
                                                     0         -nan%                0         -nan%
                                                  -nan         -nan              -nan         -nan

CYCLES_UOC_IC_SWITCH                                 0                              0              



