/* -*- Mode: c -*- */
####################################################################################################
Core 0
####################################################################################################
Cumulative:        Cycles: 111925151             Instructions: 59999999              IPC: 0.53607

Periodic:          Cycles: 111925151             Instructions: 59999999              IPC: 0.53607

EXECUTION_TIME                           34976609687500                  34976609687500              

SIM_HOST_WALL_SECONDS                      1284.640386                    1284.640386              

NODE_CYCLE                                   111925151                      111925151              

NODE_INST_COUNT                               61973268                       61973268              

NODE_INST_COUNT_FETCHED                       59999999                       59999999              

NODE_UOP_COUNT                                72539146                       72539146              

EXEC_STAGE_NO_ISSUE_STALL_CYCLE               32199811                       32199811              

EXEC_STAGE_NO_ISSUE_STALL_CYCLE_ONPATH        18171125                       18171125              

FULL_WINDOW_STALL                                 2456        0.002%             2456        0.002%

FULL_WINDOW_MEM_OP                                2424      100.000%             2424      100.000%
FULL_WINDOW_FP_OP                                    0        0.000%                0        0.000%
FULL_WINDOW_OTHER_OP                                 0        0.000%                0        0.000%
                                                  2424      100.000%             2424      100.000%
                                                  0.00         0.00              0.00         0.00

RET_BLOCKED_DC_MISS                           92395350       82.551%         92395350       82.551%

RET_BLOCKED_L1_MISS                           71755056       64.110%         71755056       64.110%

RET_BLOCKED_L1_MISS_BW_PREF                    2960817        2.645%          2960817        2.645%

RET_BLOCKED_L1_ACCESS                         20645245       18.446%         20645245       18.446%

RET_BLOCKED_MEM_STALL                         71755651       64.110%         71755651       64.110%

RET_BLOCKED_OFFCHIP_DEMAND                           0        0.000%                0        0.000%

OP_ISSUED                                    107608999                      107608999              

OP_RETIRED                                    72539146                       72539146              

OP_MACRO_FUSION_ONPATH                        12243988                       12243988              

OP_MACRO_FUSION_OFFPATH                       10535374                       10535374              

REPLAY_SIGNALED                                      0                              0              

REPLAY_COUNTED                                       0                              0              

OFF_CRITICAL_PATH                                    0         -nan%                0         -nan%
ON_CRITICAL_PATH                                     0         -nan%                0         -nan%
                                                     0         -nan%                0         -nan%
                                                  -nan         -nan              -nan         -nan

LD_NO_DEPENDENTS                                    81        0.001%               81        0.001%
LD_DEPENDENTS                                 15919044       99.999%         15919044       99.999%
                                              15919125      100.000%         15919125      100.000%
                                                  1.00         1.00              1.00         1.00

LD_EXEC_CYCLES_0                                     0        0.000%                0        0.000%
LD_EXEC_CYCLES_1                                723034       86.840%           723034       86.840%
LD_EXEC_CYCLES_2                                 31481        3.781%            31481        3.781%
LD_EXEC_CYCLES_3                                 20264        2.434%            20264        2.434%
LD_EXEC_CYCLES_4                                 57825        6.945%            57825        6.945%
                                                832604      100.000%           832604      100.000%
                                                  1.29         0.89              1.29         0.89

LD_EXEC_MINUS_FETCH_LATENCY                 2765272796                     2765272796              

LD_RETIRE_MINUS_FETCH_LATENCY               5548283078                     5548283078              

ICACHE_STAGE_STARVED                            879526        2.882%           879526        2.882%
ICACHE_STAGE_NOT_STARVED                      29640346       97.118%         29640346       97.118%
                                              30519872      100.000%         30519872      100.000%
                                                  0.97         0.96              0.97         0.96

ICACHE_STAGE_STALLED                          17087636       15.267%         17087636       15.267%
ICACHE_STAGE_NOT_STALLED                      13432236       12.001%         13432236       12.001%
ICACHE_STAGE_OFF_PATH                         81405279       72.732%         81405279       72.732%
                                             111925151      100.000%        111925151      100.000%
                                                  1.57         1.41              1.57         1.41

DECODE_STAGE_STARVED                         100079433       99.796%        100079433       99.796%
DECODE_STAGE_NOT_STARVED                        204120        0.204%           204120        0.204%
                                             100283553      100.000%        100283553      100.000%
                                                  0.00         0.05              0.00         0.05

DECODE_STAGE_STALLED                            106560        0.095%           106560        0.095%
DECODE_STAGE_NOT_STALLED                     100176993       89.504%        100176993       89.504%
DECODE_STAGE_OFF_PATH                         11641598       10.401%         11641598       10.401%
                                             111925151      100.000%        111925151      100.000%
                                                  1.10         0.47              1.10         0.47

UOPQ_STAGE_STARVED                            24176069       81.086%         24176069       81.086%
UOPQ_STAGE_NOT_STARVED                         5639206       18.914%          5639206       18.914%
                                              29815275      100.000%         29815275      100.000%
                                                  0.19         0.36              0.19         0.36

UOPQ_STAGE_STALLED                            17364043       15.514%         17364043       15.514%
UOPQ_STAGE_NOT_STALLED                        29815275       26.639%         29815275       26.639%
UOPQ_STAGE_OFF_PATH                           64745833       57.847%         64745833       57.847%
                                             111925151      100.000%        111925151      100.000%
                                                  1.42         1.19              1.42         1.19

RS_OP_READY_NOT_ISSUED_TOTAL                  44849024                       44849024              

RS_0_OP_READY_NOT_ISSUED                      37261102                       37261102              

RS_1_OP_READY_NOT_ISSUED                       5311978                        5311978              

RS_2_OP_READY_NOT_ISSUED                       2275944                        2275944              

RS_3_OP_READY_NOT_ISSUED                             0                              0              

RS_4_OP_READY_NOT_ISSUED                             0                              0              

RS_5_OP_READY_NOT_ISSUED                             0                              0              

RS_6_OP_READY_NOT_ISSUED                             0                              0              

RS_7_OP_READY_NOT_ISSUED                             0                              0              

RS_7_PLUS_OP_READY_NOT_ISSUED                        0                              0              

FU_IDLE_NO_READY_OPS_TOTAL                   893773510                      893773510              

FU_0_IDLE_NO_READY_OPS                        79801712                       79801712              

FU_1_IDLE_NO_READY_OPS                        83810813                       83810813              

FU_2_IDLE_NO_READY_OPS                        89543741                       89543741              

FU_3_IDLE_NO_READY_OPS                        89547329                       89547329              

FU_4_IDLE_NO_READY_OPS                        84059143                       84059143              

FU_5_IDLE_NO_READY_OPS                        81020055                       81020055              

FU_6_IDLE_NO_READY_OPS                       105775783                      105775783              

FU_7_IDLE_NO_READY_OPS                       105767485                      105767485              

FU_8_IDLE_NO_READY_OPS                        84899754                       84899754              

FU_9_IDLE_NO_READY_OPS                        89547695                       89547695              

FU_10_IDLE_NO_READY_OPS                              0                              0              

FU_11_IDLE_NO_READY_OPS                              0                              0              

FU_12_IDLE_NO_READY_OPS                              0                              0              

FU_13_IDLE_NO_READY_OPS                              0                              0              

FU_14_IDLE_NO_READY_OPS                              0                              0              

FU_15_IDLE_NO_READY_OPS                              0                              0              

FU_16_IDLE_NO_READY_OPS                              0                              0              

FU_17_IDLE_NO_READY_OPS                              0                              0              

FU_18_IDLE_NO_READY_OPS                              0                              0              

FU_19_IDLE_NO_READY_OPS                              0                              0              

FU_20_IDLE_NO_READY_OPS                              0                              0              

FU_21_IDLE_NO_READY_OPS                              0                              0              

FU_22_IDLE_NO_READY_OPS                              0                              0              

FU_23_IDLE_NO_READY_OPS                              0                              0              

FU_24_IDLE_NO_READY_OPS                              0                              0              

FU_25_IDLE_NO_READY_OPS                              0                              0              

FU_26_IDLE_NO_READY_OPS                              0                              0              

FU_27_IDLE_NO_READY_OPS                              0                              0              

FU_28_IDLE_NO_READY_OPS                              0                              0              

FU_29_IDLE_NO_READY_OPS                              0                              0              

FU_30_IDLE_NO_READY_OPS                              0                              0              

FU_31_IDLE_NO_READY_OPS                              0                              0              

FU_31_PLUS_IDLE_NO_READY_OPS                         0                              0              

MAP_STAGE_STARVED                              2257232       13.815%          2257232       13.815%
MAP_STAGE_NOT_STARVED                         14081678       86.185%         14081678       86.185%
                                              16338910      100.000%         16338910      100.000%
                                                  0.86         0.81              0.86         0.81

MAP_STAGE_STALLED                                  250        0.001%              250        0.001%
MAP_STAGE_NOT_STALLED                         16338660       55.246%         16338660       55.246%
MAP_STAGE_OFF_PATH                            13235415       44.753%         13235415       44.753%
                                              29574325      100.000%         29574325      100.000%
                                                  1.45         1.09              1.45         1.09

MAP_STAGE_STALL_ITSELF                        82350826       73.577%         82350826       73.577%
MAP_STAGE_NOT_STALL_ITSELF                    29574325       26.423%         29574325       26.423%
                                             111925151      100.000%        111925151      100.000%
                                                  0.26         0.40              0.26         0.40

MAP_STAGE_LATE_ALLOCATE_SEND_BACK                    0                              0              

MAP_STAGE_RENAME_OP_ONPATH                    72539146                       72539146              

MAP_STAGE_RENAME_OP_OFFPATH                   66037422                       66037422              

MAP_STAGE_RENAME_INT_REG_ONPATH               61442958                       61442958              

MAP_STAGE_RENAME_INT_REG_OFFPATH              61883729                       61883729              

MAP_STAGE_RENAME_VEC_REG_ONPATH                2101293                        2101293              

MAP_STAGE_RENAME_VEC_REG_OFFPATH               3053659                        3053659              

MAP_STAGE_RENAME_MOVE_ELIM_ONPATH                    0                              0              

MAP_STAGE_RENAME_MOVE_ELIM_OFFPATH                   0                              0              

MAP_STAGE_ONPATH_INT_REG_NUM_ALLOC            64069186                       64069186              

MAP_STAGE_ONPATH_VEC_REG_NUM_ALLOC             2101284                        2101284              

MAP_STAGE_ONPATH_INT_REG_NUM_SHORTLIVE        27238776                       27238776              

MAP_STAGE_ONPATH_VEC_REG_NUM_SHORTLIVE          525106                         525106              

MAP_STAGE_ONPATH_INT_REG_USE_COUNT_0          13100607                       13100607              

MAP_STAGE_ONPATH_VEC_REG_USE_COUNT_0                 5                              5              

MAP_STAGE_ONPATH_INT_REG_USE_COUNT_1          32774508                       32774508              

MAP_STAGE_ONPATH_VEC_REG_USE_COUNT_1           1949251                        1949251              

MAP_STAGE_ONPATH_INT_REG_USE_COUNT_2          13259520                       13259520              

MAP_STAGE_ONPATH_VEC_REG_USE_COUNT_2            152028                         152028              

MAP_STAGE_ONPATH_INT_REG_USE_COUNT_3           3872938                        3872938              

MAP_STAGE_ONPATH_VEC_REG_USE_COUNT_3                 0                              0              

MAP_STAGE_ONPATH_INT_REG_USE_COUNT_4            595349                         595349              

MAP_STAGE_ONPATH_VEC_REG_USE_COUNT_4                 0                              0              

MAP_STAGE_ONPATH_INT_REG_USE_COUNT_5             29711                          29711              

MAP_STAGE_ONPATH_VEC_REG_USE_COUNT_5                 0                              0              

MAP_STAGE_ONPATH_INT_REG_USE_COUNT_6            259195                         259195              

MAP_STAGE_ONPATH_VEC_REG_USE_COUNT_6                 0                              0              

MAP_STAGE_ONPATH_INT_REG_USE_COUNT_7_PLUS        177358                         177358              

MAP_STAGE_ONPATH_VEC_REG_USE_COUNT_7_PLUS             0                              0              

MAP_STAGE_ONPATH_INT_REG_CONSUME_DIST_0              0        0.0000                0        0.0000

MAP_STAGE_ONPATH_VEC_REG_CONSUME_DIST_0              0        0.0000                0        0.0000

MAP_STAGE_ONPATH_INT_REG_CONSUME_DIST_1              0        0.0000                0        0.0000

MAP_STAGE_ONPATH_VEC_REG_CONSUME_DIST_1              0        0.0000                0        0.0000

MAP_STAGE_ONPATH_INT_REG_CONSUME_DIST_2      192461134       14.5149        192461134       14.5149

MAP_STAGE_ONPATH_VEC_REG_CONSUME_DIST_2        8524275       56.0704          8524275       56.0704

MAP_STAGE_ONPATH_INT_REG_CONSUME_DIST_3       55038242       14.2110         55038242       14.2110

MAP_STAGE_ONPATH_VEC_REG_CONSUME_DIST_3              0          -nan                0          -nan

MAP_STAGE_ONPATH_INT_REG_CONSUME_DIST_4       31291532       52.5600         31291532       52.5600

MAP_STAGE_ONPATH_VEC_REG_CONSUME_DIST_4              0          -nan                0          -nan

MAP_STAGE_ONPATH_INT_REG_CONSUME_DIST_5        2215835       74.5796          2215835       74.5796

MAP_STAGE_ONPATH_VEC_REG_CONSUME_DIST_5              0          -nan                0          -nan

MAP_STAGE_ONPATH_INT_REG_CONSUME_DIST_6       24920561       96.1460         24920561       96.1460

MAP_STAGE_ONPATH_VEC_REG_CONSUME_DIST_6              0          -nan                0          -nan

MAP_STAGE_ONPATH_INT_REG_CONSUME_DIST_7_PLUS     730536666     4118.9947        730536666     4118.9947

MAP_STAGE_ONPATH_VEC_REG_CONSUME_DIST_7_PLUS             0          -nan                0          -nan

MAP_STAGE_INT_REG_ISSUE_READ_TOTAL_CONSUMED     142100195        4.4131        142100195        4.4131

MAP_STAGE_VEC_REG_ISSUE_READ_TOTAL_CONSUMED       2764648        0.0859          2764648        0.0859

MAP_STAGE_INT_REG_ISSUE_READ_MULTI_CONSUMED      68199399        2.1180         68199399        2.1180

MAP_STAGE_VEC_REG_ISSUE_READ_MULTI_CONSUMED        230282        0.0072           230282        0.0072

MAP_STAGE_INT_REG_ISSUE_READ_SAME_CYCLE_CONSUMED      26556257        0.8247         26556257        0.8247

MAP_STAGE_VEC_REG_ISSUE_READ_SAME_CYCLE_CONSUMED         74630        0.0023            74630        0.0023

MAP_STAGE_INT_REG_ISSUE_READ_TOTAL_CONSUMED_ONPATH      96128879        5.2902         96128879        5.2902

MAP_STAGE_VEC_REG_ISSUE_READ_TOTAL_CONSUMED_ONPATH       2311614        0.1272          2311614        0.1272

MAP_STAGE_INT_REG_ISSUE_READ_MULTI_CONSUMED_ONPATH      45160271        2.4853         45160271        2.4853

MAP_STAGE_VEC_REG_ISSUE_READ_MULTI_CONSUMED_ONPATH        210327        0.0116           210327        0.0116

MAP_STAGE_INT_REG_ISSUE_READ_SAME_CYCLE_CONSUMED_ONPATH      18773011        1.0331         18773011        1.0331

MAP_STAGE_VEC_REG_ISSUE_READ_SAME_CYCLE_CONSUMED_ONPATH         70205        0.0039            70205        0.0039

MAP_STAGE_ONPATH_INT_REG_LIFECYCLE_EMPTY    6303616931                     6303616931              

MAP_STAGE_ONPATH_VEC_REG_LIFECYCLE_EMPTY     398417775                      398417775              

MAP_STAGE_ONPATH_INT_REG_LIFECYCLE_IN_USE    9787846836                     9787846836              

MAP_STAGE_ONPATH_VEC_REG_LIFECYCLE_IN_USE     456642796                      456642796              

MAP_STAGE_ONPATH_INT_REG_LIFECYCLE_SPEC_RELEASE   17037064318                    17037064318              

MAP_STAGE_ONPATH_VEC_REG_LIFECYCLE_SPEC_RELEASE     742516914                      742516914              

MAP_STAGE_ONPATH_INT_REG_LIFECYCLE_NONSPEC_RELEASE   17037064318                    17037064318              

MAP_STAGE_ONPATH_VEC_REG_LIFECYCLE_NONSPEC_RELEASE     742516914                      742516914              

MAP_STAGE_ONPATH_INT_REG_LIFECYCLE_TOTAL   17037064318                    17037064318              

MAP_STAGE_ONPATH_VEC_REG_LIFECYCLE_TOTAL     742516914                      742516914              

MAP_STAGE_ONPATH_INT_REG_NUM_NONBRANCH        64069186                       64069186              

MAP_STAGE_ONPATH_VEC_REG_NUM_NONBRANCH         2101284                        2101284              

MAP_STAGE_ONPATH_INT_REG_NUM_NONEXCEPT        64069186                       64069186              

MAP_STAGE_ONPATH_VEC_REG_NUM_NONEXCEPT         2101284                        2101284              

MAP_STAGE_ONPATH_INT_REG_NUM_ATOMIC           64069186                       64069186              

MAP_STAGE_ONPATH_VEC_REG_NUM_ATOMIC            2101284                        2101284              

MAP_STAGE_ONPATH_INT_REG_ATOMIC_REDEFINED_DIST_TOTAL   17037064318      265.9167      17037064318      265.9167

MAP_STAGE_ONPATH_VEC_REG_ATOMIC_REDEFINED_DIST_TOTAL     742516914      353.3634        742516914      353.3634

MAP_STAGE_ONPATH_INT_REG_ATOMIC_CONSUMED_DIST_TOTAL    9787846836      152.7700       9787846836      152.7700

MAP_STAGE_ONPATH_VEC_REG_ATOMIC_CONSUMED_DIST_TOTAL     456642796      217.3161        456642796      217.3161

MAP_STAGE_ONPATH_INT_REG_ATOMIC_RELEASE_DIST_TOTAL   17037064318      265.9167      17037064318      265.9167

MAP_STAGE_ONPATH_VEC_REG_ATOMIC_RELEASE_DIST_TOTAL     742516914      353.3634        742516914      353.3634

EXEC_STAGE_STARVED                            61942343       55.343%         61942343       55.343%
EXEC_STAGE_NOT_STARVED                         2498363        2.232%          2498363        2.232%
EXEC_STAGE_OFF_PATH                           47484445       42.425%         47484445       42.425%
                                             111925151      100.000%        111925151      100.000%
                                                  0.87         0.93              0.87         0.93

FU_BUSY_0                                     19199193                       19199193              

FU_BUSY_1                                     13344824                       13344824              

FU_BUSY_2                                      9994580                        9994580              

FU_BUSY_3                                      9990430                        9990430              

FU_BUSY_4                                     12100682                       12100682              

FU_BUSY_5                                     19209836                       19209836              

FU_BUSY_6                                      2700885                        2700885              

FU_BUSY_7                                      2709586                        2709586              

FU_BUSY_8                                     12648036                       12648036              

FU_BUSY_9                                      9993949                        9993949              

FU_BUSY_10                                           0                              0              

FU_BUSY_11                                           0                              0              

FU_BUSY_12                                           0                              0              

FU_BUSY_13                                           0                              0              

FU_BUSY_14                                           0                              0              

FU_BUSY_15                                           0                              0              

FU_BUSY_16                                           0                              0              

FU_BUSY_17                                           0                              0              

FU_BUSY_18                                           0                              0              

FU_BUSY_19                                           0                              0              

FU_BUSY_20                                           0                              0              

FU_BUSY_21                                           0                              0              

FU_BUSY_22                                           0                              0              

FU_BUSY_23                                           0                              0              

FU_BUSY_24                                           0                              0              

FU_BUSY_25                                           0                              0              

FU_BUSY_26                                           0                              0              

FU_BUSY_27                                           0                              0              

FU_BUSY_28                                           0                              0              

FU_BUSY_29                                           0                              0              

FU_BUSY_30                                           0                              0              

FU_BUSY_31                                           0                              0              

FU_REJECTED_OP_INV_NOT_SIMD                          0        0.000%                0        0.000%
FU_REJECTED_OP_NOP_NOT_SIMD                         74        0.003%               74        0.003%
FU_REJECTED_OP_CF_NOT_SIMD                       24747        0.882%            24747        0.882%
FU_REJECTED_OP_MOV_NOT_SIMD                       2172        0.077%             2172        0.077%
FU_REJECTED_OP_CMOV_NOT_SIMD                         0        0.000%                0        0.000%
FU_REJECTED_OP_LDA_NOT_SIMD                       2301        0.082%             2301        0.082%
FU_REJECTED_OP_IMEM_NOT_SIMD                   1581602       56.350%          1581602       56.350%
FU_REJECTED_OP_IADD_NOT_SIMD                    180878        6.444%           180878        6.444%
FU_REJECTED_OP_IMUL_NOT_SIMD                      1778        0.063%             1778        0.063%
FU_REJECTED_OP_IDIV_NOT_SIMD                         0        0.000%                0        0.000%
FU_REJECTED_OP_ICMP_NOT_SIMD                         0        0.000%                0        0.000%
FU_REJECTED_OP_LOGIC_NOT_SIMD                     9647        0.344%             9647        0.344%
FU_REJECTED_OP_SHIFT_NOT_SIMD                     4290        0.153%             4290        0.153%
FU_REJECTED_OP_FMEM_NOT_SIMD                     19681        0.701%            19681        0.701%
FU_REJECTED_OP_FCVT_NOT_SIMD                         0        0.000%                0        0.000%
FU_REJECTED_OP_FADD_NOT_SIMD                         0        0.000%                0        0.000%
FU_REJECTED_OP_FMUL_NOT_SIMD                         0        0.000%                0        0.000%
FU_REJECTED_OP_FMA_NOT_SIMD                          0        0.000%                0        0.000%
FU_REJECTED_OP_FDIV_NOT_SIMD                         0        0.000%                0        0.000%
FU_REJECTED_OP_FCMP_NOT_SIMD                         0        0.000%                0        0.000%
FU_REJECTED_OP_FCMOV_NOT_SIMD                        0        0.000%                0        0.000%
FU_REJECTED_OP_GATHER_NOT_SIMD                       0        0.000%                0        0.000%
FU_REJECTED_OP_SCATTER_NOT_SIMD                      0        0.000%                0        0.000%
FU_REJECTED_OP_PIPELINED_FAST_NOT_SIMD               0        0.000%                0        0.000%
FU_REJECTED_OP_PIPELINED_MEDIUM_NOT_SIMD             0        0.000%                0        0.000%
FU_REJECTED_OP_PIPELINED_SLOW_NOT_SIMD               0        0.000%                0        0.000%
FU_REJECTED_OP_NOTPIPELINED_MEDIUM_NOT_SIMD             0        0.000%                0        0.000%
FU_REJECTED_OP_NOTPIPELINED_SLOW_NOT_SIMD             0        0.000%                0        0.000%
FU_REJECTED_OP_NOTPIPELINED_VERY_SLOW_NOT_SIMD             0        0.000%                0        0.000%
FU_REJECTED_OP_INV_SIMD                              0        0.000%                0        0.000%
FU_REJECTED_OP_NOP_SIMD                              0        0.000%                0        0.000%
FU_REJECTED_OP_CF_SIMD                               0        0.000%                0        0.000%
FU_REJECTED_OP_MOV_SIMD                              0        0.000%                0        0.000%
FU_REJECTED_OP_CMOV_SIMD                             0        0.000%                0        0.000%
FU_REJECTED_OP_LDA_SIMD                              0        0.000%                0        0.000%
FU_REJECTED_OP_IMEM_SIMD                             0        0.000%                0        0.000%
FU_REJECTED_OP_IADD_SIMD                             0        0.000%                0        0.000%
FU_REJECTED_OP_IMUL_SIMD                             0        0.000%                0        0.000%
FU_REJECTED_OP_IDIV_SIMD                             0        0.000%                0        0.000%
FU_REJECTED_OP_ICMP_SIMD                             0        0.000%                0        0.000%
FU_REJECTED_OP_LOGIC_SIMD                            0        0.000%                0        0.000%
FU_REJECTED_OP_SHIFT_SIMD                          542        0.019%              542        0.019%
FU_REJECTED_OP_FMEM_SIMD                             0        0.000%                0        0.000%
FU_REJECTED_OP_FCVT_SIMD                        181883        6.480%           181883        6.480%
FU_REJECTED_OP_FADD_SIMD                         13181        0.470%            13181        0.470%
FU_REJECTED_OP_FMUL_SIMD                        167197        5.957%           167197        5.957%
FU_REJECTED_OP_FMA_SIMD                          35277        1.257%            35277        1.257%
FU_REJECTED_OP_FDIV_SIMD                          1522        0.054%             1522        0.054%
FU_REJECTED_OP_FCMP_SIMD                             0        0.000%                0        0.000%
FU_REJECTED_OP_FCMOV_SIMD                       579981       20.664%           579981       20.664%
FU_REJECTED_OP_GATHER_SIMD                           0        0.000%                0        0.000%
FU_REJECTED_OP_SCATTER_SIMD                          0        0.000%                0        0.000%
FU_REJECTED_OP_PIPELINED_FAST_SIMD                   0        0.000%                0        0.000%
FU_REJECTED_OP_PIPELINED_MEDIUM_SIMD                 0        0.000%                0        0.000%
FU_REJECTED_OP_PIPELINED_SLOW_SIMD                   0        0.000%                0        0.000%
FU_REJECTED_OP_NOTPIPELINED_MEDIUM_SIMD              0        0.000%                0        0.000%
FU_REJECTED_OP_NOTPIPELINED_SLOW_SIMD                0        0.000%                0        0.000%
FU_REJECTED_OP_NOTPIPELINED_VERY_SLOW_SIMD             0        0.000%                0        0.000%
                                               2806753      100.000%          2806753      100.000%
                                                 20.42        19.55             20.42        19.55

LSQ_FULL_TOTAL                                     250                            250              

LSQ_FULL_LOAD_QUEUE                                  0                              0              

LSQ_FULL_STORE_QUEUE                               250                            250              

OP_WAIT_0                                     53628138                       53628138              

OP_WAIT_1                                     13260368                       13260368              

OP_WAIT_2                                      2320175                        2320175              

OP_WAIT_3                                       850082                         850082              

OP_WAIT_4                                       451615                         451615              

OP_WAIT_5                                       277648                         277648              

OP_WAIT_6                                       124378                         124378              

OP_WAIT_7                                        90579                          90579              

OP_WAIT_8                                        75198                          75198              

OP_WAIT_9                                        49768                          49768              

OP_WAIT_10                                       61446                          61446              

OP_WAIT_11                                       37266                          37266              

OP_WAIT_12                                       33249                          33249              

OP_WAIT_13                                       30050                          30050              

OP_WAIT_14                                       13860                          13860              

OP_WAIT_15                                       13255                          13255              

OP_WAIT_16                                        9214                           9214              

OP_WAIT_17                                        8330                           8330              

OP_WAIT_18                                        8128                           8128              

OP_WAIT_19                                        6836                           6836              

OP_WAIT_20                                        6355                           6355              

OP_WAIT_21                                        4717                           4717              

OP_WAIT_22                                        4105                           4105              

OP_WAIT_23                                        4174                           4174              

OP_WAIT_24                                        4750                           4750              

OP_WAIT_25                                        3550                           3550              

OP_WAIT_26                                        3760                           3760              

OP_WAIT_27                                        3471                           3471              

OP_WAIT_28                                        3500                           3500              

OP_WAIT_29                                        3381                           3381              

OP_WAIT_30                                        3524                           3524              

OP_WAIT_31                                     1144276                        1144276              

ROW_SIZE_0                                    97435303                       97435303              

ROW_SIZE_1                                     3284061                        3284061              

ROW_SIZE_2                                      633204                         633204              

ROW_SIZE_3                                      459037                         459037              

ROW_SIZE_4                                     1314270                        1314270              

ROW_SIZE_5                                      207378                         207378              

ROW_SIZE_6                                      444346                         444346              

ROW_SIZE_7                                      122656                         122656              

ROW_SIZE_8                                     7099116                        7099116              

ROW_SIZE_9                                           0                              0              

ROW_SIZE_10                                          0                              0              

ROW_SIZE_11                                          0                              0              

ROW_SIZE_12                                          0                              0              

ROW_SIZE_13                                          0                              0              

ROW_SIZE_14                                          0                              0              

ROW_SIZE_15                                          0                              0              

ROW_SIZE_16                                          0                              0              

ROW_SIZE_17                                          0                              0              

ROW_SIZE_18                                          0                              0              

ROW_SIZE_19                                          0                              0              

ROW_SIZE_20                                          0                              0              

ROW_SIZE_21                                          0                              0              

ROW_SIZE_22                                          0                              0              

ROW_SIZE_23                                          0                              0              

ROW_SIZE_24                                          0                              0              

ROW_SIZE_25                                          0                              0              

ROW_SIZE_26                                          0                              0              

ROW_SIZE_27                                          0                              0              

ROW_SIZE_28                                          0                              0              

ROW_SIZE_29                                          0                              0              

ROW_SIZE_30                                          0                              0              

ROW_SIZE_31                                          0                              0              

RET_OP_EXEC_COUNT_0                                  0        0.000%                0        0.000%
RET_OP_EXEC_COUNT_1                           72539146      100.000%         72539146      100.000%
RET_OP_EXEC_COUNT_2                                  0        0.000%                0        0.000%
RET_OP_EXEC_COUNT_3                                  0        0.000%                0        0.000%
RET_OP_EXEC_COUNT_4                                  0        0.000%                0        0.000%
RET_OP_EXEC_COUNT_5                                  0        0.000%                0        0.000%
RET_OP_EXEC_COUNT_6                                  0        0.000%                0        0.000%
RET_OP_EXEC_COUNT_7                                  0        0.000%                0        0.000%
RET_OP_EXEC_COUNT_8                                  0        0.000%                0        0.000%
RET_OP_EXEC_COUNT_9                                  0        0.000%                0        0.000%
RET_OP_EXEC_COUNT_10                                 0        0.000%                0        0.000%
RET_OP_EXEC_COUNT_11                                 0        0.000%                0        0.000%
RET_OP_EXEC_COUNT_12                                 0        0.000%                0        0.000%
RET_OP_EXEC_COUNT_13                                 0        0.000%                0        0.000%
RET_OP_EXEC_COUNT_14                                 0        0.000%                0        0.000%
RET_OP_EXEC_COUNT_15                                 0        0.000%                0        0.000%
RET_OP_EXEC_COUNT_16                                 0        0.000%                0        0.000%
RET_OP_EXEC_COUNT_17                                 0        0.000%                0        0.000%
RET_OP_EXEC_COUNT_18                                 0        0.000%                0        0.000%
RET_OP_EXEC_COUNT_19                                 0        0.000%                0        0.000%
RET_OP_EXEC_COUNT_20                                 0        0.000%                0        0.000%
RET_OP_EXEC_COUNT_21                                 0        0.000%                0        0.000%
RET_OP_EXEC_COUNT_22                                 0        0.000%                0        0.000%
RET_OP_EXEC_COUNT_23                                 0        0.000%                0        0.000%
RET_OP_EXEC_COUNT_24                                 0        0.000%                0        0.000%
RET_OP_EXEC_COUNT_25                                 0        0.000%                0        0.000%
RET_OP_EXEC_COUNT_26                                 0        0.000%                0        0.000%
RET_OP_EXEC_COUNT_27                                 0        0.000%                0        0.000%
RET_OP_EXEC_COUNT_28                                 0        0.000%                0        0.000%
RET_OP_EXEC_COUNT_29                                 0        0.000%                0        0.000%
RET_OP_EXEC_COUNT_30                                 0        0.000%                0        0.000%
RET_OP_EXEC_COUNT_31                                 0        0.000%                0        0.000%
RET_OP_EXEC_COUNT_32                                 0        0.000%                0        0.000%
                                              72539146      100.000%         72539146      100.000%
                                                  1.00         0.00              1.00         0.00

RET_STALL_LENGTH_0                            72189741       99.518%         72189741       99.518%
RET_STALL_LENGTH_100                            228858        0.315%           228858        0.315%
RET_STALL_LENGTH_200                             92605        0.128%            92605        0.128%
RET_STALL_LENGTH_300                              3366        0.005%             3366        0.005%
RET_STALL_LENGTH_400                              6547        0.009%             6547        0.009%
RET_STALL_LENGTH_500                              9364        0.013%             9364        0.013%
RET_STALL_LENGTH_600                              3226        0.004%             3226        0.004%
RET_STALL_LENGTH_700                               831        0.001%              831        0.001%
RET_STALL_LENGTH_800                               262        0.000%              262        0.000%
RET_STALL_LENGTH_900                               120        0.000%              120        0.000%
RET_STALL_LENGTH_1000                               99        0.000%               99        0.000%
RET_STALL_LENGTH_1100                              320        0.000%              320        0.000%
RET_STALL_LENGTH_1200                             2457        0.003%             2457        0.003%
RET_STALL_LENGTH_1300                              662        0.001%              662        0.001%
RET_STALL_LENGTH_1400                              116        0.000%              116        0.000%
RET_STALL_LENGTH_1500                               46        0.000%               46        0.000%
RET_STALL_LENGTH_1600                               86        0.000%               86        0.000%
RET_STALL_LENGTH_1700                              229        0.000%              229        0.000%
RET_STALL_LENGTH_1800                              146        0.000%              146        0.000%
RET_STALL_LENGTH_1900                               41        0.000%               41        0.000%
RET_STALL_LENGTH_2000                               18        0.000%               18        0.000%
RET_STALL_LENGTH_2100                                5        0.000%                5        0.000%
RET_STALL_LENGTH_2200                                1        0.000%                1        0.000%
RET_STALL_LENGTH_2300                                0        0.000%                0        0.000%
RET_STALL_LENGTH_2400                                0        0.000%                0        0.000%
RET_STALL_LENGTH_2500                                0        0.000%                0        0.000%
RET_STALL_LENGTH_2600                                0        0.000%                0        0.000%
RET_STALL_LENGTH_2700                                0        0.000%                0        0.000%
RET_STALL_LENGTH_2800                                0        0.000%                0        0.000%
RET_STALL_LENGTH_2900                                0        0.000%                0        0.000%
RET_STALL_LENGTH_3000                                0        0.000%                0        0.000%
RET_STALL_LENGTH_3100                                0        0.000%                0        0.000%
RET_STALL_LENGTH_3200                                0        0.000%                0        0.000%
RET_STALL_LENGTH_3300                                0        0.000%                0        0.000%
RET_STALL_LENGTH_3400                                0        0.000%                0        0.000%
RET_STALL_LENGTH_3500                                0        0.000%                0        0.000%
RET_STALL_LENGTH_3600                                0        0.000%                0        0.000%
RET_STALL_LENGTH_3700                                0        0.000%                0        0.000%
RET_STALL_LENGTH_3800                                0        0.000%                0        0.000%
RET_STALL_LENGTH_3900                                0        0.000%                0        0.000%
RET_STALL_LENGTH_4000                                0        0.000%                0        0.000%
RET_STALL_LENGTH_4100                                0        0.000%                0        0.000%
RET_STALL_LENGTH_4200                                0        0.000%                0        0.000%
RET_STALL_LENGTH_4300                                0        0.000%                0        0.000%
RET_STALL_LENGTH_4400                                0        0.000%                0        0.000%
RET_STALL_LENGTH_4500                                0        0.000%                0        0.000%
RET_STALL_LENGTH_4600                                0        0.000%                0        0.000%
RET_STALL_LENGTH_4700                                0        0.000%                0        0.000%
RET_STALL_LENGTH_4800                                0        0.000%                0        0.000%
RET_STALL_LENGTH_4900                                0        0.000%                0        0.000%
RET_STALL_LENGTH_5000                                0        0.000%                0        0.000%
                                              72539146      100.000%         72539146      100.000%
                                                  0.01         0.16              0.01         0.16

MEM_BLOCK_LENGTH_0                               11231       94.673%            11231       94.673%
MEM_BLOCK_LENGTH_100                               491        4.139%              491        4.139%
MEM_BLOCK_LENGTH_200                                90        0.759%               90        0.759%
MEM_BLOCK_LENGTH_300                                23        0.194%               23        0.194%
MEM_BLOCK_LENGTH_400                                17        0.143%               17        0.143%
MEM_BLOCK_LENGTH_500                                 7        0.059%                7        0.059%
MEM_BLOCK_LENGTH_600                                 2        0.017%                2        0.017%
MEM_BLOCK_LENGTH_700                                 1        0.008%                1        0.008%
MEM_BLOCK_LENGTH_800                                 1        0.008%                1        0.008%
MEM_BLOCK_LENGTH_900                                 0        0.000%                0        0.000%
MEM_BLOCK_LENGTH_1000                                0        0.000%                0        0.000%
MEM_BLOCK_LENGTH_1100                                0        0.000%                0        0.000%
MEM_BLOCK_LENGTH_1200                                0        0.000%                0        0.000%
MEM_BLOCK_LENGTH_1300                                0        0.000%                0        0.000%
MEM_BLOCK_LENGTH_1400                                0        0.000%                0        0.000%
MEM_BLOCK_LENGTH_1500                                0        0.000%                0        0.000%
MEM_BLOCK_LENGTH_1600                                0        0.000%                0        0.000%
MEM_BLOCK_LENGTH_1700                                0        0.000%                0        0.000%
MEM_BLOCK_LENGTH_1800                                0        0.000%                0        0.000%
MEM_BLOCK_LENGTH_1900                                0        0.000%                0        0.000%
MEM_BLOCK_LENGTH_2000                                0        0.000%                0        0.000%
MEM_BLOCK_LENGTH_2100                                0        0.000%                0        0.000%
MEM_BLOCK_LENGTH_2200                                0        0.000%                0        0.000%
MEM_BLOCK_LENGTH_2300                                0        0.000%                0        0.000%
MEM_BLOCK_LENGTH_2400                                0        0.000%                0        0.000%
MEM_BLOCK_LENGTH_2500                                0        0.000%                0        0.000%
MEM_BLOCK_LENGTH_2600                                0        0.000%                0        0.000%
MEM_BLOCK_LENGTH_2700                                0        0.000%                0        0.000%
MEM_BLOCK_LENGTH_2800                                0        0.000%                0        0.000%
MEM_BLOCK_LENGTH_2900                                0        0.000%                0        0.000%
MEM_BLOCK_LENGTH_3000                                0        0.000%                0        0.000%
MEM_BLOCK_LENGTH_3100                                0        0.000%                0        0.000%
MEM_BLOCK_LENGTH_3200                                0        0.000%                0        0.000%
MEM_BLOCK_LENGTH_3300                                0        0.000%                0        0.000%
MEM_BLOCK_LENGTH_3400                                0        0.000%                0        0.000%
MEM_BLOCK_LENGTH_3500                                0        0.000%                0        0.000%
MEM_BLOCK_LENGTH_3600                                0        0.000%                0        0.000%
MEM_BLOCK_LENGTH_3700                                0        0.000%                0        0.000%
MEM_BLOCK_LENGTH_3800                                0        0.000%                0        0.000%
MEM_BLOCK_LENGTH_3900                                0        0.000%                0        0.000%
MEM_BLOCK_LENGTH_4000                                0        0.000%                0        0.000%
MEM_BLOCK_LENGTH_4100                                0        0.000%                0        0.000%
MEM_BLOCK_LENGTH_4200                                0        0.000%                0        0.000%
MEM_BLOCK_LENGTH_4300                                0        0.000%                0        0.000%
MEM_BLOCK_LENGTH_4400                                0        0.000%                0        0.000%
MEM_BLOCK_LENGTH_4500                                0        0.000%                0        0.000%
MEM_BLOCK_LENGTH_4600                                0        0.000%                0        0.000%
MEM_BLOCK_LENGTH_4700                                0        0.000%                0        0.000%
MEM_BLOCK_LENGTH_4800                                0        0.000%                0        0.000%
MEM_BLOCK_LENGTH_4900                                0        0.000%                0        0.000%
MEM_BLOCK_LENGTH_5000                                0        0.000%                0        0.000%
                                                 11863      100.000%            11863      100.000%
                                                  0.07         0.36              0.07         0.36

FUS_BUSY_ON_PATH                              75129766        0.6713         75129766        0.6713

FUS_BUSY_OFF_PATH                             36762235        0.3285         36762235        0.3285

FU_BUSY_MEM_STALL                              3145164        0.0281          3145164        0.0281

FUS_EMPTY                                   1007359509        9.0003       1007359509        9.0003

FU_UNAVAILABLE                                  861767        0.0077           861767        0.0077

FU_MEM_UNAVAILABLE                             1944986        0.0174          1944986        0.0174

FU_OTHER_UNAVAILABLE                                 0        0.0000                0        0.0000

FU_REPLAY                                            0        0.0000                0        0.0000

FU_STARVED                                  1005339045        8.9822       1005339045        8.9822

CHIP_UTILIZATION                                     0        0.0000                0        0.0000

CYCLES_UNDER_MEM_REQ                                 0                              0              

CYCLES_UNDER_NO_MEM_REQ                              0                              0              

CYCLES_UNDER_CRITICAL_MEM_REQ                        0                              0              

CYCLES_UNDER_NONCRITICAL_MEM_REQ                     0                              0              

CHIP_UTILIZATION_UNDER_MEM_REQ                       0          -nan                0          -nan

CHIP_UTILIZATION_UNDER_NO_MEM_REQ                    0          -nan                0          -nan

CHIP_UTILIZATION_UNDER_CRITICAL_MEM_REQ              0          -nan                0          -nan

CHIP_UTILIZATION_UNDER_NONCRITICAL_MEM_REQ             0          -nan                0          -nan

CYCLES_NOT_WAITING_FOR_OFF_CHIP                      0        0.0000                0        0.0000

FUS_BUSY_NOT_WAITING_FOR_OFF_CHIP                    0          -nan                0          -nan

CYCLES_WAITING_FOR_OFF_CHIP                          0        0.0000                0        0.0000

FUS_BUSY_WAITING_FOR_OFF_CHIP                        0          -nan                0          -nan

TOTAL_OFF_CHIP_DELAYS_LEFT                           0                              0              

WRONG_IO_SCHED                                       0                              0              

DVFS_CONFIG_SWITCH                                   0                              0              

MAP_STAGE_RECEIVED_OPS_0                             0        0.000%                0        0.000%
MAP_STAGE_RECEIVED_OPS_1                        199969        1.472%           199969        1.472%
MAP_STAGE_RECEIVED_OPS_2                        476679        3.508%           476679        3.508%
MAP_STAGE_RECEIVED_OPS_3                        431375        3.175%           431375        3.175%
MAP_STAGE_RECEIVED_OPS_4                       2523170       18.569%          2523170       18.569%
MAP_STAGE_RECEIVED_OPS_5                        370911        2.730%           370911        2.730%
MAP_STAGE_RECEIVED_OPS_6                       9585932       70.547%          9585932       70.547%
MAP_STAGE_RECEIVED_OPS_7                             0        0.000%                0        0.000%
MAP_STAGE_RECEIVED_OPS_8                             0        0.000%                0        0.000%
MAP_STAGE_RECEIVED_OPS_MAX                           0        0.000%                0        0.000%
                                              13588036      100.000%         13588036      100.000%
                                                  5.29         1.22              5.29         1.22

MAP_STAGE_WAIT_FOR_DECODE                            0         -nan%                0         -nan%
MAP_STAGE_CONSUME_DECODE                             0         -nan%                0         -nan%
                                                     0         -nan%                0         -nan%
                                                  -nan         -nan              -nan         -nan

MAP_STAGE_WAIT_FOR_DECODE2                           0         -nan%                0         -nan%
MAP_STAGE_CONSUME_DECODE2                            0         -nan%                0         -nan%
                                                     0         -nan%                0         -nan%
                                                  -nan         -nan              -nan         -nan

FTQ_RECOVER_EXEC                                493386                         493386              

FTQ_RECOVER_DECODE                                  35                             35              

FTQ_OFFPATH_CYCLES                            87808669                       87808669              

FTQ_CYCLES_OFFPATH                            87808669                       87808669              

FTQ_CYCLES_ONPATH                             24116482                       24116482              

FTQ_FETCHED_INS_ONPATH                        72539131                       72539131              

FTQ_FETCHED_INS_OFFPATH                      246814563                      246814563              

FTQ_BREAK_FULL_FT_ONPATH                      15176024                       15176024              

FTQ_BREAK_FULL_FT_OFFPATH                     60709593                       60709593              

FTQ_BREAK_PRED_BR_ONPATH                             0                              0              

FTQ_BREAK_PRED_BR_OFFPATH                            0                              0              

FTQ_BREAK_BAR_FETCH_ONPATH                           0                              0              

FTQ_BREAK_BAR_FETCH_OFFPATH                          0                              0              

FTQ_BREAK_MAX_CFS_TAKEN_ONPATH                       0                              0              

FTQ_BREAK_MAX_CFS_TAKEN_OFFPATH                      0                              0              

FTQ_BREAK_MAX_FT_ONPATH                        8939561                        8939561              

FTQ_BREAK_MAX_FT_OFFPATH                      27099076                       27099076              

DFE_GEN_ON_PATH_FT                            12412436                       12412436              

DFE_GEN_OFF_PATH_FT                           30326357                       30326357              

DFE_L0_ENABLED_PREDICTIONS                    72539146                       72539146              

DFE_L0_WRONG_MAIN_CORRECT                       424264                         424264              

DFE_L0_WRONG_MAIN_WRONG                         383608                         383608              

DFE_L0_CORRECT_MAIN_WRONG                       109813                         109813              

DFE_L0_CORRECT_MAIN_CORRECT                   71621461                       71621461              

DFE_L0_WRONG_MAIN_CORRECT_RECOVERY_SCHEDULED             0                              0              

FTQ_SAW_BAR_FETCH_OFFPATH                            0                              0              

FTQ_SAW_BAR_FETCH_ONPATH                             2                              2              

DFE_CONF_0_RECOVER_AT_EXEC                           0         -nan%                0         -nan%
DFE_CONF_1_RECOVER_AT_EXEC                           0         -nan%                0         -nan%
DFE_CONF_2_RECOVER_AT_EXEC                           0         -nan%                0         -nan%
DFE_CONF_3_RECOVER_AT_EXEC                           0         -nan%                0         -nan%
DFE_CONF_0_CORRECT                                   0         -nan%                0         -nan%
DFE_CONF_1_CORRECT                                   0         -nan%                0         -nan%
DFE_CONF_2_CORRECT                                   0         -nan%                0         -nan%
DFE_CONF_3_CORRECT                                   0         -nan%                0         -nan%
                                                     0         -nan%                0         -nan%
                                                  -nan         -nan              -nan         -nan

DFE_ON_CONF_ON_OPS                                   0         -nan%                0         -nan%
DFE_ON_CONF_OFF_OPS                                  0         -nan%                0         -nan%
DFE_OFF_CONF_ON_OPS                                  0         -nan%                0         -nan%
DFE_OFF_CONF_OFF_REALISTIC_OPS                       0         -nan%                0         -nan%
DFE_OFF_CONF_OFF_PERFECT_OPS                         0         -nan%                0         -nan%
                                                     0         -nan%                0         -nan%
                                                  -nan         -nan              -nan         -nan

DFE_ON_CONF_ON_FETCH_TARGETS                         0         -nan%                0         -nan%
DFE_ON_CONF_OFF_FETCH_TARGETS                        0         -nan%                0         -nan%
DFE_OFF_CONF_ON_FETCH_TARGETS                        0         -nan%                0         -nan%
DFE_OFF_CONF_OFF_REALISTIC_FETCH_TARGETS             0         -nan%                0         -nan%
DFE_OFF_CONF_OFF_PERFECT_FETCH_TARGETS               0         -nan%                0         -nan%
                                                     0         -nan%                0         -nan%
                                                  -nan         -nan              -nan         -nan

DFE_ON_CONF_ON_CYCLES                                0         -nan%                0         -nan%
DFE_ON_CONF_OFF_CYCLES                               0         -nan%                0         -nan%
DFE_OFF_CONF_ON_CYCLES                               0         -nan%                0         -nan%
DFE_OFF_CONF_OFF_REALISTIC_CYCLES                    0         -nan%                0         -nan%
DFE_OFF_CONF_OFF_PERFECT_CYCLES                      0         -nan%                0         -nan%
                                                     0         -nan%                0         -nan%
                                                  -nan         -nan              -nan         -nan

DFE_OFF_CONF_ON_NUM_EVENTS                           0                              0              

DFE_OFF_CONF_ON_NOT_IDENTIFIED_EVENTS                0         -nan%                0         -nan%
DFE_OFF_CONF_ON_IBTB_MISS_EVENTS                     0         -nan%                0         -nan%
DFE_OFF_CONF_ON_BTB_MISS_EVENTS                      0         -nan%                0         -nan%
DFE_OFF_CONF_ON_BTB_MISS_RECOVER_AT_EXEC_EVENTS             0         -nan%                0         -nan%
DFE_OFF_CONF_ON_RECOVER_AT_EXEC_EVENTS               0         -nan%                0         -nan%
DFE_OFF_CONF_ON_RECOVER_AT_DECODE_EVENTS             0         -nan%                0         -nan%
                                                     0         -nan%                0         -nan%
                                                  -nan         -nan              -nan         -nan

DFE_OFF_CONF_ON_LATE_BTB_HIT_EVENTS                  0                              0              

DFE_OFF_CONF_ON_NOT_IDENTIFIED_CYCLES                0         -nan%                0         -nan%
DFE_OFF_CONF_ON_IBTB_MISS_CYCLES                     0         -nan%                0         -nan%
DFE_OFF_CONF_ON_BTB_MISS_CYCLES                      0         -nan%                0         -nan%
DFE_OFF_CONF_ON_BTB_MISS_RECOVER_AT_EXEC_CYCLES             0         -nan%                0         -nan%
DFE_OFF_CONF_ON_RECOVER_AT_EXEC_CYCLES               0         -nan%                0         -nan%
DFE_OFF_CONF_ON_RECOVER_AT_DECODE_CYCLES             0         -nan%                0         -nan%
                                                     0         -nan%                0         -nan%
                                                  -nan         -nan              -nan         -nan

DFE_OFF_CONF_ON_LATE_BTB_HIT_CYCLES                  0                              0              

DFE_OFF_CONF_ON_NOT_IDENTIFIED_FETCH_TARGETS             0         -nan%                0         -nan%
DFE_OFF_CONF_ON_IBTB_MISS_FETCH_TARGETS              0         -nan%                0         -nan%
DFE_OFF_CONF_ON_BTB_MISS_FETCH_TARGETS               0         -nan%                0         -nan%
DFE_OFF_CONF_ON_BTB_MISS_RECOVER_AT_EXEC_FETCH_TARGETS             0         -nan%                0         -nan%
DFE_OFF_CONF_ON_RECOVER_AT_EXEC_FETCH_TARGETS             0         -nan%                0         -nan%
DFE_OFF_CONF_ON_RECOVER_AT_DECODE_FETCH_TARGETS             0         -nan%                0         -nan%
                                                     0         -nan%                0         -nan%
                                                  -nan         -nan              -nan         -nan

DFE_OFF_CONF_ON_LATE_BTB_HIT_FETCH_TARGETS             0                              0              

DFE_OFF_CONF_ON_BP_INCORRECT_0_CONF                  0         -nan%                0         -nan%
DFE_OFF_CONF_ON_BP_INCORRECT_1_CONF                  0         -nan%                0         -nan%
DFE_OFF_CONF_ON_BP_INCORRECT_2_CONF                  0         -nan%                0         -nan%
DFE_OFF_CONF_ON_BP_INCORRECT_3_CONF                  0         -nan%                0         -nan%
                                                     0         -nan%                0         -nan%
                                                  -nan         -nan              -nan         -nan

DFE_OFF_CONF_ON_BTB_MISS_CBR_0_CONF                  0         -nan%                0         -nan%
DFE_OFF_CONF_ON_BTB_MISS_CBR_1_CONF                  0         -nan%                0         -nan%
DFE_OFF_CONF_ON_BTB_MISS_CBR_2_CONF                  0         -nan%                0         -nan%
DFE_OFF_CONF_ON_BTB_MISS_CBR_3_CONF                  0         -nan%                0         -nan%
                                                     0         -nan%                0         -nan%
                                                  -nan         -nan              -nan         -nan

DFE_OFF_CONF_ON_BTB_MISS_NOT_CF                      0         -nan%                0         -nan%
DFE_OFF_CONF_ON_BTB_MISS_CF_BR                       0         -nan%                0         -nan%
DFE_OFF_CONF_ON_BTB_MISS_CF_CBR                      0         -nan%                0         -nan%
DFE_OFF_CONF_ON_BTB_MISS_CF_CALL                     0         -nan%                0         -nan%
DFE_OFF_CONF_ON_BTB_MISS_CF_IBR                      0         -nan%                0         -nan%
DFE_OFF_CONF_ON_BTB_MISS_CF_ICALL                    0         -nan%                0         -nan%
DFE_OFF_CONF_ON_BTB_MISS_CF_ICO                      0         -nan%                0         -nan%
DFE_OFF_CONF_ON_BTB_MISS_CF_RET                      0         -nan%                0         -nan%
DFE_OFF_CONF_ON_BTB_MISS_CF_SYS                      0         -nan%                0         -nan%
                                                     0         -nan%                0         -nan%
                                                  -nan         -nan              -nan         -nan

DFE_ON_CONF_OFF_NUM_EVENTS                           0                              0              

CONF_BTB_NUM_CYCLES_OFF_PATH_EVENT                   0                              0              

DFE_ON_CONF_OFF_IBTB_MISS_BP_TAKEN                   0         -nan%                0         -nan%
DFE_ON_CONF_OFF_BTB_MISS_BP_TAKEN_CONF_0             0         -nan%                0         -nan%
DFE_ON_CONF_OFF_BTB_MISS_BP_TAKEN_CONF_1             0         -nan%                0         -nan%
DFE_ON_CONF_OFF_BTB_MISS_BP_TAKEN_CONF_2             0         -nan%                0         -nan%
DFE_ON_CONF_OFF_BTB_MISS_BP_TAKEN_CONF_3             0         -nan%                0         -nan%
DFE_ON_CONF_OFF_BTB_MISS_RATE                        0         -nan%                0         -nan%
DFE_ON_CONF_OFF_IBTB_MISS_RATE                       0         -nan%                0         -nan%
DFE_ON_CONF_OFF_RECOVER_AT_DECODE_RATE               0         -nan%                0         -nan%
DFE_ON_CONF_OFF_RECOVER_AT_EXEC_RATE                 0         -nan%                0         -nan%
DFE_ON_CONF_OFF_INV_CONF_INC                         0         -nan%                0         -nan%
DFE_ON_CONF_OFF_PERFECT_CONF                         0         -nan%                0         -nan%
                                                     0         -nan%                0         -nan%
                                                  -nan         -nan              -nan         -nan

DFE_ON_CONF_OFF_IBTB_MISS_BP_TAKEN_CYCLES             0         -nan%                0         -nan%
DFE_ON_CONF_OFF_BTB_MISS_BP_TAKEN_CONF_0_CYCLES             0         -nan%                0         -nan%
DFE_ON_CONF_OFF_BTB_MISS_BP_TAKEN_CONF_1_CYCLES             0         -nan%                0         -nan%
DFE_ON_CONF_OFF_BTB_MISS_BP_TAKEN_CONF_2_CYCLES             0         -nan%                0         -nan%
DFE_ON_CONF_OFF_BTB_MISS_BP_TAKEN_CONF_3_CYCLES             0         -nan%                0         -nan%
DFE_ON_CONF_OFF_BTB_MISS_RATE_CYCLES                 0         -nan%                0         -nan%
DFE_ON_CONF_OFF_IBTB_MISS_RATE_CYCLES                0         -nan%                0         -nan%
DFE_ON_CONF_OFF_RECOVER_AT_DECODE_RATE_CYCLES             0         -nan%                0         -nan%
DFE_ON_CONF_OFF_RECOVER_AT_EXEC_RATE_CYCLES             0         -nan%                0         -nan%
DFE_ON_CONF_OFF_INV_CONF_INC_CYCLES                  0         -nan%                0         -nan%
DFE_ON_CONF_OFF_PERFECT_CONF_CYCLES                  0         -nan%                0         -nan%
                                                     0         -nan%                0         -nan%
                                                  -nan         -nan              -nan         -nan

DFE_ON_CONF_OFF_IBTB_MISS_BP_TAKEN_FETCH_TARGETS             0         -nan%                0         -nan%
DFE_ON_CONF_OFF_BTB_MISS_BP_TAKEN_CONF_0_FETCH_TARGETS             0         -nan%                0         -nan%
DFE_ON_CONF_OFF_BTB_MISS_BP_TAKEN_CONF_1_FETCH_TARGETS             0         -nan%                0         -nan%
DFE_ON_CONF_OFF_BTB_MISS_BP_TAKEN_CONF_2_FETCH_TARGETS             0         -nan%                0         -nan%
DFE_ON_CONF_OFF_BTB_MISS_BP_TAKEN_CONF_3_FETCH_TARGETS             0         -nan%                0         -nan%
DFE_ON_CONF_OFF_BTB_MISS_RATE_FETCH_TARGETS             0         -nan%                0         -nan%
DFE_ON_CONF_OFF_IBTB_MISS_RATE_FETCH_TARGETS             0         -nan%                0         -nan%
DFE_ON_CONF_OFF_RECOVER_AT_DECODE_RATE_FETCH_TARGETS             0         -nan%                0         -nan%
DFE_ON_CONF_OFF_RECOVER_AT_EXEC_RATE_FETCH_TARGETS             0         -nan%                0         -nan%
DFE_ON_CONF_OFF_INV_CONF_INC_FETCH_TARGETS             0         -nan%                0         -nan%
DFE_ON_CONF_OFF_PERFECT_CONF_FETCH_TARGETS             0         -nan%                0         -nan%
                                                     0         -nan%                0         -nan%
                                                  -nan         -nan              -nan         -nan

CONF_OFF_IBTB_MISS_BP_TAKEN                          0         -nan%                0         -nan%
CONF_OFF_BTB_MISS_BP_TAKEN_CONF_0                    0         -nan%                0         -nan%
CONF_OFF_BTB_MISS_BP_TAKEN_CONF_1                    0         -nan%                0         -nan%
CONF_OFF_BTB_MISS_BP_TAKEN_CONF_2                    0         -nan%                0         -nan%
CONF_OFF_BTB_MISS_BP_TAKEN_CONF_3                    0         -nan%                0         -nan%
CONF_OFF_BTB_MISS_RATE                               0         -nan%                0         -nan%
CONF_OFF_IBTB_MISS_RATE                              0         -nan%                0         -nan%
CONF_OFF_RECOVER_AT_DECODE_RATE                      0         -nan%                0         -nan%
CONF_OFF_RECOVER_AT_EXEC_RATE                        0         -nan%                0         -nan%
CONF_OFF_INV_CONF_INC                                0         -nan%                0         -nan%
CONF_OFF_PERFECT_CONF                                0         -nan%                0         -nan%
                                                     0         -nan%                0         -nan%
                                                  -nan         -nan              -nan         -nan

TOPDOWN_TOTAL_SLOTS                          671550906                      671550906              

TOPDOWN_ISSUED_SLOTS                         152928670                      152928670              

TOPDOWN_RETIRED_SLOTS                         72539146                       72539146              

TOPDOWN_FETCH_BUBBLES_SLOTS                   15959427                       15959427              

TOPDOWN_RECOVERY_BUBBLES_SLOTS                 8831665                        8831665              

TOPDOWN_MEM_LOAD_STALLS_CYCLES                82127277                       82127277              

TOPDOWN_MEM_STORE_STALLS_CYCLES                      0                              0              

TOPDOWN_EXEC_STALLS_CYCLES                    77661423                       77661423              

TOPDOWN_BACKEND_STALLS_CYCLES                 82127283                       82127283              

TOPDOWN_FETCH_BUBBLES_GT_MIW_CYCLES             378206                         378206              

TOPDOWN_BR_RECOVER_AT_EXEC_RETIRED_CYCLES        493386                         493386              

TOPDOWN_MACHINE_CLEAR_CYCLES                    917685                         917685              

TOPDOWN_FRONTEND_BOUND                             237                            237              

TOPDOWN_BACKEND_BOUND                             7355                           7355              

TOPDOWN_BAD_SPEC_BOUND                            1328                           1328              

TOPDOWN_RETIRING_BOUND                            1080                           1080              

TOPDOWN_FETCH_LATENCY_BOUND                         33                             33              

TOPDOWN_FETCH_BANDWIDTH_BOUND                      204                            204              

TOPDOWN_MEM_BOUND                                 7354                           7354              

TOPDOWN_CORE_BOUND                                   1                              1              

TOPDOWN_BR_RECOVER_AT_EXEC_BOUND                   464                            464              

TOPDOWN_MACHINE_CLEARS_BOUND                       864                            864              

H2P_SEEN_MAIN                                   912067                         912067              



