/* -*- Mode: c -*- */
####################################################################################################
Core 0
####################################################################################################
Cumulative:        Cycles: 11134355              Instructions: 30000000              IPC: 2.69436

Periodic:          Cycles: 3656033               Instructions: 9999999               IPC: 2.73520

FCT_LOOKUP_HITS                                1288059                        3861626              

FCT_LOOKUP_MISSES                               951032                        2849256              

FCT_LOOKUP_LOW_CONF                             518158                        1546079              

FCT_PRELOAD_INSERTS                                  0                           1839              

FCT_PRELOAD_DUPLICATE_LD1_SKIPS                      0                           1281              

APT_LOOKUP_HITS                                 672636                        2021868              

APT_LOOKUP_MISSES                              2224023                        6665414              

APT_LIVE_LD2_PREDICTION_PEAK                         0                            129              

APT_LIVE_LD2_PREDICTION_OBSERVATIONS           2896659                        8687282              

APT_LIVE_LD2_PREDICTION_TOTAL                138147512                      416151680              

IFUSE_INFLIGHT_FUSED_PAIRS_PEAK                      0                            109              

IFUSE_INFLIGHT_FUSED_PAIRS_OBSERVATIONS        2896659                        8687275              

IFUSE_INFLIGHT_FUSED_PAIRS_TOTAL             108552537                      327452313              

ACI_LOOKUP_HITS                                 657564                        1976190              

ACI_LOOKUP_MISSES                                    4                            210              

ACI_REPLAYED_INSERTS                                 0                              0              

ACI_BACKING_ALLOC_FAILURES                           0                              0              

ACI_PREDICTION_INSERTS                          769901                        2315547              

ACI_SAME_CACHEBLOCK_INSERTS                     190515                         574915              

ACI_PREDICTION_INVALIDATIONS                    112352                         339330              

ACI_STALE_PREDICTION_REMOVALS                        0                              0              

IFUSE_GP_REG_OCCUPIED_PEAK                           0                            269              

IFUSE_GP_REG_OCCUPIED_OBSERVATIONS            13679504                       41112323              

IFUSE_GP_REG_OCCUPIED_TOTAL                 2609747761                     7842930883              

IFUSE_GP_REG_UTIL_PCT_TOTAL                  925750916                     2782107252              

IFUSE_EXTRA_REG_IN_USE_PEAK                          0                            108              

IFUSE_EXTRA_REG_IN_USE_OBSERVATIONS           13679504                       41112323              

IFUSE_EXTRA_REG_IN_USE_TOTAL                 433236528                     1312684574              

IFUSE_LOAD1_PREDICTIONS                         769901                        2315547              

IFUSE_CORRECT_PREDICTIONS                       657562                        1976126              

IFUSE_INCORRECT_PREDICTIONS                          6                            274              

IFUSE_FUSED_LOADS                               657618                        1976126              

IFUSE_MISPREDICTED_LOADS                             6                            274              

IFUSE_MISPREDICTION_FLUSHES                          3                            241              

IFUSE_MISPREDICTED_CACHE_BLOCK_ADDR                  4                            210              

IFUSE_MISPREDICTED_OFFSET_DELTA                      6                            274              



