/* -*- Mode: c -*- */
####################################################################################################
Core 0
####################################################################################################
Cumulative:        Cycles: 58950581              Instructions: 120000000             IPC: 2.03560

Periodic:          Cycles: 47726827              Instructions: 100000000             IPC: 2.09526

EXECUTION_TIME                           14914633437500                  18422056562500              

SIM_HOST_WALL_SECONDS                      1466.628940                    1466.628940              

NODE_CYCLE                                    47726827                       58950581              

NODE_INST_COUNT                              104349428                      125451342              

NODE_INST_COUNT_FETCHED                      100000000                      120000000              

NODE_UOP_COUNT                               141767919                      171133122              

EXEC_STAGE_NO_ISSUE_STALL_CYCLE               37376063                       45555040              

EXEC_STAGE_NO_ISSUE_STALL_CYCLE_ONPATH        31930978                       38685629              

FULL_WINDOW_STALL                                23893        0.050%            73677        0.125%

FULL_WINDOW_MEM_OP                               21702       99.890%            69452       99.878%
FULL_WINDOW_FP_OP                                    0        0.000%                0        0.000%
FULL_WINDOW_OTHER_OP                                24        0.110%               85        0.122%
                                                 21726      100.000%            69537      100.000%
                                                  0.00         0.07              0.00         0.07

RET_BLOCKED_DC_MISS                           10255640       21.488%         13285196       22.536%

RET_BLOCKED_L1_MISS                            3889695        8.150%          5192500        8.808%

RET_BLOCKED_L1_MISS_BW_PREF                          0        0.000%                0        0.000%

RET_BLOCKED_L1_ACCESS                          6501728       13.623%          8260613       14.013%

RET_BLOCKED_MEM_STALL                          3895051        8.161%          5198444        8.818%

RET_BLOCKED_OFFCHIP_DEMAND                           0        0.000%                0        0.000%

OP_ISSUED                                    145932690                      177012318              

OP_RETIRED                                   141767919                      171133122              

OP_MACRO_FUSION_ONPATH                        13474108                       16228483              

OP_MACRO_FUSION_OFFPATH                        3046262                        3833644              

REPLAY_SIGNALED                                      0                              0              

REPLAY_COUNTED                                       0                              0              

OFF_CRITICAL_PATH                                    0         -nan%                0         -nan%
ON_CRITICAL_PATH                                     0         -nan%                0         -nan%
                                                     0         -nan%                0         -nan%
                                                  -nan         -nan              -nan         -nan

LD_NO_DEPENDENTS                               2323065        8.847%          2778729        8.783%
LD_DEPENDENTS                                 23934396       91.153%         28857879       91.217%
                                              26257461      100.000%         31636608      100.000%
                                                  0.91         0.87              0.91         0.88

LD_EXEC_CYCLES_0                                     0        0.000%                0        0.000%
LD_EXEC_CYCLES_1                                     0        0.000%                0        0.000%
LD_EXEC_CYCLES_2                                     0        0.000%                0        0.000%
LD_EXEC_CYCLES_3                                  1828       42.641%             2223       42.134%
LD_EXEC_CYCLES_4                                  2459       57.359%             3053       57.866%
                                                  4287      100.000%             5276      100.000%
                                                  3.57         2.75              3.58         2.77

LD_RETIRED_ONPATH                             15806617                       19054552              

LD_EXEC_MINUS_FETCH_LATENCY                  725153809                      874269535              

LD_RETIRE_MINUS_FETCH_LATENCY               1049501368                     1282472304              

LD_EXEC_TO_DONE_LATENCY                       86788921                      106373621              

ICACHE_STAGE_STARVED                           3913160       12.550%          4898029       12.923%
ICACHE_STAGE_NOT_STARVED                      27267839       87.450%         33002811       87.077%
                                              31180999      100.000%         37900840      100.000%
                                                  0.87         0.83              0.87         0.82

ICACHE_STAGE_STALLED                           3646077        7.639%          4422947        7.503%
ICACHE_STAGE_NOT_STALLED                      27534922       57.693%         33477893       56.790%
ICACHE_STAGE_OFF_PATH                         16545828       34.668%         21049741       35.707%
                                              47726827      100.000%         58950581      100.000%
                                                  1.27         0.89              1.28         0.90

DECODE_STAGE_STARVED                          33531803       83.390%         41422631       83.841%
DECODE_STAGE_NOT_STARVED                       6679257       16.610%          7983558       16.159%
                                              40211060      100.000%         49406189      100.000%
                                                  0.17         0.35              0.16         0.34

DECODE_STAGE_STALLED                           1837284        3.850%          2223612        3.772%
DECODE_STAGE_NOT_STALLED                      38373776       80.403%         47182577       80.038%
DECODE_STAGE_OFF_PATH                          7515767       15.747%          9544392       16.190%
                                              47726827      100.000%         58950581      100.000%
                                                  1.12         0.58              1.12         0.58

UOPQ_STAGE_STARVED                            15775146       49.403%         19574363       50.075%
UOPQ_STAGE_NOT_STARVED                        16156372       50.597%         19515372       49.925%
                                              31931518      100.000%         39089735      100.000%
                                                  0.51         0.50              0.50         0.50

UOPQ_STAGE_STALLED                             3458739        7.247%          4202563        7.129%
UOPQ_STAGE_NOT_STALLED                        31931518       66.905%         39089735       66.309%
UOPQ_STAGE_OFF_PATH                           12336570       25.848%         15658283       26.562%
                                              47726827      100.000%         58950581      100.000%
                                                  1.19         0.75              1.19         0.76

RS_OP_READY_NOT_ISSUED_TOTAL                 105590533                      128504459              

RS_0_OP_READY_NOT_ISSUED                      97794212                      119120315              

RS_1_OP_READY_NOT_ISSUED                       4283006                        5161011              

RS_2_OP_READY_NOT_ISSUED                       3513315                        4223133              

RS_3_OP_READY_NOT_ISSUED                             0                              0              

RS_4_OP_READY_NOT_ISSUED                             0                              0              

RS_5_OP_READY_NOT_ISSUED                             0                              0              

RS_6_OP_READY_NOT_ISSUED                             0                              0              

RS_7_OP_READY_NOT_ISSUED                             0                              0              

RS_7_PLUS_OP_READY_NOT_ISSUED                        0                              0              

FU_IDLE_NO_READY_OPS_TOTAL                   171113984                      215003213              

FU_0_IDLE_NO_READY_OPS                        10222263                       13232248              

FU_1_IDLE_NO_READY_OPS                        11148176                       14402597              

FU_2_IDLE_NO_READY_OPS                        30868598                       38445812              

FU_3_IDLE_NO_READY_OPS                        33092917                       41190666              

FU_4_IDLE_NO_READY_OPS                        11328084                       14630518              

FU_5_IDLE_NO_READY_OPS                         9925634                       12852184              

FU_6_IDLE_NO_READY_OPS                        33611780                       41796878              

FU_7_IDLE_NO_READY_OPS                        30916532                       38452310              

FU_8_IDLE_NO_READY_OPS                               0                              0              

FU_9_IDLE_NO_READY_OPS                               0                              0              

FU_10_IDLE_NO_READY_OPS                              0                              0              

FU_11_IDLE_NO_READY_OPS                              0                              0              

FU_12_IDLE_NO_READY_OPS                              0                              0              

FU_13_IDLE_NO_READY_OPS                              0                              0              

FU_14_IDLE_NO_READY_OPS                              0                              0              

FU_15_IDLE_NO_READY_OPS                              0                              0              

FU_16_IDLE_NO_READY_OPS                              0                              0              

FU_17_IDLE_NO_READY_OPS                              0                              0              

FU_18_IDLE_NO_READY_OPS                              0                              0              

FU_19_IDLE_NO_READY_OPS                              0                              0              

FU_20_IDLE_NO_READY_OPS                              0                              0              

FU_21_IDLE_NO_READY_OPS                              0                              0              

FU_22_IDLE_NO_READY_OPS                              0                              0              

FU_23_IDLE_NO_READY_OPS                              0                              0              

FU_24_IDLE_NO_READY_OPS                              0                              0              

FU_25_IDLE_NO_READY_OPS                              0                              0              

FU_26_IDLE_NO_READY_OPS                              0                              0              

FU_27_IDLE_NO_READY_OPS                              0                              0              

FU_28_IDLE_NO_READY_OPS                              0                              0              

FU_29_IDLE_NO_READY_OPS                              0                              0              

FU_30_IDLE_NO_READY_OPS                              0                              0              

FU_31_IDLE_NO_READY_OPS                              0                              0              

FU_31_PLUS_IDLE_NO_READY_OPS                         0                              0              

MAP_STAGE_STARVED                              4999489       14.234%          6383771       14.909%
MAP_STAGE_NOT_STARVED                         30123315       85.766%         36435566       85.091%
                                              35122804      100.000%         42819337      100.000%
                                                  0.86         0.81              0.85         0.80

MAP_STAGE_STALLED                                24602        0.058%            31111        0.060%
MAP_STAGE_NOT_STALLED                         35098202       82.978%         42788226       82.390%
MAP_STAGE_OFF_PATH                             7175441       16.964%          9114153       17.550%
                                              42298245      100.000%         51933490      100.000%
                                                  1.17         0.61              1.17         0.62

MAP_STAGE_STALL_ITSELF                         5428582       11.374%          7017091       11.903%
MAP_STAGE_NOT_STALL_ITSELF                    42298245       88.626%         51933490       88.097%
                                              47726827      100.000%         58950581      100.000%
                                                  0.89         0.84              0.88         0.83

MAP_STAGE_LATE_ALLOCATE_SEND_BACK                    0                              0              

MAP_STAGE_RENAME_OP_ONPATH                   141767737                      171133122              

MAP_STAGE_RENAME_OP_OFFPATH                   29756878                       37363357              

MAP_STAGE_RENAME_INT_REG_ONPATH              108439034                      130443926              

MAP_STAGE_RENAME_INT_REG_OFFPATH              22827662                       28503460              

MAP_STAGE_RENAME_VEC_REG_ONPATH                 505224                         622168              

MAP_STAGE_RENAME_VEC_REG_OFFPATH                131348                         162156              

MAP_STAGE_RENAME_MOVE_ELIM_ONPATH                    0                              0              

MAP_STAGE_RENAME_MOVE_ELIM_OFFPATH                   0                              0              

REG_FILE_UTIL_SAMPLES                         47726827                       58950581              

REG_FILE_INT_PHYS_REGS_SUM                 13363511560                    16506162680              

REG_FILE_VEC_PHYS_REGS_SUM                 10690809248                    13204930144              

REG_FILE_INT_OCCUPIED_SUM                   5444252032                     6731064372              

REG_FILE_VEC_OCCUPIED_SUM                   1546561666                     1911404265              

MAP_STAGE_ONPATH_INT_REG_NUM_ALLOC           108439172                      130443906              

MAP_STAGE_ONPATH_VEC_REG_NUM_ALLOC              505224                         622158              

MAP_STAGE_ONPATH_INT_REG_NUM_SHORTLIVE        47389037                       57315861              

MAP_STAGE_ONPATH_VEC_REG_NUM_SHORTLIVE          213169                         262787              

MAP_STAGE_ONPATH_INT_REG_USE_COUNT_0          18150040                       21636110              

MAP_STAGE_ONPATH_VEC_REG_USE_COUNT_0             18584                          22697              

MAP_STAGE_ONPATH_INT_REG_USE_COUNT_1          53970959                       64791390              

MAP_STAGE_ONPATH_VEC_REG_USE_COUNT_1            397165                         490333              

MAP_STAGE_ONPATH_INT_REG_USE_COUNT_2          29350237                       35657669              

MAP_STAGE_ONPATH_VEC_REG_USE_COUNT_2             52940                          64678              

MAP_STAGE_ONPATH_INT_REG_USE_COUNT_3           4306983                        5189831              

MAP_STAGE_ONPATH_VEC_REG_USE_COUNT_3             15040                          18461              

MAP_STAGE_ONPATH_INT_REG_USE_COUNT_4           1449474                        1713888              

MAP_STAGE_ONPATH_VEC_REG_USE_COUNT_4             14317                          17193              

MAP_STAGE_ONPATH_INT_REG_USE_COUNT_5            538615                         645891              

MAP_STAGE_ONPATH_VEC_REG_USE_COUNT_5              3023                           3729              

MAP_STAGE_ONPATH_INT_REG_USE_COUNT_6            321528                         381757              

MAP_STAGE_ONPATH_VEC_REG_USE_COUNT_6               339                            411              

MAP_STAGE_ONPATH_INT_REG_USE_COUNT_7_PLUS        351336                         427370              

MAP_STAGE_ONPATH_VEC_REG_USE_COUNT_7_PLUS          3816                           4656              

MAP_STAGE_ONPATH_INT_REG_CONSUME_DIST_0              0        0.0000                0        0.0000

MAP_STAGE_ONPATH_VEC_REG_CONSUME_DIST_0              0        0.0000                0        0.0000

MAP_STAGE_ONPATH_INT_REG_CONSUME_DIST_1              0        0.0000                0        0.0000

MAP_STAGE_ONPATH_VEC_REG_CONSUME_DIST_1              0        0.0000                0        0.0000

MAP_STAGE_ONPATH_INT_REG_CONSUME_DIST_2       71147402        2.4241         87182997        2.4450

MAP_STAGE_ONPATH_VEC_REG_CONSUME_DIST_2       52208723      986.1867         63066309      975.0813

MAP_STAGE_ONPATH_INT_REG_CONSUME_DIST_3       41877705        9.7232         51701843        9.9621

MAP_STAGE_ONPATH_VEC_REG_CONSUME_DIST_3         722818       48.0597           898503       48.6703

MAP_STAGE_ONPATH_INT_REG_CONSUME_DIST_4       21439447       14.7912         26141574       15.2528

MAP_STAGE_ONPATH_VEC_REG_CONSUME_DIST_4          92800        6.4818           121252        7.0524

MAP_STAGE_ONPATH_INT_REG_CONSUME_DIST_5        9888651       18.3594         12036587       18.6356

MAP_STAGE_ONPATH_VEC_REG_CONSUME_DIST_5        6127030     2026.8045          7003898     1878.2242

MAP_STAGE_ONPATH_INT_REG_CONSUME_DIST_6        4565968       14.2008          5682211       14.8844

MAP_STAGE_ONPATH_VEC_REG_CONSUME_DIST_6            954        2.8142             1164        2.8321

MAP_STAGE_ONPATH_INT_REG_CONSUME_DIST_7_PLUS      27043649       76.9737         34189163       79.9990

MAP_STAGE_ONPATH_VEC_REG_CONSUME_DIST_7_PLUS         58148       15.2379            73228       15.7277

MAP_STAGE_INT_REG_ISSUE_READ_TOTAL_CONSUMED     167850177        4.4908        203809888        4.4739

MAP_STAGE_VEC_REG_ISSUE_READ_TOTAL_CONSUMED        721724        0.0193           887578        0.0195

MAP_STAGE_INT_REG_ISSUE_READ_MULTI_CONSUMED      70058117        1.8744         85579929        1.8786

MAP_STAGE_VEC_REG_ISSUE_READ_MULTI_CONSUMED        197054        0.0053           240972        0.0053

MAP_STAGE_INT_REG_ISSUE_READ_SAME_CYCLE_CONSUMED      37087823        0.9923         45268292        0.9937

MAP_STAGE_VEC_REG_ISSUE_READ_SAME_CYCLE_CONSUMED         62009        0.0017            76142        0.0017

MAP_STAGE_INT_REG_ISSUE_READ_TOTAL_CONSUMED_ONPATH     153853096        4.8183        186246092        4.8143

MAP_STAGE_VEC_REG_ISSUE_READ_TOTAL_CONSUMED_ONPATH        661671        0.0207           812544        0.0210

MAP_STAGE_INT_REG_ISSUE_READ_MULTI_CONSUMED_ONPATH      63564017        1.9907         77438277        2.0017

MAP_STAGE_VEC_REG_ISSUE_READ_MULTI_CONSUMED_ONPATH        175031        0.0055           213071        0.0055

MAP_STAGE_INT_REG_ISSUE_READ_SAME_CYCLE_CONSUMED_ONPATH      34117603        1.0685         41542700        1.0739

MAP_STAGE_VEC_REG_ISSUE_READ_SAME_CYCLE_CONSUMED_ONPATH         54687        0.0017            66841        0.0017

MAP_STAGE_ONPATH_INT_REG_LIFECYCLE_EMPTY    1729888135                     2067644545              

MAP_STAGE_ONPATH_VEC_REG_LIFECYCLE_EMPTY       6721806                        8593176              

MAP_STAGE_ONPATH_INT_REG_LIFECYCLE_IN_USE    2688349145                     3246217634              

MAP_STAGE_ONPATH_VEC_REG_LIFECYCLE_IN_USE      75899430                       92087100              

MAP_STAGE_ONPATH_INT_REG_LIFECYCLE_SPEC_RELEASE    4636183110                     5682942843              

MAP_STAGE_ONPATH_VEC_REG_LIFECYCLE_SPEC_RELEASE     495576102                      601327454              

MAP_STAGE_ONPATH_INT_REG_LIFECYCLE_NONSPEC_RELEASE    4636183110                     5682942843              

MAP_STAGE_ONPATH_VEC_REG_LIFECYCLE_NONSPEC_RELEASE     495576102                      601327454              

MAP_STAGE_ONPATH_INT_REG_LIFECYCLE_TOTAL    4636183110                     5682942843              

MAP_STAGE_ONPATH_VEC_REG_LIFECYCLE_TOTAL     495576102                      601327454              

MAP_STAGE_ONPATH_INT_REG_NUM_NONBRANCH       108439172                      130443906              

MAP_STAGE_ONPATH_VEC_REG_NUM_NONBRANCH          505224                         622158              

MAP_STAGE_ONPATH_INT_REG_NUM_NONEXCEPT       108439172                      130443906              

MAP_STAGE_ONPATH_VEC_REG_NUM_NONEXCEPT          505224                         622158              

MAP_STAGE_ONPATH_INT_REG_NUM_ATOMIC          108439172                      130443906              

MAP_STAGE_ONPATH_VEC_REG_NUM_ATOMIC             505224                         622158              

MAP_STAGE_ONPATH_INT_REG_ATOMIC_REDEFINED_DIST_TOTAL    4636183110       42.7538       5682942843       43.5662

MAP_STAGE_ONPATH_VEC_REG_ATOMIC_REDEFINED_DIST_TOTAL     495576102      980.9037        601327454      966.5189

MAP_STAGE_ONPATH_INT_REG_ATOMIC_CONSUMED_DIST_TOTAL    2688349145       24.7913       3246217634       24.8859

MAP_STAGE_ONPATH_VEC_REG_ATOMIC_CONSUMED_DIST_TOTAL      75899430      150.2293         92087100      148.0124

MAP_STAGE_ONPATH_INT_REG_ATOMIC_RELEASE_DIST_TOTAL    4636183110       42.7538       5682942843       43.5662

MAP_STAGE_ONPATH_VEC_REG_ATOMIC_RELEASE_DIST_TOTAL     495576102      980.9037        601327454      966.5189

EXEC_STAGE_STARVED                            40291501       84.421%         49452895       83.889%
EXEC_STAGE_NOT_STARVED                          657561        1.378%           787360        1.336%
EXEC_STAGE_OFF_PATH                            6777765       14.201%          8710326       14.776%
                                              47726827      100.000%         58950581      100.000%
                                                  0.30         0.66              0.31         0.67

FU_BUSY_0                                     28325194                       34361435              

FU_BUSY_1                                     25112032                       30373955              

FU_BUSY_2                                     10414151                       12660120              

FU_BUSY_3                                      8901934                       10796969              

FU_BUSY_4                                     23988981                       29007508              

FU_BUSY_5                                     30421477                       36952541              

FU_BUSY_6                                      8469744                       10281184              

FU_BUSY_7                                     10893760                       13290271              

FU_BUSY_8                                            0                              0              

FU_BUSY_9                                            0                              0              

FU_BUSY_10                                           0                              0              

FU_BUSY_11                                           0                              0              

FU_BUSY_12                                           0                              0              

FU_BUSY_13                                           0                              0              

FU_BUSY_14                                           0                              0              

FU_BUSY_15                                           0                              0              

FU_BUSY_16                                           0                              0              

FU_BUSY_17                                           0                              0              

FU_BUSY_18                                           0                              0              

FU_BUSY_19                                           0                              0              

FU_BUSY_20                                           0                              0              

FU_BUSY_21                                           0                              0              

FU_BUSY_22                                           0                              0              

FU_BUSY_23                                           0                              0              

FU_BUSY_24                                           0                              0              

FU_BUSY_25                                           0                              0              

FU_BUSY_26                                           0                              0              

FU_BUSY_27                                           0                              0              

FU_BUSY_28                                           0                              0              

FU_BUSY_29                                           0                              0              

FU_BUSY_30                                           0                              0              

FU_BUSY_31                                           0                              0              

FU_REJECTED_OP_INV_NOT_SIMD                          0        0.000%                0        0.000%
FU_REJECTED_OP_NOP_NOT_SIMD                      36684        8.047%            42843        7.927%
FU_REJECTED_OP_CF_NOT_SIMD                       15661        3.435%            19964        3.694%
FU_REJECTED_OP_MOV_NOT_SIMD                      96957       21.268%           112705       20.854%
FU_REJECTED_OP_CMOV_NOT_SIMD                      1509        0.331%             1976        0.366%
FU_REJECTED_OP_LDA_NOT_SIMD                      18690        4.100%            22160        4.100%
FU_REJECTED_OP_IMEM_NOT_SIMD                      5958        1.307%             6986        1.293%
FU_REJECTED_OP_IADD_NOT_SIMD                     28551        6.263%            29151        5.394%
FU_REJECTED_OP_IMUL_NOT_SIMD                    124771       27.369%           149098       27.588%
FU_REJECTED_OP_IDIV_NOT_SIMD                       626        0.137%              823        0.152%
FU_REJECTED_OP_ICMP_NOT_SIMD                      1089        0.239%             2605        0.482%
FU_REJECTED_OP_LOGIC_NOT_SIMD                    42302        9.279%            51189        9.472%
FU_REJECTED_OP_SHIFT_NOT_SIMD                    80326       17.620%            94060       17.404%
FU_REJECTED_OP_FMEM_NOT_SIMD                       594        0.130%              768        0.142%
FU_REJECTED_OP_FCVT_NOT_SIMD                         0        0.000%                0        0.000%
FU_REJECTED_OP_FADD_NOT_SIMD                         0        0.000%                0        0.000%
FU_REJECTED_OP_FMUL_NOT_SIMD                         0        0.000%                0        0.000%
FU_REJECTED_OP_FMA_NOT_SIMD                          0        0.000%                0        0.000%
FU_REJECTED_OP_FDIV_NOT_SIMD                         0        0.000%                0        0.000%
FU_REJECTED_OP_FCMP_NOT_SIMD                         0        0.000%                0        0.000%
FU_REJECTED_OP_FCMOV_NOT_SIMD                        0        0.000%                0        0.000%
FU_REJECTED_OP_GATHER_NOT_SIMD                       0        0.000%                0        0.000%
FU_REJECTED_OP_SCATTER_NOT_SIMD                      0        0.000%                0        0.000%
FU_REJECTED_OP_PIPELINED_FAST_NOT_SIMD               0        0.000%                0        0.000%
FU_REJECTED_OP_PIPELINED_MEDIUM_NOT_SIMD             0        0.000%                0        0.000%
FU_REJECTED_OP_PIPELINED_SLOW_NOT_SIMD               0        0.000%                0        0.000%
FU_REJECTED_OP_NOTPIPELINED_MEDIUM_NOT_SIMD             0        0.000%                0        0.000%
FU_REJECTED_OP_NOTPIPELINED_SLOW_NOT_SIMD             0        0.000%                0        0.000%
FU_REJECTED_OP_NOTPIPELINED_VERY_SLOW_NOT_SIMD           149        0.033%              175        0.032%
FU_REJECTED_OP_INV_SIMD                              0        0.000%                0        0.000%
FU_REJECTED_OP_NOP_SIMD                              0        0.000%                0        0.000%
FU_REJECTED_OP_CF_SIMD                               0        0.000%                0        0.000%
FU_REJECTED_OP_MOV_SIMD                            676        0.148%              859        0.159%
FU_REJECTED_OP_CMOV_SIMD                             0        0.000%                0        0.000%
FU_REJECTED_OP_LDA_SIMD                              0        0.000%                0        0.000%
FU_REJECTED_OP_IMEM_SIMD                             0        0.000%                0        0.000%
FU_REJECTED_OP_IADD_SIMD                             0        0.000%                0        0.000%
FU_REJECTED_OP_IMUL_SIMD                            53        0.012%               64        0.012%
FU_REJECTED_OP_IDIV_SIMD                             0        0.000%                0        0.000%
FU_REJECTED_OP_ICMP_SIMD                             0        0.000%                0        0.000%
FU_REJECTED_OP_LOGIC_SIMD                           43        0.009%               46        0.009%
FU_REJECTED_OP_SHIFT_SIMD                          118        0.026%              155        0.029%
FU_REJECTED_OP_FMEM_SIMD                             0        0.000%                0        0.000%
FU_REJECTED_OP_FCVT_SIMD                            53        0.012%               74        0.014%
FU_REJECTED_OP_FADD_SIMD                           961        0.211%             4597        0.851%
FU_REJECTED_OP_FMUL_SIMD                             0        0.000%                0        0.000%
FU_REJECTED_OP_FMA_SIMD                              0        0.000%                0        0.000%
FU_REJECTED_OP_FDIV_SIMD                             0        0.000%                0        0.000%
FU_REJECTED_OP_FCMP_SIMD                             0        0.000%                0        0.000%
FU_REJECTED_OP_FCMOV_SIMD                            0        0.000%                0        0.000%
FU_REJECTED_OP_GATHER_SIMD                           0        0.000%                0        0.000%
FU_REJECTED_OP_SCATTER_SIMD                          0        0.000%                0        0.000%
FU_REJECTED_OP_PIPELINED_FAST_SIMD                   0        0.000%                0        0.000%
FU_REJECTED_OP_PIPELINED_MEDIUM_SIMD                 0        0.000%                0        0.000%
FU_REJECTED_OP_PIPELINED_SLOW_SIMD                 120        0.026%              142        0.026%
FU_REJECTED_OP_NOTPIPELINED_MEDIUM_SIMD              0        0.000%                0        0.000%
FU_REJECTED_OP_NOTPIPELINED_SLOW_SIMD                0        0.000%                0        0.000%
FU_REJECTED_OP_NOTPIPELINED_VERY_SLOW_SIMD             0        0.000%                0        0.000%
                                                455891      100.000%           540440      100.000%
                                                  7.09         4.33              7.35         5.25

LSQ_FULL_TOTAL                                   33553                          70200              

LSQ_FULL_LOAD_QUEUE                               2204                          31154              

LSQ_FULL_STORE_QUEUE                             31349                          39046              

OP_WAIT_0                                     93298549                      112684904              

OP_WAIT_1                                     20778573                       25265586              

OP_WAIT_2                                      5715615                        6873424              

OP_WAIT_3                                      2690737                        3224105              

OP_WAIT_4                                      1642086                        1953081              

OP_WAIT_5                                      1148222                        1360880              

OP_WAIT_6                                       967445                        1144166              

OP_WAIT_7                                       871931                        1016241              

OP_WAIT_8                                       726530                         857132              

OP_WAIT_9                                       592352                         703859              

OP_WAIT_10                                      502106                         580617              

OP_WAIT_11                                      378334                         436817              

OP_WAIT_12                                      262542                         309985              

OP_WAIT_13                                      182014                         211124              

OP_WAIT_14                                      128832                         150386              

OP_WAIT_15                                       95140                         113989              

OP_WAIT_16                                       62349                          75987              

OP_WAIT_17                                       57092                          66477              

OP_WAIT_18                                       54129                          61529              

OP_WAIT_19                                       44583                          52052              

OP_WAIT_20                                       34749                          40634              

OP_WAIT_21                                       31306                          34914              

OP_WAIT_22                                       30999                          35430              

OP_WAIT_23                                       25997                          31166              

OP_WAIT_24                                       23648                          29506              

OP_WAIT_25                                       26189                          32933              

OP_WAIT_26                                       27830                          36534              

OP_WAIT_27                                       27162                          35922              

OP_WAIT_28                                       23153                          26883              

OP_WAIT_29                                       17410                          20070              

OP_WAIT_30                                       18359                          24159              

OP_WAIT_31                                    11281956                       13642630              

ROW_SIZE_0                                    20025746                       25135763              

ROW_SIZE_1                                     6183300                        7476846              

ROW_SIZE_2                                     2751668                        3302752              

ROW_SIZE_3                                     1778424                        2111591              

ROW_SIZE_4                                     6203147                        7665837              

ROW_SIZE_5                                      668531                         808878              

ROW_SIZE_6                                      587095                         707268              

ROW_SIZE_7                                      420299                         507209              

ROW_SIZE_8                                      338146                         408250              

ROW_SIZE_9                                      345783                         415358              

ROW_SIZE_10                                     421255                         504072              

ROW_SIZE_11                                     260197                         311838              

ROW_SIZE_12                                     232082                         281789              

ROW_SIZE_13                                     250155                         299738              

ROW_SIZE_14                                     240298                         290460              

ROW_SIZE_15                                     202980                         242751              

ROW_SIZE_16                                     270759                         325899              

ROW_SIZE_17                                     165441                         197517              

ROW_SIZE_18                                     168955                         196758              

ROW_SIZE_19                                     189689                         224094              

ROW_SIZE_20                                    2549919                        3069083              

ROW_SIZE_21                                          0                              0              

ROW_SIZE_22                                          0                              0              

ROW_SIZE_23                                          0                              0              

ROW_SIZE_24                                          0                              0              

ROW_SIZE_25                                          0                              0              

ROW_SIZE_26                                          0                              0              

ROW_SIZE_27                                          0                              0              

ROW_SIZE_28                                          0                              0              

ROW_SIZE_29                                          0                              0              

ROW_SIZE_30                                          0                              0              

ROW_SIZE_31                                          0                              0              

RET_OP_EXEC_COUNT_0                           10450844        7.372%         12582056        7.352%
RET_OP_EXEC_COUNT_1                          131317075       92.628%        158551066       92.648%
RET_OP_EXEC_COUNT_2                                  0        0.000%                0        0.000%
RET_OP_EXEC_COUNT_3                                  0        0.000%                0        0.000%
RET_OP_EXEC_COUNT_4                                  0        0.000%                0        0.000%
RET_OP_EXEC_COUNT_5                                  0        0.000%                0        0.000%
RET_OP_EXEC_COUNT_6                                  0        0.000%                0        0.000%
RET_OP_EXEC_COUNT_7                                  0        0.000%                0        0.000%
RET_OP_EXEC_COUNT_8                                  0        0.000%                0        0.000%
RET_OP_EXEC_COUNT_9                                  0        0.000%                0        0.000%
RET_OP_EXEC_COUNT_10                                 0        0.000%                0        0.000%
RET_OP_EXEC_COUNT_11                                 0        0.000%                0        0.000%
RET_OP_EXEC_COUNT_12                                 0        0.000%                0        0.000%
RET_OP_EXEC_COUNT_13                                 0        0.000%                0        0.000%
RET_OP_EXEC_COUNT_14                                 0        0.000%                0        0.000%
RET_OP_EXEC_COUNT_15                                 0        0.000%                0        0.000%
RET_OP_EXEC_COUNT_16                                 0        0.000%                0        0.000%
RET_OP_EXEC_COUNT_17                                 0        0.000%                0        0.000%
RET_OP_EXEC_COUNT_18                                 0        0.000%                0        0.000%
RET_OP_EXEC_COUNT_19                                 0        0.000%                0        0.000%
RET_OP_EXEC_COUNT_20                                 0        0.000%                0        0.000%
RET_OP_EXEC_COUNT_21                                 0        0.000%                0        0.000%
RET_OP_EXEC_COUNT_22                                 0        0.000%                0        0.000%
RET_OP_EXEC_COUNT_23                                 0        0.000%                0        0.000%
RET_OP_EXEC_COUNT_24                                 0        0.000%                0        0.000%
RET_OP_EXEC_COUNT_25                                 0        0.000%                0        0.000%
RET_OP_EXEC_COUNT_26                                 0        0.000%                0        0.000%
RET_OP_EXEC_COUNT_27                                 0        0.000%                0        0.000%
RET_OP_EXEC_COUNT_28                                 0        0.000%                0        0.000%
RET_OP_EXEC_COUNT_29                                 0        0.000%                0        0.000%
RET_OP_EXEC_COUNT_30                                 0        0.000%                0        0.000%
RET_OP_EXEC_COUNT_31                                 0        0.000%                0        0.000%
RET_OP_EXEC_COUNT_32                                 0        0.000%                0        0.000%
                                             141767919      100.000%        171133122      100.000%
                                                  0.93         0.07              0.93         0.07

RET_STALL_LENGTH_0                           141740312       99.981%        171096121       99.978%
RET_STALL_LENGTH_100                             26265        0.019%            35230        0.021%
RET_STALL_LENGTH_200                               290        0.000%              511        0.000%
RET_STALL_LENGTH_300                               265        0.000%              317        0.000%
RET_STALL_LENGTH_400                               248        0.000%              261        0.000%
RET_STALL_LENGTH_500                               102        0.000%              119        0.000%
RET_STALL_LENGTH_600                                49        0.000%               59        0.000%
RET_STALL_LENGTH_700                                21        0.000%               24        0.000%
RET_STALL_LENGTH_800                                27        0.000%               31        0.000%
RET_STALL_LENGTH_900                                31        0.000%               40        0.000%
RET_STALL_LENGTH_1000                               27        0.000%               40        0.000%
RET_STALL_LENGTH_1100                               65        0.000%               81        0.000%
RET_STALL_LENGTH_1200                              164        0.000%              221        0.000%
RET_STALL_LENGTH_1300                               36        0.000%               46        0.000%
RET_STALL_LENGTH_1400                                4        0.000%                7        0.000%
RET_STALL_LENGTH_1500                                3        0.000%                3        0.000%
RET_STALL_LENGTH_1600                                5        0.000%                5        0.000%
RET_STALL_LENGTH_1700                                4        0.000%                5        0.000%
RET_STALL_LENGTH_1800                                1        0.000%                1        0.000%
RET_STALL_LENGTH_1900                                0        0.000%                0        0.000%
RET_STALL_LENGTH_2000                                0        0.000%                0        0.000%
RET_STALL_LENGTH_2100                                0        0.000%                0        0.000%
RET_STALL_LENGTH_2200                                0        0.000%                0        0.000%
RET_STALL_LENGTH_2300                                0        0.000%                0        0.000%
RET_STALL_LENGTH_2400                                0        0.000%                0        0.000%
RET_STALL_LENGTH_2500                                0        0.000%                0        0.000%
RET_STALL_LENGTH_2600                                0        0.000%                0        0.000%
RET_STALL_LENGTH_2700                                0        0.000%                0        0.000%
RET_STALL_LENGTH_2800                                0        0.000%                0        0.000%
RET_STALL_LENGTH_2900                                0        0.000%                0        0.000%
RET_STALL_LENGTH_3000                                0        0.000%                0        0.000%
RET_STALL_LENGTH_3100                                0        0.000%                0        0.000%
RET_STALL_LENGTH_3200                                0        0.000%                0        0.000%
RET_STALL_LENGTH_3300                                0        0.000%                0        0.000%
RET_STALL_LENGTH_3400                                0        0.000%                0        0.000%
RET_STALL_LENGTH_3500                                0        0.000%                0        0.000%
RET_STALL_LENGTH_3600                                0        0.000%                0        0.000%
RET_STALL_LENGTH_3700                                0        0.000%                0        0.000%
RET_STALL_LENGTH_3800                                0        0.000%                0        0.000%
RET_STALL_LENGTH_3900                                0        0.000%                0        0.000%
RET_STALL_LENGTH_4000                                0        0.000%                0        0.000%
RET_STALL_LENGTH_4100                                0        0.000%                0        0.000%
RET_STALL_LENGTH_4200                                0        0.000%                0        0.000%
RET_STALL_LENGTH_4300                                0        0.000%                0        0.000%
RET_STALL_LENGTH_4400                                0        0.000%                0        0.000%
RET_STALL_LENGTH_4500                                0        0.000%                0        0.000%
RET_STALL_LENGTH_4600                                0        0.000%                0        0.000%
RET_STALL_LENGTH_4700                                0        0.000%                0        0.000%
RET_STALL_LENGTH_4800                                0        0.000%                0        0.000%
RET_STALL_LENGTH_4900                                0        0.000%                0        0.000%
RET_STALL_LENGTH_5000                                0        0.000%                0        0.000%
                                             141767919      100.000%        171133122      100.000%
                                                  0.00         0.02              0.00         0.03

MEM_BLOCK_LENGTH_0                                 181       83.796%              216       84.375%
MEM_BLOCK_LENGTH_100                                12        5.556%               14        5.469%
MEM_BLOCK_LENGTH_200                                 7        3.241%                9        3.516%
MEM_BLOCK_LENGTH_300                                 2        0.926%                2        0.781%
MEM_BLOCK_LENGTH_400                                 5        2.315%                5        1.953%
MEM_BLOCK_LENGTH_500                                 4        1.852%                4        1.562%
MEM_BLOCK_LENGTH_600                                 0        0.000%                0        0.000%
MEM_BLOCK_LENGTH_700                                 0        0.000%                0        0.000%
MEM_BLOCK_LENGTH_800                                 1        0.463%                1        0.391%
MEM_BLOCK_LENGTH_900                                 2        0.926%                2        0.781%
MEM_BLOCK_LENGTH_1000                                0        0.000%                0        0.000%
MEM_BLOCK_LENGTH_1100                                0        0.000%                0        0.000%
MEM_BLOCK_LENGTH_1200                                0        0.000%                0        0.000%
MEM_BLOCK_LENGTH_1300                                0        0.000%                1        0.391%
MEM_BLOCK_LENGTH_1400                                0        0.000%                0        0.000%
MEM_BLOCK_LENGTH_1500                                0        0.000%                0        0.000%
MEM_BLOCK_LENGTH_1600                                0        0.000%                0        0.000%
MEM_BLOCK_LENGTH_1700                                2        0.926%                2        0.781%
MEM_BLOCK_LENGTH_1800                                0        0.000%                0        0.000%
MEM_BLOCK_LENGTH_1900                                0        0.000%                0        0.000%
MEM_BLOCK_LENGTH_2000                                0        0.000%                0        0.000%
MEM_BLOCK_LENGTH_2100                                0        0.000%                0        0.000%
MEM_BLOCK_LENGTH_2200                                0        0.000%                0        0.000%
MEM_BLOCK_LENGTH_2300                                0        0.000%                0        0.000%
MEM_BLOCK_LENGTH_2400                                0        0.000%                0        0.000%
MEM_BLOCK_LENGTH_2500                                0        0.000%                0        0.000%
MEM_BLOCK_LENGTH_2600                                0        0.000%                0        0.000%
MEM_BLOCK_LENGTH_2700                                0        0.000%                0        0.000%
MEM_BLOCK_LENGTH_2800                                0        0.000%                0        0.000%
MEM_BLOCK_LENGTH_2900                                0        0.000%                0        0.000%
MEM_BLOCK_LENGTH_3000                                0        0.000%                0        0.000%
MEM_BLOCK_LENGTH_3100                                0        0.000%                0        0.000%
MEM_BLOCK_LENGTH_3200                                0        0.000%                0        0.000%
MEM_BLOCK_LENGTH_3300                                0        0.000%                0        0.000%
MEM_BLOCK_LENGTH_3400                                0        0.000%                0        0.000%
MEM_BLOCK_LENGTH_3500                                0        0.000%                0        0.000%
MEM_BLOCK_LENGTH_3600                                0        0.000%                0        0.000%
MEM_BLOCK_LENGTH_3700                                0        0.000%                0        0.000%
MEM_BLOCK_LENGTH_3800                                0        0.000%                0        0.000%
MEM_BLOCK_LENGTH_3900                                0        0.000%                0        0.000%
MEM_BLOCK_LENGTH_4000                                0        0.000%                0        0.000%
MEM_BLOCK_LENGTH_4100                                0        0.000%                0        0.000%
MEM_BLOCK_LENGTH_4200                                0        0.000%                0        0.000%
MEM_BLOCK_LENGTH_4300                                0        0.000%                0        0.000%
MEM_BLOCK_LENGTH_4400                                0        0.000%                0        0.000%
MEM_BLOCK_LENGTH_4500                                0        0.000%                0        0.000%
MEM_BLOCK_LENGTH_4600                                0        0.000%                0        0.000%
MEM_BLOCK_LENGTH_4700                                0        0.000%                0        0.000%
MEM_BLOCK_LENGTH_4800                                0        0.000%                0        0.000%
MEM_BLOCK_LENGTH_4900                                0        0.000%                0        0.000%
MEM_BLOCK_LENGTH_5000                                0        0.000%                0        0.000%
                                                   216      100.000%              256      100.000%
                                                  0.61         2.04              0.59         2.04

FUS_BUSY_ON_PATH                             131897342        2.7636        159244125        2.7013

FUS_BUSY_OFF_PATH                             14629931        0.3065         18479858        0.3135

FU_BUSY_MEM_STALL                                33712        0.0007            38286        0.0006

FUS_EMPTY                                    235287343        4.9299        293880665        4.9852

FU_UNAVAILABLE                                  423892        0.0089           504133        0.0086

FU_MEM_UNAVAILABLE                               31999        0.0007            36307        0.0006

FU_OTHER_UNAVAILABLE                                 0        0.0000                0        0.0000

FU_REPLAY                                            0        0.0000                0        0.0000

FU_STARVED                                   234146305        4.9060        292446033        4.9609

CHIP_UTILIZATION                                     0        0.0000                0        0.0000

CYCLES_UNDER_MEM_REQ                                 0                              0              

CYCLES_UNDER_NO_MEM_REQ                              0                              0              

CYCLES_UNDER_CRITICAL_MEM_REQ                        0                              0              

CYCLES_UNDER_NONCRITICAL_MEM_REQ                     0                              0              

CHIP_UTILIZATION_UNDER_MEM_REQ                       0          -nan                0          -nan

CHIP_UTILIZATION_UNDER_NO_MEM_REQ                    0          -nan                0          -nan

CHIP_UTILIZATION_UNDER_CRITICAL_MEM_REQ              0          -nan                0          -nan

CHIP_UTILIZATION_UNDER_NONCRITICAL_MEM_REQ             0          -nan                0          -nan

CYCLES_NOT_WAITING_FOR_OFF_CHIP                      0        0.0000                0        0.0000

FUS_BUSY_NOT_WAITING_FOR_OFF_CHIP                    0          -nan                0          -nan

CYCLES_WAITING_FOR_OFF_CHIP                          0        0.0000                0        0.0000

FUS_BUSY_WAITING_FOR_OFF_CHIP                        0          -nan                0          -nan

TOTAL_OFF_CHIP_DELAYS_LEFT                           0                              0              

WRONG_IO_SCHED                                       0                              0              

DVFS_CONFIG_SWITCH                                   0                              0              

MAP_STAGE_RECEIVED_OPS_0                             0        0.000%                0        0.000%
MAP_STAGE_RECEIVED_OPS_1                        157179        0.528%           196207        0.545%
MAP_STAGE_RECEIVED_OPS_2                        314440        1.056%           385788        1.071%
MAP_STAGE_RECEIVED_OPS_3                        740109        2.485%           918224        2.550%
MAP_STAGE_RECEIVED_OPS_4                       4670615       15.680%          5841123       16.221%
MAP_STAGE_RECEIVED_OPS_5                      23904137       80.252%         28667277       79.612%
MAP_STAGE_RECEIVED_OPS_6                             0        0.000%                0        0.000%
MAP_STAGE_RECEIVED_OPS_7                             0        0.000%                0        0.000%
MAP_STAGE_RECEIVED_OPS_8                             0        0.000%                0        0.000%
MAP_STAGE_RECEIVED_OPS_MAX                           0        0.000%                0        0.000%
                                              29786480      100.000%         36008619      100.000%
                                                  4.74         0.61              4.73         0.61

MAP_STAGE_WAIT_FOR_DECODE                            0         -nan%                0         -nan%
MAP_STAGE_CONSUME_DECODE                             0         -nan%                0         -nan%
                                                     0         -nan%                0         -nan%
                                                  -nan         -nan              -nan         -nan

MAP_STAGE_WAIT_FOR_DECODE2                           0         -nan%                0         -nan%
MAP_STAGE_CONSUME_DECODE2                            0         -nan%                0         -nan%
                                                     0         -nan%                0         -nan%
                                                  -nan         -nan              -nan         -nan

FTQ_RECOVER_EXEC                                313694                         397713              

FTQ_RECOVER_DECODE                               11201                          15408              

FTQ_OFFPATH_CYCLES                            28072201                       35074444              

FTQ_CYCLES_OFFPATH                            28072199                       35074444              

FTQ_CYCLES_ONPATH                             19654628                       23876137              

FTQ_FETCHED_INS_ONPATH                       141767338                      171133122              

FTQ_FETCHED_INS_OFFPATH                      186101340                      230507020              

FTQ_BREAK_FULL_FT_ONPATH                       4473698                        5361788              

FTQ_BREAK_FULL_FT_OFFPATH                      7991978                       10284224              

FTQ_BREAK_PRED_BR_ONPATH                             0                              0              

FTQ_BREAK_PRED_BR_OFFPATH                            0                              0              

FTQ_BREAK_BAR_FETCH_ONPATH                           0                              0              

FTQ_BREAK_BAR_FETCH_OFFPATH                          0                              0              

FTQ_BREAK_MAX_CFS_TAKEN_ONPATH                       0                              0              

FTQ_BREAK_MAX_CFS_TAKEN_OFFPATH                      0                              0              

FTQ_BREAK_MAX_FT_ONPATH                       15180638                       18514056              

FTQ_BREAK_MAX_FT_OFFPATH                      20080220                       24790220              

DFE_GEN_ON_PATH_FT                            21085721                       25582206              

DFE_GEN_OFF_PATH_FT                           19387047                       24058895              

DFE_L0_ENABLED_PREDICTIONS                   141767344                      171133122              

DFE_L0_WRONG_MAIN_CORRECT                      3508774                        4163627              

DFE_L0_WRONG_MAIN_WRONG                         243050                         308224              

DFE_L0_CORRECT_MAIN_WRONG                        81845                         104897              

DFE_L0_CORRECT_MAIN_CORRECT                  137933675                      166556374              

DFE_L0_WRONG_MAIN_CORRECT_RECOVERY_SCHEDULED             0                              0              

FTQ_SAW_BAR_FETCH_OFFPATH                           94                            126              

FTQ_SAW_BAR_FETCH_ONPATH                            24                             36              

DFE_CONF_0_RECOVER_AT_EXEC                           0         -nan%                0         -nan%
DFE_CONF_1_RECOVER_AT_EXEC                           0         -nan%                0         -nan%
DFE_CONF_2_RECOVER_AT_EXEC                           0         -nan%                0         -nan%
DFE_CONF_3_RECOVER_AT_EXEC                           0         -nan%                0         -nan%
DFE_CONF_0_CORRECT                                   0         -nan%                0         -nan%
DFE_CONF_1_CORRECT                                   0         -nan%                0         -nan%
DFE_CONF_2_CORRECT                                   0         -nan%                0         -nan%
DFE_CONF_3_CORRECT                                   0         -nan%                0         -nan%
                                                     0         -nan%                0         -nan%
                                                  -nan         -nan              -nan         -nan

DFE_ON_CONF_ON_OPS                                   0         -nan%                0         -nan%
DFE_ON_CONF_OFF_OPS                                  0         -nan%                0         -nan%
DFE_OFF_CONF_ON_OPS                                  0         -nan%                0         -nan%
DFE_OFF_CONF_OFF_REALISTIC_OPS                       0         -nan%                0         -nan%
DFE_OFF_CONF_OFF_PERFECT_OPS                         0         -nan%                0         -nan%
                                                     0         -nan%                0         -nan%
                                                  -nan         -nan              -nan         -nan

DFE_ON_CONF_ON_FETCH_TARGETS                         0         -nan%                0         -nan%
DFE_ON_CONF_OFF_FETCH_TARGETS                        0         -nan%                0         -nan%
DFE_OFF_CONF_ON_FETCH_TARGETS                        0         -nan%                0         -nan%
DFE_OFF_CONF_OFF_REALISTIC_FETCH_TARGETS             0         -nan%                0         -nan%
DFE_OFF_CONF_OFF_PERFECT_FETCH_TARGETS               0         -nan%                0         -nan%
                                                     0         -nan%                0         -nan%
                                                  -nan         -nan              -nan         -nan

DFE_ON_CONF_ON_CYCLES                                0         -nan%                0         -nan%
DFE_ON_CONF_OFF_CYCLES                               0         -nan%                0         -nan%
DFE_OFF_CONF_ON_CYCLES                               0         -nan%                0         -nan%
DFE_OFF_CONF_OFF_REALISTIC_CYCLES                    0         -nan%                0         -nan%
DFE_OFF_CONF_OFF_PERFECT_CYCLES                      0         -nan%                0         -nan%
                                                     0         -nan%                0         -nan%
                                                  -nan         -nan              -nan         -nan

DFE_OFF_CONF_ON_NUM_EVENTS                           0                              0              

DFE_OFF_CONF_ON_NOT_IDENTIFIED_EVENTS                0         -nan%                0         -nan%
DFE_OFF_CONF_ON_IBTB_MISS_EVENTS                     0         -nan%                0         -nan%
DFE_OFF_CONF_ON_BTB_MISS_EVENTS                      0         -nan%                0         -nan%
DFE_OFF_CONF_ON_BTB_MISS_RECOVER_AT_EXEC_EVENTS             0         -nan%                0         -nan%
DFE_OFF_CONF_ON_RECOVER_AT_EXEC_EVENTS               0         -nan%                0         -nan%
DFE_OFF_CONF_ON_RECOVER_AT_DECODE_EVENTS             0         -nan%                0         -nan%
                                                     0         -nan%                0         -nan%
                                                  -nan         -nan              -nan         -nan

DFE_OFF_CONF_ON_LATE_BTB_HIT_EVENTS                  0                              0              

DFE_OFF_CONF_ON_NOT_IDENTIFIED_CYCLES                0         -nan%                0         -nan%
DFE_OFF_CONF_ON_IBTB_MISS_CYCLES                     0         -nan%                0         -nan%
DFE_OFF_CONF_ON_BTB_MISS_CYCLES                      0         -nan%                0         -nan%
DFE_OFF_CONF_ON_BTB_MISS_RECOVER_AT_EXEC_CYCLES             0         -nan%                0         -nan%
DFE_OFF_CONF_ON_RECOVER_AT_EXEC_CYCLES               0         -nan%                0         -nan%
DFE_OFF_CONF_ON_RECOVER_AT_DECODE_CYCLES             0         -nan%                0         -nan%
                                                     0         -nan%                0         -nan%
                                                  -nan         -nan              -nan         -nan

DFE_OFF_CONF_ON_LATE_BTB_HIT_CYCLES                  0                              0              

DFE_OFF_CONF_ON_NOT_IDENTIFIED_FETCH_TARGETS             0         -nan%                0         -nan%
DFE_OFF_CONF_ON_IBTB_MISS_FETCH_TARGETS              0         -nan%                0         -nan%
DFE_OFF_CONF_ON_BTB_MISS_FETCH_TARGETS               0         -nan%                0         -nan%
DFE_OFF_CONF_ON_BTB_MISS_RECOVER_AT_EXEC_FETCH_TARGETS             0         -nan%                0         -nan%
DFE_OFF_CONF_ON_RECOVER_AT_EXEC_FETCH_TARGETS             0         -nan%                0         -nan%
DFE_OFF_CONF_ON_RECOVER_AT_DECODE_FETCH_TARGETS             0         -nan%                0         -nan%
                                                     0         -nan%                0         -nan%
                                                  -nan         -nan              -nan         -nan

DFE_OFF_CONF_ON_LATE_BTB_HIT_FETCH_TARGETS             0                              0              

DFE_OFF_CONF_ON_BP_INCORRECT_0_CONF                  0         -nan%                0         -nan%
DFE_OFF_CONF_ON_BP_INCORRECT_1_CONF                  0         -nan%                0         -nan%
DFE_OFF_CONF_ON_BP_INCORRECT_2_CONF                  0         -nan%                0         -nan%
DFE_OFF_CONF_ON_BP_INCORRECT_3_CONF                  0         -nan%                0         -nan%
                                                     0         -nan%                0         -nan%
                                                  -nan         -nan              -nan         -nan

DFE_OFF_CONF_ON_BTB_MISS_CBR_0_CONF                  0         -nan%                0         -nan%
DFE_OFF_CONF_ON_BTB_MISS_CBR_1_CONF                  0         -nan%                0         -nan%
DFE_OFF_CONF_ON_BTB_MISS_CBR_2_CONF                  0         -nan%                0         -nan%
DFE_OFF_CONF_ON_BTB_MISS_CBR_3_CONF                  0         -nan%                0         -nan%
                                                     0         -nan%                0         -nan%
                                                  -nan         -nan              -nan         -nan

DFE_OFF_CONF_ON_BTB_MISS_NOT_CF                      0         -nan%                0         -nan%
DFE_OFF_CONF_ON_BTB_MISS_CF_BR                       0         -nan%                0         -nan%
DFE_OFF_CONF_ON_BTB_MISS_CF_CBR                      0         -nan%                0         -nan%
DFE_OFF_CONF_ON_BTB_MISS_CF_CALL                     0         -nan%                0         -nan%
DFE_OFF_CONF_ON_BTB_MISS_CF_IBR                      0         -nan%                0         -nan%
DFE_OFF_CONF_ON_BTB_MISS_CF_ICALL                    0         -nan%                0         -nan%
DFE_OFF_CONF_ON_BTB_MISS_CF_ICO                      0         -nan%                0         -nan%
DFE_OFF_CONF_ON_BTB_MISS_CF_RET                      0         -nan%                0         -nan%
DFE_OFF_CONF_ON_BTB_MISS_CF_SYS                      0         -nan%                0         -nan%
                                                     0         -nan%                0         -nan%
                                                  -nan         -nan              -nan         -nan

DFE_ON_CONF_OFF_NUM_EVENTS                           0                              0              

CONF_BTB_NUM_CYCLES_OFF_PATH_EVENT                   0                              0              

DFE_ON_CONF_OFF_IBTB_MISS_BP_TAKEN                   0         -nan%                0         -nan%
DFE_ON_CONF_OFF_BTB_MISS_BP_TAKEN_CONF_0             0         -nan%                0         -nan%
DFE_ON_CONF_OFF_BTB_MISS_BP_TAKEN_CONF_1             0         -nan%                0         -nan%
DFE_ON_CONF_OFF_BTB_MISS_BP_TAKEN_CONF_2             0         -nan%                0         -nan%
DFE_ON_CONF_OFF_BTB_MISS_BP_TAKEN_CONF_3             0         -nan%                0         -nan%
DFE_ON_CONF_OFF_BTB_MISS_RATE                        0         -nan%                0         -nan%
DFE_ON_CONF_OFF_IBTB_MISS_RATE                       0         -nan%                0         -nan%
DFE_ON_CONF_OFF_RECOVER_AT_DECODE_RATE               0         -nan%                0         -nan%
DFE_ON_CONF_OFF_RECOVER_AT_EXEC_RATE                 0         -nan%                0         -nan%
DFE_ON_CONF_OFF_INV_CONF_INC                         0         -nan%                0         -nan%
DFE_ON_CONF_OFF_PERFECT_CONF                         0         -nan%                0         -nan%
                                                     0         -nan%                0         -nan%
                                                  -nan         -nan              -nan         -nan

DFE_ON_CONF_OFF_IBTB_MISS_BP_TAKEN_CYCLES             0         -nan%                0         -nan%
DFE_ON_CONF_OFF_BTB_MISS_BP_TAKEN_CONF_0_CYCLES             0         -nan%                0         -nan%
DFE_ON_CONF_OFF_BTB_MISS_BP_TAKEN_CONF_1_CYCLES             0         -nan%                0         -nan%
DFE_ON_CONF_OFF_BTB_MISS_BP_TAKEN_CONF_2_CYCLES             0         -nan%                0         -nan%
DFE_ON_CONF_OFF_BTB_MISS_BP_TAKEN_CONF_3_CYCLES             0         -nan%                0         -nan%
DFE_ON_CONF_OFF_BTB_MISS_RATE_CYCLES                 0         -nan%                0         -nan%
DFE_ON_CONF_OFF_IBTB_MISS_RATE_CYCLES                0         -nan%                0         -nan%
DFE_ON_CONF_OFF_RECOVER_AT_DECODE_RATE_CYCLES             0         -nan%                0         -nan%
DFE_ON_CONF_OFF_RECOVER_AT_EXEC_RATE_CYCLES             0         -nan%                0         -nan%
DFE_ON_CONF_OFF_INV_CONF_INC_CYCLES                  0         -nan%                0         -nan%
DFE_ON_CONF_OFF_PERFECT_CONF_CYCLES                  0         -nan%                0         -nan%
                                                     0         -nan%                0         -nan%
                                                  -nan         -nan              -nan         -nan

DFE_ON_CONF_OFF_IBTB_MISS_BP_TAKEN_FETCH_TARGETS             0         -nan%                0         -nan%
DFE_ON_CONF_OFF_BTB_MISS_BP_TAKEN_CONF_0_FETCH_TARGETS             0         -nan%                0         -nan%
DFE_ON_CONF_OFF_BTB_MISS_BP_TAKEN_CONF_1_FETCH_TARGETS             0         -nan%                0         -nan%
DFE_ON_CONF_OFF_BTB_MISS_BP_TAKEN_CONF_2_FETCH_TARGETS             0         -nan%                0         -nan%
DFE_ON_CONF_OFF_BTB_MISS_BP_TAKEN_CONF_3_FETCH_TARGETS             0         -nan%                0         -nan%
DFE_ON_CONF_OFF_BTB_MISS_RATE_FETCH_TARGETS             0         -nan%                0         -nan%
DFE_ON_CONF_OFF_IBTB_MISS_RATE_FETCH_TARGETS             0         -nan%                0         -nan%
DFE_ON_CONF_OFF_RECOVER_AT_DECODE_RATE_FETCH_TARGETS             0         -nan%                0         -nan%
DFE_ON_CONF_OFF_RECOVER_AT_EXEC_RATE_FETCH_TARGETS             0         -nan%                0         -nan%
DFE_ON_CONF_OFF_INV_CONF_INC_FETCH_TARGETS             0         -nan%                0         -nan%
DFE_ON_CONF_OFF_PERFECT_CONF_FETCH_TARGETS             0         -nan%                0         -nan%
                                                     0         -nan%                0         -nan%
                                                  -nan         -nan              -nan         -nan

CONF_OFF_IBTB_MISS_BP_TAKEN                          0         -nan%                0         -nan%
CONF_OFF_BTB_MISS_BP_TAKEN_CONF_0                    0         -nan%                0         -nan%
CONF_OFF_BTB_MISS_BP_TAKEN_CONF_1                    0         -nan%                0         -nan%
CONF_OFF_BTB_MISS_BP_TAKEN_CONF_2                    0         -nan%                0         -nan%
CONF_OFF_BTB_MISS_BP_TAKEN_CONF_3                    0         -nan%                0         -nan%
CONF_OFF_BTB_MISS_RATE                               0         -nan%                0         -nan%
CONF_OFF_IBTB_MISS_RATE                              0         -nan%                0         -nan%
CONF_OFF_RECOVER_AT_DECODE_RATE                      0         -nan%                0         -nan%
CONF_OFF_RECOVER_AT_EXEC_RATE                        0         -nan%                0         -nan%
CONF_OFF_INV_CONF_INC                                0         -nan%                0         -nan%
CONF_OFF_PERFECT_CONF                                0         -nan%                0         -nan%
                                                     0         -nan%                0         -nan%
                                                  -nan         -nan              -nan         -nan

TOPDOWN_TOTAL_SLOTS                          238634135                      294752905              

TOPDOWN_ISSUED_SLOTS                         179149273                      218141325              

TOPDOWN_RETIRED_SLOTS                        141767712                      171133122              

TOPDOWN_FETCH_BUBBLES_SLOTS                   21912056                       28270385              

TOPDOWN_RECOVERY_BUBBLES_SLOTS                10192244                       12624352              

TOPDOWN_MEM_LOAD_STALLS_CYCLES                 5268377                        6891384              

TOPDOWN_MEM_STORE_STALLS_CYCLES                     26                             29              

TOPDOWN_EXEC_STALLS_CYCLES                     6219309                        8095756              

TOPDOWN_BACKEND_STALLS_CYCLES                  5268811                        6891929              

TOPDOWN_FETCH_BUBBLES_GT_MIW_CYCLES            2942968                        3847452              

TOPDOWN_BR_RECOVER_AT_EXEC_RETIRED_CYCLES        313694                         397713              

TOPDOWN_MACHINE_CLEAR_CYCLES                   3833670                        4576748              

TOPDOWN_FRONTEND_BOUND                             918                            918              

TOPDOWN_BACKEND_BOUND                             1149                           1149              

TOPDOWN_BAD_SPEC_BOUND                            1993                           1993              

TOPDOWN_RETIRING_BOUND                            5940                           5940              

TOPDOWN_FETCH_LATENCY_BOUND                        616                            616              

TOPDOWN_FETCH_BANDWIDTH_BOUND                      302                            302              

TOPDOWN_MEM_BOUND                                 1148                           1148              

TOPDOWN_CORE_BOUND                                   1                              1              

TOPDOWN_BR_RECOVER_AT_EXEC_BOUND                   150                            150              

TOPDOWN_MACHINE_CLEARS_BOUND                      1843                           1843              

H2P_SEEN_MAIN                                   371302                         397344              



