/* -*- Mode: c -*- */
####################################################################################################
Core 0
####################################################################################################
Cumulative:        Cycles: 10349497              Instructions: 29999995              IPC: 2.89869

Periodic:          Cycles: 3507874               Instructions: 9999992               IPC: 2.85073

FCT_LOOKUP_HITS                                 864119                        2499153              

FCT_LOOKUP_MISSES                               347935                        1196085              

FCT_LOOKUP_LOW_CONF                              96535                         273454              

FCT_PRELOAD_INSERTS                                  0                              0              

FCT_PRELOAD_DUPLICATE_LD1_SKIPS                      0                              0              

FCT_RUNTIME_INSERTS                                  1                             52              

FCT_RUNTIME_REPLACEMENTS                            24                             71              

FCT_RUNTIME_REINFORCEMENTS                          16                             42              

FCT_RUNTIME_CONFLICTS                                0                              0              

IFUSE_TRAINING_PAIRS_DISCOVERED                  47322                         210115              

IFUSE_TRAINING_STORE_INVALIDATIONS             1365621                        4091620              

IFUSE_TRAINING_CROSS_LINE_LOADS                      0                             10              

TRAINING_TABLE_LOOKUPS                           47322                         210115              

TRAINING_TABLE_HITS                              47281                         208076              

TRAINING_TABLE_MISSES                               41                           2039              

TRAINING_TABLE_INSERTS                              41                           2039              

TRAINING_TABLE_EVICTIONS                             1                           1374              

TRAINING_TABLE_OBSERVATIONS                      47322                         210115              

TRAINING_TABLE_PROMOTIONS                           41                            165              

TRAINING_TABLE_PROMOTION_REJECTS                     0                              0              

TRAINING_TABLE_PEAK_LIVE                             0                            512              

APT_LOOKUP_HITS                                 699997                        2046892              

APT_LOOKUP_MISSES                              1212042                        3695226              

APT_CONFIGURED_CAPACITY                              0                             64              

APT_INSERTS                                     767584                        2225699              

APT_EVICTIONS                                   485312                        1397249              

APT_INSERT_FAILURES                                  0                              0              

APT_LIVE_LD2_PREDICTION_PEAK                         0                             32              

APT_LIVE_LD2_PREDICTION_OBSERVATIONS           1912039                        5742118              

APT_LIVE_LD2_PREDICTION_TOTAL                  1825626                        5720718              

APT_LIVE_LD2_PREDICTION_AVG                    1825626        0.9548          5720718        0.9963

IFUSE_INFLIGHT_FUSED_PAIRS_PEAK                  79230                         214575              

IFUSE_INFLIGHT_FUSED_PAIRS_OBSERVATIONS        1912039                        5742116              

IFUSE_INFLIGHT_FUSED_PAIRS_TOTAL          339097823758                   570497139980              

ACI_LOOKUP_HITS                                 699941                        2046751              

ACI_LOOKUP_MISSES                                   44                            129              

ACI_REPLAYED_INSERTS                                 0                              0              

ACI_EVICTIONS                                       11                             19              

ACI_BACKING_ALLOC_FAILURES                           0                              0              

ACI_PREDICTION_INSERTS                          767584                        2225699              

ACI_SAME_CACHEBLOCK_INSERTS                     106531                         299381              

ACI_PREDICTION_INVALIDATIONS                     67626                         178918              

ACI_STALE_PREDICTION_REMOVALS                        0                              0              

IFUSE_GP_REG_OCCUPIED_PEAK                           0                            267              

IFUSE_GP_REG_OCCUPIED_OBSERVATIONS            11781556                       35588811              

IFUSE_GP_REG_OCCUPIED_TOTAL                 2618055501                     7864942196              

IFUSE_GP_REG_UTIL_PCT_TOTAL                  929591492                     2792489499              

IFUSE_EXTRA_REG_IN_USE_PEAK                          0                             18              

IFUSE_EXTRA_REG_IN_USE_OBSERVATIONS           11781556                       35588811              

IFUSE_EXTRA_REG_IN_USE_TOTAL                  45056108                      135948562              

IFUSE_LOAD1_PREDICTIONS                         767584                        2225699              

IFUSE_CORRECT_PREDICTIONS                       699929                        2046714              

IFUSE_INCORRECT_PREDICTIONS                         56                            166              

IFUSE_FUSED_LOADS                               699987                        2046714              

IFUSE_MISPREDICTED_LOADS                            56                            166              

IFUSE_MISPREDICTION_FLUSHES                         55                            163              

IFUSE_MISPREDICTED_CACHE_BLOCK_ADDR                 37                            115              

IFUSE_MISPREDICTED_OFFSET_DELTA                     49                            152              

IFUSE_ALL_LOADS                                1912186                        5742118              

IFUSE_NUM_FUSED_LOADS                           632352                        1870457              

IFUSE_NUM_DEMAND_LOADS                         1279834                        3871661              

IFUSE_LOAD_COVERAGE                             632352        0.3307          1870457        0.3257

IFUSE_LD_STALL_CYCLES                         10568073                       31895494              

IFUSE_LD_STALL_CYCLES_FUSED                    1131168                        3274665              

IFUSE_LD_STALL_CYCLES_DEMAND                   9436905                       28620829              

IFUSE_AVG_STALL_PER_LOAD                      10568073        5.5267         31895494        5.5547

IFUSE_AVG_STALL_PER_FUSED                      1131168        1.7888          3274665        1.7507

IFUSE_AVG_STALL_PER_DEMAND                     9436905        7.3735         28620829        7.3924

IFUSE_FULL_MITIGATED                            203202                         639138              

IFUSE_PARTIAL_MITIGATED                         429143                        1231319              

IFUSE_REMAINING_WAIT_AFTER_AGU                 1853791                        5395280              

IFUSE_PREFETCH_LEAD_OPPORTUNITIES               632345                        1870457              

IFUSE_PREFETCH_LEAD_EVENTS                      191506                         605855              

IFUSE_PREFETCH_LEAD_CYCLES                    12645239                       37901039              

IFUSE_AVG_PREFETCH_LEAD                       12645239       19.9974         37901039       20.2630

IFUSE_PAIR_DISTANCE_TOTAL                      6972415                       21409643              

IFUSE_AVG_PAIR_DISTANCE                        6972415       11.0263         21409643       11.4462

IFUSE_LD_EXEC_MINUS_FETCH                    177815048                      517595296              

IFUSE_LD_RETIRE_MINUS_FETCH                  277299011                      802545564              

IFUSE_LD_EXEC_TO_DONE                         10568073                       31895494              

IFUSE_LD_EXEC_MINUS_FETCH_FUSED               53567790                      157054620              

IFUSE_LD_RETIRE_MINUS_FETCH_FUSED             84629622                      245483447              

IFUSE_LD_EXEC_TO_DONE_FUSED                    1131168                        3274665              

IFUSE_LD_EXEC_MINUS_FETCH_DEMAND             124247258                      360540676              

IFUSE_LD_RETIRE_MINUS_FETCH_DEMAND           192669389                      557062117              

IFUSE_LD_EXEC_TO_DONE_DEMAND                   9436905                       28620829              



