/* -*- Mode: c -*- */
####################################################################################################
Core 0
####################################################################################################
Cumulative:        Cycles: 12667045              Instructions: 30000000              IPC: 2.36835

Periodic:          Cycles: 4190629               Instructions: 9999998               IPC: 2.38628

FCT_LOOKUP_HITS                                      0                              0              

FCT_LOOKUP_MISSES                              3334321                       10007447              

FCT_LOOKUP_LOW_CONF                                  0                              0              

FCT_PRELOAD_INSERTS                                  0                              0              

FCT_PRELOAD_DUPLICATE_LD1_SKIPS                      0                              0              

FCT_RUNTIME_INSERTS                                  0                              0              

FCT_RUNTIME_REPLACEMENTS                             0                              0              

FCT_RUNTIME_REINFORCEMENTS                           0                              0              

FCT_RUNTIME_CONFLICTS                                0                              0              

IFUSE_TRAINING_PAIRS_DISCOVERED                1329995                        3992105              

IFUSE_TRAINING_STORE_INVALIDATIONS             1655857                        4970657              

IFUSE_TRAINING_CROSS_LINE_LOADS                    233                            674              

TRAINING_TABLE_LOOKUPS                         1329995                        3992105              

TRAINING_TABLE_HITS                             931484                        2796608              

TRAINING_TABLE_MISSES                           398511                        1195497              

TRAINING_TABLE_INSERTS                          398511                        1195497              

TRAINING_TABLE_EVICTIONS                        398511                        1195369              

TRAINING_TABLE_OBSERVATIONS                    1329995                        3992105              

TRAINING_TABLE_PROMOTIONS                            0                              0              

TRAINING_TABLE_PROMOTION_REJECTS                     0                              0              

TRAINING_TABLE_PEAK_LIVE                             0                            128              

APT_LOOKUP_HITS                                      0                              0              

APT_LOOKUP_MISSES                              3334321                       10007447              

APT_CONFIGURED_CAPACITY                              0                            256              

APT_INSERTS                                          0                              0              

APT_EVICTIONS                                        0                              0              

APT_INSERT_FAILURES                                  0                              0              

APT_LIVE_LD2_PREDICTION_PEAK                         0                              0              

APT_LIVE_LD2_PREDICTION_OBSERVATIONS           3334321                       10007447              

APT_LIVE_LD2_PREDICTION_TOTAL                        0                              0              

APT_LIVE_LD2_PREDICTION_AVG                          0        0.0000                0        0.0000

IFUSE_INFLIGHT_FUSED_PAIRS_PEAK                      0                              0              

IFUSE_INFLIGHT_FUSED_PAIRS_OBSERVATIONS        3334321                       10007446              

IFUSE_INFLIGHT_FUSED_PAIRS_TOTAL                     0                              0              

ACI_LOOKUP_HITS                                      0                              0              

ACI_LOOKUP_MISSES                                    0                              0              

ACI_REPLAYED_INSERTS                                 0                              0              

ACI_EVICTIONS                                        0                              0              

ACI_BACKING_ALLOC_FAILURES                           0                              0              

ACI_PREDICTION_INSERTS                               0                              0              

ACI_SAME_CACHEBLOCK_INSERTS                          0                              0              

ACI_PREDICTION_INVALIDATIONS                         0                              0              

ACI_STALE_PREDICTION_REMOVALS                        0                              0              

IFUSE_GP_REG_OCCUPIED_PEAK                           0                            266              

IFUSE_GP_REG_OCCUPIED_OBSERVATIONS            14787136                       44326389              

IFUSE_GP_REG_OCCUPIED_TOTAL                 2592701181                     7766484150              

IFUSE_GP_REG_UTIL_PCT_TOTAL                  919108174                     2753181821              

IFUSE_EXTRA_REG_IN_USE_PEAK                          0                              0              

IFUSE_EXTRA_REG_IN_USE_OBSERVATIONS           14787136                       44326389              

IFUSE_EXTRA_REG_IN_USE_TOTAL                         0                              0              

IFUSE_LOAD1_PREDICTIONS                              0                              0              

IFUSE_CORRECT_PREDICTIONS                            0                              0              

IFUSE_INCORRECT_PREDICTIONS                          0                              0              

IFUSE_FUSED_LOADS                                    0                              0              

IFUSE_MISPREDICTED_LOADS                             0                              0              

IFUSE_MISPREDICTION_FLUSHES                          0                              0              

IFUSE_MISPREDICTED_CACHE_BLOCK_ADDR                  0                              0              

IFUSE_MISPREDICTED_OFFSET_DELTA                      0                              0              

IFUSE_ALL_LOADS                                3334363                       10007447              

IFUSE_NUM_FUSED_LOADS                                0                              0              

IFUSE_NUM_DEMAND_LOADS                         3334363                       10007447              

IFUSE_LOAD_COVERAGE                                  0        0.0000                0        0.0000

IFUSE_LD_STALL_CYCLES                         24854960                       74853312              

IFUSE_LD_STALL_CYCLES_FUSED                          0                              0              

IFUSE_LD_STALL_CYCLES_DEMAND                  24854960                       74853312              

IFUSE_AVG_STALL_PER_LOAD                      24854960        7.4542         74853312        7.4798

IFUSE_AVG_STALL_PER_FUSED                            0          -nan                0          -nan

IFUSE_AVG_STALL_PER_DEMAND                    24854960        7.4542         74853312        7.4798

IFUSE_FULL_MITIGATED                                 0                              0              

IFUSE_PARTIAL_MITIGATED                              0                              0              

IFUSE_REMAINING_WAIT_AFTER_AGU                       0                              0              

IFUSE_PREFETCH_LEAD_OPPORTUNITIES                    0                              0              

IFUSE_PREFETCH_LEAD_EVENTS                           0                              0              

IFUSE_PREFETCH_LEAD_CYCLES                           0                              0              

IFUSE_AVG_PREFETCH_LEAD                              0          -nan                0          -nan

IFUSE_PAIR_DISTANCE_TOTAL                            0                              0              

IFUSE_AVG_PAIR_DISTANCE                              0          -nan                0          -nan

IFUSE_LD_EXEC_MINUS_FETCH                    166748784                      500419420              

IFUSE_LD_RETIRE_MINUS_FETCH                  316255109                      952004464              

IFUSE_LD_EXEC_TO_DONE                         24854960                       74853312              

IFUSE_LD_EXEC_MINUS_FETCH_FUSED                      0                              0              

IFUSE_LD_RETIRE_MINUS_FETCH_FUSED                    0                              0              

IFUSE_LD_EXEC_TO_DONE_FUSED                          0                              0              

IFUSE_LD_EXEC_MINUS_FETCH_DEMAND             166748784                      500419420              

IFUSE_LD_RETIRE_MINUS_FETCH_DEMAND           316255109                      952004464              

IFUSE_LD_EXEC_TO_DONE_DEMAND                  24854960                       74853312              



