/* -*- Mode: c -*- */
####################################################################################################
Core 0
####################################################################################################
Cumulative:        Cycles: 226307588             Instructions: 29999984              IPC: 0.13256

Periodic:          Cycles: 62130275              Instructions: 9999980               IPC: 0.16095

MISS_WAIT_TIME                             14869613187                    14980781845              

ICACHE_STAGE_MISS                                   88                           1142              

ICACHE_CYCLE                                  62130275                      226307588              

TCACHE_CYCLE                                         0                              0              

ICACHE_SERVING_CYCLE_ON_PATH                      1355                           9191              

ICACHE_SERVING_CYCLE_OFF_PATH                    12791                          43017              

UCACHE_SERVING_CYCLE_ON_PATH                  62041466                      226008472              

UCACHE_SERVING_CYCLE_OFF_PATH                    37568                         139685              

ICACHE_CYCLE_ONPATH                           62072570       99.907%        226103585       99.910%
ICACHE_CYCLE_OFFPATH                             57705        0.093%           204003        0.090%
                                              62130275      100.000%        226307588      100.000%
                                                  0.00         0.03              0.00         0.03

FETCH_ON_PATH                                 62075755       99.912%        226111366       99.913%
FETCH_OFF_PATH                                   54520        0.088%           196222        0.087%
                                              62130275      100.000%        226307588      100.000%
                                                  0.00         0.03              0.00         0.03

FETCHED_OPS_ON_PATH                                  0         -nan%                0         -nan%
FETCHED_OPS_OFF_PATH                                 0         -nan%                0         -nan%
                                                     0         -nan%                0         -nan%
                                                  -nan         -nan              -nan         -nan

INST_LOST_FETCH                               11224699        1.785%         31247923        1.361%
INST_LOST_OFF_PATH                               92224        0.015%           555690        0.024%
INST_LOST_FULL_WINDOW                           850396        0.135%          2195538        0.096%
INST_LOST_ROB_STALL_OTHER                    198216190       31.529%        725123422       31.590%
INST_LOST_ROB_STALL_WAIT_FOR_RECOVERY                0        0.000%                0        0.000%
INST_LOST_ROB_STALL_WAIT_FOR_REDIRECT                0        0.000%                0        0.000%
INST_LOST_ROB_STALL_WAIT_FOR_GAP_FILL                0        0.000%                0        0.000%
INST_LOST_ROB_STALL_WAIT_FOR_L1_MISS                 0        0.000%                0        0.000%
INST_LOST_ROB_STALL_WAIT_FOR_MEMORY          282938456       45.006%       1041362734       45.368%
INST_LOST_ROB_STALL_WAIT_FOR_DC_MISS            328540        0.052%           405828        0.018%
INST_LOST_ROB_BLOCK_ISSUE_FULL                       0        0.000%                0        0.000%
INST_LOST_ROB_BLOCK_ISSUE_GAP_TOO_LARGE              0        0.000%                0        0.000%
INST_LOST_BREAK_DONT                                 0        0.000%                0        0.000%
INST_LOST_BREAK_FT_UNAVAILABLE                   93256        0.015%           122638        0.005%
INST_LOST_BREAK_ICACHE_STAGE_RESTEER               800        0.000%             1244        0.000%
INST_LOST_BREAK_ICACHE_MISS_REQ_SUCCESS            348        0.000%             4751        0.000%
INST_LOST_BREAK_ICACHE_MISS_REQ_FAILURE              0        0.000%                0        0.000%
INST_LOST_BREAK_ICACHE_WAIT_FOR_MISS             85198        0.014%           436774        0.019%
INST_LOST_BREAK_ICACHE_STALLED                   27694        0.004%            66989        0.003%
INST_LOST_BREAK_ICACHE_TO_UOP_CACHE_SWITCH          2356        0.000%             9111        0.000%
INST_LOST_BREAK_ICACHE_READ_LIMIT                10202        0.002%            16800        0.001%
INST_LOST_BREAK_ICACHE_ISSUE_WIDTH                   0        0.000%                0        0.000%
INST_LOST_BREAK_UOP_CACHE_STALLED            132007083       20.998%        485988594       21.172%
INST_LOST_BREAK_UOP_CACHE_TO_ICACHE_SWITCH          1650        0.000%             8272        0.000%
INST_LOST_BREAK_UOP_CACHE_READ_LIMIT           2791895        0.444%          7841802        0.342%
INST_LOST_BREAK_UOP_CACHE_ISSUE_WIDTH                0        0.000%                0        0.000%
                                             628670987      100.000%       2295388110      100.000%
                                                  9.29         6.94              9.33         6.95

INST_LOST_TOTAL                              496966310                     1810176050              

INST_LOST_WAIT_FOR_ICACHE_MISS_NOT_PREFETCHED         21252       32.949%           103344       27.404%
INST_LOST_WAIT_FOR_ICACHE_MISS_PREFETCHED_AND_EVICTED_BY_IFETCH             0        0.000%                0        0.000%
INST_LOST_WAIT_FOR_ICACHE_MISS_PREFETCHED_AND_EVICTED_BY_FDIP             0        0.000%                0        0.000%
INST_LOST_WAIT_FOR_ICACHE_MISS_MSHR_HIT_PREF_OFFPATH           582        0.902%             4512        1.196%
INST_LOST_WAIT_FOR_ICACHE_MISS_MSHR_HIT_PREF_ONPATH         42666       66.149%           269256       71.399%
                                                 64500      100.000%           377112      100.000%
                                                  2.67         2.43              2.89         2.62

FETCH_0_OPS                                      23204        0.037%            93319        0.041%
FETCH_1_OPS                                       4017        0.006%             8086        0.004%
FETCH_2_OPS                                    9405125       15.138%         34669568       15.320%
FETCH_3_OPS                                     145257        0.234%           150055        0.066%
FETCH_4_OPS                                   19344440       31.135%         71186461       31.456%
FETCH_5_OPS                                       3296        0.005%            16754        0.007%
FETCH_6_OPS                                       7715        0.012%            41580        0.018%
FETCH_7_OPS                                     322508        0.519%           331526        0.146%
FETCH_8_OPS                                   32874713       52.913%        119810239       52.941%
FETCH_9_OPS                                          0        0.000%                0        0.000%
FETCH_10_OPS                                         0        0.000%                0        0.000%
FETCH_11_OPS                                         0        0.000%                0        0.000%
FETCH_12_OPS                                         0        0.000%                0        0.000%
FETCH_13_OPS                                         0        0.000%                0        0.000%
FETCH_14_OPS                                         0        0.000%                0        0.000%
FETCH_15_OPS                                         0        0.000%                0        0.000%
FETCH_16_OPS                                         0        0.000%                0        0.000%
                                              62130275      100.000%        226307588      100.000%
                                                  5.83         2.40              5.81         2.41

ST_BREAK_DONT                                        0        0.000%                0        0.000%
ST_BREAK_FT_UNAVAILABLE                          21518        0.035%            26416        0.012%
ST_BREAK_ICACHE_STAGE_RESTEER                      137        0.000%              262        0.000%
ST_BREAK_ICACHE_MISS_REQ_SUCCESS                    88        0.000%             1142        0.001%
ST_BREAK_ICACHE_MISS_REQ_FAILURE                     0        0.000%                0        0.000%
ST_BREAK_ICACHE_WAIT_FOR_MISS                    14206        0.023%            72808        0.032%
ST_BREAK_ICACHE_STALLED                          10721        0.017%            21715        0.010%
ST_BREAK_ICACHE_TO_UOP_CACHE_SWITCH                614        0.001%             2783        0.001%
ST_BREAK_ICACHE_READ_LIMIT                        2639        0.004%             4898        0.002%
ST_BREAK_ICACHE_ISSUE_WIDTH                       1896        0.003%            26407        0.012%
ST_BREAK_UOP_CACHE_STALLED                    60316980       97.081%        221217227       97.751%
ST_BREAK_UOP_CACHE_TO_ICACHE_SWITCH                338        0.001%             1877        0.001%
ST_BREAK_UOP_CACHE_READ_LIMIT                   725713        1.168%          1865303        0.824%
ST_BREAK_UOP_CACHE_ISSUE_WIDTH                 1035425        1.667%          3066750        1.355%
                                              62130275      100.000%        226307588      100.000%
                                                 10.07         1.39             10.05         1.24

ORACLE_ON_PATH_INST                           11224699       99.185%         31247923       98.253%
ORACLE_OFF_PATH_INST                             92224        0.815%           555690        1.747%
                                              11316923      100.000%         31803613      100.000%
                                                  0.01         0.09              0.02         0.13

ORACLE_ON_PATH_INST_MEM                        6472497       57.193%         20413744       64.187%
ORACLE_ON_PATH_INST_NOTMEM                     4752202       41.992%         10834179       34.066%
ORACLE_OFF_PATH_INST_MEM                         26664        0.236%           114809        0.361%
ORACLE_OFF_PATH_INST_NOTMEM                      65560        0.579%           440881        1.386%
                                              11316923      100.000%         31803613      100.000%
                                                  0.44         0.42              0.39         0.48

ICACHE_CYCLE_NONRA_ONPATH                            0         -nan%                0         -nan%
ICACHE_CYCLE_NONRA_OFFPATH                           0         -nan%                0         -nan%
ICACHE_CYCLE_RA_ONPATH                               0         -nan%                0         -nan%
ICACHE_CYCLE_RA_OFFPATH                              0         -nan%                0         -nan%
                                                     0         -nan%                0         -nan%
                                                  -nan         -nan              -nan         -nan

ICACHE_CYCLE_ONPATH_NONRA                            0         -nan%                0         -nan%
ICACHE_CYCLE_OFFPATH_NONRA                           0         -nan%                0         -nan%
                                                     0         -nan%                0         -nan%
                                                  -nan         -nan              -nan         -nan

ICACHE_CYCLE_ONPATH_RA                               0         -nan%                0         -nan%
ICACHE_CYCLE_OFFPATH_RA                              0         -nan%                0         -nan%
                                                     0         -nan%                0         -nan%
                                                  -nan         -nan              -nan         -nan

INACCURATE_OFFPATH_CYCLES                            0        0.0000                0        0.0000

FETCH_ALL_INST                                11316923                       31803613              

EXEC_ALL_INST                                 10859761                       30991125              

RET_ALL_INST                                  11225025                       31247923              

EXEC_ON_PATH_INST                             10848580       99.897%         30855028       99.561%
EXEC_OFF_PATH_INST                               11181        0.103%           136097        0.439%
                                              10859761      100.000%         30991125      100.000%
                                                  0.00         0.03              0.00         0.07

EXEC_ON_PATH_INST_MEM                          6096291       56.137%         20020849       64.602%
EXEC_ON_PATH_INST_NOTMEM                       4752289       43.761%         10834179       34.959%
EXEC_OFF_PATH_INST_MEM                            2082        0.019%            28004        0.090%
EXEC_OFF_PATH_INST_NOTMEM                         9099        0.084%           108093        0.349%
                                              10859761      100.000%         30991125      100.000%
                                                  0.44         0.38              0.36         0.41

EXEC_RA_INST                                         0         -nan%                0         -nan%
EXEC_NONRA_INST                                      0         -nan%                0         -nan%
                                                     0         -nan%                0         -nan%
                                                  -nan         -nan              -nan         -nan

EXEC_ON_PATH_INST_RA                                 0         -nan%                0         -nan%
EXEC_OFF_PATH_INST_RA                                0         -nan%                0         -nan%
                                                     0         -nan%                0         -nan%
                                                  -nan         -nan              -nan         -nan

EXEC_ON_PATH_INST_NONRA                              0         -nan%                0         -nan%
EXEC_OFF_PATH_INST_NONRA                             0         -nan%                0         -nan%
                                                     0         -nan%                0         -nan%
                                                  -nan         -nan              -nan         -nan

EXEC_RA_ON_PATH_INST                                 0         -nan%                0         -nan%
EXEC_RA_OFF_PATH_INST                                0         -nan%                0         -nan%
EXEC_NONRA_ON_PATH_INST                              0         -nan%                0         -nan%
EXEC_NONRA_OFF_PATH_INST                             0         -nan%                0         -nan%
                                                     0         -nan%                0         -nan%
                                                  -nan         -nan              -nan         -nan

ICACHE_THROTTLE_CYCLE                                0                              0              

FETCH_ENABLE_THROTTLE_OFF_PATH                       0         -nan%                0         -nan%
FETCH_ENABLE_THROTTLE_ON_PATH                        0         -nan%                0         -nan%
                                                     0         -nan%                0         -nan%
                                                  -nan         -nan              -nan         -nan

FETCH_DISABLE_THROTTLE_OFF_PATH                      0         -nan%                0         -nan%
FETCH_DISABLE_THROTTLE_ON_PATH                       0         -nan%                0         -nan%
                                                     0         -nan%                0         -nan%
                                                  -nan         -nan              -nan         -nan

FETCH_TH_ADJUST__0                                   0         -nan%                0         -nan%
FETCH_TH_ADJUST__1                                   0         -nan%                0         -nan%
FETCH_TH_ADJUST__2                                   0         -nan%                0         -nan%
FETCH_TH_ADJUST__3                                   0         -nan%                0         -nan%
FETCH_TH_ADJUST__4                                   0         -nan%                0         -nan%
FETCH_TH_ADJUST__5                                   0         -nan%                0         -nan%
FETCH_TH_ADJUST__6                                   0         -nan%                0         -nan%
FETCH_TH_ADJUST__7                                   0         -nan%                0         -nan%
FETCH_TH_ADJUST__8                                   0         -nan%                0         -nan%
FETCH_TH_ADJUST__9                                   0         -nan%                0         -nan%
FETCH_TH_ADJUST__MAX                                 0         -nan%                0         -nan%
                                                     0         -nan%                0         -nan%
                                                  -nan         -nan              -nan         -nan

FETCH_TH_ADJUST_UP                                   0         -nan%                0         -nan%
FETCH_TH_ADJUST_DOWN                                 0         -nan%                0         -nan%
FETCH_TH_ADJUST_SAME                                 0         -nan%                0         -nan%
                                                     0         -nan%                0         -nan%
                                                  -nan         -nan              -nan         -nan

THROTTLE_ADJUST_CACHE_MISS_INFO                      0                              0              

LOW_CONF_COUNT_BP_MIS_0                              0         -nan%                0         -nan%
LOW_CONF_COUNT_BP_MIS_1                              0         -nan%                0         -nan%
LOW_CONF_COUNT_BP_MIS_2                              0         -nan%                0         -nan%
LOW_CONF_COUNT_BP_MIS_3                              0         -nan%                0         -nan%
LOW_CONF_COUNT_BP_MIS_4                              0         -nan%                0         -nan%
LOW_CONF_COUNT_BP_MIS_5                              0         -nan%                0         -nan%
LOW_CONF_COUNT_BP_MIS_6                              0         -nan%                0         -nan%
LOW_CONF_COUNT_BP_MIS_7                              0         -nan%                0         -nan%
LOW_CONF_COUNT_BP_MIS_8                              0         -nan%                0         -nan%
LOW_CONF_COUNT_BP_MIS_9                              0         -nan%                0         -nan%
LOW_CONF_COUNT_BP_MIS_10                             0         -nan%                0         -nan%
LOW_CONF_COUNT_BP_MIS_11                             0         -nan%                0         -nan%
LOW_CONF_COUNT_BP_MIS_12                             0         -nan%                0         -nan%
LOW_CONF_COUNT_BP_MIS_13                             0         -nan%                0         -nan%
LOW_CONF_COUNT_BP_MIS_14                             0         -nan%                0         -nan%
LOW_CONF_COUNT_BP_MIS_15                             0         -nan%                0         -nan%
LOW_CONF_COUNT_BP_MIS_16                             0         -nan%                0         -nan%
LOW_CONF_COUNT_BP_MIS_17                             0         -nan%                0         -nan%
LOW_CONF_COUNT_BP_MIS_18                             0         -nan%                0         -nan%
LOW_CONF_COUNT_BP_MIS_19                             0         -nan%                0         -nan%
LOW_CONF_COUNT_BP_MIS_20                             0         -nan%                0         -nan%
                                                     0         -nan%                0         -nan%
                                                  -nan         -nan              -nan         -nan

LOW_CONF_COUNT_RET_0                                 0         -nan%                0         -nan%
LOW_CONF_COUNT_RET_1                                 0         -nan%                0         -nan%
LOW_CONF_COUNT_RET_2                                 0         -nan%                0         -nan%
LOW_CONF_COUNT_RET_3                                 0         -nan%                0         -nan%
LOW_CONF_COUNT_RET_4                                 0         -nan%                0         -nan%
LOW_CONF_COUNT_RET_5                                 0         -nan%                0         -nan%
LOW_CONF_COUNT_RET_6                                 0         -nan%                0         -nan%
LOW_CONF_COUNT_RET_7                                 0         -nan%                0         -nan%
LOW_CONF_COUNT_RET_8                                 0         -nan%                0         -nan%
LOW_CONF_COUNT_RET_9                                 0         -nan%                0         -nan%
LOW_CONF_COUNT_RET_10                                0         -nan%                0         -nan%
LOW_CONF_COUNT_RET_11                                0         -nan%                0         -nan%
LOW_CONF_COUNT_RET_12                                0         -nan%                0         -nan%
LOW_CONF_COUNT_RET_13                                0         -nan%                0         -nan%
LOW_CONF_COUNT_RET_14                                0         -nan%                0         -nan%
LOW_CONF_COUNT_RET_15                                0         -nan%                0         -nan%
LOW_CONF_COUNT_RET_16                                0         -nan%                0         -nan%
LOW_CONF_COUNT_RET_17                                0         -nan%                0         -nan%
LOW_CONF_COUNT_RET_18                                0         -nan%                0         -nan%
LOW_CONF_COUNT_RET_19                                0         -nan%                0         -nan%
LOW_CONF_COUNT_RET_20                                0         -nan%                0         -nan%
                                                     0         -nan%                0         -nan%
                                                  -nan         -nan              -nan         -nan

CYCLES_RESTEER_RECOVER_AT_EXEC                       0         -nan%                0         -nan%
CYCLES_RESTEER_RECOVER_AT_DECODE                     0         -nan%                0         -nan%
CYCLES_RESTEER_BTB_MISS                              0         -nan%                0         -nan%
                                                     0         -nan%                0         -nan%
                                                  -nan         -nan              -nan         -nan

CYCLES_RESTEER_RECOVER_AT_EXEC_SAVED_UC_FETCH             0         -nan%                0         -nan%
CYCLES_RESTEER_RECOVER_AT_EXEC_COULD_BE_SAVED_UC_FETCH             0         -nan%                0         -nan%
CYCLES_RESTEER_RECOVER_AT_DECODE_SAVED_UC_FETCH             0         -nan%                0         -nan%
CYCLES_RESTEER_RECOVER_AT_DECODE_COULD_BE_SAVED_UC_FETCH             0         -nan%                0         -nan%
CYCLES_RESTEER_BTB_MISS_SAVED_UC_FETCH               0         -nan%                0         -nan%
CYCLES_RESTEER_BTB_MISS_COULD_BE_SAVED_UC_FETCH             0         -nan%                0         -nan%
                                                     0         -nan%                0         -nan%
                                                  -nan         -nan              -nan         -nan

CYCLES_UOC_IC_SWITCH                                 0                              0              



