/* -*- Mode: c -*- */
####################################################################################################
Core 0
####################################################################################################
Cumulative:        Cycles: 74654113              Instructions: 120000000             IPC: 1.60741

Periodic:          Cycles: 61506108              Instructions: 99999995              IPC: 1.62585

MISS_WAIT_TIME                             33615179908                    34087291532              

ICACHE_STAGE_MISS                                  875                           1367              

ICACHE_CYCLE                                  61506108                       74654113              

TCACHE_CYCLE                                         0                              0              

ICACHE_SERVING_CYCLE_ON_PATH                   3661436                        4370803              

ICACHE_SERVING_CYCLE_OFF_PATH                  3889680                        4755810              

UCACHE_SERVING_CYCLE_ON_PATH                  26611188                       32110956              

UCACHE_SERVING_CYCLE_OFF_PATH                 25089861                       30693399              

ICACHE_CYCLE_ONPATH                           30612590       49.772%         36892942       49.418%
ICACHE_CYCLE_OFFPATH                          30893518       50.228%         37761171       50.582%
                                              61506108      100.000%         74654113      100.000%
                                                  0.50         0.50              0.51         0.50

FETCH_ON_PATH                                 32520865       52.874%         39195891       52.503%
FETCH_OFF_PATH                                28985243       47.126%         35458222       47.497%
                                              61506108      100.000%         74654113      100.000%
                                                  0.47         0.49              0.47         0.49

FETCHED_OPS_ON_PATH                                  0         -nan%                0         -nan%
FETCHED_OPS_OFF_PATH                                 0         -nan%                0         -nan%
                                                     0         -nan%                0         -nan%
                                                  -nan         -nan              -nan         -nan

INST_LOST_FETCH                              125769639       26.876%        150808934       26.571%
INST_LOST_OFF_PATH                           183081537       39.123%        223101084       39.308%
INST_LOST_FULL_WINDOW                          1769300        0.378%          2205458        0.389%
INST_LOST_ROB_STALL_OTHER                     76370902       16.320%         92998950       16.386%
INST_LOST_ROB_STALL_WAIT_FOR_RECOVERY                0        0.000%                0        0.000%
INST_LOST_ROB_STALL_WAIT_FOR_REDIRECT                0        0.000%                0        0.000%
INST_LOST_ROB_STALL_WAIT_FOR_GAP_FILL                0        0.000%                0        0.000%
INST_LOST_ROB_STALL_WAIT_FOR_L1_MISS                 0        0.000%                0        0.000%
INST_LOST_ROB_STALL_WAIT_FOR_MEMORY               5204        0.001%             5292        0.001%
INST_LOST_ROB_STALL_WAIT_FOR_DC_MISS            449400        0.096%           612388        0.108%
INST_LOST_ROB_BLOCK_ISSUE_FULL                       0        0.000%                0        0.000%
INST_LOST_ROB_BLOCK_ISSUE_GAP_TOO_LARGE              0        0.000%                0        0.000%
INST_LOST_BREAK_DONT                                 0        0.000%                0        0.000%
INST_LOST_BREAK_FT_UNAVAILABLE                13295050        2.841%         15995976        2.818%
INST_LOST_BREAK_ICACHE_STAGE_RESTEER            691339        0.148%           821678        0.145%
INST_LOST_BREAK_ICACHE_MISS_REQ_SUCCESS           3957        0.001%             6079        0.001%
INST_LOST_BREAK_ICACHE_MISS_REQ_FAILURE          13625        0.003%            13625        0.002%
INST_LOST_BREAK_ICACHE_WAIT_FOR_MISS            196512        0.042%           305850        0.054%
INST_LOST_BREAK_ICACHE_STALLED                  122403        0.026%           155656        0.027%
INST_LOST_BREAK_ICACHE_TO_UOP_CACHE_SWITCH       5051553        1.079%          6108398        1.076%
INST_LOST_BREAK_ICACHE_READ_LIMIT              3024795        0.646%          3637880        0.641%
INST_LOST_BREAK_ICACHE_ISSUE_WIDTH                   0        0.000%                0        0.000%
INST_LOST_BREAK_UOP_CACHE_STALLED              3789997        0.810%          5205608        0.917%
INST_LOST_BREAK_UOP_CACHE_TO_ICACHE_SWITCH       5183467        1.108%          6243466        1.100%
INST_LOST_BREAK_UOP_CACHE_READ_LIMIT          49149790       10.503%         59340862       10.455%
INST_LOST_BREAK_UOP_CACHE_ISSUE_WIDTH                0        0.000%                0        0.000%
                                             467968470      100.000%        567567184      100.000%
                                                  4.59         7.57              4.60         7.58

INST_LOST_TOTAL                              472579990                      573716178              

INST_LOST_WAIT_FOR_ICACHE_MISS_NOT_PREFETCHED         51108       31.318%            68844       27.206%
INST_LOST_WAIT_FOR_ICACHE_MISS_PREFETCHED_AND_EVICTED_BY_IFETCH             0        0.000%                0        0.000%
INST_LOST_WAIT_FOR_ICACHE_MISS_PREFETCHED_AND_EVICTED_BY_FDIP             0        0.000%                0        0.000%
INST_LOST_WAIT_FOR_ICACHE_MISS_MSHR_HIT_PREF_OFFPATH          1638        1.004%             1998        0.790%
INST_LOST_WAIT_FOR_ICACHE_MISS_MSHR_HIT_PREF_ONPATH        110442       67.678%           182202       72.004%
                                                163188      100.000%           253044      100.000%
                                                  2.74         2.48              2.90         2.63

FETCH_0_OPS                                    2249604        3.658%          2717773        3.640%
FETCH_1_OPS                                    1132508        1.841%          1373795        1.840%
FETCH_2_OPS                                    1570591        2.554%          1909296        2.558%
FETCH_3_OPS                                    4468311        7.265%          5426966        7.269%
FETCH_4_OPS                                    2873922        4.673%          3521085        4.717%
FETCH_5_OPS                                    2293802        3.729%          2781511        3.726%
FETCH_6_OPS                                   11042607       17.954%         13366631       17.905%
FETCH_7_OPS                                    1839565        2.991%          2240314        3.001%
FETCH_8_OPS                                   34035198       55.336%         41316742       55.344%
FETCH_9_OPS                                          0        0.000%                0        0.000%
FETCH_10_OPS                                         0        0.000%                0        0.000%
FETCH_11_OPS                                         0        0.000%                0        0.000%
FETCH_12_OPS                                         0        0.000%                0        0.000%
FETCH_13_OPS                                         0        0.000%                0        0.000%
FETCH_14_OPS                                         0        0.000%                0        0.000%
FETCH_15_OPS                                         0        0.000%                0        0.000%
FETCH_16_OPS                                         0        0.000%                0        0.000%
                                              61506108      100.000%         74654113      100.000%
                                                  6.37         1.92              6.37         1.92

ST_BREAK_DONT                                        0        0.000%                0        0.000%
ST_BREAK_FT_UNAVAILABLE                        2218445        3.607%          2669197        3.575%
ST_BREAK_ICACHE_STAGE_RESTEER                   171351        0.279%           203460        0.273%
ST_BREAK_ICACHE_MISS_REQ_SUCCESS                   875        0.001%             1367        0.002%
ST_BREAK_ICACHE_MISS_REQ_FAILURE                  2272        0.004%             2272        0.003%
ST_BREAK_ICACHE_WAIT_FOR_MISS                    32760        0.053%            50991        0.068%
ST_BREAK_ICACHE_STALLED                         218602        0.355%           263682        0.353%
ST_BREAK_ICACHE_TO_UOP_CACHE_SWITCH            1495084        2.431%          1805642        2.419%
ST_BREAK_ICACHE_READ_LIMIT                     1097358        1.784%          1320416        1.769%
ST_BREAK_ICACHE_ISSUE_WIDTH                    4585047        7.455%          5545741        7.429%
ST_BREAK_UOP_CACHE_STALLED                    10722900       17.434%         13215095       17.702%
ST_BREAK_UOP_CACHE_TO_ICACHE_SWITCH            1242116        2.020%          1497577        2.006%
ST_BREAK_UOP_CACHE_READ_LIMIT                 15333070       24.929%         18509333       24.793%
ST_BREAK_UOP_CACHE_ISSUE_WIDTH                24386228       39.648%         29569340       39.608%
                                              61506108      100.000%         74654113      100.000%
                                                 11.16         7.49             11.16         7.49

ORACLE_ON_PATH_INST                          125769639       40.722%        150808934       40.333%
ORACLE_OFF_PATH_INST                         183081537       59.278%        223101084       59.667%
                                             308851176      100.000%        373910018      100.000%
                                                  0.59         0.55              0.60         0.56

ORACLE_ON_PATH_INST_MEM                       36086643       11.684%         43241746       11.565%
ORACLE_ON_PATH_INST_NOTMEM                    89682996       29.038%        107567188       28.768%
ORACLE_OFF_PATH_INST_MEM                      52053060       16.854%         63524071       16.989%
ORACLE_OFF_PATH_INST_NOTMEM                  131028477       42.424%        159577013       42.678%
                                             308851176      100.000%        373910018      100.000%
                                                  1.90         1.51              1.91         1.52

ICACHE_CYCLE_NONRA_ONPATH                            0         -nan%                0         -nan%
ICACHE_CYCLE_NONRA_OFFPATH                           0         -nan%                0         -nan%
ICACHE_CYCLE_RA_ONPATH                               0         -nan%                0         -nan%
ICACHE_CYCLE_RA_OFFPATH                              0         -nan%                0         -nan%
                                                     0         -nan%                0         -nan%
                                                  -nan         -nan              -nan         -nan

ICACHE_CYCLE_ONPATH_NONRA                            0         -nan%                0         -nan%
ICACHE_CYCLE_OFFPATH_NONRA                           0         -nan%                0         -nan%
                                                     0         -nan%                0         -nan%
                                                  -nan         -nan              -nan         -nan

ICACHE_CYCLE_ONPATH_RA                               0         -nan%                0         -nan%
ICACHE_CYCLE_OFFPATH_RA                              0         -nan%                0         -nan%
                                                     0         -nan%                0         -nan%
                                                  -nan         -nan              -nan         -nan

INACCURATE_OFFPATH_CYCLES                            0        0.0000                0        0.0000

FETCH_ALL_INST                               308851176                      373910018              

EXEC_ALL_INST                                162922142                      196454320              

RET_ALL_INST                                 125769758                      150808934              

EXEC_ON_PATH_INST                            119513542       73.356%        143480890       73.035%
EXEC_OFF_PATH_INST                            43408600       26.644%         52973430       26.965%
                                             162922142      100.000%        196454320      100.000%
                                                  0.27         0.40              0.27         0.40

EXEC_ON_PATH_INST_MEM                         29830469       18.310%         35913702       18.281%
EXEC_ON_PATH_INST_NOTMEM                      89683073       55.047%        107567188       54.754%
EXEC_OFF_PATH_INST_MEM                        14237623        8.739%         17373320        8.843%
EXEC_OFF_PATH_INST_NOTMEM                     29170977       17.905%         35600110       18.121%
                                             162922142      100.000%        196454320      100.000%
                                                  1.26         0.95              1.27         0.96

EXEC_RA_INST                                         0         -nan%                0         -nan%
EXEC_NONRA_INST                                      0         -nan%                0         -nan%
                                                     0         -nan%                0         -nan%
                                                  -nan         -nan              -nan         -nan

EXEC_ON_PATH_INST_RA                                 0         -nan%                0         -nan%
EXEC_OFF_PATH_INST_RA                                0         -nan%                0         -nan%
                                                     0         -nan%                0         -nan%
                                                  -nan         -nan              -nan         -nan

EXEC_ON_PATH_INST_NONRA                              0         -nan%                0         -nan%
EXEC_OFF_PATH_INST_NONRA                             0         -nan%                0         -nan%
                                                     0         -nan%                0         -nan%
                                                  -nan         -nan              -nan         -nan

EXEC_RA_ON_PATH_INST                                 0         -nan%                0         -nan%
EXEC_RA_OFF_PATH_INST                                0         -nan%                0         -nan%
EXEC_NONRA_ON_PATH_INST                              0         -nan%                0         -nan%
EXEC_NONRA_OFF_PATH_INST                             0         -nan%                0         -nan%
                                                     0         -nan%                0         -nan%
                                                  -nan         -nan              -nan         -nan

ICACHE_THROTTLE_CYCLE                                0                              0              

FETCH_ENABLE_THROTTLE_OFF_PATH                       0         -nan%                0         -nan%
FETCH_ENABLE_THROTTLE_ON_PATH                        0         -nan%                0         -nan%
                                                     0         -nan%                0         -nan%
                                                  -nan         -nan              -nan         -nan

FETCH_DISABLE_THROTTLE_OFF_PATH                      0         -nan%                0         -nan%
FETCH_DISABLE_THROTTLE_ON_PATH                       0         -nan%                0         -nan%
                                                     0         -nan%                0         -nan%
                                                  -nan         -nan              -nan         -nan

FETCH_TH_ADJUST__0                                   0         -nan%                0         -nan%
FETCH_TH_ADJUST__1                                   0         -nan%                0         -nan%
FETCH_TH_ADJUST__2                                   0         -nan%                0         -nan%
FETCH_TH_ADJUST__3                                   0         -nan%                0         -nan%
FETCH_TH_ADJUST__4                                   0         -nan%                0         -nan%
FETCH_TH_ADJUST__5                                   0         -nan%                0         -nan%
FETCH_TH_ADJUST__6                                   0         -nan%                0         -nan%
FETCH_TH_ADJUST__7                                   0         -nan%                0         -nan%
FETCH_TH_ADJUST__8                                   0         -nan%                0         -nan%
FETCH_TH_ADJUST__9                                   0         -nan%                0         -nan%
FETCH_TH_ADJUST__MAX                                 0         -nan%                0         -nan%
                                                     0         -nan%                0         -nan%
                                                  -nan         -nan              -nan         -nan

FETCH_TH_ADJUST_UP                                   0         -nan%                0         -nan%
FETCH_TH_ADJUST_DOWN                                 0         -nan%                0         -nan%
FETCH_TH_ADJUST_SAME                                 0         -nan%                0         -nan%
                                                     0         -nan%                0         -nan%
                                                  -nan         -nan              -nan         -nan

THROTTLE_ADJUST_CACHE_MISS_INFO                      0                              0              

LOW_CONF_COUNT_BP_MIS_0                              0         -nan%                0         -nan%
LOW_CONF_COUNT_BP_MIS_1                              0         -nan%                0         -nan%
LOW_CONF_COUNT_BP_MIS_2                              0         -nan%                0         -nan%
LOW_CONF_COUNT_BP_MIS_3                              0         -nan%                0         -nan%
LOW_CONF_COUNT_BP_MIS_4                              0         -nan%                0         -nan%
LOW_CONF_COUNT_BP_MIS_5                              0         -nan%                0         -nan%
LOW_CONF_COUNT_BP_MIS_6                              0         -nan%                0         -nan%
LOW_CONF_COUNT_BP_MIS_7                              0         -nan%                0         -nan%
LOW_CONF_COUNT_BP_MIS_8                              0         -nan%                0         -nan%
LOW_CONF_COUNT_BP_MIS_9                              0         -nan%                0         -nan%
LOW_CONF_COUNT_BP_MIS_10                             0         -nan%                0         -nan%
LOW_CONF_COUNT_BP_MIS_11                             0         -nan%                0         -nan%
LOW_CONF_COUNT_BP_MIS_12                             0         -nan%                0         -nan%
LOW_CONF_COUNT_BP_MIS_13                             0         -nan%                0         -nan%
LOW_CONF_COUNT_BP_MIS_14                             0         -nan%                0         -nan%
LOW_CONF_COUNT_BP_MIS_15                             0         -nan%                0         -nan%
LOW_CONF_COUNT_BP_MIS_16                             0         -nan%                0         -nan%
LOW_CONF_COUNT_BP_MIS_17                             0         -nan%                0         -nan%
LOW_CONF_COUNT_BP_MIS_18                             0         -nan%                0         -nan%
LOW_CONF_COUNT_BP_MIS_19                             0         -nan%                0         -nan%
LOW_CONF_COUNT_BP_MIS_20                             0         -nan%                0         -nan%
                                                     0         -nan%                0         -nan%
                                                  -nan         -nan              -nan         -nan

LOW_CONF_COUNT_RET_0                                 0         -nan%                0         -nan%
LOW_CONF_COUNT_RET_1                                 0         -nan%                0         -nan%
LOW_CONF_COUNT_RET_2                                 0         -nan%                0         -nan%
LOW_CONF_COUNT_RET_3                                 0         -nan%                0         -nan%
LOW_CONF_COUNT_RET_4                                 0         -nan%                0         -nan%
LOW_CONF_COUNT_RET_5                                 0         -nan%                0         -nan%
LOW_CONF_COUNT_RET_6                                 0         -nan%                0         -nan%
LOW_CONF_COUNT_RET_7                                 0         -nan%                0         -nan%
LOW_CONF_COUNT_RET_8                                 0         -nan%                0         -nan%
LOW_CONF_COUNT_RET_9                                 0         -nan%                0         -nan%
LOW_CONF_COUNT_RET_10                                0         -nan%                0         -nan%
LOW_CONF_COUNT_RET_11                                0         -nan%                0         -nan%
LOW_CONF_COUNT_RET_12                                0         -nan%                0         -nan%
LOW_CONF_COUNT_RET_13                                0         -nan%                0         -nan%
LOW_CONF_COUNT_RET_14                                0         -nan%                0         -nan%
LOW_CONF_COUNT_RET_15                                0         -nan%                0         -nan%
LOW_CONF_COUNT_RET_16                                0         -nan%                0         -nan%
LOW_CONF_COUNT_RET_17                                0         -nan%                0         -nan%
LOW_CONF_COUNT_RET_18                                0         -nan%                0         -nan%
LOW_CONF_COUNT_RET_19                                0         -nan%                0         -nan%
LOW_CONF_COUNT_RET_20                                0         -nan%                0         -nan%
                                                     0         -nan%                0         -nan%
                                                  -nan         -nan              -nan         -nan

CYCLES_RESTEER_RECOVER_AT_EXEC                       0         -nan%                0         -nan%
CYCLES_RESTEER_RECOVER_AT_DECODE                     0         -nan%                0         -nan%
CYCLES_RESTEER_BTB_MISS                              0         -nan%                0         -nan%
                                                     0         -nan%                0         -nan%
                                                  -nan         -nan              -nan         -nan

CYCLES_RESTEER_RECOVER_AT_EXEC_SAVED_UC_FETCH             0         -nan%                0         -nan%
CYCLES_RESTEER_RECOVER_AT_EXEC_COULD_BE_SAVED_UC_FETCH             0         -nan%                0         -nan%
CYCLES_RESTEER_RECOVER_AT_DECODE_SAVED_UC_FETCH             0         -nan%                0         -nan%
CYCLES_RESTEER_RECOVER_AT_DECODE_COULD_BE_SAVED_UC_FETCH             0         -nan%                0         -nan%
CYCLES_RESTEER_BTB_MISS_SAVED_UC_FETCH               0         -nan%                0         -nan%
CYCLES_RESTEER_BTB_MISS_COULD_BE_SAVED_UC_FETCH             0         -nan%                0         -nan%
                                                     0         -nan%                0         -nan%
                                                  -nan         -nan              -nan         -nan

CYCLES_UOC_IC_SWITCH                                 0                              0              



