Scarab gitrev: f8e91d24
Warning: Scarab expects the trace file type to include OFFLINE_FILE_TYPE_ARCH_REGDEPS (0x20000), but got type: 0xe40
Scarab started at Sun Jul 12 00:40:16 2026

Initialized Ramulator. 
** Heartbeat:   1% -- { 1000001 } -- 0.00 KIPS (50.00 KIPS)
** Heartbeat:   2% -- { 2000002 } -- 62.50 KIPS (55.56 KIPS)
** Heartbeat:   3% -- { 3000003 } -- 62.50 KIPS (57.69 KIPS)
** Heartbeat:   4% -- { 4000006 } -- 66.67 KIPS (59.70 KIPS)
** Heartbeat:   5% -- { 5000013 } -- 58.82 KIPS (59.52 KIPS)
** Heartbeat:   6% -- { 6000014 } -- 58.82 KIPS (59.41 KIPS)
** Heartbeat:   7% -- { 7000014 } -- 62.50 KIPS (59.83 KIPS)
** Heartbeat:   8% -- { 8000017 } -- 58.82 KIPS (59.70 KIPS)
** Heartbeat:   9% -- { 9000018 } -- 58.82 KIPS (59.60 KIPS)
Patching gap in trace by injecting a Jmp, prior PC: 7eff1101abee next PC: 7eff1101a5a2
** Heartbeat:  10% -- { 10000020 } -- 62.50 KIPS (59.88 KIPS)
** Heartbeat:  11% -- { 11000025 } -- 76.92 KIPS (61.11 KIPS)
** Heartbeat:  12% -- { 12000027 } -- 76.92 KIPS (62.18 KIPS)
** Heartbeat:  13% -- { 13000029 } -- 76.92 KIPS (63.11 KIPS)
** Heartbeat:  14% -- { 14000032 } -- 71.43 KIPS (63.64 KIPS)
** Heartbeat:  15% -- { 15000034 } -- 71.43 KIPS (64.10 KIPS)
** Heartbeat:  16% -- { 16000039 } -- 76.92 KIPS (64.78 KIPS)
** Heartbeat:  17% -- { 17000040 } -- 71.43 KIPS (65.13 KIPS)
** Heartbeat:  18% -- { 18000047 } -- 71.43 KIPS (65.45 KIPS)
** Heartbeat:  19% -- { 19000050 } -- 71.43 KIPS (65.74 KIPS)
** Heartbeat:  20% -- { 20000054 } -- 76.92 KIPS (66.23 KIPS)
** Heartbeat:  21% -- { 21000056 } -- 71.43 KIPS (66.46 KIPS)
** Heartbeat:  22% -- { 22000062 } -- 76.92 KIPS (66.87 KIPS)
** Heartbeat:  23% -- { 23000065 } -- 71.43 KIPS (67.06 KIPS)
** Heartbeat:  24% -- { 24000069 } -- 62.50 KIPS (66.85 KIPS)
** Heartbeat:  25% -- { 25000070 } -- 62.50 KIPS (66.67 KIPS)
** Heartbeat:  26% -- { 26000073 } -- 62.50 KIPS (66.50 KIPS)
** Heartbeat:  27% -- { 27000073 } -- 62.50 KIPS (66.34 KIPS)
** Heartbeat:  28% -- { 28000080 } -- 62.50 KIPS (66.19 KIPS)
** Heartbeat:  29% -- { 29000083 } -- 62.50 KIPS (66.06 KIPS)
Reached end of trace (last_inst) pc=0x7eff1457f667
sh: 1: Syntax error: word unexpected (expecting ")")
** Core 0 Finished:    insts:29999999    cycles:6673746     time:2085545625000       -- 4.50 IPC (4.50 IPC) --  N/A  KIPS (66.08 KIPS)

/scarab/src/power/power_intf.c:139: ASSERT FAILED (P=0  O=35926357  I=30000387  C=6673746):  rc == 0
/scarab/src/power/power_intf.c:139: ASSERT FAILED (P=0  O=35926357  I=30000387  C=6673746):  Command "python3 (null)/power/power_intf.py . 0 0 " failed
Obtained 5 stack frames.
/home/deepmish/scarab_stage/baseline/scarab/src/scarab_current(+0x26b6d6) [0x5555557bf6d6]
/home/deepmish/scarab_stage/baseline/scarab/src/scarab_current(+0x300bde) [0x555555854bde]
/home/deepmish/scarab_stage/baseline/scarab/src/scarab_current(+0x1e4013) [0x555555738013]
/lib/x86_64-linux-gnu/libc.so.6(__libc_start_main+0xf3) [0x7ffff7818083]
/home/deepmish/scarab_stage/baseline/scarab/src/scarab_current(+0x1e849e) [0x55555573c49e]
