/* -*- Mode: c -*- */
####################################################################################################
Core 0
####################################################################################################
Cumulative:        Cycles: 21597683              Instructions: 89999999              IPC: 4.16711

Periodic:          Cycles: 21597683              Instructions: 89999999              IPC: 4.16711

FCT_LOOKUP_HITS                                7750680                        7750680              

FCT_LOOKUP_MISSES                              2991193                        2991193              

FCT_LOOKUP_LOW_CONF                             689268                         689268              

FCT_PRELOAD_INSERTS                                  0                              0              

FCT_PRELOAD_DUPLICATE_LD1_SKIPS                      0                              0              

FCT_RUNTIME_INSERTS                                178                            178              

FCT_RUNTIME_REPLACEMENTS                          1026                           1026              

FCT_RUNTIME_REINFORCEMENTS                        2085                           2085              

FCT_RUNTIME_CONFLICTS                                3                              3              

IFUSE_TRAINING_PAIRS_DISCOVERED                 337289                         337289              

IFUSE_TRAINING_STORE_INVALIDATIONS            12458940                       12458940              

IFUSE_TRAINING_CROSS_LINE_LOADS                  26382                          26382              

TRAINING_TABLE_LOOKUPS                          337289                         337289              

TRAINING_TABLE_HITS                             333256                         333256              

TRAINING_TABLE_MISSES                             4033                           4033              

TRAINING_TABLE_INSERTS                            4033                           4033              

TRAINING_TABLE_EVICTIONS                            87                             87              

TRAINING_TABLE_OBSERVATIONS                     337289                         337289              

TRAINING_TABLE_PROMOTIONS                         3289                           3289              

TRAINING_TABLE_PROMOTION_REJECTS                     3                              3              

TRAINING_TABLE_PEAK_LIVE                           711                            711              

APT_LOOKUP_HITS                                6820054                        6820054              

APT_LOOKUP_MISSES                             10597412                       10597412              

APT_CONFIGURED_CAPACITY                            256                            256              

APT_INSERT_FAILURES                                  0                              0              

APT_LIVE_LD2_PREDICTION_PEAK                        89                             89              

APT_LIVE_LD2_PREDICTION_OBSERVATIONS          17417466                       17417466              

APT_LIVE_LD2_PREDICTION_TOTAL                644677568                      644677568              

APT_LIVE_LD2_PREDICTION_AVG                  644677568       37.0133        644677568       37.0133

IFUSE_INFLIGHT_FUSED_PAIRS_PEAK                     50                             50              

IFUSE_INFLIGHT_FUSED_PAIRS_OBSERVATIONS       17417462                       17417462              

IFUSE_INFLIGHT_FUSED_PAIRS_TOTAL             404609183                      404609183              

ACI_LOOKUP_HITS                                6673103                        6673103              

ACI_LOOKUP_MISSES                                 2490                           2490              

ACI_REPLAYED_INSERTS                                 0                              0              

ACI_BACKING_ALLOC_FAILURES                           0                              0              

ACI_PREDICTION_INSERTS                         7061412                        7061412              

ACI_SAME_CACHEBLOCK_INSERTS                    1659787                        1659787              

ACI_PREDICTION_INVALIDATIONS                    388286                         388286              

ACI_STALE_PREDICTION_REMOVALS                        0                              0              

IFUSE_GP_REG_OCCUPIED_PEAK                         268                            268              

IFUSE_GP_REG_OCCUPIED_OBSERVATIONS           106497215                      106497215              

IFUSE_GP_REG_OCCUPIED_TOTAL                19881716222                    19881716222              

IFUSE_GP_REG_UTIL_PCT_TOTAL                 7051123793                     7051123793              

IFUSE_EXTRA_REG_IN_USE_PEAK                         48                             48              

IFUSE_EXTRA_REG_IN_USE_OBSERVATIONS          106497215                      106497215              

IFUSE_EXTRA_REG_IN_USE_TOTAL                2215459468                     2215459468              

IFUSE_LOAD1_PREDICTIONS                        7061412                        7061412              

IFUSE_CORRECT_PREDICTIONS                      6671361                        6671361              

IFUSE_INCORRECT_PREDICTIONS                       4232                           4232              

IFUSE_FUSED_LOADS                              6671361                        6671361              

IFUSE_MISPREDICTED_LOADS                          4232                           4232              

IFUSE_MISPREDICTION_FLUSHES                       3081                           3081              

IFUSE_MISPREDICTED_CACHE_BLOCK_ADDR               2490                           2490              

IFUSE_MISPREDICTED_OFFSET_DELTA                   4232                           4232              

IFUSE_ALL_LOADS                               17417466                       17417466              

IFUSE_NUM_FUSED_LOADS                          6671361                        6671361              

IFUSE_NUM_DEMAND_LOADS                        10746105                       10746105              

IFUSE_LOAD_COVERAGE                            6671361        0.3830          6671361        0.3830

IFUSE_LD_STALL_CYCLES                         68406349                       68406349              

IFUSE_LD_STALL_CYCLES_FUSED                    9246251                        9246251              

IFUSE_LD_STALL_CYCLES_DEMAND                  59160098                       59160098              

IFUSE_AVG_STALL_PER_LOAD                      68406349        3.9275         68406349        3.9275

IFUSE_AVG_STALL_PER_FUSED                      9246251        1.3860          9246251        1.3860

IFUSE_AVG_STALL_PER_DEMAND                    59160098        5.5053         59160098        5.5053

IFUSE_FULL_MITIGATED                           2141541                        2141541              

IFUSE_PARTIAL_MITIGATED                        4529820                        4529820              

IFUSE_REMAINING_WAIT_AFTER_AGU                28567846                       28567846              

IFUSE_LD_EXEC_MINUS_FETCH                    708660142                      708660142              

IFUSE_LD_RETIRE_MINUS_FETCH                 1080544934                     1080544934              

IFUSE_LD_EXEC_TO_DONE                         68406349                       68406349              

IFUSE_LD_EXEC_MINUS_FETCH_FUSED              268350557                      268350557              

IFUSE_LD_RETIRE_MINUS_FETCH_FUSED            403930750                      403930750              

IFUSE_LD_EXEC_TO_DONE_FUSED                    9246251                        9246251              

IFUSE_LD_EXEC_MINUS_FETCH_DEMAND             440309585                      440309585              

IFUSE_LD_RETIRE_MINUS_FETCH_DEMAND           676614184                      676614184              

IFUSE_LD_EXEC_TO_DONE_DEMAND                  59160098                       59160098              



