/* -*- Mode: c -*- */
####################################################################################################
Core 0
####################################################################################################
Cumulative:        Cycles: 19905292              Instructions: 30000000              IPC: 1.50714

Periodic:          Cycles: 6793268               Instructions: 9999994               IPC: 1.47204

EXECUTION_TIME                           2122896250000                  6220403750000              

SIM_HOST_WALL_SECONDS                       659.813387                     659.813387              

NODE_CYCLE                                     6793268                       19905292              

NODE_INST_COUNT                               10070125                       30219131              

NODE_INST_COUNT_FETCHED                        9999994                       30000000              

NODE_UOP_COUNT                                11250353                       33704728              

EXEC_STAGE_NO_ISSUE_STALL_CYCLE                4199681                       12275320              

EXEC_STAGE_NO_ISSUE_STALL_CYCLE_ONPATH         3122383                        9564732              

FULL_WINDOW_STALL                              2494900       36.726%          7998632       40.183%

FULL_WINDOW_MEM_OP                             2036033       99.990%          6481060       99.991%
FULL_WINDOW_FP_OP                                  212        0.010%              597        0.009%
FULL_WINDOW_OTHER_OP                                 0        0.000%                0        0.000%
                                               2036245      100.000%          6481657      100.000%
                                                  0.00         0.01              0.00         0.01

RET_BLOCKED_DC_MISS                            1309871       19.282%          3567095       17.920%

RET_BLOCKED_L1_MISS                             464207        6.833%          1425596        7.162%

RET_BLOCKED_L1_MISS_BW_PREF                        885        0.013%            10211        0.051%

RET_BLOCKED_L1_ACCESS                           846324       12.458%          2144148       10.772%

RET_BLOCKED_MEM_STALL                           464207        6.833%          1425880        7.163%

RET_BLOCKED_OFFCHIP_DEMAND                           0        0.000%                0        0.000%

OP_ISSUED                                     14031587                       40459318              

OP_RETIRED                                    11250353                       33704728              

OP_MACRO_FUSION_ONPATH                               0                              0              

OP_MACRO_FUSION_OFFPATH                              0                              0              

REPLAY_SIGNALED                                      0                              0              

REPLAY_COUNTED                                       0                              0              

OFF_CRITICAL_PATH                                    0         -nan%                0         -nan%
ON_CRITICAL_PATH                                     0         -nan%                0         -nan%
                                                     0         -nan%                0         -nan%
                                                  -nan         -nan              -nan         -nan

LD_NO_DEPENDENTS                                460731       15.450%          1298264       14.695%
LD_DEPENDENTS                                  2521308       84.550%          7536685       85.305%
                                               2982039      100.000%          8834949      100.000%
                                                  0.85         0.79              0.85         0.80

LD_EXEC_CYCLES_0                                     0        0.000%                0        0.000%
LD_EXEC_CYCLES_1                                     0        0.000%                0        0.000%
LD_EXEC_CYCLES_2                                     0        0.000%                0        0.000%
LD_EXEC_CYCLES_3                                   558       42.824%             1363       42.224%
LD_EXEC_CYCLES_4                                   745       57.176%             1865       57.776%
                                                  1303      100.000%             3228      100.000%
                                                  3.57         2.75              3.58         2.76

LD_RETIRED_ONPATH                              2982039                        8834949              

LD_EXEC_MINUS_FETCH_LATENCY                  284351983                      937207051              

LD_RETIRE_MINUS_FETCH_LATENCY                399272983                     1284144604              

LD_EXEC_TO_DONE_LATENCY                       19895583                       58019753              

ICACHE_STAGE_STARVED                            580042       18.333%          1448104       14.975%
ICACHE_STAGE_NOT_STARVED                       2583863       81.667%          8221736       85.025%
                                               3163905      100.000%          9669840      100.000%
                                                  0.82         0.76              0.85         0.80

ICACHE_STAGE_STALLED                            777619       11.447%          2842046       14.278%
ICACHE_STAGE_NOT_STALLED                       2386286       35.127%          6827794       34.301%
ICACHE_STAGE_OFF_PATH                          3629364       53.426%         10235452       51.421%
                                               6793269      100.000%         19905292      100.000%
                                                  1.42         1.15              1.37         1.10

DECODE_STAGE_STARVED                           3474216       77.382%         10620137       79.155%
DECODE_STAGE_NOT_STARVED                       1015467       22.618%          2796741       20.845%
                                               4489683      100.000%         13416878      100.000%
                                                  0.23         0.38              0.21         0.37

DECODE_STAGE_STALLED                            435988        6.418%          1543108        7.752%
DECODE_STAGE_NOT_STALLED                       4053695       59.672%         11873770       59.651%
DECODE_STAGE_OFF_PATH                          2303585       33.910%          6488414       32.596%
                                               6793268      100.000%         19905292      100.000%
                                                  1.27         0.88              1.25         0.85

UOPQ_STAGE_STARVED                             2353773       71.238%          6314738       67.898%
UOPQ_STAGE_NOT_STARVED                          950311       28.762%          2985562       32.102%
                                               3304084      100.000%          9300300      100.000%
                                                  0.29         0.41              0.32         0.43

UOPQ_STAGE_STALLED                              599489        8.825%          2333277       11.722%
UOPQ_STAGE_NOT_STALLED                         3304084       48.638%          9300300       46.723%
UOPQ_STAGE_OFF_PATH                            2889695       42.538%          8271715       41.555%
                                               6793268      100.000%         19905292      100.000%
                                                  1.34         1.00              1.30         0.97

RS_OP_READY_NOT_ISSUED_TOTAL                   4945991                       14861341              

RS_0_OP_READY_NOT_ISSUED                       3920215                       11910834              

RS_1_OP_READY_NOT_ISSUED                        488456                        1305799              

RS_2_OP_READY_NOT_ISSUED                        537320                        1644708              

RS_3_OP_READY_NOT_ISSUED                             0                              0              

RS_4_OP_READY_NOT_ISSUED                             0                              0              

RS_5_OP_READY_NOT_ISSUED                             0                              0              

RS_6_OP_READY_NOT_ISSUED                             0                              0              

RS_7_OP_READY_NOT_ISSUED                             0                              0              

RS_7_PLUS_OP_READY_NOT_ISSUED                        0                              0              

FU_IDLE_NO_READY_OPS_TOTAL                    37339542                      110255340              

FU_0_IDLE_NO_READY_OPS                         2869371                        8518357              

FU_1_IDLE_NO_READY_OPS                         3508824                       10348585              

FU_2_IDLE_NO_READY_OPS                         3764466                       11135919              

FU_3_IDLE_NO_READY_OPS                         3763909                       11134255              

FU_4_IDLE_NO_READY_OPS                         3537385                       10431769              

FU_5_IDLE_NO_READY_OPS                         2824799                        8390727              

FU_6_IDLE_NO_READY_OPS                         4897690                       14400941              

FU_7_IDLE_NO_READY_OPS                         4896469                       14402014              

FU_8_IDLE_NO_READY_OPS                         3512836                       10358748              

FU_9_IDLE_NO_READY_OPS                         3763793                       11134025              

FU_10_IDLE_NO_READY_OPS                              0                              0              

FU_11_IDLE_NO_READY_OPS                              0                              0              

FU_12_IDLE_NO_READY_OPS                              0                              0              

FU_13_IDLE_NO_READY_OPS                              0                              0              

FU_14_IDLE_NO_READY_OPS                              0                              0              

FU_15_IDLE_NO_READY_OPS                              0                              0              

FU_16_IDLE_NO_READY_OPS                              0                              0              

FU_17_IDLE_NO_READY_OPS                              0                              0              

FU_18_IDLE_NO_READY_OPS                              0                              0              

FU_19_IDLE_NO_READY_OPS                              0                              0              

FU_20_IDLE_NO_READY_OPS                              0                              0              

FU_21_IDLE_NO_READY_OPS                              0                              0              

FU_22_IDLE_NO_READY_OPS                              0                              0              

FU_23_IDLE_NO_READY_OPS                              0                              0              

FU_24_IDLE_NO_READY_OPS                              0                              0              

FU_25_IDLE_NO_READY_OPS                              0                              0              

FU_26_IDLE_NO_READY_OPS                              0                              0              

FU_27_IDLE_NO_READY_OPS                              0                              0              

FU_28_IDLE_NO_READY_OPS                              0                              0              

FU_29_IDLE_NO_READY_OPS                              0                              0              

FU_30_IDLE_NO_READY_OPS                              0                              0              

FU_31_IDLE_NO_READY_OPS                              0                              0              

FU_31_PLUS_IDLE_NO_READY_OPS                         0                              0              

MAP_STAGE_STARVED                              1020466       22.192%          2633976       18.920%
MAP_STAGE_NOT_STARVED                          3577975       77.808%         11287710       81.080%
                                               4598441      100.000%         13921686      100.000%
                                                  0.78         0.71              0.81         0.75

MAP_STAGE_STALLED                              1506112       22.200%          5123285       25.762%
MAP_STAGE_NOT_STALLED                          3092329       45.580%          8798401       44.242%
MAP_STAGE_OFF_PATH                             2185965       32.220%          5965131       29.995%
                                               6784406      100.000%         19886817      100.000%
                                                  1.10         0.81              1.04         0.78

MAP_STAGE_STALL_ITSELF                            8862        0.130%            18475        0.093%
MAP_STAGE_NOT_STALL_ITSELF                     6784406       99.870%         19886817       99.907%
                                               6793268      100.000%         19905292      100.000%
                                                  1.00         1.00              1.00         1.00

MAP_STAGE_LATE_ALLOCATE_SEND_BACK                    0                              0              

MAP_STAGE_RENAME_OP_ONPATH                    11250110                       33704728              

MAP_STAGE_RENAME_OP_OFFPATH                    5700255                       14555939              

MAP_STAGE_RENAME_INT_REG_ONPATH                7084731                       21356651              

MAP_STAGE_RENAME_INT_REG_OFFPATH               3621905                        9253463              

MAP_STAGE_RENAME_VEC_REG_ONPATH                  49321                         133028              

MAP_STAGE_RENAME_VEC_REG_OFFPATH                 23099                          56718              

MAP_STAGE_RENAME_MOVE_ELIM_ONPATH                    0                              0              

MAP_STAGE_RENAME_MOVE_ELIM_OFFPATH                   0                              0              

REG_FILE_UTIL_SAMPLES                          6793268                       19905292              

REG_FILE_INT_PHYS_REGS_SUM                  1902115040                     5573481760              

REG_FILE_VEC_PHYS_REGS_SUM                  2255364976                     6608556944              

REG_FILE_INT_OCCUPIED_SUM                    939036002                     2888210710              

REG_FILE_VEC_OCCUPIED_SUM                    222001385                      649627625              

MAP_STAGE_ONPATH_INT_REG_NUM_ALLOC             7084894                       21356633              

MAP_STAGE_ONPATH_VEC_REG_NUM_ALLOC               49326                         133018              

MAP_STAGE_ONPATH_INT_REG_NUM_SHORTLIVE         2168997                        6525846              

MAP_STAGE_ONPATH_VEC_REG_NUM_SHORTLIVE           25219                          65695              

MAP_STAGE_ONPATH_INT_REG_USE_COUNT_0            907320                        2745582              

MAP_STAGE_ONPATH_VEC_REG_USE_COUNT_0               269                            643              

MAP_STAGE_ONPATH_INT_REG_USE_COUNT_1           3952732                       11904521              

MAP_STAGE_ONPATH_VEC_REG_USE_COUNT_1             35304                          92498              

MAP_STAGE_ONPATH_INT_REG_USE_COUNT_2           1340397                        4058101              

MAP_STAGE_ONPATH_VEC_REG_USE_COUNT_2             11772                          33358              

MAP_STAGE_ONPATH_INT_REG_USE_COUNT_3            419832                        1260969              

MAP_STAGE_ONPATH_VEC_REG_USE_COUNT_3              1149                           3824              

MAP_STAGE_ONPATH_INT_REG_USE_COUNT_4            186519                         550456              

MAP_STAGE_ONPATH_VEC_REG_USE_COUNT_4               668                           2331              

MAP_STAGE_ONPATH_INT_REG_USE_COUNT_5             82546                         242779              

MAP_STAGE_ONPATH_VEC_REG_USE_COUNT_5                28                             62              

MAP_STAGE_ONPATH_INT_REG_USE_COUNT_6             60120                         180616              

MAP_STAGE_ONPATH_VEC_REG_USE_COUNT_6                 3                              3              

MAP_STAGE_ONPATH_INT_REG_USE_COUNT_7_PLUS        135428                         413609              

MAP_STAGE_ONPATH_VEC_REG_USE_COUNT_7_PLUS           133                            299              

MAP_STAGE_ONPATH_INT_REG_CONSUME_DIST_0              0        0.0000                0        0.0000

MAP_STAGE_ONPATH_VEC_REG_CONSUME_DIST_0              0        0.0000                0        0.0000

MAP_STAGE_ONPATH_INT_REG_CONSUME_DIST_1              0        0.0000                0        0.0000

MAP_STAGE_ONPATH_VEC_REG_CONSUME_DIST_1              0        0.0000                0        0.0000

MAP_STAGE_ONPATH_INT_REG_CONSUME_DIST_2       10048568        7.4967         30672793        7.5584

MAP_STAGE_ONPATH_VEC_REG_CONSUME_DIST_2        9044228      768.2830         27304850      818.5398

MAP_STAGE_ONPATH_INT_REG_CONSUME_DIST_3        4689767       11.1706         14743464       11.6922

MAP_STAGE_ONPATH_VEC_REG_CONSUME_DIST_3         267443      232.7615           652591      170.6566

MAP_STAGE_ONPATH_INT_REG_CONSUME_DIST_4        3576017       19.1724         10174414       18.4836

MAP_STAGE_ONPATH_VEC_REG_CONSUME_DIST_4          41032       61.4251           139772       59.9622

MAP_STAGE_ONPATH_INT_REG_CONSUME_DIST_5        1775953       21.5147          4959709       20.4289

MAP_STAGE_ONPATH_VEC_REG_CONSUME_DIST_5           5663      202.2500             7734      124.7419

MAP_STAGE_ONPATH_INT_REG_CONSUME_DIST_6        1841965       30.6381          5739284       31.7762

MAP_STAGE_ONPATH_VEC_REG_CONSUME_DIST_6            478      159.3333              478      159.3333

MAP_STAGE_ONPATH_INT_REG_CONSUME_DIST_7_PLUS       8603316       63.5269         25703409       62.1442

MAP_STAGE_ONPATH_VEC_REG_CONSUME_DIST_7_PLUS         26807      201.5564            68973      230.6789

MAP_STAGE_INT_REG_ISSUE_READ_TOTAL_CONSUMED      13100849        3.1195         37926516        3.0897

MAP_STAGE_VEC_REG_ISSUE_READ_TOTAL_CONSUMED         76089        0.0181           205895        0.0168

MAP_STAGE_INT_REG_ISSUE_READ_MULTI_CONSUMED       5771312        1.3742         16549304        1.3482

MAP_STAGE_VEC_REG_ISSUE_READ_MULTI_CONSUMED         20405        0.0049            58168        0.0047

MAP_STAGE_INT_REG_ISSUE_READ_SAME_CYCLE_CONSUMED       3073982        0.7320          8880277        0.7234

MAP_STAGE_VEC_REG_ISSUE_READ_SAME_CYCLE_CONSUMED          4824        0.0011            13138        0.0011

MAP_STAGE_INT_REG_ISSUE_READ_TOTAL_CONSUMED_ONPATH      10760007        3.4461         32321679        3.3793

MAP_STAGE_VEC_REG_ISSUE_READ_TOTAL_CONSUMED_ONPATH         66676        0.0214           183663        0.0192

MAP_STAGE_INT_REG_ISSUE_READ_MULTI_CONSUMED_ONPATH       4582515        1.4676         13710608        1.4335

MAP_STAGE_VEC_REG_ISSUE_READ_MULTI_CONSUMED_ONPATH         17621        0.0056            51276        0.0054

MAP_STAGE_INT_REG_ISSUE_READ_SAME_CYCLE_CONSUMED_ONPATH       2531685        0.8108          7588390        0.7934

MAP_STAGE_VEC_REG_ISSUE_READ_SAME_CYCLE_CONSUMED_ONPATH          4463        0.0014            12211        0.0013

MAP_STAGE_ONPATH_INT_REG_LIFECYCLE_EMPTY     367192144                     1213091095              

MAP_STAGE_ONPATH_VEC_REG_LIFECYCLE_EMPTY       1913919                        5130726              

MAP_STAGE_ONPATH_INT_REG_LIFECYCLE_IN_USE     492887069                     1592413217              

MAP_STAGE_ONPATH_VEC_REG_LIFECYCLE_IN_USE      11886075                       35021909              

MAP_STAGE_ONPATH_INT_REG_LIFECYCLE_SPEC_RELEASE     763737723                     2417166883              

MAP_STAGE_ONPATH_VEC_REG_LIFECYCLE_SPEC_RELEASE      74410804                      207379464              

MAP_STAGE_ONPATH_INT_REG_LIFECYCLE_NONSPEC_RELEASE     763737723                     2417166883              

MAP_STAGE_ONPATH_VEC_REG_LIFECYCLE_NONSPEC_RELEASE      74410804                      207379464              

MAP_STAGE_ONPATH_INT_REG_LIFECYCLE_TOTAL     763737723                     2417166883              

MAP_STAGE_ONPATH_VEC_REG_LIFECYCLE_TOTAL      74410804                      207379464              

MAP_STAGE_ONPATH_INT_REG_NUM_NONBRANCH         7084894                       21356633              

MAP_STAGE_ONPATH_VEC_REG_NUM_NONBRANCH           49326                         133018              

MAP_STAGE_ONPATH_INT_REG_NUM_NONEXCEPT         7084894                       21356633              

MAP_STAGE_ONPATH_VEC_REG_NUM_NONEXCEPT           49326                         133018              

MAP_STAGE_ONPATH_INT_REG_NUM_ATOMIC            7084894                       21356633              

MAP_STAGE_ONPATH_VEC_REG_NUM_ATOMIC              49326                         133018              

MAP_STAGE_ONPATH_INT_REG_ATOMIC_REDEFINED_DIST_TOTAL     763737723      107.7980       2417166883      113.1811

MAP_STAGE_ONPATH_VEC_REG_ATOMIC_REDEFINED_DIST_TOTAL      74410804     1508.5514        207379464     1559.0331

MAP_STAGE_ONPATH_INT_REG_ATOMIC_CONSUMED_DIST_TOTAL     492887069       69.5687       1592413217       74.5629

MAP_STAGE_ONPATH_VEC_REG_ATOMIC_CONSUMED_DIST_TOTAL      11886075      240.9698         35021909      263.2870

MAP_STAGE_ONPATH_INT_REG_ATOMIC_RELEASE_DIST_TOTAL     763737723      107.7980       2417166883      113.1811

MAP_STAGE_ONPATH_VEC_REG_ATOMIC_RELEASE_DIST_TOTAL      74410804     1508.5514        207379464     1559.0331

EXEC_STAGE_STARVED                             5207199       76.652%         15776927       79.260%
EXEC_STAGE_NOT_STARVED                          197225        2.903%           589202        2.960%
EXEC_STAGE_OFF_PATH                            1388844       20.444%          3539163       17.780%
                                               6793268      100.000%         19905292      100.000%
                                                  0.44         0.74              0.39         0.71

FU_BUSY_0                                      2232196                        6435769              

FU_BUSY_1                                      1324850                        3850839              

FU_BUSY_2                                      1318923                        3743720              

FU_BUSY_3                                      1320468                        3746189              

FU_BUSY_4                                      1220328                        3549081              

FU_BUSY_5                                      2431790                        7004408              

FU_BUSY_6                                       946565                        2759250              

FU_BUSY_7                                       947860                        2758766              

FU_BUSY_8                                      1309632                        3807582              

FU_BUSY_9                                      1320379                        3746037              

FU_BUSY_10                                           0                              0              

FU_BUSY_11                                           0                              0              

FU_BUSY_12                                           0                              0              

FU_BUSY_13                                           0                              0              

FU_BUSY_14                                           0                              0              

FU_BUSY_15                                           0                              0              

FU_BUSY_16                                           0                              0              

FU_BUSY_17                                           0                              0              

FU_BUSY_18                                           0                              0              

FU_BUSY_19                                           0                              0              

FU_BUSY_20                                           0                              0              

FU_BUSY_21                                           0                              0              

FU_BUSY_22                                           0                              0              

FU_BUSY_23                                           0                              0              

FU_BUSY_24                                           0                              0              

FU_BUSY_25                                           0                              0              

FU_BUSY_26                                           0                              0              

FU_BUSY_27                                           0                              0              

FU_BUSY_28                                           0                              0              

FU_BUSY_29                                           0                              0              

FU_BUSY_30                                           0                              0              

FU_BUSY_31                                           0                              0              

FU_REJECTED_OP_INV_NOT_SIMD                          0        0.000%                0        0.000%
FU_REJECTED_OP_NOP_NOT_SIMD                          0        0.000%                0        0.000%
FU_REJECTED_OP_CF_NOT_SIMD                        1234        0.748%             3628        0.802%
FU_REJECTED_OP_MOV_NOT_SIMD                       1700        1.030%             5182        1.146%
FU_REJECTED_OP_CMOV_NOT_SIMD                         0        0.000%                0        0.000%
FU_REJECTED_OP_LDA_NOT_SIMD                          0        0.000%                0        0.000%
FU_REJECTED_OP_IMEM_NOT_SIMD                    131293       79.537%           341638       75.532%
FU_REJECTED_OP_IADD_NOT_SIMD                     21838       13.229%            69415       15.347%
FU_REJECTED_OP_IMUL_NOT_SIMD                      6753        4.091%            20709        4.578%
FU_REJECTED_OP_IDIV_NOT_SIMD                         0        0.000%                0        0.000%
FU_REJECTED_OP_ICMP_NOT_SIMD                         0        0.000%                0        0.000%
FU_REJECTED_OP_LOGIC_NOT_SIMD                        0        0.000%                0        0.000%
FU_REJECTED_OP_SHIFT_NOT_SIMD                        0        0.000%                0        0.000%
FU_REJECTED_OP_FMEM_NOT_SIMD                         0        0.000%                0        0.000%
FU_REJECTED_OP_FCVT_NOT_SIMD                         0        0.000%                0        0.000%
FU_REJECTED_OP_FADD_NOT_SIMD                         0        0.000%                0        0.000%
FU_REJECTED_OP_FMUL_NOT_SIMD                         0        0.000%                0        0.000%
FU_REJECTED_OP_FMA_NOT_SIMD                          0        0.000%                0        0.000%
FU_REJECTED_OP_FDIV_NOT_SIMD                         0        0.000%                0        0.000%
FU_REJECTED_OP_FCMP_NOT_SIMD                         0        0.000%                0        0.000%
FU_REJECTED_OP_FCMOV_NOT_SIMD                        0        0.000%                0        0.000%
FU_REJECTED_OP_GATHER_NOT_SIMD                       0        0.000%                0        0.000%
FU_REJECTED_OP_SCATTER_NOT_SIMD                      0        0.000%                0        0.000%
FU_REJECTED_OP_PIPELINED_FAST_NOT_SIMD               0        0.000%                0        0.000%
FU_REJECTED_OP_PIPELINED_MEDIUM_NOT_SIMD             0        0.000%                0        0.000%
FU_REJECTED_OP_PIPELINED_SLOW_NOT_SIMD               0        0.000%                0        0.000%
FU_REJECTED_OP_NOTPIPELINED_MEDIUM_NOT_SIMD             0        0.000%                0        0.000%
FU_REJECTED_OP_NOTPIPELINED_SLOW_NOT_SIMD             0        0.000%                0        0.000%
FU_REJECTED_OP_NOTPIPELINED_VERY_SLOW_NOT_SIMD             0        0.000%                0        0.000%
FU_REJECTED_OP_INV_SIMD                              0        0.000%                0        0.000%
FU_REJECTED_OP_NOP_SIMD                              0        0.000%                0        0.000%
FU_REJECTED_OP_CF_SIMD                               0        0.000%                0        0.000%
FU_REJECTED_OP_MOV_SIMD                            281        0.170%              751        0.166%
FU_REJECTED_OP_CMOV_SIMD                             0        0.000%                0        0.000%
FU_REJECTED_OP_LDA_SIMD                              0        0.000%                0        0.000%
FU_REJECTED_OP_IMEM_SIMD                             0        0.000%                0        0.000%
FU_REJECTED_OP_IADD_SIMD                             0        0.000%                0        0.000%
FU_REJECTED_OP_IMUL_SIMD                             1        0.001%                3        0.001%
FU_REJECTED_OP_IDIV_SIMD                             0        0.000%                0        0.000%
FU_REJECTED_OP_ICMP_SIMD                             0        0.000%                0        0.000%
FU_REJECTED_OP_LOGIC_SIMD                            0        0.000%                0        0.000%
FU_REJECTED_OP_SHIFT_SIMD                            0        0.000%                0        0.000%
FU_REJECTED_OP_FMEM_SIMD                             0        0.000%                0        0.000%
FU_REJECTED_OP_FCVT_SIMD                           982        0.595%             5218        1.154%
FU_REJECTED_OP_FADD_SIMD                           989        0.599%             5766        1.275%
FU_REJECTED_OP_FMUL_SIMD                             0        0.000%                0        0.000%
FU_REJECTED_OP_FMA_SIMD                              0        0.000%                0        0.000%
FU_REJECTED_OP_FDIV_SIMD                             0        0.000%                0        0.000%
FU_REJECTED_OP_FCMP_SIMD                             0        0.000%                0        0.000%
FU_REJECTED_OP_FCMOV_SIMD                            0        0.000%                0        0.000%
FU_REJECTED_OP_GATHER_SIMD                           0        0.000%                0        0.000%
FU_REJECTED_OP_SCATTER_SIMD                          0        0.000%                0        0.000%
FU_REJECTED_OP_PIPELINED_FAST_SIMD                   0        0.000%                0        0.000%
FU_REJECTED_OP_PIPELINED_MEDIUM_SIMD                 0        0.000%                0        0.000%
FU_REJECTED_OP_PIPELINED_SLOW_SIMD                   0        0.000%                0        0.000%
FU_REJECTED_OP_NOTPIPELINED_MEDIUM_SIMD              0        0.000%                0        0.000%
FU_REJECTED_OP_NOTPIPELINED_SLOW_SIMD                0        0.000%                0        0.000%
FU_REJECTED_OP_NOTPIPELINED_VERY_SLOW_SIMD             0        0.000%                0        0.000%
                                                165071      100.000%           452310      100.000%
                                                  6.65         4.25              7.13         5.88

LSQ_FULL_TOTAL                                     158                            343              

LSQ_FULL_LOAD_QUEUE                                  0                              0              

LSQ_FULL_STORE_QUEUE                               158                            343              

OP_WAIT_0                                      7373319                       22293761              

OP_WAIT_1                                      2512710                        7078591              

OP_WAIT_2                                       399404                        1157507              

OP_WAIT_3                                       158482                         468055              

OP_WAIT_4                                        88859                         269287              

OP_WAIT_5                                        61343                         189565              

OP_WAIT_6                                        51058                         155146              

OP_WAIT_7                                        46084                         141583              

OP_WAIT_8                                        47450                         153794              

OP_WAIT_9                                        46250                         141097              

OP_WAIT_10                                       27370                          83504              

OP_WAIT_11                                       18901                          62376              

OP_WAIT_12                                       19489                          65381              

OP_WAIT_13                                       16304                          53193              

OP_WAIT_14                                       14167                          48391              

OP_WAIT_15                                       13458                          41894              

OP_WAIT_16                                       11365                          38631              

OP_WAIT_17                                       10863                          38140              

OP_WAIT_18                                       10437                          35982              

OP_WAIT_19                                       10905                          38919              

OP_WAIT_20                                       10732                          34334              

OP_WAIT_21                                       11935                          42482              

OP_WAIT_22                                       11189                          38608              

OP_WAIT_23                                        8743                          30618              

OP_WAIT_24                                        9356                          30859              

OP_WAIT_25                                        9443                          33133              

OP_WAIT_26                                        8107                          27937              

OP_WAIT_27                                        7143                          25576              

OP_WAIT_28                                        7296                          24363              

OP_WAIT_29                                        8298                          29941              

OP_WAIT_30                                        8204                          30525              

OP_WAIT_31                                      211689                         801555              

ROW_SIZE_0                                     4202600                       12355148              

ROW_SIZE_1                                      628282                        1921622              

ROW_SIZE_2                                      163975                         477438              

ROW_SIZE_3                                       91522                         249631              

ROW_SIZE_4                                       77641                         225714              

ROW_SIZE_5                                       71232                         201361              

ROW_SIZE_6                                       58752                         175929              

ROW_SIZE_7                                       46169                         140218              

ROW_SIZE_8                                     1084642                        3266572              

ROW_SIZE_9                                           0                              0              

ROW_SIZE_10                                          0                              0              

ROW_SIZE_11                                          0                              0              

ROW_SIZE_12                                          0                              0              

ROW_SIZE_13                                          0                              0              

ROW_SIZE_14                                          0                              0              

ROW_SIZE_15                                          0                              0              

ROW_SIZE_16                                          0                              0              

ROW_SIZE_17                                          0                              0              

ROW_SIZE_18                                          0                              0              

ROW_SIZE_19                                          0                              0              

ROW_SIZE_20                                          0                              0              

ROW_SIZE_21                                          0                              0              

ROW_SIZE_22                                          0                              0              

ROW_SIZE_23                                          0                              0              

ROW_SIZE_24                                          0                              0              

ROW_SIZE_25                                          0                              0              

ROW_SIZE_26                                          0                              0              

ROW_SIZE_27                                          0                              0              

ROW_SIZE_28                                          0                              0              

ROW_SIZE_29                                          0                              0              

ROW_SIZE_30                                          0                              0              

ROW_SIZE_31                                          0                              0              

RET_OP_EXEC_COUNT_0                                  0        0.000%                0        0.000%
RET_OP_EXEC_COUNT_1                           11250353      100.000%         33704728      100.000%
RET_OP_EXEC_COUNT_2                                  0        0.000%                0        0.000%
RET_OP_EXEC_COUNT_3                                  0        0.000%                0        0.000%
RET_OP_EXEC_COUNT_4                                  0        0.000%                0        0.000%
RET_OP_EXEC_COUNT_5                                  0        0.000%                0        0.000%
RET_OP_EXEC_COUNT_6                                  0        0.000%                0        0.000%
RET_OP_EXEC_COUNT_7                                  0        0.000%                0        0.000%
RET_OP_EXEC_COUNT_8                                  0        0.000%                0        0.000%
RET_OP_EXEC_COUNT_9                                  0        0.000%                0        0.000%
RET_OP_EXEC_COUNT_10                                 0        0.000%                0        0.000%
RET_OP_EXEC_COUNT_11                                 0        0.000%                0        0.000%
RET_OP_EXEC_COUNT_12                                 0        0.000%                0        0.000%
RET_OP_EXEC_COUNT_13                                 0        0.000%                0        0.000%
RET_OP_EXEC_COUNT_14                                 0        0.000%                0        0.000%
RET_OP_EXEC_COUNT_15                                 0        0.000%                0        0.000%
RET_OP_EXEC_COUNT_16                                 0        0.000%                0        0.000%
RET_OP_EXEC_COUNT_17                                 0        0.000%                0        0.000%
RET_OP_EXEC_COUNT_18                                 0        0.000%                0        0.000%
RET_OP_EXEC_COUNT_19                                 0        0.000%                0        0.000%
RET_OP_EXEC_COUNT_20                                 0        0.000%                0        0.000%
RET_OP_EXEC_COUNT_21                                 0        0.000%                0        0.000%
RET_OP_EXEC_COUNT_22                                 0        0.000%                0        0.000%
RET_OP_EXEC_COUNT_23                                 0        0.000%                0        0.000%
RET_OP_EXEC_COUNT_24                                 0        0.000%                0        0.000%
RET_OP_EXEC_COUNT_25                                 0        0.000%                0        0.000%
RET_OP_EXEC_COUNT_26                                 0        0.000%                0        0.000%
RET_OP_EXEC_COUNT_27                                 0        0.000%                0        0.000%
RET_OP_EXEC_COUNT_28                                 0        0.000%                0        0.000%
RET_OP_EXEC_COUNT_29                                 0        0.000%                0        0.000%
RET_OP_EXEC_COUNT_30                                 0        0.000%                0        0.000%
RET_OP_EXEC_COUNT_31                                 0        0.000%                0        0.000%
RET_OP_EXEC_COUNT_32                                 0        0.000%                0        0.000%
                                              11250353      100.000%         33704728      100.000%
                                                  1.00         0.00              1.00         0.00

RET_STALL_LENGTH_0                            11247326       99.973%         33695297       99.972%
RET_STALL_LENGTH_100                              2222        0.020%             6484        0.019%
RET_STALL_LENGTH_200                               662        0.006%             2614        0.008%
RET_STALL_LENGTH_300                                26        0.000%               73        0.000%
RET_STALL_LENGTH_400                                33        0.000%               52        0.000%
RET_STALL_LENGTH_500                                20        0.000%               39        0.000%
RET_STALL_LENGTH_600                                12        0.000%               23        0.000%
RET_STALL_LENGTH_700                                 7        0.000%               12        0.000%
RET_STALL_LENGTH_800                                 4        0.000%               16        0.000%
RET_STALL_LENGTH_900                                10        0.000%               15        0.000%
RET_STALL_LENGTH_1000                                8        0.000%               20        0.000%
RET_STALL_LENGTH_1100                                7        0.000%               27        0.000%
RET_STALL_LENGTH_1200                               13        0.000%               46        0.000%
RET_STALL_LENGTH_1300                                3        0.000%                9        0.000%
RET_STALL_LENGTH_1400                                0        0.000%                1        0.000%
RET_STALL_LENGTH_1500                                0        0.000%                0        0.000%
RET_STALL_LENGTH_1600                                0        0.000%                0        0.000%
RET_STALL_LENGTH_1700                                0        0.000%                0        0.000%
RET_STALL_LENGTH_1800                                0        0.000%                0        0.000%
RET_STALL_LENGTH_1900                                0        0.000%                0        0.000%
RET_STALL_LENGTH_2000                                0        0.000%                0        0.000%
RET_STALL_LENGTH_2100                                0        0.000%                0        0.000%
RET_STALL_LENGTH_2200                                0        0.000%                0        0.000%
RET_STALL_LENGTH_2300                                0        0.000%                0        0.000%
RET_STALL_LENGTH_2400                                0        0.000%                0        0.000%
RET_STALL_LENGTH_2500                                0        0.000%                0        0.000%
RET_STALL_LENGTH_2600                                0        0.000%                0        0.000%
RET_STALL_LENGTH_2700                                0        0.000%                0        0.000%
RET_STALL_LENGTH_2800                                0        0.000%                0        0.000%
RET_STALL_LENGTH_2900                                0        0.000%                0        0.000%
RET_STALL_LENGTH_3000                                0        0.000%                0        0.000%
RET_STALL_LENGTH_3100                                0        0.000%                0        0.000%
RET_STALL_LENGTH_3200                                0        0.000%                0        0.000%
RET_STALL_LENGTH_3300                                0        0.000%                0        0.000%
RET_STALL_LENGTH_3400                                0        0.000%                0        0.000%
RET_STALL_LENGTH_3500                                0        0.000%                0        0.000%
RET_STALL_LENGTH_3600                                0        0.000%                0        0.000%
RET_STALL_LENGTH_3700                                0        0.000%                0        0.000%
RET_STALL_LENGTH_3800                                0        0.000%                0        0.000%
RET_STALL_LENGTH_3900                                0        0.000%                0        0.000%
RET_STALL_LENGTH_4000                                0        0.000%                0        0.000%
RET_STALL_LENGTH_4100                                0        0.000%                0        0.000%
RET_STALL_LENGTH_4200                                0        0.000%                0        0.000%
RET_STALL_LENGTH_4300                                0        0.000%                0        0.000%
RET_STALL_LENGTH_4400                                0        0.000%                0        0.000%
RET_STALL_LENGTH_4500                                0        0.000%                0        0.000%
RET_STALL_LENGTH_4600                                0        0.000%                0        0.000%
RET_STALL_LENGTH_4700                                0        0.000%                0        0.000%
RET_STALL_LENGTH_4800                                0        0.000%                0        0.000%
RET_STALL_LENGTH_4900                                0        0.000%                0        0.000%
RET_STALL_LENGTH_5000                                0        0.000%                0        0.000%
                                              11250353      100.000%         33704728      100.000%
                                                  0.00         0.03              0.00         0.03

MEM_BLOCK_LENGTH_0                                   4      100.000%               62       84.932%
MEM_BLOCK_LENGTH_100                                 0        0.000%                9       12.329%
MEM_BLOCK_LENGTH_200                                 0        0.000%                1        1.370%
MEM_BLOCK_LENGTH_300                                 0        0.000%                0        0.000%
MEM_BLOCK_LENGTH_400                                 0        0.000%                1        1.370%
MEM_BLOCK_LENGTH_500                                 0        0.000%                0        0.000%
MEM_BLOCK_LENGTH_600                                 0        0.000%                0        0.000%
MEM_BLOCK_LENGTH_700                                 0        0.000%                0        0.000%
MEM_BLOCK_LENGTH_800                                 0        0.000%                0        0.000%
MEM_BLOCK_LENGTH_900                                 0        0.000%                0        0.000%
MEM_BLOCK_LENGTH_1000                                0        0.000%                0        0.000%
MEM_BLOCK_LENGTH_1100                                0        0.000%                0        0.000%
MEM_BLOCK_LENGTH_1200                                0        0.000%                0        0.000%
MEM_BLOCK_LENGTH_1300                                0        0.000%                0        0.000%
MEM_BLOCK_LENGTH_1400                                0        0.000%                0        0.000%
MEM_BLOCK_LENGTH_1500                                0        0.000%                0        0.000%
MEM_BLOCK_LENGTH_1600                                0        0.000%                0        0.000%
MEM_BLOCK_LENGTH_1700                                0        0.000%                0        0.000%
MEM_BLOCK_LENGTH_1800                                0        0.000%                0        0.000%
MEM_BLOCK_LENGTH_1900                                0        0.000%                0        0.000%
MEM_BLOCK_LENGTH_2000                                0        0.000%                0        0.000%
MEM_BLOCK_LENGTH_2100                                0        0.000%                0        0.000%
MEM_BLOCK_LENGTH_2200                                0        0.000%                0        0.000%
MEM_BLOCK_LENGTH_2300                                0        0.000%                0        0.000%
MEM_BLOCK_LENGTH_2400                                0        0.000%                0        0.000%
MEM_BLOCK_LENGTH_2500                                0        0.000%                0        0.000%
MEM_BLOCK_LENGTH_2600                                0        0.000%                0        0.000%
MEM_BLOCK_LENGTH_2700                                0        0.000%                0        0.000%
MEM_BLOCK_LENGTH_2800                                0        0.000%                0        0.000%
MEM_BLOCK_LENGTH_2900                                0        0.000%                0        0.000%
MEM_BLOCK_LENGTH_3000                                0        0.000%                0        0.000%
MEM_BLOCK_LENGTH_3100                                0        0.000%                0        0.000%
MEM_BLOCK_LENGTH_3200                                0        0.000%                0        0.000%
MEM_BLOCK_LENGTH_3300                                0        0.000%                0        0.000%
MEM_BLOCK_LENGTH_3400                                0        0.000%                0        0.000%
MEM_BLOCK_LENGTH_3500                                0        0.000%                0        0.000%
MEM_BLOCK_LENGTH_3600                                0        0.000%                0        0.000%
MEM_BLOCK_LENGTH_3700                                0        0.000%                0        0.000%
MEM_BLOCK_LENGTH_3800                                0        0.000%                0        0.000%
MEM_BLOCK_LENGTH_3900                                0        0.000%                0        0.000%
MEM_BLOCK_LENGTH_4000                                0        0.000%                0        0.000%
MEM_BLOCK_LENGTH_4100                                0        0.000%                0        0.000%
MEM_BLOCK_LENGTH_4200                                0        0.000%                0        0.000%
MEM_BLOCK_LENGTH_4300                                0        0.000%                0        0.000%
MEM_BLOCK_LENGTH_4400                                0        0.000%                0        0.000%
MEM_BLOCK_LENGTH_4500                                0        0.000%                0        0.000%
MEM_BLOCK_LENGTH_4600                                0        0.000%                0        0.000%
MEM_BLOCK_LENGTH_4700                                0        0.000%                0        0.000%
MEM_BLOCK_LENGTH_4800                                0        0.000%                0        0.000%
MEM_BLOCK_LENGTH_4900                                0        0.000%                0        0.000%
MEM_BLOCK_LENGTH_5000                                0        0.000%                0        0.000%
                                                     4      100.000%               73      100.000%
                                                  0.00         0.00              0.21         0.57

FUS_BUSY_ON_PATH                              11498082        1.6926         34436396        1.7300

FUS_BUSY_OFF_PATH                              2874909        0.4232          6965245        0.3499

FU_BUSY_MEM_STALL                               341404        0.0503           942323        0.0473

FUS_EMPTY                                     53559689        7.8842        157651279        7.9201

FU_UNAVAILABLE                                   11444        0.0017            34305        0.0017

FU_MEM_UNAVAILABLE                              153627        0.0226           418005        0.0210

FU_OTHER_UNAVAILABLE                                 0        0.0000                0        0.0000

FU_REPLAY                                            0        0.0000                0        0.0000

FU_STARVED                                    53368047        7.8560        157142568        7.8945

CHIP_UTILIZATION                                     0        0.0000                0        0.0000

CYCLES_UNDER_MEM_REQ                                 0                              0              

CYCLES_UNDER_NO_MEM_REQ                              0                              0              

CYCLES_UNDER_CRITICAL_MEM_REQ                        0                              0              

CYCLES_UNDER_NONCRITICAL_MEM_REQ                     0                              0              

CHIP_UTILIZATION_UNDER_MEM_REQ                       0          -nan                0          -nan

CHIP_UTILIZATION_UNDER_NO_MEM_REQ                    0          -nan                0          -nan

CHIP_UTILIZATION_UNDER_CRITICAL_MEM_REQ              0          -nan                0          -nan

CHIP_UTILIZATION_UNDER_NONCRITICAL_MEM_REQ             0          -nan                0          -nan

CYCLES_NOT_WAITING_FOR_OFF_CHIP                      0        0.0000                0        0.0000

FUS_BUSY_NOT_WAITING_FOR_OFF_CHIP                    0          -nan                0          -nan

CYCLES_WAITING_FOR_OFF_CHIP                          0        0.0000                0        0.0000

FUS_BUSY_WAITING_FOR_OFF_CHIP                        0          -nan                0          -nan

TOTAL_OFF_CHIP_DELAYS_LEFT                           0                              0              

WRONG_IO_SCHED                                       0                              0              

DVFS_CONFIG_SWITCH                                   0                              0              

MAP_STAGE_RECEIVED_OPS_0                             0        0.000%                0        0.000%
MAP_STAGE_RECEIVED_OPS_1                         85354        4.237%           254111        4.231%
MAP_STAGE_RECEIVED_OPS_2                         51252        2.544%           138108        2.299%
MAP_STAGE_RECEIVED_OPS_3                         59086        2.933%           155419        2.587%
MAP_STAGE_RECEIVED_OPS_4                         54401        2.701%           140872        2.345%
MAP_STAGE_RECEIVED_OPS_5                         59070        2.933%           153331        2.553%
MAP_STAGE_RECEIVED_OPS_6                       1705092       84.651%          5164719       85.985%
MAP_STAGE_RECEIVED_OPS_7                             0        0.000%                0        0.000%
MAP_STAGE_RECEIVED_OPS_8                             0        0.000%                0        0.000%
MAP_STAGE_RECEIVED_OPS_MAX                           0        0.000%                0        0.000%
                                               2014255      100.000%          6006560      100.000%
                                                  5.52         1.28              5.55         1.25

MAP_STAGE_WAIT_FOR_DECODE                            0         -nan%                0         -nan%
MAP_STAGE_CONSUME_DECODE                             0         -nan%                0         -nan%
                                                     0         -nan%                0         -nan%
                                                  -nan         -nan              -nan         -nan

MAP_STAGE_WAIT_FOR_DECODE2                           0         -nan%                0         -nan%
MAP_STAGE_CONSUME_DECODE2                            0         -nan%                0         -nan%
                                                     0         -nan%                0         -nan%
                                                  -nan         -nan              -nan         -nan

FTQ_RECOVER_EXEC                                 63611                         174891              

FTQ_RECOVER_DECODE                                4548                           9768              

FTQ_OFFPATH_CYCLES                             5342241                       14891731              

FTQ_CYCLES_OFFPATH                             5342200                       14891731              

FTQ_CYCLES_ONPATH                              1451068                        5013561              

FTQ_FETCHED_INS_ONPATH                        11250090                       33704728              

FTQ_FETCHED_INS_OFFPATH                       31389772                       84741715              

FTQ_BREAK_FULL_FT_ONPATH                        492177                        2214179              

FTQ_BREAK_FULL_FT_OFFPATH                      2193907                        6539651              

FTQ_BREAK_PRED_BR_ONPATH                             0                              0              

FTQ_BREAK_PRED_BR_OFFPATH                            0                              0              

FTQ_BREAK_BAR_FETCH_ONPATH                           0                              0              

FTQ_BREAK_BAR_FETCH_OFFPATH                          0                              0              

FTQ_BREAK_MAX_CFS_TAKEN_ONPATH                       0                              0              

FTQ_BREAK_MAX_CFS_TAKEN_OFFPATH                      0                              0              

FTQ_BREAK_MAX_FT_ONPATH                         958813                        2799303              

FTQ_BREAK_MAX_FT_OFFPATH                       3148291                        8352079              

DFE_GEN_ON_PATH_FT                             1444383                        4285380              

DFE_GEN_OFF_PATH_FT                            3216100                        8643463              

DFE_L0_ENABLED_PREDICTIONS                    11250098                       33704728              

DFE_L0_WRONG_MAIN_CORRECT                       334475                         930216              

DFE_L0_WRONG_MAIN_WRONG                          55170                         146964              

DFE_L0_CORRECT_MAIN_WRONG                        12988                          37695              

DFE_L0_CORRECT_MAIN_CORRECT                   10847465                       32589853              

DFE_L0_WRONG_MAIN_CORRECT_RECOVERY_SCHEDULED             0                              0              

FTQ_SAW_BAR_FETCH_OFFPATH                            0                              0              

FTQ_SAW_BAR_FETCH_ONPATH                             0                              0              

DFE_CONF_0_RECOVER_AT_EXEC                           0         -nan%                0         -nan%
DFE_CONF_1_RECOVER_AT_EXEC                           0         -nan%                0         -nan%
DFE_CONF_2_RECOVER_AT_EXEC                           0         -nan%                0         -nan%
DFE_CONF_3_RECOVER_AT_EXEC                           0         -nan%                0         -nan%
DFE_CONF_0_CORRECT                                   0         -nan%                0         -nan%
DFE_CONF_1_CORRECT                                   0         -nan%                0         -nan%
DFE_CONF_2_CORRECT                                   0         -nan%                0         -nan%
DFE_CONF_3_CORRECT                                   0         -nan%                0         -nan%
                                                     0         -nan%                0         -nan%
                                                  -nan         -nan              -nan         -nan

DFE_ON_CONF_ON_OPS                                   0         -nan%                0         -nan%
DFE_ON_CONF_OFF_OPS                                  0         -nan%                0         -nan%
DFE_OFF_CONF_ON_OPS                                  0         -nan%                0         -nan%
DFE_OFF_CONF_OFF_REALISTIC_OPS                       0         -nan%                0         -nan%
DFE_OFF_CONF_OFF_PERFECT_OPS                         0         -nan%                0         -nan%
                                                     0         -nan%                0         -nan%
                                                  -nan         -nan              -nan         -nan

DFE_ON_CONF_ON_FETCH_TARGETS                         0         -nan%                0         -nan%
DFE_ON_CONF_OFF_FETCH_TARGETS                        0         -nan%                0         -nan%
DFE_OFF_CONF_ON_FETCH_TARGETS                        0         -nan%                0         -nan%
DFE_OFF_CONF_OFF_REALISTIC_FETCH_TARGETS             0         -nan%                0         -nan%
DFE_OFF_CONF_OFF_PERFECT_FETCH_TARGETS               0         -nan%                0         -nan%
                                                     0         -nan%                0         -nan%
                                                  -nan         -nan              -nan         -nan

DFE_ON_CONF_ON_CYCLES                                0         -nan%                0         -nan%
DFE_ON_CONF_OFF_CYCLES                               0         -nan%                0         -nan%
DFE_OFF_CONF_ON_CYCLES                               0         -nan%                0         -nan%
DFE_OFF_CONF_OFF_REALISTIC_CYCLES                    0         -nan%                0         -nan%
DFE_OFF_CONF_OFF_PERFECT_CYCLES                      0         -nan%                0         -nan%
                                                     0         -nan%                0         -nan%
                                                  -nan         -nan              -nan         -nan

DFE_OFF_CONF_ON_NUM_EVENTS                           0                              0              

DFE_OFF_CONF_ON_NOT_IDENTIFIED_EVENTS                0         -nan%                0         -nan%
DFE_OFF_CONF_ON_IBTB_MISS_EVENTS                     0         -nan%                0         -nan%
DFE_OFF_CONF_ON_BTB_MISS_EVENTS                      0         -nan%                0         -nan%
DFE_OFF_CONF_ON_BTB_MISS_RECOVER_AT_EXEC_EVENTS             0         -nan%                0         -nan%
DFE_OFF_CONF_ON_RECOVER_AT_EXEC_EVENTS               0         -nan%                0         -nan%
DFE_OFF_CONF_ON_RECOVER_AT_DECODE_EVENTS             0         -nan%                0         -nan%
                                                     0         -nan%                0         -nan%
                                                  -nan         -nan              -nan         -nan

DFE_OFF_CONF_ON_LATE_BTB_HIT_EVENTS                  0                              0              

DFE_OFF_CONF_ON_NOT_IDENTIFIED_CYCLES                0         -nan%                0         -nan%
DFE_OFF_CONF_ON_IBTB_MISS_CYCLES                     0         -nan%                0         -nan%
DFE_OFF_CONF_ON_BTB_MISS_CYCLES                      0         -nan%                0         -nan%
DFE_OFF_CONF_ON_BTB_MISS_RECOVER_AT_EXEC_CYCLES             0         -nan%                0         -nan%
DFE_OFF_CONF_ON_RECOVER_AT_EXEC_CYCLES               0         -nan%                0         -nan%
DFE_OFF_CONF_ON_RECOVER_AT_DECODE_CYCLES             0         -nan%                0         -nan%
                                                     0         -nan%                0         -nan%
                                                  -nan         -nan              -nan         -nan

DFE_OFF_CONF_ON_LATE_BTB_HIT_CYCLES                  0                              0              

DFE_OFF_CONF_ON_NOT_IDENTIFIED_FETCH_TARGETS             0         -nan%                0         -nan%
DFE_OFF_CONF_ON_IBTB_MISS_FETCH_TARGETS              0         -nan%                0         -nan%
DFE_OFF_CONF_ON_BTB_MISS_FETCH_TARGETS               0         -nan%                0         -nan%
DFE_OFF_CONF_ON_BTB_MISS_RECOVER_AT_EXEC_FETCH_TARGETS             0         -nan%                0         -nan%
DFE_OFF_CONF_ON_RECOVER_AT_EXEC_FETCH_TARGETS             0         -nan%                0         -nan%
DFE_OFF_CONF_ON_RECOVER_AT_DECODE_FETCH_TARGETS             0         -nan%                0         -nan%
                                                     0         -nan%                0         -nan%
                                                  -nan         -nan              -nan         -nan

DFE_OFF_CONF_ON_LATE_BTB_HIT_FETCH_TARGETS             0                              0              

DFE_OFF_CONF_ON_BP_INCORRECT_0_CONF                  0         -nan%                0         -nan%
DFE_OFF_CONF_ON_BP_INCORRECT_1_CONF                  0         -nan%                0         -nan%
DFE_OFF_CONF_ON_BP_INCORRECT_2_CONF                  0         -nan%                0         -nan%
DFE_OFF_CONF_ON_BP_INCORRECT_3_CONF                  0         -nan%                0         -nan%
                                                     0         -nan%                0         -nan%
                                                  -nan         -nan              -nan         -nan

DFE_OFF_CONF_ON_BTB_MISS_CBR_0_CONF                  0         -nan%                0         -nan%
DFE_OFF_CONF_ON_BTB_MISS_CBR_1_CONF                  0         -nan%                0         -nan%
DFE_OFF_CONF_ON_BTB_MISS_CBR_2_CONF                  0         -nan%                0         -nan%
DFE_OFF_CONF_ON_BTB_MISS_CBR_3_CONF                  0         -nan%                0         -nan%
                                                     0         -nan%                0         -nan%
                                                  -nan         -nan              -nan         -nan

DFE_OFF_CONF_ON_BTB_MISS_NOT_CF                      0         -nan%                0         -nan%
DFE_OFF_CONF_ON_BTB_MISS_CF_BR                       0         -nan%                0         -nan%
DFE_OFF_CONF_ON_BTB_MISS_CF_CBR                      0         -nan%                0         -nan%
DFE_OFF_CONF_ON_BTB_MISS_CF_CALL                     0         -nan%                0         -nan%
DFE_OFF_CONF_ON_BTB_MISS_CF_IBR                      0         -nan%                0         -nan%
DFE_OFF_CONF_ON_BTB_MISS_CF_ICALL                    0         -nan%                0         -nan%
DFE_OFF_CONF_ON_BTB_MISS_CF_ICO                      0         -nan%                0         -nan%
DFE_OFF_CONF_ON_BTB_MISS_CF_RET                      0         -nan%                0         -nan%
DFE_OFF_CONF_ON_BTB_MISS_CF_SYS                      0         -nan%                0         -nan%
                                                     0         -nan%                0         -nan%
                                                  -nan         -nan              -nan         -nan

DFE_ON_CONF_OFF_NUM_EVENTS                           0                              0              

CONF_BTB_NUM_CYCLES_OFF_PATH_EVENT                   0                              0              

DFE_ON_CONF_OFF_IBTB_MISS_BP_TAKEN                   0         -nan%                0         -nan%
DFE_ON_CONF_OFF_BTB_MISS_BP_TAKEN_CONF_0             0         -nan%                0         -nan%
DFE_ON_CONF_OFF_BTB_MISS_BP_TAKEN_CONF_1             0         -nan%                0         -nan%
DFE_ON_CONF_OFF_BTB_MISS_BP_TAKEN_CONF_2             0         -nan%                0         -nan%
DFE_ON_CONF_OFF_BTB_MISS_BP_TAKEN_CONF_3             0         -nan%                0         -nan%
DFE_ON_CONF_OFF_BTB_MISS_RATE                        0         -nan%                0         -nan%
DFE_ON_CONF_OFF_IBTB_MISS_RATE                       0         -nan%                0         -nan%
DFE_ON_CONF_OFF_RECOVER_AT_DECODE_RATE               0         -nan%                0         -nan%
DFE_ON_CONF_OFF_RECOVER_AT_EXEC_RATE                 0         -nan%                0         -nan%
DFE_ON_CONF_OFF_INV_CONF_INC                         0         -nan%                0         -nan%
DFE_ON_CONF_OFF_PERFECT_CONF                         0         -nan%                0         -nan%
                                                     0         -nan%                0         -nan%
                                                  -nan         -nan              -nan         -nan

DFE_ON_CONF_OFF_IBTB_MISS_BP_TAKEN_CYCLES             0         -nan%                0         -nan%
DFE_ON_CONF_OFF_BTB_MISS_BP_TAKEN_CONF_0_CYCLES             0         -nan%                0         -nan%
DFE_ON_CONF_OFF_BTB_MISS_BP_TAKEN_CONF_1_CYCLES             0         -nan%                0         -nan%
DFE_ON_CONF_OFF_BTB_MISS_BP_TAKEN_CONF_2_CYCLES             0         -nan%                0         -nan%
DFE_ON_CONF_OFF_BTB_MISS_BP_TAKEN_CONF_3_CYCLES             0         -nan%                0         -nan%
DFE_ON_CONF_OFF_BTB_MISS_RATE_CYCLES                 0         -nan%                0         -nan%
DFE_ON_CONF_OFF_IBTB_MISS_RATE_CYCLES                0         -nan%                0         -nan%
DFE_ON_CONF_OFF_RECOVER_AT_DECODE_RATE_CYCLES             0         -nan%                0         -nan%
DFE_ON_CONF_OFF_RECOVER_AT_EXEC_RATE_CYCLES             0         -nan%                0         -nan%
DFE_ON_CONF_OFF_INV_CONF_INC_CYCLES                  0         -nan%                0         -nan%
DFE_ON_CONF_OFF_PERFECT_CONF_CYCLES                  0         -nan%                0         -nan%
                                                     0         -nan%                0         -nan%
                                                  -nan         -nan              -nan         -nan

DFE_ON_CONF_OFF_IBTB_MISS_BP_TAKEN_FETCH_TARGETS             0         -nan%                0         -nan%
DFE_ON_CONF_OFF_BTB_MISS_BP_TAKEN_CONF_0_FETCH_TARGETS             0         -nan%                0         -nan%
DFE_ON_CONF_OFF_BTB_MISS_BP_TAKEN_CONF_1_FETCH_TARGETS             0         -nan%                0         -nan%
DFE_ON_CONF_OFF_BTB_MISS_BP_TAKEN_CONF_2_FETCH_TARGETS             0         -nan%                0         -nan%
DFE_ON_CONF_OFF_BTB_MISS_BP_TAKEN_CONF_3_FETCH_TARGETS             0         -nan%                0         -nan%
DFE_ON_CONF_OFF_BTB_MISS_RATE_FETCH_TARGETS             0         -nan%                0         -nan%
DFE_ON_CONF_OFF_IBTB_MISS_RATE_FETCH_TARGETS             0         -nan%                0         -nan%
DFE_ON_CONF_OFF_RECOVER_AT_DECODE_RATE_FETCH_TARGETS             0         -nan%                0         -nan%
DFE_ON_CONF_OFF_RECOVER_AT_EXEC_RATE_FETCH_TARGETS             0         -nan%                0         -nan%
DFE_ON_CONF_OFF_INV_CONF_INC_FETCH_TARGETS             0         -nan%                0         -nan%
DFE_ON_CONF_OFF_PERFECT_CONF_FETCH_TARGETS             0         -nan%                0         -nan%
                                                     0         -nan%                0         -nan%
                                                  -nan         -nan              -nan         -nan

CONF_OFF_IBTB_MISS_BP_TAKEN                          0         -nan%                0         -nan%
CONF_OFF_BTB_MISS_BP_TAKEN_CONF_0                    0         -nan%                0         -nan%
CONF_OFF_BTB_MISS_BP_TAKEN_CONF_1                    0         -nan%                0         -nan%
CONF_OFF_BTB_MISS_BP_TAKEN_CONF_2                    0         -nan%                0         -nan%
CONF_OFF_BTB_MISS_BP_TAKEN_CONF_3                    0         -nan%                0         -nan%
CONF_OFF_BTB_MISS_RATE                               0         -nan%                0         -nan%
CONF_OFF_IBTB_MISS_RATE                              0         -nan%                0         -nan%
CONF_OFF_RECOVER_AT_DECODE_RATE                      0         -nan%                0         -nan%
CONF_OFF_RECOVER_AT_EXEC_RATE                        0         -nan%                0         -nan%
CONF_OFF_INV_CONF_INC                                0         -nan%                0         -nan%
CONF_OFF_PERFECT_CONF                                0         -nan%                0         -nan%
                                                     0         -nan%                0         -nan%
                                                  -nan         -nan              -nan         -nan

TOPDOWN_TOTAL_SLOTS                           40759608                      119431752              

TOPDOWN_ISSUED_SLOTS                          18741559                       53180268              

TOPDOWN_RETIRED_SLOTS                         11250098                       33704728              

TOPDOWN_FETCH_BUBBLES_SLOTS                    4953503                       12911937              

TOPDOWN_RECOVERY_BUBBLES_SLOTS                 2148803                        5561442              

TOPDOWN_MEM_LOAD_STALLS_CYCLES                 2381615                        7640389              

TOPDOWN_MEM_STORE_STALLS_CYCLES                      0                             12              

TOPDOWN_EXEC_STALLS_CYCLES                     2153089                        6552588              

TOPDOWN_BACKEND_STALLS_CYCLES                  2381616                        7640565              

TOPDOWN_FETCH_BUBBLES_GT_MIW_CYCLES             666888                        1707089              

TOPDOWN_BR_RECOVER_AT_EXEC_RETIRED_CYCLES         63611                         174891              

TOPDOWN_MACHINE_CLEAR_CYCLES                    402634                        1114875              

TOPDOWN_FRONTEND_BOUND                            1215                           1215              

TOPDOWN_BACKEND_BOUND                             3660                           3660              

TOPDOWN_BAD_SPEC_BOUND                            2365                           2365              

TOPDOWN_RETIRING_BOUND                            2760                           2760              

TOPDOWN_FETCH_LATENCY_BOUND                        981                            981              

TOPDOWN_FETCH_BANDWIDTH_BOUND                      234                            234              

TOPDOWN_MEM_BOUND                                 3659                           3659              

TOPDOWN_CORE_BOUND                                   1                              1              

TOPDOWN_BR_RECOVER_AT_EXEC_BOUND                   322                            322              

TOPDOWN_MACHINE_CLEARS_BOUND                      2043                           2043              

H2P_SEEN_MAIN                                    10822                          56985              



