Scarab gitrev: cb2ec6957
Warning: Scarab expects the trace file type to include OFFLINE_FILE_TYPE_ARCH_REGDEPS (0x20000), but got type: 0xe40
Scarab started at Tue Jul 28 15:31:28 2026

Initialized Ramulator. 
Expected data2 but found type 'instr'
Stray memory record detected at seq. 181733: PC: 0x7f53b4bf5ce1, PID: 397553, TID: 397553, Addr: 0x7ffcb2283f40. Suppressing further messages.
Expected data2 but found type 'instr'
** Heartbeat:   3% -- { 1000000 } -- 0.00 KIPS (71.43 KIPS)
** Heartbeat:   6% -- { 2000000 } -- 100.00 KIPS (83.33 KIPS)
** Heartbeat:  10% -- { 3000000 } -- 90.91 KIPS (85.71 KIPS)
** Heartbeat:  13% -- { 4000004 } -- 100.00 KIPS (88.89 KIPS)
** Heartbeat:  16% -- { 5000011 } -- 100.00 KIPS (90.91 KIPS)
** Heartbeat:  20% -- { 6000013 } -- 100.00 KIPS (92.31 KIPS)
** Heartbeat:  23% -- { 7000018 } -- 100.00 KIPS (93.33 KIPS)
** Heartbeat:  26% -- { 8000019 } -- 100.00 KIPS (94.12 KIPS)
** Heartbeat:  30% -- { 9000022 } -- 100.00 KIPS (94.74 KIPS)
** Heartbeat:  33% -- { 10000024 } -- 100.00 KIPS (95.24 KIPS)
** Heartbeat:  36% -- { 11000025 } -- 100.00 KIPS (95.65 KIPS)
** Heartbeat:  40% -- { 12000026 } -- 100.00 KIPS (96.00 KIPS)
** Heartbeat:  43% -- { 13000027 } -- 76.92 KIPS (94.20 KIPS)
** Heartbeat:  46% -- { 14000031 } -- 47.62 KIPS (88.05 KIPS)
** Heartbeat:  50% -- { 15000031 } -- 41.67 KIPS (81.97 KIPS)
** Heartbeat:  53% -- { 16000032 } -- 71.43 KIPS (81.22 KIPS)
** Heartbeat:  56% -- { 17000038 } -- 166.67 KIPS (83.74 KIPS)
** Heartbeat:  60% -- { 18000038 } -- 250.00 KIPS (86.96 KIPS)
** Heartbeat:  63% -- { 19000038 } -- 142.86 KIPS (88.79 KIPS)
** Heartbeat:  66% -- { 20000038 } -- 125.00 KIPS (90.09 KIPS)
** Heartbeat:  70% -- { 21000038 } -- 200.00 KIPS (92.51 KIPS)
** Heartbeat:  73% -- { 22000038 } -- 200.00 KIPS (94.83 KIPS)
** Heartbeat:  76% -- { 23000038 } -- 200.00 KIPS (97.05 KIPS)
** Heartbeat:  80% -- { 24000038 } -- 250.00 KIPS (99.59 KIPS)
** Heartbeat:  83% -- { 25000038 } -- 200.00 KIPS (101.63 KIPS)
** Heartbeat:  86% -- { 26000038 } -- 200.00 KIPS (103.59 KIPS)
** Heartbeat:  90% -- { 27000038 } -- 166.67 KIPS (105.06 KIPS)
** Heartbeat:  93% -- { 28000038 } -- 166.67 KIPS (106.46 KIPS)
** Heartbeat:  96% -- { 29000038 } -- 166.67 KIPS (107.81 KIPS)
Reached end of trace (last_inst) pc=0x7f53abc00ed9
Running McPat...
Running CACTI...
Parsing scarab params...
Parsing scarab stats...
Parsing McPAT output (./mcpat.out) and CACTI output (./cacti_dram.out)...
Printing Power Results...
Power Finished Successfully!
Scarab power interface: executing command:
['perl', '/home/deepmish/scarab_stage/baseline/scarab/bin/power/power_intf.pl', '/tmp_home/application/toolchain/bin/mcpat', '/tmp_home/application/toolchain/bin/cacti', '.', '0', '0']
Scarab power interface: command finished with exit code: 0
** Core 0 Finished:    insts:29999995    cycles:17025340    time:5320418750000       -- 1.76 IPC (1.76 IPC) --  N/A  KIPS (109.09 KIPS)
Scarab finished at Tue Jul 28 15:36:21 2026

