/* -*- Mode: c -*- */
####################################################################################################
Core 0
####################################################################################################
Cumulative:        Cycles: 52766113              Instructions: 59999999              IPC: 1.13709

Periodic:          Cycles: 52766113              Instructions: 59999999              IPC: 1.13709

EXECUTION_TIME                           16489410312500                  16489410312500              

SIM_HOST_WALL_SECONDS                      1044.209957                    1044.209957              

NODE_CYCLE                                    52766113                       52766113              

NODE_INST_COUNT                               59999999                       59999999              

NODE_INST_COUNT_FETCHED                       59999999                       59999999              

NODE_UOP_COUNT                                62759903                       62759903              

EXEC_STAGE_NO_ISSUE_STALL_CYCLE               30420075                       30420075              

EXEC_STAGE_NO_ISSUE_STALL_CYCLE_ONPATH        16299623                       16299623              

FULL_WINDOW_STALL                                    0        0.000%                0        0.000%

FULL_WINDOW_MEM_OP                                   0         -nan%                0         -nan%
FULL_WINDOW_FP_OP                                    0         -nan%                0         -nan%
FULL_WINDOW_OTHER_OP                                 0         -nan%                0         -nan%
                                                     0         -nan%                0         -nan%
                                                  -nan         -nan              -nan         -nan

RET_BLOCKED_DC_MISS                            2904121        5.504%          2904121        5.504%

RET_BLOCKED_L1_MISS                              79632        0.151%            79632        0.151%

RET_BLOCKED_L1_MISS_BW_PREF                      18245        0.035%            18245        0.035%

RET_BLOCKED_L1_ACCESS                          2824533        5.353%          2824533        5.353%

RET_BLOCKED_MEM_STALL                            79632        0.151%            79632        0.151%

RET_BLOCKED_OFFCHIP_DEMAND                           0        0.000%                0        0.000%

OP_ISSUED                                    108595137                      108595137              

OP_RETIRED                                    62759903                       62759903              

OP_MACRO_FUSION_ONPATH                        12067138                       12067138              

OP_MACRO_FUSION_OFFPATH                       14930484                       14930484              

REPLAY_SIGNALED                                      0                              0              

REPLAY_COUNTED                                       0                              0              

OFF_CRITICAL_PATH                                    0         -nan%                0         -nan%
ON_CRITICAL_PATH                                     0         -nan%                0         -nan%
                                                     0         -nan%                0         -nan%
                                                  -nan         -nan              -nan         -nan

LD_NO_DEPENDENTS                                320710        2.699%           320710        2.699%
LD_DEPENDENTS                                 11562776       97.301%         11562776       97.301%
                                              11883486      100.000%         11883486      100.000%
                                                  0.97         0.96              0.97         0.96

LD_EXEC_CYCLES_0                                     0        0.000%                0        0.000%
LD_EXEC_CYCLES_1                                148551       53.347%           148551       53.347%
LD_EXEC_CYCLES_2                                 22053        7.920%            22053        7.920%
LD_EXEC_CYCLES_3                                 28477       10.227%            28477       10.227%
LD_EXEC_CYCLES_4                                 79379       28.506%            79379       28.506%
                                                278460      100.000%           278460      100.000%
                                                  2.14         1.75              2.14         1.75

LD_EXEC_MINUS_FETCH_LATENCY                  185547410                      185547410              

LD_RETIRE_MINUS_FETCH_LATENCY                293022058                      293022058              

ICACHE_STAGE_STARVED                           3348812       24.334%          3348812       24.334%
ICACHE_STAGE_NOT_STARVED                      10412878       75.666%         10412878       75.666%
                                              13761690      100.000%         13761690      100.000%
                                                  0.76         0.69              0.76         0.69

ICACHE_STAGE_STALLED                            169588        0.321%           169588        0.321%
ICACHE_STAGE_NOT_STALLED                      13592102       25.759%         13592102       25.759%
ICACHE_STAGE_OFF_PATH                         39004423       73.919%         39004423       73.919%
                                              52766113      100.000%         52766113      100.000%
                                                  1.74         1.56              1.74         1.56

DECODE_STAGE_STARVED                          40308470       95.220%         40308470       95.220%
DECODE_STAGE_NOT_STARVED                       2023309        4.780%          2023309        4.780%
                                              42331779      100.000%         42331779      100.000%
                                                  0.05         0.21              0.05         0.21

DECODE_STAGE_STALLED                                22        0.000%               22        0.000%
DECODE_STAGE_NOT_STALLED                      42331757       80.225%         42331757       80.225%
DECODE_STAGE_OFF_PATH                         10434334       19.775%         10434334       19.775%
                                              52766113      100.000%         52766113      100.000%
                                                  1.20         0.67              1.20         0.67

UOPQ_STAGE_STARVED                            31796989       87.806%         31796989       87.806%
UOPQ_STAGE_NOT_STARVED                         4415926       12.194%          4415926       12.194%
                                              36212915      100.000%         36212915      100.000%
                                                  0.12         0.31              0.12         0.31

UOPQ_STAGE_STALLED                              170060        0.322%           170060        0.322%
UOPQ_STAGE_NOT_STALLED                        36212915       68.629%         36212915       68.629%
UOPQ_STAGE_OFF_PATH                           16383138       31.049%         16383138       31.049%
                                              52766113      100.000%         52766113      100.000%
                                                  1.31         0.86              1.31         0.86

RS_OP_READY_NOT_ISSUED_TOTAL                  12418161                       12418161              

RS_0_OP_READY_NOT_ISSUED                      10714447                       10714447              

RS_1_OP_READY_NOT_ISSUED                        841500                         841500              

RS_2_OP_READY_NOT_ISSUED                        862214                         862214              

RS_3_OP_READY_NOT_ISSUED                             0                              0              

RS_4_OP_READY_NOT_ISSUED                             0                              0              

RS_5_OP_READY_NOT_ISSUED                             0                              0              

RS_6_OP_READY_NOT_ISSUED                             0                              0              

RS_7_OP_READY_NOT_ISSUED                             0                              0              

RS_7_PLUS_OP_READY_NOT_ISSUED                        0                              0              

FU_IDLE_NO_READY_OPS_TOTAL                   267971082                      267971082              

FU_0_IDLE_NO_READY_OPS                        19072637                       19072637              

FU_1_IDLE_NO_READY_OPS                        20585603                       20585603              

FU_2_IDLE_NO_READY_OPS                        28153678                       28153678              

FU_3_IDLE_NO_READY_OPS                        28152743                       28152743              

FU_4_IDLE_NO_READY_OPS                        20735767                       20735767              

FU_5_IDLE_NO_READY_OPS                        18894836                       18894836              

FU_6_IDLE_NO_READY_OPS                        41804310                       41804310              

FU_7_IDLE_NO_READY_OPS                        41812274                       41812274              

FU_8_IDLE_NO_READY_OPS                        20608535                       20608535              

FU_9_IDLE_NO_READY_OPS                        28150699                       28150699              

FU_10_IDLE_NO_READY_OPS                              0                              0              

FU_11_IDLE_NO_READY_OPS                              0                              0              

FU_12_IDLE_NO_READY_OPS                              0                              0              

FU_13_IDLE_NO_READY_OPS                              0                              0              

FU_14_IDLE_NO_READY_OPS                              0                              0              

FU_15_IDLE_NO_READY_OPS                              0                              0              

FU_16_IDLE_NO_READY_OPS                              0                              0              

FU_17_IDLE_NO_READY_OPS                              0                              0              

FU_18_IDLE_NO_READY_OPS                              0                              0              

FU_19_IDLE_NO_READY_OPS                              0                              0              

FU_20_IDLE_NO_READY_OPS                              0                              0              

FU_21_IDLE_NO_READY_OPS                              0                              0              

FU_22_IDLE_NO_READY_OPS                              0                              0              

FU_23_IDLE_NO_READY_OPS                              0                              0              

FU_24_IDLE_NO_READY_OPS                              0                              0              

FU_25_IDLE_NO_READY_OPS                              0                              0              

FU_26_IDLE_NO_READY_OPS                              0                              0              

FU_27_IDLE_NO_READY_OPS                              0                              0              

FU_28_IDLE_NO_READY_OPS                              0                              0              

FU_29_IDLE_NO_READY_OPS                              0                              0              

FU_30_IDLE_NO_READY_OPS                              0                              0              

FU_31_IDLE_NO_READY_OPS                              0                              0              

FU_31_PLUS_IDLE_NO_READY_OPS                         0                              0              

MAP_STAGE_STARVED                             12888006       44.731%         12888006       44.731%
MAP_STAGE_NOT_STARVED                         15924044       55.269%         15924044       55.269%
                                              28812050      100.000%         28812050      100.000%
                                                  0.55         0.53              0.55         0.53

MAP_STAGE_STALLED                                    0        0.000%                0        0.000%
MAP_STAGE_NOT_STALLED                         28812050       54.992%         28812050       54.992%
MAP_STAGE_OFF_PATH                            23581437       45.008%         23581437       45.008%
                                              52393487      100.000%         52393487      100.000%
                                                  1.45         1.09              1.45         1.09

MAP_STAGE_STALL_ITSELF                          372626        0.706%           372626        0.706%
MAP_STAGE_NOT_STALL_ITSELF                    52393487       99.294%         52393487       99.294%
                                              52766113      100.000%         52766113      100.000%
                                                  0.99         0.99              0.99         0.99

MAP_STAGE_LATE_ALLOCATE_SEND_BACK                    0                              0              

MAP_STAGE_RENAME_OP_ONPATH                    62759903                       62759903              

MAP_STAGE_RENAME_OP_OFFPATH                   87398672                       87398672              

MAP_STAGE_RENAME_INT_REG_ONPATH               50356475                       50356475              

MAP_STAGE_RENAME_INT_REG_OFFPATH              70237954                       70237954              

MAP_STAGE_RENAME_VEC_REG_ONPATH                   8560                           8560              

MAP_STAGE_RENAME_VEC_REG_OFFPATH                  1152                           1152              

MAP_STAGE_RENAME_MOVE_ELIM_ONPATH                    0                              0              

MAP_STAGE_RENAME_MOVE_ELIM_OFFPATH                   0                              0              

MAP_STAGE_ONPATH_INT_REG_NUM_ALLOC            52026867                       52026867              

MAP_STAGE_ONPATH_VEC_REG_NUM_ALLOC                8558                           8558              

MAP_STAGE_ONPATH_INT_REG_NUM_SHORTLIVE        15334269                       15334269              

MAP_STAGE_ONPATH_VEC_REG_NUM_SHORTLIVE               0                              0              

MAP_STAGE_ONPATH_INT_REG_USE_COUNT_0          14939502                       14939502              

MAP_STAGE_ONPATH_VEC_REG_USE_COUNT_0                 0                              0              

MAP_STAGE_ONPATH_INT_REG_USE_COUNT_1          22391929                       22391929              

MAP_STAGE_ONPATH_VEC_REG_USE_COUNT_1              8558                           8558              

MAP_STAGE_ONPATH_INT_REG_USE_COUNT_2           6030705                        6030705              

MAP_STAGE_ONPATH_VEC_REG_USE_COUNT_2                 0                              0              

MAP_STAGE_ONPATH_INT_REG_USE_COUNT_3           2727544                        2727544              

MAP_STAGE_ONPATH_VEC_REG_USE_COUNT_3                 0                              0              

MAP_STAGE_ONPATH_INT_REG_USE_COUNT_4           2902246                        2902246              

MAP_STAGE_ONPATH_VEC_REG_USE_COUNT_4                 0                              0              

MAP_STAGE_ONPATH_INT_REG_USE_COUNT_5           1876648                        1876648              

MAP_STAGE_ONPATH_VEC_REG_USE_COUNT_5                 0                              0              

MAP_STAGE_ONPATH_INT_REG_USE_COUNT_6            674054                         674054              

MAP_STAGE_ONPATH_VEC_REG_USE_COUNT_6                 0                              0              

MAP_STAGE_ONPATH_INT_REG_USE_COUNT_7_PLUS        484239                         484239              

MAP_STAGE_ONPATH_VEC_REG_USE_COUNT_7_PLUS             0                              0              

MAP_STAGE_ONPATH_INT_REG_CONSUME_DIST_0              0        0.0000                0        0.0000

MAP_STAGE_ONPATH_VEC_REG_CONSUME_DIST_0              0          -nan                0          -nan

MAP_STAGE_ONPATH_INT_REG_CONSUME_DIST_1              0        0.0000                0        0.0000

MAP_STAGE_ONPATH_VEC_REG_CONSUME_DIST_1              0        0.0000                0        0.0000

MAP_STAGE_ONPATH_INT_REG_CONSUME_DIST_2       60189738        9.9805         60189738        9.9805

MAP_STAGE_ONPATH_VEC_REG_CONSUME_DIST_2              0          -nan                0          -nan

MAP_STAGE_ONPATH_INT_REG_CONSUME_DIST_3       18662233        6.8421         18662233        6.8421

MAP_STAGE_ONPATH_VEC_REG_CONSUME_DIST_3              0          -nan                0          -nan

MAP_STAGE_ONPATH_INT_REG_CONSUME_DIST_4       45967866       15.8387         45967866       15.8387

MAP_STAGE_ONPATH_VEC_REG_CONSUME_DIST_4              0          -nan                0          -nan

MAP_STAGE_ONPATH_INT_REG_CONSUME_DIST_5       40832363       21.7581         40832363       21.7581

MAP_STAGE_ONPATH_VEC_REG_CONSUME_DIST_5              0          -nan                0          -nan

MAP_STAGE_ONPATH_INT_REG_CONSUME_DIST_6       24116732       35.7786         24116732       35.7786

MAP_STAGE_ONPATH_VEC_REG_CONSUME_DIST_6              0          -nan                0          -nan

MAP_STAGE_ONPATH_INT_REG_CONSUME_DIST_7_PLUS     133617609      275.9332        133617609      275.9332

MAP_STAGE_ONPATH_VEC_REG_CONSUME_DIST_7_PLUS             0          -nan                0          -nan

MAP_STAGE_INT_REG_ISSUE_READ_TOTAL_CONSUMED     127606541        4.1948        127606541        4.1948

MAP_STAGE_VEC_REG_ISSUE_READ_TOTAL_CONSUMED          8925        0.0003             8925        0.0003

MAP_STAGE_INT_REG_ISSUE_READ_MULTI_CONSUMED      72664376        2.3887         72664376        2.3887

MAP_STAGE_VEC_REG_ISSUE_READ_MULTI_CONSUMED           118        0.0000              118        0.0000

MAP_STAGE_INT_REG_ISSUE_READ_SAME_CYCLE_CONSUMED      33617109        1.1051         33617109        1.1051

MAP_STAGE_VEC_REG_ISSUE_READ_SAME_CYCLE_CONSUMED             1        0.0000                1        0.0000

MAP_STAGE_INT_REG_ISSUE_READ_TOTAL_CONSUMED_ONPATH      76000955        4.6627         76000955        4.6627

MAP_STAGE_VEC_REG_ISSUE_READ_TOTAL_CONSUMED_ONPATH          8560        0.0005             8560        0.0005

MAP_STAGE_INT_REG_ISSUE_READ_MULTI_CONSUMED_ONPATH      38913568        2.3874         38913568        2.3874

MAP_STAGE_VEC_REG_ISSUE_READ_MULTI_CONSUMED_ONPATH             0        0.0000                0        0.0000

MAP_STAGE_INT_REG_ISSUE_READ_SAME_CYCLE_CONSUMED_ONPATH      16771989        1.0290         16771989        1.0290

MAP_STAGE_VEC_REG_ISSUE_READ_SAME_CYCLE_CONSUMED_ONPATH             0        0.0000                0        0.0000

MAP_STAGE_ONPATH_INT_REG_LIFECYCLE_EMPTY     402071397                      402071397              

MAP_STAGE_ONPATH_VEC_REG_LIFECYCLE_EMPTY         28184                          28184              

MAP_STAGE_ONPATH_INT_REG_LIFECYCLE_IN_USE    1146179476                     1146179476              

MAP_STAGE_ONPATH_VEC_REG_LIFECYCLE_IN_USE         71022                          71022              

MAP_STAGE_ONPATH_INT_REG_LIFECYCLE_SPEC_RELEASE    1748430614                     1748430614              

MAP_STAGE_ONPATH_VEC_REG_LIFECYCLE_SPEC_RELEASE     104990351                      104990351              

MAP_STAGE_ONPATH_INT_REG_LIFECYCLE_NONSPEC_RELEASE    1748430614                     1748430614              

MAP_STAGE_ONPATH_VEC_REG_LIFECYCLE_NONSPEC_RELEASE     104990351                      104990351              

MAP_STAGE_ONPATH_INT_REG_LIFECYCLE_TOTAL    1748430614                     1748430614              

MAP_STAGE_ONPATH_VEC_REG_LIFECYCLE_TOTAL     104990351                      104990351              

MAP_STAGE_ONPATH_INT_REG_NUM_NONBRANCH        52026867                       52026867              

MAP_STAGE_ONPATH_VEC_REG_NUM_NONBRANCH            8558                           8558              

MAP_STAGE_ONPATH_INT_REG_NUM_NONEXCEPT        52026867                       52026867              

MAP_STAGE_ONPATH_VEC_REG_NUM_NONEXCEPT            8558                           8558              

MAP_STAGE_ONPATH_INT_REG_NUM_ATOMIC           52026867                       52026867              

MAP_STAGE_ONPATH_VEC_REG_NUM_ATOMIC               8558                           8558              

MAP_STAGE_ONPATH_INT_REG_ATOMIC_REDEFINED_DIST_TOTAL    1748430614       33.6063       1748430614       33.6063

MAP_STAGE_ONPATH_VEC_REG_ATOMIC_REDEFINED_DIST_TOTAL     104990351    12268.0943        104990351    12268.0943

MAP_STAGE_ONPATH_INT_REG_ATOMIC_CONSUMED_DIST_TOTAL    1146179476       22.0305       1146179476       22.0305

MAP_STAGE_ONPATH_VEC_REG_ATOMIC_CONSUMED_DIST_TOTAL         71022        8.2989            71022        8.2989

MAP_STAGE_ONPATH_INT_REG_ATOMIC_RELEASE_DIST_TOTAL    1748430614       33.6063       1748430614       33.6063

MAP_STAGE_ONPATH_VEC_REG_ATOMIC_RELEASE_DIST_TOTAL     104990351    12268.0943        104990351    12268.0943

EXEC_STAGE_STARVED                            39638432       75.121%         39638432       75.121%
EXEC_STAGE_NOT_STARVED                          129757        0.246%           129757        0.246%
EXEC_STAGE_OFF_PATH                           12997924       24.633%         12997924       24.633%
                                              52766113      100.000%         52766113      100.000%
                                                  0.50         0.79              0.50         0.79

FU_BUSY_0                                     17547475                       17547475              

FU_BUSY_1                                     13944604                       13944604              

FU_BUSY_2                                      8077958                        8077958              

FU_BUSY_3                                      8079073                        8079073              

FU_BUSY_4                                     12734588                       12734588              

FU_BUSY_5                                     18517501                       18517501              

FU_BUSY_6                                      4196823                        4196823              

FU_BUSY_7                                      4188109                        4188109              

FU_BUSY_8                                     13825670                       13825670              

FU_BUSY_9                                      8081081                        8081081              

FU_BUSY_10                                           0                              0              

FU_BUSY_11                                           0                              0              

FU_BUSY_12                                           0                              0              

FU_BUSY_13                                           0                              0              

FU_BUSY_14                                           0                              0              

FU_BUSY_15                                           0                              0              

FU_BUSY_16                                           0                              0              

FU_BUSY_17                                           0                              0              

FU_BUSY_18                                           0                              0              

FU_BUSY_19                                           0                              0              

FU_BUSY_20                                           0                              0              

FU_BUSY_21                                           0                              0              

FU_BUSY_22                                           0                              0              

FU_BUSY_23                                           0                              0              

FU_BUSY_24                                           0                              0              

FU_BUSY_25                                           0                              0              

FU_BUSY_26                                           0                              0              

FU_BUSY_27                                           0                              0              

FU_BUSY_28                                           0                              0              

FU_BUSY_29                                           0                              0              

FU_BUSY_30                                           0                              0              

FU_BUSY_31                                           0                              0              

FU_REJECTED_OP_INV_NOT_SIMD                          0        0.000%                0        0.000%
FU_REJECTED_OP_NOP_NOT_SIMD                        240        0.055%              240        0.055%
FU_REJECTED_OP_CF_NOT_SIMD                      159530       36.370%           159530       36.370%
FU_REJECTED_OP_MOV_NOT_SIMD                       4426        1.009%             4426        1.009%
FU_REJECTED_OP_CMOV_NOT_SIMD                         0        0.000%                0        0.000%
FU_REJECTED_OP_LDA_NOT_SIMD                       4066        0.927%             4066        0.927%
FU_REJECTED_OP_IMEM_NOT_SIMD                    163364       37.244%           163364       37.244%
FU_REJECTED_OP_IADD_NOT_SIMD                     51622       11.769%            51622       11.769%
FU_REJECTED_OP_IMUL_NOT_SIMD                     10012        2.283%            10012        2.283%
FU_REJECTED_OP_IDIV_NOT_SIMD                         0        0.000%                0        0.000%
FU_REJECTED_OP_ICMP_NOT_SIMD                         0        0.000%                0        0.000%
FU_REJECTED_OP_LOGIC_NOT_SIMD                    42498        9.689%            42498        9.689%
FU_REJECTED_OP_SHIFT_NOT_SIMD                     2193        0.500%             2193        0.500%
FU_REJECTED_OP_FMEM_NOT_SIMD                        58        0.013%               58        0.013%
FU_REJECTED_OP_FCVT_NOT_SIMD                         0        0.000%                0        0.000%
FU_REJECTED_OP_FADD_NOT_SIMD                         0        0.000%                0        0.000%
FU_REJECTED_OP_FMUL_NOT_SIMD                         0        0.000%                0        0.000%
FU_REJECTED_OP_FMA_NOT_SIMD                          0        0.000%                0        0.000%
FU_REJECTED_OP_FDIV_NOT_SIMD                         0        0.000%                0        0.000%
FU_REJECTED_OP_FCMP_NOT_SIMD                         0        0.000%                0        0.000%
FU_REJECTED_OP_FCMOV_NOT_SIMD                        0        0.000%                0        0.000%
FU_REJECTED_OP_GATHER_NOT_SIMD                       0        0.000%                0        0.000%
FU_REJECTED_OP_SCATTER_NOT_SIMD                      0        0.000%                0        0.000%
FU_REJECTED_OP_PIPELINED_FAST_NOT_SIMD               0        0.000%                0        0.000%
FU_REJECTED_OP_PIPELINED_MEDIUM_NOT_SIMD             0        0.000%                0        0.000%
FU_REJECTED_OP_PIPELINED_SLOW_NOT_SIMD               0        0.000%                0        0.000%
FU_REJECTED_OP_NOTPIPELINED_MEDIUM_NOT_SIMD             0        0.000%                0        0.000%
FU_REJECTED_OP_NOTPIPELINED_SLOW_NOT_SIMD             0        0.000%                0        0.000%
FU_REJECTED_OP_NOTPIPELINED_VERY_SLOW_NOT_SIMD           610        0.139%              610        0.139%
FU_REJECTED_OP_INV_SIMD                              0        0.000%                0        0.000%
FU_REJECTED_OP_NOP_SIMD                              0        0.000%                0        0.000%
FU_REJECTED_OP_CF_SIMD                               0        0.000%                0        0.000%
FU_REJECTED_OP_MOV_SIMD                              0        0.000%                0        0.000%
FU_REJECTED_OP_CMOV_SIMD                             0        0.000%                0        0.000%
FU_REJECTED_OP_LDA_SIMD                              0        0.000%                0        0.000%
FU_REJECTED_OP_IMEM_SIMD                             0        0.000%                0        0.000%
FU_REJECTED_OP_IADD_SIMD                             0        0.000%                0        0.000%
FU_REJECTED_OP_IMUL_SIMD                             0        0.000%                0        0.000%
FU_REJECTED_OP_IDIV_SIMD                             0        0.000%                0        0.000%
FU_REJECTED_OP_ICMP_SIMD                             0        0.000%                0        0.000%
FU_REJECTED_OP_LOGIC_SIMD                            0        0.000%                0        0.000%
FU_REJECTED_OP_SHIFT_SIMD                            0        0.000%                0        0.000%
FU_REJECTED_OP_FMEM_SIMD                             0        0.000%                0        0.000%
FU_REJECTED_OP_FCVT_SIMD                            11        0.003%               11        0.003%
FU_REJECTED_OP_FADD_SIMD                             1        0.000%                1        0.000%
FU_REJECTED_OP_FMUL_SIMD                             0        0.000%                0        0.000%
FU_REJECTED_OP_FMA_SIMD                              0        0.000%                0        0.000%
FU_REJECTED_OP_FDIV_SIMD                             0        0.000%                0        0.000%
FU_REJECTED_OP_FCMP_SIMD                             0        0.000%                0        0.000%
FU_REJECTED_OP_FCMOV_SIMD                            0        0.000%                0        0.000%
FU_REJECTED_OP_GATHER_SIMD                           0        0.000%                0        0.000%
FU_REJECTED_OP_SCATTER_SIMD                          0        0.000%                0        0.000%
FU_REJECTED_OP_PIPELINED_FAST_SIMD                   0        0.000%                0        0.000%
FU_REJECTED_OP_PIPELINED_MEDIUM_SIMD                 0        0.000%                0        0.000%
FU_REJECTED_OP_PIPELINED_SLOW_SIMD                   0        0.000%                0        0.000%
FU_REJECTED_OP_NOTPIPELINED_MEDIUM_SIMD              0        0.000%                0        0.000%
FU_REJECTED_OP_NOTPIPELINED_SLOW_SIMD                0        0.000%                0        0.000%
FU_REJECTED_OP_NOTPIPELINED_VERY_SLOW_SIMD             0        0.000%                0        0.000%
                                                438631      100.000%           438631      100.000%
                                                  5.21         2.97              5.21         2.97

LSQ_FULL_TOTAL                                       0                              0              

LSQ_FULL_LOAD_QUEUE                                  0                              0              

LSQ_FULL_STORE_QUEUE                                 0                              0              

OP_WAIT_0                                     43016698                       43016698              

OP_WAIT_1                                     18361208                       18361208              

OP_WAIT_2                                       732370                         732370              

OP_WAIT_3                                       273681                         273681              

OP_WAIT_4                                       149429                         149429              

OP_WAIT_5                                       129749                         129749              

OP_WAIT_6                                        31083                          31083              

OP_WAIT_7                                        14073                          14073              

OP_WAIT_8                                         7591                           7591              

OP_WAIT_9                                         6555                           6555              

OP_WAIT_10                                        3382                           3382              

OP_WAIT_11                                         880                            880              

OP_WAIT_12                                         612                            612              

OP_WAIT_13                                         404                            404              

OP_WAIT_14                                         196                            196              

OP_WAIT_15                                         133                            133              

OP_WAIT_16                                         179                            179              

OP_WAIT_17                                        3942                           3942              

OP_WAIT_18                                        5363                           5363              

OP_WAIT_19                                        5889                           5889              

OP_WAIT_20                                        4046                           4046              

OP_WAIT_21                                        7507                           7507              

OP_WAIT_22                                        3251                           3251              

OP_WAIT_23                                         437                            437              

OP_WAIT_24                                         397                            397              

OP_WAIT_25                                          25                             25              

OP_WAIT_26                                          32                             32              

OP_WAIT_27                                          28                             28              

OP_WAIT_28                                          28                             28              

OP_WAIT_29                                          35                             35              

OP_WAIT_30                                          32                             32              

OP_WAIT_31                                         668                            668              

ROW_SIZE_0                                    18922651                       18922651              

ROW_SIZE_1                                     7156986                        7156986              

ROW_SIZE_2                                     3135687                        3135687              

ROW_SIZE_3                                     1916928                        1916928              

ROW_SIZE_4                                     1498492                        1498492              

ROW_SIZE_5                                     1157474                        1157474              

ROW_SIZE_6                                     1864038                        1864038              

ROW_SIZE_7                                      483487                         483487              

ROW_SIZE_8                                     2153848                        2153848              

ROW_SIZE_9                                           0                              0              

ROW_SIZE_10                                          0                              0              

ROW_SIZE_11                                          0                              0              

ROW_SIZE_12                                          0                              0              

ROW_SIZE_13                                          0                              0              

ROW_SIZE_14                                          0                              0              

ROW_SIZE_15                                          0                              0              

ROW_SIZE_16                                          0                              0              

ROW_SIZE_17                                          0                              0              

ROW_SIZE_18                                          0                              0              

ROW_SIZE_19                                          0                              0              

ROW_SIZE_20                                          0                              0              

ROW_SIZE_21                                          0                              0              

ROW_SIZE_22                                          0                              0              

ROW_SIZE_23                                          0                              0              

ROW_SIZE_24                                          0                              0              

ROW_SIZE_25                                          0                              0              

ROW_SIZE_26                                          0                              0              

ROW_SIZE_27                                          0                              0              

ROW_SIZE_28                                          0                              0              

ROW_SIZE_29                                          0                              0              

ROW_SIZE_30                                          0                              0              

ROW_SIZE_31                                          0                              0              

RET_OP_EXEC_COUNT_0                                  0        0.000%                0        0.000%
RET_OP_EXEC_COUNT_1                           62759903      100.000%         62759903      100.000%
RET_OP_EXEC_COUNT_2                                  0        0.000%                0        0.000%
RET_OP_EXEC_COUNT_3                                  0        0.000%                0        0.000%
RET_OP_EXEC_COUNT_4                                  0        0.000%                0        0.000%
RET_OP_EXEC_COUNT_5                                  0        0.000%                0        0.000%
RET_OP_EXEC_COUNT_6                                  0        0.000%                0        0.000%
RET_OP_EXEC_COUNT_7                                  0        0.000%                0        0.000%
RET_OP_EXEC_COUNT_8                                  0        0.000%                0        0.000%
RET_OP_EXEC_COUNT_9                                  0        0.000%                0        0.000%
RET_OP_EXEC_COUNT_10                                 0        0.000%                0        0.000%
RET_OP_EXEC_COUNT_11                                 0        0.000%                0        0.000%
RET_OP_EXEC_COUNT_12                                 0        0.000%                0        0.000%
RET_OP_EXEC_COUNT_13                                 0        0.000%                0        0.000%
RET_OP_EXEC_COUNT_14                                 0        0.000%                0        0.000%
RET_OP_EXEC_COUNT_15                                 0        0.000%                0        0.000%
RET_OP_EXEC_COUNT_16                                 0        0.000%                0        0.000%
RET_OP_EXEC_COUNT_17                                 0        0.000%                0        0.000%
RET_OP_EXEC_COUNT_18                                 0        0.000%                0        0.000%
RET_OP_EXEC_COUNT_19                                 0        0.000%                0        0.000%
RET_OP_EXEC_COUNT_20                                 0        0.000%                0        0.000%
RET_OP_EXEC_COUNT_21                                 0        0.000%                0        0.000%
RET_OP_EXEC_COUNT_22                                 0        0.000%                0        0.000%
RET_OP_EXEC_COUNT_23                                 0        0.000%                0        0.000%
RET_OP_EXEC_COUNT_24                                 0        0.000%                0        0.000%
RET_OP_EXEC_COUNT_25                                 0        0.000%                0        0.000%
RET_OP_EXEC_COUNT_26                                 0        0.000%                0        0.000%
RET_OP_EXEC_COUNT_27                                 0        0.000%                0        0.000%
RET_OP_EXEC_COUNT_28                                 0        0.000%                0        0.000%
RET_OP_EXEC_COUNT_29                                 0        0.000%                0        0.000%
RET_OP_EXEC_COUNT_30                                 0        0.000%                0        0.000%
RET_OP_EXEC_COUNT_31                                 0        0.000%                0        0.000%
RET_OP_EXEC_COUNT_32                                 0        0.000%                0        0.000%
                                              62759903      100.000%         62759903      100.000%
                                                  1.00         0.00              1.00         0.00

RET_STALL_LENGTH_0                            62759466       99.999%         62759466       99.999%
RET_STALL_LENGTH_100                               362        0.001%              362        0.001%
RET_STALL_LENGTH_200                                15        0.000%               15        0.000%
RET_STALL_LENGTH_300                                13        0.000%               13        0.000%
RET_STALL_LENGTH_400                                19        0.000%               19        0.000%
RET_STALL_LENGTH_500                                 4        0.000%                4        0.000%
RET_STALL_LENGTH_600                                 3        0.000%                3        0.000%
RET_STALL_LENGTH_700                                 3        0.000%                3        0.000%
RET_STALL_LENGTH_800                                 1        0.000%                1        0.000%
RET_STALL_LENGTH_900                                 5        0.000%                5        0.000%
RET_STALL_LENGTH_1000                                4        0.000%                4        0.000%
RET_STALL_LENGTH_1100                                4        0.000%                4        0.000%
RET_STALL_LENGTH_1200                                1        0.000%                1        0.000%
RET_STALL_LENGTH_1300                                1        0.000%                1        0.000%
RET_STALL_LENGTH_1400                                0        0.000%                0        0.000%
RET_STALL_LENGTH_1500                                1        0.000%                1        0.000%
RET_STALL_LENGTH_1600                                1        0.000%                1        0.000%
RET_STALL_LENGTH_1700                                0        0.000%                0        0.000%
RET_STALL_LENGTH_1800                                0        0.000%                0        0.000%
RET_STALL_LENGTH_1900                                0        0.000%                0        0.000%
RET_STALL_LENGTH_2000                                0        0.000%                0        0.000%
RET_STALL_LENGTH_2100                                0        0.000%                0        0.000%
RET_STALL_LENGTH_2200                                0        0.000%                0        0.000%
RET_STALL_LENGTH_2300                                0        0.000%                0        0.000%
RET_STALL_LENGTH_2400                                0        0.000%                0        0.000%
RET_STALL_LENGTH_2500                                0        0.000%                0        0.000%
RET_STALL_LENGTH_2600                                0        0.000%                0        0.000%
RET_STALL_LENGTH_2700                                0        0.000%                0        0.000%
RET_STALL_LENGTH_2800                                0        0.000%                0        0.000%
RET_STALL_LENGTH_2900                                0        0.000%                0        0.000%
RET_STALL_LENGTH_3000                                0        0.000%                0        0.000%
RET_STALL_LENGTH_3100                                0        0.000%                0        0.000%
RET_STALL_LENGTH_3200                                0        0.000%                0        0.000%
RET_STALL_LENGTH_3300                                0        0.000%                0        0.000%
RET_STALL_LENGTH_3400                                0        0.000%                0        0.000%
RET_STALL_LENGTH_3500                                0        0.000%                0        0.000%
RET_STALL_LENGTH_3600                                0        0.000%                0        0.000%
RET_STALL_LENGTH_3700                                0        0.000%                0        0.000%
RET_STALL_LENGTH_3800                                0        0.000%                0        0.000%
RET_STALL_LENGTH_3900                                0        0.000%                0        0.000%
RET_STALL_LENGTH_4000                                0        0.000%                0        0.000%
RET_STALL_LENGTH_4100                                0        0.000%                0        0.000%
RET_STALL_LENGTH_4200                                0        0.000%                0        0.000%
RET_STALL_LENGTH_4300                                0        0.000%                0        0.000%
RET_STALL_LENGTH_4400                                0        0.000%                0        0.000%
RET_STALL_LENGTH_4500                                0        0.000%                0        0.000%
RET_STALL_LENGTH_4600                                0        0.000%                0        0.000%
RET_STALL_LENGTH_4700                                0        0.000%                0        0.000%
RET_STALL_LENGTH_4800                                0        0.000%                0        0.000%
RET_STALL_LENGTH_4900                                0        0.000%                0        0.000%
RET_STALL_LENGTH_5000                                0        0.000%                0        0.000%
                                              62759903      100.000%         62759903      100.000%
                                                  0.00         0.01              0.00         0.01

MEM_BLOCK_LENGTH_0                                   0         -nan%                0         -nan%
MEM_BLOCK_LENGTH_100                                 0         -nan%                0         -nan%
MEM_BLOCK_LENGTH_200                                 0         -nan%                0         -nan%
MEM_BLOCK_LENGTH_300                                 0         -nan%                0         -nan%
MEM_BLOCK_LENGTH_400                                 0         -nan%                0         -nan%
MEM_BLOCK_LENGTH_500                                 0         -nan%                0         -nan%
MEM_BLOCK_LENGTH_600                                 0         -nan%                0         -nan%
MEM_BLOCK_LENGTH_700                                 0         -nan%                0         -nan%
MEM_BLOCK_LENGTH_800                                 0         -nan%                0         -nan%
MEM_BLOCK_LENGTH_900                                 0         -nan%                0         -nan%
MEM_BLOCK_LENGTH_1000                                0         -nan%                0         -nan%
MEM_BLOCK_LENGTH_1100                                0         -nan%                0         -nan%
MEM_BLOCK_LENGTH_1200                                0         -nan%                0         -nan%
MEM_BLOCK_LENGTH_1300                                0         -nan%                0         -nan%
MEM_BLOCK_LENGTH_1400                                0         -nan%                0         -nan%
MEM_BLOCK_LENGTH_1500                                0         -nan%                0         -nan%
MEM_BLOCK_LENGTH_1600                                0         -nan%                0         -nan%
MEM_BLOCK_LENGTH_1700                                0         -nan%                0         -nan%
MEM_BLOCK_LENGTH_1800                                0         -nan%                0         -nan%
MEM_BLOCK_LENGTH_1900                                0         -nan%                0         -nan%
MEM_BLOCK_LENGTH_2000                                0         -nan%                0         -nan%
MEM_BLOCK_LENGTH_2100                                0         -nan%                0         -nan%
MEM_BLOCK_LENGTH_2200                                0         -nan%                0         -nan%
MEM_BLOCK_LENGTH_2300                                0         -nan%                0         -nan%
MEM_BLOCK_LENGTH_2400                                0         -nan%                0         -nan%
MEM_BLOCK_LENGTH_2500                                0         -nan%                0         -nan%
MEM_BLOCK_LENGTH_2600                                0         -nan%                0         -nan%
MEM_BLOCK_LENGTH_2700                                0         -nan%                0         -nan%
MEM_BLOCK_LENGTH_2800                                0         -nan%                0         -nan%
MEM_BLOCK_LENGTH_2900                                0         -nan%                0         -nan%
MEM_BLOCK_LENGTH_3000                                0         -nan%                0         -nan%
MEM_BLOCK_LENGTH_3100                                0         -nan%                0         -nan%
MEM_BLOCK_LENGTH_3200                                0         -nan%                0         -nan%
MEM_BLOCK_LENGTH_3300                                0         -nan%                0         -nan%
MEM_BLOCK_LENGTH_3400                                0         -nan%                0         -nan%
MEM_BLOCK_LENGTH_3500                                0         -nan%                0         -nan%
MEM_BLOCK_LENGTH_3600                                0         -nan%                0         -nan%
MEM_BLOCK_LENGTH_3700                                0         -nan%                0         -nan%
MEM_BLOCK_LENGTH_3800                                0         -nan%                0         -nan%
MEM_BLOCK_LENGTH_3900                                0         -nan%                0         -nan%
MEM_BLOCK_LENGTH_4000                                0         -nan%                0         -nan%
MEM_BLOCK_LENGTH_4100                                0         -nan%                0         -nan%
MEM_BLOCK_LENGTH_4200                                0         -nan%                0         -nan%
MEM_BLOCK_LENGTH_4300                                0         -nan%                0         -nan%
MEM_BLOCK_LENGTH_4400                                0         -nan%                0         -nan%
MEM_BLOCK_LENGTH_4500                                0         -nan%                0         -nan%
MEM_BLOCK_LENGTH_4600                                0         -nan%                0         -nan%
MEM_BLOCK_LENGTH_4700                                0         -nan%                0         -nan%
MEM_BLOCK_LENGTH_4800                                0         -nan%                0         -nan%
MEM_BLOCK_LENGTH_4900                                0         -nan%                0         -nan%
MEM_BLOCK_LENGTH_5000                                0         -nan%                0         -nan%
                                                     0         -nan%                0         -nan%
                                                  -nan         -nan              -nan         -nan

FUS_BUSY_ON_PATH                              63035389        1.1946         63035389        1.1946

FUS_BUSY_OFF_PATH                             46157493        0.8748         46157493        0.8748

FU_BUSY_MEM_STALL                               383518        0.0073           383518        0.0073

FUS_EMPTY                                    418468248        7.9306        418468248        7.9306

FU_UNAVAILABLE                                  224148        0.0042           224148        0.0042

FU_MEM_UNAVAILABLE                              214483        0.0041           214483        0.0041

FU_OTHER_UNAVAILABLE                                 0        0.0000                0        0.0000

FU_REPLAY                                            0        0.0000                0        0.0000

FU_STARVED                                   411108991        7.7912        411108991        7.7912

CHIP_UTILIZATION                                     0        0.0000                0        0.0000

CYCLES_UNDER_MEM_REQ                                 0                              0              

CYCLES_UNDER_NO_MEM_REQ                              0                              0              

CYCLES_UNDER_CRITICAL_MEM_REQ                        0                              0              

CYCLES_UNDER_NONCRITICAL_MEM_REQ                     0                              0              

CHIP_UTILIZATION_UNDER_MEM_REQ                       0          -nan                0          -nan

CHIP_UTILIZATION_UNDER_NO_MEM_REQ                    0          -nan                0          -nan

CHIP_UTILIZATION_UNDER_CRITICAL_MEM_REQ              0          -nan                0          -nan

CHIP_UTILIZATION_UNDER_NONCRITICAL_MEM_REQ             0          -nan                0          -nan

CYCLES_NOT_WAITING_FOR_OFF_CHIP                      0        0.0000                0        0.0000

FUS_BUSY_NOT_WAITING_FOR_OFF_CHIP                    0          -nan                0          -nan

CYCLES_WAITING_FOR_OFF_CHIP                          0        0.0000                0        0.0000

FUS_BUSY_WAITING_FOR_OFF_CHIP                        0          -nan                0          -nan

TOTAL_OFF_CHIP_DELAYS_LEFT                           0                              0              

WRONG_IO_SCHED                                       0                              0              

DVFS_CONFIG_SWITCH                                   0                              0              

MAP_STAGE_RECEIVED_OPS_0                             0        0.000%                0        0.000%
MAP_STAGE_RECEIVED_OPS_1                        532995        3.772%           532995        3.772%
MAP_STAGE_RECEIVED_OPS_2                       1708713       12.092%          1708713       12.092%
MAP_STAGE_RECEIVED_OPS_3                       1812704       12.828%          1812704       12.828%
MAP_STAGE_RECEIVED_OPS_4                       3224813       22.820%          3224813       22.820%
MAP_STAGE_RECEIVED_OPS_5                       1414824       10.012%          1414824       10.012%
MAP_STAGE_RECEIVED_OPS_6                       5437231       38.477%          5437231       38.477%
MAP_STAGE_RECEIVED_OPS_7                             0        0.000%                0        0.000%
MAP_STAGE_RECEIVED_OPS_8                             0        0.000%                0        0.000%
MAP_STAGE_RECEIVED_OPS_MAX                           0        0.000%                0        0.000%
                                              14131280      100.000%         14131280      100.000%
                                                  4.39         1.56              4.39         1.56

MAP_STAGE_WAIT_FOR_DECODE                            0         -nan%                0         -nan%
MAP_STAGE_CONSUME_DECODE                             0         -nan%                0         -nan%
                                                     0         -nan%                0         -nan%
                                                  -nan         -nan              -nan         -nan

MAP_STAGE_WAIT_FOR_DECODE2                           0         -nan%                0         -nan%
MAP_STAGE_CONSUME_DECODE2                            0         -nan%                0         -nan%
                                                     0         -nan%                0         -nan%
                                                  -nan         -nan              -nan         -nan

FTQ_RECOVER_EXEC                               1792736                        1792736              

FTQ_RECOVER_DECODE                                  20                             20              

FTQ_OFFPATH_CYCLES                            43173312                       43173312              

FTQ_CYCLES_OFFPATH                            43173312                       43173312              

FTQ_CYCLES_ONPATH                              9592801                        9592801              

FTQ_FETCHED_INS_ONPATH                        62759871                       62759871              

FTQ_FETCHED_INS_OFFPATH                      211927080                      211927080              

FTQ_BREAK_FULL_FT_ONPATH                        529130                         529130              

FTQ_BREAK_FULL_FT_OFFPATH                       115769                         115769              

FTQ_BREAK_PRED_BR_ONPATH                             0                              0              

FTQ_BREAK_PRED_BR_OFFPATH                            0                              0              

FTQ_BREAK_BAR_FETCH_ONPATH                           0                              0              

FTQ_BREAK_BAR_FETCH_OFFPATH                          0                              0              

FTQ_BREAK_MAX_CFS_TAKEN_ONPATH                       0                              0              

FTQ_BREAK_MAX_CFS_TAKEN_OFFPATH                      0                              0              

FTQ_BREAK_MAX_FT_ONPATH                        9063647                        9063647              

FTQ_BREAK_MAX_FT_OFFPATH                      43057543                       43057543              

DFE_GEN_ON_PATH_FT                            12766547                       12766547              

DFE_GEN_OFF_PATH_FT                           39725117                       39725117              

DFE_L0_ENABLED_PREDICTIONS                    62759903                       62759903              

DFE_L0_WRONG_MAIN_CORRECT                      1588893                        1588893              

DFE_L0_WRONG_MAIN_WRONG                        1201080                        1201080              

DFE_L0_CORRECT_MAIN_WRONG                       591676                         591676              

DFE_L0_CORRECT_MAIN_CORRECT                   59378254                       59378254              

DFE_L0_WRONG_MAIN_CORRECT_RECOVERY_SCHEDULED             0                              0              

FTQ_SAW_BAR_FETCH_OFFPATH                            0                              0              

FTQ_SAW_BAR_FETCH_ONPATH                             0                              0              

DFE_CONF_0_RECOVER_AT_EXEC                           0         -nan%                0         -nan%
DFE_CONF_1_RECOVER_AT_EXEC                           0         -nan%                0         -nan%
DFE_CONF_2_RECOVER_AT_EXEC                           0         -nan%                0         -nan%
DFE_CONF_3_RECOVER_AT_EXEC                           0         -nan%                0         -nan%
DFE_CONF_0_CORRECT                                   0         -nan%                0         -nan%
DFE_CONF_1_CORRECT                                   0         -nan%                0         -nan%
DFE_CONF_2_CORRECT                                   0         -nan%                0         -nan%
DFE_CONF_3_CORRECT                                   0         -nan%                0         -nan%
                                                     0         -nan%                0         -nan%
                                                  -nan         -nan              -nan         -nan

DFE_ON_CONF_ON_OPS                                   0         -nan%                0         -nan%
DFE_ON_CONF_OFF_OPS                                  0         -nan%                0         -nan%
DFE_OFF_CONF_ON_OPS                                  0         -nan%                0         -nan%
DFE_OFF_CONF_OFF_REALISTIC_OPS                       0         -nan%                0         -nan%
DFE_OFF_CONF_OFF_PERFECT_OPS                         0         -nan%                0         -nan%
                                                     0         -nan%                0         -nan%
                                                  -nan         -nan              -nan         -nan

DFE_ON_CONF_ON_FETCH_TARGETS                         0         -nan%                0         -nan%
DFE_ON_CONF_OFF_FETCH_TARGETS                        0         -nan%                0         -nan%
DFE_OFF_CONF_ON_FETCH_TARGETS                        0         -nan%                0         -nan%
DFE_OFF_CONF_OFF_REALISTIC_FETCH_TARGETS             0         -nan%                0         -nan%
DFE_OFF_CONF_OFF_PERFECT_FETCH_TARGETS               0         -nan%                0         -nan%
                                                     0         -nan%                0         -nan%
                                                  -nan         -nan              -nan         -nan

DFE_ON_CONF_ON_CYCLES                                0         -nan%                0         -nan%
DFE_ON_CONF_OFF_CYCLES                               0         -nan%                0         -nan%
DFE_OFF_CONF_ON_CYCLES                               0         -nan%                0         -nan%
DFE_OFF_CONF_OFF_REALISTIC_CYCLES                    0         -nan%                0         -nan%
DFE_OFF_CONF_OFF_PERFECT_CYCLES                      0         -nan%                0         -nan%
                                                     0         -nan%                0         -nan%
                                                  -nan         -nan              -nan         -nan

DFE_OFF_CONF_ON_NUM_EVENTS                           0                              0              

DFE_OFF_CONF_ON_NOT_IDENTIFIED_EVENTS                0         -nan%                0         -nan%
DFE_OFF_CONF_ON_IBTB_MISS_EVENTS                     0         -nan%                0         -nan%
DFE_OFF_CONF_ON_BTB_MISS_EVENTS                      0         -nan%                0         -nan%
DFE_OFF_CONF_ON_BTB_MISS_RECOVER_AT_EXEC_EVENTS             0         -nan%                0         -nan%
DFE_OFF_CONF_ON_RECOVER_AT_EXEC_EVENTS               0         -nan%                0         -nan%
DFE_OFF_CONF_ON_RECOVER_AT_DECODE_EVENTS             0         -nan%                0         -nan%
                                                     0         -nan%                0         -nan%
                                                  -nan         -nan              -nan         -nan

DFE_OFF_CONF_ON_LATE_BTB_HIT_EVENTS                  0                              0              

DFE_OFF_CONF_ON_NOT_IDENTIFIED_CYCLES                0         -nan%                0         -nan%
DFE_OFF_CONF_ON_IBTB_MISS_CYCLES                     0         -nan%                0         -nan%
DFE_OFF_CONF_ON_BTB_MISS_CYCLES                      0         -nan%                0         -nan%
DFE_OFF_CONF_ON_BTB_MISS_RECOVER_AT_EXEC_CYCLES             0         -nan%                0         -nan%
DFE_OFF_CONF_ON_RECOVER_AT_EXEC_CYCLES               0         -nan%                0         -nan%
DFE_OFF_CONF_ON_RECOVER_AT_DECODE_CYCLES             0         -nan%                0         -nan%
                                                     0         -nan%                0         -nan%
                                                  -nan         -nan              -nan         -nan

DFE_OFF_CONF_ON_LATE_BTB_HIT_CYCLES                  0                              0              

DFE_OFF_CONF_ON_NOT_IDENTIFIED_FETCH_TARGETS             0         -nan%                0         -nan%
DFE_OFF_CONF_ON_IBTB_MISS_FETCH_TARGETS              0         -nan%                0         -nan%
DFE_OFF_CONF_ON_BTB_MISS_FETCH_TARGETS               0         -nan%                0         -nan%
DFE_OFF_CONF_ON_BTB_MISS_RECOVER_AT_EXEC_FETCH_TARGETS             0         -nan%                0         -nan%
DFE_OFF_CONF_ON_RECOVER_AT_EXEC_FETCH_TARGETS             0         -nan%                0         -nan%
DFE_OFF_CONF_ON_RECOVER_AT_DECODE_FETCH_TARGETS             0         -nan%                0         -nan%
                                                     0         -nan%                0         -nan%
                                                  -nan         -nan              -nan         -nan

DFE_OFF_CONF_ON_LATE_BTB_HIT_FETCH_TARGETS             0                              0              

DFE_OFF_CONF_ON_BP_INCORRECT_0_CONF                  0         -nan%                0         -nan%
DFE_OFF_CONF_ON_BP_INCORRECT_1_CONF                  0         -nan%                0         -nan%
DFE_OFF_CONF_ON_BP_INCORRECT_2_CONF                  0         -nan%                0         -nan%
DFE_OFF_CONF_ON_BP_INCORRECT_3_CONF                  0         -nan%                0         -nan%
                                                     0         -nan%                0         -nan%
                                                  -nan         -nan              -nan         -nan

DFE_OFF_CONF_ON_BTB_MISS_CBR_0_CONF                  0         -nan%                0         -nan%
DFE_OFF_CONF_ON_BTB_MISS_CBR_1_CONF                  0         -nan%                0         -nan%
DFE_OFF_CONF_ON_BTB_MISS_CBR_2_CONF                  0         -nan%                0         -nan%
DFE_OFF_CONF_ON_BTB_MISS_CBR_3_CONF                  0         -nan%                0         -nan%
                                                     0         -nan%                0         -nan%
                                                  -nan         -nan              -nan         -nan

DFE_OFF_CONF_ON_BTB_MISS_NOT_CF                      0         -nan%                0         -nan%
DFE_OFF_CONF_ON_BTB_MISS_CF_BR                       0         -nan%                0         -nan%
DFE_OFF_CONF_ON_BTB_MISS_CF_CBR                      0         -nan%                0         -nan%
DFE_OFF_CONF_ON_BTB_MISS_CF_CALL                     0         -nan%                0         -nan%
DFE_OFF_CONF_ON_BTB_MISS_CF_IBR                      0         -nan%                0         -nan%
DFE_OFF_CONF_ON_BTB_MISS_CF_ICALL                    0         -nan%                0         -nan%
DFE_OFF_CONF_ON_BTB_MISS_CF_ICO                      0         -nan%                0         -nan%
DFE_OFF_CONF_ON_BTB_MISS_CF_RET                      0         -nan%                0         -nan%
DFE_OFF_CONF_ON_BTB_MISS_CF_SYS                      0         -nan%                0         -nan%
                                                     0         -nan%                0         -nan%
                                                  -nan         -nan              -nan         -nan

DFE_ON_CONF_OFF_NUM_EVENTS                           0                              0              

CONF_BTB_NUM_CYCLES_OFF_PATH_EVENT                   0                              0              

DFE_ON_CONF_OFF_IBTB_MISS_BP_TAKEN                   0         -nan%                0         -nan%
DFE_ON_CONF_OFF_BTB_MISS_BP_TAKEN_CONF_0             0         -nan%                0         -nan%
DFE_ON_CONF_OFF_BTB_MISS_BP_TAKEN_CONF_1             0         -nan%                0         -nan%
DFE_ON_CONF_OFF_BTB_MISS_BP_TAKEN_CONF_2             0         -nan%                0         -nan%
DFE_ON_CONF_OFF_BTB_MISS_BP_TAKEN_CONF_3             0         -nan%                0         -nan%
DFE_ON_CONF_OFF_BTB_MISS_RATE                        0         -nan%                0         -nan%
DFE_ON_CONF_OFF_IBTB_MISS_RATE                       0         -nan%                0         -nan%
DFE_ON_CONF_OFF_RECOVER_AT_DECODE_RATE               0         -nan%                0         -nan%
DFE_ON_CONF_OFF_RECOVER_AT_EXEC_RATE                 0         -nan%                0         -nan%
DFE_ON_CONF_OFF_INV_CONF_INC                         0         -nan%                0         -nan%
DFE_ON_CONF_OFF_PERFECT_CONF                         0         -nan%                0         -nan%
                                                     0         -nan%                0         -nan%
                                                  -nan         -nan              -nan         -nan

DFE_ON_CONF_OFF_IBTB_MISS_BP_TAKEN_CYCLES             0         -nan%                0         -nan%
DFE_ON_CONF_OFF_BTB_MISS_BP_TAKEN_CONF_0_CYCLES             0         -nan%                0         -nan%
DFE_ON_CONF_OFF_BTB_MISS_BP_TAKEN_CONF_1_CYCLES             0         -nan%                0         -nan%
DFE_ON_CONF_OFF_BTB_MISS_BP_TAKEN_CONF_2_CYCLES             0         -nan%                0         -nan%
DFE_ON_CONF_OFF_BTB_MISS_BP_TAKEN_CONF_3_CYCLES             0         -nan%                0         -nan%
DFE_ON_CONF_OFF_BTB_MISS_RATE_CYCLES                 0         -nan%                0         -nan%
DFE_ON_CONF_OFF_IBTB_MISS_RATE_CYCLES                0         -nan%                0         -nan%
DFE_ON_CONF_OFF_RECOVER_AT_DECODE_RATE_CYCLES             0         -nan%                0         -nan%
DFE_ON_CONF_OFF_RECOVER_AT_EXEC_RATE_CYCLES             0         -nan%                0         -nan%
DFE_ON_CONF_OFF_INV_CONF_INC_CYCLES                  0         -nan%                0         -nan%
DFE_ON_CONF_OFF_PERFECT_CONF_CYCLES                  0         -nan%                0         -nan%
                                                     0         -nan%                0         -nan%
                                                  -nan         -nan              -nan         -nan

DFE_ON_CONF_OFF_IBTB_MISS_BP_TAKEN_FETCH_TARGETS             0         -nan%                0         -nan%
DFE_ON_CONF_OFF_BTB_MISS_BP_TAKEN_CONF_0_FETCH_TARGETS             0         -nan%                0         -nan%
DFE_ON_CONF_OFF_BTB_MISS_BP_TAKEN_CONF_1_FETCH_TARGETS             0         -nan%                0         -nan%
DFE_ON_CONF_OFF_BTB_MISS_BP_TAKEN_CONF_2_FETCH_TARGETS             0         -nan%                0         -nan%
DFE_ON_CONF_OFF_BTB_MISS_BP_TAKEN_CONF_3_FETCH_TARGETS             0         -nan%                0         -nan%
DFE_ON_CONF_OFF_BTB_MISS_RATE_FETCH_TARGETS             0         -nan%                0         -nan%
DFE_ON_CONF_OFF_IBTB_MISS_RATE_FETCH_TARGETS             0         -nan%                0         -nan%
DFE_ON_CONF_OFF_RECOVER_AT_DECODE_RATE_FETCH_TARGETS             0         -nan%                0         -nan%
DFE_ON_CONF_OFF_RECOVER_AT_EXEC_RATE_FETCH_TARGETS             0         -nan%                0         -nan%
DFE_ON_CONF_OFF_INV_CONF_INC_FETCH_TARGETS             0         -nan%                0         -nan%
DFE_ON_CONF_OFF_PERFECT_CONF_FETCH_TARGETS             0         -nan%                0         -nan%
                                                     0         -nan%                0         -nan%
                                                  -nan         -nan              -nan         -nan

CONF_OFF_IBTB_MISS_BP_TAKEN                          0         -nan%                0         -nan%
CONF_OFF_BTB_MISS_BP_TAKEN_CONF_0                    0         -nan%                0         -nan%
CONF_OFF_BTB_MISS_BP_TAKEN_CONF_1                    0         -nan%                0         -nan%
CONF_OFF_BTB_MISS_BP_TAKEN_CONF_2                    0         -nan%                0         -nan%
CONF_OFF_BTB_MISS_BP_TAKEN_CONF_3                    0         -nan%                0         -nan%
CONF_OFF_BTB_MISS_RATE                               0         -nan%                0         -nan%
CONF_OFF_IBTB_MISS_RATE                              0         -nan%                0         -nan%
CONF_OFF_RECOVER_AT_DECODE_RATE                      0         -nan%                0         -nan%
CONF_OFF_RECOVER_AT_EXEC_RATE                        0         -nan%                0         -nan%
CONF_OFF_INV_CONF_INC                                0         -nan%                0         -nan%
CONF_OFF_PERFECT_CONF                                0         -nan%                0         -nan%
                                                     0         -nan%                0         -nan%
                                                  -nan         -nan              -nan         -nan

TOPDOWN_TOTAL_SLOTS                          316596678                      316596678              

TOPDOWN_ISSUED_SLOTS                         194429477                      194429477              

TOPDOWN_RETIRED_SLOTS                         62759903                       62759903              

TOPDOWN_FETCH_BUBBLES_SLOTS                   82975728                       82975728              

TOPDOWN_RECOVERY_BUBBLES_SLOTS                36973643                       36973643              

TOPDOWN_MEM_LOAD_STALLS_CYCLES                  365565                         365565              

TOPDOWN_MEM_STORE_STALLS_CYCLES                      0                              0              

TOPDOWN_EXEC_STALLS_CYCLES                     4121714                        4121714              

TOPDOWN_BACKEND_STALLS_CYCLES                   365565                         365565              

TOPDOWN_FETCH_BUBBLES_GT_MIW_CYCLES            6289065                        6289065              

TOPDOWN_BR_RECOVER_AT_EXEC_RETIRED_CYCLES       1792736                        1792736              

TOPDOWN_MACHINE_CLEAR_CYCLES                   3381649                        3381649              

TOPDOWN_FRONTEND_BOUND                            2620                           2620              

TOPDOWN_BACKEND_BOUND                               72                             72              

TOPDOWN_BAD_SPEC_BOUND                            5326                           5326              

TOPDOWN_RETIRING_BOUND                            1982                           1982              

TOPDOWN_FETCH_LATENCY_BOUND                       1191                           1191              

TOPDOWN_FETCH_BANDWIDTH_BOUND                     1429                           1429              

TOPDOWN_MEM_BOUND                                   72                             72              

TOPDOWN_CORE_BOUND                                   0                              0              

TOPDOWN_BR_RECOVER_AT_EXEC_BOUND                  1845                           1845              

TOPDOWN_MACHINE_CLEARS_BOUND                      3481                           3481              

H2P_SEEN_MAIN                                  3216514                        3216514              



