/* -*- Mode: c -*- */
####################################################################################################
Core 0
####################################################################################################
Cumulative:        Cycles: 28505647              Instructions: 89999999              IPC: 3.15727

Periodic:          Cycles: 28505647              Instructions: 89999999              IPC: 3.15727

EXECUTION_TIME                           8908014687500                  8908014687500              

SIM_HOST_WALL_SECONDS                       822.556197                     822.556197              

NODE_CYCLE                                    28505647                       28505647              

NODE_INST_COUNT                               90000077                       90000077              

NODE_INST_COUNT_FETCHED                       89999999                       89999999              

NODE_UOP_COUNT                               102844702                      102844702              

EXEC_STAGE_NO_ISSUE_STALL_CYCLE               18522067                       18522067              

EXEC_STAGE_NO_ISSUE_STALL_CYCLE_ONPATH        18324720                       18324720              

FULL_WINDOW_STALL                                 3633        0.013%             3633        0.013%

FULL_WINDOW_MEM_OP                                3311       94.009%             3311       94.009%
FULL_WINDOW_FP_OP                                    0        0.000%                0        0.000%
FULL_WINDOW_OTHER_OP                               211        5.991%              211        5.991%
                                                  3522      100.000%             3522      100.000%
                                                  0.12         0.46              0.12         0.46

RET_BLOCKED_DC_MISS                            3956624       13.880%          3956624       13.880%

RET_BLOCKED_L1_MISS                            3676013       12.896%          3676013       12.896%

RET_BLOCKED_L1_MISS_BW_PREF                      10683        0.037%            10683        0.037%

RET_BLOCKED_L1_ACCESS                           416258        1.460%           416258        1.460%

RET_BLOCKED_MEM_STALL                          8171838       28.667%          8171838       28.667%

RET_BLOCKED_OFFCHIP_DEMAND                           0        0.000%                0        0.000%

OP_ISSUED                                    103436307                      103436307              

OP_RETIRED                                   102844702                      102844702              

OP_MACRO_FUSION_ONPATH                        15326467                       15326467              

OP_MACRO_FUSION_OFFPATH                         229420                         229420              

REPLAY_SIGNALED                                      0                              0              

REPLAY_COUNTED                                       0                              0              

OFF_CRITICAL_PATH                                    0         -nan%                0         -nan%
ON_CRITICAL_PATH                                     0         -nan%                0         -nan%
                                                     0         -nan%                0         -nan%
                                                  -nan         -nan              -nan         -nan

LD_NO_DEPENDENTS                               1338337        7.384%          1338337        7.384%
LD_DEPENDENTS                                 16787201       92.616%         16787201       92.616%
                                              18125538      100.000%         18125538      100.000%
                                                  0.93         0.89              0.93         0.89

LD_EXEC_CYCLES_0                                     0        0.000%                0        0.000%
LD_EXEC_CYCLES_1                               1506821       66.705%          1506821       66.705%
LD_EXEC_CYCLES_2                                169464        7.502%           169464        7.502%
LD_EXEC_CYCLES_3                                180183        7.976%           180183        7.976%
LD_EXEC_CYCLES_4                                402476       17.817%           402476       17.817%
                                               2258944      100.000%          2258944      100.000%
                                                  1.77         1.40              1.77         1.40

LD_EXEC_MINUS_FETCH_LATENCY                 1113301857                     1113301857              

LD_RETIRE_MINUS_FETCH_LATENCY               1485585927                     1485585927              

ICACHE_STAGE_STARVED                            232941        0.832%           232941        0.832%
ICACHE_STAGE_NOT_STARVED                      27764173       99.168%         27764173       99.168%
                                              27997114      100.000%         27997114      100.000%
                                                  0.99         0.99              0.99         0.99

ICACHE_STAGE_STALLED                          12522447       43.930%         12522447       43.930%
ICACHE_STAGE_NOT_STALLED                      15474667       54.286%         15474667       54.286%
ICACHE_STAGE_OFF_PATH                           508533        1.784%           508533        1.784%
                                              28505647      100.000%         28505647      100.000%
                                                  0.58         0.37              0.58         0.37

DECODE_STAGE_STARVED                          28138050       99.155%         28138050       99.155%
DECODE_STAGE_NOT_STARVED                        239672        0.845%           239672        0.845%
                                              28377722      100.000%         28377722      100.000%
                                                  0.01         0.09              0.01         0.09

DECODE_STAGE_STALLED                           5408431       18.973%          5408431       18.973%
DECODE_STAGE_NOT_STALLED                      22969291       80.578%         22969291       80.578%
DECODE_STAGE_OFF_PATH                           127925        0.449%           127925        0.449%
                                              28505647      100.000%         28505647      100.000%
                                                  0.81         0.19              0.81         0.19

UOPQ_STAGE_STARVED                              772936        4.998%           772936        4.998%
UOPQ_STAGE_NOT_STARVED                        14691167       95.002%         14691167       95.002%
                                              15464103      100.000%         15464103      100.000%
                                                  0.95         0.93              0.95         0.93

UOPQ_STAGE_STALLED                            12598561       44.197%         12598561       44.197%
UOPQ_STAGE_NOT_STALLED                        15464103       54.249%         15464103       54.249%
UOPQ_STAGE_OFF_PATH                             442983        1.554%           442983        1.554%
                                              28505647      100.000%         28505647      100.000%
                                                  0.57         0.37              0.57         0.37

RS_OP_READY_NOT_ISSUED_TOTAL                 202558998                      202558998              

RS_0_OP_READY_NOT_ISSUED                      71829590                       71829590              

RS_1_OP_READY_NOT_ISSUED                       6802371                        6802371              

RS_2_OP_READY_NOT_ISSUED                     123927037                      123927037              

RS_3_OP_READY_NOT_ISSUED                             0                              0              

RS_4_OP_READY_NOT_ISSUED                             0                              0              

RS_5_OP_READY_NOT_ISSUED                             0                              0              

RS_6_OP_READY_NOT_ISSUED                             0                              0              

RS_7_OP_READY_NOT_ISSUED                             0                              0              

RS_7_PLUS_OP_READY_NOT_ISSUED                        0                              0              

FU_IDLE_NO_READY_OPS_TOTAL                   122739267                      122739267              

FU_0_IDLE_NO_READY_OPS                        10303654                       10303654              

FU_1_IDLE_NO_READY_OPS                        10963592                       10963592              

FU_2_IDLE_NO_READY_OPS                        15843934                       15843934              

FU_3_IDLE_NO_READY_OPS                        15837414                       15837414              

FU_4_IDLE_NO_READY_OPS                        11048119                       11048119              

FU_5_IDLE_NO_READY_OPS                        10229021                       10229021              

FU_6_IDLE_NO_READY_OPS                        10836098                       10836098              

FU_7_IDLE_NO_READY_OPS                        10836957                       10836957              

FU_8_IDLE_NO_READY_OPS                        10997016                       10997016              

FU_9_IDLE_NO_READY_OPS                        15843462                       15843462              

FU_10_IDLE_NO_READY_OPS                              0                              0              

FU_11_IDLE_NO_READY_OPS                              0                              0              

FU_12_IDLE_NO_READY_OPS                              0                              0              

FU_13_IDLE_NO_READY_OPS                              0                              0              

FU_14_IDLE_NO_READY_OPS                              0                              0              

FU_15_IDLE_NO_READY_OPS                              0                              0              

FU_16_IDLE_NO_READY_OPS                              0                              0              

FU_17_IDLE_NO_READY_OPS                              0                              0              

FU_18_IDLE_NO_READY_OPS                              0                              0              

FU_19_IDLE_NO_READY_OPS                              0                              0              

FU_20_IDLE_NO_READY_OPS                              0                              0              

FU_21_IDLE_NO_READY_OPS                              0                              0              

FU_22_IDLE_NO_READY_OPS                              0                              0              

FU_23_IDLE_NO_READY_OPS                              0                              0              

FU_24_IDLE_NO_READY_OPS                              0                              0              

FU_25_IDLE_NO_READY_OPS                              0                              0              

FU_26_IDLE_NO_READY_OPS                              0                              0              

FU_27_IDLE_NO_READY_OPS                              0                              0              

FU_28_IDLE_NO_READY_OPS                              0                              0              

FU_29_IDLE_NO_READY_OPS                              0                              0              

FU_30_IDLE_NO_READY_OPS                              0                              0              

FU_31_IDLE_NO_READY_OPS                              0                              0              

FU_31_PLUS_IDLE_NO_READY_OPS                         0                              0              

MAP_STAGE_STARVED                               114730        0.653%           114730        0.653%
MAP_STAGE_NOT_STARVED                         17451389       99.347%         17451389       99.347%
                                              17566119      100.000%         17566119      100.000%
                                                  0.99         0.99              0.99         0.99

MAP_STAGE_STALLED                               287237        1.610%           287237        1.610%
MAP_STAGE_NOT_STALLED                         17278882       96.871%         17278882       96.871%
MAP_STAGE_OFF_PATH                              270925        1.519%           270925        1.519%
                                              17837044      100.000%         17837044      100.000%
                                                  1.00         0.17              1.00         0.17

MAP_STAGE_STALL_ITSELF                        10668603       37.426%         10668603       37.426%
MAP_STAGE_NOT_STALL_ITSELF                    17837044       62.574%         17837044       62.574%
                                              28505647      100.000%         28505647      100.000%
                                                  0.63         0.58              0.63         0.58

MAP_STAGE_LATE_ALLOCATE_SEND_BACK                    0                              0              

MAP_STAGE_RENAME_OP_ONPATH                   102844702                      102844702              

MAP_STAGE_RENAME_OP_OFFPATH                    1417064                        1417064              

MAP_STAGE_RENAME_INT_REG_ONPATH               81248651                       81248651              

MAP_STAGE_RENAME_INT_REG_OFFPATH               1089079                        1089079              

MAP_STAGE_RENAME_VEC_REG_ONPATH                 914102                         914102              

MAP_STAGE_RENAME_VEC_REG_OFFPATH                  3870                           3870              

MAP_STAGE_RENAME_MOVE_ELIM_ONPATH                    0                              0              

MAP_STAGE_RENAME_MOVE_ELIM_OFFPATH                   0                              0              

MAP_STAGE_ONPATH_INT_REG_NUM_ALLOC            81248632                       81248632              

MAP_STAGE_ONPATH_VEC_REG_NUM_ALLOC             7769213                        7769213              

MAP_STAGE_ONPATH_INT_REG_NUM_SHORTLIVE        31049553                       31049553              

MAP_STAGE_ONPATH_VEC_REG_NUM_SHORTLIVE          327635                         327635              

MAP_STAGE_ONPATH_INT_REG_USE_COUNT_0          14601277                       14601277              

MAP_STAGE_ONPATH_VEC_REG_USE_COUNT_0           7084489                        7084489              

MAP_STAGE_ONPATH_INT_REG_USE_COUNT_1          44233903                       44233903              

MAP_STAGE_ONPATH_VEC_REG_USE_COUNT_1            600136                         600136              

MAP_STAGE_ONPATH_INT_REG_USE_COUNT_2          13821360                       13821360              

MAP_STAGE_ONPATH_VEC_REG_USE_COUNT_2             38626                          38626              

MAP_STAGE_ONPATH_INT_REG_USE_COUNT_3           4747975                        4747975              

MAP_STAGE_ONPATH_VEC_REG_USE_COUNT_3               208                            208              

MAP_STAGE_ONPATH_INT_REG_USE_COUNT_4           1713598                        1713598              

MAP_STAGE_ONPATH_VEC_REG_USE_COUNT_4             45748                          45748              

MAP_STAGE_ONPATH_INT_REG_USE_COUNT_5            631312                         631312              

MAP_STAGE_ONPATH_VEC_REG_USE_COUNT_5                 2                              2              

MAP_STAGE_ONPATH_INT_REG_USE_COUNT_6            480135                         480135              

MAP_STAGE_ONPATH_VEC_REG_USE_COUNT_6                 0                              0              

MAP_STAGE_ONPATH_INT_REG_USE_COUNT_7_PLUS       1019072                        1019072              

MAP_STAGE_ONPATH_VEC_REG_USE_COUNT_7_PLUS             4                              4              

MAP_STAGE_ONPATH_INT_REG_CONSUME_DIST_0              0        0.0000                0        0.0000

MAP_STAGE_ONPATH_VEC_REG_CONSUME_DIST_0              0        0.0000                0        0.0000

MAP_STAGE_ONPATH_INT_REG_CONSUME_DIST_1              0        0.0000                0        0.0000

MAP_STAGE_ONPATH_VEC_REG_CONSUME_DIST_1              0        0.0000                0        0.0000

MAP_STAGE_ONPATH_INT_REG_CONSUME_DIST_2       46164555        3.3401         46164555        3.3401

MAP_STAGE_ONPATH_VEC_REG_CONSUME_DIST_2          59622        1.5436            59622        1.5436

MAP_STAGE_ONPATH_INT_REG_CONSUME_DIST_3      127409183       26.8344        127409183       26.8344

MAP_STAGE_ONPATH_VEC_REG_CONSUME_DIST_3            208        1.0000              208        1.0000

MAP_STAGE_ONPATH_INT_REG_CONSUME_DIST_4       42466032       24.7818         42466032       24.7818

MAP_STAGE_ONPATH_VEC_REG_CONSUME_DIST_4          45757        1.0002            45757        1.0002

MAP_STAGE_ONPATH_INT_REG_CONSUME_DIST_5       21384731       33.8735         21384731       33.8735

MAP_STAGE_ONPATH_VEC_REG_CONSUME_DIST_5              5        2.5000                5        2.5000

MAP_STAGE_ONPATH_INT_REG_CONSUME_DIST_6        8324800       17.3385          8324800       17.3385

MAP_STAGE_ONPATH_VEC_REG_CONSUME_DIST_6              0          -nan                0          -nan

MAP_STAGE_ONPATH_INT_REG_CONSUME_DIST_7_PLUS     112411518      110.3077        112411518      110.3077

MAP_STAGE_ONPATH_VEC_REG_CONSUME_DIST_7_PLUS      11299661  2824915.2500         11299661  2824915.2500

MAP_STAGE_INT_REG_ISSUE_READ_TOTAL_CONSUMED     118690437        6.4081        118690437        6.4081

MAP_STAGE_VEC_REG_ISSUE_READ_TOTAL_CONSUMED       2050930        0.1107          2050930        0.1107

MAP_STAGE_INT_REG_ISSUE_READ_MULTI_CONSUMED      51748452        2.7939         51748452        2.7939

MAP_STAGE_VEC_REG_ISSUE_READ_MULTI_CONSUMED       1365557        0.0737          1365557        0.0737

MAP_STAGE_INT_REG_ISSUE_READ_SAME_CYCLE_CONSUMED      25163377        1.3586         25163377        1.3586

MAP_STAGE_VEC_REG_ISSUE_READ_SAME_CYCLE_CONSUMED        464878        0.0251           464878        0.0251

MAP_STAGE_INT_REG_ISSUE_READ_TOTAL_CONSUMED_ONPATH     118107849        6.4453        118107849        6.4453

MAP_STAGE_VEC_REG_ISSUE_READ_TOTAL_CONSUMED_ONPATH       2050239        0.1119          2050239        0.1119

MAP_STAGE_INT_REG_ISSUE_READ_MULTI_CONSUMED_ONPATH      51460468        2.8083         51460468        2.8083

MAP_STAGE_VEC_REG_ISSUE_READ_MULTI_CONSUMED_ONPATH       1365504        0.0745          1365504        0.0745

MAP_STAGE_INT_REG_ISSUE_READ_SAME_CYCLE_CONSUMED_ONPATH      25020395        1.3654         25020395        1.3654

MAP_STAGE_VEC_REG_ISSUE_READ_SAME_CYCLE_CONSUMED_ONPATH        464861        0.0254           464861        0.0254

MAP_STAGE_ONPATH_INT_REG_LIFECYCLE_EMPTY    3915610138                     3915610138              

MAP_STAGE_ONPATH_VEC_REG_LIFECYCLE_EMPTY     803791458                      803791458              

MAP_STAGE_ONPATH_INT_REG_LIFECYCLE_IN_USE    4974127560                     4974127560              

MAP_STAGE_ONPATH_VEC_REG_LIFECYCLE_IN_USE     842058651                      842058651              

MAP_STAGE_ONPATH_INT_REG_LIFECYCLE_SPEC_RELEASE    6368299793                     6368299793              

MAP_STAGE_ONPATH_VEC_REG_LIFECYCLE_SPEC_RELEASE     932459974                      932459974              

MAP_STAGE_ONPATH_INT_REG_LIFECYCLE_NONSPEC_RELEASE    6368299793                     6368299793              

MAP_STAGE_ONPATH_VEC_REG_LIFECYCLE_NONSPEC_RELEASE     932459974                      932459974              

MAP_STAGE_ONPATH_INT_REG_LIFECYCLE_TOTAL    6368299793                     6368299793              

MAP_STAGE_ONPATH_VEC_REG_LIFECYCLE_TOTAL     932459974                      932459974              

MAP_STAGE_ONPATH_INT_REG_NUM_NONBRANCH        81248632                       81248632              

MAP_STAGE_ONPATH_VEC_REG_NUM_NONBRANCH         7769213                        7769213              

MAP_STAGE_ONPATH_INT_REG_NUM_NONEXCEPT        81248632                       81248632              

MAP_STAGE_ONPATH_VEC_REG_NUM_NONEXCEPT         7769213                        7769213              

MAP_STAGE_ONPATH_INT_REG_NUM_ATOMIC           81248632                       81248632              

MAP_STAGE_ONPATH_VEC_REG_NUM_ATOMIC            7769213                        7769213              

MAP_STAGE_ONPATH_INT_REG_ATOMIC_REDEFINED_DIST_TOTAL    6368299793       78.3804       6368299793       78.3804

MAP_STAGE_ONPATH_VEC_REG_ATOMIC_REDEFINED_DIST_TOTAL     932459974      120.0199        932459974      120.0199

MAP_STAGE_ONPATH_INT_REG_ATOMIC_CONSUMED_DIST_TOTAL    4974127560       61.2211       4974127560       61.2211

MAP_STAGE_ONPATH_VEC_REG_ATOMIC_CONSUMED_DIST_TOTAL     842058651      108.3840        842058651      108.3840

MAP_STAGE_ONPATH_INT_REG_ATOMIC_RELEASE_DIST_TOTAL    6368299793       78.3804       6368299793       78.3804

MAP_STAGE_ONPATH_VEC_REG_ATOMIC_RELEASE_DIST_TOTAL     932459974      120.0199        932459974      120.0199

EXEC_STAGE_STARVED                            18011872       63.187%         18011872       63.187%
EXEC_STAGE_NOT_STARVED                        10289915       36.098%         10289915       36.098%
EXEC_STAGE_OFF_PATH                             203860        0.715%           203860        0.715%
                                              28505647      100.000%         28505647      100.000%
                                                  0.38         0.40              0.38         0.40

FU_BUSY_0                                     15688552                       15688552              

FU_BUSY_1                                     14443847                       14443847              

FU_BUSY_2                                      6541808                        6541808              

FU_BUSY_3                                      6549848                        6549848              

FU_BUSY_4                                     13740454                       13740454              

FU_BUSY_5                                     15918820                       15918820              

FU_BUSY_6                                     13451790                       13451790              

FU_BUSY_7                                     13448522                       13448522              

FU_BUSY_8                                     14087006                       14087006              

FU_BUSY_9                                      6543797                        6543797              

FU_BUSY_10                                           0                              0              

FU_BUSY_11                                           0                              0              

FU_BUSY_12                                           0                              0              

FU_BUSY_13                                           0                              0              

FU_BUSY_14                                           0                              0              

FU_BUSY_15                                           0                              0              

FU_BUSY_16                                           0                              0              

FU_BUSY_17                                           0                              0              

FU_BUSY_18                                           0                              0              

FU_BUSY_19                                           0                              0              

FU_BUSY_20                                           0                              0              

FU_BUSY_21                                           0                              0              

FU_BUSY_22                                           0                              0              

FU_BUSY_23                                           0                              0              

FU_BUSY_24                                           0                              0              

FU_BUSY_25                                           0                              0              

FU_BUSY_26                                           0                              0              

FU_BUSY_27                                           0                              0              

FU_BUSY_28                                           0                              0              

FU_BUSY_29                                           0                              0              

FU_BUSY_30                                           0                              0              

FU_BUSY_31                                           0                              0              

FU_REJECTED_OP_INV_NOT_SIMD                          0        0.000%                0        0.000%
FU_REJECTED_OP_NOP_NOT_SIMD                      38719        0.242%            38719        0.242%
FU_REJECTED_OP_CF_NOT_SIMD                          74        0.000%               74        0.000%
FU_REJECTED_OP_MOV_NOT_SIMD                     351994        2.202%           351994        2.202%
FU_REJECTED_OP_CMOV_NOT_SIMD                         0        0.000%                0        0.000%
FU_REJECTED_OP_LDA_NOT_SIMD                     189105        1.183%           189105        1.183%
FU_REJECTED_OP_IMEM_NOT_SIMD                    796178        4.980%           796178        4.980%
FU_REJECTED_OP_IADD_NOT_SIMD                   2918038       18.254%          2918038       18.254%
FU_REJECTED_OP_IMUL_NOT_SIMD                    347486        2.174%           347486        2.174%
FU_REJECTED_OP_IDIV_NOT_SIMD                        44        0.000%               44        0.000%
FU_REJECTED_OP_ICMP_NOT_SIMD                        16        0.000%               16        0.000%
FU_REJECTED_OP_LOGIC_NOT_SIMD                   156884        0.981%           156884        0.981%
FU_REJECTED_OP_SHIFT_NOT_SIMD                   458183        2.866%           458183        2.866%
FU_REJECTED_OP_FMEM_NOT_SIMD                         4        0.000%                4        0.000%
FU_REJECTED_OP_FCVT_NOT_SIMD                         0        0.000%                0        0.000%
FU_REJECTED_OP_FADD_NOT_SIMD                         0        0.000%                0        0.000%
FU_REJECTED_OP_FMUL_NOT_SIMD                         0        0.000%                0        0.000%
FU_REJECTED_OP_FMA_NOT_SIMD                          0        0.000%                0        0.000%
FU_REJECTED_OP_FDIV_NOT_SIMD                         0        0.000%                0        0.000%
FU_REJECTED_OP_FCMP_NOT_SIMD                         0        0.000%                0        0.000%
FU_REJECTED_OP_FCMOV_NOT_SIMD                        0        0.000%                0        0.000%
FU_REJECTED_OP_GATHER_NOT_SIMD                       0        0.000%                0        0.000%
FU_REJECTED_OP_SCATTER_NOT_SIMD                      0        0.000%                0        0.000%
FU_REJECTED_OP_PIPELINED_FAST_NOT_SIMD               0        0.000%                0        0.000%
FU_REJECTED_OP_PIPELINED_MEDIUM_NOT_SIMD             0        0.000%                0        0.000%
FU_REJECTED_OP_PIPELINED_SLOW_NOT_SIMD               0        0.000%                0        0.000%
FU_REJECTED_OP_NOTPIPELINED_MEDIUM_NOT_SIMD             0        0.000%                0        0.000%
FU_REJECTED_OP_NOTPIPELINED_SLOW_NOT_SIMD             0        0.000%                0        0.000%
FU_REJECTED_OP_NOTPIPELINED_VERY_SLOW_NOT_SIMD             1        0.000%                1        0.000%
FU_REJECTED_OP_INV_SIMD                              0        0.000%                0        0.000%
FU_REJECTED_OP_NOP_SIMD                           3354        0.021%             3354        0.021%
FU_REJECTED_OP_CF_SIMD                               0        0.000%                0        0.000%
FU_REJECTED_OP_MOV_SIMD                            306        0.002%              306        0.002%
FU_REJECTED_OP_CMOV_SIMD                             0        0.000%                0        0.000%
FU_REJECTED_OP_LDA_SIMD                              0        0.000%                0        0.000%
FU_REJECTED_OP_IMEM_SIMD                             0        0.000%                0        0.000%
FU_REJECTED_OP_IADD_SIMD                             0        0.000%                0        0.000%
FU_REJECTED_OP_IMUL_SIMD                             0        0.000%                0        0.000%
FU_REJECTED_OP_IDIV_SIMD                             0        0.000%                0        0.000%
FU_REJECTED_OP_ICMP_SIMD                             0        0.000%                0        0.000%
FU_REJECTED_OP_LOGIC_SIMD                            0        0.000%                0        0.000%
FU_REJECTED_OP_SHIFT_SIMD                            0        0.000%                0        0.000%
FU_REJECTED_OP_FMEM_SIMD                             0        0.000%                0        0.000%
FU_REJECTED_OP_FCVT_SIMD                           341        0.002%              341        0.002%
FU_REJECTED_OP_FADD_SIMD                      10725405       67.092%         10725405       67.092%
FU_REJECTED_OP_FMUL_SIMD                             0        0.000%                0        0.000%
FU_REJECTED_OP_FMA_SIMD                              0        0.000%                0        0.000%
FU_REJECTED_OP_FDIV_SIMD                             0        0.000%                0        0.000%
FU_REJECTED_OP_FCMP_SIMD                             0        0.000%                0        0.000%
FU_REJECTED_OP_FCMOV_SIMD                            0        0.000%                0        0.000%
FU_REJECTED_OP_GATHER_SIMD                           0        0.000%                0        0.000%
FU_REJECTED_OP_SCATTER_SIMD                          0        0.000%                0        0.000%
FU_REJECTED_OP_PIPELINED_FAST_SIMD                   0        0.000%                0        0.000%
FU_REJECTED_OP_PIPELINED_MEDIUM_SIMD                 0        0.000%                0        0.000%
FU_REJECTED_OP_PIPELINED_SLOW_SIMD                   0        0.000%                0        0.000%
FU_REJECTED_OP_NOTPIPELINED_MEDIUM_SIMD              0        0.000%                0        0.000%
FU_REJECTED_OP_NOTPIPELINED_SLOW_SIMD                0        0.000%                0        0.000%
FU_REJECTED_OP_NOTPIPELINED_VERY_SLOW_SIMD             0        0.000%                0        0.000%
                                              15986132      100.000%         15986132      100.000%
                                                 31.86        17.38             31.86        17.38

LSQ_FULL_TOTAL                                 5585153                        5585153              

LSQ_FULL_LOAD_QUEUE                                  0                              0              

LSQ_FULL_STORE_QUEUE                           5585153                        5585153              

OP_WAIT_0                                     70063142                       70063142              

OP_WAIT_1                                     10222395                       10222395              

OP_WAIT_2                                      4414283                        4414283              

OP_WAIT_3                                      2953355                        2953355              

OP_WAIT_4                                      2002391                        2002391              

OP_WAIT_5                                      1682406                        1682406              

OP_WAIT_6                                      1288848                        1288848              

OP_WAIT_7                                      1223325                        1223325              

OP_WAIT_8                                      1094595                        1094595              

OP_WAIT_9                                       883914                         883914              

OP_WAIT_10                                      640258                         640258              

OP_WAIT_11                                      464484                         464484              

OP_WAIT_12                                      468165                         468165              

OP_WAIT_13                                      409059                         409059              

OP_WAIT_14                                      406084                         406084              

OP_WAIT_15                                      286778                         286778              

OP_WAIT_16                                      263138                         263138              

OP_WAIT_17                                      302775                         302775              

OP_WAIT_18                                      365765                         365765              

OP_WAIT_19                                      267193                         267193              

OP_WAIT_20                                      195690                         195690              

OP_WAIT_21                                      158959                         158959              

OP_WAIT_22                                      198477                         198477              

OP_WAIT_23                                      214013                         214013              

OP_WAIT_24                                      172218                         172218              

OP_WAIT_25                                      144885                         144885              

OP_WAIT_26                                      157214                         157214              

OP_WAIT_27                                      210855                         210855              

OP_WAIT_28                                      127576                         127576              

OP_WAIT_29                                       76486                          76486              

OP_WAIT_30                                       45626                          45626              

OP_WAIT_31                                     1440350                        1440350              

ROW_SIZE_0                                    13607548                       13607548              

ROW_SIZE_1                                     1209295                        1209295              

ROW_SIZE_2                                      396005                         396005              

ROW_SIZE_3                                      244248                         244248              

ROW_SIZE_4                                      639053                         639053              

ROW_SIZE_5                                      148577                         148577              

ROW_SIZE_6                                      174399                         174399              

ROW_SIZE_7                                      321110                         321110              

ROW_SIZE_8                                    11689674                       11689674              

ROW_SIZE_9                                           0                              0              

ROW_SIZE_10                                          0                              0              

ROW_SIZE_11                                          0                              0              

ROW_SIZE_12                                          0                              0              

ROW_SIZE_13                                          0                              0              

ROW_SIZE_14                                          0                              0              

ROW_SIZE_15                                          0                              0              

ROW_SIZE_16                                          0                              0              

ROW_SIZE_17                                          0                              0              

ROW_SIZE_18                                          0                              0              

ROW_SIZE_19                                          0                              0              

ROW_SIZE_20                                          0                              0              

ROW_SIZE_21                                          0                              0              

ROW_SIZE_22                                          0                              0              

ROW_SIZE_23                                          0                              0              

ROW_SIZE_24                                          0                              0              

ROW_SIZE_25                                          0                              0              

ROW_SIZE_26                                          0                              0              

ROW_SIZE_27                                          0                              0              

ROW_SIZE_28                                          0                              0              

ROW_SIZE_29                                          0                              0              

ROW_SIZE_30                                          0                              0              

ROW_SIZE_31                                          0                              0              

RET_OP_EXEC_COUNT_0                                  0        0.000%                0        0.000%
RET_OP_EXEC_COUNT_1                          102844702      100.000%        102844702      100.000%
RET_OP_EXEC_COUNT_2                                  0        0.000%                0        0.000%
RET_OP_EXEC_COUNT_3                                  0        0.000%                0        0.000%
RET_OP_EXEC_COUNT_4                                  0        0.000%                0        0.000%
RET_OP_EXEC_COUNT_5                                  0        0.000%                0        0.000%
RET_OP_EXEC_COUNT_6                                  0        0.000%                0        0.000%
RET_OP_EXEC_COUNT_7                                  0        0.000%                0        0.000%
RET_OP_EXEC_COUNT_8                                  0        0.000%                0        0.000%
RET_OP_EXEC_COUNT_9                                  0        0.000%                0        0.000%
RET_OP_EXEC_COUNT_10                                 0        0.000%                0        0.000%
RET_OP_EXEC_COUNT_11                                 0        0.000%                0        0.000%
RET_OP_EXEC_COUNT_12                                 0        0.000%                0        0.000%
RET_OP_EXEC_COUNT_13                                 0        0.000%                0        0.000%
RET_OP_EXEC_COUNT_14                                 0        0.000%                0        0.000%
RET_OP_EXEC_COUNT_15                                 0        0.000%                0        0.000%
RET_OP_EXEC_COUNT_16                                 0        0.000%                0        0.000%
RET_OP_EXEC_COUNT_17                                 0        0.000%                0        0.000%
RET_OP_EXEC_COUNT_18                                 0        0.000%                0        0.000%
RET_OP_EXEC_COUNT_19                                 0        0.000%                0        0.000%
RET_OP_EXEC_COUNT_20                                 0        0.000%                0        0.000%
RET_OP_EXEC_COUNT_21                                 0        0.000%                0        0.000%
RET_OP_EXEC_COUNT_22                                 0        0.000%                0        0.000%
RET_OP_EXEC_COUNT_23                                 0        0.000%                0        0.000%
RET_OP_EXEC_COUNT_24                                 0        0.000%                0        0.000%
RET_OP_EXEC_COUNT_25                                 0        0.000%                0        0.000%
RET_OP_EXEC_COUNT_26                                 0        0.000%                0        0.000%
RET_OP_EXEC_COUNT_27                                 0        0.000%                0        0.000%
RET_OP_EXEC_COUNT_28                                 0        0.000%                0        0.000%
RET_OP_EXEC_COUNT_29                                 0        0.000%                0        0.000%
RET_OP_EXEC_COUNT_30                                 0        0.000%                0        0.000%
RET_OP_EXEC_COUNT_31                                 0        0.000%                0        0.000%
RET_OP_EXEC_COUNT_32                                 0        0.000%                0        0.000%
                                             102844702      100.000%        102844702      100.000%
                                                  1.00         0.00              1.00         0.00

RET_STALL_LENGTH_0                           102825775       99.982%        102825775       99.982%
RET_STALL_LENGTH_100                              5113        0.005%             5113        0.005%
RET_STALL_LENGTH_200                              1245        0.001%             1245        0.001%
RET_STALL_LENGTH_300                              1572        0.002%             1572        0.002%
RET_STALL_LENGTH_400                              4455        0.004%             4455        0.004%
RET_STALL_LENGTH_500                              3295        0.003%             3295        0.003%
RET_STALL_LENGTH_600                              1320        0.001%             1320        0.001%
RET_STALL_LENGTH_700                               567        0.001%              567        0.001%
RET_STALL_LENGTH_800                               297        0.000%              297        0.000%
RET_STALL_LENGTH_900                               209        0.000%              209        0.000%
RET_STALL_LENGTH_1000                               95        0.000%               95        0.000%
RET_STALL_LENGTH_1100                              110        0.000%              110        0.000%
RET_STALL_LENGTH_1200                              184        0.000%              184        0.000%
RET_STALL_LENGTH_1300                               80        0.000%               80        0.000%
RET_STALL_LENGTH_1400                               46        0.000%               46        0.000%
RET_STALL_LENGTH_1500                               39        0.000%               39        0.000%
RET_STALL_LENGTH_1600                               69        0.000%               69        0.000%
RET_STALL_LENGTH_1700                              101        0.000%              101        0.000%
RET_STALL_LENGTH_1800                               58        0.000%               58        0.000%
RET_STALL_LENGTH_1900                               21        0.000%               21        0.000%
RET_STALL_LENGTH_2000                               13        0.000%               13        0.000%
RET_STALL_LENGTH_2100                               14        0.000%               14        0.000%
RET_STALL_LENGTH_2200                                4        0.000%                4        0.000%
RET_STALL_LENGTH_2300                                4        0.000%                4        0.000%
RET_STALL_LENGTH_2400                                5        0.000%                5        0.000%
RET_STALL_LENGTH_2500                                2        0.000%                2        0.000%
RET_STALL_LENGTH_2600                                6        0.000%                6        0.000%
RET_STALL_LENGTH_2700                                3        0.000%                3        0.000%
RET_STALL_LENGTH_2800                                0        0.000%                0        0.000%
RET_STALL_LENGTH_2900                                0        0.000%                0        0.000%
RET_STALL_LENGTH_3000                                0        0.000%                0        0.000%
RET_STALL_LENGTH_3100                                0        0.000%                0        0.000%
RET_STALL_LENGTH_3200                                0        0.000%                0        0.000%
RET_STALL_LENGTH_3300                                0        0.000%                0        0.000%
RET_STALL_LENGTH_3400                                0        0.000%                0        0.000%
RET_STALL_LENGTH_3500                                0        0.000%                0        0.000%
RET_STALL_LENGTH_3600                                0        0.000%                0        0.000%
RET_STALL_LENGTH_3700                                0        0.000%                0        0.000%
RET_STALL_LENGTH_3800                                0        0.000%                0        0.000%
RET_STALL_LENGTH_3900                                0        0.000%                0        0.000%
RET_STALL_LENGTH_4000                                0        0.000%                0        0.000%
RET_STALL_LENGTH_4100                                0        0.000%                0        0.000%
RET_STALL_LENGTH_4200                                0        0.000%                0        0.000%
RET_STALL_LENGTH_4300                                0        0.000%                0        0.000%
RET_STALL_LENGTH_4400                                0        0.000%                0        0.000%
RET_STALL_LENGTH_4500                                0        0.000%                0        0.000%
RET_STALL_LENGTH_4600                                0        0.000%                0        0.000%
RET_STALL_LENGTH_4700                                0        0.000%                0        0.000%
RET_STALL_LENGTH_4800                                0        0.000%                0        0.000%
RET_STALL_LENGTH_4900                                0        0.000%                0        0.000%
RET_STALL_LENGTH_5000                                0        0.000%                0        0.000%
                                             102844702      100.000%        102844702      100.000%
                                                  0.00         0.07              0.00         0.07

MEM_BLOCK_LENGTH_0                               14652       48.584%            14652       48.584%
MEM_BLOCK_LENGTH_100                              4706       15.604%             4706       15.604%
MEM_BLOCK_LENGTH_200                              2225        7.378%             2225        7.378%
MEM_BLOCK_LENGTH_300                               671        2.225%              671        2.225%
MEM_BLOCK_LENGTH_400                               995        3.299%              995        3.299%
MEM_BLOCK_LENGTH_500                              2124        7.043%             2124        7.043%
MEM_BLOCK_LENGTH_600                              1940        6.433%             1940        6.433%
MEM_BLOCK_LENGTH_700                              1240        4.112%             1240        4.112%
MEM_BLOCK_LENGTH_800                               735        2.437%              735        2.437%
MEM_BLOCK_LENGTH_900                               366        1.214%              366        1.214%
MEM_BLOCK_LENGTH_1000                              146        0.484%              146        0.484%
MEM_BLOCK_LENGTH_1100                               29        0.096%               29        0.096%
MEM_BLOCK_LENGTH_1200                               31        0.103%               31        0.103%
MEM_BLOCK_LENGTH_1300                               52        0.172%               52        0.172%
MEM_BLOCK_LENGTH_1400                               32        0.106%               32        0.106%
MEM_BLOCK_LENGTH_1500                               14        0.046%               14        0.046%
MEM_BLOCK_LENGTH_1600                               16        0.053%               16        0.053%
MEM_BLOCK_LENGTH_1700                               28        0.093%               28        0.093%
MEM_BLOCK_LENGTH_1800                               45        0.149%               45        0.149%
MEM_BLOCK_LENGTH_1900                               38        0.126%               38        0.126%
MEM_BLOCK_LENGTH_2000                               32        0.106%               32        0.106%
MEM_BLOCK_LENGTH_2100                               23        0.076%               23        0.076%
MEM_BLOCK_LENGTH_2200                               10        0.033%               10        0.033%
MEM_BLOCK_LENGTH_2300                                3        0.010%                3        0.010%
MEM_BLOCK_LENGTH_2400                                3        0.010%                3        0.010%
MEM_BLOCK_LENGTH_2500                                1        0.003%                1        0.003%
MEM_BLOCK_LENGTH_2600                                1        0.003%                1        0.003%
MEM_BLOCK_LENGTH_2700                                0        0.000%                0        0.000%
MEM_BLOCK_LENGTH_2800                                0        0.000%                0        0.000%
MEM_BLOCK_LENGTH_2900                                0        0.000%                0        0.000%
MEM_BLOCK_LENGTH_3000                                0        0.000%                0        0.000%
MEM_BLOCK_LENGTH_3100                                0        0.000%                0        0.000%
MEM_BLOCK_LENGTH_3200                                0        0.000%                0        0.000%
MEM_BLOCK_LENGTH_3300                                0        0.000%                0        0.000%
MEM_BLOCK_LENGTH_3400                                0        0.000%                0        0.000%
MEM_BLOCK_LENGTH_3500                                0        0.000%                0        0.000%
MEM_BLOCK_LENGTH_3600                                0        0.000%                0        0.000%
MEM_BLOCK_LENGTH_3700                                0        0.000%                0        0.000%
MEM_BLOCK_LENGTH_3800                                0        0.000%                0        0.000%
MEM_BLOCK_LENGTH_3900                                0        0.000%                0        0.000%
MEM_BLOCK_LENGTH_4000                                0        0.000%                0        0.000%
MEM_BLOCK_LENGTH_4100                                0        0.000%                0        0.000%
MEM_BLOCK_LENGTH_4200                                0        0.000%                0        0.000%
MEM_BLOCK_LENGTH_4300                                0        0.000%                0        0.000%
MEM_BLOCK_LENGTH_4400                                0        0.000%                0        0.000%
MEM_BLOCK_LENGTH_4500                                0        0.000%                0        0.000%
MEM_BLOCK_LENGTH_4600                                0        0.000%                0        0.000%
MEM_BLOCK_LENGTH_4700                                0        0.000%                0        0.000%
MEM_BLOCK_LENGTH_4800                                0        0.000%                0        0.000%
MEM_BLOCK_LENGTH_4900                                0        0.000%                0        0.000%
MEM_BLOCK_LENGTH_5000                                0        0.000%                0        0.000%
                                                 30158      100.000%            30158      100.000%
                                                  2.07         2.68              2.07         2.68

FUS_BUSY_ON_PATH                             119808711        4.2030        119808711        4.2030

FUS_BUSY_OFF_PATH                               605733        0.0212           605733        0.0212

FU_BUSY_MEM_STALL                             15226876        0.5342         15226876        0.5342

FUS_EMPTY                                    164642026        5.7758        164642026        5.7758

FU_UNAVAILABLE                                 1546171        0.0542          1546171        0.0542

FU_MEM_UNAVAILABLE                            14439961        0.5066         14439961        0.5066

FU_OTHER_UNAVAILABLE                                 0        0.0000                0        0.0000

FU_REPLAY                                            0        0.0000                0        0.0000

FU_STARVED                                   164593603        5.7741        164593603        5.7741

CHIP_UTILIZATION                                     0        0.0000                0        0.0000

CYCLES_UNDER_MEM_REQ                                 0                              0              

CYCLES_UNDER_NO_MEM_REQ                              0                              0              

CYCLES_UNDER_CRITICAL_MEM_REQ                        0                              0              

CYCLES_UNDER_NONCRITICAL_MEM_REQ                     0                              0              

CHIP_UTILIZATION_UNDER_MEM_REQ                       0          -nan                0          -nan

CHIP_UTILIZATION_UNDER_NO_MEM_REQ                    0          -nan                0          -nan

CHIP_UTILIZATION_UNDER_CRITICAL_MEM_REQ              0          -nan                0          -nan

CHIP_UTILIZATION_UNDER_NONCRITICAL_MEM_REQ             0          -nan                0          -nan

CYCLES_NOT_WAITING_FOR_OFF_CHIP                      0        0.0000                0        0.0000

FUS_BUSY_NOT_WAITING_FOR_OFF_CHIP                    0          -nan                0          -nan

CYCLES_WAITING_FOR_OFF_CHIP                          0        0.0000                0        0.0000

FUS_BUSY_WAITING_FOR_OFF_CHIP                        0          -nan                0          -nan

TOTAL_OFF_CHIP_DELAYS_LEFT                           0                              0              

WRONG_IO_SCHED                                       0                              0              

DVFS_CONFIG_SWITCH                                   0                              0              

MAP_STAGE_RECEIVED_OPS_0                             0        0.000%                0        0.000%
MAP_STAGE_RECEIVED_OPS_1                          2242        0.013%             2242        0.013%
MAP_STAGE_RECEIVED_OPS_2                         12222        0.071%            12222        0.071%
MAP_STAGE_RECEIVED_OPS_3                          5589        0.033%             5589        0.033%
MAP_STAGE_RECEIVED_OPS_4                         12940        0.075%            12940        0.075%
MAP_STAGE_RECEIVED_OPS_5                          9926        0.058%             9926        0.058%
MAP_STAGE_RECEIVED_OPS_6                      17113778       99.750%         17113778       99.750%
MAP_STAGE_RECEIVED_OPS_7                             0        0.000%                0        0.000%
MAP_STAGE_RECEIVED_OPS_8                             0        0.000%                0        0.000%
MAP_STAGE_RECEIVED_OPS_MAX                           0        0.000%                0        0.000%
                                              17156697      100.000%         17156697      100.000%
                                                  5.99         0.15              5.99         0.15

MAP_STAGE_WAIT_FOR_DECODE                            0         -nan%                0         -nan%
MAP_STAGE_CONSUME_DECODE                             0         -nan%                0         -nan%
                                                     0         -nan%                0         -nan%
                                                  -nan         -nan              -nan         -nan

MAP_STAGE_WAIT_FOR_DECODE2                           0         -nan%                0         -nan%
MAP_STAGE_CONSUME_DECODE2                            0         -nan%                0         -nan%
                                                     0         -nan%                0         -nan%
                                                  -nan         -nan              -nan         -nan

FTQ_RECOVER_EXEC                                  7446                           7446              

FTQ_RECOVER_DECODE                                 257                            257              

FTQ_OFFPATH_CYCLES                             2443053                        2443053              

FTQ_CYCLES_OFFPATH                             2443053                        2443053              

FTQ_CYCLES_ONPATH                             26062594                       26062594              

FTQ_FETCHED_INS_ONPATH                       102844682                      102844682              

FTQ_FETCHED_INS_OFFPATH                       13575519                       13575519              

FTQ_BREAK_FULL_FT_ONPATH                      20845037                       20845037              

FTQ_BREAK_FULL_FT_OFFPATH                      1402562                        1402562              

FTQ_BREAK_PRED_BR_ONPATH                             0                              0              

FTQ_BREAK_PRED_BR_OFFPATH                            0                              0              

FTQ_BREAK_BAR_FETCH_ONPATH                           0                              0              

FTQ_BREAK_BAR_FETCH_OFFPATH                          0                              0              

FTQ_BREAK_MAX_CFS_TAKEN_ONPATH                       0                              0              

FTQ_BREAK_MAX_CFS_TAKEN_OFFPATH                      0                              0              

FTQ_BREAK_MAX_FT_ONPATH                        5217430                        5217430              

FTQ_BREAK_MAX_FT_OFFPATH                       1040491                        1040491              

DFE_GEN_ON_PATH_FT                            13081906                       13081906              

DFE_GEN_OFF_PATH_FT                            1543439                        1543439              

DFE_L0_ENABLED_PREDICTIONS                   102844702                      102844702              

DFE_L0_WRONG_MAIN_CORRECT                       572581                         572581              

DFE_L0_WRONG_MAIN_WRONG                           5330                           5330              

DFE_L0_CORRECT_MAIN_WRONG                         2373                           2373              

DFE_L0_CORRECT_MAIN_CORRECT                  102264418                      102264418              

DFE_L0_WRONG_MAIN_CORRECT_RECOVERY_SCHEDULED             0                              0              

FTQ_SAW_BAR_FETCH_OFFPATH                          340                            340              

FTQ_SAW_BAR_FETCH_ONPATH                           819                            819              

DFE_CONF_0_RECOVER_AT_EXEC                           0         -nan%                0         -nan%
DFE_CONF_1_RECOVER_AT_EXEC                           0         -nan%                0         -nan%
DFE_CONF_2_RECOVER_AT_EXEC                           0         -nan%                0         -nan%
DFE_CONF_3_RECOVER_AT_EXEC                           0         -nan%                0         -nan%
DFE_CONF_0_CORRECT                                   0         -nan%                0         -nan%
DFE_CONF_1_CORRECT                                   0         -nan%                0         -nan%
DFE_CONF_2_CORRECT                                   0         -nan%                0         -nan%
DFE_CONF_3_CORRECT                                   0         -nan%                0         -nan%
                                                     0         -nan%                0         -nan%
                                                  -nan         -nan              -nan         -nan

DFE_ON_CONF_ON_OPS                                   0         -nan%                0         -nan%
DFE_ON_CONF_OFF_OPS                                  0         -nan%                0         -nan%
DFE_OFF_CONF_ON_OPS                                  0         -nan%                0         -nan%
DFE_OFF_CONF_OFF_REALISTIC_OPS                       0         -nan%                0         -nan%
DFE_OFF_CONF_OFF_PERFECT_OPS                         0         -nan%                0         -nan%
                                                     0         -nan%                0         -nan%
                                                  -nan         -nan              -nan         -nan

DFE_ON_CONF_ON_FETCH_TARGETS                         0         -nan%                0         -nan%
DFE_ON_CONF_OFF_FETCH_TARGETS                        0         -nan%                0         -nan%
DFE_OFF_CONF_ON_FETCH_TARGETS                        0         -nan%                0         -nan%
DFE_OFF_CONF_OFF_REALISTIC_FETCH_TARGETS             0         -nan%                0         -nan%
DFE_OFF_CONF_OFF_PERFECT_FETCH_TARGETS               0         -nan%                0         -nan%
                                                     0         -nan%                0         -nan%
                                                  -nan         -nan              -nan         -nan

DFE_ON_CONF_ON_CYCLES                                0         -nan%                0         -nan%
DFE_ON_CONF_OFF_CYCLES                               0         -nan%                0         -nan%
DFE_OFF_CONF_ON_CYCLES                               0         -nan%                0         -nan%
DFE_OFF_CONF_OFF_REALISTIC_CYCLES                    0         -nan%                0         -nan%
DFE_OFF_CONF_OFF_PERFECT_CYCLES                      0         -nan%                0         -nan%
                                                     0         -nan%                0         -nan%
                                                  -nan         -nan              -nan         -nan

DFE_OFF_CONF_ON_NUM_EVENTS                           0                              0              

DFE_OFF_CONF_ON_NOT_IDENTIFIED_EVENTS                0         -nan%                0         -nan%
DFE_OFF_CONF_ON_IBTB_MISS_EVENTS                     0         -nan%                0         -nan%
DFE_OFF_CONF_ON_BTB_MISS_EVENTS                      0         -nan%                0         -nan%
DFE_OFF_CONF_ON_BTB_MISS_RECOVER_AT_EXEC_EVENTS             0         -nan%                0         -nan%
DFE_OFF_CONF_ON_RECOVER_AT_EXEC_EVENTS               0         -nan%                0         -nan%
DFE_OFF_CONF_ON_RECOVER_AT_DECODE_EVENTS             0         -nan%                0         -nan%
                                                     0         -nan%                0         -nan%
                                                  -nan         -nan              -nan         -nan

DFE_OFF_CONF_ON_LATE_BTB_HIT_EVENTS                  0                              0              

DFE_OFF_CONF_ON_NOT_IDENTIFIED_CYCLES                0         -nan%                0         -nan%
DFE_OFF_CONF_ON_IBTB_MISS_CYCLES                     0         -nan%                0         -nan%
DFE_OFF_CONF_ON_BTB_MISS_CYCLES                      0         -nan%                0         -nan%
DFE_OFF_CONF_ON_BTB_MISS_RECOVER_AT_EXEC_CYCLES             0         -nan%                0         -nan%
DFE_OFF_CONF_ON_RECOVER_AT_EXEC_CYCLES               0         -nan%                0         -nan%
DFE_OFF_CONF_ON_RECOVER_AT_DECODE_CYCLES             0         -nan%                0         -nan%
                                                     0         -nan%                0         -nan%
                                                  -nan         -nan              -nan         -nan

DFE_OFF_CONF_ON_LATE_BTB_HIT_CYCLES                  0                              0              

DFE_OFF_CONF_ON_NOT_IDENTIFIED_FETCH_TARGETS             0         -nan%                0         -nan%
DFE_OFF_CONF_ON_IBTB_MISS_FETCH_TARGETS              0         -nan%                0         -nan%
DFE_OFF_CONF_ON_BTB_MISS_FETCH_TARGETS               0         -nan%                0         -nan%
DFE_OFF_CONF_ON_BTB_MISS_RECOVER_AT_EXEC_FETCH_TARGETS             0         -nan%                0         -nan%
DFE_OFF_CONF_ON_RECOVER_AT_EXEC_FETCH_TARGETS             0         -nan%                0         -nan%
DFE_OFF_CONF_ON_RECOVER_AT_DECODE_FETCH_TARGETS             0         -nan%                0         -nan%
                                                     0         -nan%                0         -nan%
                                                  -nan         -nan              -nan         -nan

DFE_OFF_CONF_ON_LATE_BTB_HIT_FETCH_TARGETS             0                              0              

DFE_OFF_CONF_ON_BP_INCORRECT_0_CONF                  0         -nan%                0         -nan%
DFE_OFF_CONF_ON_BP_INCORRECT_1_CONF                  0         -nan%                0         -nan%
DFE_OFF_CONF_ON_BP_INCORRECT_2_CONF                  0         -nan%                0         -nan%
DFE_OFF_CONF_ON_BP_INCORRECT_3_CONF                  0         -nan%                0         -nan%
                                                     0         -nan%                0         -nan%
                                                  -nan         -nan              -nan         -nan

DFE_OFF_CONF_ON_BTB_MISS_CBR_0_CONF                  0         -nan%                0         -nan%
DFE_OFF_CONF_ON_BTB_MISS_CBR_1_CONF                  0         -nan%                0         -nan%
DFE_OFF_CONF_ON_BTB_MISS_CBR_2_CONF                  0         -nan%                0         -nan%
DFE_OFF_CONF_ON_BTB_MISS_CBR_3_CONF                  0         -nan%                0         -nan%
                                                     0         -nan%                0         -nan%
                                                  -nan         -nan              -nan         -nan

DFE_OFF_CONF_ON_BTB_MISS_NOT_CF                      0         -nan%                0         -nan%
DFE_OFF_CONF_ON_BTB_MISS_CF_BR                       0         -nan%                0         -nan%
DFE_OFF_CONF_ON_BTB_MISS_CF_CBR                      0         -nan%                0         -nan%
DFE_OFF_CONF_ON_BTB_MISS_CF_CALL                     0         -nan%                0         -nan%
DFE_OFF_CONF_ON_BTB_MISS_CF_IBR                      0         -nan%                0         -nan%
DFE_OFF_CONF_ON_BTB_MISS_CF_ICALL                    0         -nan%                0         -nan%
DFE_OFF_CONF_ON_BTB_MISS_CF_ICO                      0         -nan%                0         -nan%
DFE_OFF_CONF_ON_BTB_MISS_CF_RET                      0         -nan%                0         -nan%
DFE_OFF_CONF_ON_BTB_MISS_CF_SYS                      0         -nan%                0         -nan%
                                                     0         -nan%                0         -nan%
                                                  -nan         -nan              -nan         -nan

DFE_ON_CONF_OFF_NUM_EVENTS                           0                              0              

CONF_BTB_NUM_CYCLES_OFF_PATH_EVENT                   0                              0              

DFE_ON_CONF_OFF_IBTB_MISS_BP_TAKEN                   0         -nan%                0         -nan%
DFE_ON_CONF_OFF_BTB_MISS_BP_TAKEN_CONF_0             0         -nan%                0         -nan%
DFE_ON_CONF_OFF_BTB_MISS_BP_TAKEN_CONF_1             0         -nan%                0         -nan%
DFE_ON_CONF_OFF_BTB_MISS_BP_TAKEN_CONF_2             0         -nan%                0         -nan%
DFE_ON_CONF_OFF_BTB_MISS_BP_TAKEN_CONF_3             0         -nan%                0         -nan%
DFE_ON_CONF_OFF_BTB_MISS_RATE                        0         -nan%                0         -nan%
DFE_ON_CONF_OFF_IBTB_MISS_RATE                       0         -nan%                0         -nan%
DFE_ON_CONF_OFF_RECOVER_AT_DECODE_RATE               0         -nan%                0         -nan%
DFE_ON_CONF_OFF_RECOVER_AT_EXEC_RATE                 0         -nan%                0         -nan%
DFE_ON_CONF_OFF_INV_CONF_INC                         0         -nan%                0         -nan%
DFE_ON_CONF_OFF_PERFECT_CONF                         0         -nan%                0         -nan%
                                                     0         -nan%                0         -nan%
                                                  -nan         -nan              -nan         -nan

DFE_ON_CONF_OFF_IBTB_MISS_BP_TAKEN_CYCLES             0         -nan%                0         -nan%
DFE_ON_CONF_OFF_BTB_MISS_BP_TAKEN_CONF_0_CYCLES             0         -nan%                0         -nan%
DFE_ON_CONF_OFF_BTB_MISS_BP_TAKEN_CONF_1_CYCLES             0         -nan%                0         -nan%
DFE_ON_CONF_OFF_BTB_MISS_BP_TAKEN_CONF_2_CYCLES             0         -nan%                0         -nan%
DFE_ON_CONF_OFF_BTB_MISS_BP_TAKEN_CONF_3_CYCLES             0         -nan%                0         -nan%
DFE_ON_CONF_OFF_BTB_MISS_RATE_CYCLES                 0         -nan%                0         -nan%
DFE_ON_CONF_OFF_IBTB_MISS_RATE_CYCLES                0         -nan%                0         -nan%
DFE_ON_CONF_OFF_RECOVER_AT_DECODE_RATE_CYCLES             0         -nan%                0         -nan%
DFE_ON_CONF_OFF_RECOVER_AT_EXEC_RATE_CYCLES             0         -nan%                0         -nan%
DFE_ON_CONF_OFF_INV_CONF_INC_CYCLES                  0         -nan%                0         -nan%
DFE_ON_CONF_OFF_PERFECT_CONF_CYCLES                  0         -nan%                0         -nan%
                                                     0         -nan%                0         -nan%
                                                  -nan         -nan              -nan         -nan

DFE_ON_CONF_OFF_IBTB_MISS_BP_TAKEN_FETCH_TARGETS             0         -nan%                0         -nan%
DFE_ON_CONF_OFF_BTB_MISS_BP_TAKEN_CONF_0_FETCH_TARGETS             0         -nan%                0         -nan%
DFE_ON_CONF_OFF_BTB_MISS_BP_TAKEN_CONF_1_FETCH_TARGETS             0         -nan%                0         -nan%
DFE_ON_CONF_OFF_BTB_MISS_BP_TAKEN_CONF_2_FETCH_TARGETS             0         -nan%                0         -nan%
DFE_ON_CONF_OFF_BTB_MISS_BP_TAKEN_CONF_3_FETCH_TARGETS             0         -nan%                0         -nan%
DFE_ON_CONF_OFF_BTB_MISS_RATE_FETCH_TARGETS             0         -nan%                0         -nan%
DFE_ON_CONF_OFF_IBTB_MISS_RATE_FETCH_TARGETS             0         -nan%                0         -nan%
DFE_ON_CONF_OFF_RECOVER_AT_DECODE_RATE_FETCH_TARGETS             0         -nan%                0         -nan%
DFE_ON_CONF_OFF_RECOVER_AT_EXEC_RATE_FETCH_TARGETS             0         -nan%                0         -nan%
DFE_ON_CONF_OFF_INV_CONF_INC_FETCH_TARGETS             0         -nan%                0         -nan%
DFE_ON_CONF_OFF_PERFECT_CONF_FETCH_TARGETS             0         -nan%                0         -nan%
                                                     0         -nan%                0         -nan%
                                                  -nan         -nan              -nan         -nan

CONF_OFF_IBTB_MISS_BP_TAKEN                          0         -nan%                0         -nan%
CONF_OFF_BTB_MISS_BP_TAKEN_CONF_0                    0         -nan%                0         -nan%
CONF_OFF_BTB_MISS_BP_TAKEN_CONF_1                    0         -nan%                0         -nan%
CONF_OFF_BTB_MISS_BP_TAKEN_CONF_2                    0         -nan%                0         -nan%
CONF_OFF_BTB_MISS_BP_TAKEN_CONF_3                    0         -nan%                0         -nan%
CONF_OFF_BTB_MISS_RATE                               0         -nan%                0         -nan%
CONF_OFF_IBTB_MISS_RATE                              0         -nan%                0         -nan%
CONF_OFF_RECOVER_AT_DECODE_RATE                      0         -nan%                0         -nan%
CONF_OFF_RECOVER_AT_EXEC_RATE                        0         -nan%                0         -nan%
CONF_OFF_INV_CONF_INC                                0         -nan%                0         -nan%
CONF_OFF_PERFECT_CONF                                0         -nan%                0         -nan%
                                                     0         -nan%                0         -nan%
                                                  -nan         -nan              -nan         -nan

TOPDOWN_TOTAL_SLOTS                          171033882                      171033882              

TOPDOWN_ISSUED_SLOTS                         104481015                      104481015              

TOPDOWN_RETIRED_SLOTS                        102844702                      102844702              

TOPDOWN_FETCH_BUBBLES_SLOTS                     657855                         657855              

TOPDOWN_RECOVERY_BUBBLES_SLOTS                  137899                         137899              

TOPDOWN_MEM_LOAD_STALLS_CYCLES                 7867082                        7867082              

TOPDOWN_MEM_STORE_STALLS_CYCLES                2823087                        2823087              

TOPDOWN_EXEC_STALLS_CYCLES                     9889148                        9889148              

TOPDOWN_BACKEND_STALLS_CYCLES                 10817148                       10817148              

TOPDOWN_FETCH_BUBBLES_GT_MIW_CYCLES              91386                          91386              

TOPDOWN_BR_RECOVER_AT_EXEC_RETIRED_CYCLES          7446                           7446              

TOPDOWN_MACHINE_CLEAR_CYCLES                    580284                         580284              

TOPDOWN_FRONTEND_BOUND                              38                             38              

TOPDOWN_BACKEND_BOUND                             3846                           3846              

TOPDOWN_BAD_SPEC_BOUND                             103                            103              

TOPDOWN_RETIRING_BOUND                            6013                           6013              

TOPDOWN_FETCH_LATENCY_BOUND                         32                             32              

TOPDOWN_FETCH_BANDWIDTH_BOUND                        6                              6              

TOPDOWN_MEM_BOUND                                 3800                           3800              

TOPDOWN_CORE_BOUND                                  46                             46              

TOPDOWN_BR_RECOVER_AT_EXEC_BOUND                     1                              1              

TOPDOWN_MACHINE_CLEARS_BOUND                       102                            102              

H2P_SEEN_MAIN                                    75265                          75265              



