/* -*- Mode: c -*- */
####################################################################################################
Core 0
####################################################################################################
Cumulative:        Cycles: 29013723              Instructions: 59999999              IPC: 2.06799

Periodic:          Cycles: 29013723              Instructions: 59999999              IPC: 2.06799

EXECUTION_TIME                           9066788437500                  9066788437500              

SIM_HOST_WALL_SECONDS                       582.573177                     582.573177              

NODE_CYCLE                                    29013723                       29013723              

NODE_INST_COUNT                               59999999                       59999999              

NODE_INST_COUNT_FETCHED                       59999999                       59999999              

NODE_UOP_COUNT                                65904187                       65904187              

EXEC_STAGE_NO_ISSUE_STALL_CYCLE               19515521                       19515521              

EXEC_STAGE_NO_ISSUE_STALL_CYCLE_ONPATH        16545457                       16545457              

FULL_WINDOW_STALL                                68910        0.238%            68910        0.238%

FULL_WINDOW_MEM_OP                               51610      100.000%            51610      100.000%
FULL_WINDOW_FP_OP                                    0        0.000%                0        0.000%
FULL_WINDOW_OTHER_OP                                 0        0.000%                0        0.000%
                                                 51610      100.000%            51610      100.000%
                                                  0.00         0.00              0.00         0.00

RET_BLOCKED_DC_MISS                            4175442       14.391%          4175442       14.391%

RET_BLOCKED_L1_MISS                             266291        0.918%           266291        0.918%

RET_BLOCKED_L1_MISS_BW_PREF                       2232        0.008%             2232        0.008%

RET_BLOCKED_L1_ACCESS                          3909333       13.474%          3909333       13.474%

RET_BLOCKED_MEM_STALL                           268771        0.926%           268771        0.926%

RET_BLOCKED_OFFCHIP_DEMAND                           0        0.000%                0        0.000%

OP_ISSUED                                     73311651                       73311651              

OP_RETIRED                                    65904187                       65904187              

OP_MACRO_FUSION_ONPATH                               0                              0              

OP_MACRO_FUSION_OFFPATH                              0                              0              

REPLAY_SIGNALED                                      0                              0              

REPLAY_COUNTED                                       0                              0              

OFF_CRITICAL_PATH                                    0         -nan%                0         -nan%
ON_CRITICAL_PATH                                     0         -nan%                0         -nan%
                                                     0         -nan%                0         -nan%
                                                  -nan         -nan              -nan         -nan

LD_NO_DEPENDENTS                               2620416       15.073%          2620416       15.073%
LD_DEPENDENTS                                 14764173       84.927%         14764173       84.927%
                                              17384589      100.000%         17384589      100.000%
                                                  0.85         0.79              0.85         0.79

LD_EXEC_CYCLES_0                                     0        0.000%                0        0.000%
LD_EXEC_CYCLES_1                                     0        0.000%                0        0.000%
LD_EXEC_CYCLES_2                               1615137       75.543%          1615137       75.543%
LD_EXEC_CYCLES_3                                214803       10.047%           214803       10.047%
LD_EXEC_CYCLES_4                                308099       14.410%           308099       14.410%
                                               2138039      100.000%          2138039      100.000%
                                                  2.39         1.16              2.39         1.16

LD_EXEC_MINUS_FETCH_LATENCY                 2035671769                     2035671769              

LD_RETIRE_MINUS_FETCH_LATENCY               2667771459                     2667771459              

LD_EXEC_TO_DONE_LATENCY                      103083019                      103083019              

ICACHE_STAGE_STARVED                           1808370       11.077%          1808370       11.077%
ICACHE_STAGE_NOT_STARVED                      14516464       88.923%         14516464       88.923%
                                              16324834      100.000%         16324834      100.000%
                                                  0.89         0.85              0.89         0.85

ICACHE_STAGE_STALLED                           4085253       14.080%          4085253       14.080%
ICACHE_STAGE_NOT_STALLED                      12239581       42.185%         12239581       42.185%
ICACHE_STAGE_OFF_PATH                         12688889       43.734%         12688889       43.734%
                                              29013723      100.000%         29013723      100.000%
                                                  1.30         0.99              1.30         0.99

DECODE_STAGE_STARVED                          12584018       61.480%         12584018       61.480%
DECODE_STAGE_NOT_STARVED                       7884518       38.520%          7884518       38.520%
                                              20468536      100.000%         20468536      100.000%
                                                  0.39         0.45              0.39         0.45

DECODE_STAGE_STALLED                           3484023       12.008%          3484023       12.008%
DECODE_STAGE_NOT_STALLED                      16984513       58.540%         16984513       58.540%
DECODE_STAGE_OFF_PATH                          8545187       29.452%          8545187       29.452%
                                              29013723      100.000%         29013723      100.000%
                                                  1.17         0.79              1.17         0.79

UOPQ_STAGE_STARVED                            11636653       73.749%         11636653       73.749%
UOPQ_STAGE_NOT_STARVED                         4142108       26.251%          4142108       26.251%
                                              15778761      100.000%         15778761      100.000%
                                                  0.26         0.40              0.26         0.40

UOPQ_STAGE_STALLED                             2212441        7.625%          2212441        7.625%
UOPQ_STAGE_NOT_STALLED                        15778761       54.384%         15778761       54.384%
UOPQ_STAGE_OFF_PATH                           11022521       37.991%         11022521       37.991%
                                              29013723      100.000%         29013723      100.000%
                                                  1.30         0.94              1.30         0.94

RS_OP_READY_NOT_ISSUED_TOTAL                  50550768                       50550768              

RS_0_OP_READY_NOT_ISSUED                      40891423                       40891423              

RS_1_OP_READY_NOT_ISSUED                       3981905                        3981905              

RS_2_OP_READY_NOT_ISSUED                       5677440                        5677440              

RS_3_OP_READY_NOT_ISSUED                             0                              0              

RS_4_OP_READY_NOT_ISSUED                             0                              0              

RS_5_OP_READY_NOT_ISSUED                             0                              0              

RS_6_OP_READY_NOT_ISSUED                             0                              0              

RS_7_OP_READY_NOT_ISSUED                             0                              0              

RS_7_PLUS_OP_READY_NOT_ISSUED                        0                              0              

FU_IDLE_NO_READY_OPS_TOTAL                   146523287                      146523287              

FU_0_IDLE_NO_READY_OPS                        11112505                       11112505              

FU_1_IDLE_NO_READY_OPS                        13433657                       13433657              

FU_2_IDLE_NO_READY_OPS                        14696693                       14696693              

FU_3_IDLE_NO_READY_OPS                        14698322                       14698322              

FU_4_IDLE_NO_READY_OPS                        13600461                       13600461              

FU_5_IDLE_NO_READY_OPS                        10949387                       10949387              

FU_6_IDLE_NO_READY_OPS                        19932350                       19932350              

FU_7_IDLE_NO_READY_OPS                        19934314                       19934314              

FU_8_IDLE_NO_READY_OPS                        13470415                       13470415              

FU_9_IDLE_NO_READY_OPS                        14695183                       14695183              

FU_10_IDLE_NO_READY_OPS                              0                              0              

FU_11_IDLE_NO_READY_OPS                              0                              0              

FU_12_IDLE_NO_READY_OPS                              0                              0              

FU_13_IDLE_NO_READY_OPS                              0                              0              

FU_14_IDLE_NO_READY_OPS                              0                              0              

FU_15_IDLE_NO_READY_OPS                              0                              0              

FU_16_IDLE_NO_READY_OPS                              0                              0              

FU_17_IDLE_NO_READY_OPS                              0                              0              

FU_18_IDLE_NO_READY_OPS                              0                              0              

FU_19_IDLE_NO_READY_OPS                              0                              0              

FU_20_IDLE_NO_READY_OPS                              0                              0              

FU_21_IDLE_NO_READY_OPS                              0                              0              

FU_22_IDLE_NO_READY_OPS                              0                              0              

FU_23_IDLE_NO_READY_OPS                              0                              0              

FU_24_IDLE_NO_READY_OPS                              0                              0              

FU_25_IDLE_NO_READY_OPS                              0                              0              

FU_26_IDLE_NO_READY_OPS                              0                              0              

FU_27_IDLE_NO_READY_OPS                              0                              0              

FU_28_IDLE_NO_READY_OPS                              0                              0              

FU_29_IDLE_NO_READY_OPS                              0                              0              

FU_30_IDLE_NO_READY_OPS                              0                              0              

FU_31_IDLE_NO_READY_OPS                              0                              0              

FU_31_PLUS_IDLE_NO_READY_OPS                         0                              0              

MAP_STAGE_STARVED                              2684465       17.961%          2684465       17.961%
MAP_STAGE_NOT_STARVED                         12261411       82.039%         12261411       82.039%
                                              14945876      100.000%         14945876      100.000%
                                                  0.82         0.76              0.82         0.76

MAP_STAGE_STALLED                               805694        4.095%           805694        4.095%
MAP_STAGE_NOT_STALLED                         14140182       71.860%         14140182       71.860%
MAP_STAGE_OFF_PATH                             4731511       24.045%          4731511       24.045%
                                              19677387      100.000%         19677387      100.000%
                                                  1.20         0.73              1.20         0.73

MAP_STAGE_STALL_ITSELF                         9336336       32.179%          9336336       32.179%
MAP_STAGE_NOT_STALL_ITSELF                    19677387       67.821%         19677387       67.821%
                                              29013723      100.000%         29013723      100.000%
                                                  0.68         0.62              0.68         0.62

MAP_STAGE_LATE_ALLOCATE_SEND_BACK                    0                              0              

MAP_STAGE_RENAME_OP_ONPATH                    65904187                       65904187              

MAP_STAGE_RENAME_OP_OFFPATH                   23043161                       23043161              

MAP_STAGE_RENAME_INT_REG_ONPATH               39375920                       39375920              

MAP_STAGE_RENAME_INT_REG_OFFPATH              12981342                       12981342              

MAP_STAGE_RENAME_VEC_REG_ONPATH                 391823                         391823              

MAP_STAGE_RENAME_VEC_REG_OFFPATH                 60378                          60378              

MAP_STAGE_RENAME_MOVE_ELIM_ONPATH                    0                              0              

MAP_STAGE_RENAME_MOVE_ELIM_OFFPATH                   0                              0              

MAP_STAGE_ONPATH_INT_REG_NUM_ALLOC            39375902                       39375902              

MAP_STAGE_ONPATH_VEC_REG_NUM_ALLOC              391812                         391812              

MAP_STAGE_ONPATH_INT_REG_NUM_SHORTLIVE        13914953                       13914953              

MAP_STAGE_ONPATH_VEC_REG_NUM_SHORTLIVE          186558                         186558              

MAP_STAGE_ONPATH_INT_REG_USE_COUNT_0           3814884                        3814884              

MAP_STAGE_ONPATH_VEC_REG_USE_COUNT_0              2590                           2590              

MAP_STAGE_ONPATH_INT_REG_USE_COUNT_1          23085033                       23085033              

MAP_STAGE_ONPATH_VEC_REG_USE_COUNT_1            317337                         317337              

MAP_STAGE_ONPATH_INT_REG_USE_COUNT_2           7106066                        7106066              

MAP_STAGE_ONPATH_VEC_REG_USE_COUNT_2             56723                          56723              

MAP_STAGE_ONPATH_INT_REG_USE_COUNT_3           2533831                        2533831              

MAP_STAGE_ONPATH_VEC_REG_USE_COUNT_3             11995                          11995              

MAP_STAGE_ONPATH_INT_REG_USE_COUNT_4           1017849                        1017849              

MAP_STAGE_ONPATH_VEC_REG_USE_COUNT_4              2639                           2639              

MAP_STAGE_ONPATH_INT_REG_USE_COUNT_5            516993                         516993              

MAP_STAGE_ONPATH_VEC_REG_USE_COUNT_5               482                            482              

MAP_STAGE_ONPATH_INT_REG_USE_COUNT_6            310798                         310798              

MAP_STAGE_ONPATH_VEC_REG_USE_COUNT_6                 0                              0              

MAP_STAGE_ONPATH_INT_REG_USE_COUNT_7_PLUS        990448                         990448              

MAP_STAGE_ONPATH_VEC_REG_USE_COUNT_7_PLUS            46                             46              

MAP_STAGE_ONPATH_INT_REG_CONSUME_DIST_0              0        0.0000                0        0.0000

MAP_STAGE_ONPATH_VEC_REG_CONSUME_DIST_0              0        0.0000                0        0.0000

MAP_STAGE_ONPATH_INT_REG_CONSUME_DIST_1              0        0.0000                0        0.0000

MAP_STAGE_ONPATH_VEC_REG_CONSUME_DIST_1              0        0.0000                0        0.0000

MAP_STAGE_ONPATH_INT_REG_CONSUME_DIST_2       40237205        5.6624         40237205        5.6624

MAP_STAGE_ONPATH_VEC_REG_CONSUME_DIST_2       49089687      865.4283         49089687      865.4283

MAP_STAGE_ONPATH_INT_REG_CONSUME_DIST_3       24644272        9.7261         24644272        9.7261

MAP_STAGE_ONPATH_VEC_REG_CONSUME_DIST_3         702345       58.5531           702345       58.5531

MAP_STAGE_ONPATH_INT_REG_CONSUME_DIST_4       18152715       17.8344         18152715       17.8344

MAP_STAGE_ONPATH_VEC_REG_CONSUME_DIST_4           5924        2.2448             5924        2.2448

MAP_STAGE_ONPATH_INT_REG_CONSUME_DIST_5        6690317       12.9408          6690317       12.9408

MAP_STAGE_ONPATH_VEC_REG_CONSUME_DIST_5          14467       30.0145            14467       30.0145

MAP_STAGE_ONPATH_INT_REG_CONSUME_DIST_6        5272209       16.9635          5272209       16.9635

MAP_STAGE_ONPATH_VEC_REG_CONSUME_DIST_6              0          -nan                0          -nan

MAP_STAGE_ONPATH_INT_REG_CONSUME_DIST_7_PLUS      28837772       29.1159         28837772       29.1159

MAP_STAGE_ONPATH_VEC_REG_CONSUME_DIST_7_PLUS         13738      298.6522            13738      298.6522

MAP_STAGE_INT_REG_ISSUE_READ_TOTAL_CONSUMED      67127049        3.4397         67127049        3.4397

MAP_STAGE_VEC_REG_ISSUE_READ_TOTAL_CONSUMED        494497        0.0253           494497        0.0253

MAP_STAGE_INT_REG_ISSUE_READ_MULTI_CONSUMED      29263431        1.4995         29263431        1.4995

MAP_STAGE_VEC_REG_ISSUE_READ_MULTI_CONSUMED         96193        0.0049            96193        0.0049

MAP_STAGE_INT_REG_ISSUE_READ_SAME_CYCLE_CONSUMED      16649392        0.8531         16649392        0.8531

MAP_STAGE_VEC_REG_ISSUE_READ_SAME_CYCLE_CONSUMED         24149        0.0012            24149        0.0012

MAP_STAGE_INT_REG_ISSUE_READ_TOTAL_CONSUMED_ONPATH      62487863        3.7767         62487863        3.7767

MAP_STAGE_VEC_REG_ISSUE_READ_TOTAL_CONSUMED_ONPATH        482849        0.0292           482849        0.0292

MAP_STAGE_INT_REG_ISSUE_READ_MULTI_CONSUMED_ONPATH      26926823        1.6274         26926823        1.6274

MAP_STAGE_VEC_REG_ISSUE_READ_MULTI_CONSUMED_ONPATH         93615        0.0057            93615        0.0057

MAP_STAGE_INT_REG_ISSUE_READ_SAME_CYCLE_CONSUMED_ONPATH      15525042        0.9383         15525042        0.9383

MAP_STAGE_VEC_REG_ISSUE_READ_SAME_CYCLE_CONSUMED_ONPATH         24121        0.0015            24121        0.0015

MAP_STAGE_ONPATH_INT_REG_LIFECYCLE_EMPTY    3062229967                     3062229967              

MAP_STAGE_ONPATH_VEC_REG_LIFECYCLE_EMPTY      22475620                       22475620              

MAP_STAGE_ONPATH_INT_REG_LIFECYCLE_IN_USE    3557058572                     3557058572              

MAP_STAGE_ONPATH_VEC_REG_LIFECYCLE_IN_USE      76351594                       76351594              

MAP_STAGE_ONPATH_INT_REG_LIFECYCLE_SPEC_RELEASE    5040759757                     5040759757              

MAP_STAGE_ONPATH_VEC_REG_LIFECYCLE_SPEC_RELEASE     355482807                      355482807              

MAP_STAGE_ONPATH_INT_REG_LIFECYCLE_NONSPEC_RELEASE    5040759757                     5040759757              

MAP_STAGE_ONPATH_VEC_REG_LIFECYCLE_NONSPEC_RELEASE     355482807                      355482807              

MAP_STAGE_ONPATH_INT_REG_LIFECYCLE_TOTAL    5040759757                     5040759757              

MAP_STAGE_ONPATH_VEC_REG_LIFECYCLE_TOTAL     355482807                      355482807              

MAP_STAGE_ONPATH_INT_REG_NUM_NONBRANCH        39375902                       39375902              

MAP_STAGE_ONPATH_VEC_REG_NUM_NONBRANCH          391812                         391812              

MAP_STAGE_ONPATH_INT_REG_NUM_NONEXCEPT        39375902                       39375902              

MAP_STAGE_ONPATH_VEC_REG_NUM_NONEXCEPT          391812                         391812              

MAP_STAGE_ONPATH_INT_REG_NUM_ATOMIC           39375902                       39375902              

MAP_STAGE_ONPATH_VEC_REG_NUM_ATOMIC             391812                         391812              

MAP_STAGE_ONPATH_INT_REG_ATOMIC_REDEFINED_DIST_TOTAL    5040759757      128.0164       5040759757      128.0164

MAP_STAGE_ONPATH_VEC_REG_ATOMIC_REDEFINED_DIST_TOTAL     355482807      907.2790        355482807      907.2790

MAP_STAGE_ONPATH_INT_REG_ATOMIC_CONSUMED_DIST_TOTAL    3557058572       90.3359       3557058572       90.3359

MAP_STAGE_ONPATH_VEC_REG_ATOMIC_CONSUMED_DIST_TOTAL      76351594      194.8679         76351594      194.8679

MAP_STAGE_ONPATH_INT_REG_ATOMIC_RELEASE_DIST_TOTAL    5040759757      128.0164       5040759757      128.0164

MAP_STAGE_ONPATH_VEC_REG_ATOMIC_RELEASE_DIST_TOTAL     355482807      907.2790        355482807      907.2790

EXEC_STAGE_STARVED                            23707643       81.712%         23707643       81.712%
EXEC_STAGE_NOT_STARVED                         1406866        4.849%          1406866        4.849%
EXEC_STAGE_OFF_PATH                            3899214       13.439%          3899214       13.439%
                                              29013723      100.000%         29013723      100.000%
                                                  0.32         0.65              0.32         0.65

FU_BUSY_0                                     11434867                       11434867              

FU_BUSY_1                                      7361156                        7361156              

FU_BUSY_2                                      6751359                        6751359              

FU_BUSY_3                                      6749351                        6749351              

FU_BUSY_4                                      6859717                        6859717              

FU_BUSY_5                                     12077063                       12077063              

FU_BUSY_6                                      4971351                        4971351              

FU_BUSY_7                                      4968269                        4968269              

FU_BUSY_8                                      7269267                        7269267              

FU_BUSY_9                                      6752447                        6752447              

FU_BUSY_10                                           0                              0              

FU_BUSY_11                                           0                              0              

FU_BUSY_12                                           0                              0              

FU_BUSY_13                                           0                              0              

FU_BUSY_14                                           0                              0              

FU_BUSY_15                                           0                              0              

FU_BUSY_16                                           0                              0              

FU_BUSY_17                                           0                              0              

FU_BUSY_18                                           0                              0              

FU_BUSY_19                                           0                              0              

FU_BUSY_20                                           0                              0              

FU_BUSY_21                                           0                              0              

FU_BUSY_22                                           0                              0              

FU_BUSY_23                                           0                              0              

FU_BUSY_24                                           0                              0              

FU_BUSY_25                                           0                              0              

FU_BUSY_26                                           0                              0              

FU_BUSY_27                                           0                              0              

FU_BUSY_28                                           0                              0              

FU_BUSY_29                                           0                              0              

FU_BUSY_30                                           0                              0              

FU_BUSY_31                                           0                              0              

FU_REJECTED_OP_INV_NOT_SIMD                          0        0.000%                0        0.000%
FU_REJECTED_OP_NOP_NOT_SIMD                          0        0.000%                0        0.000%
FU_REJECTED_OP_CF_NOT_SIMD                        1759        0.174%             1759        0.174%
FU_REJECTED_OP_MOV_NOT_SIMD                       2873        0.284%             2873        0.284%
FU_REJECTED_OP_CMOV_NOT_SIMD                         0        0.000%                0        0.000%
FU_REJECTED_OP_LDA_NOT_SIMD                          0        0.000%                0        0.000%
FU_REJECTED_OP_IMEM_NOT_SIMD                    794766       78.503%           794766       78.503%
FU_REJECTED_OP_IADD_NOT_SIMD                    155251       15.335%           155251       15.335%
FU_REJECTED_OP_IMUL_NOT_SIMD                     23946        2.365%            23946        2.365%
FU_REJECTED_OP_IDIV_NOT_SIMD                         0        0.000%                0        0.000%
FU_REJECTED_OP_ICMP_NOT_SIMD                         0        0.000%                0        0.000%
FU_REJECTED_OP_LOGIC_NOT_SIMD                        0        0.000%                0        0.000%
FU_REJECTED_OP_SHIFT_NOT_SIMD                        0        0.000%                0        0.000%
FU_REJECTED_OP_FMEM_NOT_SIMD                         0        0.000%                0        0.000%
FU_REJECTED_OP_FCVT_NOT_SIMD                         0        0.000%                0        0.000%
FU_REJECTED_OP_FADD_NOT_SIMD                         0        0.000%                0        0.000%
FU_REJECTED_OP_FMUL_NOT_SIMD                         0        0.000%                0        0.000%
FU_REJECTED_OP_FMA_NOT_SIMD                          0        0.000%                0        0.000%
FU_REJECTED_OP_FDIV_NOT_SIMD                         0        0.000%                0        0.000%
FU_REJECTED_OP_FCMP_NOT_SIMD                         0        0.000%                0        0.000%
FU_REJECTED_OP_FCMOV_NOT_SIMD                        0        0.000%                0        0.000%
FU_REJECTED_OP_GATHER_NOT_SIMD                       0        0.000%                0        0.000%
FU_REJECTED_OP_SCATTER_NOT_SIMD                      0        0.000%                0        0.000%
FU_REJECTED_OP_PIPELINED_FAST_NOT_SIMD               0        0.000%                0        0.000%
FU_REJECTED_OP_PIPELINED_MEDIUM_NOT_SIMD             0        0.000%                0        0.000%
FU_REJECTED_OP_PIPELINED_SLOW_NOT_SIMD               0        0.000%                0        0.000%
FU_REJECTED_OP_NOTPIPELINED_MEDIUM_NOT_SIMD             0        0.000%                0        0.000%
FU_REJECTED_OP_NOTPIPELINED_SLOW_NOT_SIMD             0        0.000%                0        0.000%
FU_REJECTED_OP_NOTPIPELINED_VERY_SLOW_NOT_SIMD             0        0.000%                0        0.000%
FU_REJECTED_OP_INV_SIMD                              0        0.000%                0        0.000%
FU_REJECTED_OP_NOP_SIMD                              0        0.000%                0        0.000%
FU_REJECTED_OP_CF_SIMD                               0        0.000%                0        0.000%
FU_REJECTED_OP_MOV_SIMD                           1343        0.133%             1343        0.133%
FU_REJECTED_OP_CMOV_SIMD                             0        0.000%                0        0.000%
FU_REJECTED_OP_LDA_SIMD                              0        0.000%                0        0.000%
FU_REJECTED_OP_IMEM_SIMD                             0        0.000%                0        0.000%
FU_REJECTED_OP_IADD_SIMD                             0        0.000%                0        0.000%
FU_REJECTED_OP_IMUL_SIMD                             2        0.000%                2        0.000%
FU_REJECTED_OP_IDIV_SIMD                             0        0.000%                0        0.000%
FU_REJECTED_OP_ICMP_SIMD                             0        0.000%                0        0.000%
FU_REJECTED_OP_LOGIC_SIMD                            0        0.000%                0        0.000%
FU_REJECTED_OP_SHIFT_SIMD                            0        0.000%                0        0.000%
FU_REJECTED_OP_FMEM_SIMD                             0        0.000%                0        0.000%
FU_REJECTED_OP_FCVT_SIMD                          5877        0.581%             5877        0.581%
FU_REJECTED_OP_FADD_SIMD                         26579        2.625%            26579        2.625%
FU_REJECTED_OP_FMUL_SIMD                             0        0.000%                0        0.000%
FU_REJECTED_OP_FMA_SIMD                              0        0.000%                0        0.000%
FU_REJECTED_OP_FDIV_SIMD                             0        0.000%                0        0.000%
FU_REJECTED_OP_FCMP_SIMD                             0        0.000%                0        0.000%
FU_REJECTED_OP_FCMOV_SIMD                            0        0.000%                0        0.000%
FU_REJECTED_OP_GATHER_SIMD                           0        0.000%                0        0.000%
FU_REJECTED_OP_SCATTER_SIMD                          0        0.000%                0        0.000%
FU_REJECTED_OP_PIPELINED_FAST_SIMD                   0        0.000%                0        0.000%
FU_REJECTED_OP_PIPELINED_MEDIUM_SIMD                 0        0.000%                0        0.000%
FU_REJECTED_OP_PIPELINED_SLOW_SIMD                   0        0.000%                0        0.000%
FU_REJECTED_OP_NOTPIPELINED_MEDIUM_SIMD              0        0.000%                0        0.000%
FU_REJECTED_OP_NOTPIPELINED_SLOW_SIMD                0        0.000%                0        0.000%
FU_REJECTED_OP_NOTPIPELINED_VERY_SLOW_SIMD             0        0.000%                0        0.000%
                                               1012396      100.000%          1012396      100.000%
                                                  7.43         6.71              7.43         6.71

LSQ_FULL_TOTAL                                 1025362                        1025362              

LSQ_FULL_LOAD_QUEUE                              14534                          14534              

LSQ_FULL_STORE_QUEUE                           1010828                        1010828              

OP_WAIT_0                                     42729375                       42729375              

OP_WAIT_1                                      9859969                        9859969              

OP_WAIT_2                                      2559443                        2559443              

OP_WAIT_3                                      1157155                        1157155              

OP_WAIT_4                                       646518                         646518              

OP_WAIT_5                                       470713                         470713              

OP_WAIT_6                                       379550                         379550              

OP_WAIT_7                                       267464                         267464              

OP_WAIT_8                                       213494                         213494              

OP_WAIT_9                                       194388                         194388              

OP_WAIT_10                                      167845                         167845              

OP_WAIT_11                                      139290                         139290              

OP_WAIT_12                                      132956                         132956              

OP_WAIT_13                                      136197                         136197              

OP_WAIT_14                                      130511                         130511              

OP_WAIT_15                                      110710                         110710              

OP_WAIT_16                                      106961                         106961              

OP_WAIT_17                                      111022                         111022              

OP_WAIT_18                                      108024                         108024              

OP_WAIT_19                                      112306                         112306              

OP_WAIT_20                                      102758                         102758              

OP_WAIT_21                                       98770                          98770              

OP_WAIT_22                                      109345                         109345              

OP_WAIT_23                                      105027                         105027              

OP_WAIT_24                                      104166                         104166              

OP_WAIT_25                                      107406                         107406              

OP_WAIT_26                                      102670                         102670              

OP_WAIT_27                                      104824                         104824              

OP_WAIT_28                                      109417                         109417              

OP_WAIT_29                                      107573                         107573              

OP_WAIT_30                                       87328                          87328              

OP_WAIT_31                                     5031012                        5031012              

ROW_SIZE_0                                    16727469                       16727469              

ROW_SIZE_1                                     2776630                        2776630              

ROW_SIZE_2                                      668193                         668193              

ROW_SIZE_3                                      457712                         457712              

ROW_SIZE_4                                      383278                         383278              

ROW_SIZE_5                                      333487                         333487              

ROW_SIZE_6                                      294304                         294304              

ROW_SIZE_7                                      182360                         182360              

ROW_SIZE_8                                     6771893                        6771893              

ROW_SIZE_9                                           0                              0              

ROW_SIZE_10                                          0                              0              

ROW_SIZE_11                                          0                              0              

ROW_SIZE_12                                          0                              0              

ROW_SIZE_13                                          0                              0              

ROW_SIZE_14                                          0                              0              

ROW_SIZE_15                                          0                              0              

ROW_SIZE_16                                          0                              0              

ROW_SIZE_17                                          0                              0              

ROW_SIZE_18                                          0                              0              

ROW_SIZE_19                                          0                              0              

ROW_SIZE_20                                          0                              0              

ROW_SIZE_21                                          0                              0              

ROW_SIZE_22                                          0                              0              

ROW_SIZE_23                                          0                              0              

ROW_SIZE_24                                          0                              0              

ROW_SIZE_25                                          0                              0              

ROW_SIZE_26                                          0                              0              

ROW_SIZE_27                                          0                              0              

ROW_SIZE_28                                          0                              0              

ROW_SIZE_29                                          0                              0              

ROW_SIZE_30                                          0                              0              

ROW_SIZE_31                                          0                              0              

RET_OP_EXEC_COUNT_0                                  0        0.000%                0        0.000%
RET_OP_EXEC_COUNT_1                           65904187      100.000%         65904187      100.000%
RET_OP_EXEC_COUNT_2                                  0        0.000%                0        0.000%
RET_OP_EXEC_COUNT_3                                  0        0.000%                0        0.000%
RET_OP_EXEC_COUNT_4                                  0        0.000%                0        0.000%
RET_OP_EXEC_COUNT_5                                  0        0.000%                0        0.000%
RET_OP_EXEC_COUNT_6                                  0        0.000%                0        0.000%
RET_OP_EXEC_COUNT_7                                  0        0.000%                0        0.000%
RET_OP_EXEC_COUNT_8                                  0        0.000%                0        0.000%
RET_OP_EXEC_COUNT_9                                  0        0.000%                0        0.000%
RET_OP_EXEC_COUNT_10                                 0        0.000%                0        0.000%
RET_OP_EXEC_COUNT_11                                 0        0.000%                0        0.000%
RET_OP_EXEC_COUNT_12                                 0        0.000%                0        0.000%
RET_OP_EXEC_COUNT_13                                 0        0.000%                0        0.000%
RET_OP_EXEC_COUNT_14                                 0        0.000%                0        0.000%
RET_OP_EXEC_COUNT_15                                 0        0.000%                0        0.000%
RET_OP_EXEC_COUNT_16                                 0        0.000%                0        0.000%
RET_OP_EXEC_COUNT_17                                 0        0.000%                0        0.000%
RET_OP_EXEC_COUNT_18                                 0        0.000%                0        0.000%
RET_OP_EXEC_COUNT_19                                 0        0.000%                0        0.000%
RET_OP_EXEC_COUNT_20                                 0        0.000%                0        0.000%
RET_OP_EXEC_COUNT_21                                 0        0.000%                0        0.000%
RET_OP_EXEC_COUNT_22                                 0        0.000%                0        0.000%
RET_OP_EXEC_COUNT_23                                 0        0.000%                0        0.000%
RET_OP_EXEC_COUNT_24                                 0        0.000%                0        0.000%
RET_OP_EXEC_COUNT_25                                 0        0.000%                0        0.000%
RET_OP_EXEC_COUNT_26                                 0        0.000%                0        0.000%
RET_OP_EXEC_COUNT_27                                 0        0.000%                0        0.000%
RET_OP_EXEC_COUNT_28                                 0        0.000%                0        0.000%
RET_OP_EXEC_COUNT_29                                 0        0.000%                0        0.000%
RET_OP_EXEC_COUNT_30                                 0        0.000%                0        0.000%
RET_OP_EXEC_COUNT_31                                 0        0.000%                0        0.000%
RET_OP_EXEC_COUNT_32                                 0        0.000%                0        0.000%
                                              65904187      100.000%         65904187      100.000%
                                                  1.00         0.00              1.00         0.00

RET_STALL_LENGTH_0                            65902707       99.998%         65902707       99.998%
RET_STALL_LENGTH_100                              1218        0.002%             1218        0.002%
RET_STALL_LENGTH_200                               196        0.000%              196        0.000%
RET_STALL_LENGTH_300                                11        0.000%               11        0.000%
RET_STALL_LENGTH_400                                 6        0.000%                6        0.000%
RET_STALL_LENGTH_500                                 9        0.000%                9        0.000%
RET_STALL_LENGTH_600                                 2        0.000%                2        0.000%
RET_STALL_LENGTH_700                                 4        0.000%                4        0.000%
RET_STALL_LENGTH_800                                 5        0.000%                5        0.000%
RET_STALL_LENGTH_900                                 9        0.000%                9        0.000%
RET_STALL_LENGTH_1000                                4        0.000%                4        0.000%
RET_STALL_LENGTH_1100                                4        0.000%                4        0.000%
RET_STALL_LENGTH_1200                               11        0.000%               11        0.000%
RET_STALL_LENGTH_1300                                1        0.000%                1        0.000%
RET_STALL_LENGTH_1400                                0        0.000%                0        0.000%
RET_STALL_LENGTH_1500                                0        0.000%                0        0.000%
RET_STALL_LENGTH_1600                                0        0.000%                0        0.000%
RET_STALL_LENGTH_1700                                0        0.000%                0        0.000%
RET_STALL_LENGTH_1800                                0        0.000%                0        0.000%
RET_STALL_LENGTH_1900                                0        0.000%                0        0.000%
RET_STALL_LENGTH_2000                                0        0.000%                0        0.000%
RET_STALL_LENGTH_2100                                0        0.000%                0        0.000%
RET_STALL_LENGTH_2200                                0        0.000%                0        0.000%
RET_STALL_LENGTH_2300                                0        0.000%                0        0.000%
RET_STALL_LENGTH_2400                                0        0.000%                0        0.000%
RET_STALL_LENGTH_2500                                0        0.000%                0        0.000%
RET_STALL_LENGTH_2600                                0        0.000%                0        0.000%
RET_STALL_LENGTH_2700                                0        0.000%                0        0.000%
RET_STALL_LENGTH_2800                                0        0.000%                0        0.000%
RET_STALL_LENGTH_2900                                0        0.000%                0        0.000%
RET_STALL_LENGTH_3000                                0        0.000%                0        0.000%
RET_STALL_LENGTH_3100                                0        0.000%                0        0.000%
RET_STALL_LENGTH_3200                                0        0.000%                0        0.000%
RET_STALL_LENGTH_3300                                0        0.000%                0        0.000%
RET_STALL_LENGTH_3400                                0        0.000%                0        0.000%
RET_STALL_LENGTH_3500                                0        0.000%                0        0.000%
RET_STALL_LENGTH_3600                                0        0.000%                0        0.000%
RET_STALL_LENGTH_3700                                0        0.000%                0        0.000%
RET_STALL_LENGTH_3800                                0        0.000%                0        0.000%
RET_STALL_LENGTH_3900                                0        0.000%                0        0.000%
RET_STALL_LENGTH_4000                                0        0.000%                0        0.000%
RET_STALL_LENGTH_4100                                0        0.000%                0        0.000%
RET_STALL_LENGTH_4200                                0        0.000%                0        0.000%
RET_STALL_LENGTH_4300                                0        0.000%                0        0.000%
RET_STALL_LENGTH_4400                                0        0.000%                0        0.000%
RET_STALL_LENGTH_4500                                0        0.000%                0        0.000%
RET_STALL_LENGTH_4600                                0        0.000%                0        0.000%
RET_STALL_LENGTH_4700                                0        0.000%                0        0.000%
RET_STALL_LENGTH_4800                                0        0.000%                0        0.000%
RET_STALL_LENGTH_4900                                0        0.000%                0        0.000%
RET_STALL_LENGTH_5000                                0        0.000%                0        0.000%
                                              65904187      100.000%         65904187      100.000%
                                                  0.00         0.01              0.00         0.01

MEM_BLOCK_LENGTH_0                                 461       99.140%              461       99.140%
MEM_BLOCK_LENGTH_100                                 3        0.645%                3        0.645%
MEM_BLOCK_LENGTH_200                                 0        0.000%                0        0.000%
MEM_BLOCK_LENGTH_300                                 0        0.000%                0        0.000%
MEM_BLOCK_LENGTH_400                                 0        0.000%                0        0.000%
MEM_BLOCK_LENGTH_500                                 1        0.215%                1        0.215%
MEM_BLOCK_LENGTH_600                                 0        0.000%                0        0.000%
MEM_BLOCK_LENGTH_700                                 0        0.000%                0        0.000%
MEM_BLOCK_LENGTH_800                                 0        0.000%                0        0.000%
MEM_BLOCK_LENGTH_900                                 0        0.000%                0        0.000%
MEM_BLOCK_LENGTH_1000                                0        0.000%                0        0.000%
MEM_BLOCK_LENGTH_1100                                0        0.000%                0        0.000%
MEM_BLOCK_LENGTH_1200                                0        0.000%                0        0.000%
MEM_BLOCK_LENGTH_1300                                0        0.000%                0        0.000%
MEM_BLOCK_LENGTH_1400                                0        0.000%                0        0.000%
MEM_BLOCK_LENGTH_1500                                0        0.000%                0        0.000%
MEM_BLOCK_LENGTH_1600                                0        0.000%                0        0.000%
MEM_BLOCK_LENGTH_1700                                0        0.000%                0        0.000%
MEM_BLOCK_LENGTH_1800                                0        0.000%                0        0.000%
MEM_BLOCK_LENGTH_1900                                0        0.000%                0        0.000%
MEM_BLOCK_LENGTH_2000                                0        0.000%                0        0.000%
MEM_BLOCK_LENGTH_2100                                0        0.000%                0        0.000%
MEM_BLOCK_LENGTH_2200                                0        0.000%                0        0.000%
MEM_BLOCK_LENGTH_2300                                0        0.000%                0        0.000%
MEM_BLOCK_LENGTH_2400                                0        0.000%                0        0.000%
MEM_BLOCK_LENGTH_2500                                0        0.000%                0        0.000%
MEM_BLOCK_LENGTH_2600                                0        0.000%                0        0.000%
MEM_BLOCK_LENGTH_2700                                0        0.000%                0        0.000%
MEM_BLOCK_LENGTH_2800                                0        0.000%                0        0.000%
MEM_BLOCK_LENGTH_2900                                0        0.000%                0        0.000%
MEM_BLOCK_LENGTH_3000                                0        0.000%                0        0.000%
MEM_BLOCK_LENGTH_3100                                0        0.000%                0        0.000%
MEM_BLOCK_LENGTH_3200                                0        0.000%                0        0.000%
MEM_BLOCK_LENGTH_3300                                0        0.000%                0        0.000%
MEM_BLOCK_LENGTH_3400                                0        0.000%                0        0.000%
MEM_BLOCK_LENGTH_3500                                0        0.000%                0        0.000%
MEM_BLOCK_LENGTH_3600                                0        0.000%                0        0.000%
MEM_BLOCK_LENGTH_3700                                0        0.000%                0        0.000%
MEM_BLOCK_LENGTH_3800                                0        0.000%                0        0.000%
MEM_BLOCK_LENGTH_3900                                0        0.000%                0        0.000%
MEM_BLOCK_LENGTH_4000                                0        0.000%                0        0.000%
MEM_BLOCK_LENGTH_4100                                0        0.000%                0        0.000%
MEM_BLOCK_LENGTH_4200                                0        0.000%                0        0.000%
MEM_BLOCK_LENGTH_4300                                0        0.000%                0        0.000%
MEM_BLOCK_LENGTH_4400                                0        0.000%                0        0.000%
MEM_BLOCK_LENGTH_4500                                0        0.000%                0        0.000%
MEM_BLOCK_LENGTH_4600                                0        0.000%                0        0.000%
MEM_BLOCK_LENGTH_4700                                0        0.000%                0        0.000%
MEM_BLOCK_LENGTH_4800                                0        0.000%                0        0.000%
MEM_BLOCK_LENGTH_4900                                0        0.000%                0        0.000%
MEM_BLOCK_LENGTH_5000                                0        0.000%                0        0.000%
                                                   465      100.000%              465      100.000%
                                                  0.02         0.24              0.02         0.24

FUS_BUSY_ON_PATH                              67645386        2.3315         67645386        2.3315

FUS_BUSY_OFF_PATH                              7549461        0.2602          7549461        0.2602

FU_BUSY_MEM_STALL                              1883196        0.0649          1883196        0.0649

FUS_EMPTY                                    214942383        7.4083        214942383        7.4083

FU_UNAVAILABLE                                   40302        0.0014            40302        0.0014

FU_MEM_UNAVAILABLE                              972094        0.0335           972094        0.0335

FU_OTHER_UNAVAILABLE                                 0        0.0000                0        0.0000

FU_REPLAY                                            0        0.0000                0        0.0000

FU_STARVED                                   214460118        7.3917        214460118        7.3917

CHIP_UTILIZATION                                     0        0.0000                0        0.0000

CYCLES_UNDER_MEM_REQ                                 0                              0              

CYCLES_UNDER_NO_MEM_REQ                              0                              0              

CYCLES_UNDER_CRITICAL_MEM_REQ                        0                              0              

CYCLES_UNDER_NONCRITICAL_MEM_REQ                     0                              0              

CHIP_UTILIZATION_UNDER_MEM_REQ                       0          -nan                0          -nan

CHIP_UTILIZATION_UNDER_NO_MEM_REQ                    0          -nan                0          -nan

CHIP_UTILIZATION_UNDER_CRITICAL_MEM_REQ              0          -nan                0          -nan

CHIP_UTILIZATION_UNDER_NONCRITICAL_MEM_REQ             0          -nan                0          -nan

CYCLES_NOT_WAITING_FOR_OFF_CHIP                      0        0.0000                0        0.0000

FUS_BUSY_NOT_WAITING_FOR_OFF_CHIP                    0          -nan                0          -nan

CYCLES_WAITING_FOR_OFF_CHIP                          0        0.0000                0        0.0000

FUS_BUSY_WAITING_FOR_OFF_CHIP                        0          -nan                0          -nan

TOTAL_OFF_CHIP_DELAYS_LEFT                           0                              0              

WRONG_IO_SCHED                                       0                              0              

DVFS_CONFIG_SWITCH                                   0                              0              

MAP_STAGE_RECEIVED_OPS_0                             0        0.000%                0        0.000%
MAP_STAGE_RECEIVED_OPS_1                        113102        1.002%           113102        1.002%
MAP_STAGE_RECEIVED_OPS_2                        129677        1.148%           129677        1.148%
MAP_STAGE_RECEIVED_OPS_3                        167993        1.488%           167993        1.488%
MAP_STAGE_RECEIVED_OPS_4                        199681        1.768%           199681        1.768%
MAP_STAGE_RECEIVED_OPS_5                        205700        1.822%           205700        1.822%
MAP_STAGE_RECEIVED_OPS_6                      10476489       92.773%         10476489       92.773%
MAP_STAGE_RECEIVED_OPS_7                             0        0.000%                0        0.000%
MAP_STAGE_RECEIVED_OPS_8                             0        0.000%                0        0.000%
MAP_STAGE_RECEIVED_OPS_MAX                           0        0.000%                0        0.000%
                                              11292642      100.000%         11292642      100.000%
                                                  5.81         0.79              5.81         0.79

MAP_STAGE_WAIT_FOR_DECODE                            0         -nan%                0         -nan%
MAP_STAGE_CONSUME_DECODE                             0         -nan%                0         -nan%
                                                     0         -nan%                0         -nan%
                                                  -nan         -nan              -nan         -nan

MAP_STAGE_WAIT_FOR_DECODE2                           0         -nan%                0         -nan%
MAP_STAGE_CONSUME_DECODE2                            0         -nan%                0         -nan%
                                                     0         -nan%                0         -nan%
                                                  -nan         -nan              -nan         -nan

FTQ_RECOVER_EXEC                                163945                         163945              

FTQ_RECOVER_DECODE                                 312                            312              

FTQ_OFFPATH_CYCLES                            21807842                       21807842              

FTQ_CYCLES_OFFPATH                            21807842                       21807842              

FTQ_CYCLES_ONPATH                              7205881                        7205881              

FTQ_FETCHED_INS_ONPATH                        65904187                       65904187              

FTQ_FETCHED_INS_OFFPATH                      130749411                      130749411              

FTQ_BREAK_FULL_FT_ONPATH                       2886777                        2886777              

FTQ_BREAK_FULL_FT_OFFPATH                     11372514                       11372514              

FTQ_BREAK_PRED_BR_ONPATH                             0                              0              

FTQ_BREAK_PRED_BR_OFFPATH                            0                              0              

FTQ_BREAK_BAR_FETCH_ONPATH                           0                              0              

FTQ_BREAK_BAR_FETCH_OFFPATH                          0                              0              

FTQ_BREAK_MAX_CFS_TAKEN_ONPATH                       0                              0              

FTQ_BREAK_MAX_CFS_TAKEN_OFFPATH                      0                              0              

FTQ_BREAK_MAX_FT_ONPATH                        4318598                        4318598              

FTQ_BREAK_MAX_FT_OFFPATH                      10435328                       10435328              

DFE_GEN_ON_PATH_FT                             6939197                        6939197              

DFE_GEN_OFF_PATH_FT                           11594461                       11594461              

DFE_L0_ENABLED_PREDICTIONS                    65904187                       65904187              

DFE_L0_WRONG_MAIN_CORRECT                      1958225                        1958225              

DFE_L0_WRONG_MAIN_WRONG                         155462                         155462              

DFE_L0_CORRECT_MAIN_WRONG                         8795                           8795              

DFE_L0_CORRECT_MAIN_CORRECT                   63781705                       63781705              

DFE_L0_WRONG_MAIN_CORRECT_RECOVERY_SCHEDULED             0                              0              

FTQ_SAW_BAR_FETCH_OFFPATH                            0                              0              

FTQ_SAW_BAR_FETCH_ONPATH                             0                              0              

DFE_CONF_0_RECOVER_AT_EXEC                           0         -nan%                0         -nan%
DFE_CONF_1_RECOVER_AT_EXEC                           0         -nan%                0         -nan%
DFE_CONF_2_RECOVER_AT_EXEC                           0         -nan%                0         -nan%
DFE_CONF_3_RECOVER_AT_EXEC                           0         -nan%                0         -nan%
DFE_CONF_0_CORRECT                                   0         -nan%                0         -nan%
DFE_CONF_1_CORRECT                                   0         -nan%                0         -nan%
DFE_CONF_2_CORRECT                                   0         -nan%                0         -nan%
DFE_CONF_3_CORRECT                                   0         -nan%                0         -nan%
                                                     0         -nan%                0         -nan%
                                                  -nan         -nan              -nan         -nan

DFE_ON_CONF_ON_OPS                                   0         -nan%                0         -nan%
DFE_ON_CONF_OFF_OPS                                  0         -nan%                0         -nan%
DFE_OFF_CONF_ON_OPS                                  0         -nan%                0         -nan%
DFE_OFF_CONF_OFF_REALISTIC_OPS                       0         -nan%                0         -nan%
DFE_OFF_CONF_OFF_PERFECT_OPS                         0         -nan%                0         -nan%
                                                     0         -nan%                0         -nan%
                                                  -nan         -nan              -nan         -nan

DFE_ON_CONF_ON_FETCH_TARGETS                         0         -nan%                0         -nan%
DFE_ON_CONF_OFF_FETCH_TARGETS                        0         -nan%                0         -nan%
DFE_OFF_CONF_ON_FETCH_TARGETS                        0         -nan%                0         -nan%
DFE_OFF_CONF_OFF_REALISTIC_FETCH_TARGETS             0         -nan%                0         -nan%
DFE_OFF_CONF_OFF_PERFECT_FETCH_TARGETS               0         -nan%                0         -nan%
                                                     0         -nan%                0         -nan%
                                                  -nan         -nan              -nan         -nan

DFE_ON_CONF_ON_CYCLES                                0         -nan%                0         -nan%
DFE_ON_CONF_OFF_CYCLES                               0         -nan%                0         -nan%
DFE_OFF_CONF_ON_CYCLES                               0         -nan%                0         -nan%
DFE_OFF_CONF_OFF_REALISTIC_CYCLES                    0         -nan%                0         -nan%
DFE_OFF_CONF_OFF_PERFECT_CYCLES                      0         -nan%                0         -nan%
                                                     0         -nan%                0         -nan%
                                                  -nan         -nan              -nan         -nan

DFE_OFF_CONF_ON_NUM_EVENTS                           0                              0              

DFE_OFF_CONF_ON_NOT_IDENTIFIED_EVENTS                0         -nan%                0         -nan%
DFE_OFF_CONF_ON_IBTB_MISS_EVENTS                     0         -nan%                0         -nan%
DFE_OFF_CONF_ON_BTB_MISS_EVENTS                      0         -nan%                0         -nan%
DFE_OFF_CONF_ON_BTB_MISS_RECOVER_AT_EXEC_EVENTS             0         -nan%                0         -nan%
DFE_OFF_CONF_ON_RECOVER_AT_EXEC_EVENTS               0         -nan%                0         -nan%
DFE_OFF_CONF_ON_RECOVER_AT_DECODE_EVENTS             0         -nan%                0         -nan%
                                                     0         -nan%                0         -nan%
                                                  -nan         -nan              -nan         -nan

DFE_OFF_CONF_ON_LATE_BTB_HIT_EVENTS                  0                              0              

DFE_OFF_CONF_ON_NOT_IDENTIFIED_CYCLES                0         -nan%                0         -nan%
DFE_OFF_CONF_ON_IBTB_MISS_CYCLES                     0         -nan%                0         -nan%
DFE_OFF_CONF_ON_BTB_MISS_CYCLES                      0         -nan%                0         -nan%
DFE_OFF_CONF_ON_BTB_MISS_RECOVER_AT_EXEC_CYCLES             0         -nan%                0         -nan%
DFE_OFF_CONF_ON_RECOVER_AT_EXEC_CYCLES               0         -nan%                0         -nan%
DFE_OFF_CONF_ON_RECOVER_AT_DECODE_CYCLES             0         -nan%                0         -nan%
                                                     0         -nan%                0         -nan%
                                                  -nan         -nan              -nan         -nan

DFE_OFF_CONF_ON_LATE_BTB_HIT_CYCLES                  0                              0              

DFE_OFF_CONF_ON_NOT_IDENTIFIED_FETCH_TARGETS             0         -nan%                0         -nan%
DFE_OFF_CONF_ON_IBTB_MISS_FETCH_TARGETS              0         -nan%                0         -nan%
DFE_OFF_CONF_ON_BTB_MISS_FETCH_TARGETS               0         -nan%                0         -nan%
DFE_OFF_CONF_ON_BTB_MISS_RECOVER_AT_EXEC_FETCH_TARGETS             0         -nan%                0         -nan%
DFE_OFF_CONF_ON_RECOVER_AT_EXEC_FETCH_TARGETS             0         -nan%                0         -nan%
DFE_OFF_CONF_ON_RECOVER_AT_DECODE_FETCH_TARGETS             0         -nan%                0         -nan%
                                                     0         -nan%                0         -nan%
                                                  -nan         -nan              -nan         -nan

DFE_OFF_CONF_ON_LATE_BTB_HIT_FETCH_TARGETS             0                              0              

DFE_OFF_CONF_ON_BP_INCORRECT_0_CONF                  0         -nan%                0         -nan%
DFE_OFF_CONF_ON_BP_INCORRECT_1_CONF                  0         -nan%                0         -nan%
DFE_OFF_CONF_ON_BP_INCORRECT_2_CONF                  0         -nan%                0         -nan%
DFE_OFF_CONF_ON_BP_INCORRECT_3_CONF                  0         -nan%                0         -nan%
                                                     0         -nan%                0         -nan%
                                                  -nan         -nan              -nan         -nan

DFE_OFF_CONF_ON_BTB_MISS_CBR_0_CONF                  0         -nan%                0         -nan%
DFE_OFF_CONF_ON_BTB_MISS_CBR_1_CONF                  0         -nan%                0         -nan%
DFE_OFF_CONF_ON_BTB_MISS_CBR_2_CONF                  0         -nan%                0         -nan%
DFE_OFF_CONF_ON_BTB_MISS_CBR_3_CONF                  0         -nan%                0         -nan%
                                                     0         -nan%                0         -nan%
                                                  -nan         -nan              -nan         -nan

DFE_OFF_CONF_ON_BTB_MISS_NOT_CF                      0         -nan%                0         -nan%
DFE_OFF_CONF_ON_BTB_MISS_CF_BR                       0         -nan%                0         -nan%
DFE_OFF_CONF_ON_BTB_MISS_CF_CBR                      0         -nan%                0         -nan%
DFE_OFF_CONF_ON_BTB_MISS_CF_CALL                     0         -nan%                0         -nan%
DFE_OFF_CONF_ON_BTB_MISS_CF_IBR                      0         -nan%                0         -nan%
DFE_OFF_CONF_ON_BTB_MISS_CF_ICALL                    0         -nan%                0         -nan%
DFE_OFF_CONF_ON_BTB_MISS_CF_ICO                      0         -nan%                0         -nan%
DFE_OFF_CONF_ON_BTB_MISS_CF_RET                      0         -nan%                0         -nan%
DFE_OFF_CONF_ON_BTB_MISS_CF_SYS                      0         -nan%                0         -nan%
                                                     0         -nan%                0         -nan%
                                                  -nan         -nan              -nan         -nan

DFE_ON_CONF_OFF_NUM_EVENTS                           0                              0              

CONF_BTB_NUM_CYCLES_OFF_PATH_EVENT                   0                              0              

DFE_ON_CONF_OFF_IBTB_MISS_BP_TAKEN                   0         -nan%                0         -nan%
DFE_ON_CONF_OFF_BTB_MISS_BP_TAKEN_CONF_0             0         -nan%                0         -nan%
DFE_ON_CONF_OFF_BTB_MISS_BP_TAKEN_CONF_1             0         -nan%                0         -nan%
DFE_ON_CONF_OFF_BTB_MISS_BP_TAKEN_CONF_2             0         -nan%                0         -nan%
DFE_ON_CONF_OFF_BTB_MISS_BP_TAKEN_CONF_3             0         -nan%                0         -nan%
DFE_ON_CONF_OFF_BTB_MISS_RATE                        0         -nan%                0         -nan%
DFE_ON_CONF_OFF_IBTB_MISS_RATE                       0         -nan%                0         -nan%
DFE_ON_CONF_OFF_RECOVER_AT_DECODE_RATE               0         -nan%                0         -nan%
DFE_ON_CONF_OFF_RECOVER_AT_EXEC_RATE                 0         -nan%                0         -nan%
DFE_ON_CONF_OFF_INV_CONF_INC                         0         -nan%                0         -nan%
DFE_ON_CONF_OFF_PERFECT_CONF                         0         -nan%                0         -nan%
                                                     0         -nan%                0         -nan%
                                                  -nan         -nan              -nan         -nan

DFE_ON_CONF_OFF_IBTB_MISS_BP_TAKEN_CYCLES             0         -nan%                0         -nan%
DFE_ON_CONF_OFF_BTB_MISS_BP_TAKEN_CONF_0_CYCLES             0         -nan%                0         -nan%
DFE_ON_CONF_OFF_BTB_MISS_BP_TAKEN_CONF_1_CYCLES             0         -nan%                0         -nan%
DFE_ON_CONF_OFF_BTB_MISS_BP_TAKEN_CONF_2_CYCLES             0         -nan%                0         -nan%
DFE_ON_CONF_OFF_BTB_MISS_BP_TAKEN_CONF_3_CYCLES             0         -nan%                0         -nan%
DFE_ON_CONF_OFF_BTB_MISS_RATE_CYCLES                 0         -nan%                0         -nan%
DFE_ON_CONF_OFF_IBTB_MISS_RATE_CYCLES                0         -nan%                0         -nan%
DFE_ON_CONF_OFF_RECOVER_AT_DECODE_RATE_CYCLES             0         -nan%                0         -nan%
DFE_ON_CONF_OFF_RECOVER_AT_EXEC_RATE_CYCLES             0         -nan%                0         -nan%
DFE_ON_CONF_OFF_INV_CONF_INC_CYCLES                  0         -nan%                0         -nan%
DFE_ON_CONF_OFF_PERFECT_CONF_CYCLES                  0         -nan%                0         -nan%
                                                     0         -nan%                0         -nan%
                                                  -nan         -nan              -nan         -nan

DFE_ON_CONF_OFF_IBTB_MISS_BP_TAKEN_FETCH_TARGETS             0         -nan%                0         -nan%
DFE_ON_CONF_OFF_BTB_MISS_BP_TAKEN_CONF_0_FETCH_TARGETS             0         -nan%                0         -nan%
DFE_ON_CONF_OFF_BTB_MISS_BP_TAKEN_CONF_1_FETCH_TARGETS             0         -nan%                0         -nan%
DFE_ON_CONF_OFF_BTB_MISS_BP_TAKEN_CONF_2_FETCH_TARGETS             0         -nan%                0         -nan%
DFE_ON_CONF_OFF_BTB_MISS_BP_TAKEN_CONF_3_FETCH_TARGETS             0         -nan%                0         -nan%
DFE_ON_CONF_OFF_BTB_MISS_RATE_FETCH_TARGETS             0         -nan%                0         -nan%
DFE_ON_CONF_OFF_IBTB_MISS_RATE_FETCH_TARGETS             0         -nan%                0         -nan%
DFE_ON_CONF_OFF_RECOVER_AT_DECODE_RATE_FETCH_TARGETS             0         -nan%                0         -nan%
DFE_ON_CONF_OFF_RECOVER_AT_EXEC_RATE_FETCH_TARGETS             0         -nan%                0         -nan%
DFE_ON_CONF_OFF_INV_CONF_INC_FETCH_TARGETS             0         -nan%                0         -nan%
DFE_ON_CONF_OFF_PERFECT_CONF_FETCH_TARGETS             0         -nan%                0         -nan%
                                                     0         -nan%                0         -nan%
                                                  -nan         -nan              -nan         -nan

CONF_OFF_IBTB_MISS_BP_TAKEN                          0         -nan%                0         -nan%
CONF_OFF_BTB_MISS_BP_TAKEN_CONF_0                    0         -nan%                0         -nan%
CONF_OFF_BTB_MISS_BP_TAKEN_CONF_1                    0         -nan%                0         -nan%
CONF_OFF_BTB_MISS_BP_TAKEN_CONF_2                    0         -nan%                0         -nan%
CONF_OFF_BTB_MISS_BP_TAKEN_CONF_3                    0         -nan%                0         -nan%
CONF_OFF_BTB_MISS_RATE                               0         -nan%                0         -nan%
CONF_OFF_IBTB_MISS_RATE                              0         -nan%                0         -nan%
CONF_OFF_RECOVER_AT_DECODE_RATE                      0         -nan%                0         -nan%
CONF_OFF_RECOVER_AT_EXEC_RATE                        0         -nan%                0         -nan%
CONF_OFF_INV_CONF_INC                                0         -nan%                0         -nan%
CONF_OFF_PERFECT_CONF                                0         -nan%                0         -nan%
                                                     0         -nan%                0         -nan%
                                                  -nan         -nan              -nan         -nan

TOPDOWN_TOTAL_SLOTS                          174082338                      174082338              

TOPDOWN_ISSUED_SLOTS                          93642745                       93642745              

TOPDOWN_RETIRED_SLOTS                         65904187                       65904187              

TOPDOWN_FETCH_BUBBLES_SLOTS                   10783039                       10783039              

TOPDOWN_RECOVERY_BUBBLES_SLOTS                 7428866                        7428866              

TOPDOWN_MEM_LOAD_STALLS_CYCLES                 9749314                        9749314              

TOPDOWN_MEM_STORE_STALLS_CYCLES                   9468                           9468              

TOPDOWN_EXEC_STALLS_CYCLES                     8952591                        8952591              

TOPDOWN_BACKEND_STALLS_CYCLES                  9759549                        9759549              

TOPDOWN_FETCH_BUBBLES_GT_MIW_CYCLES            1514765                        1514765              

TOPDOWN_BR_RECOVER_AT_EXEC_RETIRED_CYCLES        163945                         163945              

TOPDOWN_MACHINE_CLEAR_CYCLES                   2122482                        2122482              

TOPDOWN_FRONTEND_BOUND                             619                            619              

TOPDOWN_BACKEND_BOUND                             3576                           3576              

TOPDOWN_BAD_SPEC_BOUND                            2020                           2020              

TOPDOWN_RETIRING_BOUND                            3785                           3785              

TOPDOWN_FETCH_LATENCY_BOUND                        522                            522              

TOPDOWN_FETCH_BANDWIDTH_BOUND                       97                             97              

TOPDOWN_MEM_BOUND                                 3575                           3575              

TOPDOWN_CORE_BOUND                                   1                              1              

TOPDOWN_BR_RECOVER_AT_EXEC_BOUND                   144                            144              

TOPDOWN_MACHINE_CLEARS_BOUND                      1876                           1876              

H2P_SEEN_MAIN                                     1823                           1823              



