/* -*- Mode: c -*- */
####################################################################################################
Core 0
####################################################################################################
Cumulative:        Cycles: 9317121               Instructions: 30000000              IPC: 3.21988

Periodic:          Cycles: 3067560               Instructions: 9999995               IPC: 3.25992

EXECUTION_TIME                            958612500000                  2911600312500              

SIM_HOST_WALL_SECONDS                       142.089780                     142.089780              

NODE_CYCLE                                     3067560                        9317121              

NODE_INST_COUNT                                9999995                       30000078              

NODE_INST_COUNT_FETCHED                        9999995                       30000000              

NODE_UOP_COUNT                                11696958                       35088741              

EXEC_STAGE_NO_ISSUE_STALL_CYCLE                2662725                        8001928              

EXEC_STAGE_NO_ISSUE_STALL_CYCLE_ONPATH         2658068                        7976249              

FULL_WINDOW_STALL                                    0        0.000%             2141        0.023%

FULL_WINDOW_MEM_OP                                   0         -nan%             1860       89.899%
FULL_WINDOW_FP_OP                                    0         -nan%                0        0.000%
FULL_WINDOW_OTHER_OP                                 0         -nan%              209       10.101%
                                                     0         -nan%             2069      100.000%
                                                  -nan         -nan              0.20         0.58

RET_BLOCKED_DC_MISS                            1048375       34.176%          3211648       34.470%

RET_BLOCKED_L1_MISS                                418        0.014%            69268        0.743%

RET_BLOCKED_L1_MISS_BW_PREF                        414        0.013%            59648        0.640%

RET_BLOCKED_L1_ACCESS                          1047957       34.163%          3142492       33.728%

RET_BLOCKED_MEM_STALL                              507        0.017%            69641        0.747%

RET_BLOCKED_OFFCHIP_DEMAND                           0        0.000%                0        0.000%

OP_ISSUED                                     11704916                       35155470              

OP_RETIRED                                    11696958                       35088741              

OP_MACRO_FUSION_ONPATH                         1476459                        4432785              

OP_MACRO_FUSION_OFFPATH                           4340                          20350              

REPLAY_SIGNALED                                      0                              0              

REPLAY_COUNTED                                       0                              0              

OFF_CRITICAL_PATH                                    0         -nan%                0         -nan%
ON_CRITICAL_PATH                                     0         -nan%                0         -nan%
                                                     0         -nan%                0         -nan%
                                                  -nan         -nan              -nan         -nan

LD_NO_DEPENDENTS                                249763       12.986%           748737       12.977%
LD_DEPENDENTS                                  1673538       87.014%          5020845       87.023%
                                               1923301      100.000%          5769582      100.000%
                                                  0.87         0.82              0.87         0.82

LD_EXEC_CYCLES_0                                     0        0.000%                0        0.000%
LD_EXEC_CYCLES_1                                     0        0.000%                0        0.000%
LD_EXEC_CYCLES_2                                105715       30.967%           317249       30.983%
LD_EXEC_CYCLES_3                                 10136        2.969%            30537        2.982%
LD_EXEC_CYCLES_4                                225532       66.064%           676164       66.035%
                                                341383      100.000%          1023950      100.000%
                                                  3.35         2.87              3.35         2.87

LD_EXEC_MINUS_FETCH_LATENCY                  173982676                      524046682              

LD_RETIRE_MINUS_FETCH_LATENCY                254692993                      768125182              

LD_EXEC_TO_DONE_LATENCY                       12466672                       37543137              

ICACHE_STAGE_STARVED                              2287        0.075%            35135        0.381%
ICACHE_STAGE_NOT_STARVED                       3044155       99.925%          9182906       99.619%
                                               3046442      100.000%          9218041      100.000%
                                                  1.00         1.00              1.00         0.99

ICACHE_STAGE_STALLED                           1464814       47.752%          4445264       47.711%
ICACHE_STAGE_NOT_STALLED                       1581628       51.560%          4772777       51.226%
ICACHE_STAGE_OFF_PATH                            21118        0.688%            99080        1.063%
                                               3067560      100.000%          9317121      100.000%
                                                  0.53         0.36              0.53         0.37

DECODE_STAGE_STARVED                           3063534       99.970%          9280093       99.936%
DECODE_STAGE_NOT_STARVED                           926        0.030%             5898        0.064%
                                               3064460      100.000%          9285991      100.000%
                                                  0.00         0.02              0.00         0.03

DECODE_STAGE_STALLED                                 2        0.000%              234        0.003%
DECODE_STAGE_NOT_STALLED                       3064458       99.899%          9285757       99.663%
DECODE_STAGE_OFF_PATH                             3100        0.101%            31130        0.334%
                                               3067560      100.000%          9317121      100.000%
                                                  1.00         0.04              1.00         0.08

UOPQ_STAGE_STARVED                               13579        0.856%            91617        1.906%
UOPQ_STAGE_NOT_STARVED                         1573288       99.144%          4715609       98.094%
                                               1586867      100.000%          4807226      100.000%
                                                  0.99         0.99              0.98         0.97

UOPQ_STAGE_STALLED                             1463942       47.723%          4441071       47.666%
UOPQ_STAGE_NOT_STALLED                         1586867       51.731%          4807226       51.596%
UOPQ_STAGE_OFF_PATH                              16751        0.546%            68824        0.739%
                                               3067560      100.000%          9317121      100.000%
                                                  0.53         0.36              0.53         0.36

RS_OP_READY_NOT_ISSUED_TOTAL                   3067414                        9324102              

RS_0_OP_READY_NOT_ISSUED                       2506248                        7633703              

RS_1_OP_READY_NOT_ISSUED                         48330                         146136              

RS_2_OP_READY_NOT_ISSUED                        512836                        1544263              

RS_3_OP_READY_NOT_ISSUED                             0                              0              

RS_4_OP_READY_NOT_ISSUED                             0                              0              

RS_5_OP_READY_NOT_ISSUED                             0                              0              

RS_6_OP_READY_NOT_ISSUED                             0                              0              

RS_7_OP_READY_NOT_ISSUED                             0                              0              

RS_7_PLUS_OP_READY_NOT_ISSUED                        0                              0              

FU_IDLE_NO_READY_OPS_TOTAL                    10703711                       33169018              

FU_0_IDLE_NO_READY_OPS                          432722                        1398191              

FU_1_IDLE_NO_READY_OPS                          580842                        1840913              

FU_2_IDLE_NO_READY_OPS                         1507730                        4632461              

FU_3_IDLE_NO_READY_OPS                         1507390                        4631823              

FU_4_IDLE_NO_READY_OPS                          616394                        1949799              

FU_5_IDLE_NO_READY_OPS                          428522                        1384522              

FU_6_IDLE_NO_READY_OPS                         1770345                        5429078              

FU_7_IDLE_NO_READY_OPS                         1759307                        5390598              

FU_8_IDLE_NO_READY_OPS                          592930                        1879134              

FU_9_IDLE_NO_READY_OPS                         1507529                        4632499              

FU_10_IDLE_NO_READY_OPS                              0                              0              

FU_11_IDLE_NO_READY_OPS                              0                              0              

FU_12_IDLE_NO_READY_OPS                              0                              0              

FU_13_IDLE_NO_READY_OPS                              0                              0              

FU_14_IDLE_NO_READY_OPS                              0                              0              

FU_15_IDLE_NO_READY_OPS                              0                              0              

FU_16_IDLE_NO_READY_OPS                              0                              0              

FU_17_IDLE_NO_READY_OPS                              0                              0              

FU_18_IDLE_NO_READY_OPS                              0                              0              

FU_19_IDLE_NO_READY_OPS                              0                              0              

FU_20_IDLE_NO_READY_OPS                              0                              0              

FU_21_IDLE_NO_READY_OPS                              0                              0              

FU_22_IDLE_NO_READY_OPS                              0                              0              

FU_23_IDLE_NO_READY_OPS                              0                              0              

FU_24_IDLE_NO_READY_OPS                              0                              0              

FU_25_IDLE_NO_READY_OPS                              0                              0              

FU_26_IDLE_NO_READY_OPS                              0                              0              

FU_27_IDLE_NO_READY_OPS                              0                              0              

FU_28_IDLE_NO_READY_OPS                              0                              0              

FU_29_IDLE_NO_READY_OPS                              0                              0              

FU_30_IDLE_NO_READY_OPS                              0                              0              

FU_31_IDLE_NO_READY_OPS                              0                              0              

FU_31_PLUS_IDLE_NO_READY_OPS                         0                              0              

MAP_STAGE_STARVED                                 2678        0.137%            43695        0.741%
MAP_STAGE_NOT_STARVED                          1950062       99.863%          5852174       99.259%
                                               1952740      100.000%          5895869      100.000%
                                                  1.00         1.00              0.99         0.99

MAP_STAGE_STALLED                                    0        0.000%                0        0.000%
MAP_STAGE_NOT_STALLED                          1952740       99.670%          5895869       99.342%
MAP_STAGE_OFF_PATH                                6462        0.330%            39023        0.658%
                                               1959202      100.000%          5934892      100.000%
                                                  1.00         0.08              1.01         0.11

MAP_STAGE_STALL_ITSELF                         1108358       36.132%          3382229       36.301%
MAP_STAGE_NOT_STALL_ITSELF                     1959202       63.868%          5934892       63.699%
                                               3067560      100.000%          9317121      100.000%
                                                  0.64         0.59              0.64         0.59

MAP_STAGE_LATE_ALLOCATE_SEND_BACK                    0                              0              

MAP_STAGE_RENAME_OP_ONPATH                    11696696                       35088741              

MAP_STAGE_RENAME_OP_OFFPATH                      34122                         170974              

MAP_STAGE_RENAME_INT_REG_ONPATH                9993560                       29978131              

MAP_STAGE_RENAME_INT_REG_OFFPATH                 27974                         120937              

MAP_STAGE_RENAME_VEC_REG_ONPATH                 211270                         633815              

MAP_STAGE_RENAME_VEC_REG_OFFPATH                  1631                           5119              

MAP_STAGE_RENAME_MOVE_ELIM_ONPATH                    0                              0              

MAP_STAGE_RENAME_MOVE_ELIM_OFFPATH                   0                              0              

REG_FILE_UTIL_SAMPLES                          3067560                        9317121              

REG_FILE_INT_PHYS_REGS_SUM                   858916800                     2608793880              

REG_FILE_VEC_PHYS_REGS_SUM                  1018429920                     3093284172              

REG_FILE_INT_OCCUPIED_SUM                    738766197                     2232519180              

REG_FILE_VEC_OCCUPIED_SUM                    118560977                      359345176              

MAP_STAGE_ONPATH_INT_REG_NUM_ALLOC             9993783                       29978112              

MAP_STAGE_ONPATH_VEC_REG_NUM_ALLOC              211272                         633804              

MAP_STAGE_ONPATH_INT_REG_NUM_SHORTLIVE         4290213                       12866649              

MAP_STAGE_ONPATH_VEC_REG_NUM_SHORTLIVE           75460                         226442              

MAP_STAGE_ONPATH_INT_REG_USE_COUNT_0           2150350                        6450795              

MAP_STAGE_ONPATH_VEC_REG_USE_COUNT_0             75411                         226059              

MAP_STAGE_ONPATH_INT_REG_USE_COUNT_1           5011596                       15033694              

MAP_STAGE_ONPATH_VEC_REG_USE_COUNT_1            120811                         362583              

MAP_STAGE_ONPATH_INT_REG_USE_COUNT_2           1998914                        5994167              

MAP_STAGE_ONPATH_VEC_REG_USE_COUNT_2                 0                             34              

MAP_STAGE_ONPATH_INT_REG_USE_COUNT_3            295119                         887120              

MAP_STAGE_ONPATH_VEC_REG_USE_COUNT_3                 0                              2              

MAP_STAGE_ONPATH_INT_REG_USE_COUNT_4            204590                         613245              

MAP_STAGE_ONPATH_VEC_REG_USE_COUNT_4             15050                          45123              

MAP_STAGE_ONPATH_INT_REG_USE_COUNT_5             75794                         227553              

MAP_STAGE_ONPATH_VEC_REG_USE_COUNT_5                 0                              1              

MAP_STAGE_ONPATH_INT_REG_USE_COUNT_6            121051                         362594              

MAP_STAGE_ONPATH_VEC_REG_USE_COUNT_6                 0                              0              

MAP_STAGE_ONPATH_INT_REG_USE_COUNT_7_PLUS        136369                         408944              

MAP_STAGE_ONPATH_VEC_REG_USE_COUNT_7_PLUS             0                              2              

MAP_STAGE_ONPATH_INT_REG_CONSUME_DIST_0              0        0.0000                0        0.0000

MAP_STAGE_ONPATH_VEC_REG_CONSUME_DIST_0              0        0.0000                0        0.0000

MAP_STAGE_ONPATH_INT_REG_CONSUME_DIST_1              0        0.0000                0        0.0000

MAP_STAGE_ONPATH_VEC_REG_CONSUME_DIST_1              0        0.0000                0        0.0000

MAP_STAGE_ONPATH_INT_REG_CONSUME_DIST_2        4985286        2.4940         15094726        2.5182

MAP_STAGE_ONPATH_VEC_REG_CONSUME_DIST_2              0          -nan            26904      791.2941

MAP_STAGE_ONPATH_INT_REG_CONSUME_DIST_3        1530558        5.1862          4700557        5.2987

MAP_STAGE_ONPATH_VEC_REG_CONSUME_DIST_3              0          -nan             4037     2018.5000

MAP_STAGE_ONPATH_INT_REG_CONSUME_DIST_4        2134941       10.4352          6476439       10.5609

MAP_STAGE_ONPATH_VEC_REG_CONSUME_DIST_4          15050        1.0000            45125        1.0000

MAP_STAGE_ONPATH_INT_REG_CONSUME_DIST_5        1510739       19.9322          4605680       20.2400

MAP_STAGE_ONPATH_VEC_REG_CONSUME_DIST_5              0          -nan                3        3.0000

MAP_STAGE_ONPATH_INT_REG_CONSUME_DIST_6        3311335       27.3549          9994283       27.5633

MAP_STAGE_ONPATH_VEC_REG_CONSUME_DIST_6              0          -nan                0          -nan

MAP_STAGE_ONPATH_INT_REG_CONSUME_DIST_7_PLUS       7762640       56.9238         23501642       57.4691

MAP_STAGE_ONPATH_VEC_REG_CONSUME_DIST_7_PLUS             0          -nan             6532     3266.0000

MAP_STAGE_INT_REG_ISSUE_READ_TOTAL_CONSUMED      13627734        5.1180         40901769        5.1115

MAP_STAGE_VEC_REG_ISSUE_READ_TOTAL_CONSUMED        181224        0.0681           543916        0.0680

MAP_STAGE_INT_REG_ISSUE_READ_MULTI_CONSUMED       5780693        2.1710         17351021        2.1684

MAP_STAGE_VEC_REG_ISSUE_READ_MULTI_CONSUMED         45150        0.0170           135478        0.0169

MAP_STAGE_INT_REG_ISSUE_READ_SAME_CYCLE_CONSUMED       2927696        1.0995          8788178        1.0983

MAP_STAGE_VEC_REG_ISSUE_READ_SAME_CYCLE_CONSUMED         30100        0.0113            90261        0.0113

MAP_STAGE_INT_REG_ISSUE_READ_TOTAL_CONSUMED_ONPATH      13618906        5.1236         40851082        5.1216

MAP_STAGE_VEC_REG_ISSUE_READ_TOTAL_CONSUMED_ONPATH        181010        0.0681           543213        0.0681

MAP_STAGE_INT_REG_ISSUE_READ_MULTI_CONSUMED_ONPATH       5775613        2.1729         17323736        2.1719

MAP_STAGE_VEC_REG_ISSUE_READ_MULTI_CONSUMED_ONPATH         45150        0.0170           135458        0.0170

MAP_STAGE_INT_REG_ISSUE_READ_SAME_CYCLE_CONSUMED_ONPATH       2925446        1.1006          8775748        1.1002

MAP_STAGE_VEC_REG_ISSUE_READ_SAME_CYCLE_CONSUMED_ONPATH         30100        0.0113            90255        0.0113

MAP_STAGE_ONPATH_INT_REG_LIFECYCLE_EMPTY     314598718                      945872590              

MAP_STAGE_ONPATH_VEC_REG_LIFECYCLE_EMPTY      12662792                       37986611              

MAP_STAGE_ONPATH_INT_REG_LIFECYCLE_IN_USE     443569170                     1336396568              

MAP_STAGE_ONPATH_VEC_REG_LIFECYCLE_IN_USE      20187422                       60650171              

MAP_STAGE_ONPATH_INT_REG_LIFECYCLE_SPEC_RELEASE     729499453                     2202330076              

MAP_STAGE_ONPATH_VEC_REG_LIFECYCLE_SPEC_RELEASE      29755074                       89765665              

MAP_STAGE_ONPATH_INT_REG_LIFECYCLE_NONSPEC_RELEASE     729499453                     2202330076              

MAP_STAGE_ONPATH_VEC_REG_LIFECYCLE_NONSPEC_RELEASE      29755074                       89765665              

MAP_STAGE_ONPATH_INT_REG_LIFECYCLE_TOTAL     729499453                     2202330076              

MAP_STAGE_ONPATH_VEC_REG_LIFECYCLE_TOTAL      29755074                       89765665              

MAP_STAGE_ONPATH_INT_REG_NUM_NONBRANCH         9993783                       29978112              

MAP_STAGE_ONPATH_VEC_REG_NUM_NONBRANCH          211272                         633804              

MAP_STAGE_ONPATH_INT_REG_NUM_NONEXCEPT         9993783                       29978112              

MAP_STAGE_ONPATH_VEC_REG_NUM_NONEXCEPT          211272                         633804              

MAP_STAGE_ONPATH_INT_REG_NUM_ATOMIC            9993783                       29978112              

MAP_STAGE_ONPATH_VEC_REG_NUM_ATOMIC             211272                         633804              

MAP_STAGE_ONPATH_INT_REG_ATOMIC_REDEFINED_DIST_TOTAL     729499453       72.9953       2202330076       73.4646

MAP_STAGE_ONPATH_VEC_REG_ATOMIC_REDEFINED_DIST_TOTAL      29755074      140.8378         89765665      141.6300

MAP_STAGE_ONPATH_INT_REG_ATOMIC_CONSUMED_DIST_TOTAL     443569170       44.3845       1336396568       44.5791

MAP_STAGE_ONPATH_VEC_REG_ATOMIC_CONSUMED_DIST_TOTAL      20187422       95.5518         60650171       95.6923

MAP_STAGE_ONPATH_INT_REG_ATOMIC_RELEASE_DIST_TOTAL     729499453       72.9953       2202330076       73.4646

MAP_STAGE_ONPATH_VEC_REG_ATOMIC_RELEASE_DIST_TOTAL      29755074      140.8378         89765665      141.6300

EXEC_STAGE_STARVED                             2444634       79.693%          7427290       79.717%
EXEC_STAGE_NOT_STARVED                          617038       20.115%          1852978       19.888%
EXEC_STAGE_OFF_PATH                               5888        0.192%            36853        0.396%
                                               3067560      100.000%          9317121      100.000%
                                                  0.20         0.37              0.21         0.37

FU_BUSY_0                                      1966767                        5907396              

FU_BUSY_1                                      1835804                        5517101              

FU_BUSY_2                                       650528                        1954176              

FU_BUSY_3                                       650972                        1954829              

FU_BUSY_4                                      1540090                        4627022              

FU_BUSY_5                                      2059866                        6189172              

FU_BUSY_6                                       684543                        2049935              

FU_BUSY_7                                       692576                        2080424              

FU_BUSY_8                                      1603331                        4818675              

FU_BUSY_9                                       650709                        1953951              

FU_BUSY_10                                           0                              0              

FU_BUSY_11                                           0                              0              

FU_BUSY_12                                           0                              0              

FU_BUSY_13                                           0                              0              

FU_BUSY_14                                           0                              0              

FU_BUSY_15                                           0                              0              

FU_BUSY_16                                           0                              0              

FU_BUSY_17                                           0                              0              

FU_BUSY_18                                           0                              0              

FU_BUSY_19                                           0                              0              

FU_BUSY_20                                           0                              0              

FU_BUSY_21                                           0                              0              

FU_BUSY_22                                           0                              0              

FU_BUSY_23                                           0                              0              

FU_BUSY_24                                           0                              0              

FU_BUSY_25                                           0                              0              

FU_BUSY_26                                           0                              0              

FU_BUSY_27                                           0                              0              

FU_BUSY_28                                           0                              0              

FU_BUSY_29                                           0                              0              

FU_BUSY_30                                           0                              0              

FU_BUSY_31                                           0                              0              

FU_REJECTED_OP_INV_NOT_SIMD                          0        0.000%                0        0.000%
FU_REJECTED_OP_NOP_NOT_SIMD                       8682        2.515%            26317        2.533%
FU_REJECTED_OP_CF_NOT_SIMD                          25        0.007%              128        0.012%
FU_REJECTED_OP_MOV_NOT_SIMD                      45397       13.152%           135763       13.065%
FU_REJECTED_OP_CMOV_NOT_SIMD                         0        0.000%                1        0.000%
FU_REJECTED_OP_LDA_NOT_SIMD                      18878        5.469%            56856        5.471%
FU_REJECTED_OP_IMEM_NOT_SIMD                      5594        1.621%            16788        1.616%
FU_REJECTED_OP_IADD_NOT_SIMD                      2678        0.776%             8145        0.784%
FU_REJECTED_OP_IMUL_NOT_SIMD                    124518       36.075%           373236       35.917%
FU_REJECTED_OP_IDIV_NOT_SIMD                         0        0.000%               22        0.002%
FU_REJECTED_OP_ICMP_NOT_SIMD                         0        0.000%               11        0.001%
FU_REJECTED_OP_LOGIC_NOT_SIMD                    26117        7.566%            78510        7.555%
FU_REJECTED_OP_SHIFT_NOT_SIMD                   113247       32.809%           339278       32.649%
FU_REJECTED_OP_FMEM_NOT_SIMD                         0        0.000%                6        0.001%
FU_REJECTED_OP_FCVT_NOT_SIMD                         0        0.000%                0        0.000%
FU_REJECTED_OP_FADD_NOT_SIMD                         0        0.000%                0        0.000%
FU_REJECTED_OP_FMUL_NOT_SIMD                         0        0.000%                0        0.000%
FU_REJECTED_OP_FMA_NOT_SIMD                          0        0.000%                0        0.000%
FU_REJECTED_OP_FDIV_NOT_SIMD                         0        0.000%                0        0.000%
FU_REJECTED_OP_FCMP_NOT_SIMD                         0        0.000%                0        0.000%
FU_REJECTED_OP_FCMOV_NOT_SIMD                        0        0.000%                0        0.000%
FU_REJECTED_OP_GATHER_NOT_SIMD                       0        0.000%                0        0.000%
FU_REJECTED_OP_SCATTER_NOT_SIMD                      0        0.000%                0        0.000%
FU_REJECTED_OP_PIPELINED_FAST_NOT_SIMD               0        0.000%                0        0.000%
FU_REJECTED_OP_PIPELINED_MEDIUM_NOT_SIMD             0        0.000%                0        0.000%
FU_REJECTED_OP_PIPELINED_SLOW_NOT_SIMD               0        0.000%                0        0.000%
FU_REJECTED_OP_NOTPIPELINED_MEDIUM_NOT_SIMD             0        0.000%                0        0.000%
FU_REJECTED_OP_NOTPIPELINED_SLOW_NOT_SIMD             0        0.000%                0        0.000%
FU_REJECTED_OP_NOTPIPELINED_VERY_SLOW_NOT_SIMD             0        0.000%                0        0.000%
FU_REJECTED_OP_INV_SIMD                              0        0.000%                0        0.000%
FU_REJECTED_OP_NOP_SIMD                              0        0.000%             3445        0.332%
FU_REJECTED_OP_CF_SIMD                               0        0.000%                0        0.000%
FU_REJECTED_OP_MOV_SIMD                              0        0.000%               12        0.001%
FU_REJECTED_OP_CMOV_SIMD                             0        0.000%                0        0.000%
FU_REJECTED_OP_LDA_SIMD                              0        0.000%                0        0.000%
FU_REJECTED_OP_IMEM_SIMD                             0        0.000%                0        0.000%
FU_REJECTED_OP_IADD_SIMD                             0        0.000%                0        0.000%
FU_REJECTED_OP_IMUL_SIMD                             0        0.000%                0        0.000%
FU_REJECTED_OP_IDIV_SIMD                             0        0.000%                0        0.000%
FU_REJECTED_OP_ICMP_SIMD                             0        0.000%                0        0.000%
FU_REJECTED_OP_LOGIC_SIMD                            0        0.000%                0        0.000%
FU_REJECTED_OP_SHIFT_SIMD                            0        0.000%                0        0.000%
FU_REJECTED_OP_FMEM_SIMD                             0        0.000%                0        0.000%
FU_REJECTED_OP_FCVT_SIMD                             1        0.000%                7        0.001%
FU_REJECTED_OP_FADD_SIMD                            31        0.009%              629        0.061%
FU_REJECTED_OP_FMUL_SIMD                             0        0.000%                0        0.000%
FU_REJECTED_OP_FMA_SIMD                              0        0.000%                0        0.000%
FU_REJECTED_OP_FDIV_SIMD                             0        0.000%                0        0.000%
FU_REJECTED_OP_FCMP_SIMD                             0        0.000%                0        0.000%
FU_REJECTED_OP_FCMOV_SIMD                            0        0.000%                0        0.000%
FU_REJECTED_OP_GATHER_SIMD                           0        0.000%                0        0.000%
FU_REJECTED_OP_SCATTER_SIMD                          0        0.000%                0        0.000%
FU_REJECTED_OP_PIPELINED_FAST_SIMD                   0        0.000%                0        0.000%
FU_REJECTED_OP_PIPELINED_MEDIUM_SIMD                 0        0.000%                0        0.000%
FU_REJECTED_OP_PIPELINED_SLOW_SIMD                   0        0.000%                0        0.000%
FU_REJECTED_OP_NOTPIPELINED_MEDIUM_SIMD              0        0.000%                0        0.000%
FU_REJECTED_OP_NOTPIPELINED_SLOW_SIMD                0        0.000%                0        0.000%
FU_REJECTED_OP_NOTPIPELINED_VERY_SLOW_SIMD             0        0.000%                0        0.000%
                                                345168      100.000%          1039154      100.000%
                                                  8.50         3.30              8.59         3.61

LSQ_FULL_TOTAL                                       0                             11              

LSQ_FULL_LOAD_QUEUE                                  0                              0              

LSQ_FULL_STORE_QUEUE                                 0                             11              

OP_WAIT_0                                      8764231                       26286805              

OP_WAIT_1                                      1682387                        5053570              

OP_WAIT_2                                       503744                        1509713              

OP_WAIT_3                                       236327                         706456              

OP_WAIT_4                                       139921                         420296              

OP_WAIT_5                                        97927                         293737              

OP_WAIT_6                                        27657                          83028              

OP_WAIT_7                                        21104                          63478              

OP_WAIT_8                                        20527                          61805              

OP_WAIT_9                                        15738                          47296              

OP_WAIT_10                                        5123                          15566              

OP_WAIT_11                                        2601                           7988              

OP_WAIT_12                                        2450                           7343              

OP_WAIT_13                                       13847                          41356              

OP_WAIT_14                                        3452                          10892              

OP_WAIT_15                                        2373                           6896              

OP_WAIT_16                                         150                            747              

OP_WAIT_17                                        2087                           5940              

OP_WAIT_18                                        2162                           6492              

OP_WAIT_19                                          28                            104              

OP_WAIT_20                                         137                            421              

OP_WAIT_21                                       14778                          44294              

OP_WAIT_22                                         135                            419              

OP_WAIT_23                                          48                            145              

OP_WAIT_24                                          27                             88              

OP_WAIT_25                                       11957                          35399              

OP_WAIT_26                                        2991                           9077              

OP_WAIT_27                                        4593                          13901              

OP_WAIT_28                                        4586                          13954              

OP_WAIT_29                                        2597                           7796              

OP_WAIT_30                                        1087                           3270              

OP_WAIT_31                                      110186                         330469              

ROW_SIZE_0                                     1257252                        3852422              

ROW_SIZE_1                                      294915                         888068              

ROW_SIZE_2                                       31339                          96493              

ROW_SIZE_3                                       52216                         157257              

ROW_SIZE_4                                       38454                         115878              

ROW_SIZE_5                                        7806                          23747              

ROW_SIZE_6                                       30646                          92307              

ROW_SIZE_7                                       30661                          93269              

ROW_SIZE_8                                     1323921                        3968368              

ROW_SIZE_9                                           0                              0              

ROW_SIZE_10                                          0                              0              

ROW_SIZE_11                                          0                              0              

ROW_SIZE_12                                          0                              0              

ROW_SIZE_13                                          0                              0              

ROW_SIZE_14                                          0                              0              

ROW_SIZE_15                                          0                              0              

ROW_SIZE_16                                          0                              0              

ROW_SIZE_17                                          0                              0              

ROW_SIZE_18                                          0                              0              

ROW_SIZE_19                                          0                              0              

ROW_SIZE_20                                          0                              0              

ROW_SIZE_21                                          0                              0              

ROW_SIZE_22                                          0                              0              

ROW_SIZE_23                                          0                              0              

ROW_SIZE_24                                          0                              0              

ROW_SIZE_25                                          0                              0              

ROW_SIZE_26                                          0                              0              

ROW_SIZE_27                                          0                              0              

ROW_SIZE_28                                          0                              0              

ROW_SIZE_29                                          0                              0              

ROW_SIZE_30                                          0                              0              

ROW_SIZE_31                                          0                              0              

RET_OP_EXEC_COUNT_0                                  0        0.000%                0        0.000%
RET_OP_EXEC_COUNT_1                           11696958      100.000%         35088741      100.000%
RET_OP_EXEC_COUNT_2                                  0        0.000%                0        0.000%
RET_OP_EXEC_COUNT_3                                  0        0.000%                0        0.000%
RET_OP_EXEC_COUNT_4                                  0        0.000%                0        0.000%
RET_OP_EXEC_COUNT_5                                  0        0.000%                0        0.000%
RET_OP_EXEC_COUNT_6                                  0        0.000%                0        0.000%
RET_OP_EXEC_COUNT_7                                  0        0.000%                0        0.000%
RET_OP_EXEC_COUNT_8                                  0        0.000%                0        0.000%
RET_OP_EXEC_COUNT_9                                  0        0.000%                0        0.000%
RET_OP_EXEC_COUNT_10                                 0        0.000%                0        0.000%
RET_OP_EXEC_COUNT_11                                 0        0.000%                0        0.000%
RET_OP_EXEC_COUNT_12                                 0        0.000%                0        0.000%
RET_OP_EXEC_COUNT_13                                 0        0.000%                0        0.000%
RET_OP_EXEC_COUNT_14                                 0        0.000%                0        0.000%
RET_OP_EXEC_COUNT_15                                 0        0.000%                0        0.000%
RET_OP_EXEC_COUNT_16                                 0        0.000%                0        0.000%
RET_OP_EXEC_COUNT_17                                 0        0.000%                0        0.000%
RET_OP_EXEC_COUNT_18                                 0        0.000%                0        0.000%
RET_OP_EXEC_COUNT_19                                 0        0.000%                0        0.000%
RET_OP_EXEC_COUNT_20                                 0        0.000%                0        0.000%
RET_OP_EXEC_COUNT_21                                 0        0.000%                0        0.000%
RET_OP_EXEC_COUNT_22                                 0        0.000%                0        0.000%
RET_OP_EXEC_COUNT_23                                 0        0.000%                0        0.000%
RET_OP_EXEC_COUNT_24                                 0        0.000%                0        0.000%
RET_OP_EXEC_COUNT_25                                 0        0.000%                0        0.000%
RET_OP_EXEC_COUNT_26                                 0        0.000%                0        0.000%
RET_OP_EXEC_COUNT_27                                 0        0.000%                0        0.000%
RET_OP_EXEC_COUNT_28                                 0        0.000%                0        0.000%
RET_OP_EXEC_COUNT_29                                 0        0.000%                0        0.000%
RET_OP_EXEC_COUNT_30                                 0        0.000%                0        0.000%
RET_OP_EXEC_COUNT_31                                 0        0.000%                0        0.000%
RET_OP_EXEC_COUNT_32                                 0        0.000%                0        0.000%
                                              11696958      100.000%         35088741      100.000%
                                                  1.00         0.00              1.00         0.00

RET_STALL_LENGTH_0                            11696956      100.000%         35088573      100.000%
RET_STALL_LENGTH_100                                 1        0.000%               74        0.000%
RET_STALL_LENGTH_200                                 0        0.000%               16        0.000%
RET_STALL_LENGTH_300                                 0        0.000%                2        0.000%
RET_STALL_LENGTH_400                                 1        0.000%                4        0.000%
RET_STALL_LENGTH_500                                 0        0.000%                4        0.000%
RET_STALL_LENGTH_600                                 0        0.000%                0        0.000%
RET_STALL_LENGTH_700                                 0        0.000%               48        0.000%
RET_STALL_LENGTH_800                                 0        0.000%               14        0.000%
RET_STALL_LENGTH_900                                 0        0.000%                2        0.000%
RET_STALL_LENGTH_1000                                0        0.000%                2        0.000%
RET_STALL_LENGTH_1100                                0        0.000%                1        0.000%
RET_STALL_LENGTH_1200                                0        0.000%                1        0.000%
RET_STALL_LENGTH_1300                                0        0.000%                0        0.000%
RET_STALL_LENGTH_1400                                0        0.000%                0        0.000%
RET_STALL_LENGTH_1500                                0        0.000%                0        0.000%
RET_STALL_LENGTH_1600                                0        0.000%                0        0.000%
RET_STALL_LENGTH_1700                                0        0.000%                0        0.000%
RET_STALL_LENGTH_1800                                0        0.000%                0        0.000%
RET_STALL_LENGTH_1900                                0        0.000%                0        0.000%
RET_STALL_LENGTH_2000                                0        0.000%                0        0.000%
RET_STALL_LENGTH_2100                                0        0.000%                0        0.000%
RET_STALL_LENGTH_2200                                0        0.000%                0        0.000%
RET_STALL_LENGTH_2300                                0        0.000%                0        0.000%
RET_STALL_LENGTH_2400                                0        0.000%                0        0.000%
RET_STALL_LENGTH_2500                                0        0.000%                0        0.000%
RET_STALL_LENGTH_2600                                0        0.000%                0        0.000%
RET_STALL_LENGTH_2700                                0        0.000%                0        0.000%
RET_STALL_LENGTH_2800                                0        0.000%                0        0.000%
RET_STALL_LENGTH_2900                                0        0.000%                0        0.000%
RET_STALL_LENGTH_3000                                0        0.000%                0        0.000%
RET_STALL_LENGTH_3100                                0        0.000%                0        0.000%
RET_STALL_LENGTH_3200                                0        0.000%                0        0.000%
RET_STALL_LENGTH_3300                                0        0.000%                0        0.000%
RET_STALL_LENGTH_3400                                0        0.000%                0        0.000%
RET_STALL_LENGTH_3500                                0        0.000%                0        0.000%
RET_STALL_LENGTH_3600                                0        0.000%                0        0.000%
RET_STALL_LENGTH_3700                                0        0.000%                0        0.000%
RET_STALL_LENGTH_3800                                0        0.000%                0        0.000%
RET_STALL_LENGTH_3900                                0        0.000%                0        0.000%
RET_STALL_LENGTH_4000                                0        0.000%                0        0.000%
RET_STALL_LENGTH_4100                                0        0.000%                0        0.000%
RET_STALL_LENGTH_4200                                0        0.000%                0        0.000%
RET_STALL_LENGTH_4300                                0        0.000%                0        0.000%
RET_STALL_LENGTH_4400                                0        0.000%                0        0.000%
RET_STALL_LENGTH_4500                                0        0.000%                0        0.000%
RET_STALL_LENGTH_4600                                0        0.000%                0        0.000%
RET_STALL_LENGTH_4700                                0        0.000%                0        0.000%
RET_STALL_LENGTH_4800                                0        0.000%                0        0.000%
RET_STALL_LENGTH_4900                                0        0.000%                0        0.000%
RET_STALL_LENGTH_5000                                0        0.000%                0        0.000%
                                              11696958      100.000%         35088741      100.000%
                                                  0.00         0.00              0.00         0.01

MEM_BLOCK_LENGTH_0                                  71      100.000%              149       98.026%
MEM_BLOCK_LENGTH_100                                 0        0.000%                2        1.316%
MEM_BLOCK_LENGTH_200                                 0        0.000%                1        0.658%
MEM_BLOCK_LENGTH_300                                 0        0.000%                0        0.000%
MEM_BLOCK_LENGTH_400                                 0        0.000%                0        0.000%
MEM_BLOCK_LENGTH_500                                 0        0.000%                0        0.000%
MEM_BLOCK_LENGTH_600                                 0        0.000%                0        0.000%
MEM_BLOCK_LENGTH_700                                 0        0.000%                0        0.000%
MEM_BLOCK_LENGTH_800                                 0        0.000%                0        0.000%
MEM_BLOCK_LENGTH_900                                 0        0.000%                0        0.000%
MEM_BLOCK_LENGTH_1000                                0        0.000%                0        0.000%
MEM_BLOCK_LENGTH_1100                                0        0.000%                0        0.000%
MEM_BLOCK_LENGTH_1200                                0        0.000%                0        0.000%
MEM_BLOCK_LENGTH_1300                                0        0.000%                0        0.000%
MEM_BLOCK_LENGTH_1400                                0        0.000%                0        0.000%
MEM_BLOCK_LENGTH_1500                                0        0.000%                0        0.000%
MEM_BLOCK_LENGTH_1600                                0        0.000%                0        0.000%
MEM_BLOCK_LENGTH_1700                                0        0.000%                0        0.000%
MEM_BLOCK_LENGTH_1800                                0        0.000%                0        0.000%
MEM_BLOCK_LENGTH_1900                                0        0.000%                0        0.000%
MEM_BLOCK_LENGTH_2000                                0        0.000%                0        0.000%
MEM_BLOCK_LENGTH_2100                                0        0.000%                0        0.000%
MEM_BLOCK_LENGTH_2200                                0        0.000%                0        0.000%
MEM_BLOCK_LENGTH_2300                                0        0.000%                0        0.000%
MEM_BLOCK_LENGTH_2400                                0        0.000%                0        0.000%
MEM_BLOCK_LENGTH_2500                                0        0.000%                0        0.000%
MEM_BLOCK_LENGTH_2600                                0        0.000%                0        0.000%
MEM_BLOCK_LENGTH_2700                                0        0.000%                0        0.000%
MEM_BLOCK_LENGTH_2800                                0        0.000%                0        0.000%
MEM_BLOCK_LENGTH_2900                                0        0.000%                0        0.000%
MEM_BLOCK_LENGTH_3000                                0        0.000%                0        0.000%
MEM_BLOCK_LENGTH_3100                                0        0.000%                0        0.000%
MEM_BLOCK_LENGTH_3200                                0        0.000%                0        0.000%
MEM_BLOCK_LENGTH_3300                                0        0.000%                0        0.000%
MEM_BLOCK_LENGTH_3400                                0        0.000%                0        0.000%
MEM_BLOCK_LENGTH_3500                                0        0.000%                0        0.000%
MEM_BLOCK_LENGTH_3600                                0        0.000%                0        0.000%
MEM_BLOCK_LENGTH_3700                                0        0.000%                0        0.000%
MEM_BLOCK_LENGTH_3800                                0        0.000%                0        0.000%
MEM_BLOCK_LENGTH_3900                                0        0.000%                0        0.000%
MEM_BLOCK_LENGTH_4000                                0        0.000%                0        0.000%
MEM_BLOCK_LENGTH_4100                                0        0.000%                0        0.000%
MEM_BLOCK_LENGTH_4200                                0        0.000%                0        0.000%
MEM_BLOCK_LENGTH_4300                                0        0.000%                0        0.000%
MEM_BLOCK_LENGTH_4400                                0        0.000%                0        0.000%
MEM_BLOCK_LENGTH_4500                                0        0.000%                0        0.000%
MEM_BLOCK_LENGTH_4600                                0        0.000%                0        0.000%
MEM_BLOCK_LENGTH_4700                                0        0.000%                0        0.000%
MEM_BLOCK_LENGTH_4800                                0        0.000%                0        0.000%
MEM_BLOCK_LENGTH_4900                                0        0.000%                0        0.000%
MEM_BLOCK_LENGTH_5000                                0        0.000%                0        0.000%
                                                    71      100.000%              152      100.000%
                                                  0.00         0.00              0.03         0.20

FUS_BUSY_ON_PATH                              12326699        4.0184         36984728        3.9695

FUS_BUSY_OFF_PATH                                 8487        0.0028            67953        0.0073

FU_BUSY_MEM_STALL                                55106        0.0180           167484        0.0180

FUS_EMPTY                                     18340414        5.9788         56118529        6.0232

FU_UNAVAILABLE                                  336889        0.1098          1013657        0.1088

FU_MEM_UNAVAILABLE                                8279        0.0027            25497        0.0027

FU_OTHER_UNAVAILABLE                                 0        0.0000                0        0.0000

FU_REPLAY                                            0        0.0000                0        0.0000

FU_STARVED                                    18339346        5.9785         56112356        6.0225

CHIP_UTILIZATION                                     0        0.0000                0        0.0000

CYCLES_UNDER_MEM_REQ                                 0                              0              

CYCLES_UNDER_NO_MEM_REQ                              0                              0              

CYCLES_UNDER_CRITICAL_MEM_REQ                        0                              0              

CYCLES_UNDER_NONCRITICAL_MEM_REQ                     0                              0              

CHIP_UTILIZATION_UNDER_MEM_REQ                       0          -nan                0          -nan

CHIP_UTILIZATION_UNDER_NO_MEM_REQ                    0          -nan                0          -nan

CHIP_UTILIZATION_UNDER_CRITICAL_MEM_REQ              0          -nan                0          -nan

CHIP_UTILIZATION_UNDER_NONCRITICAL_MEM_REQ             0          -nan                0          -nan

CYCLES_NOT_WAITING_FOR_OFF_CHIP                      0        0.0000                0        0.0000

FUS_BUSY_NOT_WAITING_FOR_OFF_CHIP                    0          -nan                0          -nan

CYCLES_WAITING_FOR_OFF_CHIP                          0        0.0000                0        0.0000

FUS_BUSY_WAITING_FOR_OFF_CHIP                        0          -nan                0          -nan

TOTAL_OFF_CHIP_DELAYS_LEFT                           0                              0              

WRONG_IO_SCHED                                       0                              0              

DVFS_CONFIG_SWITCH                                   0                              0              

MAP_STAGE_RECEIVED_OPS_0                             0        0.000%                0        0.000%
MAP_STAGE_RECEIVED_OPS_1                           150        0.008%              948        0.016%
MAP_STAGE_RECEIVED_OPS_2                           175        0.009%             1101        0.019%
MAP_STAGE_RECEIVED_OPS_3                           300        0.015%             1661        0.028%
MAP_STAGE_RECEIVED_OPS_4                           250        0.013%             2208        0.038%
MAP_STAGE_RECEIVED_OPS_5                           250        0.013%             1035        0.018%
MAP_STAGE_RECEIVED_OPS_6                       1948737       99.942%          5843889       99.881%
MAP_STAGE_RECEIVED_OPS_7                             0        0.000%                0        0.000%
MAP_STAGE_RECEIVED_OPS_8                             0        0.000%                0        0.000%
MAP_STAGE_RECEIVED_OPS_MAX                           0        0.000%                0        0.000%
                                               1949862      100.000%          5850842      100.000%
                                                  6.00         0.07              6.00         0.11

MAP_STAGE_WAIT_FOR_DECODE                            0         -nan%                0         -nan%
MAP_STAGE_CONSUME_DECODE                             0         -nan%                0         -nan%
                                                     0         -nan%                0         -nan%
                                                  -nan         -nan              -nan         -nan

MAP_STAGE_WAIT_FOR_DECODE2                           0         -nan%                0         -nan%
MAP_STAGE_CONSUME_DECODE2                            0         -nan%                0         -nan%
                                                     0         -nan%                0         -nan%
                                                  -nan         -nan              -nan         -nan

FTQ_RECOVER_EXEC                                   200                           1334              

FTQ_RECOVER_DECODE                                   0                            229              

FTQ_OFFPATH_CYCLES                               34618                         169919              

FTQ_CYCLES_OFFPATH                               34618                         169919              

FTQ_CYCLES_ONPATH                              3032942                        9147202              

FTQ_FETCHED_INS_ONPATH                        11696168                       35088741              

FTQ_FETCHED_INS_OFFPATH                         119822                         733836              

FTQ_BREAK_FULL_FT_ONPATH                       3017652                        9094402              

FTQ_BREAK_FULL_FT_OFFPATH                        26651                         115579              

FTQ_BREAK_PRED_BR_ONPATH                             0                              0              

FTQ_BREAK_PRED_BR_OFFPATH                            0                              0              

FTQ_BREAK_BAR_FETCH_ONPATH                           0                              0              

FTQ_BREAK_BAR_FETCH_OFFPATH                          0                              0              

FTQ_BREAK_MAX_CFS_TAKEN_ONPATH                       0                              0              

FTQ_BREAK_MAX_CFS_TAKEN_OFFPATH                      0                              0              

FTQ_BREAK_MAX_FT_ONPATH                          15075                          52585              

FTQ_BREAK_MAX_FT_OFFPATH                          7967                          54340              

DFE_GEN_ON_PATH_FT                             1113548                        3345070              

DFE_GEN_OFF_PATH_FT                              15068                          75818              

DFE_L0_ENABLED_PREDICTIONS                    11696168                       35088741              

DFE_L0_WRONG_MAIN_CORRECT                         1300                           5129              

DFE_L0_WRONG_MAIN_WRONG                            201                           1425              

DFE_L0_CORRECT_MAIN_WRONG                            0                            139              

DFE_L0_CORRECT_MAIN_CORRECT                   11694667                       35082048              

DFE_L0_WRONG_MAIN_CORRECT_RECOVERY_SCHEDULED             0                              0              

FTQ_SAW_BAR_FETCH_OFFPATH                            0                            134              

FTQ_SAW_BAR_FETCH_ONPATH                            75                            297              

DFE_CONF_0_RECOVER_AT_EXEC                           0         -nan%                0         -nan%
DFE_CONF_1_RECOVER_AT_EXEC                           0         -nan%                0         -nan%
DFE_CONF_2_RECOVER_AT_EXEC                           0         -nan%                0         -nan%
DFE_CONF_3_RECOVER_AT_EXEC                           0         -nan%                0         -nan%
DFE_CONF_0_CORRECT                                   0         -nan%                0         -nan%
DFE_CONF_1_CORRECT                                   0         -nan%                0         -nan%
DFE_CONF_2_CORRECT                                   0         -nan%                0         -nan%
DFE_CONF_3_CORRECT                                   0         -nan%                0         -nan%
                                                     0         -nan%                0         -nan%
                                                  -nan         -nan              -nan         -nan

DFE_ON_CONF_ON_OPS                                   0         -nan%                0         -nan%
DFE_ON_CONF_OFF_OPS                                  0         -nan%                0         -nan%
DFE_OFF_CONF_ON_OPS                                  0         -nan%                0         -nan%
DFE_OFF_CONF_OFF_REALISTIC_OPS                       0         -nan%                0         -nan%
DFE_OFF_CONF_OFF_PERFECT_OPS                         0         -nan%                0         -nan%
                                                     0         -nan%                0         -nan%
                                                  -nan         -nan              -nan         -nan

DFE_ON_CONF_ON_FETCH_TARGETS                         0         -nan%                0         -nan%
DFE_ON_CONF_OFF_FETCH_TARGETS                        0         -nan%                0         -nan%
DFE_OFF_CONF_ON_FETCH_TARGETS                        0         -nan%                0         -nan%
DFE_OFF_CONF_OFF_REALISTIC_FETCH_TARGETS             0         -nan%                0         -nan%
DFE_OFF_CONF_OFF_PERFECT_FETCH_TARGETS               0         -nan%                0         -nan%
                                                     0         -nan%                0         -nan%
                                                  -nan         -nan              -nan         -nan

DFE_ON_CONF_ON_CYCLES                                0         -nan%                0         -nan%
DFE_ON_CONF_OFF_CYCLES                               0         -nan%                0         -nan%
DFE_OFF_CONF_ON_CYCLES                               0         -nan%                0         -nan%
DFE_OFF_CONF_OFF_REALISTIC_CYCLES                    0         -nan%                0         -nan%
DFE_OFF_CONF_OFF_PERFECT_CYCLES                      0         -nan%                0         -nan%
                                                     0         -nan%                0         -nan%
                                                  -nan         -nan              -nan         -nan

DFE_OFF_CONF_ON_NUM_EVENTS                           0                              0              

DFE_OFF_CONF_ON_NOT_IDENTIFIED_EVENTS                0         -nan%                0         -nan%
DFE_OFF_CONF_ON_IBTB_MISS_EVENTS                     0         -nan%                0         -nan%
DFE_OFF_CONF_ON_BTB_MISS_EVENTS                      0         -nan%                0         -nan%
DFE_OFF_CONF_ON_BTB_MISS_RECOVER_AT_EXEC_EVENTS             0         -nan%                0         -nan%
DFE_OFF_CONF_ON_RECOVER_AT_EXEC_EVENTS               0         -nan%                0         -nan%
DFE_OFF_CONF_ON_RECOVER_AT_DECODE_EVENTS             0         -nan%                0         -nan%
                                                     0         -nan%                0         -nan%
                                                  -nan         -nan              -nan         -nan

DFE_OFF_CONF_ON_LATE_BTB_HIT_EVENTS                  0                              0              

DFE_OFF_CONF_ON_NOT_IDENTIFIED_CYCLES                0         -nan%                0         -nan%
DFE_OFF_CONF_ON_IBTB_MISS_CYCLES                     0         -nan%                0         -nan%
DFE_OFF_CONF_ON_BTB_MISS_CYCLES                      0         -nan%                0         -nan%
DFE_OFF_CONF_ON_BTB_MISS_RECOVER_AT_EXEC_CYCLES             0         -nan%                0         -nan%
DFE_OFF_CONF_ON_RECOVER_AT_EXEC_CYCLES               0         -nan%                0         -nan%
DFE_OFF_CONF_ON_RECOVER_AT_DECODE_CYCLES             0         -nan%                0         -nan%
                                                     0         -nan%                0         -nan%
                                                  -nan         -nan              -nan         -nan

DFE_OFF_CONF_ON_LATE_BTB_HIT_CYCLES                  0                              0              

DFE_OFF_CONF_ON_NOT_IDENTIFIED_FETCH_TARGETS             0         -nan%                0         -nan%
DFE_OFF_CONF_ON_IBTB_MISS_FETCH_TARGETS              0         -nan%                0         -nan%
DFE_OFF_CONF_ON_BTB_MISS_FETCH_TARGETS               0         -nan%                0         -nan%
DFE_OFF_CONF_ON_BTB_MISS_RECOVER_AT_EXEC_FETCH_TARGETS             0         -nan%                0         -nan%
DFE_OFF_CONF_ON_RECOVER_AT_EXEC_FETCH_TARGETS             0         -nan%                0         -nan%
DFE_OFF_CONF_ON_RECOVER_AT_DECODE_FETCH_TARGETS             0         -nan%                0         -nan%
                                                     0         -nan%                0         -nan%
                                                  -nan         -nan              -nan         -nan

DFE_OFF_CONF_ON_LATE_BTB_HIT_FETCH_TARGETS             0                              0              

DFE_OFF_CONF_ON_BP_INCORRECT_0_CONF                  0         -nan%                0         -nan%
DFE_OFF_CONF_ON_BP_INCORRECT_1_CONF                  0         -nan%                0         -nan%
DFE_OFF_CONF_ON_BP_INCORRECT_2_CONF                  0         -nan%                0         -nan%
DFE_OFF_CONF_ON_BP_INCORRECT_3_CONF                  0         -nan%                0         -nan%
                                                     0         -nan%                0         -nan%
                                                  -nan         -nan              -nan         -nan

DFE_OFF_CONF_ON_BTB_MISS_CBR_0_CONF                  0         -nan%                0         -nan%
DFE_OFF_CONF_ON_BTB_MISS_CBR_1_CONF                  0         -nan%                0         -nan%
DFE_OFF_CONF_ON_BTB_MISS_CBR_2_CONF                  0         -nan%                0         -nan%
DFE_OFF_CONF_ON_BTB_MISS_CBR_3_CONF                  0         -nan%                0         -nan%
                                                     0         -nan%                0         -nan%
                                                  -nan         -nan              -nan         -nan

DFE_OFF_CONF_ON_BTB_MISS_NOT_CF                      0         -nan%                0         -nan%
DFE_OFF_CONF_ON_BTB_MISS_CF_BR                       0         -nan%                0         -nan%
DFE_OFF_CONF_ON_BTB_MISS_CF_CBR                      0         -nan%                0         -nan%
DFE_OFF_CONF_ON_BTB_MISS_CF_CALL                     0         -nan%                0         -nan%
DFE_OFF_CONF_ON_BTB_MISS_CF_IBR                      0         -nan%                0         -nan%
DFE_OFF_CONF_ON_BTB_MISS_CF_ICALL                    0         -nan%                0         -nan%
DFE_OFF_CONF_ON_BTB_MISS_CF_ICO                      0         -nan%                0         -nan%
DFE_OFF_CONF_ON_BTB_MISS_CF_RET                      0         -nan%                0         -nan%
DFE_OFF_CONF_ON_BTB_MISS_CF_SYS                      0         -nan%                0         -nan%
                                                     0         -nan%                0         -nan%
                                                  -nan         -nan              -nan         -nan

DFE_ON_CONF_OFF_NUM_EVENTS                           0                              0              

CONF_BTB_NUM_CYCLES_OFF_PATH_EVENT                   0                              0              

DFE_ON_CONF_OFF_IBTB_MISS_BP_TAKEN                   0         -nan%                0         -nan%
DFE_ON_CONF_OFF_BTB_MISS_BP_TAKEN_CONF_0             0         -nan%                0         -nan%
DFE_ON_CONF_OFF_BTB_MISS_BP_TAKEN_CONF_1             0         -nan%                0         -nan%
DFE_ON_CONF_OFF_BTB_MISS_BP_TAKEN_CONF_2             0         -nan%                0         -nan%
DFE_ON_CONF_OFF_BTB_MISS_BP_TAKEN_CONF_3             0         -nan%                0         -nan%
DFE_ON_CONF_OFF_BTB_MISS_RATE                        0         -nan%                0         -nan%
DFE_ON_CONF_OFF_IBTB_MISS_RATE                       0         -nan%                0         -nan%
DFE_ON_CONF_OFF_RECOVER_AT_DECODE_RATE               0         -nan%                0         -nan%
DFE_ON_CONF_OFF_RECOVER_AT_EXEC_RATE                 0         -nan%                0         -nan%
DFE_ON_CONF_OFF_INV_CONF_INC                         0         -nan%                0         -nan%
DFE_ON_CONF_OFF_PERFECT_CONF                         0         -nan%                0         -nan%
                                                     0         -nan%                0         -nan%
                                                  -nan         -nan              -nan         -nan

DFE_ON_CONF_OFF_IBTB_MISS_BP_TAKEN_CYCLES             0         -nan%                0         -nan%
DFE_ON_CONF_OFF_BTB_MISS_BP_TAKEN_CONF_0_CYCLES             0         -nan%                0         -nan%
DFE_ON_CONF_OFF_BTB_MISS_BP_TAKEN_CONF_1_CYCLES             0         -nan%                0         -nan%
DFE_ON_CONF_OFF_BTB_MISS_BP_TAKEN_CONF_2_CYCLES             0         -nan%                0         -nan%
DFE_ON_CONF_OFF_BTB_MISS_BP_TAKEN_CONF_3_CYCLES             0         -nan%                0         -nan%
DFE_ON_CONF_OFF_BTB_MISS_RATE_CYCLES                 0         -nan%                0         -nan%
DFE_ON_CONF_OFF_IBTB_MISS_RATE_CYCLES                0         -nan%                0         -nan%
DFE_ON_CONF_OFF_RECOVER_AT_DECODE_RATE_CYCLES             0         -nan%                0         -nan%
DFE_ON_CONF_OFF_RECOVER_AT_EXEC_RATE_CYCLES             0         -nan%                0         -nan%
DFE_ON_CONF_OFF_INV_CONF_INC_CYCLES                  0         -nan%                0         -nan%
DFE_ON_CONF_OFF_PERFECT_CONF_CYCLES                  0         -nan%                0         -nan%
                                                     0         -nan%                0         -nan%
                                                  -nan         -nan              -nan         -nan

DFE_ON_CONF_OFF_IBTB_MISS_BP_TAKEN_FETCH_TARGETS             0         -nan%                0         -nan%
DFE_ON_CONF_OFF_BTB_MISS_BP_TAKEN_CONF_0_FETCH_TARGETS             0         -nan%                0         -nan%
DFE_ON_CONF_OFF_BTB_MISS_BP_TAKEN_CONF_1_FETCH_TARGETS             0         -nan%                0         -nan%
DFE_ON_CONF_OFF_BTB_MISS_BP_TAKEN_CONF_2_FETCH_TARGETS             0         -nan%                0         -nan%
DFE_ON_CONF_OFF_BTB_MISS_BP_TAKEN_CONF_3_FETCH_TARGETS             0         -nan%                0         -nan%
DFE_ON_CONF_OFF_BTB_MISS_RATE_FETCH_TARGETS             0         -nan%                0         -nan%
DFE_ON_CONF_OFF_IBTB_MISS_RATE_FETCH_TARGETS             0         -nan%                0         -nan%
DFE_ON_CONF_OFF_RECOVER_AT_DECODE_RATE_FETCH_TARGETS             0         -nan%                0         -nan%
DFE_ON_CONF_OFF_RECOVER_AT_EXEC_RATE_FETCH_TARGETS             0         -nan%                0         -nan%
DFE_ON_CONF_OFF_INV_CONF_INC_FETCH_TARGETS             0         -nan%                0         -nan%
DFE_ON_CONF_OFF_PERFECT_CONF_FETCH_TARGETS             0         -nan%                0         -nan%
                                                     0         -nan%                0         -nan%
                                                  -nan         -nan              -nan         -nan

CONF_OFF_IBTB_MISS_BP_TAKEN                          0         -nan%                0         -nan%
CONF_OFF_BTB_MISS_BP_TAKEN_CONF_0                    0         -nan%                0         -nan%
CONF_OFF_BTB_MISS_BP_TAKEN_CONF_1                    0         -nan%                0         -nan%
CONF_OFF_BTB_MISS_BP_TAKEN_CONF_2                    0         -nan%                0         -nan%
CONF_OFF_BTB_MISS_BP_TAKEN_CONF_3                    0         -nan%                0         -nan%
CONF_OFF_BTB_MISS_RATE                               0         -nan%                0         -nan%
CONF_OFF_IBTB_MISS_RATE                              0         -nan%                0         -nan%
CONF_OFF_RECOVER_AT_DECODE_RATE                      0         -nan%                0         -nan%
CONF_OFF_RECOVER_AT_EXEC_RATE                        0         -nan%                0         -nan%
CONF_OFF_INV_CONF_INC                                0         -nan%                0         -nan%
CONF_OFF_PERFECT_CONF                                0         -nan%                0         -nan%
                                                     0         -nan%                0         -nan%
                                                  -nan         -nan              -nan         -nan

TOPDOWN_TOTAL_SLOTS                           18405360                       55902726              

TOPDOWN_ISSUED_SLOTS                          11736695                       35296119              

TOPDOWN_RETIRED_SLOTS                         11696666                       35088741              

TOPDOWN_FETCH_BUBBLES_SLOTS                      12292                         259697              

TOPDOWN_RECOVERY_BUBBLES_SLOTS                    6225                          40822              

TOPDOWN_MEM_LOAD_STALLS_CYCLES                 1108308                        3383440              

TOPDOWN_MEM_STORE_STALLS_CYCLES                      0                             10              

TOPDOWN_EXEC_STALLS_CYCLES                      396773                        1257154              

TOPDOWN_BACKEND_STALLS_CYCLES                  1108308                        3384076              

TOPDOWN_FETCH_BUBBLES_GT_MIW_CYCLES               1554                          39613              

TOPDOWN_BR_RECOVER_AT_EXEC_RETIRED_CYCLES           200                           1334              

TOPDOWN_MACHINE_CLEAR_CYCLES                      1500                           6692              

TOPDOWN_FRONTEND_BOUND                               6                              6              

TOPDOWN_BACKEND_BOUND                             3614                           3614              

TOPDOWN_BAD_SPEC_BOUND                              25                             25              

TOPDOWN_RETIRING_BOUND                            6355                           6355              

TOPDOWN_FETCH_LATENCY_BOUND                          5                              5              

TOPDOWN_FETCH_BANDWIDTH_BOUND                        1                              1              

TOPDOWN_MEM_BOUND                                 3614                           3614              

TOPDOWN_CORE_BOUND                                   0                              0              

TOPDOWN_BR_RECOVER_AT_EXEC_BOUND                     2                              2              

TOPDOWN_MACHINE_CLEARS_BOUND                        23                             23              

H2P_SEEN_MAIN                                        0                              0              



