/* -*- Mode: c -*- */
####################################################################################################
Core 0
####################################################################################################
Cumulative:        Cycles: 16661184              Instructions: 30000000              IPC: 1.80059

Periodic:          Cycles: 5386085               Instructions: 9999998               IPC: 1.85664

FCT_LOOKUP_HITS                                  55678                         177411              

FCT_LOOKUP_MISSES                              2003251                        6165740              

FCT_LOOKUP_LOW_CONF                              54716                         163925              

FCT_PRELOAD_INSERTS                                  0                              0              

FCT_PRELOAD_DUPLICATE_LD1_SKIPS                      0                              0              

FCT_RUNTIME_INSERTS                                  0                              8              

FCT_RUNTIME_REPLACEMENTS                             0                              0              

FCT_RUNTIME_REINFORCEMENTS                           2                             10              

FCT_RUNTIME_CONFLICTS                                0                              0              

IFUSE_TRAINING_PAIRS_DISCOVERED                 701669                        2149974              

IFUSE_TRAINING_STORE_INVALIDATIONS             1270147                        3823049              

IFUSE_TRAINING_CROSS_LINE_LOADS                  19688                          55349              

TRAINING_TABLE_LOOKUPS                          701669                        2149974              

TRAINING_TABLE_HITS                             455941                        1442800              

TRAINING_TABLE_MISSES                           245728                         707174              

TRAINING_TABLE_INSERTS                          245728                         707174              

TRAINING_TABLE_EVICTIONS                        245726                         707028              

TRAINING_TABLE_OBSERVATIONS                     701669                        2149974              

TRAINING_TABLE_PROMOTIONS                            2                             18              

TRAINING_TABLE_PROMOTION_REJECTS                     0                              0              

TRAINING_TABLE_PEAK_LIVE                             0                            128              

APT_LOOKUP_HITS                                    930                          13377              

APT_LOOKUP_MISSES                              2058929                        6343115              

APT_CONFIGURED_CAPACITY                              0                            256              

APT_INSERTS                                        962                          13486              

APT_EVICTIONS                                       22                           6787              

APT_INSERT_FAILURES                                  0                              0              

APT_LIVE_LD2_PREDICTION_PEAK                         0                             13              

APT_LIVE_LD2_PREDICTION_OBSERVATIONS           2059859                        6356492              

APT_LIVE_LD2_PREDICTION_TOTAL                    41548                         351853              

APT_LIVE_LD2_PREDICTION_AVG                      41548        0.0202           351853        0.0554

IFUSE_INFLIGHT_FUSED_PAIRS_PEAK                      0                             84              

IFUSE_INFLIGHT_FUSED_PAIRS_OBSERVATIONS        2059859                        6356491              

IFUSE_INFLIGHT_FUSED_PAIRS_TOTAL             156583608                      194218259              

ACI_LOOKUP_HITS                                    928                          13329              

ACI_LOOKUP_MISSES                                    2                             12              

ACI_REPLAYED_INSERTS                                 0                              0              

ACI_EVICTIONS                                        0                              0              

ACI_BACKING_ALLOC_FAILURES                           0                              0              

ACI_PREDICTION_INSERTS                             962                          13486              

ACI_SAME_CACHEBLOCK_INSERTS                          0                           1222              

ACI_PREDICTION_INVALIDATIONS                        34                            157              

ACI_STALE_PREDICTION_REMOVALS                        0                              0              

IFUSE_GP_REG_OCCUPIED_PEAK                           0                            268              

IFUSE_GP_REG_OCCUPIED_OBSERVATIONS            12813900                       38944401              

IFUSE_GP_REG_OCCUPIED_TOTAL                 2108358271                     6501772695              

IFUSE_GP_REG_UTIL_PCT_TOTAL                  747058926                     2304071235              

IFUSE_EXTRA_REG_IN_USE_PEAK                          0                              6              

IFUSE_EXTRA_REG_IN_USE_OBSERVATIONS           12813900                       38944401              

IFUSE_EXTRA_REG_IN_USE_TOTAL                    203226                        1425726              

IFUSE_LOAD1_PREDICTIONS                            962                          13486              

IFUSE_CORRECT_PREDICTIONS                          928                          13327              

IFUSE_INCORRECT_PREDICTIONS                          2                             14              

IFUSE_FUSED_LOADS                                  928                          13327              

IFUSE_MISPREDICTED_LOADS                             2                             14              

IFUSE_MISPREDICTION_FLUSHES                          2                             14              

IFUSE_MISPREDICTED_CACHE_BLOCK_ADDR                  2                             12              

IFUSE_MISPREDICTED_OFFSET_DELTA                      2                             14              

IFUSE_ALL_LOADS                                2059859                        6356492              

IFUSE_NUM_FUSED_LOADS                              925                          12618              

IFUSE_NUM_DEMAND_LOADS                         2058934                        6343874              

IFUSE_LOAD_COVERAGE                                925        0.0004            12618        0.0020

IFUSE_LD_STALL_CYCLES                         17748720                       55755636              

IFUSE_LD_STALL_CYCLES_FUSED                        786                           4096              

IFUSE_LD_STALL_CYCLES_DEMAND                  17747934                       55751540              

IFUSE_AVG_STALL_PER_LOAD                      17748720        8.6165         55755636        8.7714

IFUSE_AVG_STALL_PER_FUSED                          786        0.8497             4096        0.3246

IFUSE_AVG_STALL_PER_DEMAND                    17747934        8.6200         55751540        8.7882

IFUSE_FULL_MITIGATED                               536                          11085              

IFUSE_PARTIAL_MITIGATED                            389                           1533              

IFUSE_REMAINING_WAIT_AFTER_AGU                    1216                           6155              

IFUSE_PREFETCH_LEAD_OPPORTUNITIES                  925                          12618              

IFUSE_PREFETCH_LEAD_EVENTS                         527                          11012              

IFUSE_PREFETCH_LEAD_CYCLES                       44863                         411849              

IFUSE_AVG_PREFETCH_LEAD                          44863       48.5005           411849       32.6398

IFUSE_PAIR_DISTANCE_TOTAL                        13090                         260664              

IFUSE_AVG_PAIR_DISTANCE                          13090       14.1514           260664       20.6581

IFUSE_LD_EXEC_MINUS_FETCH                    331135084                     1020675171              

IFUSE_LD_RETIRE_MINUS_FETCH                  433575445                     1357540017              

IFUSE_LD_EXEC_TO_DONE                         17748720                       55755636              

IFUSE_LD_EXEC_MINUS_FETCH_FUSED                  64049                         906234              

IFUSE_LD_RETIRE_MINUS_FETCH_FUSED               112087                        1671910              

IFUSE_LD_EXEC_TO_DONE_FUSED                        786                           4096              

IFUSE_LD_EXEC_MINUS_FETCH_DEMAND             331071035                     1019768937              

IFUSE_LD_RETIRE_MINUS_FETCH_DEMAND           433463358                     1355868107              

IFUSE_LD_EXEC_TO_DONE_DEMAND                  17747934                       55751540              



