Scarab gitrev: f31bf3d3
Warning: Scarab expects the trace file type to include OFFLINE_FILE_TYPE_ARCH_REGDEPS (0x20000), but got type: 0xe40
Scarab started at Sat Jul 11 05:50:28 2026

FCT preload: loaded 136 PC-pair(s) from '/home/deepmish/pgo-candidates/pgo-candidates-frequency-100/sssp_ego_fb/90.csv' at confidence 500 (skipped 18 duplicate LD1 PCs)
Initialized Ramulator. 
Expected data2 but found type 'instr'
Stray memory record detected at seq. 181733: PC: 0x7f53b4bf5ce1, PID: 397553, TID: 397553, Addr: 0x7ffcb2283f40. Suppressing further messages.
Patching gap in trace by injecting a Jmp, prior PC: 7f53b4bf5cd4 next PC: 7f53b4bf5ce5
Expected data2 but found type 'instr'
Patching gap in trace by injecting a Jmp, prior PC: 7f53b4bf5cd4 next PC: 7f53b4bf5ce5
** Heartbeat:   1% -- { 1000000 } -- 0.00 KIPS (76.92 KIPS)
** Heartbeat:   2% -- { 2000000 } -- 100.00 KIPS (86.96 KIPS)
** Heartbeat:   3% -- { 3000000 } -- 100.00 KIPS (90.91 KIPS)
** Heartbeat:   4% -- { 4000003 } -- 100.00 KIPS (93.02 KIPS)
** Heartbeat:   5% -- { 5000006 } -- 90.91 KIPS (92.59 KIPS)
** Heartbeat:   6% -- { 6000007 } -- 90.91 KIPS (92.31 KIPS)
** Heartbeat:   7% -- { 7000008 } -- 142.86 KIPS (97.22 KIPS)
** Heartbeat:   8% -- { 8000010 } -- 125.00 KIPS (100.00 KIPS)
** Heartbeat:   9% -- { 9000010 } -- 100.00 KIPS (100.00 KIPS)
Patching gap in trace by injecting a Jmp, prior PC: 7f53b41ba749 next PC: 7f53b41bddf1
** Heartbeat:  10% -- { 10000010 } -- 90.91 KIPS (99.01 KIPS)
** Heartbeat:  11% -- { 11000012 } -- 100.00 KIPS (99.10 KIPS)
** Heartbeat:  12% -- { 12000016 } -- 90.91 KIPS (98.36 KIPS)
** Heartbeat:  13% -- { 13000016 } -- 100.00 KIPS (98.48 KIPS)
** Heartbeat:  14% -- { 14000019 } -- 90.91 KIPS (97.90 KIPS)
** Heartbeat:  15% -- { 15000023 } -- 100.00 KIPS (98.04 KIPS)
** Heartbeat:  16% -- { 16000028 } -- 90.91 KIPS (97.56 KIPS)
** Heartbeat:  17% -- { 17000030 } -- 100.00 KIPS (97.70 KIPS)
** Heartbeat:  18% -- { 18000030 } -- 90.91 KIPS (97.30 KIPS)
** Heartbeat:  19% -- { 19000033 } -- 90.91 KIPS (96.94 KIPS)
** Heartbeat:  20% -- { 20000039 } -- 100.00 KIPS (97.09 KIPS)
** Heartbeat:  21% -- { 21000042 } -- 90.91 KIPS (96.77 KIPS)
** Heartbeat:  22% -- { 22000043 } -- 100.00 KIPS (96.92 KIPS)
** Heartbeat:  23% -- { 23000044 } -- 90.91 KIPS (96.64 KIPS)
** Heartbeat:  24% -- { 24000049 } -- 90.91 KIPS (96.39 KIPS)
** Heartbeat:  25% -- { 25000053 } -- 111.11 KIPS (96.90 KIPS)
** Heartbeat:  26% -- { 26000053 } -- 90.91 KIPS (96.65 KIPS)
** Heartbeat:  27% -- { 27000059 } -- 100.00 KIPS (96.77 KIPS)
** Heartbeat:  28% -- { 28000060 } -- 90.91 KIPS (96.55 KIPS)
** Heartbeat:  29% -- { 29000063 } -- 100.00 KIPS (96.67 KIPS)
Reached end of trace (last_inst) pc=0x7f53b41ba840
** Core 0 Finished:    insts:29999995    cycles:6824592     time:2132685000000       -- 4.40 IPC (4.40 IPC) --  N/A  KIPS (96.46 KIPS)
Scarab finished at Sat Jul 11 05:55:39 2026

