/* -*- Mode: c -*- */
####################################################################################################
Core 0
####################################################################################################
Cumulative:        Cycles: 17463187              Instructions: 30000000              IPC: 1.71790

Periodic:          Cycles: 5892515               Instructions: 9999998               IPC: 1.69707

MISS_WAIT_TIME                            147009087531                   264693302498              

ICACHE_STAGE_MISS                                10157                          31071              

ICACHE_CYCLE                                   5892515                       17463187              

TCACHE_CYCLE                                         0                              0              

ICACHE_SERVING_CYCLE_ON_PATH                    825834                        2491418              

ICACHE_SERVING_CYCLE_OFF_PATH                   140220                         449109              

UCACHE_SERVING_CYCLE_ON_PATH                   3294258                        9645670              

UCACHE_SERVING_CYCLE_OFF_PATH                  1291375                        3820444              

ICACHE_CYCLE_ONPATH                            4404667       74.750%         13006895       74.482%
ICACHE_CYCLE_OFFPATH                           1487848       25.250%          4456292       25.518%
                                               5892515      100.000%         17463187      100.000%
                                                  0.25         0.40              0.26         0.40

FETCH_ON_PATH                                  4459851       75.687%         13179883       75.472%
FETCH_OFF_PATH                                 1432664       24.313%          4283304       24.528%
                                               5892515      100.000%         17463187      100.000%
                                                  0.24         0.39              0.25         0.39

FETCHED_OPS_ON_PATH                                  0         -nan%                0         -nan%
FETCHED_OPS_OFF_PATH                                 0         -nan%                0         -nan%
                                                     0         -nan%                0         -nan%
                                                  -nan         -nan              -nan         -nan

INST_LOST_FETCH                               15181155       39.979%         45507425       40.482%
INST_LOST_OFF_PATH                             2721770        7.168%          8410704        7.482%
INST_LOST_FULL_WINDOW                           228158        0.601%           682684        0.607%
INST_LOST_ROB_STALL_OTHER                       523650        1.379%          1565132        1.392%
INST_LOST_ROB_STALL_WAIT_FOR_RECOVERY                0        0.000%                0        0.000%
INST_LOST_ROB_STALL_WAIT_FOR_REDIRECT                0        0.000%                0        0.000%
INST_LOST_ROB_STALL_WAIT_FOR_GAP_FILL                0        0.000%                0        0.000%
INST_LOST_ROB_STALL_WAIT_FOR_L1_MISS                 0        0.000%                0        0.000%
INST_LOST_ROB_STALL_WAIT_FOR_MEMORY                  0        0.000%                0        0.000%
INST_LOST_ROB_STALL_WAIT_FOR_DC_MISS          10293950       27.109%         29140110       25.922%
INST_LOST_ROB_BLOCK_ISSUE_FULL                       0        0.000%                0        0.000%
INST_LOST_ROB_BLOCK_ISSUE_GAP_TOO_LARGE              0        0.000%                0        0.000%
INST_LOST_BREAK_DONT                                 0        0.000%                0        0.000%
INST_LOST_BREAK_FT_UNAVAILABLE                 1434526        3.778%          4318321        3.841%
INST_LOST_BREAK_ICACHE_STAGE_RESTEER             48948        0.129%           155418        0.138%
INST_LOST_BREAK_ICACHE_MISS_REQ_SUCCESS          46702        0.123%           142851        0.127%
INST_LOST_BREAK_ICACHE_MISS_REQ_FAILURE              0        0.000%              243        0.000%
INST_LOST_BREAK_ICACHE_WAIT_FOR_MISS            450016        1.185%          1499355        1.334%
INST_LOST_BREAK_ICACHE_STALLED                  188880        0.497%           637600        0.567%
INST_LOST_BREAK_ICACHE_TO_UOP_CACHE_SWITCH        404758        1.066%          1221753        1.087%
INST_LOST_BREAK_ICACHE_READ_LIMIT               273485        0.720%           829315        0.738%
INST_LOST_BREAK_ICACHE_ISSUE_WIDTH                   0        0.000%                0        0.000%
INST_LOST_BREAK_UOP_CACHE_STALLED              1219126        3.211%          3403197        3.027%
INST_LOST_BREAK_UOP_CACHE_TO_ICACHE_SWITCH        461362        1.215%          1394918        1.241%
INST_LOST_BREAK_UOP_CACHE_READ_LIMIT           4496383       11.841%         13504716       12.013%
INST_LOST_BREAK_UOP_CACHE_ISSUE_WIDTH                0        0.000%                0        0.000%
                                              37972869      100.000%        112413742      100.000%
                                                  7.56         7.15              7.52         7.20

INST_LOST_TOTAL                               44566512                      131819614              

INST_LOST_WAIT_FOR_ICACHE_MISS_NOT_PREFETCHED             0        0.000%            52410        3.640%
INST_LOST_WAIT_FOR_ICACHE_MISS_PREFETCHED_AND_EVICTED_BY_IFETCH             0        0.000%                0        0.000%
INST_LOST_WAIT_FOR_ICACHE_MISS_PREFETCHED_AND_EVICTED_BY_FDIP             0        0.000%                0        0.000%
INST_LOST_WAIT_FOR_ICACHE_MISS_MSHR_HIT_PREF_OFFPATH            72        0.016%              906        0.063%
INST_LOST_WAIT_FOR_ICACHE_MISS_MSHR_HIT_PREF_ONPATH        444276       99.984%          1386384       96.297%
                                                444348      100.000%          1439700      100.000%
                                                  4.00         4.00              3.85         3.78

FETCH_0_OPS                                     340125        5.772%          1054482        6.038%
FETCH_1_OPS                                     102472        1.739%           305939        1.752%
FETCH_2_OPS                                     160983        2.732%           485563        2.780%
FETCH_3_OPS                                     215814        3.663%           646099        3.700%
FETCH_4_OPS                                     904408       15.348%          2691255       15.411%
FETCH_5_OPS                                     214352        3.638%           663709        3.801%
FETCH_6_OPS                                     886005       15.036%          2636410       15.097%
FETCH_7_OPS                                      81824        1.389%           243300        1.393%
FETCH_8_OPS                                    2986532       50.683%          8736430       50.028%
FETCH_9_OPS                                          0        0.000%                0        0.000%
FETCH_10_OPS                                         0        0.000%                0        0.000%
FETCH_11_OPS                                         0        0.000%                0        0.000%
FETCH_12_OPS                                         0        0.000%                0        0.000%
FETCH_13_OPS                                         0        0.000%                0        0.000%
FETCH_14_OPS                                         0        0.000%                0        0.000%
FETCH_15_OPS                                         0        0.000%                0        0.000%
FETCH_16_OPS                                         0        0.000%                0        0.000%
                                               5892515      100.000%         17463187      100.000%
                                                  6.03         1.97              6.00         1.97

ST_BREAK_DONT                                        0        0.000%                0        0.000%
ST_BREAK_FT_UNAVAILABLE                         239351        4.062%           720515        4.126%
ST_BREAK_ICACHE_STAGE_RESTEER                    13439        0.228%            42352        0.243%
ST_BREAK_ICACHE_MISS_REQ_SUCCESS                 10157        0.172%            31071        0.178%
ST_BREAK_ICACHE_MISS_REQ_FAILURE                     0        0.000%               41        0.000%
ST_BREAK_ICACHE_WAIT_FOR_MISS                    75045        1.274%           250062        1.432%
ST_BREAK_ICACHE_STALLED                         154198        2.617%           489395        2.802%
ST_BREAK_ICACHE_TO_UOP_CACHE_SWITCH             129995        2.206%           392511        2.248%
ST_BREAK_ICACHE_READ_LIMIT                      120448        2.044%           365596        2.094%
ST_BREAK_ICACHE_ISSUE_WIDTH                     551033        9.351%          1673122        9.581%
ST_BREAK_UOP_CACHE_STALLED                     2265051       38.439%          6486637       37.145%
ST_BREAK_UOP_CACHE_TO_ICACHE_SWITCH             103690        1.760%           314031        1.798%
ST_BREAK_UOP_CACHE_READ_LIMIT                  1180957       20.042%          3543080       20.289%
ST_BREAK_UOP_CACHE_ISSUE_WIDTH                 1049151       17.805%          3154774       18.065%
                                               5892515      100.000%         17463187      100.000%
                                                 10.19         5.05             10.17         5.09

ORACLE_ON_PATH_INST                           15181155       84.797%         45507425       84.401%
ORACLE_OFF_PATH_INST                           2721770       15.203%          8410704       15.599%
                                              17902925      100.000%         53918129      100.000%
                                                  0.15         0.34              0.16         0.34

ORACLE_ON_PATH_INST_MEM                        4362517       24.368%         13078310       24.256%
ORACLE_ON_PATH_INST_NOTMEM                    10818638       60.429%         32429115       60.145%
ORACLE_OFF_PATH_INST_MEM                        768127        4.291%          2359993        4.377%
ORACLE_OFF_PATH_INST_NOTMEM                    1953643       10.912%          6050711       11.222%
                                              17902925      100.000%         53918129      100.000%
                                                  1.02         0.76              1.03         0.77

ICACHE_CYCLE_NONRA_ONPATH                            0         -nan%                0         -nan%
ICACHE_CYCLE_NONRA_OFFPATH                           0         -nan%                0         -nan%
ICACHE_CYCLE_RA_ONPATH                               0         -nan%                0         -nan%
ICACHE_CYCLE_RA_OFFPATH                              0         -nan%                0         -nan%
                                                     0         -nan%                0         -nan%
                                                  -nan         -nan              -nan         -nan

ICACHE_CYCLE_ONPATH_NONRA                            0         -nan%                0         -nan%
ICACHE_CYCLE_OFFPATH_NONRA                           0         -nan%                0         -nan%
                                                     0         -nan%                0         -nan%
                                                  -nan         -nan              -nan         -nan

ICACHE_CYCLE_ONPATH_RA                               0         -nan%                0         -nan%
ICACHE_CYCLE_OFFPATH_RA                              0         -nan%                0         -nan%
                                                     0         -nan%                0         -nan%
                                                  -nan         -nan              -nan         -nan

INACCURATE_OFFPATH_CYCLES                            0        0.0000                0        0.0000

FETCH_ALL_INST                                17902925                       53918129              

EXEC_ALL_INST                                 15991941                       48012049              

RET_ALL_INST                                  15181310                       45507425              

EXEC_ON_PATH_INST                             15181273       94.931%         45507425       94.783%
EXEC_OFF_PATH_INST                              810668        5.069%          2504624        5.217%
                                              15991941      100.000%         48012049      100.000%
                                                  0.05         0.21              0.05         0.22

EXEC_ON_PATH_INST_MEM                          4362555       27.280%         13078310       27.240%
EXEC_ON_PATH_INST_NOTMEM                      10818718       67.651%         32429115       67.544%
EXEC_OFF_PATH_INST_MEM                          272285        1.703%           833838        1.737%
EXEC_OFF_PATH_INST_NOTMEM                       538383        3.367%          1670786        3.480%
                                              15991941      100.000%         48012049      100.000%
                                                  0.81         0.48              0.81         0.49

EXEC_RA_INST                                         0         -nan%                0         -nan%
EXEC_NONRA_INST                                      0         -nan%                0         -nan%
                                                     0         -nan%                0         -nan%
                                                  -nan         -nan              -nan         -nan

EXEC_ON_PATH_INST_RA                                 0         -nan%                0         -nan%
EXEC_OFF_PATH_INST_RA                                0         -nan%                0         -nan%
                                                     0         -nan%                0         -nan%
                                                  -nan         -nan              -nan         -nan

EXEC_ON_PATH_INST_NONRA                              0         -nan%                0         -nan%
EXEC_OFF_PATH_INST_NONRA                             0         -nan%                0         -nan%
                                                     0         -nan%                0         -nan%
                                                  -nan         -nan              -nan         -nan

EXEC_RA_ON_PATH_INST                                 0         -nan%                0         -nan%
EXEC_RA_OFF_PATH_INST                                0         -nan%                0         -nan%
EXEC_NONRA_ON_PATH_INST                              0         -nan%                0         -nan%
EXEC_NONRA_OFF_PATH_INST                             0         -nan%                0         -nan%
                                                     0         -nan%                0         -nan%
                                                  -nan         -nan              -nan         -nan

ICACHE_THROTTLE_CYCLE                                0                              0              

FETCH_ENABLE_THROTTLE_OFF_PATH                       0         -nan%                0         -nan%
FETCH_ENABLE_THROTTLE_ON_PATH                        0         -nan%                0         -nan%
                                                     0         -nan%                0         -nan%
                                                  -nan         -nan              -nan         -nan

FETCH_DISABLE_THROTTLE_OFF_PATH                      0         -nan%                0         -nan%
FETCH_DISABLE_THROTTLE_ON_PATH                       0         -nan%                0         -nan%
                                                     0         -nan%                0         -nan%
                                                  -nan         -nan              -nan         -nan

FETCH_TH_ADJUST__0                                   0         -nan%                0         -nan%
FETCH_TH_ADJUST__1                                   0         -nan%                0         -nan%
FETCH_TH_ADJUST__2                                   0         -nan%                0         -nan%
FETCH_TH_ADJUST__3                                   0         -nan%                0         -nan%
FETCH_TH_ADJUST__4                                   0         -nan%                0         -nan%
FETCH_TH_ADJUST__5                                   0         -nan%                0         -nan%
FETCH_TH_ADJUST__6                                   0         -nan%                0         -nan%
FETCH_TH_ADJUST__7                                   0         -nan%                0         -nan%
FETCH_TH_ADJUST__8                                   0         -nan%                0         -nan%
FETCH_TH_ADJUST__9                                   0         -nan%                0         -nan%
FETCH_TH_ADJUST__MAX                                 0         -nan%                0         -nan%
                                                     0         -nan%                0         -nan%
                                                  -nan         -nan              -nan         -nan

FETCH_TH_ADJUST_UP                                   0         -nan%                0         -nan%
FETCH_TH_ADJUST_DOWN                                 0         -nan%                0         -nan%
FETCH_TH_ADJUST_SAME                                 0         -nan%                0         -nan%
                                                     0         -nan%                0         -nan%
                                                  -nan         -nan              -nan         -nan

THROTTLE_ADJUST_CACHE_MISS_INFO                      0                              0              

LOW_CONF_COUNT_BP_MIS_0                              0         -nan%                0         -nan%
LOW_CONF_COUNT_BP_MIS_1                              0         -nan%                0         -nan%
LOW_CONF_COUNT_BP_MIS_2                              0         -nan%                0         -nan%
LOW_CONF_COUNT_BP_MIS_3                              0         -nan%                0         -nan%
LOW_CONF_COUNT_BP_MIS_4                              0         -nan%                0         -nan%
LOW_CONF_COUNT_BP_MIS_5                              0         -nan%                0         -nan%
LOW_CONF_COUNT_BP_MIS_6                              0         -nan%                0         -nan%
LOW_CONF_COUNT_BP_MIS_7                              0         -nan%                0         -nan%
LOW_CONF_COUNT_BP_MIS_8                              0         -nan%                0         -nan%
LOW_CONF_COUNT_BP_MIS_9                              0         -nan%                0         -nan%
LOW_CONF_COUNT_BP_MIS_10                             0         -nan%                0         -nan%
LOW_CONF_COUNT_BP_MIS_11                             0         -nan%                0         -nan%
LOW_CONF_COUNT_BP_MIS_12                             0         -nan%                0         -nan%
LOW_CONF_COUNT_BP_MIS_13                             0         -nan%                0         -nan%
LOW_CONF_COUNT_BP_MIS_14                             0         -nan%                0         -nan%
LOW_CONF_COUNT_BP_MIS_15                             0         -nan%                0         -nan%
LOW_CONF_COUNT_BP_MIS_16                             0         -nan%                0         -nan%
LOW_CONF_COUNT_BP_MIS_17                             0         -nan%                0         -nan%
LOW_CONF_COUNT_BP_MIS_18                             0         -nan%                0         -nan%
LOW_CONF_COUNT_BP_MIS_19                             0         -nan%                0         -nan%
LOW_CONF_COUNT_BP_MIS_20                             0         -nan%                0         -nan%
                                                     0         -nan%                0         -nan%
                                                  -nan         -nan              -nan         -nan

LOW_CONF_COUNT_RET_0                                 0         -nan%                0         -nan%
LOW_CONF_COUNT_RET_1                                 0         -nan%                0         -nan%
LOW_CONF_COUNT_RET_2                                 0         -nan%                0         -nan%
LOW_CONF_COUNT_RET_3                                 0         -nan%                0         -nan%
LOW_CONF_COUNT_RET_4                                 0         -nan%                0         -nan%
LOW_CONF_COUNT_RET_5                                 0         -nan%                0         -nan%
LOW_CONF_COUNT_RET_6                                 0         -nan%                0         -nan%
LOW_CONF_COUNT_RET_7                                 0         -nan%                0         -nan%
LOW_CONF_COUNT_RET_8                                 0         -nan%                0         -nan%
LOW_CONF_COUNT_RET_9                                 0         -nan%                0         -nan%
LOW_CONF_COUNT_RET_10                                0         -nan%                0         -nan%
LOW_CONF_COUNT_RET_11                                0         -nan%                0         -nan%
LOW_CONF_COUNT_RET_12                                0         -nan%                0         -nan%
LOW_CONF_COUNT_RET_13                                0         -nan%                0         -nan%
LOW_CONF_COUNT_RET_14                                0         -nan%                0         -nan%
LOW_CONF_COUNT_RET_15                                0         -nan%                0         -nan%
LOW_CONF_COUNT_RET_16                                0         -nan%                0         -nan%
LOW_CONF_COUNT_RET_17                                0         -nan%                0         -nan%
LOW_CONF_COUNT_RET_18                                0         -nan%                0         -nan%
LOW_CONF_COUNT_RET_19                                0         -nan%                0         -nan%
LOW_CONF_COUNT_RET_20                                0         -nan%                0         -nan%
                                                     0         -nan%                0         -nan%
                                                  -nan         -nan              -nan         -nan

CYCLES_RESTEER_RECOVER_AT_EXEC                       0         -nan%                0         -nan%
CYCLES_RESTEER_RECOVER_AT_DECODE                     0         -nan%                0         -nan%
CYCLES_RESTEER_BTB_MISS                              0         -nan%                0         -nan%
                                                     0         -nan%                0         -nan%
                                                  -nan         -nan              -nan         -nan

CYCLES_RESTEER_RECOVER_AT_EXEC_SAVED_UC_FETCH             0         -nan%                0         -nan%
CYCLES_RESTEER_RECOVER_AT_EXEC_COULD_BE_SAVED_UC_FETCH             0         -nan%                0         -nan%
CYCLES_RESTEER_RECOVER_AT_DECODE_SAVED_UC_FETCH             0         -nan%                0         -nan%
CYCLES_RESTEER_RECOVER_AT_DECODE_COULD_BE_SAVED_UC_FETCH             0         -nan%                0         -nan%
CYCLES_RESTEER_BTB_MISS_SAVED_UC_FETCH               0         -nan%                0         -nan%
CYCLES_RESTEER_BTB_MISS_COULD_BE_SAVED_UC_FETCH             0         -nan%                0         -nan%
                                                     0         -nan%                0         -nan%
                                                  -nan         -nan              -nan         -nan

CYCLES_UOC_IC_SWITCH                                 0                              0              



