Scarab gitrev: 9d16f20b4
Warning: Scarab expects the trace file type to include OFFLINE_FILE_TYPE_ARCH_REGDEPS (0x20000), but got type: 0xe40
Scarab started at Tue Jul 21 04:14:53 2026

Initialized Ramulator. 
** Heartbeat:   3% -- { 1000003 } -- 0.00 KIPS (45.45 KIPS)
** Heartbeat:   6% -- { 2000008 } -- 31.25 KIPS (37.04 KIPS)
** Heartbeat:  10% -- { 3000008 } -- 30.30 KIPS (34.48 KIPS)
** Heartbeat:  13% -- { 4000008 } -- 27.03 KIPS (32.26 KIPS)
** Heartbeat:  16% -- { 5000009 } -- 30.30 KIPS (31.85 KIPS)
** Heartbeat:  20% -- { 6000009 } -- 30.30 KIPS (31.58 KIPS)
** Heartbeat:  23% -- { 7000011 } -- 32.26 KIPS (31.67 KIPS)
** Heartbeat:  26% -- { 8000016 } -- 32.26 KIPS (31.75 KIPS)
** Heartbeat:  30% -- { 9000020 } -- 41.67 KIPS (32.61 KIPS)
** Heartbeat:  33% -- { 10000022 } -- 43.48 KIPS (33.44 KIPS)
** Heartbeat:  36% -- { 11000022 } -- 43.48 KIPS (34.16 KIPS)
** Heartbeat:  40% -- { 12000022 } -- 43.48 KIPS (34.78 KIPS)
** Heartbeat:  43% -- { 13000023 } -- 38.46 KIPS (35.04 KIPS)
** Heartbeat:  46% -- { 14000030 } -- 34.48 KIPS (35.00 KIPS)
** Heartbeat:  50% -- { 15000032 } -- 40.00 KIPS (35.29 KIPS)
** Heartbeat:  53% -- { 16000038 } -- 41.67 KIPS (35.63 KIPS)
** Heartbeat:  56% -- { 17000042 } -- 40.00 KIPS (35.87 KIPS)
** Heartbeat:  60% -- { 18000045 } -- 43.48 KIPS (36.22 KIPS)
** Heartbeat:  63% -- { 19000051 } -- 41.67 KIPS (36.47 KIPS)
** Heartbeat:  66% -- { 20000052 } -- 40.00 KIPS (36.63 KIPS)
** Heartbeat:  70% -- { 21000055 } -- 43.48 KIPS (36.91 KIPS)
** Heartbeat:  73% -- { 22000061 } -- 47.62 KIPS (37.29 KIPS)
** Heartbeat:  76% -- { 23000065 } -- 50.00 KIPS (37.71 KIPS)
** Heartbeat:  80% -- { 24000070 } -- 55.56 KIPS (38.22 KIPS)
** Heartbeat:  83% -- { 25000076 } -- 50.00 KIPS (38.58 KIPS)
** Heartbeat:  86% -- { 26000082 } -- 52.63 KIPS (38.98 KIPS)
** Heartbeat:  90% -- { 27000086 } -- 55.56 KIPS (39.42 KIPS)
** Heartbeat:  93% -- { 28000092 } -- 55.56 KIPS (39.83 KIPS)
** Heartbeat:  96% -- { 29000096 } -- 58.82 KIPS (40.28 KIPS)
advanceReader: ROI end reached (ordinal 30000002 > roi_end 30000000)
Reached end of trace (last_inst) pc=0x429121
** Core 0 Finished:    insts:30000000    cycles:7724618     time:2413943125000       -- 3.88 IPC (3.88 IPC) --  N/A  KIPS (40.60 KIPS)
Scarab finished at Tue Jul 21 04:27:12 2026

