/* -*- Mode: c -*- */
####################################################################################################
Core 0
####################################################################################################
Cumulative:        Cycles: 106763225             Instructions: 59999999              IPC: 0.56199

Periodic:          Cycles: 106763225             Instructions: 59999999              IPC: 0.56199

DCACHE_PREF_HIT                                      0                              0              

IFETCH_WB_FIRST_SCHEDULE                             0         -nan%                0         -nan%
PREFETCH_LAST_SCHEDULE                               0         -nan%                0         -nan%
DEMAND_PASS_PREF_SCHEDULE                            0         -nan%                0         -nan%
DEMAND_PASS_LOW_OP_SCHEDULE                          0         -nan%                0         -nan%
DEMAND_LAST_SCHEDULE                                 0         -nan%                0         -nan%
                                                     0         -nan%                0         -nan%
                                                  -nan         -nan              -nan         -nan

SEND_MISS_REQ_QUEUE                            1849854                        1849854              

L1_DATA_EVICT                                  1882074                        1882074              

STREAM_BUFFER_REQ                                    0                              0              

PREF_SEND_TO_MEM_REQ                                 0         -nan%                0         -nan%
PREF_SEND_TO_MEM_REQ_FAIL                            0         -nan%                0         -nan%
                                                     0         -nan%                0         -nan%
                                                  -nan         -nan              -nan         -nan

HIT_TRAIN_STREAM                                328447       20.736%           328447       20.736%
MISS_TRAIN_STREAM                              1255520       79.264%          1255520       79.264%
                                               1583967      100.000%          1583967      100.000%
                                                  0.79         0.73              0.79         0.73

STREAM_TRAIN_CREATE                             987032                         987032              

MEM_REQ_MISS_HWP_PREF_Q                              0         -nan%                0         -nan%
MEM_REQ_MISS_SW_PREF_Q                               0         -nan%                0         -nan%
MEM_REQ_MISS_IFETCH_Q                                0         -nan%                0         -nan%
MEM_REQ_MISS_DFETCH_Q                                0         -nan%                0         -nan%
MEM_REQ_MISS_DSTORE_Q                                0         -nan%                0         -nan%
MEM_REQ_MISS_DPRF_Q                                  0         -nan%                0         -nan%
MEM_REQ_MISS_WB_Q                                    0         -nan%                0         -nan%
                                                     0         -nan%                0         -nan%
                                                  -nan         -nan              -nan         -nan

PREF_HIT_BY_DEMAND_IFETCH                            0         -nan%                0         -nan%
PREF_HIT_BY_DEMAND_DFETCH                            0         -nan%                0         -nan%
PREF_HIT_BY_DEMAND_DSTORE                            0         -nan%                0         -nan%
PREF_HIT_BY_DEMAND_IPREF                             0         -nan%                0         -nan%
PREF_HIT_BY_DEMAND_DPRF                              0         -nan%                0         -nan%
PREF_HIT_BY_DEMAND_WB                                0         -nan%                0         -nan%
PREF_HIT_BY_PREF                                     0         -nan%                0         -nan%
                                                     0         -nan%                0         -nan%
                                                  -nan         -nan              -nan         -nan

PREF_HIT_DEMAND_IFETCH                               0         -nan%                0         -nan%
PREF_HIT_DEMAND_DFETCH                               0         -nan%                0         -nan%
PREF_HIT_DEMAND_DSTORE                               0         -nan%                0         -nan%
PREF_HIT_DEMAND_IPREF                                0         -nan%                0         -nan%
PREF_HIT_DEMAND_DPRF                                 0         -nan%                0         -nan%
PREF_HIT_DEMAND_WB                                   0         -nan%                0         -nan%
                                                     0         -nan%                0         -nan%
                                                  -nan         -nan              -nan         -nan

PREF_L1_FILL                                         0         -nan%                0         -nan%
DEMAND_L1_FILL                                       0         -nan%                0         -nan%
                                                     0         -nan%                0         -nan%
                                                  -nan         -nan              -nan         -nan

TOUCH_L1_REPLACE                                     0        0.000%                0        0.000%
NO_TOUCH_L1_REPLACE                            1882074      100.000%          1882074      100.000%
                                               1882074      100.000%          1882074      100.000%
                                                  1.00         1.00              1.00         1.00

PREF_REQ_QUE_FULL                                    0                              0              

STREAM_REQ_QUEUE_HIT_BY_DEMAND                       0                              0              

L2HIT_STREAM_PREF_REQ_QUE_FULL                       0                              0              

L2HIT_HIT_TRAIN_STREAM                               0         -nan%                0         -nan%
L2HIT_MISS_TRAIN_STREAM                              0         -nan%                0         -nan%
                                                     0         -nan%                0         -nan%
                                                  -nan         -nan              -nan         -nan

L2HIT_STREAM_TRAIN_CREATE                            0                              0              

L2HIT_STREAM_BUFFER_REQ                              0                              0              

L2HIT_STREAM_PREF_DCACHE_HIT                         0         -nan%                0         -nan%
L2HIT_STREAM_PREF_DCACHE_INSERT                      0         -nan%                0         -nan%
L2HIT_STREAM_L2_MISS                                 0         -nan%                0         -nan%
                                                     0         -nan%                0         -nan%
                                                  -nan         -nan              -nan         -nan

L2HIT_STREAM_DCACHE_PORT_FULL                        0                              0              

L2HIT_STREAM_PREF_L1_PORT_FULL                       0                              0              

L2HIT_TRAIN_HIT_DEMAND                               0         -nan%                0         -nan%
L2HIT_TRAIN_MISS_REQ                                 0         -nan%                0         -nan%
                                                     0         -nan%                0         -nan%
                                                  -nan         -nan              -nan         -nan

L2HIT_TRAIN_FILTER_MISS                              0         -nan%                0         -nan%
L2HIT_TRAIN_FILTER_HIT                               0         -nan%                0         -nan%
                                                     0         -nan%                0         -nan%
                                                  -nan         -nan              -nan         -nan

L2HIT_PREF_REQ_DCACHE_HIT                            0         -nan%                0         -nan%
L2HIT_PREF_REQ_DCACHE_MISS                           0         -nan%                0         -nan%
                                                     0         -nan%                0         -nan%
                                                  -nan         -nan              -nan         -nan

L2HIT_L2SEND_Q_FULL                                  0         -nan%                0         -nan%
L2HIT_L2SEND_Q_ENTER                                 0         -nan%                0         -nan%
                                                     0         -nan%                0         -nan%
                                                  -nan         -nan              -nan         -nan

L2HIT_MEM_REQ                                        0                              0              

REMOVE_REDUNDANT_STREAM_STAT                         0                              0              

REPLACE_OLD_STREAM                              987016                         987016              

REQ_SEND_QUEUE_STALL                                 0                              0              

STREAM_ENTER_RA                                      0                              0              

CORE_STREAM_LENGTH_0                              1434        6.537%             1434        6.537%
CORE_STREAM_LENGTH_10                            13370       60.947%            13370       60.947%
CORE_STREAM_LENGTH_20                             4626       21.088%             4626       21.088%
CORE_STREAM_LENGTH_30                              868        3.957%              868        3.957%
CORE_STREAM_LENGTH_40                              420        1.915%              420        1.915%
CORE_STREAM_LENGTH_50                              260        1.185%              260        1.185%
CORE_STREAM_LENGTH_60                              133        0.606%              133        0.606%
CORE_STREAM_LENGTH_70                              123        0.561%              123        0.561%
CORE_STREAM_LENGTH_80                               94        0.428%               94        0.428%
CORE_STREAM_LENGTH_90                               72        0.328%               72        0.328%
CORE_STREAM_LENGTH_100_P                           537        2.448%              537        2.448%
                                                 21937      100.000%            21937      100.000%
                                                  1.67         1.73              1.67         1.73

CORE_CUM_STREAM_LENGTH_0                         11754        1.178%            11754        1.178%
CORE_CUM_STREAM_LENGTH_10                       199564       20.000%           199564       20.000%
CORE_CUM_STREAM_LENGTH_20                       104855       10.508%           104855       10.508%
CORE_CUM_STREAM_LENGTH_30                        28929        2.899%            28929        2.899%
CORE_CUM_STREAM_LENGTH_40                        18485        1.853%            18485        1.853%
CORE_CUM_STREAM_LENGTH_50                        13956        1.399%            13956        1.399%
CORE_CUM_STREAM_LENGTH_60                         8569        0.859%             8569        0.859%
CORE_CUM_STREAM_LENGTH_70                         9141        0.916%             9141        0.916%
CORE_CUM_STREAM_LENGTH_80                         8071        0.809%             8071        0.809%
CORE_CUM_STREAM_LENGTH_90                         6781        0.680%             6781        0.680%
CORE_CUM_STREAM_LENGTH_100_P                    587714       58.900%           587714       58.900%
                                                997819      100.000%           997819      100.000%
                                                  6.77         6.55              6.77         6.55

CORE_STREAM_TRAIN_HITS_0                         19073       86.944%            19073       86.944%
CORE_STREAM_TRAIN_HITS_10                         1873        8.538%             1873        8.538%
CORE_STREAM_TRAIN_HITS_20                          416        1.896%              416        1.896%
CORE_STREAM_TRAIN_HITS_30                          139        0.634%              139        0.634%
CORE_STREAM_TRAIN_HITS_40                           75        0.342%               75        0.342%
CORE_STREAM_TRAIN_HITS_50                           44        0.201%               44        0.201%
CORE_STREAM_TRAIN_HITS_60                           33        0.150%               33        0.150%
CORE_STREAM_TRAIN_HITS_70                           31        0.141%               31        0.141%
CORE_STREAM_TRAIN_HITS_80                           20        0.091%               20        0.091%
CORE_STREAM_TRAIN_HITS_90                            7        0.032%                7        0.032%
CORE_STREAM_TRAIN_HITS_100_P                       226        1.030%              226        1.030%
                                                 21937      100.000%            21937      100.000%
                                                  0.30         1.18              0.30         1.18

CORE_CUM_STREAM_TRAIN_HITS_0                    112975       27.145%           112975       27.145%
CORE_CUM_STREAM_TRAIN_HITS_10                    23754        5.707%            23754        5.707%
CORE_CUM_STREAM_TRAIN_HITS_20                     9936        2.387%             9936        2.387%
CORE_CUM_STREAM_TRAIN_HITS_30                     4775        1.147%             4775        1.147%
CORE_CUM_STREAM_TRAIN_HITS_40                     3294        0.791%             3294        0.791%
CORE_CUM_STREAM_TRAIN_HITS_50                     2363        0.568%             2363        0.568%
CORE_CUM_STREAM_TRAIN_HITS_60                     2122        0.510%             2122        0.510%
CORE_CUM_STREAM_TRAIN_HITS_70                     2288        0.550%             2288        0.550%
CORE_CUM_STREAM_TRAIN_HITS_80                     1687        0.405%             1687        0.405%
CORE_CUM_STREAM_TRAIN_HITS_90                      668        0.161%              668        0.161%
CORE_CUM_STREAM_TRAIN_HITS_100_P                252333       60.629%           252333       60.629%
                                                416195      100.000%           416195      100.000%
                                                  6.38         5.91              6.38         5.91

CORE_STREAM_TRAIN_CREATE                        987032                         987032              



