/* -*- Mode: c -*- */
####################################################################################################
Core 0
####################################################################################################
Cumulative:        Cycles: 144688297             Instructions: 89999999              IPC: 0.62203

Periodic:          Cycles: 139596911             Instructions: 69999997              IPC: 0.50144

EXECUTION_TIME                           43624034687500                  45215092812500              

SIM_HOST_WALL_SECONDS                      1317.722485                    1317.722485              

NODE_CYCLE                                   139596911                      144688297              

NODE_INST_COUNT                               69999997                       90000077              

NODE_INST_COUNT_FETCHED                       69999997                       89999999              

NODE_UOP_COUNT                                75158498                       98550278              

EXEC_STAGE_NO_ISSUE_STALL_CYCLE               24703140                       29076767              

EXEC_STAGE_NO_ISSUE_STALL_CYCLE_ONPATH        24698768                       29052894              

FULL_WINDOW_STALL                                   43        0.000%             2289        0.002%

FULL_WINDOW_MEM_OP                                  40      100.000%             2007       90.609%
FULL_WINDOW_FP_OP                                    0        0.000%                0        0.000%
FULL_WINDOW_OTHER_OP                                 0        0.000%              208        9.391%
                                                    40      100.000%             2215      100.000%
                                                  0.00         0.00              0.19         0.56

RET_BLOCKED_DC_MISS                           44242685       31.693%         45365225       31.354%

RET_BLOCKED_L1_MISS                           35538663       25.458%         35557724       24.575%

RET_BLOCKED_L1_MISS_BW_PREF                   33740842       24.170%         33750331       23.326%

RET_BLOCKED_L1_ACCESS                          9815151        7.031%         10927754        7.553%

RET_BLOCKED_MEM_STALL                         91932070       65.855%         91964135       63.560%

RET_BLOCKED_OFFCHIP_DEMAND                           0        0.000%                0        0.000%

OP_ISSUED                                     70364164                       92282523              

OP_RETIRED                                    75158498                       98550278              

OP_MACRO_FUSION_ONPATH                        10707228                       13663554              

OP_MACRO_FUSION_OFFPATH                           4334                          20056              

REPLAY_SIGNALED                                      0                              0              

REPLAY_COUNTED                                       0                              0              

OFF_CRITICAL_PATH                                    0         -nan%                0         -nan%
ON_CRITICAL_PATH                                     0         -nan%                0         -nan%
                                                     0         -nan%                0         -nan%
                                                  -nan         -nan              -nan         -nan

LD_NO_DEPENDENTS                                249762        2.498%           748750        5.408%
LD_DEPENDENTS                                  9750461       97.502%         13097754       94.592%
                                              10000223      100.000%         13846504      100.000%
                                                  0.98         0.96              0.95         0.92

LD_EXEC_CYCLES_0                                     0        0.000%                0        0.000%
LD_EXEC_CYCLES_1                                     0        0.000%                0        0.000%
LD_EXEC_CYCLES_2                                     0        0.000%                0        0.000%
LD_EXEC_CYCLES_3                                    68        1.896%               72        2.004%
LD_EXEC_CYCLES_4                                  3519       98.104%             3521       97.996%
                                                  3587      100.000%             3593      100.000%
                                                  3.98         3.95              3.98         3.94

ICACHE_STAGE_STARVED                              3272        0.002%            36251        0.025%
ICACHE_STAGE_NOT_STARVED                     139573435       99.998%        144556995       99.975%
                                             139576707      100.000%        144593246      100.000%
                                                  1.00         1.00              1.00         1.00

ICACHE_STAGE_STALLED                         128739956       92.223%        130518531       90.207%
ICACHE_STAGE_NOT_STALLED                      10836751        7.763%         14074715        9.728%
ICACHE_STAGE_OFF_PATH                            20204        0.014%            95051        0.066%
                                             139596911      100.000%        144688297      100.000%
                                                  0.08         0.26              0.10         0.29

DECODE_STAGE_STARVED                         138438849       99.173%        143497647       99.198%
DECODE_STAGE_NOT_STARVED                       1154755        0.827%          1159652        0.802%
                                             139593604      100.000%        144657299      100.000%
                                                  0.01         0.09              0.01         0.09

DECODE_STAGE_STALLED                         130566058       93.531%        130566290       90.240%
DECODE_STAGE_NOT_STALLED                       9027546        6.467%         14091009        9.739%
DECODE_STAGE_OFF_PATH                             3307        0.002%            30998        0.021%
                                             139596911      100.000%        144688297      100.000%
                                                  0.06         0.24              0.10         0.28

UOPQ_STAGE_STARVED                               14573        0.150%            92251        0.712%
UOPQ_STAGE_NOT_STARVED                         9673649       99.850%         12862774       99.288%
                                               9688222      100.000%         12955025      100.000%
                                                  1.00         1.00              0.99         0.99

UOPQ_STAGE_STALLED                           129892589       93.048%        131667280       91.001%
UOPQ_STAGE_NOT_STALLED                         9688222        6.940%         12955025        8.954%
UOPQ_STAGE_OFF_PATH                              16100        0.012%            65992        0.046%
                                             139596911      100.000%        144688297      100.000%
                                                  0.07         0.25              0.09         0.28

RS_OP_READY_NOT_ISSUED_TOTAL                1463657484                     1480007995              

RS_0_OP_READY_NOT_ISSUED                       8667371                       22938584              

RS_1_OP_READY_NOT_ISSUED                         21332                          67400              

RS_2_OP_READY_NOT_ISSUED                    1454968781                     1457002011              

RS_3_OP_READY_NOT_ISSUED                             0                              0              

RS_4_OP_READY_NOT_ISSUED                             0                              0              

RS_5_OP_READY_NOT_ISSUED                             0                              0              

RS_6_OP_READY_NOT_ISSUED                             0                              0              

RS_7_OP_READY_NOT_ISSUED                             0                              0              

RS_7_PLUS_OP_READY_NOT_ISSUED                        0                              0              

FU_IDLE_NO_READY_OPS_TOTAL                  1081506956                     1099010442              

FU_0_IDLE_NO_READY_OPS                       117266865                      117967180              

FU_1_IDLE_NO_READY_OPS                       122112207                      122967426              

FU_2_IDLE_NO_READY_OPS                       132940836                      135766925              

FU_3_IDLE_NO_READY_OPS                       132876738                      135699533              

FU_4_IDLE_NO_READY_OPS                       122230567                      123105091              

FU_5_IDLE_NO_READY_OPS                       116726543                      117410973              

FU_6_IDLE_NO_READY_OPS                        41158052                       43678391              

FU_7_IDLE_NO_READY_OPS                        41152543                       43683455              

FU_8_IDLE_NO_READY_OPS                       122133864                      123007259              

FU_9_IDLE_NO_READY_OPS                       132908741                      135724209              

FU_10_IDLE_NO_READY_OPS                              0                              0              

FU_11_IDLE_NO_READY_OPS                              0                              0              

FU_12_IDLE_NO_READY_OPS                              0                              0              

FU_13_IDLE_NO_READY_OPS                              0                              0              

FU_14_IDLE_NO_READY_OPS                              0                              0              

FU_15_IDLE_NO_READY_OPS                              0                              0              

FU_16_IDLE_NO_READY_OPS                              0                              0              

FU_17_IDLE_NO_READY_OPS                              0                              0              

FU_18_IDLE_NO_READY_OPS                              0                              0              

FU_19_IDLE_NO_READY_OPS                              0                              0              

FU_20_IDLE_NO_READY_OPS                              0                              0              

FU_21_IDLE_NO_READY_OPS                              0                              0              

FU_22_IDLE_NO_READY_OPS                              0                              0              

FU_23_IDLE_NO_READY_OPS                              0                              0              

FU_24_IDLE_NO_READY_OPS                              0                              0              

FU_25_IDLE_NO_READY_OPS                              0                              0              

FU_26_IDLE_NO_READY_OPS                              0                              0              

FU_27_IDLE_NO_READY_OPS                              0                              0              

FU_28_IDLE_NO_READY_OPS                              0                              0              

FU_29_IDLE_NO_READY_OPS                              0                              0              

FU_30_IDLE_NO_READY_OPS                              0                              0              

FU_31_IDLE_NO_READY_OPS                              0                              0              

FU_31_PLUS_IDLE_NO_READY_OPS                         0                              0              

MAP_STAGE_STARVED                                 3415        0.002%            44667        0.031%
MAP_STAGE_NOT_STARVED                        139032723       99.998%        142934781       99.969%
                                             139036138      100.000%        142979448      100.000%
                                                  1.00         1.00              1.00         1.00

MAP_STAGE_STALLED                            126505798       90.983%        126505798       88.454%
MAP_STAGE_NOT_STALLED                         12530340        9.012%         16473650       11.519%
MAP_STAGE_OFF_PATH                                6742        0.005%            38974        0.027%
                                             139042880      100.000%        143018422      100.000%
                                                  0.09         0.27              0.12         0.30

MAP_STAGE_STALL_ITSELF                          554031        0.397%          1669875        1.154%
MAP_STAGE_NOT_STALL_ITSELF                   139042880       99.603%        143018422       98.846%
                                             139596911      100.000%        144688297      100.000%
                                                  1.00         0.99              0.99         0.98

MAP_STAGE_LATE_ALLOCATE_SEND_BACK                    0                              0              

MAP_STAGE_RENAME_OP_ONPATH                    75158269                       98550278              

MAP_STAGE_RENAME_OP_OFFPATH                      35456                         170560              

MAP_STAGE_RENAME_INT_REG_ONPATH               49224363                       69208900              

MAP_STAGE_RENAME_INT_REG_OFFPATH                 28910                         122246              

MAP_STAGE_RENAME_VEC_REG_ONPATH                 211270                         633815              

MAP_STAGE_RENAME_VEC_REG_OFFPATH                  1616                           5053              

MAP_STAGE_RENAME_MOVE_ELIM_ONPATH                    0                              0              

MAP_STAGE_RENAME_MOVE_ELIM_OFFPATH                   0                              0              

MAP_STAGE_ONPATH_INT_REG_NUM_ALLOC            49224554                       69208881              

MAP_STAGE_ONPATH_VEC_REG_NUM_ALLOC              211272                         633804              

MAP_STAGE_ONPATH_INT_REG_NUM_SHORTLIVE        20744687                       28805803              

MAP_STAGE_ONPATH_VEC_REG_NUM_SHORTLIVE           74961                         224940              

MAP_STAGE_ONPATH_INT_REG_USE_COUNT_0          10242535                       14573847              

MAP_STAGE_ONPATH_VEC_REG_USE_COUNT_0             75411                         226059              

MAP_STAGE_ONPATH_INT_REG_USE_COUNT_1          28391137                       39017367              

MAP_STAGE_ONPATH_VEC_REG_USE_COUNT_1            120811                         362583              

MAP_STAGE_ONPATH_INT_REG_USE_COUNT_2           1681061                        5042948              

MAP_STAGE_ONPATH_VEC_REG_USE_COUNT_2                 0                             34              

MAP_STAGE_ONPATH_INT_REG_USE_COUNT_3            355603                        1066744              

MAP_STAGE_ONPATH_VEC_REG_USE_COUNT_3                 0                              2              

MAP_STAGE_ONPATH_INT_REG_USE_COUNT_4           1313115                        1631704              

MAP_STAGE_ONPATH_VEC_REG_USE_COUNT_4             15050                          45123              

MAP_STAGE_ONPATH_INT_REG_USE_COUNT_5           3582468                        3823946              

MAP_STAGE_ONPATH_VEC_REG_USE_COUNT_5                 0                              1              

MAP_STAGE_ONPATH_INT_REG_USE_COUNT_6           1229650                        1380899              

MAP_STAGE_ONPATH_VEC_REG_USE_COUNT_6                 0                              0              

MAP_STAGE_ONPATH_INT_REG_USE_COUNT_7_PLUS       2428985                        2671426              

MAP_STAGE_ONPATH_VEC_REG_USE_COUNT_7_PLUS             0                              2              

MAP_STAGE_ONPATH_INT_REG_CONSUME_DIST_0              0        0.0000                0        0.0000

MAP_STAGE_ONPATH_VEC_REG_CONSUME_DIST_0              0        0.0000                0        0.0000

MAP_STAGE_ONPATH_INT_REG_CONSUME_DIST_1              0        0.0000                0        0.0000

MAP_STAGE_ONPATH_VEC_REG_CONSUME_DIST_1              0        0.0000                0        0.0000

MAP_STAGE_ONPATH_INT_REG_CONSUME_DIST_2        4366725        2.5976         13232260        2.6239

MAP_STAGE_ONPATH_VEC_REG_CONSUME_DIST_2              0          -nan            26900      791.1765

MAP_STAGE_ONPATH_INT_REG_CONSUME_DIST_3        2020374        5.6815          6114251        5.7317

MAP_STAGE_ONPATH_VEC_REG_CONSUME_DIST_3              0          -nan             4024     2012.0000

MAP_STAGE_ONPATH_INT_REG_CONSUME_DIST_4      233477795      177.8045        235434643      144.2876

MAP_STAGE_ONPATH_VEC_REG_CONSUME_DIST_4          15112        1.0041            45296        1.0038

MAP_STAGE_ONPATH_INT_REG_CONSUME_DIST_5      710605991      198.3565        716935590      187.4858

MAP_STAGE_ONPATH_VEC_REG_CONSUME_DIST_5              0          -nan                3        3.0000

MAP_STAGE_ONPATH_INT_REG_CONSUME_DIST_6      181569721      147.6597        182949534      132.4858

MAP_STAGE_ONPATH_VEC_REG_CONSUME_DIST_6              0          -nan                0          -nan

MAP_STAGE_ONPATH_INT_REG_CONSUME_DIST_7_PLUS     428775685      176.5246        441076696      165.1091

MAP_STAGE_ONPATH_VEC_REG_CONSUME_DIST_7_PLUS             0          -nan             6639     3319.5000

MAP_STAGE_INT_REG_ISSUE_READ_TOTAL_CONSUMED     103561600        4.1922        129545787        4.4553

MAP_STAGE_VEC_REG_ISSUE_READ_TOTAL_CONSUMED      14027410        0.5678         14390126        0.4949

MAP_STAGE_INT_REG_ISSUE_READ_MULTI_CONSUMED      64575786        2.6141         74888251        2.5755

MAP_STAGE_VEC_REG_ISSUE_READ_MULTI_CONSUMED      13891308        0.5623         13981628        0.4809

MAP_STAGE_INT_REG_ISSUE_READ_SAME_CYCLE_CONSUMED      12929161        0.5234         17899602        0.6156

MAP_STAGE_VEC_REG_ISSUE_READ_SAME_CYCLE_CONSUMED       2588418        0.1048          2648466        0.0911

MAP_STAGE_INT_REG_ISSUE_READ_TOTAL_CONSUMED_ONPATH     103552633        4.1926        129497015        4.4573

MAP_STAGE_VEC_REG_ISSUE_READ_TOTAL_CONSUMED_ONPATH      14027165        0.5679         14389368        0.4953

MAP_STAGE_INT_REG_ISSUE_READ_MULTI_CONSUMED_ONPATH      64570675        2.6143         74861951        2.5767

MAP_STAGE_VEC_REG_ISSUE_READ_MULTI_CONSUMED_ONPATH      13891304        0.5624         13981612        0.4812

MAP_STAGE_INT_REG_ISSUE_READ_SAME_CYCLE_CONSUMED_ONPATH      12926850        0.5234         17887544        0.6157

MAP_STAGE_VEC_REG_ISSUE_READ_SAME_CYCLE_CONSUMED_ONPATH       2588418        0.1048          2648464        0.0912

MAP_STAGE_ONPATH_INT_REG_LIFECYCLE_EMPTY   13857744914                    14512286781              

MAP_STAGE_ONPATH_VEC_REG_LIFECYCLE_EMPTY      12041298                       36104252              

MAP_STAGE_ONPATH_INT_REG_LIFECYCLE_IN_USE   17240019158                    18088555709              

MAP_STAGE_ONPATH_VEC_REG_LIFECYCLE_IN_USE      18634147                       55921225              

MAP_STAGE_ONPATH_INT_REG_LIFECYCLE_SPEC_RELEASE   21668122945                    22831522545              

MAP_STAGE_ONPATH_VEC_REG_LIFECYCLE_SPEC_RELEASE      26300495                       79231046              

MAP_STAGE_ONPATH_INT_REG_LIFECYCLE_NONSPEC_RELEASE   21668122945                    22831522545              

MAP_STAGE_ONPATH_VEC_REG_LIFECYCLE_NONSPEC_RELEASE      26300495                       79231046              

MAP_STAGE_ONPATH_INT_REG_LIFECYCLE_TOTAL   21668122945                    22831522545              

MAP_STAGE_ONPATH_VEC_REG_LIFECYCLE_TOTAL      26300495                       79231046              

MAP_STAGE_ONPATH_INT_REG_NUM_NONBRANCH        49224554                       69208881              

MAP_STAGE_ONPATH_VEC_REG_NUM_NONBRANCH          211272                         633804              

MAP_STAGE_ONPATH_INT_REG_NUM_NONEXCEPT        49224554                       69208881              

MAP_STAGE_ONPATH_VEC_REG_NUM_NONEXCEPT          211272                         633804              

MAP_STAGE_ONPATH_INT_REG_NUM_ATOMIC           49224554                       69208881              

MAP_STAGE_ONPATH_VEC_REG_NUM_ATOMIC             211272                         633804              

MAP_STAGE_ONPATH_INT_REG_ATOMIC_REDEFINED_DIST_TOTAL   21668122945      440.1893      22831522545      329.8930

MAP_STAGE_ONPATH_VEC_REG_ATOMIC_REDEFINED_DIST_TOTAL      26300495      124.4864         79231046      125.0088

MAP_STAGE_ONPATH_INT_REG_ATOMIC_CONSUMED_DIST_TOTAL   17240019158      350.2321      18088555709      261.3618

MAP_STAGE_ONPATH_VEC_REG_ATOMIC_CONSUMED_DIST_TOTAL      18634147       88.1998         55921225       88.2311

MAP_STAGE_ONPATH_INT_REG_ATOMIC_RELEASE_DIST_TOTAL   21668122945      440.1893      22831522545      329.8930

MAP_STAGE_ONPATH_VEC_REG_ATOMIC_RELEASE_DIST_TOTAL      26300495      124.4864         79231046      125.0088

EXEC_STAGE_STARVED                            44280764       31.720%         48095281       33.241%
EXEC_STAGE_NOT_STARVED                        95310405       68.275%         96557520       66.735%
EXEC_STAGE_OFF_PATH                               5742        0.004%            35496        0.025%
                                             139596911      100.000%        144688297      100.000%
                                                  0.68         0.26              0.67         0.27

FU_BUSY_0                                     10929544                       14800548              

FU_BUSY_1                                      7399935                       10902530              

FU_BUSY_2                                      3604418                        4404798              

FU_BUSY_3                                      3665201                        4467959              

FU_BUSY_4                                      6973657                       10318915              

FU_BUSY_5                                     12157781                       16113943              

FU_BUSY_6                                     97642539                       99037674              

FU_BUSY_7                                     97642008                       99035421              

FU_BUSY_8                                      7314943                       10691309              

FU_BUSY_9                                      3636225                        4444584              

FU_BUSY_10                                           0                              0              

FU_BUSY_11                                           0                              0              

FU_BUSY_12                                           0                              0              

FU_BUSY_13                                           0                              0              

FU_BUSY_14                                           0                              0              

FU_BUSY_15                                           0                              0              

FU_BUSY_16                                           0                              0              

FU_BUSY_17                                           0                              0              

FU_BUSY_18                                           0                              0              

FU_BUSY_19                                           0                              0              

FU_BUSY_20                                           0                              0              

FU_BUSY_21                                           0                              0              

FU_BUSY_22                                           0                              0              

FU_BUSY_23                                           0                              0              

FU_BUSY_24                                           0                              0              

FU_BUSY_25                                           0                              0              

FU_BUSY_26                                           0                              0              

FU_BUSY_27                                           0                              0              

FU_BUSY_28                                           0                              0              

FU_BUSY_29                                           0                              0              

FU_BUSY_30                                           0                              0              

FU_BUSY_31                                           0                              0              

FU_REJECTED_OP_INV_NOT_SIMD                          0        0.000%                0        0.000%
FU_REJECTED_OP_NOP_NOT_SIMD                      11091        0.006%            33387        0.019%
FU_REJECTED_OP_CF_NOT_SIMD                          34        0.000%              145        0.000%
FU_REJECTED_OP_MOV_NOT_SIMD                      89244        0.051%           266411        0.152%
FU_REJECTED_OP_CMOV_NOT_SIMD                         0        0.000%                0        0.000%
FU_REJECTED_OP_LDA_NOT_SIMD                      66025        0.038%           197657        0.113%
FU_REJECTED_OP_IMEM_NOT_SIMD                     10643        0.006%            35251        0.020%
FU_REJECTED_OP_IADD_NOT_SIMD                  10746551        6.164%         10811810        6.162%
FU_REJECTED_OP_IMUL_NOT_SIMD                    146133        0.084%           437794        0.249%
FU_REJECTED_OP_IDIV_NOT_SIMD                         0        0.000%               36        0.000%
FU_REJECTED_OP_ICMP_NOT_SIMD                         0        0.000%               11        0.000%
FU_REJECTED_OP_LOGIC_NOT_SIMD                    63344        0.036%           189140        0.108%
FU_REJECTED_OP_SHIFT_NOT_SIMD                   140790        0.081%           423197        0.241%
FU_REJECTED_OP_FMEM_NOT_SIMD                         0        0.000%                4        0.000%
FU_REJECTED_OP_FCVT_NOT_SIMD                         0        0.000%                0        0.000%
FU_REJECTED_OP_FADD_NOT_SIMD                         0        0.000%                0        0.000%
FU_REJECTED_OP_FMUL_NOT_SIMD                         0        0.000%                0        0.000%
FU_REJECTED_OP_FMA_NOT_SIMD                          0        0.000%                0        0.000%
FU_REJECTED_OP_FDIV_NOT_SIMD                         0        0.000%                0        0.000%
FU_REJECTED_OP_FCMP_NOT_SIMD                         0        0.000%                0        0.000%
FU_REJECTED_OP_FCMOV_NOT_SIMD                        0        0.000%                0        0.000%
FU_REJECTED_OP_GATHER_NOT_SIMD                       0        0.000%                0        0.000%
FU_REJECTED_OP_SCATTER_NOT_SIMD                      0        0.000%                0        0.000%
FU_REJECTED_OP_PIPELINED_FAST_NOT_SIMD               0        0.000%                0        0.000%
FU_REJECTED_OP_PIPELINED_MEDIUM_NOT_SIMD             0        0.000%                0        0.000%
FU_REJECTED_OP_PIPELINED_SLOW_NOT_SIMD               0        0.000%                0        0.000%
FU_REJECTED_OP_NOTPIPELINED_MEDIUM_NOT_SIMD             0        0.000%                0        0.000%
FU_REJECTED_OP_NOTPIPELINED_SLOW_NOT_SIMD             0        0.000%                0        0.000%
FU_REJECTED_OP_NOTPIPELINED_VERY_SLOW_NOT_SIMD             0        0.000%                0        0.000%
FU_REJECTED_OP_INV_SIMD                              0        0.000%                0        0.000%
FU_REJECTED_OP_NOP_SIMD                              0        0.000%             3433        0.002%
FU_REJECTED_OP_CF_SIMD                               0        0.000%                0        0.000%
FU_REJECTED_OP_MOV_SIMD                             12        0.000%               49        0.000%
FU_REJECTED_OP_CMOV_SIMD                             0        0.000%                0        0.000%
FU_REJECTED_OP_LDA_SIMD                              0        0.000%                0        0.000%
FU_REJECTED_OP_IMEM_SIMD                             0        0.000%                0        0.000%
FU_REJECTED_OP_IADD_SIMD                             0        0.000%                0        0.000%
FU_REJECTED_OP_IMUL_SIMD                             0        0.000%                1        0.000%
FU_REJECTED_OP_IDIV_SIMD                             0        0.000%                0        0.000%
FU_REJECTED_OP_ICMP_SIMD                             0        0.000%                0        0.000%
FU_REJECTED_OP_LOGIC_SIMD                            0        0.000%                0        0.000%
FU_REJECTED_OP_SHIFT_SIMD                            0        0.000%                0        0.000%
FU_REJECTED_OP_FMEM_SIMD                             0        0.000%                0        0.000%
FU_REJECTED_OP_FCVT_SIMD                             0        0.000%                3        0.000%
FU_REJECTED_OP_FADD_SIMD                     163071975       93.534%        163072538       92.934%
FU_REJECTED_OP_FMUL_SIMD                             0        0.000%                0        0.000%
FU_REJECTED_OP_FMA_SIMD                              0        0.000%                0        0.000%
FU_REJECTED_OP_FDIV_SIMD                             0        0.000%                0        0.000%
FU_REJECTED_OP_FCMP_SIMD                             0        0.000%                0        0.000%
FU_REJECTED_OP_FCMOV_SIMD                            0        0.000%                0        0.000%
FU_REJECTED_OP_GATHER_SIMD                           0        0.000%                0        0.000%
FU_REJECTED_OP_SCATTER_SIMD                          0        0.000%                0        0.000%
FU_REJECTED_OP_PIPELINED_FAST_SIMD                   0        0.000%                0        0.000%
FU_REJECTED_OP_PIPELINED_MEDIUM_SIMD                 0        0.000%                0        0.000%
FU_REJECTED_OP_PIPELINED_SLOW_SIMD                   0        0.000%                0        0.000%
FU_REJECTED_OP_NOTPIPELINED_MEDIUM_SIMD              0        0.000%                0        0.000%
FU_REJECTED_OP_NOTPIPELINED_SLOW_SIMD                0        0.000%                0        0.000%
FU_REJECTED_OP_NOTPIPELINED_VERY_SLOW_SIMD             0        0.000%                0        0.000%
                                             174345842      100.000%        175470867      100.000%
                                                 41.61         9.09             41.40         9.45

LSQ_FULL_TOTAL                               126505798                      126505809              

LSQ_FULL_LOAD_QUEUE                                  0                              0              

LSQ_FULL_STORE_QUEUE                         126505798                      126505809              

OP_WAIT_0                                     34471853                       50366669              

OP_WAIT_1                                      3842552                        5942094              

OP_WAIT_2                                      1911911                        2822569              

OP_WAIT_3                                       815680                        1407216              

OP_WAIT_4                                       560804                         938534              

OP_WAIT_5                                       560147                         916263              

OP_WAIT_6                                       434400                         680930              

OP_WAIT_7                                       375981                         534165              

OP_WAIT_8                                       329881                         441181              

OP_WAIT_9                                       343792                         444000              

OP_WAIT_10                                      358240                         455341              

OP_WAIT_11                                      348503                         472164              

OP_WAIT_12                                      339270                         427579              

OP_WAIT_13                                      326390                         421590              

OP_WAIT_14                                      379076                         479970              

OP_WAIT_15                                      347779                         416881              

OP_WAIT_16                                      338465                         370063              

OP_WAIT_17                                      474587                         523565              

OP_WAIT_18                                      423878                         458102              

OP_WAIT_19                                      341356                         355294              

OP_WAIT_20                                      355057                         375046              

OP_WAIT_21                                      319678                         355785              

OP_WAIT_22                                      293238                         333707              

OP_WAIT_23                                      270733                         271906              

OP_WAIT_24                                      278642                         278771              

OP_WAIT_25                                      255975                         256097              

OP_WAIT_26                                      254511                         254669              

OP_WAIT_27                                      258164                         283162              

OP_WAIT_28                                      238746                         259790              

OP_WAIT_29                                      249039                         256373              

OP_WAIT_30                                      249413                         281299              

OP_WAIT_31                                    24810757                       26469503              

ROW_SIZE_0                                   124313718                      125886984              

ROW_SIZE_1                                     3312488                        3718581              

ROW_SIZE_2                                     2818090                        2880128              

ROW_SIZE_3                                      115744                         206247              

ROW_SIZE_4                                      959875                        1052087              

ROW_SIZE_5                                      306804                         381889              

ROW_SIZE_6                                      551097                         633504              

ROW_SIZE_7                                      563928                         651821              

ROW_SIZE_8                                     6654375                        9246392              

ROW_SIZE_9                                           0                              0              

ROW_SIZE_10                                          0                              0              

ROW_SIZE_11                                          0                              0              

ROW_SIZE_12                                          0                              0              

ROW_SIZE_13                                          0                              0              

ROW_SIZE_14                                          0                              0              

ROW_SIZE_15                                          0                              0              

ROW_SIZE_16                                          0                              0              

ROW_SIZE_17                                          0                              0              

ROW_SIZE_18                                          0                              0              

ROW_SIZE_19                                          0                              0              

ROW_SIZE_20                                          0                              0              

ROW_SIZE_21                                          0                              0              

ROW_SIZE_22                                          0                              0              

ROW_SIZE_23                                          0                              0              

ROW_SIZE_24                                          0                              0              

ROW_SIZE_25                                          0                              0              

ROW_SIZE_26                                          0                              0              

ROW_SIZE_27                                          0                              0              

ROW_SIZE_28                                          0                              0              

ROW_SIZE_29                                          0                              0              

ROW_SIZE_30                                          0                              0              

ROW_SIZE_31                                          0                              0              

RET_OP_EXEC_COUNT_0                            4803162        6.391%          6332737        6.426%
RET_OP_EXEC_COUNT_1                           70355336       93.609%         92217541       93.574%
RET_OP_EXEC_COUNT_2                                  0        0.000%                0        0.000%
RET_OP_EXEC_COUNT_3                                  0        0.000%                0        0.000%
RET_OP_EXEC_COUNT_4                                  0        0.000%                0        0.000%
RET_OP_EXEC_COUNT_5                                  0        0.000%                0        0.000%
RET_OP_EXEC_COUNT_6                                  0        0.000%                0        0.000%
RET_OP_EXEC_COUNT_7                                  0        0.000%                0        0.000%
RET_OP_EXEC_COUNT_8                                  0        0.000%                0        0.000%
RET_OP_EXEC_COUNT_9                                  0        0.000%                0        0.000%
RET_OP_EXEC_COUNT_10                                 0        0.000%                0        0.000%
RET_OP_EXEC_COUNT_11                                 0        0.000%                0        0.000%
RET_OP_EXEC_COUNT_12                                 0        0.000%                0        0.000%
RET_OP_EXEC_COUNT_13                                 0        0.000%                0        0.000%
RET_OP_EXEC_COUNT_14                                 0        0.000%                0        0.000%
RET_OP_EXEC_COUNT_15                                 0        0.000%                0        0.000%
RET_OP_EXEC_COUNT_16                                 0        0.000%                0        0.000%
RET_OP_EXEC_COUNT_17                                 0        0.000%                0        0.000%
RET_OP_EXEC_COUNT_18                                 0        0.000%                0        0.000%
RET_OP_EXEC_COUNT_19                                 0        0.000%                0        0.000%
RET_OP_EXEC_COUNT_20                                 0        0.000%                0        0.000%
RET_OP_EXEC_COUNT_21                                 0        0.000%                0        0.000%
RET_OP_EXEC_COUNT_22                                 0        0.000%                0        0.000%
RET_OP_EXEC_COUNT_23                                 0        0.000%                0        0.000%
RET_OP_EXEC_COUNT_24                                 0        0.000%                0        0.000%
RET_OP_EXEC_COUNT_25                                 0        0.000%                0        0.000%
RET_OP_EXEC_COUNT_26                                 0        0.000%                0        0.000%
RET_OP_EXEC_COUNT_27                                 0        0.000%                0        0.000%
RET_OP_EXEC_COUNT_28                                 0        0.000%                0        0.000%
RET_OP_EXEC_COUNT_29                                 0        0.000%                0        0.000%
RET_OP_EXEC_COUNT_30                                 0        0.000%                0        0.000%
RET_OP_EXEC_COUNT_31                                 0        0.000%                0        0.000%
RET_OP_EXEC_COUNT_32                                 0        0.000%                0        0.000%
                                              75158498      100.000%         98550278      100.000%
                                                  0.94         0.06              0.94         0.06

RET_STALL_LENGTH_0                            74949408       99.722%         98341059       99.788%
RET_STALL_LENGTH_100                             47525        0.063%            47623        0.048%
RET_STALL_LENGTH_200                             14190        0.019%            14210        0.014%
RET_STALL_LENGTH_300                             29335        0.039%            29341        0.030%
RET_STALL_LENGTH_400                             54994        0.073%            54996        0.056%
RET_STALL_LENGTH_500                             31849        0.042%            31851        0.032%
RET_STALL_LENGTH_600                             11937        0.016%            11937        0.012%
RET_STALL_LENGTH_700                              4617        0.006%             4617        0.005%
RET_STALL_LENGTH_800                              2365        0.003%             2365        0.002%
RET_STALL_LENGTH_900                              1422        0.002%             1422        0.001%
RET_STALL_LENGTH_1000                             1059        0.001%             1060        0.001%
RET_STALL_LENGTH_1100                              934        0.001%              934        0.001%
RET_STALL_LENGTH_1200                             1979        0.003%             1979        0.002%
RET_STALL_LENGTH_1300                             1186        0.002%             1186        0.001%
RET_STALL_LENGTH_1400                              806        0.001%              806        0.001%
RET_STALL_LENGTH_1500                              824        0.001%              824        0.001%
RET_STALL_LENGTH_1600                             1210        0.002%             1210        0.001%
RET_STALL_LENGTH_1700                             1258        0.002%             1258        0.001%
RET_STALL_LENGTH_1800                              661        0.001%              661        0.001%
RET_STALL_LENGTH_1900                              261        0.000%              261        0.000%
RET_STALL_LENGTH_2000                              153        0.000%              153        0.000%
RET_STALL_LENGTH_2100                              108        0.000%              108        0.000%
RET_STALL_LENGTH_2200                               69        0.000%               69        0.000%
RET_STALL_LENGTH_2300                               56        0.000%               56        0.000%
RET_STALL_LENGTH_2400                               44        0.000%               44        0.000%
RET_STALL_LENGTH_2500                               39        0.000%               39        0.000%
RET_STALL_LENGTH_2600                               46        0.000%               46        0.000%
RET_STALL_LENGTH_2700                               44        0.000%               44        0.000%
RET_STALL_LENGTH_2800                               39        0.000%               39        0.000%
RET_STALL_LENGTH_2900                               31        0.000%               31        0.000%
RET_STALL_LENGTH_3000                               13        0.000%               13        0.000%
RET_STALL_LENGTH_3100                               13        0.000%               13        0.000%
RET_STALL_LENGTH_3200                                9        0.000%                9        0.000%
RET_STALL_LENGTH_3300                                3        0.000%                3        0.000%
RET_STALL_LENGTH_3400                                4        0.000%                4        0.000%
RET_STALL_LENGTH_3500                                2        0.000%                2        0.000%
RET_STALL_LENGTH_3600                                1        0.000%                1        0.000%
RET_STALL_LENGTH_3700                                3        0.000%                3        0.000%
RET_STALL_LENGTH_3800                                0        0.000%                0        0.000%
RET_STALL_LENGTH_3900                                1        0.000%                1        0.000%
RET_STALL_LENGTH_4000                                0        0.000%                0        0.000%
RET_STALL_LENGTH_4100                                0        0.000%                0        0.000%
RET_STALL_LENGTH_4200                                0        0.000%                0        0.000%
RET_STALL_LENGTH_4300                                0        0.000%                0        0.000%
RET_STALL_LENGTH_4400                                0        0.000%                0        0.000%
RET_STALL_LENGTH_4500                                0        0.000%                0        0.000%
RET_STALL_LENGTH_4600                                0        0.000%                0        0.000%
RET_STALL_LENGTH_4700                                0        0.000%                0        0.000%
RET_STALL_LENGTH_4800                                0        0.000%                0        0.000%
RET_STALL_LENGTH_4900                                0        0.000%                0        0.000%
RET_STALL_LENGTH_5000                                0        0.000%                0        0.000%
                                              75158498      100.000%         98550278      100.000%
                                                  0.01         0.27              0.01         0.23

MEM_BLOCK_LENGTH_0                              403401       65.774%           403756       65.787%
MEM_BLOCK_LENGTH_100                             73995       12.065%            74042       12.064%
MEM_BLOCK_LENGTH_200                             17278        2.817%            17283        2.816%
MEM_BLOCK_LENGTH_300                              7406        1.208%             7410        1.207%
MEM_BLOCK_LENGTH_400                             25165        4.103%            25169        4.101%
MEM_BLOCK_LENGTH_500                             39282        6.405%            39286        6.401%
MEM_BLOCK_LENGTH_600                             25775        4.203%            25775        4.200%
MEM_BLOCK_LENGTH_700                             10962        1.787%            10962        1.786%
MEM_BLOCK_LENGTH_800                              3837        0.626%             3837        0.625%
MEM_BLOCK_LENGTH_900                              1238        0.202%             1238        0.202%
MEM_BLOCK_LENGTH_1000                              388        0.063%              388        0.063%
MEM_BLOCK_LENGTH_1100                              205        0.033%              205        0.033%
MEM_BLOCK_LENGTH_1200                              398        0.065%              398        0.065%
MEM_BLOCK_LENGTH_1300                              711        0.116%              711        0.116%
MEM_BLOCK_LENGTH_1400                              394        0.064%              394        0.064%
MEM_BLOCK_LENGTH_1500                              164        0.027%              164        0.027%
MEM_BLOCK_LENGTH_1600                              296        0.048%              296        0.048%
MEM_BLOCK_LENGTH_1700                              766        0.125%              766        0.125%
MEM_BLOCK_LENGTH_1800                              875        0.143%              875        0.143%
MEM_BLOCK_LENGTH_1900                              455        0.074%              455        0.074%
MEM_BLOCK_LENGTH_2000                              224        0.037%              224        0.036%
MEM_BLOCK_LENGTH_2100                               64        0.010%               64        0.010%
MEM_BLOCK_LENGTH_2200                               16        0.003%               16        0.003%
MEM_BLOCK_LENGTH_2300                               12        0.002%               12        0.002%
MEM_BLOCK_LENGTH_2400                                4        0.001%                4        0.001%
MEM_BLOCK_LENGTH_2500                                0        0.000%                0        0.000%
MEM_BLOCK_LENGTH_2600                                0        0.000%                0        0.000%
MEM_BLOCK_LENGTH_2700                                0        0.000%                0        0.000%
MEM_BLOCK_LENGTH_2800                                0        0.000%                0        0.000%
MEM_BLOCK_LENGTH_2900                                1        0.000%                1        0.000%
MEM_BLOCK_LENGTH_3000                                0        0.000%                0        0.000%
MEM_BLOCK_LENGTH_3100                                0        0.000%                0        0.000%
MEM_BLOCK_LENGTH_3200                                0        0.000%                0        0.000%
MEM_BLOCK_LENGTH_3300                                0        0.000%                0        0.000%
MEM_BLOCK_LENGTH_3400                                0        0.000%                0        0.000%
MEM_BLOCK_LENGTH_3500                                0        0.000%                0        0.000%
MEM_BLOCK_LENGTH_3600                                0        0.000%                0        0.000%
MEM_BLOCK_LENGTH_3700                                0        0.000%                0        0.000%
MEM_BLOCK_LENGTH_3800                                0        0.000%                0        0.000%
MEM_BLOCK_LENGTH_3900                                0        0.000%                0        0.000%
MEM_BLOCK_LENGTH_4000                                0        0.000%                0        0.000%
MEM_BLOCK_LENGTH_4100                                0        0.000%                0        0.000%
MEM_BLOCK_LENGTH_4200                                0        0.000%                0        0.000%
MEM_BLOCK_LENGTH_4300                                0        0.000%                0        0.000%
MEM_BLOCK_LENGTH_4400                                0        0.000%                0        0.000%
MEM_BLOCK_LENGTH_4500                                0        0.000%                0        0.000%
MEM_BLOCK_LENGTH_4600                                0        0.000%                0        0.000%
MEM_BLOCK_LENGTH_4700                                0        0.000%                0        0.000%
MEM_BLOCK_LENGTH_4800                                0        0.000%                0        0.000%
MEM_BLOCK_LENGTH_4900                                0        0.000%                0        0.000%
MEM_BLOCK_LENGTH_5000                                0        0.000%                0        0.000%
                                                613312      100.000%           613731      100.000%
                                                  1.27         2.21              1.27         2.21

FUS_BUSY_ON_PATH                             250957040        1.7977        274151578        1.8948

FUS_BUSY_OFF_PATH                                 9211        0.0001            66103        0.0005

FU_BUSY_MEM_STALL                            180026919        1.2896        180205443        1.2455

FUS_EMPTY                                   1145002859        8.2022       1172665289        8.1048

FU_UNAVAILABLE                                  516673        0.0037          1551266        0.0107

FU_MEM_UNAVAILABLE                           173829169        1.2452        173919601        1.2020

FU_OTHER_UNAVAILABLE                                 0        0.0000                0        0.0000

FU_REPLAY                                            0        0.0000                0        0.0000

FU_STARVED                                  1145001652        8.2022       1172658780        8.1047

CHIP_UTILIZATION                                     0        0.0000                0        0.0000

CYCLES_UNDER_MEM_REQ                                 0                              0              

CYCLES_UNDER_NO_MEM_REQ                              0                              0              

CYCLES_UNDER_CRITICAL_MEM_REQ                        0                              0              

CYCLES_UNDER_NONCRITICAL_MEM_REQ                     0                              0              

CHIP_UTILIZATION_UNDER_MEM_REQ                       0          -nan                0          -nan

CHIP_UTILIZATION_UNDER_NO_MEM_REQ                    0          -nan                0          -nan

CHIP_UTILIZATION_UNDER_CRITICAL_MEM_REQ              0          -nan                0          -nan

CHIP_UTILIZATION_UNDER_NONCRITICAL_MEM_REQ             0          -nan                0          -nan

CYCLES_NOT_WAITING_FOR_OFF_CHIP                      0        0.0000                0        0.0000

FUS_BUSY_NOT_WAITING_FOR_OFF_CHIP                    0          -nan                0          -nan

CYCLES_WAITING_FOR_OFF_CHIP                          0        0.0000                0        0.0000

FUS_BUSY_WAITING_FOR_OFF_CHIP                        0          -nan                0          -nan

TOTAL_OFF_CHIP_DELAYS_LEFT                           0                              0              

WRONG_IO_SCHED                                       0                              0              

DVFS_CONFIG_SWITCH                                   0                              0              

MAP_STAGE_RECEIVED_OPS_0                             0        0.000%                0        0.000%
MAP_STAGE_RECEIVED_OPS_1                           127        0.001%              880        0.005%
MAP_STAGE_RECEIVED_OPS_2                           159        0.001%             1035        0.006%
MAP_STAGE_RECEIVED_OPS_3                           307        0.002%             1668        0.010%
MAP_STAGE_RECEIVED_OPS_4                           250        0.002%             2209        0.013%
MAP_STAGE_RECEIVED_OPS_5                           251        0.002%             1037        0.006%
MAP_STAGE_RECEIVED_OPS_6                      12525681       99.991%         16420874       99.958%
MAP_STAGE_RECEIVED_OPS_7                             0        0.000%                0        0.000%
MAP_STAGE_RECEIVED_OPS_8                             0        0.000%                0        0.000%
MAP_STAGE_RECEIVED_OPS_MAX                           0        0.000%                0        0.000%
                                              12526775      100.000%         16427703      100.000%
                                                  6.00         0.03              6.00         0.06

MAP_STAGE_WAIT_FOR_DECODE                            0         -nan%                0         -nan%
MAP_STAGE_CONSUME_DECODE                             0         -nan%                0         -nan%
                                                     0         -nan%                0         -nan%
                                                  -nan         -nan              -nan         -nan

MAP_STAGE_WAIT_FOR_DECODE2                           0         -nan%                0         -nan%
MAP_STAGE_CONSUME_DECODE2                            0         -nan%                0         -nan%
                                                     0         -nan%                0         -nan%
                                                  -nan         -nan              -nan         -nan

FTQ_RECOVER_EXEC                                   208                           1342              

FTQ_RECOVER_DECODE                                   0                            230              

FTQ_OFFPATH_CYCLES                             3495822                        3629001              

FTQ_CYCLES_OFFPATH                             3495822                        3629001              

FTQ_CYCLES_ONPATH                            136101089                      141059296              

FTQ_FETCHED_INS_ONPATH                        75157746                       98550278              

FTQ_FETCHED_INS_OFFPATH                        1137831                        1746656              

FTQ_BREAK_FULL_FT_ONPATH                     135891646                      140812874              

FTQ_BREAK_FULL_FT_OFFPATH                      3487701                        3575147              

FTQ_BREAK_PRED_BR_ONPATH                             0                              0              

FTQ_BREAK_PRED_BR_OFFPATH                            0                              0              

FTQ_BREAK_BAR_FETCH_ONPATH                           0                              0              

FTQ_BREAK_BAR_FETCH_OFFPATH                          0                              0              

FTQ_BREAK_MAX_CFS_TAKEN_ONPATH                       0                              0              

FTQ_BREAK_MAX_CFS_TAKEN_OFFPATH                      0                              0              

FTQ_BREAK_MAX_FT_ONPATH                         207672                         244651              

FTQ_BREAK_MAX_FT_OFFPATH                          8121                          53854              

DFE_GEN_ON_PATH_FT                             9190465                       11421937              

DFE_GEN_OFF_PATH_FT                             218060                         278205              

DFE_L0_ENABLED_PREDICTIONS                    75157746                       98550278              

DFE_L0_WRONG_MAIN_CORRECT                      1155134                        1158909              

DFE_L0_WRONG_MAIN_WRONG                            205                           1433              

DFE_L0_CORRECT_MAIN_WRONG                            3                            139              

DFE_L0_CORRECT_MAIN_CORRECT                   74002404                       97389797              

DFE_L0_WRONG_MAIN_CORRECT_RECOVERY_SCHEDULED             0                              0              

FTQ_SAW_BAR_FETCH_OFFPATH                            0                            124              

FTQ_SAW_BAR_FETCH_ONPATH                            75                            297              

DFE_CONF_0_RECOVER_AT_EXEC                           0         -nan%                0         -nan%
DFE_CONF_1_RECOVER_AT_EXEC                           0         -nan%                0         -nan%
DFE_CONF_2_RECOVER_AT_EXEC                           0         -nan%                0         -nan%
DFE_CONF_3_RECOVER_AT_EXEC                           0         -nan%                0         -nan%
DFE_CONF_0_CORRECT                                   0         -nan%                0         -nan%
DFE_CONF_1_CORRECT                                   0         -nan%                0         -nan%
DFE_CONF_2_CORRECT                                   0         -nan%                0         -nan%
DFE_CONF_3_CORRECT                                   0         -nan%                0         -nan%
                                                     0         -nan%                0         -nan%
                                                  -nan         -nan              -nan         -nan

DFE_ON_CONF_ON_OPS                                   0         -nan%                0         -nan%
DFE_ON_CONF_OFF_OPS                                  0         -nan%                0         -nan%
DFE_OFF_CONF_ON_OPS                                  0         -nan%                0         -nan%
DFE_OFF_CONF_OFF_REALISTIC_OPS                       0         -nan%                0         -nan%
DFE_OFF_CONF_OFF_PERFECT_OPS                         0         -nan%                0         -nan%
                                                     0         -nan%                0         -nan%
                                                  -nan         -nan              -nan         -nan

DFE_ON_CONF_ON_FETCH_TARGETS                         0         -nan%                0         -nan%
DFE_ON_CONF_OFF_FETCH_TARGETS                        0         -nan%                0         -nan%
DFE_OFF_CONF_ON_FETCH_TARGETS                        0         -nan%                0         -nan%
DFE_OFF_CONF_OFF_REALISTIC_FETCH_TARGETS             0         -nan%                0         -nan%
DFE_OFF_CONF_OFF_PERFECT_FETCH_TARGETS               0         -nan%                0         -nan%
                                                     0         -nan%                0         -nan%
                                                  -nan         -nan              -nan         -nan

DFE_ON_CONF_ON_CYCLES                                0         -nan%                0         -nan%
DFE_ON_CONF_OFF_CYCLES                               0         -nan%                0         -nan%
DFE_OFF_CONF_ON_CYCLES                               0         -nan%                0         -nan%
DFE_OFF_CONF_OFF_REALISTIC_CYCLES                    0         -nan%                0         -nan%
DFE_OFF_CONF_OFF_PERFECT_CYCLES                      0         -nan%                0         -nan%
                                                     0         -nan%                0         -nan%
                                                  -nan         -nan              -nan         -nan

DFE_OFF_CONF_ON_NUM_EVENTS                           0                              0              

DFE_OFF_CONF_ON_NOT_IDENTIFIED_EVENTS                0         -nan%                0         -nan%
DFE_OFF_CONF_ON_IBTB_MISS_EVENTS                     0         -nan%                0         -nan%
DFE_OFF_CONF_ON_BTB_MISS_EVENTS                      0         -nan%                0         -nan%
DFE_OFF_CONF_ON_BTB_MISS_RECOVER_AT_EXEC_EVENTS             0         -nan%                0         -nan%
DFE_OFF_CONF_ON_RECOVER_AT_EXEC_EVENTS               0         -nan%                0         -nan%
DFE_OFF_CONF_ON_RECOVER_AT_DECODE_EVENTS             0         -nan%                0         -nan%
                                                     0         -nan%                0         -nan%
                                                  -nan         -nan              -nan         -nan

DFE_OFF_CONF_ON_LATE_BTB_HIT_EVENTS                  0                              0              

DFE_OFF_CONF_ON_NOT_IDENTIFIED_CYCLES                0         -nan%                0         -nan%
DFE_OFF_CONF_ON_IBTB_MISS_CYCLES                     0         -nan%                0         -nan%
DFE_OFF_CONF_ON_BTB_MISS_CYCLES                      0         -nan%                0         -nan%
DFE_OFF_CONF_ON_BTB_MISS_RECOVER_AT_EXEC_CYCLES             0         -nan%                0         -nan%
DFE_OFF_CONF_ON_RECOVER_AT_EXEC_CYCLES               0         -nan%                0         -nan%
DFE_OFF_CONF_ON_RECOVER_AT_DECODE_CYCLES             0         -nan%                0         -nan%
                                                     0         -nan%                0         -nan%
                                                  -nan         -nan              -nan         -nan

DFE_OFF_CONF_ON_LATE_BTB_HIT_CYCLES                  0                              0              

DFE_OFF_CONF_ON_NOT_IDENTIFIED_FETCH_TARGETS             0         -nan%                0         -nan%
DFE_OFF_CONF_ON_IBTB_MISS_FETCH_TARGETS              0         -nan%                0         -nan%
DFE_OFF_CONF_ON_BTB_MISS_FETCH_TARGETS               0         -nan%                0         -nan%
DFE_OFF_CONF_ON_BTB_MISS_RECOVER_AT_EXEC_FETCH_TARGETS             0         -nan%                0         -nan%
DFE_OFF_CONF_ON_RECOVER_AT_EXEC_FETCH_TARGETS             0         -nan%                0         -nan%
DFE_OFF_CONF_ON_RECOVER_AT_DECODE_FETCH_TARGETS             0         -nan%                0         -nan%
                                                     0         -nan%                0         -nan%
                                                  -nan         -nan              -nan         -nan

DFE_OFF_CONF_ON_LATE_BTB_HIT_FETCH_TARGETS             0                              0              

DFE_OFF_CONF_ON_BP_INCORRECT_0_CONF                  0         -nan%                0         -nan%
DFE_OFF_CONF_ON_BP_INCORRECT_1_CONF                  0         -nan%                0         -nan%
DFE_OFF_CONF_ON_BP_INCORRECT_2_CONF                  0         -nan%                0         -nan%
DFE_OFF_CONF_ON_BP_INCORRECT_3_CONF                  0         -nan%                0         -nan%
                                                     0         -nan%                0         -nan%
                                                  -nan         -nan              -nan         -nan

DFE_OFF_CONF_ON_BTB_MISS_CBR_0_CONF                  0         -nan%                0         -nan%
DFE_OFF_CONF_ON_BTB_MISS_CBR_1_CONF                  0         -nan%                0         -nan%
DFE_OFF_CONF_ON_BTB_MISS_CBR_2_CONF                  0         -nan%                0         -nan%
DFE_OFF_CONF_ON_BTB_MISS_CBR_3_CONF                  0         -nan%                0         -nan%
                                                     0         -nan%                0         -nan%
                                                  -nan         -nan              -nan         -nan

DFE_OFF_CONF_ON_BTB_MISS_NOT_CF                      0         -nan%                0         -nan%
DFE_OFF_CONF_ON_BTB_MISS_CF_BR                       0         -nan%                0         -nan%
DFE_OFF_CONF_ON_BTB_MISS_CF_CBR                      0         -nan%                0         -nan%
DFE_OFF_CONF_ON_BTB_MISS_CF_CALL                     0         -nan%                0         -nan%
DFE_OFF_CONF_ON_BTB_MISS_CF_IBR                      0         -nan%                0         -nan%
DFE_OFF_CONF_ON_BTB_MISS_CF_ICALL                    0         -nan%                0         -nan%
DFE_OFF_CONF_ON_BTB_MISS_CF_ICO                      0         -nan%                0         -nan%
DFE_OFF_CONF_ON_BTB_MISS_CF_RET                      0         -nan%                0         -nan%
DFE_OFF_CONF_ON_BTB_MISS_CF_SYS                      0         -nan%                0         -nan%
                                                     0         -nan%                0         -nan%
                                                  -nan         -nan              -nan         -nan

DFE_ON_CONF_OFF_NUM_EVENTS                           0                              0              

CONF_BTB_NUM_CYCLES_OFF_PATH_EVENT                   0                              0              

DFE_ON_CONF_OFF_IBTB_MISS_BP_TAKEN                   0         -nan%                0         -nan%
DFE_ON_CONF_OFF_BTB_MISS_BP_TAKEN_CONF_0             0         -nan%                0         -nan%
DFE_ON_CONF_OFF_BTB_MISS_BP_TAKEN_CONF_1             0         -nan%                0         -nan%
DFE_ON_CONF_OFF_BTB_MISS_BP_TAKEN_CONF_2             0         -nan%                0         -nan%
DFE_ON_CONF_OFF_BTB_MISS_BP_TAKEN_CONF_3             0         -nan%                0         -nan%
DFE_ON_CONF_OFF_BTB_MISS_RATE                        0         -nan%                0         -nan%
DFE_ON_CONF_OFF_IBTB_MISS_RATE                       0         -nan%                0         -nan%
DFE_ON_CONF_OFF_RECOVER_AT_DECODE_RATE               0         -nan%                0         -nan%
DFE_ON_CONF_OFF_RECOVER_AT_EXEC_RATE                 0         -nan%                0         -nan%
DFE_ON_CONF_OFF_INV_CONF_INC                         0         -nan%                0         -nan%
DFE_ON_CONF_OFF_PERFECT_CONF                         0         -nan%                0         -nan%
                                                     0         -nan%                0         -nan%
                                                  -nan         -nan              -nan         -nan

DFE_ON_CONF_OFF_IBTB_MISS_BP_TAKEN_CYCLES             0         -nan%                0         -nan%
DFE_ON_CONF_OFF_BTB_MISS_BP_TAKEN_CONF_0_CYCLES             0         -nan%                0         -nan%
DFE_ON_CONF_OFF_BTB_MISS_BP_TAKEN_CONF_1_CYCLES             0         -nan%                0         -nan%
DFE_ON_CONF_OFF_BTB_MISS_BP_TAKEN_CONF_2_CYCLES             0         -nan%                0         -nan%
DFE_ON_CONF_OFF_BTB_MISS_BP_TAKEN_CONF_3_CYCLES             0         -nan%                0         -nan%
DFE_ON_CONF_OFF_BTB_MISS_RATE_CYCLES                 0         -nan%                0         -nan%
DFE_ON_CONF_OFF_IBTB_MISS_RATE_CYCLES                0         -nan%                0         -nan%
DFE_ON_CONF_OFF_RECOVER_AT_DECODE_RATE_CYCLES             0         -nan%                0         -nan%
DFE_ON_CONF_OFF_RECOVER_AT_EXEC_RATE_CYCLES             0         -nan%                0         -nan%
DFE_ON_CONF_OFF_INV_CONF_INC_CYCLES                  0         -nan%                0         -nan%
DFE_ON_CONF_OFF_PERFECT_CONF_CYCLES                  0         -nan%                0         -nan%
                                                     0         -nan%                0         -nan%
                                                  -nan         -nan              -nan         -nan

DFE_ON_CONF_OFF_IBTB_MISS_BP_TAKEN_FETCH_TARGETS             0         -nan%                0         -nan%
DFE_ON_CONF_OFF_BTB_MISS_BP_TAKEN_CONF_0_FETCH_TARGETS             0         -nan%                0         -nan%
DFE_ON_CONF_OFF_BTB_MISS_BP_TAKEN_CONF_1_FETCH_TARGETS             0         -nan%                0         -nan%
DFE_ON_CONF_OFF_BTB_MISS_BP_TAKEN_CONF_2_FETCH_TARGETS             0         -nan%                0         -nan%
DFE_ON_CONF_OFF_BTB_MISS_BP_TAKEN_CONF_3_FETCH_TARGETS             0         -nan%                0         -nan%
DFE_ON_CONF_OFF_BTB_MISS_RATE_FETCH_TARGETS             0         -nan%                0         -nan%
DFE_ON_CONF_OFF_IBTB_MISS_RATE_FETCH_TARGETS             0         -nan%                0         -nan%
DFE_ON_CONF_OFF_RECOVER_AT_DECODE_RATE_FETCH_TARGETS             0         -nan%                0         -nan%
DFE_ON_CONF_OFF_RECOVER_AT_EXEC_RATE_FETCH_TARGETS             0         -nan%                0         -nan%
DFE_ON_CONF_OFF_INV_CONF_INC_FETCH_TARGETS             0         -nan%                0         -nan%
DFE_ON_CONF_OFF_PERFECT_CONF_FETCH_TARGETS             0         -nan%                0         -nan%
                                                     0         -nan%                0         -nan%
                                                  -nan         -nan              -nan         -nan

CONF_OFF_IBTB_MISS_BP_TAKEN                          0         -nan%                0         -nan%
CONF_OFF_BTB_MISS_BP_TAKEN_CONF_0                    0         -nan%                0         -nan%
CONF_OFF_BTB_MISS_BP_TAKEN_CONF_1                    0         -nan%                0         -nan%
CONF_OFF_BTB_MISS_BP_TAKEN_CONF_2                    0         -nan%                0         -nan%
CONF_OFF_BTB_MISS_BP_TAKEN_CONF_3                    0         -nan%                0         -nan%
CONF_OFF_BTB_MISS_RATE                               0         -nan%                0         -nan%
CONF_OFF_IBTB_MISS_RATE                              0         -nan%                0         -nan%
CONF_OFF_RECOVER_AT_DECODE_RATE                      0         -nan%                0         -nan%
CONF_OFF_RECOVER_AT_EXEC_RATE                        0         -nan%                0         -nan%
CONF_OFF_INV_CONF_INC                                0         -nan%                0         -nan%
CONF_OFF_PERFECT_CONF                                0         -nan%                0         -nan%
                                                     0         -nan%                0         -nan%
                                                  -nan         -nan              -nan         -nan

TOPDOWN_TOTAL_SLOTS                          837581466                      868129782              

TOPDOWN_ISSUED_SLOTS                          75199858                       98757490              

TOPDOWN_RETIRED_SLOTS                         75158239                       98550278              

TOPDOWN_FETCH_BUBBLES_SLOTS                      16477                         264306              

TOPDOWN_RECOVERY_BUBBLES_SLOTS                    6247                          40620              

TOPDOWN_MEM_LOAD_STALLS_CYCLES               126574802                      127692030              

TOPDOWN_MEM_STORE_STALLS_CYCLES                      0                             10              

TOPDOWN_EXEC_STALLS_CYCLES                   114891324                      115570188              

TOPDOWN_BACKEND_STALLS_CYCLES                126574802                      127692663              

TOPDOWN_FETCH_BUBBLES_GT_MIW_CYCLES               2259                          40451              

TOPDOWN_BR_RECOVER_AT_EXEC_RETIRED_CYCLES           208                           1342              

TOPDOWN_MACHINE_CLEAR_CYCLES                   1155342                        1160481              

TOPDOWN_FRONTEND_BOUND                               0                              0              

TOPDOWN_BACKEND_BOUND                             9103                           9103              

TOPDOWN_BAD_SPEC_BOUND                               0                              0              

TOPDOWN_RETIRING_BOUND                             897                            897              

TOPDOWN_FETCH_LATENCY_BOUND                          0                              0              

TOPDOWN_FETCH_BANDWIDTH_BOUND                        0                              0              

TOPDOWN_MEM_BOUND                                 9103                           9103              

TOPDOWN_CORE_BOUND                                   0                              0              

TOPDOWN_BR_RECOVER_AT_EXEC_BOUND                     0                              0              

TOPDOWN_MACHINE_CLEARS_BOUND                         0                              0              

H2P_SEEN_MAIN                                        0                              0              



