/* -*- Mode: c -*- */
####################################################################################################
Core 0
####################################################################################################
Cumulative:        Cycles: 21440428              Instructions: 30000000              IPC: 1.39923

Periodic:          Cycles: 7232171               Instructions: 9999996               IPC: 1.38271

EXECUTION_TIME                           2260053437500                  6700133750000              

SIM_HOST_WALL_SECONDS                       483.420147                     483.420147              

NODE_CYCLE                                     7232171                       21440428              

NODE_INST_COUNT                                9999996                       30000000              

NODE_INST_COUNT_FETCHED                        9999996                       30000000              

NODE_UOP_COUNT                                11278766                       33832365              

EXEC_STAGE_NO_ISSUE_STALL_CYCLE                3420765                       10265858              

EXEC_STAGE_NO_ISSUE_STALL_CYCLE_ONPATH         3214031                        9645698              

FULL_WINDOW_STALL                                60608        0.838%           184164        0.859%

FULL_WINDOW_MEM_OP                               47210       99.818%           143721       99.819%
FULL_WINDOW_FP_OP                                   86        0.182%              260        0.181%
FULL_WINDOW_OTHER_OP                                 0        0.000%                0        0.000%
                                                 47296      100.000%           143981      100.000%
                                                  0.00         0.04              0.00         0.04

RET_BLOCKED_DC_MISS                            3268063       45.188%          9522143       44.412%

RET_BLOCKED_L1_MISS                            2734376       37.809%          7931361       36.993%

RET_BLOCKED_L1_MISS_BW_PREF                          9        0.000%             3161        0.015%

RET_BLOCKED_L1_ACCESS                           533829        7.381%          1592617        7.428%

RET_BLOCKED_MEM_STALL                          2734381       37.809%          7932534       36.998%

RET_BLOCKED_OFFCHIP_DEMAND                           0        0.000%                0        0.000%

OP_ISSUED                                     11645405                       34933645              

OP_RETIRED                                    11278766                       33832365              

OP_MACRO_FUSION_ONPATH                               0                              0              

OP_MACRO_FUSION_OFFPATH                              0                              0              

REPLAY_SIGNALED                                      0                              0              

REPLAY_COUNTED                                       0                              0              

OFF_CRITICAL_PATH                                    0         -nan%                0         -nan%
ON_CRITICAL_PATH                                     0         -nan%                0         -nan%
                                                     0         -nan%                0         -nan%
                                                  -nan         -nan              -nan         -nan

LD_NO_DEPENDENTS                                420255       15.106%          1252520       15.065%
LD_DEPENDENTS                                  2361846       84.894%          7061769       84.935%
                                               2782101      100.000%          8314289      100.000%
                                                  0.85         0.79              0.85         0.79

LD_EXEC_CYCLES_0                                     0        0.000%                0        0.000%
LD_EXEC_CYCLES_1                                     0        0.000%                0        0.000%
LD_EXEC_CYCLES_2                                     0        0.000%                0        0.000%
LD_EXEC_CYCLES_3                                    44       41.905%              165       44.118%
LD_EXEC_CYCLES_4                                    61       58.095%              209       55.882%
                                                   105      100.000%              374      100.000%
                                                  3.58         2.79              3.56         2.71

LD_RETIRED_ONPATH                              2782101                        8314289              

LD_EXEC_MINUS_FETCH_LATENCY                  539851535                     1582088876              

LD_RETIRE_MINUS_FETCH_LATENCY                820147452                     2404336547              

LD_EXEC_TO_DONE_LATENCY                       30136478                       89023324              

ICACHE_STAGE_STARVED                            337943        5.998%          1041565        6.268%
ICACHE_STAGE_NOT_STARVED                       5296669       94.002%         15576316       93.732%
                                               5634612      100.000%         16617881      100.000%
                                                  0.94         0.91              0.94         0.91

ICACHE_STAGE_STALLED                           3286347       45.441%          9560123       44.589%
ICACHE_STAGE_NOT_STALLED                       2348265       32.470%          7057758       32.918%
ICACHE_STAGE_OFF_PATH                          1597559       22.090%          4822547       22.493%
                                               7232171      100.000%         21440428      100.000%
                                                  0.77         0.70              0.78         0.70

DECODE_STAGE_STARVED                           2738849       46.847%          8225471       47.507%
DECODE_STAGE_NOT_STARVED                       3107508       53.153%          9088607       52.493%
                                               5846357      100.000%         17314078      100.000%
                                                  0.53         0.52              0.52         0.51

DECODE_STAGE_STALLED                           2750989       38.038%          7977488       37.208%
DECODE_STAGE_NOT_STALLED                       3095368       42.800%          9336590       43.547%
DECODE_STAGE_OFF_PATH                          1385814       19.162%          4126350       19.246%
                                               7232171      100.000%         21440428      100.000%
                                                  0.81         0.64              0.82         0.64

UOPQ_STAGE_STARVED                             3670277       82.757%         10868556       82.461%
UOPQ_STAGE_NOT_STARVED                          764738       17.243%          2311664       17.539%
                                               4435015      100.000%         13180220      100.000%
                                                  0.17         0.35              0.18         0.35

UOPQ_STAGE_STALLED                             1591941       22.012%          4665316       21.759%
UOPQ_STAGE_NOT_STALLED                         4435015       61.323%         13180220       61.474%
UOPQ_STAGE_OFF_PATH                            1205215       16.665%          3594892       16.767%
                                               7232171      100.000%         21440428      100.000%
                                                  0.95         0.58              0.95         0.58

RS_OP_READY_NOT_ISSUED_TOTAL                   5491706                       16419126              

RS_0_OP_READY_NOT_ISSUED                       4529828                       13496684              

RS_1_OP_READY_NOT_ISSUED                        252731                         763795              

RS_2_OP_READY_NOT_ISSUED                        709147                        2158647              

RS_3_OP_READY_NOT_ISSUED                             0                              0              

RS_4_OP_READY_NOT_ISSUED                             0                              0              

RS_5_OP_READY_NOT_ISSUED                             0                              0              

RS_6_OP_READY_NOT_ISSUED                             0                              0              

RS_7_OP_READY_NOT_ISSUED                             0                              0              

RS_7_PLUS_OP_READY_NOT_ISSUED                        0                              0              

FU_IDLE_NO_READY_OPS_TOTAL                    47911800                      141103927              

FU_0_IDLE_NO_READY_OPS                         4304441                       12629098              

FU_1_IDLE_NO_READY_OPS                         4573951                       13439198              

FU_2_IDLE_NO_READY_OPS                         4877177                       14384234              

FU_3_IDLE_NO_READY_OPS                         4875983                       14380452              

FU_4_IDLE_NO_READY_OPS                         4593530                       13496894              

FU_5_IDLE_NO_READY_OPS                         4296186                       12612232              

FU_6_IDLE_NO_READY_OPS                         5453001                       16119407              

FU_7_IDLE_NO_READY_OPS                         5455171                       16122679              

FU_8_IDLE_NO_READY_OPS                         4605432                       13539594              

FU_9_IDLE_NO_READY_OPS                         4876928                       14380139              

FU_10_IDLE_NO_READY_OPS                              0                              0              

FU_11_IDLE_NO_READY_OPS                              0                              0              

FU_12_IDLE_NO_READY_OPS                              0                              0              

FU_13_IDLE_NO_READY_OPS                              0                              0              

FU_14_IDLE_NO_READY_OPS                              0                              0              

FU_15_IDLE_NO_READY_OPS                              0                              0              

FU_16_IDLE_NO_READY_OPS                              0                              0              

FU_17_IDLE_NO_READY_OPS                              0                              0              

FU_18_IDLE_NO_READY_OPS                              0                              0              

FU_19_IDLE_NO_READY_OPS                              0                              0              

FU_20_IDLE_NO_READY_OPS                              0                              0              

FU_21_IDLE_NO_READY_OPS                              0                              0              

FU_22_IDLE_NO_READY_OPS                              0                              0              

FU_23_IDLE_NO_READY_OPS                              0                              0              

FU_24_IDLE_NO_READY_OPS                              0                              0              

FU_25_IDLE_NO_READY_OPS                              0                              0              

FU_26_IDLE_NO_READY_OPS                              0                              0              

FU_27_IDLE_NO_READY_OPS                              0                              0              

FU_28_IDLE_NO_READY_OPS                              0                              0              

FU_29_IDLE_NO_READY_OPS                              0                              0              

FU_30_IDLE_NO_READY_OPS                              0                              0              

FU_31_IDLE_NO_READY_OPS                              0                              0              

FU_31_PLUS_IDLE_NO_READY_OPS                         0                              0              

MAP_STAGE_STARVED                               257176        7.976%           840879        8.693%
MAP_STAGE_NOT_STARVED                          2967031       92.024%          8831798       91.307%
                                               3224207      100.000%          9672677      100.000%
                                                  0.92         0.89              0.91         0.88

MAP_STAGE_STALLED                              1024322       28.338%          2995118       27.538%
MAP_STAGE_NOT_STALLED                          2199885       60.860%          6677559       61.395%
MAP_STAGE_OFF_PATH                              390462       10.802%          1203696       11.067%
                                               3614669      100.000%         10876373      100.000%
                                                  0.82         0.49              0.84         0.49

MAP_STAGE_STALL_ITSELF                         3617502       50.020%         10564055       49.272%
MAP_STAGE_NOT_STALL_ITSELF                     3614669       49.980%         10876373       50.728%
                                               7232171      100.000%         21440428      100.000%
                                                  0.50         0.50              0.51         0.50

MAP_STAGE_LATE_ALLOCATE_SEND_BACK                    0                              0              

MAP_STAGE_RENAME_OP_ONPATH                    11278692                       33832365              

MAP_STAGE_RENAME_OP_OFFPATH                    1149321                        3523108              

MAP_STAGE_RENAME_INT_REG_ONPATH                7562039                       22629767              

MAP_STAGE_RENAME_INT_REG_OFFPATH                559400                        1713559              

MAP_STAGE_RENAME_VEC_REG_ONPATH                 267831                         826587              

MAP_STAGE_RENAME_VEC_REG_OFFPATH                 20916                          79578              

MAP_STAGE_RENAME_MOVE_ELIM_ONPATH                    0                              0              

MAP_STAGE_RENAME_MOVE_ELIM_OFFPATH                   0                              0              

REG_FILE_UTIL_SAMPLES                          7232171                       21440428              

REG_FILE_INT_PHYS_REGS_SUM                  2025007880                     6003319840              

REG_FILE_VEC_PHYS_REGS_SUM                  2401080772                     7118222096              

REG_FILE_INT_OCCUPIED_SUM                   1680432168                     4945654117              

REG_FILE_VEC_OCCUPIED_SUM                    279004397                      828748271              

MAP_STAGE_ONPATH_INT_REG_NUM_ALLOC             7562096                       22629749              

MAP_STAGE_ONPATH_VEC_REG_NUM_ALLOC              267831                         826578              

MAP_STAGE_ONPATH_INT_REG_NUM_SHORTLIVE         2194700                        6590320              

MAP_STAGE_ONPATH_VEC_REG_NUM_SHORTLIVE          122200                         378122              

MAP_STAGE_ONPATH_INT_REG_USE_COUNT_0            983643                        2929789              

MAP_STAGE_ONPATH_VEC_REG_USE_COUNT_0              1953                           5913              

MAP_STAGE_ONPATH_INT_REG_USE_COUNT_1           4455934                       13349111              

MAP_STAGE_ONPATH_VEC_REG_USE_COUNT_1            182797                         560838              

MAP_STAGE_ONPATH_INT_REG_USE_COUNT_2           1357025                        4053228              

MAP_STAGE_ONPATH_VEC_REG_USE_COUNT_2             66152                         206728              

MAP_STAGE_ONPATH_INT_REG_USE_COUNT_3            331882                        1001524              

MAP_STAGE_ONPATH_VEC_REG_USE_COUNT_3             10841                          33880              

MAP_STAGE_ONPATH_INT_REG_USE_COUNT_4            134016                         401537              

MAP_STAGE_ONPATH_VEC_REG_USE_COUNT_4              3792                          11583              

MAP_STAGE_ONPATH_INT_REG_USE_COUNT_5            105590                         314630              

MAP_STAGE_ONPATH_VEC_REG_USE_COUNT_5               158                            679              

MAP_STAGE_ONPATH_INT_REG_USE_COUNT_6             36355                         110834              

MAP_STAGE_ONPATH_VEC_REG_USE_COUNT_6               122                            491              

MAP_STAGE_ONPATH_INT_REG_USE_COUNT_7_PLUS        157651                         469096              

MAP_STAGE_ONPATH_VEC_REG_USE_COUNT_7_PLUS          2016                           6466              

MAP_STAGE_ONPATH_INT_REG_CONSUME_DIST_0              0        0.0000                0        0.0000

MAP_STAGE_ONPATH_VEC_REG_CONSUME_DIST_0              0        0.0000                0        0.0000

MAP_STAGE_ONPATH_INT_REG_CONSUME_DIST_1              0        0.0000                0        0.0000

MAP_STAGE_ONPATH_VEC_REG_CONSUME_DIST_1              0        0.0000                0        0.0000

MAP_STAGE_ONPATH_INT_REG_CONSUME_DIST_2        9327304        6.8733         27737882        6.8434

MAP_STAGE_ONPATH_VEC_REG_CONSUME_DIST_2        2546553       38.4955          7600218       36.7643

MAP_STAGE_ONPATH_INT_REG_CONSUME_DIST_3        6098107       18.3743         18076162       18.0487

MAP_STAGE_ONPATH_VEC_REG_CONSUME_DIST_3        1109139      102.3097          3263283       96.3189

MAP_STAGE_ONPATH_INT_REG_CONSUME_DIST_4        3260825       24.3316          9566448       23.8246

MAP_STAGE_ONPATH_VEC_REG_CONSUME_DIST_4          10646        2.8075            40057        3.4583

MAP_STAGE_ONPATH_INT_REG_CONSUME_DIST_5        6950012       65.8207         20156281       64.0634

MAP_STAGE_ONPATH_VEC_REG_CONSUME_DIST_5           3383       21.4114            15529       22.8704

MAP_STAGE_ONPATH_INT_REG_CONSUME_DIST_6        1989521       54.7248          5800432       52.3344

MAP_STAGE_ONPATH_VEC_REG_CONSUME_DIST_6           3131       25.6639            14027       28.5682

MAP_STAGE_ONPATH_INT_REG_CONSUME_DIST_7_PLUS      13936163       88.3988         41132537       87.6847

MAP_STAGE_ONPATH_VEC_REG_CONSUME_DIST_7_PLUS        450103      223.2654          1429760      221.1197

MAP_STAGE_INT_REG_ISSUE_READ_TOTAL_CONSUMED      11033932        3.2256         33109726        3.2252

MAP_STAGE_VEC_REG_ISSUE_READ_TOTAL_CONSUMED        396159        0.1158          1234597        0.1203

MAP_STAGE_INT_REG_ISSUE_READ_MULTI_CONSUMED       4394786        1.2847         13228861        1.2886

MAP_STAGE_VEC_REG_ISSUE_READ_MULTI_CONSUMED        130006        0.0380           413033        0.0402

MAP_STAGE_INT_REG_ISSUE_READ_SAME_CYCLE_CONSUMED       2177782        0.6366          6521174        0.6352

MAP_STAGE_VEC_REG_ISSUE_READ_SAME_CYCLE_CONSUMED         49169        0.0144           152633        0.0149

MAP_STAGE_INT_REG_ISSUE_READ_TOTAL_CONSUMED_ONPATH      10898058        3.3908         32692401        3.3893

MAP_STAGE_VEC_REG_ISSUE_READ_TOTAL_CONSUMED_ONPATH        395209        0.1230          1231005        0.1276

MAP_STAGE_INT_REG_ISSUE_READ_MULTI_CONSUMED_ONPATH       4319621        1.3440         12992420        1.3470

MAP_STAGE_VEC_REG_ISSUE_READ_MULTI_CONSUMED_ONPATH        129331        0.0402           410331        0.0425

MAP_STAGE_INT_REG_ISSUE_READ_SAME_CYCLE_CONSUMED_ONPATH       2149586        0.6688          6432535        0.6669

MAP_STAGE_VEC_REG_ISSUE_READ_SAME_CYCLE_CONSUMED_ONPATH         49054        0.0153           152288        0.0158

MAP_STAGE_ONPATH_INT_REG_LIFECYCLE_EMPTY     656468734                     1931515145              

MAP_STAGE_ONPATH_VEC_REG_LIFECYCLE_EMPTY      22277776                       66868779              

MAP_STAGE_ONPATH_INT_REG_LIFECYCLE_IN_USE     869008105                     2557195891              

MAP_STAGE_ONPATH_VEC_REG_LIFECYCLE_IN_USE      28326638                       85157994              

MAP_STAGE_ONPATH_INT_REG_LIFECYCLE_SPEC_RELEASE    1579249536                     4644986946              

MAP_STAGE_ONPATH_VEC_REG_LIFECYCLE_SPEC_RELEASE     102267778                      316741833              

MAP_STAGE_ONPATH_INT_REG_LIFECYCLE_NONSPEC_RELEASE    1579249536                     4644986946              

MAP_STAGE_ONPATH_VEC_REG_LIFECYCLE_NONSPEC_RELEASE     102267778                      316741833              

MAP_STAGE_ONPATH_INT_REG_LIFECYCLE_TOTAL    1579249536                     4644986946              

MAP_STAGE_ONPATH_VEC_REG_LIFECYCLE_TOTAL     102267778                      316741833              

MAP_STAGE_ONPATH_INT_REG_NUM_NONBRANCH         7562096                       22629749              

MAP_STAGE_ONPATH_VEC_REG_NUM_NONBRANCH          267831                         826578              

MAP_STAGE_ONPATH_INT_REG_NUM_NONEXCEPT         7562096                       22629749              

MAP_STAGE_ONPATH_VEC_REG_NUM_NONEXCEPT          267831                         826578              

MAP_STAGE_ONPATH_INT_REG_NUM_ATOMIC            7562096                       22629749              

MAP_STAGE_ONPATH_VEC_REG_NUM_ATOMIC             267831                         826578              

MAP_STAGE_ONPATH_INT_REG_ATOMIC_REDEFINED_DIST_TOTAL    1579249536      208.8375       4644986946      205.2602

MAP_STAGE_ONPATH_VEC_REG_ATOMIC_REDEFINED_DIST_TOTAL     102267778      381.8370        316741833      383.1965

MAP_STAGE_ONPATH_INT_REG_ATOMIC_CONSUMED_DIST_TOTAL     869008105      114.9163       2557195891      113.0015

MAP_STAGE_ONPATH_VEC_REG_ATOMIC_CONSUMED_DIST_TOTAL      28326638      105.7631         85157994      103.0248

MAP_STAGE_ONPATH_INT_REG_ATOMIC_RELEASE_DIST_TOTAL    1579249536      208.8375       4644986946      205.2602

MAP_STAGE_ONPATH_VEC_REG_ATOMIC_RELEASE_DIST_TOTAL     102267778      381.8370        316741833      383.1965

EXEC_STAGE_STARVED                             6614127       91.454%         19573443       91.292%
EXEC_STAGE_NOT_STARVED                          193865        2.681%           599956        2.798%
EXEC_STAGE_OFF_PATH                             424179        5.865%          1267029        5.910%
                                               7232171      100.000%         21440428      100.000%
                                                  0.14         0.47              0.15         0.47

FU_BUSY_0                                      1668635                        5022325              

FU_BUSY_1                                      1206201                        3628174              

FU_BUSY_2                                       941514                        2817506              

FU_BUSY_3                                       942121                        2820880              

FU_BUSY_4                                      1142948                        3436654              

FU_BUSY_5                                      1756898                        5281713              

FU_BUSY_6                                       970158                        2898975              

FU_BUSY_7                                       967321                        2895382              

FU_BUSY_8                                      1182241                        3553562              

FU_BUSY_9                                       941877                        2820668              

FU_BUSY_10                                           0                              0              

FU_BUSY_11                                           0                              0              

FU_BUSY_12                                           0                              0              

FU_BUSY_13                                           0                              0              

FU_BUSY_14                                           0                              0              

FU_BUSY_15                                           0                              0              

FU_BUSY_16                                           0                              0              

FU_BUSY_17                                           0                              0              

FU_BUSY_18                                           0                              0              

FU_BUSY_19                                           0                              0              

FU_BUSY_20                                           0                              0              

FU_BUSY_21                                           0                              0              

FU_BUSY_22                                           0                              0              

FU_BUSY_23                                           0                              0              

FU_BUSY_24                                           0                              0              

FU_BUSY_25                                           0                              0              

FU_BUSY_26                                           0                              0              

FU_BUSY_27                                           0                              0              

FU_BUSY_28                                           0                              0              

FU_BUSY_29                                           0                              0              

FU_BUSY_30                                           0                              0              

FU_BUSY_31                                           0                              0              

FU_REJECTED_OP_INV_NOT_SIMD                          0        0.000%                0        0.000%
FU_REJECTED_OP_NOP_NOT_SIMD                          0        0.000%                0        0.000%
FU_REJECTED_OP_CF_NOT_SIMD                         172        0.389%              580        0.385%
FU_REJECTED_OP_MOV_NOT_SIMD                        458        1.036%             1445        0.958%
FU_REJECTED_OP_CMOV_NOT_SIMD                         0        0.000%                0        0.000%
FU_REJECTED_OP_LDA_NOT_SIMD                          0        0.000%                0        0.000%
FU_REJECTED_OP_IMEM_NOT_SIMD                       199        0.450%              655        0.434%
FU_REJECTED_OP_IADD_NOT_SIMD                     31567       71.409%            94681       62.772%
FU_REJECTED_OP_IMUL_NOT_SIMD                      1303        2.948%             4097        2.716%
FU_REJECTED_OP_IDIV_NOT_SIMD                         0        0.000%                0        0.000%
FU_REJECTED_OP_ICMP_NOT_SIMD                         0        0.000%                0        0.000%
FU_REJECTED_OP_LOGIC_NOT_SIMD                        0        0.000%                0        0.000%
FU_REJECTED_OP_SHIFT_NOT_SIMD                        0        0.000%                0        0.000%
FU_REJECTED_OP_FMEM_NOT_SIMD                         0        0.000%                0        0.000%
FU_REJECTED_OP_FCVT_NOT_SIMD                        52        0.118%              154        0.102%
FU_REJECTED_OP_FADD_NOT_SIMD                         2        0.005%                4        0.003%
FU_REJECTED_OP_FMUL_NOT_SIMD                         0        0.000%                0        0.000%
FU_REJECTED_OP_FMA_NOT_SIMD                          0        0.000%                0        0.000%
FU_REJECTED_OP_FDIV_NOT_SIMD                         0        0.000%                0        0.000%
FU_REJECTED_OP_FCMP_NOT_SIMD                         0        0.000%                0        0.000%
FU_REJECTED_OP_FCMOV_NOT_SIMD                        0        0.000%                0        0.000%
FU_REJECTED_OP_GATHER_NOT_SIMD                       0        0.000%                0        0.000%
FU_REJECTED_OP_SCATTER_NOT_SIMD                      0        0.000%                0        0.000%
FU_REJECTED_OP_PIPELINED_FAST_NOT_SIMD               0        0.000%                0        0.000%
FU_REJECTED_OP_PIPELINED_MEDIUM_NOT_SIMD             0        0.000%                0        0.000%
FU_REJECTED_OP_PIPELINED_SLOW_NOT_SIMD               0        0.000%                0        0.000%
FU_REJECTED_OP_NOTPIPELINED_MEDIUM_NOT_SIMD             0        0.000%                0        0.000%
FU_REJECTED_OP_NOTPIPELINED_SLOW_NOT_SIMD             0        0.000%                0        0.000%
FU_REJECTED_OP_NOTPIPELINED_VERY_SLOW_NOT_SIMD             0        0.000%                0        0.000%
FU_REJECTED_OP_INV_SIMD                              0        0.000%                0        0.000%
FU_REJECTED_OP_NOP_SIMD                              0        0.000%                0        0.000%
FU_REJECTED_OP_CF_SIMD                               0        0.000%                0        0.000%
FU_REJECTED_OP_MOV_SIMD                            350        0.792%             1799        1.193%
FU_REJECTED_OP_CMOV_SIMD                             0        0.000%                0        0.000%
FU_REJECTED_OP_LDA_SIMD                              0        0.000%                0        0.000%
FU_REJECTED_OP_IMEM_SIMD                             0        0.000%                0        0.000%
FU_REJECTED_OP_IADD_SIMD                             0        0.000%                0        0.000%
FU_REJECTED_OP_IMUL_SIMD                             5        0.011%               27        0.018%
FU_REJECTED_OP_IDIV_SIMD                             0        0.000%                0        0.000%
FU_REJECTED_OP_ICMP_SIMD                             0        0.000%                0        0.000%
FU_REJECTED_OP_LOGIC_SIMD                            0        0.000%                0        0.000%
FU_REJECTED_OP_SHIFT_SIMD                            0        0.000%                0        0.000%
FU_REJECTED_OP_FMEM_SIMD                             0        0.000%                0        0.000%
FU_REJECTED_OP_FCVT_SIMD                            30        0.068%             8711        5.775%
FU_REJECTED_OP_FADD_SIMD                          9903       22.402%            37824       25.077%
FU_REJECTED_OP_FMUL_SIMD                             0        0.000%                0        0.000%
FU_REJECTED_OP_FMA_SIMD                            165        0.373%              857        0.568%
FU_REJECTED_OP_FDIV_SIMD                             0        0.000%                0        0.000%
FU_REJECTED_OP_FCMP_SIMD                             0        0.000%                0        0.000%
FU_REJECTED_OP_FCMOV_SIMD                            0        0.000%                0        0.000%
FU_REJECTED_OP_GATHER_SIMD                           0        0.000%                0        0.000%
FU_REJECTED_OP_SCATTER_SIMD                          0        0.000%                0        0.000%
FU_REJECTED_OP_PIPELINED_FAST_SIMD                   0        0.000%                0        0.000%
FU_REJECTED_OP_PIPELINED_MEDIUM_SIMD                 0        0.000%                0        0.000%
FU_REJECTED_OP_PIPELINED_SLOW_SIMD                   0        0.000%                0        0.000%
FU_REJECTED_OP_NOTPIPELINED_MEDIUM_SIMD              0        0.000%                0        0.000%
FU_REJECTED_OP_NOTPIPELINED_SLOW_SIMD                0        0.000%                0        0.000%
FU_REJECTED_OP_NOTPIPELINED_VERY_SLOW_SIMD             0        0.000%                0        0.000%
                                                 44206      100.000%           150834      100.000%
                                                 15.63        15.62             18.86        17.15

LSQ_FULL_TOTAL                                 1122480                        3285705              

LSQ_FULL_LOAD_QUEUE                                  0                            395              

LSQ_FULL_STORE_QUEUE                           1122480                        3285310              

OP_WAIT_0                                      7394318                       22155640              

OP_WAIT_1                                      1584931                        4818176              

OP_WAIT_2                                       352119                        1061144              

OP_WAIT_3                                       184133                         553740              

OP_WAIT_4                                       142478                         426127              

OP_WAIT_5                                       119599                         355170              

OP_WAIT_6                                        67365                         199693              

OP_WAIT_7                                        45027                         136036              

OP_WAIT_8                                        36364                         107965              

OP_WAIT_9                                        34505                         103140              

OP_WAIT_10                                       28263                          83428              

OP_WAIT_11                                       35673                         106177              

OP_WAIT_12                                       35040                         105959              

OP_WAIT_13                                       31225                          93258              

OP_WAIT_14                                       28351                          84693              

OP_WAIT_15                                       22855                          68440              

OP_WAIT_16                                       18495                          56318              

OP_WAIT_17                                       15553                          47529              

OP_WAIT_18                                       19143                          55123              

OP_WAIT_19                                       10872                          31311              

OP_WAIT_20                                        6270                          18061              

OP_WAIT_21                                       12155                          35834              

OP_WAIT_22                                       12961                          38367              

OP_WAIT_23                                       14308                          41914              

OP_WAIT_24                                       11200                          32679              

OP_WAIT_25                                        7099                          21079              

OP_WAIT_26                                        9714                          29446              

OP_WAIT_27                                        8670                          27774              

OP_WAIT_28                                        5132                          15554              

OP_WAIT_29                                        5780                          17079              

OP_WAIT_30                                        7756                          23983              

OP_WAIT_31                                      971412                        2881528              

ROW_SIZE_0                                     5238094                       15427524              

ROW_SIZE_1                                      457201                        1367709              

ROW_SIZE_2                                       94781                         287469              

ROW_SIZE_3                                       39458                         122577              

ROW_SIZE_4                                       38102                         116478              

ROW_SIZE_5                                       48293                         145784              

ROW_SIZE_6                                       38564                         119212              

ROW_SIZE_7                                       24316                          74461              

ROW_SIZE_8                                     1214770                        3636332              

ROW_SIZE_9                                           0                              0              

ROW_SIZE_10                                          0                              0              

ROW_SIZE_11                                          0                              0              

ROW_SIZE_12                                          0                              0              

ROW_SIZE_13                                          0                              0              

ROW_SIZE_14                                          0                              0              

ROW_SIZE_15                                          0                              0              

ROW_SIZE_16                                          0                              0              

ROW_SIZE_17                                          0                              0              

ROW_SIZE_18                                          0                              0              

ROW_SIZE_19                                          0                              0              

ROW_SIZE_20                                          0                              0              

ROW_SIZE_21                                          0                              0              

ROW_SIZE_22                                          0                              0              

ROW_SIZE_23                                          0                              0              

ROW_SIZE_24                                          0                              0              

ROW_SIZE_25                                          0                              0              

ROW_SIZE_26                                          0                              0              

ROW_SIZE_27                                          0                              0              

ROW_SIZE_28                                          0                              0              

ROW_SIZE_29                                          0                              0              

ROW_SIZE_30                                          0                              0              

ROW_SIZE_31                                          0                              0              

RET_OP_EXEC_COUNT_0                                  0        0.000%                0        0.000%
RET_OP_EXEC_COUNT_1                           11278766      100.000%         33832365      100.000%
RET_OP_EXEC_COUNT_2                                  0        0.000%                0        0.000%
RET_OP_EXEC_COUNT_3                                  0        0.000%                0        0.000%
RET_OP_EXEC_COUNT_4                                  0        0.000%                0        0.000%
RET_OP_EXEC_COUNT_5                                  0        0.000%                0        0.000%
RET_OP_EXEC_COUNT_6                                  0        0.000%                0        0.000%
RET_OP_EXEC_COUNT_7                                  0        0.000%                0        0.000%
RET_OP_EXEC_COUNT_8                                  0        0.000%                0        0.000%
RET_OP_EXEC_COUNT_9                                  0        0.000%                0        0.000%
RET_OP_EXEC_COUNT_10                                 0        0.000%                0        0.000%
RET_OP_EXEC_COUNT_11                                 0        0.000%                0        0.000%
RET_OP_EXEC_COUNT_12                                 0        0.000%                0        0.000%
RET_OP_EXEC_COUNT_13                                 0        0.000%                0        0.000%
RET_OP_EXEC_COUNT_14                                 0        0.000%                0        0.000%
RET_OP_EXEC_COUNT_15                                 0        0.000%                0        0.000%
RET_OP_EXEC_COUNT_16                                 0        0.000%                0        0.000%
RET_OP_EXEC_COUNT_17                                 0        0.000%                0        0.000%
RET_OP_EXEC_COUNT_18                                 0        0.000%                0        0.000%
RET_OP_EXEC_COUNT_19                                 0        0.000%                0        0.000%
RET_OP_EXEC_COUNT_20                                 0        0.000%                0        0.000%
RET_OP_EXEC_COUNT_21                                 0        0.000%                0        0.000%
RET_OP_EXEC_COUNT_22                                 0        0.000%                0        0.000%
RET_OP_EXEC_COUNT_23                                 0        0.000%                0        0.000%
RET_OP_EXEC_COUNT_24                                 0        0.000%                0        0.000%
RET_OP_EXEC_COUNT_25                                 0        0.000%                0        0.000%
RET_OP_EXEC_COUNT_26                                 0        0.000%                0        0.000%
RET_OP_EXEC_COUNT_27                                 0        0.000%                0        0.000%
RET_OP_EXEC_COUNT_28                                 0        0.000%                0        0.000%
RET_OP_EXEC_COUNT_29                                 0        0.000%                0        0.000%
RET_OP_EXEC_COUNT_30                                 0        0.000%                0        0.000%
RET_OP_EXEC_COUNT_31                                 0        0.000%                0        0.000%
RET_OP_EXEC_COUNT_32                                 0        0.000%                0        0.000%
                                              11278766      100.000%         33832365      100.000%
                                                  1.00         0.00              1.00         0.00

RET_STALL_LENGTH_0                            11265059       99.878%         33791307       99.879%
RET_STALL_LENGTH_100                             10038        0.089%            30503        0.090%
RET_STALL_LENGTH_200                              2549        0.023%             7864        0.023%
RET_STALL_LENGTH_300                               210        0.002%              481        0.001%
RET_STALL_LENGTH_400                               263        0.002%              587        0.002%
RET_STALL_LENGTH_500                               269        0.002%              610        0.002%
RET_STALL_LENGTH_600                                93        0.001%              180        0.001%
RET_STALL_LENGTH_700                                31        0.000%               60        0.000%
RET_STALL_LENGTH_800                                11        0.000%               37        0.000%
RET_STALL_LENGTH_900                                23        0.000%               76        0.000%
RET_STALL_LENGTH_1000                               49        0.000%              132        0.000%
RET_STALL_LENGTH_1100                               41        0.000%              131        0.000%
RET_STALL_LENGTH_1200                               82        0.001%              275        0.001%
RET_STALL_LENGTH_1300                               24        0.000%               69        0.000%
RET_STALL_LENGTH_1400                                3        0.000%                9        0.000%
RET_STALL_LENGTH_1500                                6        0.000%                9        0.000%
RET_STALL_LENGTH_1600                                1        0.000%                7        0.000%
RET_STALL_LENGTH_1700                                9        0.000%               14        0.000%
RET_STALL_LENGTH_1800                                3        0.000%                9        0.000%
RET_STALL_LENGTH_1900                                1        0.000%                4        0.000%
RET_STALL_LENGTH_2000                                1        0.000%                1        0.000%
RET_STALL_LENGTH_2100                                0        0.000%                0        0.000%
RET_STALL_LENGTH_2200                                0        0.000%                0        0.000%
RET_STALL_LENGTH_2300                                0        0.000%                0        0.000%
RET_STALL_LENGTH_2400                                0        0.000%                0        0.000%
RET_STALL_LENGTH_2500                                0        0.000%                0        0.000%
RET_STALL_LENGTH_2600                                0        0.000%                0        0.000%
RET_STALL_LENGTH_2700                                0        0.000%                0        0.000%
RET_STALL_LENGTH_2800                                0        0.000%                0        0.000%
RET_STALL_LENGTH_2900                                0        0.000%                0        0.000%
RET_STALL_LENGTH_3000                                0        0.000%                0        0.000%
RET_STALL_LENGTH_3100                                0        0.000%                0        0.000%
RET_STALL_LENGTH_3200                                0        0.000%                0        0.000%
RET_STALL_LENGTH_3300                                0        0.000%                0        0.000%
RET_STALL_LENGTH_3400                                0        0.000%                0        0.000%
RET_STALL_LENGTH_3500                                0        0.000%                0        0.000%
RET_STALL_LENGTH_3600                                0        0.000%                0        0.000%
RET_STALL_LENGTH_3700                                0        0.000%                0        0.000%
RET_STALL_LENGTH_3800                                0        0.000%                0        0.000%
RET_STALL_LENGTH_3900                                0        0.000%                0        0.000%
RET_STALL_LENGTH_4000                                0        0.000%                0        0.000%
RET_STALL_LENGTH_4100                                0        0.000%                0        0.000%
RET_STALL_LENGTH_4200                                0        0.000%                0        0.000%
RET_STALL_LENGTH_4300                                0        0.000%                0        0.000%
RET_STALL_LENGTH_4400                                0        0.000%                0        0.000%
RET_STALL_LENGTH_4500                                0        0.000%                0        0.000%
RET_STALL_LENGTH_4600                                0        0.000%                0        0.000%
RET_STALL_LENGTH_4700                                0        0.000%                0        0.000%
RET_STALL_LENGTH_4800                                0        0.000%                0        0.000%
RET_STALL_LENGTH_4900                                0        0.000%                0        0.000%
RET_STALL_LENGTH_5000                                0        0.000%                0        0.000%
                                              11278766      100.000%         33832365      100.000%
                                                  0.00         0.08              0.00         0.08

MEM_BLOCK_LENGTH_0                                  27       96.429%               95       87.963%
MEM_BLOCK_LENGTH_100                                 0        0.000%                4        3.704%
MEM_BLOCK_LENGTH_200                                 0        0.000%                2        1.852%
MEM_BLOCK_LENGTH_300                                 1        3.571%                2        1.852%
MEM_BLOCK_LENGTH_400                                 0        0.000%                1        0.926%
MEM_BLOCK_LENGTH_500                                 0        0.000%                0        0.000%
MEM_BLOCK_LENGTH_600                                 0        0.000%                0        0.000%
MEM_BLOCK_LENGTH_700                                 0        0.000%                0        0.000%
MEM_BLOCK_LENGTH_800                                 0        0.000%                1        0.926%
MEM_BLOCK_LENGTH_900                                 0        0.000%                2        1.852%
MEM_BLOCK_LENGTH_1000                                0        0.000%                0        0.000%
MEM_BLOCK_LENGTH_1100                                0        0.000%                1        0.926%
MEM_BLOCK_LENGTH_1200                                0        0.000%                0        0.000%
MEM_BLOCK_LENGTH_1300                                0        0.000%                0        0.000%
MEM_BLOCK_LENGTH_1400                                0        0.000%                0        0.000%
MEM_BLOCK_LENGTH_1500                                0        0.000%                0        0.000%
MEM_BLOCK_LENGTH_1600                                0        0.000%                0        0.000%
MEM_BLOCK_LENGTH_1700                                0        0.000%                0        0.000%
MEM_BLOCK_LENGTH_1800                                0        0.000%                0        0.000%
MEM_BLOCK_LENGTH_1900                                0        0.000%                0        0.000%
MEM_BLOCK_LENGTH_2000                                0        0.000%                0        0.000%
MEM_BLOCK_LENGTH_2100                                0        0.000%                0        0.000%
MEM_BLOCK_LENGTH_2200                                0        0.000%                0        0.000%
MEM_BLOCK_LENGTH_2300                                0        0.000%                0        0.000%
MEM_BLOCK_LENGTH_2400                                0        0.000%                0        0.000%
MEM_BLOCK_LENGTH_2500                                0        0.000%                0        0.000%
MEM_BLOCK_LENGTH_2600                                0        0.000%                0        0.000%
MEM_BLOCK_LENGTH_2700                                0        0.000%                0        0.000%
MEM_BLOCK_LENGTH_2800                                0        0.000%                0        0.000%
MEM_BLOCK_LENGTH_2900                                0        0.000%                0        0.000%
MEM_BLOCK_LENGTH_3000                                0        0.000%                0        0.000%
MEM_BLOCK_LENGTH_3100                                0        0.000%                0        0.000%
MEM_BLOCK_LENGTH_3200                                0        0.000%                0        0.000%
MEM_BLOCK_LENGTH_3300                                0        0.000%                0        0.000%
MEM_BLOCK_LENGTH_3400                                0        0.000%                0        0.000%
MEM_BLOCK_LENGTH_3500                                0        0.000%                0        0.000%
MEM_BLOCK_LENGTH_3600                                0        0.000%                0        0.000%
MEM_BLOCK_LENGTH_3700                                0        0.000%                0        0.000%
MEM_BLOCK_LENGTH_3800                                0        0.000%                0        0.000%
MEM_BLOCK_LENGTH_3900                                0        0.000%                0        0.000%
MEM_BLOCK_LENGTH_4000                                0        0.000%                0        0.000%
MEM_BLOCK_LENGTH_4100                                0        0.000%                0        0.000%
MEM_BLOCK_LENGTH_4200                                0        0.000%                0        0.000%
MEM_BLOCK_LENGTH_4300                                0        0.000%                0        0.000%
MEM_BLOCK_LENGTH_4400                                0        0.000%                0        0.000%
MEM_BLOCK_LENGTH_4500                                0        0.000%                0        0.000%
MEM_BLOCK_LENGTH_4600                                0        0.000%                0        0.000%
MEM_BLOCK_LENGTH_4700                                0        0.000%                0        0.000%
MEM_BLOCK_LENGTH_4800                                0        0.000%                0        0.000%
MEM_BLOCK_LENGTH_4900                                0        0.000%                0        0.000%
MEM_BLOCK_LENGTH_5000                                0        0.000%                0        0.000%
                                                    28      100.000%              108      100.000%
                                                  0.11         0.56              0.51         1.78

FUS_BUSY_ON_PATH                              11353195        1.5698         34074398        1.5893

FUS_BUSY_OFF_PATH                               366719        0.0507          1101441        0.0514

FU_BUSY_MEM_STALL                                74509        0.0103           242194        0.0113

FUS_EMPTY                                     60601796        8.3795        179228441        8.3594

FU_UNAVAILABLE                                    2733        0.0004             9720        0.0005

FU_MEM_UNAVAILABLE                               41473        0.0057           141114        0.0066

FU_OTHER_UNAVAILABLE                                 0        0.0000                0        0.0000

FU_REPLAY                                            0        0.0000                0        0.0000

FU_STARVED                                    60572595        8.3754        179125372        8.3546

CHIP_UTILIZATION                                     0        0.0000                0        0.0000

CYCLES_UNDER_MEM_REQ                                 0                              0              

CYCLES_UNDER_NO_MEM_REQ                              0                              0              

CYCLES_UNDER_CRITICAL_MEM_REQ                        0                              0              

CYCLES_UNDER_NONCRITICAL_MEM_REQ                     0                              0              

CHIP_UTILIZATION_UNDER_MEM_REQ                       0          -nan                0          -nan

CHIP_UTILIZATION_UNDER_NO_MEM_REQ                    0          -nan                0          -nan

CHIP_UTILIZATION_UNDER_CRITICAL_MEM_REQ              0          -nan                0          -nan

CHIP_UTILIZATION_UNDER_NONCRITICAL_MEM_REQ             0          -nan                0          -nan

CYCLES_NOT_WAITING_FOR_OFF_CHIP                      0        0.0000                0        0.0000

FUS_BUSY_NOT_WAITING_FOR_OFF_CHIP                    0          -nan                0          -nan

CYCLES_WAITING_FOR_OFF_CHIP                          0        0.0000                0        0.0000

FUS_BUSY_WAITING_FOR_OFF_CHIP                        0          -nan                0          -nan

TOTAL_OFF_CHIP_DELAYS_LEFT                           0                              0              

WRONG_IO_SCHED                                       0                              0              

DVFS_CONFIG_SWITCH                                   0                              0              

MAP_STAGE_RECEIVED_OPS_0                             0        0.000%                0        0.000%
MAP_STAGE_RECEIVED_OPS_1                         16576        0.858%            52190        0.900%
MAP_STAGE_RECEIVED_OPS_2                         22456        1.163%            68825        1.187%
MAP_STAGE_RECEIVED_OPS_3                         23479        1.216%            72311        1.247%
MAP_STAGE_RECEIVED_OPS_4                         30592        1.584%            94489        1.630%
MAP_STAGE_RECEIVED_OPS_5                         31550        1.634%            97664        1.685%
MAP_STAGE_RECEIVED_OPS_6                       1806490       93.545%          5411495       93.350%
MAP_STAGE_RECEIVED_OPS_7                             0        0.000%                0        0.000%
MAP_STAGE_RECEIVED_OPS_8                             0        0.000%                0        0.000%
MAP_STAGE_RECEIVED_OPS_MAX                           0        0.000%                0        0.000%
                                               1931143      100.000%          5796974      100.000%
                                                  5.83         0.75              5.82         0.76

MAP_STAGE_WAIT_FOR_DECODE                            0         -nan%                0         -nan%
MAP_STAGE_CONSUME_DECODE                             0         -nan%                0         -nan%
                                                     0         -nan%                0         -nan%
                                                  -nan         -nan              -nan         -nan

MAP_STAGE_WAIT_FOR_DECODE2                           0         -nan%                0         -nan%
MAP_STAGE_CONSUME_DECODE2                            0         -nan%                0         -nan%
                                                     0         -nan%                0         -nan%
                                                  -nan         -nan              -nan         -nan

FTQ_RECOVER_EXEC                                 11742                          40279              

FTQ_RECOVER_DECODE                                   1                            299              

FTQ_OFFPATH_CYCLES                             3713435                       11121189              

FTQ_CYCLES_OFFPATH                             3713434                       11121189              

FTQ_CYCLES_ONPATH                              3518737                       10319239              

FTQ_FETCHED_INS_ONPATH                        11278544                       33832365              

FTQ_FETCHED_INS_OFFPATH                       17588183                       53085515              

FTQ_BREAK_FULL_FT_ONPATH                       2846319                        8284921              

FTQ_BREAK_FULL_FT_OFFPATH                      2405520                        7129530              

FTQ_BREAK_PRED_BR_ONPATH                             0                              0              

FTQ_BREAK_PRED_BR_OFFPATH                            0                              0              

FTQ_BREAK_BAR_FETCH_ONPATH                           0                              0              

FTQ_BREAK_BAR_FETCH_OFFPATH                          0                              0              

FTQ_BREAK_MAX_CFS_TAKEN_ONPATH                       0                              0              

FTQ_BREAK_MAX_CFS_TAKEN_OFFPATH                      0                              0              

FTQ_BREAK_MAX_FT_ONPATH                         672032                        2033931              

FTQ_BREAK_MAX_FT_OFFPATH                       1307913                        3991659              

DFE_GEN_ON_PATH_FT                             1549903                        4650936              

DFE_GEN_OFF_PATH_FT                            1327215                        4045417              

DFE_L0_ENABLED_PREDICTIONS                    11278559                       33832365              

DFE_L0_WRONG_MAIN_CORRECT                       668740                        1982508              

DFE_L0_WRONG_MAIN_WRONG                          10447                          34914              

DFE_L0_CORRECT_MAIN_WRONG                         1296                           5664              

DFE_L0_CORRECT_MAIN_CORRECT                   10598076                       31809279              

DFE_L0_WRONG_MAIN_CORRECT_RECOVERY_SCHEDULED             0                              0              

FTQ_SAW_BAR_FETCH_OFFPATH                            0                              0              

FTQ_SAW_BAR_FETCH_ONPATH                             0                              0              

DFE_CONF_0_RECOVER_AT_EXEC                           0         -nan%                0         -nan%
DFE_CONF_1_RECOVER_AT_EXEC                           0         -nan%                0         -nan%
DFE_CONF_2_RECOVER_AT_EXEC                           0         -nan%                0         -nan%
DFE_CONF_3_RECOVER_AT_EXEC                           0         -nan%                0         -nan%
DFE_CONF_0_CORRECT                                   0         -nan%                0         -nan%
DFE_CONF_1_CORRECT                                   0         -nan%                0         -nan%
DFE_CONF_2_CORRECT                                   0         -nan%                0         -nan%
DFE_CONF_3_CORRECT                                   0         -nan%                0         -nan%
                                                     0         -nan%                0         -nan%
                                                  -nan         -nan              -nan         -nan

DFE_ON_CONF_ON_OPS                                   0         -nan%                0         -nan%
DFE_ON_CONF_OFF_OPS                                  0         -nan%                0         -nan%
DFE_OFF_CONF_ON_OPS                                  0         -nan%                0         -nan%
DFE_OFF_CONF_OFF_REALISTIC_OPS                       0         -nan%                0         -nan%
DFE_OFF_CONF_OFF_PERFECT_OPS                         0         -nan%                0         -nan%
                                                     0         -nan%                0         -nan%
                                                  -nan         -nan              -nan         -nan

DFE_ON_CONF_ON_FETCH_TARGETS                         0         -nan%                0         -nan%
DFE_ON_CONF_OFF_FETCH_TARGETS                        0         -nan%                0         -nan%
DFE_OFF_CONF_ON_FETCH_TARGETS                        0         -nan%                0         -nan%
DFE_OFF_CONF_OFF_REALISTIC_FETCH_TARGETS             0         -nan%                0         -nan%
DFE_OFF_CONF_OFF_PERFECT_FETCH_TARGETS               0         -nan%                0         -nan%
                                                     0         -nan%                0         -nan%
                                                  -nan         -nan              -nan         -nan

DFE_ON_CONF_ON_CYCLES                                0         -nan%                0         -nan%
DFE_ON_CONF_OFF_CYCLES                               0         -nan%                0         -nan%
DFE_OFF_CONF_ON_CYCLES                               0         -nan%                0         -nan%
DFE_OFF_CONF_OFF_REALISTIC_CYCLES                    0         -nan%                0         -nan%
DFE_OFF_CONF_OFF_PERFECT_CYCLES                      0         -nan%                0         -nan%
                                                     0         -nan%                0         -nan%
                                                  -nan         -nan              -nan         -nan

DFE_OFF_CONF_ON_NUM_EVENTS                           0                              0              

DFE_OFF_CONF_ON_NOT_IDENTIFIED_EVENTS                0         -nan%                0         -nan%
DFE_OFF_CONF_ON_IBTB_MISS_EVENTS                     0         -nan%                0         -nan%
DFE_OFF_CONF_ON_BTB_MISS_EVENTS                      0         -nan%                0         -nan%
DFE_OFF_CONF_ON_BTB_MISS_RECOVER_AT_EXEC_EVENTS             0         -nan%                0         -nan%
DFE_OFF_CONF_ON_RECOVER_AT_EXEC_EVENTS               0         -nan%                0         -nan%
DFE_OFF_CONF_ON_RECOVER_AT_DECODE_EVENTS             0         -nan%                0         -nan%
                                                     0         -nan%                0         -nan%
                                                  -nan         -nan              -nan         -nan

DFE_OFF_CONF_ON_LATE_BTB_HIT_EVENTS                  0                              0              

DFE_OFF_CONF_ON_NOT_IDENTIFIED_CYCLES                0         -nan%                0         -nan%
DFE_OFF_CONF_ON_IBTB_MISS_CYCLES                     0         -nan%                0         -nan%
DFE_OFF_CONF_ON_BTB_MISS_CYCLES                      0         -nan%                0         -nan%
DFE_OFF_CONF_ON_BTB_MISS_RECOVER_AT_EXEC_CYCLES             0         -nan%                0         -nan%
DFE_OFF_CONF_ON_RECOVER_AT_EXEC_CYCLES               0         -nan%                0         -nan%
DFE_OFF_CONF_ON_RECOVER_AT_DECODE_CYCLES             0         -nan%                0         -nan%
                                                     0         -nan%                0         -nan%
                                                  -nan         -nan              -nan         -nan

DFE_OFF_CONF_ON_LATE_BTB_HIT_CYCLES                  0                              0              

DFE_OFF_CONF_ON_NOT_IDENTIFIED_FETCH_TARGETS             0         -nan%                0         -nan%
DFE_OFF_CONF_ON_IBTB_MISS_FETCH_TARGETS              0         -nan%                0         -nan%
DFE_OFF_CONF_ON_BTB_MISS_FETCH_TARGETS               0         -nan%                0         -nan%
DFE_OFF_CONF_ON_BTB_MISS_RECOVER_AT_EXEC_FETCH_TARGETS             0         -nan%                0         -nan%
DFE_OFF_CONF_ON_RECOVER_AT_EXEC_FETCH_TARGETS             0         -nan%                0         -nan%
DFE_OFF_CONF_ON_RECOVER_AT_DECODE_FETCH_TARGETS             0         -nan%                0         -nan%
                                                     0         -nan%                0         -nan%
                                                  -nan         -nan              -nan         -nan

DFE_OFF_CONF_ON_LATE_BTB_HIT_FETCH_TARGETS             0                              0              

DFE_OFF_CONF_ON_BP_INCORRECT_0_CONF                  0         -nan%                0         -nan%
DFE_OFF_CONF_ON_BP_INCORRECT_1_CONF                  0         -nan%                0         -nan%
DFE_OFF_CONF_ON_BP_INCORRECT_2_CONF                  0         -nan%                0         -nan%
DFE_OFF_CONF_ON_BP_INCORRECT_3_CONF                  0         -nan%                0         -nan%
                                                     0         -nan%                0         -nan%
                                                  -nan         -nan              -nan         -nan

DFE_OFF_CONF_ON_BTB_MISS_CBR_0_CONF                  0         -nan%                0         -nan%
DFE_OFF_CONF_ON_BTB_MISS_CBR_1_CONF                  0         -nan%                0         -nan%
DFE_OFF_CONF_ON_BTB_MISS_CBR_2_CONF                  0         -nan%                0         -nan%
DFE_OFF_CONF_ON_BTB_MISS_CBR_3_CONF                  0         -nan%                0         -nan%
                                                     0         -nan%                0         -nan%
                                                  -nan         -nan              -nan         -nan

DFE_OFF_CONF_ON_BTB_MISS_NOT_CF                      0         -nan%                0         -nan%
DFE_OFF_CONF_ON_BTB_MISS_CF_BR                       0         -nan%                0         -nan%
DFE_OFF_CONF_ON_BTB_MISS_CF_CBR                      0         -nan%                0         -nan%
DFE_OFF_CONF_ON_BTB_MISS_CF_CALL                     0         -nan%                0         -nan%
DFE_OFF_CONF_ON_BTB_MISS_CF_IBR                      0         -nan%                0         -nan%
DFE_OFF_CONF_ON_BTB_MISS_CF_ICALL                    0         -nan%                0         -nan%
DFE_OFF_CONF_ON_BTB_MISS_CF_ICO                      0         -nan%                0         -nan%
DFE_OFF_CONF_ON_BTB_MISS_CF_RET                      0         -nan%                0         -nan%
DFE_OFF_CONF_ON_BTB_MISS_CF_SYS                      0         -nan%                0         -nan%
                                                     0         -nan%                0         -nan%
                                                  -nan         -nan              -nan         -nan

DFE_ON_CONF_OFF_NUM_EVENTS                           0                              0              

CONF_BTB_NUM_CYCLES_OFF_PATH_EVENT                   0                              0              

DFE_ON_CONF_OFF_IBTB_MISS_BP_TAKEN                   0         -nan%                0         -nan%
DFE_ON_CONF_OFF_BTB_MISS_BP_TAKEN_CONF_0             0         -nan%                0         -nan%
DFE_ON_CONF_OFF_BTB_MISS_BP_TAKEN_CONF_1             0         -nan%                0         -nan%
DFE_ON_CONF_OFF_BTB_MISS_BP_TAKEN_CONF_2             0         -nan%                0         -nan%
DFE_ON_CONF_OFF_BTB_MISS_BP_TAKEN_CONF_3             0         -nan%                0         -nan%
DFE_ON_CONF_OFF_BTB_MISS_RATE                        0         -nan%                0         -nan%
DFE_ON_CONF_OFF_IBTB_MISS_RATE                       0         -nan%                0         -nan%
DFE_ON_CONF_OFF_RECOVER_AT_DECODE_RATE               0         -nan%                0         -nan%
DFE_ON_CONF_OFF_RECOVER_AT_EXEC_RATE                 0         -nan%                0         -nan%
DFE_ON_CONF_OFF_INV_CONF_INC                         0         -nan%                0         -nan%
DFE_ON_CONF_OFF_PERFECT_CONF                         0         -nan%                0         -nan%
                                                     0         -nan%                0         -nan%
                                                  -nan         -nan              -nan         -nan

DFE_ON_CONF_OFF_IBTB_MISS_BP_TAKEN_CYCLES             0         -nan%                0         -nan%
DFE_ON_CONF_OFF_BTB_MISS_BP_TAKEN_CONF_0_CYCLES             0         -nan%                0         -nan%
DFE_ON_CONF_OFF_BTB_MISS_BP_TAKEN_CONF_1_CYCLES             0         -nan%                0         -nan%
DFE_ON_CONF_OFF_BTB_MISS_BP_TAKEN_CONF_2_CYCLES             0         -nan%                0         -nan%
DFE_ON_CONF_OFF_BTB_MISS_BP_TAKEN_CONF_3_CYCLES             0         -nan%                0         -nan%
DFE_ON_CONF_OFF_BTB_MISS_RATE_CYCLES                 0         -nan%                0         -nan%
DFE_ON_CONF_OFF_IBTB_MISS_RATE_CYCLES                0         -nan%                0         -nan%
DFE_ON_CONF_OFF_RECOVER_AT_DECODE_RATE_CYCLES             0         -nan%                0         -nan%
DFE_ON_CONF_OFF_RECOVER_AT_EXEC_RATE_CYCLES             0         -nan%                0         -nan%
DFE_ON_CONF_OFF_INV_CONF_INC_CYCLES                  0         -nan%                0         -nan%
DFE_ON_CONF_OFF_PERFECT_CONF_CYCLES                  0         -nan%                0         -nan%
                                                     0         -nan%                0         -nan%
                                                  -nan         -nan              -nan         -nan

DFE_ON_CONF_OFF_IBTB_MISS_BP_TAKEN_FETCH_TARGETS             0         -nan%                0         -nan%
DFE_ON_CONF_OFF_BTB_MISS_BP_TAKEN_CONF_0_FETCH_TARGETS             0         -nan%                0         -nan%
DFE_ON_CONF_OFF_BTB_MISS_BP_TAKEN_CONF_1_FETCH_TARGETS             0         -nan%                0         -nan%
DFE_ON_CONF_OFF_BTB_MISS_BP_TAKEN_CONF_2_FETCH_TARGETS             0         -nan%                0         -nan%
DFE_ON_CONF_OFF_BTB_MISS_BP_TAKEN_CONF_3_FETCH_TARGETS             0         -nan%                0         -nan%
DFE_ON_CONF_OFF_BTB_MISS_RATE_FETCH_TARGETS             0         -nan%                0         -nan%
DFE_ON_CONF_OFF_IBTB_MISS_RATE_FETCH_TARGETS             0         -nan%                0         -nan%
DFE_ON_CONF_OFF_RECOVER_AT_DECODE_RATE_FETCH_TARGETS             0         -nan%                0         -nan%
DFE_ON_CONF_OFF_RECOVER_AT_EXEC_RATE_FETCH_TARGETS             0         -nan%                0         -nan%
DFE_ON_CONF_OFF_INV_CONF_INC_FETCH_TARGETS             0         -nan%                0         -nan%
DFE_ON_CONF_OFF_PERFECT_CONF_FETCH_TARGETS             0         -nan%                0         -nan%
                                                     0         -nan%                0         -nan%
                                                  -nan         -nan              -nan         -nan

CONF_OFF_IBTB_MISS_BP_TAKEN                          0         -nan%                0         -nan%
CONF_OFF_BTB_MISS_BP_TAKEN_CONF_0                    0         -nan%                0         -nan%
CONF_OFF_BTB_MISS_BP_TAKEN_CONF_1                    0         -nan%                0         -nan%
CONF_OFF_BTB_MISS_BP_TAKEN_CONF_2                    0         -nan%                0         -nan%
CONF_OFF_BTB_MISS_BP_TAKEN_CONF_3                    0         -nan%                0         -nan%
CONF_OFF_BTB_MISS_RATE                               0         -nan%                0         -nan%
CONF_OFF_IBTB_MISS_RATE                              0         -nan%                0         -nan%
CONF_OFF_RECOVER_AT_DECODE_RATE                      0         -nan%                0         -nan%
CONF_OFF_RECOVER_AT_EXEC_RATE                        0         -nan%                0         -nan%
CONF_OFF_INV_CONF_INC                                0         -nan%                0         -nan%
CONF_OFF_PERFECT_CONF                                0         -nan%                0         -nan%
                                                     0         -nan%                0         -nan%
                                                  -nan         -nan              -nan         -nan

TOPDOWN_TOTAL_SLOTS                           43393026                      128642568              

TOPDOWN_ISSUED_SLOTS                          12771074                       38520225              

TOPDOWN_RETIRED_SLOTS                         11278662                       33832365              

TOPDOWN_FETCH_BUBBLES_SLOTS                     808549                        2828461              

TOPDOWN_RECOVERY_BUBBLES_SLOTS                 1041492                        3183562              

TOPDOWN_MEM_LOAD_STALLS_CYCLES                 4342957                       12681305              

TOPDOWN_MEM_STORE_STALLS_CYCLES                      0                            113              

TOPDOWN_EXEC_STALLS_CYCLES                     3762950                       10996448              

TOPDOWN_BACKEND_STALLS_CYCLES                  4342957                       12681831              

TOPDOWN_FETCH_BUBBLES_GT_MIW_CYCLES             103556                         370084              

TOPDOWN_BR_RECOVER_AT_EXEC_RETIRED_CYCLES         11742                          40279              

TOPDOWN_MACHINE_CLEAR_CYCLES                    680484                        2023086              

TOPDOWN_FRONTEND_BOUND                             186                            186              

TOPDOWN_BACKEND_BOUND                             6632                           6632              

TOPDOWN_BAD_SPEC_BOUND                             583                            583              

TOPDOWN_RETIRING_BOUND                            2599                           2599              

TOPDOWN_FETCH_LATENCY_BOUND                        143                            143              

TOPDOWN_FETCH_BANDWIDTH_BOUND                       43                             43              

TOPDOWN_MEM_BOUND                                 6632                           6632              

TOPDOWN_CORE_BOUND                                   0                              0              

TOPDOWN_BR_RECOVER_AT_EXEC_BOUND                     9                              9              

TOPDOWN_MACHINE_CLEARS_BOUND                       574                            574              

H2P_SEEN_MAIN                                     8311                          32534              



